=========================================================
SST PIPELINE
  UTC  : 2026-06-28 06:02:16
  Bbox : 33.7–39.0°N  -78.89–-72.21°E
=========================================================

── MUR daily composite (last 5 days) ──
  MUR 20260627 (coastwatch.noaa.gov) … ✗ RuntimeError
  MUR 20260627 (coastwatch.pfeg.noaa.gov) … ✗ RuntimeError
  MUR 20260627 (upwell.pfeg.noaa.gov) … ✗ RuntimeError
  ✗ MUR 20260627 — all mirrors failed. Last: upwell.pfeg.noaa.gov: RuntimeError: 404 — no data for this date
  ✓ MUR 20260626 (cached)
  ✓ MUR 20260625 (cached)
  ✓ MUR 20260624 (cached)
  ✓ MUR 20260623 (cached)

── GOES-19 geo-polar blended daily composite ──
  Candidates: 4 (2 hosts × 2 dataset IDs)
  GOES 20260628 [noaa/noaacwBLENDEDsstDLDaily] … ✗ RuntimeError: 404 — no data for this date
  GOES 20260628 [noaa/noaacwBLENDEDsstDaily] … ✗ RuntimeError: 404 — no data for this date
  GOES 20260628 [pfeg/noaacwBLENDEDsstDLDaily] … ✗ RuntimeError: 404 — no data for this date
  GOES 20260628 [pfeg/noaacwBLENDEDsstDaily] … ✗ RuntimeError: 404 — no data for this date
  GOES 20260627 [noaa/noaacwBLENDEDsstDLDaily] … ✗ RuntimeError: 404 — no data for this date
  GOES 20260627 [noaa/noaacwBLENDEDsstDaily] … ✗ RuntimeError: 404 — no data for this date
  GOES 20260627 [pfeg/noaacwBLENDEDsstDLDaily] … ✗ RuntimeError: 404 — no data for this date
  GOES 20260627 [pfeg/noaacwBLENDEDsstDaily] … ✗ RuntimeError: 404 — no data for this date
  ✓ GOES composite 20260626 (cached)

── VIIRS multi-pass (last 48h — NPP/N20/N21) ──
  ✓ VIIRS NRT base: https://www.star.nesdis.noaa.gov/pub/socd2/coastwatch/sst/nrt/viirs
  Hourly windows : 48
  Window range   : 2026-06-26 06:50Z → 2026-06-28 06:10Z
  Half-width     : ±10 min per bucket
  npp 20260626_0650 … ✗ swath overlaps bbox but all pixels cloud/land masked
  npp 20260626_0700 … ✗ swath overlaps bbox but all pixels cloud/land masked
  npp 20260626_0710 … ✗ swath overlaps bbox but all pixels cloud/land masked
  npp 20260626_0750 … ✗ swath overlaps bbox but all pixels cloud/land masked
  npp 20260626_0800 … ✗ swath overlaps bbox but all pixels cloud/land masked
  npp 20260626_0810 … ✗ swath overlaps bbox but all pixels cloud/land masked
  npp 20260626_0850 … ✗ swath overlaps bbox but all pixels cloud/land masked
  npp 20260626_0900 … ✗ swath overlaps bbox but all pixels cloud/land masked
  npp 20260626_0910 … ✗ swath overlaps bbox but all pixels cloud/land masked
  npp 20260626_0950 … ✗ swath overlaps bbox but all pixels cloud/land masked
  npp 20260626_1000 … ✗ swath overlaps bbox but all pixels cloud/land masked
  npp 20260626_1010 … ✗ swath overlaps bbox but all pixels cloud/land masked
  npp 20260626_1050 … ✗ swath overlaps bbox but all pixels cloud/land masked
  npp 20260626_1100 … ✗ swath overlaps bbox but all pixels cloud/land masked
  npp 20260626_1110 … ✗ swath overlaps bbox but all pixels cloud/land masked
  npp 20260626_1150 … ✗ swath overlaps bbox but all pixels cloud/land masked
  npp 20260626_1200 … ✗ swath overlaps bbox but all pixels cloud/land masked
  npp 20260626_1210 … ✗ swath overlaps bbox but all pixels cloud/land masked
  npp 20260626_1250 … ✗ swath overlaps bbox but all pixels cloud/land masked
  npp 20260626_1300 … ✗ swath overlaps bbox but all pixels cloud/land masked
  npp 20260626_1310 … ✗ swath overlaps bbox but all pixels cloud/land masked
  npp 20260626_1350 … ✗ swath overlaps bbox but all pixels cloud/land masked
  npp 20260626_1400 … ✗ swath overlaps bbox but all pixels cloud/land masked
  npp 20260626_1410 … ✗ swath overlaps bbox but all pixels cloud/land masked
  npp 20260626_1450 … ✗ swath overlaps bbox but all pixels cloud/land masked
  npp 20260626_1500 … ✗ swath overlaps bbox but all pixels cloud/land masked
  npp 20260626_1510 … ✗ swath overlaps bbox but all pixels cloud/land masked
  npp 20260626_1550 … ✗ swath overlaps bbox but all pixels cloud/land masked
  npp 20260626_1600 … ✗ swath overlaps bbox but all pixels cloud/land masked
  npp 20260626_1610 … ✗ swath overlaps bbox but all pixels cloud/land masked
  npp 20260626_1650 … ✗ swath overlaps bbox but all pixels cloud/land masked
  npp 20260626_1700 … ✗ swath overlaps bbox but all pixels cloud/land masked
  npp 20260626_1710 … ✗ swath overlaps bbox but all pixels cloud/land masked
  npp 20260626_1750 … ✗ swath overlaps bbox but all pixels cloud/land masked
  npp 20260626_1800 … ✗ swath overlaps bbox but all pixels cloud/land masked
  npp 20260626_1810 … ✗ swath overlaps bbox but all pixels cloud/land masked
  npp 20260626_1850 … ✗ swath overlaps bbox but all pixels cloud/land masked
  npp 20260626_1900 ✓ (cached)
  npp 20260626_1910 … ✗ swath overlaps bbox but all pixels cloud/land masked
  npp 20260626_1950 … ✗ swath overlaps bbox but all pixels cloud/land masked
  npp 20260626_2000 … ✗ swath overlaps bbox but all pixels cloud/land masked
  npp 20260626_2010 … ✗ swath overlaps bbox but all pixels cloud/land masked
  npp 20260626_2050 … ✗ swath overlaps bbox but all pixels cloud/land masked
  npp 20260626_2100 … ✗ swath overlaps bbox but all pixels cloud/land masked
  npp 20260626_2110 … ✗ swath overlaps bbox but all pixels cloud/land masked
  npp 20260626_2150 … ✗ swath overlaps bbox but all pixels cloud/land masked
  npp 20260626_2200 … ✗ swath overlaps bbox but all pixels cloud/land masked
  npp 20260626_2210 … ✗ swath overlaps bbox but all pixels cloud/land masked
  npp 20260626_2250 … ✗ swath overlaps bbox but all pixels cloud/land masked
  npp 20260626_2300 … ✗ swath overlaps bbox but all pixels cloud/land masked
  npp 20260626_2310 … ✗ swath overlaps bbox but all pixels cloud/land masked
  npp 20260626_2350 … ✗ swath overlaps bbox but all pixels cloud/land masked
  npp 20260627_0000 … ✗ swath overlaps bbox but all pixels cloud/land masked
  npp 20260627_0010 … ✗ swath overlaps bbox but all pixels cloud/land masked
  npp 20260627_0050 … ✗ swath overlaps bbox but all pixels cloud/land masked
  npp 20260627_0100 … ✗ swath overlaps bbox but all pixels cloud/land masked
  npp 20260627_0110 … ✗ swath overlaps bbox but all pixels cloud/land masked
  npp 20260627_0150 … ✗ swath overlaps bbox but all pixels cloud/land masked
  npp 20260627_0200 … ✗ swath overlaps bbox but all pixels cloud/land masked
  npp 20260627_0210 … ✗ swath overlaps bbox but all pixels cloud/land masked
  npp 20260627_0250 … ✗ swath overlaps bbox but all pixels cloud/land masked
  npp 20260627_0300 … ✗ swath overlaps bbox but all pixels cloud/land masked
  npp 20260627_0310 … ✗ swath overlaps bbox but all pixels cloud/land masked
  npp 20260627_0350 … ✗ swath overlaps bbox but all pixels cloud/land masked
  npp 20260627_0400 … ✗ swath overlaps bbox but all pixels cloud/land masked
  npp 20260627_0410 … ✗ swath overlaps bbox but all pixels cloud/land masked
  npp 20260627_0450 … ✗ swath overlaps bbox but all pixels cloud/land masked
  npp 20260627_0500 … ✗ swath overlaps bbox but all pixels cloud/land masked
  npp 20260627_0510 … ✗ swath overlaps bbox but all pixels cloud/land masked
  npp 20260627_0550 … ✗ swath overlaps bbox but all pixels cloud/land masked
  npp 20260627_0600 … ✗ swath overlaps bbox but all pixels cloud/land masked
  npp 20260627_0610 … ✗ swath overlaps bbox but all pixels cloud/land masked
  npp 20260627_0650 … ✗ swath overlaps bbox but all pixels cloud/land masked
  npp 20260627_0700 … ✗ swath overlaps bbox but all pixels cloud/land masked
  npp 20260627_0710 … ✗ swath overlaps bbox but all pixels cloud/land masked
  npp 20260627_0750 … ✗ swath overlaps bbox but all pixels cloud/land masked
  npp 20260627_0800 … ✗ swath overlaps bbox but all pixels cloud/land masked
  npp 20260627_0810 … ✗ swath overlaps bbox but all pixels cloud/land masked
  npp 20260627_0850 … ✗ swath overlaps bbox but all pixels cloud/land masked
  npp 20260627_0900 … ✗ swath overlaps bbox but all pixels cloud/land masked
  npp 20260627_0910 … ✗ swath overlaps bbox but all pixels cloud/land masked
  npp 20260627_0950 … ✗ swath overlaps bbox but all pixels cloud/land masked
  npp 20260627_1000 … ✗ swath overlaps bbox but all pixels cloud/land masked
  npp 20260627_1010 … ✗ swath overlaps bbox but all pixels cloud/land masked
  npp 20260627_1050 … ✗ swath overlaps bbox but all pixels cloud/land masked
  npp 20260627_1100 … ✗ swath overlaps bbox but all pixels cloud/land masked
  npp 20260627_1110 … ✗ swath overlaps bbox but all pixels cloud/land masked
  npp 20260627_1150 … ✗ swath overlaps bbox but all pixels cloud/land masked
  npp 20260627_1200 … ✗ swath overlaps bbox but all pixels cloud/land masked
  npp 20260627_1210 … ✗ swath overlaps bbox but all pixels cloud/land masked
  npp 20260627_1250 … ✗ swath overlaps bbox but all pixels cloud/land masked
  npp 20260627_1300 … ✗ swath overlaps bbox but all pixels cloud/land masked
  npp 20260627_1310 … ✗ swath overlaps bbox but all pixels cloud/land masked
  npp 20260627_1350 … ✗ swath overlaps bbox but all pixels cloud/land masked
  npp 20260627_1400 … ✗ swath overlaps bbox but all pixels cloud/land masked
  npp 20260627_1410 … ✗ swath overlaps bbox but all pixels cloud/land masked
  npp 20260627_1450 … ✗ swath overlaps bbox but all pixels cloud/land masked
  npp 20260627_1500 … ✗ swath overlaps bbox but all pixels cloud/land masked
  npp 20260627_1510 … ✗ swath overlaps bbox but all pixels cloud/land masked
  npp 20260627_1550 … ✗ swath overlaps bbox but all pixels cloud/land masked
  npp 20260627_1600 … ✗ swath overlaps bbox but all pixels cloud/land masked
  npp 20260627_1610 … ✗ swath overlaps bbox but all pixels cloud/land masked
  npp 20260627_1650 … ✗ swath overlaps bbox but all pixels cloud/land masked
  npp 20260627_1700 ✓ (cached)
  npp 20260627_1710 … ✗ swath overlaps bbox but all pixels cloud/land masked
  npp 20260627_1750 … ✗ swath overlaps bbox but all pixels cloud/land masked
  npp 20260627_1800 … ✗ swath overlaps bbox but all pixels cloud/land masked
  npp 20260627_1810 … ✗ swath overlaps bbox but all pixels cloud/land masked
  npp 20260627_1850 … ✗ swath overlaps bbox but all pixels cloud/land masked
  npp 20260627_1900 … ✗ swath overlaps bbox but all pixels cloud/land masked
  npp 20260627_1910 … ✗ swath overlaps bbox but all pixels cloud/land masked
  npp 20260627_1950 … ✗ swath overlaps bbox but all pixels cloud/land masked
  npp 20260627_2000 … ✗ swath overlaps bbox but all pixels cloud/land masked
  npp 20260627_2010 … ✗ swath overlaps bbox but all pixels cloud/land masked
  npp 20260627_2050 … ✗ swath overlaps bbox but all pixels cloud/land masked
  npp 20260627_2100 … ✗ swath overlaps bbox but all pixels cloud/land masked
  npp 20260627_2110 … ✗ swath overlaps bbox but all pixels cloud/land masked
  npp 20260627_2150 … ✗ swath overlaps bbox but all pixels cloud/land masked
  npp 20260627_2200 … ✗ swath overlaps bbox but all pixels cloud/land masked
  npp 20260627_2210 … ✗ swath overlaps bbox but all pixels cloud/land masked
  npp 20260627_2250 … ✗ swath overlaps bbox but all pixels cloud/land masked
  npp 20260627_2300 … ✗ swath overlaps bbox but all pixels cloud/land masked
  npp 20260627_2310 … ✗ swath overlaps bbox but all pixels cloud/land masked
  npp 20260627_2350 … ✗ swath overlaps bbox but all pixels cloud/land masked
  npp 20260628_0000 … ✗ swath overlaps bbox but all pixels cloud/land masked
  npp 20260628_0010 … ✗ swath overlaps bbox but all pixels cloud/land masked
  npp 20260628_0050 … ✗ swath overlaps bbox but all pixels cloud/land masked
  npp 20260628_0100 … ✗ swath overlaps bbox but all pixels cloud/land masked
  npp 20260628_0110 … ✗ swath overlaps bbox but all pixels cloud/land masked
  npp 20260628_0150 … ✗ swath overlaps bbox but all pixels cloud/land masked
  npp 20260628_0200 … ✗ swath overlaps bbox but all pixels cloud/land masked
  npp 20260628_0210 … ✗ swath overlaps bbox but all pixels cloud/land masked
  npp 20260628_0250 … ✗ swath overlaps bbox but all pixels cloud/land masked
  npp 20260628_0300 … ✗ swath overlaps bbox but all pixels cloud/land masked
  npp 20260628_0310 … ✗ swath overlaps bbox but all pixels cloud/land masked
  npp 20260628_0350 … ✗ swath overlaps bbox but all pixels cloud/land masked
  npp 20260628_0400 … ✗ swath overlaps bbox but all pixels cloud/land masked
  npp 20260628_0410 … ✗ swath overlaps bbox but all pixels cloud/land masked
  npp 20260628_0450 … ✗ swath overlaps bbox but all pixels cloud/land masked
  n20 20260626_0650 … ✗ swath overlaps bbox but all pixels cloud/land masked
  n20 20260626_0700 … ✗ swath overlaps bbox but all pixels cloud/land masked
  n20 20260626_0710 … ✗ swath overlaps bbox but all pixels cloud/land masked
  n20 20260626_0750 ✓ (cached)
  n20 20260626_0800 ✓ (cached)
  n20 20260626_0810 … ✗ swath overlaps bbox but all pixels cloud/land masked
  n20 20260626_0850 … ✗ swath overlaps bbox but all pixels cloud/land masked
  n20 20260626_0900 … ✗ swath overlaps bbox but all pixels cloud/land masked
  n20 20260626_0910 … ✗ swath overlaps bbox but all pixels cloud/land masked
  n20 20260626_0950 … ✗ swath overlaps bbox but all pixels cloud/land masked
  n20 20260626_1000 … ✗ swath overlaps bbox but all pixels cloud/land masked
  n20 20260626_1010 … ✗ swath overlaps bbox but all pixels cloud/land masked
  n20 20260626_1050 … ✗ swath overlaps bbox but all pixels cloud/land masked
  n20 20260626_1100 … ✗ swath overlaps bbox but all pixels cloud/land masked
  n20 20260626_1110 … ✗ swath overlaps bbox but all pixels cloud/land masked
  n20 20260626_1150 … ✗ swath overlaps bbox but all pixels cloud/land masked
  n20 20260626_1200 … ✗ swath overlaps bbox but all pixels cloud/land masked
  n20 20260626_1210 … ✗ swath overlaps bbox but all pixels cloud/land masked
  n20 20260626_1250 … ✗ swath overlaps bbox but all pixels cloud/land masked
  n20 20260626_1300 … ✗ swath overlaps bbox but all pixels cloud/land masked
  n20 20260626_1310 … ✗ swath overlaps bbox but all pixels cloud/land masked
  n20 20260626_1350 … ✗ swath overlaps bbox but all pixels cloud/land masked
  n20 20260626_1400 … ✗ swath overlaps bbox but all pixels cloud/land masked
  n20 20260626_1410 … ✗ swath overlaps bbox but all pixels cloud/land masked
  n20 20260626_1450 … ✗ swath overlaps bbox but all pixels cloud/land masked
  n20 20260626_1500 … ✗ swath overlaps bbox but all pixels cloud/land masked
  n20 20260626_1510 … ✗ swath overlaps bbox but all pixels cloud/land masked
  n20 20260626_1550 … ✗ swath overlaps bbox but all pixels cloud/land masked
  n20 20260626_1600 … ✗ swath overlaps bbox but all pixels cloud/land masked
  n20 20260626_1610 … ✗ swath overlaps bbox but all pixels cloud/land masked
  n20 20260626_1650 … ✗ swath overlaps bbox but all pixels cloud/land masked
  n20 20260626_1700 … ✗ swath overlaps bbox but all pixels cloud/land masked
  n20 20260626_1710 … ✗ swath overlaps bbox but all pixels cloud/land masked
  n20 20260626_1750 … ✗ swath overlaps bbox but all pixels cloud/land masked
  n20 20260626_1800 … ✗ swath overlaps bbox but all pixels cloud/land masked
  n20 20260626_1810 … ✗ swath overlaps bbox but all pixels cloud/land masked
  n20 20260626_1850 … ✗ swath overlaps bbox but all pixels cloud/land masked
  n20 20260626_1900 … ✗ swath overlaps bbox but all pixels cloud/land masked
  n20 20260626_1910 ✓ (cached)
  n20 20260626_1950 … ✗ swath overlaps bbox but all pixels cloud/land masked
  n20 20260626_2000 … ✗ swath overlaps bbox but all pixels cloud/land masked
  n20 20260626_2010 … ✗ swath overlaps bbox but all pixels cloud/land masked
  n20 20260626_2050 … ✗ swath overlaps bbox but all pixels cloud/land masked
  n20 20260626_2100 … ✗ swath overlaps bbox but all pixels cloud/land masked
  n20 20260626_2110 … ✗ swath overlaps bbox but all pixels cloud/land masked
  n20 20260626_2150 … ✗ swath overlaps bbox but all pixels cloud/land masked
  n20 20260626_2200 … ✗ swath overlaps bbox but all pixels cloud/land masked
  n20 20260626_2210 … ✗ swath overlaps bbox but all pixels cloud/land masked
  n20 20260626_2250 … ✗ swath overlaps bbox but all pixels cloud/land masked
  n20 20260626_2300 … ✗ swath overlaps bbox but all pixels cloud/land masked
  n20 20260626_2310 … ✗ swath overlaps bbox but all pixels cloud/land masked
  n20 20260626_2350 … ✗ swath overlaps bbox but all pixels cloud/land masked
  n20 20260627_0000 … ✗ swath overlaps bbox but all pixels cloud/land masked
  n20 20260627_0010 … ✗ swath overlaps bbox but all pixels cloud/land masked
  n20 20260627_0050 … ✗ swath overlaps bbox but all pixels cloud/land masked
  n20 20260627_0100 … ✗ swath overlaps bbox but all pixels cloud/land masked
  n20 20260627_0110 … ✗ swath overlaps bbox but all pixels cloud/land masked
  n20 20260627_0150 … ✗ swath overlaps bbox but all pixels cloud/land masked
  n20 20260627_0200 … ✗ swath overlaps bbox but all pixels cloud/land masked
  n20 20260627_0210 … ✗ swath overlaps bbox but all pixels cloud/land masked
  n20 20260627_0250 … ✗ swath overlaps bbox but all pixels cloud/land masked
  n20 20260627_0300 … ✗ swath overlaps bbox but all pixels cloud/land masked
  n20 20260627_0310 … ✗ swath overlaps bbox but all pixels cloud/land masked
  n20 20260627_0350 … ✗ swath overlaps bbox but all pixels cloud/land masked
  n20 20260627_0400 … ✗ swath overlaps bbox but all pixels cloud/land masked
  n20 20260627_0410 … ✗ swath overlaps bbox but all pixels cloud/land masked
  n20 20260627_0450 … ✗ swath overlaps bbox but all pixels cloud/land masked
  n20 20260627_0500 … ✗ swath overlaps bbox but all pixels cloud/land masked
  n20 20260627_0510 … ✗ swath overlaps bbox but all pixels cloud/land masked
  n20 20260627_0550 ✓ (cached)
  n20 20260627_0600 ✓ (cached)
  n20 20260627_0610 … ✗ swath overlaps bbox but all pixels cloud/land masked
  n20 20260627_0650 … ✗ swath overlaps bbox but all pixels cloud/land masked
  n20 20260627_0700 … ✗ swath overlaps bbox but all pixels cloud/land masked
  n20 20260627_0710 … ✗ swath overlaps bbox but all pixels cloud/land masked
  n20 20260627_0750 … ✗ swath overlaps bbox but all pixels cloud/land masked
  n20 20260627_0800 … ✗ swath overlaps bbox but all pixels cloud/land masked
  n20 20260627_0810 … ✗ swath overlaps bbox but all pixels cloud/land masked
  n20 20260627_0850 … ✗ swath overlaps bbox but all pixels cloud/land masked
  n20 20260627_0900 … ✗ swath overlaps bbox but all pixels cloud/land masked
  n20 20260627_0910 … ✗ swath overlaps bbox but all pixels cloud/land masked
  n20 20260627_0950 … ✗ swath overlaps bbox but all pixels cloud/land masked
  n20 20260627_1000 … ✗ swath overlaps bbox but all pixels cloud/land masked
  n20 20260627_1010 … ✗ swath overlaps bbox but all pixels cloud/land masked
  n20 20260627_1050 … ✗ swath overlaps bbox but all pixels cloud/land masked
  n20 20260627_1100 … ✗ swath overlaps bbox but all pixels cloud/land masked
  n20 20260627_1110 … ✗ swath overlaps bbox but all pixels cloud/land masked
  n20 20260627_1150 … ✗ swath overlaps bbox but all pixels cloud/land masked
  n20 20260627_1200 … ✗ swath overlaps bbox but all pixels cloud/land masked
  n20 20260627_1210 … ✗ swath overlaps bbox but all pixels cloud/land masked
  n20 20260627_1250 … ✗ swath overlaps bbox but all pixels cloud/land masked
  n20 20260627_1300 … ✗ swath overlaps bbox but all pixels cloud/land masked
  n20 20260627_1310 … ✗ swath overlaps bbox but all pixels cloud/land masked
  n20 20260627_1350 … ✗ swath overlaps bbox but all pixels cloud/land masked
  n20 20260627_1400 … ✗ swath overlaps bbox but all pixels cloud/land masked
  n20 20260627_1410 … ✗ swath overlaps bbox but all pixels cloud/land masked
  n20 20260627_1450 … ✗ swath overlaps bbox but all pixels cloud/land masked
  n20 20260627_1500 … ✗ swath overlaps bbox but all pixels cloud/land masked
  n20 20260627_1510 … ✗ swath overlaps bbox but all pixels cloud/land masked
  n20 20260627_1550 … ✗ swath overlaps bbox but all pixels cloud/land masked
  n20 20260627_1600 … ✗ swath overlaps bbox but all pixels cloud/land masked
  n20 20260627_1610 … ✗ swath overlaps bbox but all pixels cloud/land masked
  n20 20260627_1650 … ✗ swath overlaps bbox but all pixels cloud/land masked
  n20 20260627_1700 … ✗ swath overlaps bbox but all pixels cloud/land masked
  n20 20260627_1710 … ✗ swath overlaps bbox but all pixels cloud/land masked
  n20 20260627_1750 … ✗ swath overlaps bbox but all pixels cloud/land masked
  n20 20260627_1800 … ✗ swath overlaps bbox but all pixels cloud/land masked
  n20 20260627_1810 … ✗ swath overlaps bbox but all pixels cloud/land masked
  n20 20260627_1850 … ✗ swath overlaps bbox but all pixels cloud/land masked
  n20 20260627_1900 ✓ (cached)
  n20 20260627_1910 … ✗ swath overlaps bbox but all pixels cloud/land masked
  n20 20260627_1950 … ✗ swath overlaps bbox but all pixels cloud/land masked
  n20 20260627_2000 … ✗ swath overlaps bbox but all pixels cloud/land masked
  n20 20260627_2010 … ✗ swath overlaps bbox but all pixels cloud/land masked
  n20 20260627_2050 … ✗ swath overlaps bbox but all pixels cloud/land masked
  n20 20260627_2100 … ✗ swath overlaps bbox but all pixels cloud/land masked
  n20 20260627_2110 … ✗ swath overlaps bbox but all pixels cloud/land masked
  n20 20260627_2150 … ✗ swath overlaps bbox but all pixels cloud/land masked
  n20 20260627_2200 … ✗ swath overlaps bbox but all pixels cloud/land masked
  n20 20260627_2210 … ✗ swath overlaps bbox but all pixels cloud/land masked
  n20 20260627_2250 … ✗ swath overlaps bbox but all pixels cloud/land masked
  n20 20260627_2300 … ✗ swath overlaps bbox but all pixels cloud/land masked
  n20 20260627_2310 … ✗ swath overlaps bbox but all pixels cloud/land masked
  n20 20260627_2350 … ✗ swath overlaps bbox but all pixels cloud/land masked
  n20 20260628_0000 … ✗ swath overlaps bbox but all pixels cloud/land masked
  n20 20260628_0010 … ✗ swath overlaps bbox but all pixels cloud/land masked
  n20 20260628_0050 … ✗ swath overlaps bbox but all pixels cloud/land masked
  n20 20260628_0100 … ✗ swath overlaps bbox but all pixels cloud/land masked
  n20 20260628_0110 … ✗ swath overlaps bbox but all pixels cloud/land masked
  n20 20260628_0150 … ✗ swath overlaps bbox but all pixels cloud/land masked
  n20 20260628_0200 … ✗ swath overlaps bbox but all pixels cloud/land masked
  n20 20260628_0210 … ✗ swath overlaps bbox but all pixels cloud/land masked
  n20 20260628_0250 … ✗ swath overlaps bbox but all pixels cloud/land masked
  n20 20260628_0300 … ✗ swath overlaps bbox but all pixels cloud/land masked
  n20 20260628_0310 … ✗ swath overlaps bbox but all pixels cloud/land masked
  n20 20260628_0350 … ✗ swath overlaps bbox but all pixels cloud/land masked
  n20 20260628_0400 … ✗ swath overlaps bbox but all pixels cloud/land masked
  n20 20260628_0410 … ✗ swath overlaps bbox but all pixels cloud/land masked
  n20 20260628_0450 … ✗ swath overlaps bbox but all pixels cloud/land masked
  n20 20260628_0500 … ✗ swath overlaps bbox but all pixels cloud/land masked
  n20 20260628_0510 … ✗ swath overlaps bbox but all pixels cloud/land masked
  n21 20260626_0650 … ✗ swath overlaps bbox but all pixels cloud/land masked
  n21 20260626_0700 ✓ (cached)
  n21 20260626_0710 … ✗ swath overlaps bbox but all pixels cloud/land masked
  n21 20260626_0750 … ✗ swath overlaps bbox but all pixels cloud/land masked
  n21 20260626_0800 … ✗ swath overlaps bbox but all pixels cloud/land masked
  n21 20260626_0810 … ✗ swath overlaps bbox but all pixels cloud/land masked
  n21 20260626_0850 … ✗ swath overlaps bbox but all pixels cloud/land masked
  n21 20260626_0900 … ✗ swath overlaps bbox but all pixels cloud/land masked
  n21 20260626_0910 … ✗ swath overlaps bbox but all pixels cloud/land masked
  n21 20260626_0950 … ✗ swath overlaps bbox but all pixels cloud/land masked
  n21 20260626_1000 … ✗ swath overlaps bbox but all pixels cloud/land masked
  n21 20260626_1010 … ✗ swath overlaps bbox but all pixels cloud/land masked
  n21 20260626_1050 … ✗ swath overlaps bbox but all pixels cloud/land masked
  n21 20260626_1100 … ✗ swath overlaps bbox but all pixels cloud/land masked
  n21 20260626_1110 … ✗ swath overlaps bbox but all pixels cloud/land masked
  n21 20260626_1150 … ✗ swath overlaps bbox but all pixels cloud/land masked
  n21 20260626_1200 … ✗ swath overlaps bbox but all pixels cloud/land masked
  n21 20260626_1210 … ✗ swath overlaps bbox but all pixels cloud/land masked
  n21 20260626_1250 … ✗ swath overlaps bbox but all pixels cloud/land masked
  n21 20260626_1300 … ✗ swath overlaps bbox but all pixels cloud/land masked
  n21 20260626_1310 … ✗ swath overlaps bbox but all pixels cloud/land masked
  n21 20260626_1350 … ✗ swath overlaps bbox but all pixels cloud/land masked
  n21 20260626_1400 … ✗ swath overlaps bbox but all pixels cloud/land masked
  n21 20260626_1410 … ✗ swath overlaps bbox but all pixels cloud/land masked
  n21 20260626_1450 … ✗ swath overlaps bbox but all pixels cloud/land masked
  n21 20260626_1500 … ✗ swath overlaps bbox but all pixels cloud/land masked
  n21 20260626_1510 … ✗ swath overlaps bbox but all pixels cloud/land masked
  n21 20260626_1550 … ✗ swath overlaps bbox but all pixels cloud/land masked
  n21 20260626_1600 … ✗ swath overlaps bbox but all pixels cloud/land masked
  n21 20260626_1610 … ✗ swath overlaps bbox but all pixels cloud/land masked
  n21 20260626_1650 … ✗ swath overlaps bbox but all pixels cloud/land masked
  n21 20260626_1700 … ✗ swath overlaps bbox but all pixels cloud/land masked
  n21 20260626_1710 … ✗ swath overlaps bbox but all pixels cloud/land masked
  n21 20260626_1750 … ✗ swath overlaps bbox but all pixels cloud/land masked
  n21 20260626_1800 … ✗ swath overlaps bbox but all pixels cloud/land masked
  n21 20260626_1810 … ✗ swath overlaps bbox but all pixels cloud/land masked
  n21 20260626_1850 … ✗ swath overlaps bbox but all pixels cloud/land masked
  n21 20260626_1900 … ✗ swath overlaps bbox but all pixels cloud/land masked
  n21 20260626_1910 … ✗ swath overlaps bbox but all pixels cloud/land masked
  n21 20260626_1950 … ✗ swath overlaps bbox but all pixels cloud/land masked
  n21 20260626_2000 … ✗ swath overlaps bbox but all pixels cloud/land masked
  n21 20260626_2010 … ✗ swath overlaps bbox but all pixels cloud/land masked
  n21 20260626_2050 … ✗ swath overlaps bbox but all pixels cloud/land masked
  n21 20260626_2100 … ✗ swath overlaps bbox but all pixels cloud/land masked
  n21 20260626_2110 … ✗ swath overlaps bbox but all pixels cloud/land masked
  n21 20260626_2150 … ✗ swath overlaps bbox but all pixels cloud/land masked
  n21 20260626_2200 … ✗ swath overlaps bbox but all pixels cloud/land masked
  n21 20260626_2210 … ✗ swath overlaps bbox but all pixels cloud/land masked
  n21 20260626_2250 … ✗ swath overlaps bbox but all pixels cloud/land masked
  n21 20260626_2300 … ✗ swath overlaps bbox but all pixels cloud/land masked
  n21 20260626_2310 … ✗ swath overlaps bbox but all pixels cloud/land masked
  n21 20260626_2350 … ✗ swath overlaps bbox but all pixels cloud/land masked
  n21 20260627_0000 … ✗ swath overlaps bbox but all pixels cloud/land masked
  n21 20260627_0010 … ✗ swath overlaps bbox but all pixels cloud/land masked
  n21 20260627_0050 … ✗ swath overlaps bbox but all pixels cloud/land masked
  n21 20260627_0100 … ✗ swath overlaps bbox but all pixels cloud/land masked
  n21 20260627_0110 … ✗ swath overlaps bbox but all pixels cloud/land masked
  n21 20260627_0150 … ✗ swath overlaps bbox but all pixels cloud/land masked
  n21 20260627_0200 … ✗ swath overlaps bbox but all pixels cloud/land masked
  n21 20260627_0210 … ✗ swath overlaps bbox but all pixels cloud/land masked
  n21 20260627_0250 … ✗ swath overlaps bbox but all pixels cloud/land masked
  n21 20260627_0300 … ✗ swath overlaps bbox but all pixels cloud/land masked
  n21 20260627_0310 … ✗ swath overlaps bbox but all pixels cloud/land masked
  n21 20260627_0350 … ✗ swath overlaps bbox but all pixels cloud/land masked
  n21 20260627_0400 … ✗ swath overlaps bbox but all pixels cloud/land masked
  n21 20260627_0410 … ✗ swath overlaps bbox but all pixels cloud/land masked
  n21 20260627_0450 … ✗ swath overlaps bbox but all pixels cloud/land masked
  n21 20260627_0500 … ✗ swath overlaps bbox but all pixels cloud/land masked
  n21 20260627_0510 … ✗ swath overlaps bbox but all pixels cloud/land masked
  n21 20260627_0550 … ✗ swath overlaps bbox but all pixels cloud/land masked
  n21 20260627_0600 … ✗ swath overlaps bbox but all pixels cloud/land masked
  n21 20260627_0610 … ✗ swath overlaps bbox but all pixels cloud/land masked
  n21 20260627_0650 … ✗ swath overlaps bbox but all pixels cloud/land masked
  n21 20260627_0700 … ✗ swath overlaps bbox but all pixels cloud/land masked
  n21 20260627_0710 … ✗ swath overlaps bbox but all pixels cloud/land masked
  n21 20260627_0750 … ✗ swath overlaps bbox but all pixels cloud/land masked
  n21 20260627_0800 … ✗ swath overlaps bbox but all pixels cloud/land masked
  n21 20260627_0810 … ✗ swath overlaps bbox but all pixels cloud/land masked
  n21 20260627_0850 … ✗ swath overlaps bbox but all pixels cloud/land masked
  n21 20260627_0900 … ✗ swath overlaps bbox but all pixels cloud/land masked
  n21 20260627_0910 … ✗ swath overlaps bbox but all pixels cloud/land masked
  n21 20260627_0950 … ✗ swath overlaps bbox but all pixels cloud/land masked
  n21 20260627_1000 … ✗ swath overlaps bbox but all pixels cloud/land masked
  n21 20260627_1010 … ✗ swath overlaps bbox but all pixels cloud/land masked
  n21 20260627_1050 … ✗ swath overlaps bbox but all pixels cloud/land masked
  n21 20260627_1100 … ✗ swath overlaps bbox but all pixels cloud/land masked
  n21 20260627_1110 … ✗ swath overlaps bbox but all pixels cloud/land masked
  n21 20260627_1150 … ✗ swath overlaps bbox but all pixels cloud/land masked
  n21 20260627_1200 … ✗ swath overlaps bbox but all pixels cloud/land masked
  n21 20260627_1210 … ✗ swath overlaps bbox but all pixels cloud/land masked
  n21 20260627_1250 … ✗ swath overlaps bbox but all pixels cloud/land masked
  n21 20260627_1300 … ✗ swath overlaps bbox but all pixels cloud/land masked
  n21 20260627_1310 … ✗ swath overlaps bbox but all pixels cloud/land masked
  n21 20260627_1350 … ✗ swath overlaps bbox but all pixels cloud/land masked
  n21 20260627_1400 … ✗ swath overlaps bbox but all pixels cloud/land masked
  n21 20260627_1410 … ✗ swath overlaps bbox but all pixels cloud/land masked
  n21 20260627_1450 … ✗ swath overlaps bbox but all pixels cloud/land masked
  n21 20260627_1500 … ✗ swath overlaps bbox but all pixels cloud/land masked
  n21 20260627_1510 … ✗ swath overlaps bbox but all pixels cloud/land masked
  n21 20260627_1550 … ✗ swath overlaps bbox but all pixels cloud/land masked
  n21 20260627_1600 … ✗ swath overlaps bbox but all pixels cloud/land masked
  n21 20260627_1610 … ✗ swath overlaps bbox but all pixels cloud/land masked
  n21 20260627_1650 … ✗ swath overlaps bbox but all pixels cloud/land masked
  n21 20260627_1700 … ✗ swath overlaps bbox but all pixels cloud/land masked
  n21 20260627_1710 … ✗ swath overlaps bbox but all pixels cloud/land masked
  n21 20260627_1750 … ✗ swath overlaps bbox but all pixels cloud/land masked
  n21 20260627_1800 ✓ (cached)
  n21 20260627_1810 … ✗ swath overlaps bbox but all pixels cloud/land masked
  n21 20260627_1850 … ✗ swath overlaps bbox but all pixels cloud/land masked
  n21 20260627_1900 … ✗ swath overlaps bbox but all pixels cloud/land masked
  n21 20260627_1910 … ✗ swath overlaps bbox but all pixels cloud/land masked
  n21 20260627_1950 … ✗ swath overlaps bbox but all pixels cloud/land masked
  n21 20260627_2000 … ✗ swath overlaps bbox but all pixels cloud/land masked
  n21 20260627_2010 … ✗ swath overlaps bbox but all pixels cloud/land masked
  n21 20260627_2050 … ✗ swath overlaps bbox but all pixels cloud/land masked
  n21 20260627_2100 … ✗ swath overlaps bbox but all pixels cloud/land masked
  n21 20260627_2110 … ✗ swath overlaps bbox but all pixels cloud/land masked
  n21 20260627_2150 … ✗ swath overlaps bbox but all pixels cloud/land masked
  n21 20260627_2200 … ✗ swath overlaps bbox but all pixels cloud/land masked
  n21 20260627_2210 … ✗ swath overlaps bbox but all pixels cloud/land masked
  n21 20260627_2250 … ✗ swath overlaps bbox but all pixels cloud/land masked
  n21 20260627_2300 … ✗ swath overlaps bbox but all pixels cloud/land masked
  n21 20260627_2310 … ✗ swath overlaps bbox but all pixels cloud/land masked
  n21 20260627_2350 … ✗ swath overlaps bbox but all pixels cloud/land masked
  n21 20260628_0000 … ✗ swath overlaps bbox but all pixels cloud/land masked
  n21 20260628_0010 … ✗ swath overlaps bbox but all pixels cloud/land masked
  n21 20260628_0050 … ✗ swath overlaps bbox but all pixels cloud/land masked
  n21 20260628_0100 … ✗ swath overlaps bbox but all pixels cloud/land masked
  n21 20260628_0110 … ✗ swath overlaps bbox but all pixels cloud/land masked
  n21 20260628_0150 … ✗ swath overlaps bbox but all pixels cloud/land masked
  n21 20260628_0200 … ✗ swath overlaps bbox but all pixels cloud/land masked
  n21 20260628_0210 … ✗ swath overlaps bbox but all pixels cloud/land masked
  n21 20260628_0250 … ✗ swath overlaps bbox but all pixels cloud/land masked
  n21 20260628_0300 … ✗ swath overlaps bbox but all pixels cloud/land masked
  n21 20260628_0310 … ✗ swath overlaps bbox but all pixels cloud/land masked
  n21 20260628_0350 … ✗ swath overlaps bbox but all pixels cloud/land masked
  n21 20260628_0400 … ✗ swath overlaps bbox but all pixels cloud/land masked
  n21 20260628_0410 … ✗ swath overlaps bbox but all pixels cloud/land masked
  n21 20260628_0450 … ✗ swath overlaps bbox but all pixels cloud/land masked
  n21 20260628_0500 … ✗ swath overlaps bbox but all pixels cloud/land masked
  n21 20260628_0510 … ✗ swath overlaps bbox but all pixels cloud/land masked

  VIIRS summary: 0 written, 10 cached, 411 miss/cloud, 539 outside windows.

=========================================================
✓ Pipeline complete
=========================================================
