=========================================================
SST PIPELINE
  UTC  : 2026-05-17 18:56:02
  Bbox : 33.7–39.0°N  -78.89–-72.21°E
=========================================================

── MUR daily composite (last 5 days) ──
  ✓ MUR 20260516 (cached)
  ✓ MUR 20260515 (cached)
  ✓ MUR 20260514 (cached)
  ✓ MUR 20260513 (cached)
  ✓ MUR 20260512 (cached)

── GOES-19 geo-polar blended daily composite ──
  Candidates: 4 (2 hosts × 2 dataset IDs)
  GOES 20260517 [noaa/noaacwBLENDEDsstDLDaily] … ✗ RuntimeError: 404 — no data for this date
  GOES 20260517 [noaa/noaacwBLENDEDsstDaily] … ✗ RuntimeError: 404 — no data for this date
  GOES 20260517 [pfeg/noaacwBLENDEDsstDLDaily] … ✗ RuntimeError: 404 — no data for this date
  GOES 20260517 [pfeg/noaacwBLENDEDsstDaily] … ✗ RuntimeError: 404 — no data for this date
  GOES 20260516 [noaa/noaacwBLENDEDsstDLDaily] …   (land filter: loaded 24 coastline polygons)
  (land filter: dropped 70 inland, kept 2237 ocean)
✓
  → DailySSTData/GOES/Composite/goes_composite_20260516.csv  (2237 pts, 54 lats × 66 lons)

── VIIRS multi-pass (last 48h — NPP/N20/N21) ──
  ✓ VIIRS NRT base: https://www.star.nesdis.noaa.gov/pub/socd2/coastwatch/sst/nrt/viirs
  Hourly windows : 48
  Window range   : 2026-05-15 18:50Z → 2026-05-17 18:10Z
  Half-width     : ±10 min per bucket
  npp 20260515_1850 … ✗ swath overlaps bbox but all pixels cloud/land masked
  npp 20260515_1900 … ✗ swath overlaps bbox but all pixels cloud/land masked
  npp 20260515_1910 … ✗ swath overlaps bbox but all pixels cloud/land masked
  npp 20260515_1950 … ✗ swath overlaps bbox but all pixels cloud/land masked
  npp 20260515_2000 … ✗ swath overlaps bbox but all pixels cloud/land masked
  npp 20260515_2010 … ✗ swath overlaps bbox but all pixels cloud/land masked
  npp 20260515_2050 … ✗ swath overlaps bbox but all pixels cloud/land masked
  npp 20260515_2100 … ✗ swath overlaps bbox but all pixels cloud/land masked
  npp 20260515_2110 … ✗ swath overlaps bbox but all pixels cloud/land masked
  npp 20260515_2150 … ✗ swath overlaps bbox but all pixels cloud/land masked
  npp 20260515_2200 … ✗ swath overlaps bbox but all pixels cloud/land masked
  npp 20260515_2210 … ✗ swath overlaps bbox but all pixels cloud/land masked
  npp 20260515_2250 … ✗ swath overlaps bbox but all pixels cloud/land masked
  npp 20260515_2300 … ✗ swath overlaps bbox but all pixels cloud/land masked
  npp 20260515_2310 … ✗ swath overlaps bbox but all pixels cloud/land masked
  npp 20260515_2350 … ✗ swath overlaps bbox but all pixels cloud/land masked
  npp 20260516_0000 … ✗ swath overlaps bbox but all pixels cloud/land masked
  npp 20260516_0010 … ✗ swath overlaps bbox but all pixels cloud/land masked
  npp 20260516_0050 … ✗ swath overlaps bbox but all pixels cloud/land masked
  npp 20260516_0100 … ✗ swath overlaps bbox but all pixels cloud/land masked
  npp 20260516_0110 … ✗ swath overlaps bbox but all pixels cloud/land masked
  npp 20260516_0150 … ✗ swath overlaps bbox but all pixels cloud/land masked
  npp 20260516_0200 … ✗ swath overlaps bbox but all pixels cloud/land masked
  npp 20260516_0210 … ✗ swath overlaps bbox but all pixels cloud/land masked
  npp 20260516_0250 … ✗ swath overlaps bbox but all pixels cloud/land masked
  npp 20260516_0300 … ✗ swath overlaps bbox but all pixels cloud/land masked
  npp 20260516_0310 … ✗ swath overlaps bbox but all pixels cloud/land masked
  npp 20260516_0350 … ✗ swath overlaps bbox but all pixels cloud/land masked
  npp 20260516_0400 … ✗ swath overlaps bbox but all pixels cloud/land masked
  npp 20260516_0410 … ✗ swath overlaps bbox but all pixels cloud/land masked
  npp 20260516_0450 … ✗ swath overlaps bbox but all pixels cloud/land masked
  npp 20260516_0500 … ✗ swath overlaps bbox but all pixels cloud/land masked
  npp 20260516_0510 … ✗ swath overlaps bbox but all pixels cloud/land masked
  npp 20260516_0550 … ✗ swath overlaps bbox but all pixels cloud/land masked
  npp 20260516_0600 … ✗ swath overlaps bbox but all pixels cloud/land masked
  npp 20260516_0610 … ✗ swath overlaps bbox but all pixels cloud/land masked
  npp 20260516_0650 … ✗ swath overlaps bbox but all pixels cloud/land masked
  npp 20260516_0700 ✓ (cached)
  npp 20260516_0710 … ✗ swath overlaps bbox but all pixels cloud/land masked
  npp 20260516_0750 … ✗ swath overlaps bbox but all pixels cloud/land masked
  npp 20260516_0800 … ✗ swath overlaps bbox but all pixels cloud/land masked
  npp 20260516_0810 … ✗ swath overlaps bbox but all pixels cloud/land masked
  npp 20260516_0850 … ✗ swath overlaps bbox but all pixels cloud/land masked
  npp 20260516_0900 … ✗ swath overlaps bbox but all pixels cloud/land masked
  npp 20260516_0910 … ✗ swath overlaps bbox but all pixels cloud/land masked
  npp 20260516_0950 … ✗ swath overlaps bbox but all pixels cloud/land masked
  npp 20260516_1000 … ✗ swath overlaps bbox but all pixels cloud/land masked
  npp 20260516_1010 … ✗ swath overlaps bbox but all pixels cloud/land masked
  npp 20260516_1050 … ✗ swath overlaps bbox but all pixels cloud/land masked
  npp 20260516_1100 … ✗ swath overlaps bbox but all pixels cloud/land masked
  npp 20260516_1110 … ✗ swath overlaps bbox but all pixels cloud/land masked
  npp 20260516_1150 … ✗ swath overlaps bbox but all pixels cloud/land masked
  npp 20260516_1200 … ✗ swath overlaps bbox but all pixels cloud/land masked
  npp 20260516_1210 … ✗ swath overlaps bbox but all pixels cloud/land masked
  npp 20260516_1250 … ✗ swath overlaps bbox but all pixels cloud/land masked
  npp 20260516_1300 … ✗ swath overlaps bbox but all pixels cloud/land masked
  npp 20260516_1310 … ✗ swath overlaps bbox but all pixels cloud/land masked
  npp 20260516_1350 … ✗ swath overlaps bbox but all pixels cloud/land masked
  npp 20260516_1400 … ✗ swath overlaps bbox but all pixels cloud/land masked
  npp 20260516_1410 … ✗ swath overlaps bbox but all pixels cloud/land masked
  npp 20260516_1450 … ✗ swath overlaps bbox but all pixels cloud/land masked
  npp 20260516_1500 … ✗ swath overlaps bbox but all pixels cloud/land masked
  npp 20260516_1510 … ✗ swath overlaps bbox but all pixels cloud/land masked
  npp 20260516_1550 … ✗ swath overlaps bbox but all pixels cloud/land masked
  npp 20260516_1600 … ✗ swath overlaps bbox but all pixels cloud/land masked
  npp 20260516_1610 … ✗ swath overlaps bbox but all pixels cloud/land masked
  npp 20260516_1650 … ✗ swath overlaps bbox but all pixels cloud/land masked
  npp 20260516_1700 … ✗ swath overlaps bbox but all pixels cloud/land masked
  npp 20260516_1710 … ✗ swath overlaps bbox but all pixels cloud/land masked
  npp 20260516_1750 … ✗ swath overlaps bbox but all pixels cloud/land masked
  npp 20260516_1800 … ✗ swath overlaps bbox but all pixels cloud/land masked
  npp 20260516_1810 … ✗ swath overlaps bbox but all pixels cloud/land masked
  npp 20260516_1850 … ✗ swath overlaps bbox but all pixels cloud/land masked
  npp 20260516_1900 … ✗ swath overlaps bbox but all pixels cloud/land masked
  npp 20260516_1910 … ✗ swath overlaps bbox but all pixels cloud/land masked
  npp 20260516_1950 … ✗ swath overlaps bbox but all pixels cloud/land masked
  npp 20260516_2000 … ✗ swath overlaps bbox but all pixels cloud/land masked
  npp 20260516_2010 … ✗ swath overlaps bbox but all pixels cloud/land masked
  npp 20260516_2050 … ✗ swath overlaps bbox but all pixels cloud/land masked
  npp 20260516_2100 … ✗ swath overlaps bbox but all pixels cloud/land masked
  npp 20260516_2110 … ✗ swath overlaps bbox but all pixels cloud/land masked
  npp 20260516_2150 … ✗ swath overlaps bbox but all pixels cloud/land masked
  npp 20260516_2200 … ✗ swath overlaps bbox but all pixels cloud/land masked
  npp 20260516_2210 … ✗ swath overlaps bbox but all pixels cloud/land masked
  npp 20260516_2250 … ✗ swath overlaps bbox but all pixels cloud/land masked
  npp 20260516_2300 … ✗ swath overlaps bbox but all pixels cloud/land masked
  npp 20260516_2310 … ✗ swath overlaps bbox but all pixels cloud/land masked
  npp 20260516_2350 … ✗ swath overlaps bbox but all pixels cloud/land masked
  npp 20260517_0000 … ✗ swath overlaps bbox but all pixels cloud/land masked
  npp 20260517_0010 … ✗ swath overlaps bbox but all pixels cloud/land masked
  npp 20260517_0050 … ✗ swath overlaps bbox but all pixels cloud/land masked
  npp 20260517_0100 … ✗ swath overlaps bbox but all pixels cloud/land masked
  npp 20260517_0110 … ✗ swath overlaps bbox but all pixels cloud/land masked
  npp 20260517_0150 … ✗ swath overlaps bbox but all pixels cloud/land masked
  npp 20260517_0200 … ✗ swath overlaps bbox but all pixels cloud/land masked
  npp 20260517_0210 … ✗ swath overlaps bbox but all pixels cloud/land masked
  npp 20260517_0250 … ✗ swath overlaps bbox but all pixels cloud/land masked
  npp 20260517_0300 … ✗ swath overlaps bbox but all pixels cloud/land masked
  npp 20260517_0310 … ✗ swath overlaps bbox but all pixels cloud/land masked
  npp 20260517_0350 … ✗ swath overlaps bbox but all pixels cloud/land masked
  npp 20260517_0400 … ✗ swath overlaps bbox but all pixels cloud/land masked
  npp 20260517_0410 … ✗ swath overlaps bbox but all pixels cloud/land masked
  npp 20260517_0450 … ✗ swath overlaps bbox but all pixels cloud/land masked
  npp 20260517_0500 … ✗ swath overlaps bbox but all pixels cloud/land masked
  npp 20260517_0510 … ✗ swath overlaps bbox but all pixels cloud/land masked
  npp 20260517_0550 … ✗ swath overlaps bbox but all pixels cloud/land masked
  npp 20260517_0600 … ✗ swath overlaps bbox but all pixels cloud/land masked
  npp 20260517_0610 … ✗ swath overlaps bbox but all pixels cloud/land masked
  npp 20260517_0650 ✓ (cached)
  npp 20260517_0700 … ✗ swath overlaps bbox but all pixels cloud/land masked
  npp 20260517_0710 … ✗ swath overlaps bbox but all pixels cloud/land masked
  npp 20260517_0750 … ✗ swath overlaps bbox but all pixels cloud/land masked
  npp 20260517_0800 … ✗ swath overlaps bbox but all pixels cloud/land masked
  npp 20260517_0810 … ✗ swath overlaps bbox but all pixels cloud/land masked
  npp 20260517_0850 … ✗ swath overlaps bbox but all pixels cloud/land masked
  npp 20260517_0900 … ✗ swath overlaps bbox but all pixels cloud/land masked
  npp 20260517_0910 … ✗ swath overlaps bbox but all pixels cloud/land masked
  npp 20260517_0950 … ✗ swath overlaps bbox but all pixels cloud/land masked
  npp 20260517_1000 … ✗ swath overlaps bbox but all pixels cloud/land masked
  npp 20260517_1010 … ✗ swath overlaps bbox but all pixels cloud/land masked
  npp 20260517_1050 … ✗ swath overlaps bbox but all pixels cloud/land masked
  npp 20260517_1100 … ✗ swath overlaps bbox but all pixels cloud/land masked
  npp 20260517_1110 … ✗ swath overlaps bbox but all pixels cloud/land masked
  npp 20260517_1150 … ✗ swath overlaps bbox but all pixels cloud/land masked
  npp 20260517_1200 … ✗ swath overlaps bbox but all pixels cloud/land masked
  npp 20260517_1210 … ✗ swath overlaps bbox but all pixels cloud/land masked
  npp 20260517_1250 … ✗ swath overlaps bbox but all pixels cloud/land masked
  npp 20260517_1300 … ✗ swath overlaps bbox but all pixels cloud/land masked
  npp 20260517_1310 … ✗ swath overlaps bbox but all pixels cloud/land masked
  npp 20260517_1350 … ✗ swath overlaps bbox but all pixels cloud/land masked
  npp 20260517_1400 … ✗ swath overlaps bbox but all pixels cloud/land masked
  npp 20260517_1410 … ✗ swath overlaps bbox but all pixels cloud/land masked
  npp 20260517_1450 … ✗ swath overlaps bbox but all pixels cloud/land masked
  npp 20260517_1500 … ✗ swath overlaps bbox but all pixels cloud/land masked
  npp 20260517_1510 … ✗ swath overlaps bbox but all pixels cloud/land masked
  npp 20260517_1550 … ✗ swath overlaps bbox but all pixels cloud/land masked
  npp 20260517_1600 … ✗ swath overlaps bbox but all pixels cloud/land masked
  npp 20260517_1610 … ✗ swath overlaps bbox but all pixels cloud/land masked
  npp 20260517_1650 … ✗ swath overlaps bbox but all pixels cloud/land masked
  npp 20260517_1700 … ✗ download error: ReadTimeout
  npp 20260517_1710 … ✗ swath overlaps bbox but all pixels cloud/land masked
  npp 20260517_1800 … ✗ download error: ReadTimeout
  n20 20260515_1850 … ✗ host blacklisted
  n20 20260515_1900 ✓ (cached)
  n20 20260515_1910 … ✗ host blacklisted
  n20 20260515_1950 … ✗ host blacklisted
  n20 20260515_2000 … ✗ host blacklisted
  n20 20260515_2010 … ✗ host blacklisted
  n20 20260515_2050 … ✗ host blacklisted
  n20 20260515_2100 … ✗ host blacklisted
  n20 20260515_2110 … ✗ host blacklisted
  n20 20260515_2150 … ✗ host blacklisted
  n20 20260515_2200 … ✗ host blacklisted
  n20 20260515_2210 … ✗ host blacklisted
  n20 20260515_2250 … ✗ host blacklisted
  n20 20260515_2300 … ✗ host blacklisted
  n20 20260515_2310 … ✗ host blacklisted
  n20 20260515_2350 … ✗ host blacklisted
  n20 20260516_0000 … ✗ host blacklisted
  n20 20260516_0010 … ✗ host blacklisted
  n20 20260516_0050 … ✗ host blacklisted
  n20 20260516_0100 … ✗ host blacklisted
  n20 20260516_0110 … ✗ host blacklisted
  n20 20260516_0150 … ✗ host blacklisted
  n20 20260516_0200 … ✗ host blacklisted
  n20 20260516_0210 … ✗ host blacklisted
  n20 20260516_0250 … ✗ host blacklisted
  n20 20260516_0300 … ✗ host blacklisted
  n20 20260516_0310 … ✗ host blacklisted
  n20 20260516_0350 … ✗ host blacklisted
  n20 20260516_0400 … ✗ host blacklisted
  n20 20260516_0410 … ✗ host blacklisted
  n20 20260516_0450 … ✗ host blacklisted
  n20 20260516_0500 … ✗ host blacklisted
  n20 20260516_0510 … ✗ host blacklisted
  n20 20260516_0550 … ✗ host blacklisted
  n20 20260516_0600 … ✗ host blacklisted
  n20 20260516_0610 … ✗ host blacklisted
  n20 20260516_0650 … ✗ host blacklisted
  n20 20260516_0700 … ✗ host blacklisted
  n20 20260516_0710 … ✗ host blacklisted
  n20 20260516_0750 … ✗ host blacklisted
  n20 20260516_0800 … ✗ host blacklisted
  n20 20260516_0810 … ✗ host blacklisted
  n20 20260516_0850 … ✗ host blacklisted
  n20 20260516_0900 … ✗ host blacklisted
  n20 20260516_0910 … ✗ host blacklisted
  n20 20260516_0950 … ✗ host blacklisted
  n20 20260516_1000 … ✗ host blacklisted
  n20 20260516_1010 … ✗ host blacklisted
  n20 20260516_1050 … ✗ host blacklisted
  n20 20260516_1100 … ✗ host blacklisted
  n20 20260516_1110 … ✗ host blacklisted
  n20 20260516_1150 … ✗ host blacklisted
  n20 20260516_1200 … ✗ host blacklisted
  n20 20260516_1210 … ✗ host blacklisted
  n20 20260516_1250 … ✗ host blacklisted
  n20 20260516_1300 … ✗ host blacklisted
  n20 20260516_1310 … ✗ host blacklisted
  n20 20260516_1350 … ✗ host blacklisted
  n20 20260516_1400 … ✗ host blacklisted
  n20 20260516_1410 … ✗ host blacklisted
  n20 20260516_1450 … ✗ host blacklisted
  n20 20260516_1500 … ✗ host blacklisted
  n20 20260516_1510 … ✗ host blacklisted
  n20 20260516_1550 … ✗ host blacklisted
  n20 20260516_1600 … ✗ host blacklisted
  n20 20260516_1610 … ✗ host blacklisted
  n20 20260516_1650 … ✗ host blacklisted
  n20 20260516_1700 ✓ (cached)
  n20 20260516_1710 … ✗ host blacklisted
  n20 20260516_1750 … ✗ host blacklisted
  n20 20260516_1800 … ✗ host blacklisted
  n20 20260516_1810 … ✗ host blacklisted
  n20 20260516_1850 … ✗ host blacklisted
  n20 20260516_1900 … ✗ host blacklisted
  n20 20260516_1910 … ✗ host blacklisted
  n20 20260516_1950 … ✗ host blacklisted
  n20 20260516_2000 … ✗ host blacklisted
  n20 20260516_2010 … ✗ host blacklisted
  n20 20260516_2050 … ✗ host blacklisted
  n20 20260516_2100 … ✗ host blacklisted
  n20 20260516_2110 … ✗ host blacklisted
  n20 20260516_2150 … ✗ host blacklisted
  n20 20260516_2200 … ✗ host blacklisted
  n20 20260516_2210 … ✗ host blacklisted
  n20 20260516_2250 … ✗ host blacklisted
  n20 20260516_2300 … ✗ host blacklisted
  n20 20260516_2310 … ✗ host blacklisted
  n20 20260516_2350 … ✗ host blacklisted
  n20 20260517_0000 … ✗ host blacklisted
  n20 20260517_0010 … ✗ host blacklisted
  n20 20260517_0050 … ✗ host blacklisted
  n20 20260517_0100 … ✗ host blacklisted
  n20 20260517_0110 … ✗ host blacklisted
  n20 20260517_0150 … ✗ host blacklisted
  n20 20260517_0200 … ✗ host blacklisted
  n20 20260517_0210 … ✗ host blacklisted
  n20 20260517_0250 … ✗ host blacklisted
  n20 20260517_0300 … ✗ host blacklisted
  n20 20260517_0310 … ✗ host blacklisted
  n20 20260517_0350 … ✗ host blacklisted
  n20 20260517_0400 … ✗ host blacklisted
  n20 20260517_0410 … ✗ host blacklisted
  n20 20260517_0450 … ✗ host blacklisted
  n20 20260517_0500 … ✗ host blacklisted
  n20 20260517_0510 … ✗ host blacklisted
  n20 20260517_0550 … ✗ host blacklisted
  n20 20260517_0600 … ✗ host blacklisted
  n20 20260517_0610 … ✗ host blacklisted
  n20 20260517_0650 … ✗ host blacklisted
  n20 20260517_0700 ✓ (cached)
  n20 20260517_0710 … ✗ host blacklisted
  n20 20260517_0750 … ✗ host blacklisted
  n20 20260517_0800 … ✗ host blacklisted
  n20 20260517_0810 … ✗ host blacklisted
  n20 20260517_0850 … ✗ host blacklisted
  n20 20260517_0900 … ✗ host blacklisted
  n20 20260517_0910 … ✗ host blacklisted
  n20 20260517_0950 … ✗ host blacklisted
  n20 20260517_1000 … ✗ host blacklisted
  n20 20260517_1010 … ✗ host blacklisted
  n20 20260517_1050 … ✗ host blacklisted
  n20 20260517_1100 … ✗ host blacklisted
  n20 20260517_1110 … ✗ host blacklisted
  n20 20260517_1150 … ✗ host blacklisted
  n20 20260517_1200 … ✗ host blacklisted
  n20 20260517_1210 … ✗ host blacklisted
  n20 20260517_1250 … ✗ host blacklisted
  n20 20260517_1300 … ✗ host blacklisted
  n20 20260517_1310 … ✗ host blacklisted
  n20 20260517_1350 … ✗ host blacklisted
  n20 20260517_1400 … ✗ host blacklisted
  n20 20260517_1410 … ✗ host blacklisted
  n20 20260517_1450 … ✗ host blacklisted
  n20 20260517_1500 … ✗ host blacklisted
  n20 20260517_1510 … ✗ host blacklisted
  n20 20260517_1550 … ✗ host blacklisted
  n20 20260517_1600 … ✗ host blacklisted
  n20 20260517_1610 … ✗ host blacklisted
  n20 20260517_1650 … ✗ host blacklisted
  n20 20260517_1700 … ✗ host blacklisted
  n20 20260517_1710 … ✗ host blacklisted
  n20 20260517_1750 … ✗ host blacklisted
  n21 20260515_1850 … ✗ host blacklisted
  n21 20260515_1900 … ✗ host blacklisted
  n21 20260515_1910 … ✗ host blacklisted
  n21 20260515_1950 … ✗ host blacklisted
  n21 20260515_2000 … ✗ host blacklisted
  n21 20260515_2010 … ✗ host blacklisted
  n21 20260515_2050 … ✗ host blacklisted
  n21 20260515_2100 … ✗ host blacklisted
  n21 20260515_2110 … ✗ host blacklisted
  n21 20260515_2150 … ✗ host blacklisted
  n21 20260515_2200 … ✗ host blacklisted
  n21 20260515_2210 … ✗ host blacklisted
  n21 20260515_2250 … ✗ host blacklisted
  n21 20260515_2300 … ✗ host blacklisted
  n21 20260515_2310 … ✗ host blacklisted
  n21 20260515_2350 … ✗ host blacklisted
  ⚠ dir listing failed n21 2026/136: HTTPSConnectionPool(host='www.star.nesdis.noaa.gov', port=443): Read timed out. (read timeout=10)
  n21 20260517_0000 … ✗ host blacklisted
  n21 20260517_0010 … ✗ host blacklisted
  n21 20260517_0050 … ✗ host blacklisted
  n21 20260517_0100 … ✗ host blacklisted
  n21 20260517_0110 … ✗ host blacklisted
  n21 20260517_0150 … ✗ host blacklisted
  n21 20260517_0200 … ✗ host blacklisted
  n21 20260517_0210 … ✗ host blacklisted
  n21 20260517_0250 … ✗ host blacklisted
  n21 20260517_0300 … ✗ host blacklisted
  n21 20260517_0310 … ✗ host blacklisted
  n21 20260517_0350 … ✗ host blacklisted
  n21 20260517_0400 … ✗ host blacklisted
  n21 20260517_0410 … ✗ host blacklisted
  n21 20260517_0450 … ✗ host blacklisted
  n21 20260517_0500 … ✗ host blacklisted
  n21 20260517_0510 … ✗ host blacklisted
  n21 20260517_0550 … ✗ host blacklisted
  n21 20260517_0600 … ✗ host blacklisted
  n21 20260517_0610 ✓ (cached)
  n21 20260517_0650 … ✗ host blacklisted
  n21 20260517_0700 … ✗ host blacklisted
  n21 20260517_0710 … ✗ host blacklisted
  n21 20260517_0750 ✓ (cached)
  n21 20260517_0800 … ✗ host blacklisted
  n21 20260517_0810 … ✗ host blacklisted
  n21 20260517_0850 … ✗ host blacklisted
  n21 20260517_0900 … ✗ host blacklisted
  n21 20260517_0910 … ✗ host blacklisted
  n21 20260517_0950 … ✗ host blacklisted
  n21 20260517_1000 … ✗ host blacklisted
  n21 20260517_1010 … ✗ host blacklisted
  n21 20260517_1050 … ✗ host blacklisted
  n21 20260517_1100 … ✗ host blacklisted
  n21 20260517_1110 … ✗ host blacklisted
  n21 20260517_1150 … ✗ host blacklisted
  n21 20260517_1200 … ✗ host blacklisted
  n21 20260517_1210 … ✗ host blacklisted
  n21 20260517_1250 … ✗ host blacklisted
  n21 20260517_1300 … ✗ host blacklisted
  n21 20260517_1310 … ✗ host blacklisted
  n21 20260517_1350 … ✗ host blacklisted
  n21 20260517_1400 … ✗ host blacklisted
  n21 20260517_1410 … ✗ host blacklisted
  n21 20260517_1450 … ✗ host blacklisted
  n21 20260517_1500 … ✗ host blacklisted
  n21 20260517_1510 … ✗ host blacklisted
  n21 20260517_1550 … ✗ host blacklisted
  n21 20260517_1600 … ✗ host blacklisted
  n21 20260517_1610 … ✗ host blacklisted
  n21 20260517_1650 … ✗ host blacklisted
  n21 20260517_1700 … ✗ host blacklisted
  n21 20260517_1710 … ✗ host blacklisted
  n21 20260517_1750 … ✗ host blacklisted

  VIIRS summary: 0 written, 7 cached, 347 miss/cloud, 692 outside windows.

=========================================================
✓ Pipeline complete
=========================================================
