=========================================================
SST PIPELINE
  UTC  : 2026-05-22 14:19:54
  Bbox : 33.7–39.0°N  -78.89–-72.21°E
=========================================================

── MUR daily composite (last 5 days) ──
  MUR 20260521 (coastwatch.noaa.gov) … ✗ RuntimeError
  MUR 20260521 (coastwatch.pfeg.noaa.gov) …   (land filter: loaded 24 coastline polygons)
  (land filter: dropped 94 inland, kept 8892 ocean)
  ✓ MUR 20260521
  → DailySSTData/MUR/mur_20260521.csv  (8892 pts, 107 lats × 133 lons)
  ✓ MUR 20260520 (cached)
  ✓ MUR 20260519 (cached)
  ✓ MUR 20260518 (cached)
  ✓ MUR 20260517 (cached)

── GOES-19 geo-polar blended daily composite ──
  Candidates: 4 (2 hosts × 2 dataset IDs)
  GOES 20260522 [noaa/noaacwBLENDEDsstDLDaily] … ✗ RuntimeError: 404 — no data for this date
  GOES 20260522 [noaa/noaacwBLENDEDsstDaily] … ✗ RuntimeError: 404 — no data for this date
  GOES 20260522 [pfeg/noaacwBLENDEDsstDLDaily] … ✗ RuntimeError: 404 — no data for this date
  GOES 20260522 [pfeg/noaacwBLENDEDsstDaily] … ✗ RuntimeError: 404 — no data for this date
  GOES 20260521 [noaa/noaacwBLENDEDsstDLDaily] … ✗ RuntimeError: 404 — no data for this date
  GOES 20260521 [noaa/noaacwBLENDEDsstDaily] … ✗ RuntimeError: 404 — no data for this date
  GOES 20260521 [pfeg/noaacwBLENDEDsstDLDaily] … ✗ RuntimeError: 404 — no data for this date
  GOES 20260521 [pfeg/noaacwBLENDEDsstDaily] … ✗ RuntimeError: 404 — no data for this date
  ✓ GOES composite 20260520 (cached)

── VIIRS multi-pass (last 48h — NPP/N20/N21) ──
  ✓ VIIRS NRT base: https://www.star.nesdis.noaa.gov/pub/socd2/coastwatch/sst/nrt/viirs
  Hourly windows : 48
  Window range   : 2026-05-20 14:50Z → 2026-05-22 14:10Z
  Half-width     : ±10 min per bucket
  npp 20260520_1450 … ✗ swath overlaps bbox but all pixels cloud/land masked
  npp 20260520_1500 … ✗ swath overlaps bbox but all pixels cloud/land masked
  npp 20260520_1510 … ✗ swath overlaps bbox but all pixels cloud/land masked
  npp 20260520_1550 … ✗ swath overlaps bbox but all pixels cloud/land masked
  npp 20260520_1600 … ✗ swath overlaps bbox but all pixels cloud/land masked
  npp 20260520_1610 … ✗ swath overlaps bbox but all pixels cloud/land masked
  npp 20260520_1650 … ✗ swath overlaps bbox but all pixels cloud/land masked
  npp 20260520_1700 … ✗ swath overlaps bbox but all pixels cloud/land masked
  npp 20260520_1710 ✓ (cached)
  npp 20260520_1750 … ✗ swath overlaps bbox but all pixels cloud/land masked
  npp 20260520_1800 … ✗ swath overlaps bbox but all pixels cloud/land masked
  npp 20260520_1810 … ✗ swath overlaps bbox but all pixels cloud/land masked
  npp 20260520_1850 ✓ (cached)
  npp 20260520_1900 … ✗ swath overlaps bbox but all pixels cloud/land masked
  npp 20260520_1910 … ✗ swath overlaps bbox but all pixels cloud/land masked
  npp 20260520_1950 … ✗ swath overlaps bbox but all pixels cloud/land masked
  npp 20260520_2000 … ✗ swath overlaps bbox but all pixels cloud/land masked
  npp 20260520_2010 … ✗ swath overlaps bbox but all pixels cloud/land masked
  npp 20260520_2050 … ✗ swath overlaps bbox but all pixels cloud/land masked
  npp 20260520_2100 … ✗ swath overlaps bbox but all pixels cloud/land masked
  npp 20260520_2110 … ✗ swath overlaps bbox but all pixels cloud/land masked
  npp 20260520_2150 … ✗ swath overlaps bbox but all pixels cloud/land masked
  npp 20260520_2200 … ✗ swath overlaps bbox but all pixels cloud/land masked
  npp 20260520_2210 … ✗ swath overlaps bbox but all pixels cloud/land masked
  npp 20260520_2250 … ✗ swath overlaps bbox but all pixels cloud/land masked
  npp 20260520_2300 … ✗ swath overlaps bbox but all pixels cloud/land masked
  npp 20260520_2310 … ✗ swath overlaps bbox but all pixels cloud/land masked
  npp 20260520_2350 … ✗ swath overlaps bbox but all pixels cloud/land masked
  npp 20260521_0000 … ✗ swath overlaps bbox but all pixels cloud/land masked
  npp 20260521_0010 … ✗ swath overlaps bbox but all pixels cloud/land masked
  npp 20260521_0050 … ✗ swath overlaps bbox but all pixels cloud/land masked
  npp 20260521_0100 … ✗ swath overlaps bbox but all pixels cloud/land masked
  npp 20260521_0110 … ✗ swath overlaps bbox but all pixels cloud/land masked
  npp 20260521_0150 … ✗ swath overlaps bbox but all pixels cloud/land masked
  npp 20260521_0200 … ✗ swath overlaps bbox but all pixels cloud/land masked
  npp 20260521_0210 … ✗ swath overlaps bbox but all pixels cloud/land masked
  npp 20260521_0250 … ✗ swath overlaps bbox but all pixels cloud/land masked
  npp 20260521_0300 … ✗ swath overlaps bbox but all pixels cloud/land masked
  npp 20260521_0310 … ✗ swath overlaps bbox but all pixels cloud/land masked
  npp 20260521_0350 … ✗ swath overlaps bbox but all pixels cloud/land masked
  npp 20260521_0400 … ✗ swath overlaps bbox but all pixels cloud/land masked
  npp 20260521_0410 … ✗ swath overlaps bbox but all pixels cloud/land masked
  npp 20260521_0450 … ✗ swath overlaps bbox but all pixels cloud/land masked
  npp 20260521_0500 … ✗ swath overlaps bbox but all pixels cloud/land masked
  npp 20260521_0510 … ✗ swath overlaps bbox but all pixels cloud/land masked
  npp 20260521_0550 … ✗ swath overlaps bbox but all pixels cloud/land masked
  npp 20260521_0600 … ✗ swath overlaps bbox but all pixels cloud/land masked
  npp 20260521_0610 … ✗ swath overlaps bbox but all pixels cloud/land masked
  npp 20260521_0650 … ✗ swath overlaps bbox but all pixels cloud/land masked
  npp 20260521_0700 … ✗ swath overlaps bbox but all pixels cloud/land masked
  npp 20260521_0710 ✓ (cached)
  npp 20260521_0750 … ✗ swath overlaps bbox but all pixels cloud/land masked
  npp 20260521_0800 … ✗ swath overlaps bbox but all pixels cloud/land masked
  npp 20260521_0810 … ✗ swath overlaps bbox but all pixels cloud/land masked
  npp 20260521_0850 … ✗ swath overlaps bbox but all pixels cloud/land masked
  npp 20260521_0900 … ✗ swath overlaps bbox but all pixels cloud/land masked
  npp 20260521_0910 … ✗ swath overlaps bbox but all pixels cloud/land masked
  npp 20260521_0950 … ✗ swath overlaps bbox but all pixels cloud/land masked
  npp 20260521_1000 … ✗ swath overlaps bbox but all pixels cloud/land masked
  npp 20260521_1010 … ✗ swath overlaps bbox but all pixels cloud/land masked
  npp 20260521_1050 … ✗ swath overlaps bbox but all pixels cloud/land masked
  npp 20260521_1100 … ✗ swath overlaps bbox but all pixels cloud/land masked
  npp 20260521_1110 … ✗ swath overlaps bbox but all pixels cloud/land masked
  npp 20260521_1150 … ✗ swath overlaps bbox but all pixels cloud/land masked
  npp 20260521_1200 … ✗ swath overlaps bbox but all pixels cloud/land masked
  npp 20260521_1210 … ✗ swath overlaps bbox but all pixels cloud/land masked
  npp 20260521_1250 … ✗ swath overlaps bbox but all pixels cloud/land masked
  npp 20260521_1300 … ✗ swath overlaps bbox but all pixels cloud/land masked
  npp 20260521_1310 … ✗ swath overlaps bbox but all pixels cloud/land masked
  npp 20260521_1350 … ✗ swath overlaps bbox but all pixels cloud/land masked
  npp 20260521_1400 … ✗ swath overlaps bbox but all pixels cloud/land masked
  npp 20260521_1410 … ✗ swath overlaps bbox but all pixels cloud/land masked
  npp 20260521_1450 … ✗ swath overlaps bbox but all pixels cloud/land masked
  npp 20260521_1500 … ✗ swath overlaps bbox but all pixels cloud/land masked
  npp 20260521_1510 … ✗ swath overlaps bbox but all pixels cloud/land masked
  npp 20260521_1550 … ✗ swath overlaps bbox but all pixels cloud/land masked
  npp 20260521_1600 … ✗ swath overlaps bbox but all pixels cloud/land masked
  npp 20260521_1610 … ✗ swath overlaps bbox but all pixels cloud/land masked
  npp 20260521_1650 ✓ (cached)
  npp 20260521_1700 … ✗ swath overlaps bbox but all pixels cloud/land masked
  npp 20260521_1710 … ✗ swath overlaps bbox but all pixels cloud/land masked
  npp 20260521_1750 … ✗ swath overlaps bbox but all pixels cloud/land masked
  npp 20260521_1800 … ✗ swath overlaps bbox but all pixels cloud/land masked
  npp 20260521_1810 … ✗ swath overlaps bbox but all pixels cloud/land masked
  npp 20260521_1850 … ✗ swath overlaps bbox but all pixels cloud/land masked
  npp 20260521_1900 … ✗ swath overlaps bbox but all pixels cloud/land masked
  npp 20260521_1910 … ✗ swath overlaps bbox but all pixels cloud/land masked
  npp 20260521_1950 … ✗ swath overlaps bbox but all pixels cloud/land masked
  npp 20260521_2000 … ✗ swath overlaps bbox but all pixels cloud/land masked
  npp 20260521_2010 … ✗ swath overlaps bbox but all pixels cloud/land masked
  npp 20260521_2050 … ✗ swath overlaps bbox but all pixels cloud/land masked
  npp 20260521_2100 … ✗ swath overlaps bbox but all pixels cloud/land masked
  npp 20260521_2110 … ✗ swath overlaps bbox but all pixels cloud/land masked
  npp 20260521_2150 … ✗ swath overlaps bbox but all pixels cloud/land masked
  npp 20260521_2200 … ✗ swath overlaps bbox but all pixels cloud/land masked
  npp 20260521_2210 … ✗ swath overlaps bbox but all pixels cloud/land masked
  npp 20260521_2250 … ✗ swath overlaps bbox but all pixels cloud/land masked
  npp 20260521_2300 … ✗ swath overlaps bbox but all pixels cloud/land masked
  npp 20260521_2310 … ✗ swath overlaps bbox but all pixels cloud/land masked
  npp 20260521_2350 … ✗ swath overlaps bbox but all pixels cloud/land masked
  npp 20260522_0000 … ✗ swath overlaps bbox but all pixels cloud/land masked
  npp 20260522_0010 … ✗ swath overlaps bbox but all pixels cloud/land masked
  npp 20260522_0050 … ✗ swath overlaps bbox but all pixels cloud/land masked
  npp 20260522_0100 … ✗ swath overlaps bbox but all pixels cloud/land masked
  npp 20260522_0110 … ✗ swath overlaps bbox but all pixels cloud/land masked
  npp 20260522_0150 … ✗ swath overlaps bbox but all pixels cloud/land masked
  npp 20260522_0200 … ✗ swath overlaps bbox but all pixels cloud/land masked
  npp 20260522_0210 … ✗ swath overlaps bbox but all pixels cloud/land masked
  npp 20260522_0250 … ✗ swath overlaps bbox but all pixels cloud/land masked
  npp 20260522_0300 … ✗ swath overlaps bbox but all pixels cloud/land masked
  npp 20260522_0310 … ✗ swath overlaps bbox but all pixels cloud/land masked
  npp 20260522_0350 … ✗ swath overlaps bbox but all pixels cloud/land masked
  npp 20260522_0400 … ✗ swath overlaps bbox but all pixels cloud/land masked
  npp 20260522_0410 … ✗ swath overlaps bbox but all pixels cloud/land masked
  npp 20260522_0450 … ✗ swath overlaps bbox but all pixels cloud/land masked
  npp 20260522_0500 … ✗ swath overlaps bbox but all pixels cloud/land masked
  npp 20260522_0510 … ✗ swath overlaps bbox but all pixels cloud/land masked
  npp 20260522_0550 … ✗ swath overlaps bbox but all pixels cloud/land masked
  npp 20260522_0600 … ✗ swath overlaps bbox but all pixels cloud/land masked
  npp 20260522_0610 … ✗ swath overlaps bbox but all pixels cloud/land masked
  npp 20260522_0650 ✓ (cached)
  npp 20260522_0700 … ✗ swath overlaps bbox but all pixels cloud/land masked
  npp 20260522_0710 … ✗ swath overlaps bbox but all pixels cloud/land masked
  npp 20260522_0750 … ✗ swath overlaps bbox but all pixels cloud/land masked
  npp 20260522_0800 … ✗ swath overlaps bbox but all pixels cloud/land masked
  npp 20260522_0810 … ✗ swath overlaps bbox but all pixels cloud/land masked
  npp 20260522_0850 … ✗ swath overlaps bbox but all pixels cloud/land masked
  npp 20260522_0900 … ✗ swath overlaps bbox but all pixels cloud/land masked
  npp 20260522_0910 … ✗ swath overlaps bbox but all pixels cloud/land masked
  npp 20260522_0950 … ✗ swath overlaps bbox but all pixels cloud/land masked
  npp 20260522_1000 … ✗ swath overlaps bbox but all pixels cloud/land masked
  npp 20260522_1010 … ✗ swath overlaps bbox but all pixels cloud/land masked
  npp 20260522_1050 … ✗ swath overlaps bbox but all pixels cloud/land masked
  npp 20260522_1100 … ✗ swath overlaps bbox but all pixels cloud/land masked
  npp 20260522_1110 … ✗ swath overlaps bbox but all pixels cloud/land masked
  npp 20260522_1150 … ✗ swath overlaps bbox but all pixels cloud/land masked
  npp 20260522_1200 … ✗ swath overlaps bbox but all pixels cloud/land masked
  npp 20260522_1210 … ✗ swath overlaps bbox but all pixels cloud/land masked
  npp 20260522_1250 … ✗ swath overlaps bbox but all pixels cloud/land masked
  npp 20260522_1300 … ✗ swath overlaps bbox but all pixels cloud/land masked
  n20 20260520_1450 … ✗ swath overlaps bbox but all pixels cloud/land masked
  n20 20260520_1500 … ✗ swath overlaps bbox but all pixels cloud/land masked
  n20 20260520_1510 … ✗ swath overlaps bbox but all pixels cloud/land masked
  n20 20260520_1550 … ✗ swath overlaps bbox but all pixels cloud/land masked
  n20 20260520_1600 … ✗ swath overlaps bbox but all pixels cloud/land masked
  n20 20260520_1610 … ✗ swath overlaps bbox but all pixels cloud/land masked
  n20 20260520_1650 … ✗ swath overlaps bbox but all pixels cloud/land masked
  n20 20260520_1700 … ✗ swath overlaps bbox but all pixels cloud/land masked
  n20 20260520_1710 … ✗ swath overlaps bbox but all pixels cloud/land masked
  n20 20260520_1750 … ✗ swath overlaps bbox but all pixels cloud/land masked
  n20 20260520_1800 … ✗ swath overlaps bbox but all pixels cloud/land masked
  n20 20260520_1810 … ✗ swath overlaps bbox but all pixels cloud/land masked
  n20 20260520_1850 … ✗ swath overlaps bbox but all pixels cloud/land masked
  n20 20260520_1900 … ✗ swath overlaps bbox but all pixels cloud/land masked
  n20 20260520_1910 ✓ (cached)
  n20 20260520_1950 … ✗ swath overlaps bbox but all pixels cloud/land masked
  n20 20260520_2000 … ✗ swath overlaps bbox but all pixels cloud/land masked
  n20 20260520_2010 … ✗ swath overlaps bbox but all pixels cloud/land masked
  n20 20260520_2050 … ✗ swath overlaps bbox but all pixels cloud/land masked
  n20 20260520_2100 … ✗ swath overlaps bbox but all pixels cloud/land masked
  n20 20260520_2110 … ✗ swath overlaps bbox but all pixels cloud/land masked
  n20 20260520_2150 … ✗ swath overlaps bbox but all pixels cloud/land masked
  n20 20260520_2200 … ✗ swath overlaps bbox but all pixels cloud/land masked
  n20 20260520_2210 … ✗ swath overlaps bbox but all pixels cloud/land masked
  n20 20260520_2250 … ✗ swath overlaps bbox but all pixels cloud/land masked
  n20 20260520_2300 … ✗ swath overlaps bbox but all pixels cloud/land masked
  n20 20260520_2310 … ✗ swath overlaps bbox but all pixels cloud/land masked
  n20 20260520_2350 … ✗ swath overlaps bbox but all pixels cloud/land masked
  n20 20260521_0000 … ✗ swath overlaps bbox but all pixels cloud/land masked
  n20 20260521_0010 … ✗ swath overlaps bbox but all pixels cloud/land masked
  n20 20260521_0050 … ✗ swath overlaps bbox but all pixels cloud/land masked
  n20 20260521_0100 … ✗ swath overlaps bbox but all pixels cloud/land masked
  n20 20260521_0110 … ✗ swath overlaps bbox but all pixels cloud/land masked
  n20 20260521_0150 … ✗ swath overlaps bbox but all pixels cloud/land masked
  n20 20260521_0200 … ✗ swath overlaps bbox but all pixels cloud/land masked
  n20 20260521_0210 … ✗ swath overlaps bbox but all pixels cloud/land masked
  n20 20260521_0250 … ✗ swath overlaps bbox but all pixels cloud/land masked
  n20 20260521_0300 … ✗ swath overlaps bbox but all pixels cloud/land masked
  n20 20260521_0310 … ✗ swath overlaps bbox but all pixels cloud/land masked
  n20 20260521_0350 … ✗ swath overlaps bbox but all pixels cloud/land masked
  n20 20260521_0400 … ✗ swath overlaps bbox but all pixels cloud/land masked
  n20 20260521_0410 … ✗ swath overlaps bbox but all pixels cloud/land masked
  n20 20260521_0450 … ✗ swath overlaps bbox but all pixels cloud/land masked
  n20 20260521_0500 … ✗ swath overlaps bbox but all pixels cloud/land masked
  n20 20260521_0510 … ✗ swath overlaps bbox but all pixels cloud/land masked
  n20 20260521_0550 ✓ (cached)
  n20 20260521_0600 … ✗ swath overlaps bbox but all pixels cloud/land masked
  n20 20260521_0610 … ✗ swath overlaps bbox but all pixels cloud/land masked
  n20 20260521_0650 … ✗ swath overlaps bbox but all pixels cloud/land masked
  n20 20260521_0700 … ✗ swath overlaps bbox but all pixels cloud/land masked
  n20 20260521_0710 … ✗ swath overlaps bbox but all pixels cloud/land masked
  n20 20260521_0750 … ✗ swath overlaps bbox but all pixels cloud/land masked
  n20 20260521_0800 … ✗ swath overlaps bbox but all pixels cloud/land masked
  n20 20260521_0810 … ✗ swath overlaps bbox but all pixels cloud/land masked
  n20 20260521_0850 … ✗ swath overlaps bbox but all pixels cloud/land masked
  n20 20260521_0900 … ✗ swath overlaps bbox but all pixels cloud/land masked
  n20 20260521_0910 … ✗ swath overlaps bbox but all pixels cloud/land masked
  n20 20260521_0950 … ✗ swath overlaps bbox but all pixels cloud/land masked
  n20 20260521_1000 … ✗ swath overlaps bbox but all pixels cloud/land masked
  n20 20260521_1010 … ✗ swath overlaps bbox but all pixels cloud/land masked
  n20 20260521_1050 … ✗ swath overlaps bbox but all pixels cloud/land masked
  n20 20260521_1100 … ✗ swath overlaps bbox but all pixels cloud/land masked
  n20 20260521_1110 … ✗ swath overlaps bbox but all pixels cloud/land masked
  n20 20260521_1150 … ✗ swath overlaps bbox but all pixels cloud/land masked
  n20 20260521_1200 … ✗ swath overlaps bbox but all pixels cloud/land masked
  n20 20260521_1210 … ✗ swath overlaps bbox but all pixels cloud/land masked
  n20 20260521_1250 … ✗ swath overlaps bbox but all pixels cloud/land masked
  n20 20260521_1300 … ✗ swath overlaps bbox but all pixels cloud/land masked
  n20 20260521_1310 … ✗ swath overlaps bbox but all pixels cloud/land masked
  n20 20260521_1350 … ✗ swath overlaps bbox but all pixels cloud/land masked
  n20 20260521_1400 … ✗ swath overlaps bbox but all pixels cloud/land masked
  n20 20260521_1410 … ✗ swath overlaps bbox but all pixels cloud/land masked
  n20 20260521_1450 … ✗ swath overlaps bbox but all pixels cloud/land masked
  n20 20260521_1500 … ✗ swath overlaps bbox but all pixels cloud/land masked
  n20 20260521_1510 … ✗ swath overlaps bbox but all pixels cloud/land masked
  n20 20260521_1550 … ✗ swath overlaps bbox but all pixels cloud/land masked
  n20 20260521_1600 … ✗ swath overlaps bbox but all pixels cloud/land masked
  n20 20260521_1610 … ✗ swath overlaps bbox but all pixels cloud/land masked
  n20 20260521_1650 … ✗ swath overlaps bbox but all pixels cloud/land masked
  n20 20260521_1700 … ✗ swath overlaps bbox but all pixels cloud/land masked
  n20 20260521_1710 ✓ (cached)
  n20 20260521_1750 … ✗ swath overlaps bbox but all pixels cloud/land masked
  n20 20260521_1800 … ✗ swath overlaps bbox but all pixels cloud/land masked
  n20 20260521_1810 … ✗ swath overlaps bbox but all pixels cloud/land masked
  n20 20260521_1850 ✓ (cached)
  n20 20260521_1900 … ✗ swath overlaps bbox but all pixels cloud/land masked
  n20 20260521_1910 … ✗ swath overlaps bbox but all pixels cloud/land masked
  n20 20260521_1950 … ✗ swath overlaps bbox but all pixels cloud/land masked
  n20 20260521_2000 … ✗ swath overlaps bbox but all pixels cloud/land masked
  n20 20260521_2010 … ✗ swath overlaps bbox but all pixels cloud/land masked
  n20 20260521_2050 … ✗ swath overlaps bbox but all pixels cloud/land masked
  n20 20260521_2100 … ✗ swath overlaps bbox but all pixels cloud/land masked
  n20 20260521_2110 … ✗ swath overlaps bbox but all pixels cloud/land masked
  n20 20260521_2150 … ✗ swath overlaps bbox but all pixels cloud/land masked
  n20 20260521_2200 … ✗ swath overlaps bbox but all pixels cloud/land masked
  n20 20260521_2210 … ✗ swath overlaps bbox but all pixels cloud/land masked
  n20 20260521_2250 … ✗ swath overlaps bbox but all pixels cloud/land masked
  n20 20260521_2300 … ✗ swath overlaps bbox but all pixels cloud/land masked
  n20 20260521_2310 … ✗ swath overlaps bbox but all pixels cloud/land masked
  n20 20260521_2350 … ✗ swath overlaps bbox but all pixels cloud/land masked
  n20 20260522_0000 … ✗ swath overlaps bbox but all pixels cloud/land masked
  n20 20260522_0010 … ✗ swath overlaps bbox but all pixels cloud/land masked
  n20 20260522_0050 … ✗ swath overlaps bbox but all pixels cloud/land masked
  n20 20260522_0100 … ✗ swath overlaps bbox but all pixels cloud/land masked
  n20 20260522_0110 … ✗ swath overlaps bbox but all pixels cloud/land masked
  n20 20260522_0150 … ✗ swath overlaps bbox but all pixels cloud/land masked
  n20 20260522_0200 … ✗ swath overlaps bbox but all pixels cloud/land masked
  n20 20260522_0210 … ✗ swath overlaps bbox but all pixels cloud/land masked
  n20 20260522_0250 … ✗ swath overlaps bbox but all pixels cloud/land masked
  n20 20260522_0300 … ✗ swath overlaps bbox but all pixels cloud/land masked
  n20 20260522_0310 … ✗ swath overlaps bbox but all pixels cloud/land masked
  n20 20260522_0350 … ✗ swath overlaps bbox but all pixels cloud/land masked
  n20 20260522_0400 … ✗ swath overlaps bbox but all pixels cloud/land masked
  n20 20260522_0410 … ✗ swath overlaps bbox but all pixels cloud/land masked
  n20 20260522_0450 … ✗ swath overlaps bbox but all pixels cloud/land masked
  n20 20260522_0500 … ✗ swath overlaps bbox but all pixels cloud/land masked
  n20 20260522_0510 … ✗ swath overlaps bbox but all pixels cloud/land masked
  n20 20260522_0550 … ✗ swath overlaps bbox but all pixels cloud/land masked
  n20 20260522_0600 … ✗ swath overlaps bbox but all pixels cloud/land masked
  n20 20260522_0610 … ✗ swath overlaps bbox but all pixels cloud/land masked
  n20 20260522_0650 … ✗ swath overlaps bbox but all pixels cloud/land masked
  n20 20260522_0700 … ✗ swath overlaps bbox but all pixels cloud/land masked
  n20 20260522_0710 ✓ (cached)
  n20 20260522_0750 … ✗ swath overlaps bbox but all pixels cloud/land masked
  n20 20260522_0800 … ✗ swath overlaps bbox but all pixels cloud/land masked
  n20 20260522_0810 … ✗ swath overlaps bbox but all pixels cloud/land masked
  n20 20260522_0850 … ✗ swath overlaps bbox but all pixels cloud/land masked
  n20 20260522_0900 … ✗ swath overlaps bbox but all pixels cloud/land masked
  n20 20260522_0910 … ✗ swath overlaps bbox but all pixels cloud/land masked
  n20 20260522_0950 … ✗ swath overlaps bbox but all pixels cloud/land masked
  n20 20260522_1000 … ✗ swath overlaps bbox but all pixels cloud/land masked
  n20 20260522_1010 … ✗ swath overlaps bbox but all pixels cloud/land masked
  n20 20260522_1050 … ✗ swath overlaps bbox but all pixels cloud/land masked
  n20 20260522_1100 … ✗ swath overlaps bbox but all pixels cloud/land masked
  n20 20260522_1110 … ✗ swath overlaps bbox but all pixels cloud/land masked
  n20 20260522_1150 … ✗ swath overlaps bbox but all pixels cloud/land masked
  n20 20260522_1200 … ✗ swath overlaps bbox but all pixels cloud/land masked
  n20 20260522_1210 … ✗ swath overlaps bbox but all pixels cloud/land masked
  n20 20260522_1250 … ✗ swath overlaps bbox but all pixels cloud/land masked
  n20 20260522_1300 … ✗ swath overlaps bbox but all pixels cloud/land masked
  n20 20260522_1310 … ✗ swath overlaps bbox but all pixels cloud/land masked
  n21 20260520_1450 … ✗ swath overlaps bbox but all pixels cloud/land masked
  n21 20260520_1500 … ✗ swath overlaps bbox but all pixels cloud/land masked
  n21 20260520_1510 … ✗ swath overlaps bbox but all pixels cloud/land masked
  n21 20260520_1550 … ✗ swath overlaps bbox but all pixels cloud/land masked
  n21 20260520_1600 … ✗ swath overlaps bbox but all pixels cloud/land masked
  n21 20260520_1610 … ✗ swath overlaps bbox but all pixels cloud/land masked
  n21 20260520_1650 … ✗ swath overlaps bbox but all pixels cloud/land masked
  n21 20260520_1700 … ✗ swath overlaps bbox but all pixels cloud/land masked
  n21 20260520_1710 … ✗ swath overlaps bbox but all pixels cloud/land masked
  n21 20260520_1750 … ✗ swath overlaps bbox but all pixels cloud/land masked
  n21 20260520_1800 … ✗ swath overlaps bbox but all pixels cloud/land masked
  n21 20260520_1810 ✓ (cached)
  n21 20260520_1850 … ✗ swath overlaps bbox but all pixels cloud/land masked
  n21 20260520_1900 … ✗ swath overlaps bbox but all pixels cloud/land masked
  n21 20260520_1910 … ✗ swath overlaps bbox but all pixels cloud/land masked
  n21 20260520_1950 … ✗ swath overlaps bbox but all pixels cloud/land masked
  n21 20260520_2000 … ✗ swath overlaps bbox but all pixels cloud/land masked
  n21 20260520_2010 … ✗ swath overlaps bbox but all pixels cloud/land masked
  n21 20260520_2050 … ✗ swath overlaps bbox but all pixels cloud/land masked
  n21 20260520_2100 … ✗ swath overlaps bbox but all pixels cloud/land masked
  n21 20260520_2110 … ✗ swath overlaps bbox but all pixels cloud/land masked
  n21 20260520_2150 … ✗ swath overlaps bbox but all pixels cloud/land masked
  n21 20260520_2200 … ✗ swath overlaps bbox but all pixels cloud/land masked
  n21 20260520_2210 … ✗ swath overlaps bbox but all pixels cloud/land masked
  n21 20260520_2250 … ✗ swath overlaps bbox but all pixels cloud/land masked
  n21 20260520_2300 … ✗ swath overlaps bbox but all pixels cloud/land masked
  n21 20260520_2310 … ✗ swath overlaps bbox but all pixels cloud/land masked
  n21 20260520_2350 … ✗ swath overlaps bbox but all pixels cloud/land masked
  n21 20260521_0000 … ✗ swath overlaps bbox but all pixels cloud/land masked
  n21 20260521_0010 … ✗ swath overlaps bbox but all pixels cloud/land masked
  n21 20260521_0050 … ✗ swath overlaps bbox but all pixels cloud/land masked
  n21 20260521_0100 … ✗ swath overlaps bbox but all pixels cloud/land masked
  n21 20260521_0110 … ✗ swath overlaps bbox but all pixels cloud/land masked
  n21 20260521_0150 … ✗ swath overlaps bbox but all pixels cloud/land masked
  n21 20260521_0200 … ✗ swath overlaps bbox but all pixels cloud/land masked
  n21 20260521_0210 … ✗ swath overlaps bbox but all pixels cloud/land masked
  n21 20260521_0250 … ✗ swath overlaps bbox but all pixels cloud/land masked
  n21 20260521_0300 … ✗ swath overlaps bbox but all pixels cloud/land masked
  n21 20260521_0310 … ✗ swath overlaps bbox but all pixels cloud/land masked
  n21 20260521_0350 … ✗ swath overlaps bbox but all pixels cloud/land masked
  n21 20260521_0400 … ✗ swath overlaps bbox but all pixels cloud/land masked
  n21 20260521_0410 … ✗ swath overlaps bbox but all pixels cloud/land masked
  n21 20260521_0450 … ✗ swath overlaps bbox but all pixels cloud/land masked
  n21 20260521_0500 … ✗ swath overlaps bbox but all pixels cloud/land masked
  n21 20260521_0510 … ✗ swath overlaps bbox but all pixels cloud/land masked
  n21 20260521_0550 … ✗ swath overlaps bbox but all pixels cloud/land masked
  n21 20260521_0600 … ✗ swath overlaps bbox but all pixels cloud/land masked
  n21 20260521_0610 … ✗ swath overlaps bbox but all pixels cloud/land masked
  n21 20260521_0650 … ✗ swath overlaps bbox but all pixels cloud/land masked
  n21 20260521_0700 … ✗ swath overlaps bbox but all pixels cloud/land masked
  n21 20260521_0710 … ✗ swath overlaps bbox but all pixels cloud/land masked
  n21 20260521_0750 … ✗ swath overlaps bbox but all pixels cloud/land masked
  n21 20260521_0800 … ✗ swath overlaps bbox but all pixels cloud/land masked
  n21 20260521_0810 … ✗ swath overlaps bbox but all pixels cloud/land masked
  n21 20260521_0850 … ✗ swath overlaps bbox but all pixels cloud/land masked
  n21 20260521_0900 … ✗ swath overlaps bbox but all pixels cloud/land masked
  n21 20260521_0910 … ✗ swath overlaps bbox but all pixels cloud/land masked
  n21 20260521_0950 … ✗ swath overlaps bbox but all pixels cloud/land masked
  n21 20260521_1000 … ✗ swath overlaps bbox but all pixels cloud/land masked
  n21 20260521_1010 … ✗ swath overlaps bbox but all pixels cloud/land masked
  n21 20260521_1050 … ✗ swath overlaps bbox but all pixels cloud/land masked
  n21 20260521_1100 … ✗ swath overlaps bbox but all pixels cloud/land masked
  n21 20260521_1110 … ✗ swath overlaps bbox but all pixels cloud/land masked
  n21 20260521_1150 … ✗ swath overlaps bbox but all pixels cloud/land masked
  n21 20260521_1200 … ✗ swath overlaps bbox but all pixels cloud/land masked
  n21 20260521_1210 … ✗ swath overlaps bbox but all pixels cloud/land masked
  n21 20260521_1250 … ✗ swath overlaps bbox but all pixels cloud/land masked
  n21 20260521_1300 … ✗ swath overlaps bbox but all pixels cloud/land masked
  n21 20260521_1310 … ✗ swath overlaps bbox but all pixels cloud/land masked
  n21 20260521_1350 … ✗ swath overlaps bbox but all pixels cloud/land masked
  n21 20260521_1400 … ✗ swath overlaps bbox but all pixels cloud/land masked
  n21 20260521_1410 … ✗ swath overlaps bbox but all pixels cloud/land masked
  n21 20260521_1450 … ✗ swath overlaps bbox but all pixels cloud/land masked
  n21 20260521_1500 … ✗ swath overlaps bbox but all pixels cloud/land masked
  n21 20260521_1510 … ✗ swath overlaps bbox but all pixels cloud/land masked
  n21 20260521_1550 … ✗ swath overlaps bbox but all pixels cloud/land masked
  n21 20260521_1600 … ✗ swath overlaps bbox but all pixels cloud/land masked
  n21 20260521_1610 … ✗ swath overlaps bbox but all pixels cloud/land masked
  n21 20260521_1650 … ✗ swath overlaps bbox but all pixels cloud/land masked
  n21 20260521_1700 … ✗ swath overlaps bbox but all pixels cloud/land masked
  n21 20260521_1710 … ✗ swath overlaps bbox but all pixels cloud/land masked
  n21 20260521_1750 … ✗ swath overlaps bbox but all pixels cloud/land masked
  n21 20260521_1800 ✓ (cached)
  n21 20260521_1810 … ✗ swath overlaps bbox but all pixels cloud/land masked
  n21 20260521_1850 … ✗ swath overlaps bbox but all pixels cloud/land masked
  n21 20260521_1900 … ✗ swath overlaps bbox but all pixels cloud/land masked
  n21 20260521_1910 … ✗ swath overlaps bbox but all pixels cloud/land masked
  n21 20260521_1950 … ✗ swath overlaps bbox but all pixels cloud/land masked
  n21 20260521_2000 … ✗ swath overlaps bbox but all pixels cloud/land masked
  n21 20260521_2010 … ✗ swath overlaps bbox but all pixels cloud/land masked
  n21 20260521_2050 … ✗ swath overlaps bbox but all pixels cloud/land masked
  n21 20260521_2100 … ✗ swath overlaps bbox but all pixels cloud/land masked
  n21 20260521_2110 … ✗ swath overlaps bbox but all pixels cloud/land masked
  n21 20260521_2150 … ✗ swath overlaps bbox but all pixels cloud/land masked
  n21 20260521_2200 … ✗ swath overlaps bbox but all pixels cloud/land masked
  n21 20260521_2210 … ✗ swath overlaps bbox but all pixels cloud/land masked
  n21 20260521_2250 … ✗ swath overlaps bbox but all pixels cloud/land masked
  n21 20260521_2300 … ✗ swath overlaps bbox but all pixels cloud/land masked
  n21 20260521_2310 … ✗ swath overlaps bbox but all pixels cloud/land masked
  n21 20260521_2350 … ✗ swath overlaps bbox but all pixels cloud/land masked
  n21 20260522_0000 … ✗ swath overlaps bbox but all pixels cloud/land masked
  n21 20260522_0010 … ✗ swath overlaps bbox but all pixels cloud/land masked
  n21 20260522_0050 … ✗ swath overlaps bbox but all pixels cloud/land masked
  n21 20260522_0100 … ✗ swath overlaps bbox but all pixels cloud/land masked
  n21 20260522_0110 … ✗ swath overlaps bbox but all pixels cloud/land masked
  n21 20260522_0150 … ✗ swath overlaps bbox but all pixels cloud/land masked
  n21 20260522_0200 … ✗ swath overlaps bbox but all pixels cloud/land masked
  n21 20260522_0210 … ✗ swath overlaps bbox but all pixels cloud/land masked
  n21 20260522_0250 … ✗ swath overlaps bbox but all pixels cloud/land masked
  n21 20260522_0300 … ✗ swath overlaps bbox but all pixels cloud/land masked
  n21 20260522_0310 … ✗ swath overlaps bbox but all pixels cloud/land masked
  n21 20260522_0350 … ✗ swath overlaps bbox but all pixels cloud/land masked
  n21 20260522_0400 … ✗ swath overlaps bbox but all pixels cloud/land masked
  n21 20260522_0410 … ✗ swath overlaps bbox but all pixels cloud/land masked
  n21 20260522_0450 … ✗ swath overlaps bbox but all pixels cloud/land masked
  n21 20260522_0500 … ✗ swath overlaps bbox but all pixels cloud/land masked
  n21 20260522_0510 … ✗ swath overlaps bbox but all pixels cloud/land masked
  n21 20260522_0550 … ✗ swath overlaps bbox but all pixels cloud/land masked
  n21 20260522_0600 … ✗ swath overlaps bbox but all pixels cloud/land masked
  n21 20260522_0610 … ✗ swath overlaps bbox but all pixels cloud/land masked
  n21 20260522_0650 … ✗ swath overlaps bbox but all pixels cloud/land masked
  n21 20260522_0700 … ✗ swath overlaps bbox but all pixels cloud/land masked
  n21 20260522_0710 … ✗ swath overlaps bbox but all pixels cloud/land masked
  n21 20260522_0750 … ✗ swath overlaps bbox but all pixels cloud/land masked
  n21 20260522_0800 ✓ (cached)
  n21 20260522_0810 … ✗ swath overlaps bbox but all pixels cloud/land masked
  n21 20260522_0850 … ✗ swath overlaps bbox but all pixels cloud/land masked
  n21 20260522_0900 … ✗ swath overlaps bbox but all pixels cloud/land masked
  n21 20260522_0910 … ✗ swath overlaps bbox but all pixels cloud/land masked
  n21 20260522_0950 … ✗ swath overlaps bbox but all pixels cloud/land masked
  n21 20260522_1000 … ✗ swath overlaps bbox but all pixels cloud/land masked
  n21 20260522_1010 … ✗ swath overlaps bbox but all pixels cloud/land masked
  n21 20260522_1050 … ✗ swath overlaps bbox but all pixels cloud/land masked
  n21 20260522_1100 … ✗ swath overlaps bbox but all pixels cloud/land masked
  n21 20260522_1110 … ✗ swath overlaps bbox but all pixels cloud/land masked
  n21 20260522_1150 … ✗ swath overlaps bbox but all pixels cloud/land masked
  n21 20260522_1200 … ✗ swath overlaps bbox but all pixels cloud/land masked
  n21 20260522_1210 … ✗ swath overlaps bbox but all pixels cloud/land masked
  n21 20260522_1250 … ✗ swath overlaps bbox but all pixels cloud/land masked
  n21 20260522_1300 … ✗ swath overlaps bbox but all pixels cloud/land masked
  n21 20260522_1310 … ✗ swath overlaps bbox but all pixels cloud/land masked

  VIIRS summary: 0 written, 13 cached, 409 miss/cloud, 685 outside windows.

=========================================================
✓ Pipeline complete
=========================================================
