=========================================================
SST PIPELINE
  UTC  : 2026-06-07 02:50:14
  Bbox : 33.7–39.0°N  -78.89–-72.21°E
=========================================================

── MUR daily composite (last 5 days) ──
  MUR 20260606 (coastwatch.noaa.gov) … ✗ RuntimeError
  MUR 20260606 (coastwatch.pfeg.noaa.gov) … ✗ RuntimeError
  MUR 20260606 (upwell.pfeg.noaa.gov) … ✗ RuntimeError
  ✗ MUR 20260606 — all mirrors failed. Last: upwell.pfeg.noaa.gov: RuntimeError: 404 — no data for this date
  ✓ MUR 20260605 (cached)
  ✓ MUR 20260604 (cached)
  ✓ MUR 20260603 (cached)
  ✓ MUR 20260602 (cached)

── GOES-19 geo-polar blended daily composite ──
  Candidates: 4 (2 hosts × 2 dataset IDs)
  GOES 20260607 [noaa/noaacwBLENDEDsstDLDaily] … ✗ RuntimeError: 404 — no data for this date
  GOES 20260607 [noaa/noaacwBLENDEDsstDaily] … ✗ RuntimeError: 404 — no data for this date
  GOES 20260607 [pfeg/noaacwBLENDEDsstDLDaily] … ✗ RuntimeError: 404 — no data for this date
  GOES 20260607 [pfeg/noaacwBLENDEDsstDaily] … ✗ RuntimeError: 404 — no data for this date
  GOES 20260606 [noaa/noaacwBLENDEDsstDLDaily] … ✗ RuntimeError: 404 — no data for this date
  GOES 20260606 [noaa/noaacwBLENDEDsstDaily] … ✗ RuntimeError: 404 — no data for this date
  GOES 20260606 [pfeg/noaacwBLENDEDsstDLDaily] … ✗ RuntimeError: 404 — no data for this date
  GOES 20260606 [pfeg/noaacwBLENDEDsstDaily] … ✗ RuntimeError: 404 — no data for this date
  GOES 20260605 [noaa/noaacwBLENDEDsstDLDaily] …   (land filter: loaded 24 coastline polygons)
  (land filter: dropped 70 inland, kept 2237 ocean)
✓
  → DailySSTData/GOES/Composite/goes_composite_20260605.csv  (2237 pts, 54 lats × 66 lons)

── VIIRS multi-pass (last 48h — NPP/N20/N21) ──
  ✓ VIIRS NRT base: https://www.star.nesdis.noaa.gov/pub/socd2/coastwatch/sst/nrt/viirs
  Hourly windows : 48
  Window range   : 2026-06-05 02:50Z → 2026-06-07 02:10Z
  Half-width     : ±10 min per bucket
  npp 20260605_0250 … ✗ swath overlaps bbox but all pixels cloud/land masked
  npp 20260605_0300 … ✗ swath overlaps bbox but all pixels cloud/land masked
  npp 20260605_0310 … ✗ swath overlaps bbox but all pixels cloud/land masked
  npp 20260605_0350 … ✗ swath overlaps bbox but all pixels cloud/land masked
  npp 20260605_0400 … ✗ swath overlaps bbox but all pixels cloud/land masked
  npp 20260605_0410 … ✗ swath overlaps bbox but all pixels cloud/land masked
  npp 20260605_0450 … ✗ swath overlaps bbox but all pixels cloud/land masked
  npp 20260605_0500 … ✗ swath overlaps bbox but all pixels cloud/land masked
  npp 20260605_0510 … ✗ swath overlaps bbox but all pixels cloud/land masked
  npp 20260605_0550 ✓ (cached)
  npp 20260605_0600 … ✗ swath overlaps bbox but all pixels cloud/land masked
  npp 20260605_0610 … ✗ swath overlaps bbox but all pixels cloud/land masked
  npp 20260605_0650 … ✗ swath overlaps bbox but all pixels cloud/land masked
  npp 20260605_0700 … ✗ swath overlaps bbox but all pixels cloud/land masked
  npp 20260605_0710 … ✗ swath overlaps bbox but all pixels cloud/land masked
  npp 20260605_0750 … ✗ swath overlaps bbox but all pixels cloud/land masked
  npp 20260605_0800 … ✗ swath overlaps bbox but all pixels cloud/land masked
  npp 20260605_0810 … ✗ swath overlaps bbox but all pixels cloud/land masked
  npp 20260605_0850 … ✗ swath overlaps bbox but all pixels cloud/land masked
  npp 20260605_0900 … ✗ swath overlaps bbox but all pixels cloud/land masked
  npp 20260605_0910 … ✗ swath overlaps bbox but all pixels cloud/land masked
  npp 20260605_0950 … ✗ swath overlaps bbox but all pixels cloud/land masked
  npp 20260605_1000 … ✗ swath overlaps bbox but all pixels cloud/land masked
  npp 20260605_1010 … ✗ swath overlaps bbox but all pixels cloud/land masked
  npp 20260605_1050 … ✗ swath overlaps bbox but all pixels cloud/land masked
  npp 20260605_1100 … ✗ swath overlaps bbox but all pixels cloud/land masked
  npp 20260605_1110 … ✗ swath overlaps bbox but all pixels cloud/land masked
  npp 20260605_1150 … ✗ swath overlaps bbox but all pixels cloud/land masked
  npp 20260605_1200 … ✗ swath overlaps bbox but all pixels cloud/land masked
  npp 20260605_1210 … ✗ swath overlaps bbox but all pixels cloud/land masked
  npp 20260605_1250 … ✗ swath overlaps bbox but all pixels cloud/land masked
  npp 20260605_1300 … ✗ swath overlaps bbox but all pixels cloud/land masked
  npp 20260605_1310 … ✗ swath overlaps bbox but all pixels cloud/land masked
  npp 20260605_1350 … ✗ swath overlaps bbox but all pixels cloud/land masked
  npp 20260605_1400 … ✗ swath overlaps bbox but all pixels cloud/land masked
  npp 20260605_1410 … ✗ swath overlaps bbox but all pixels cloud/land masked
  npp 20260605_1450 … ✗ swath overlaps bbox but all pixels cloud/land masked
  npp 20260605_1500 … ✗ swath overlaps bbox but all pixels cloud/land masked
  npp 20260605_1510 … ✗ swath overlaps bbox but all pixels cloud/land masked
  npp 20260605_1550 … ✗ swath overlaps bbox but all pixels cloud/land masked
  npp 20260605_1600 … ✗ swath overlaps bbox but all pixels cloud/land masked
  npp 20260605_1610 … ✗ swath overlaps bbox but all pixels cloud/land masked
  npp 20260605_1650 … ✗ swath overlaps bbox but all pixels cloud/land masked
  npp 20260605_1700 … ✗ swath overlaps bbox but all pixels cloud/land masked
  npp 20260605_1710 ✓ (cached)
  npp 20260605_1750 … ✗ swath overlaps bbox but all pixels cloud/land masked
  npp 20260605_1800 … ✗ swath overlaps bbox but all pixels cloud/land masked
  npp 20260605_1810 … ✗ swath overlaps bbox but all pixels cloud/land masked
  npp 20260605_1850 ✓ (cached)
  npp 20260605_1900 … ✗ swath overlaps bbox but all pixels cloud/land masked
  npp 20260605_1910 … ✗ swath overlaps bbox but all pixels cloud/land masked
  npp 20260605_1950 … ✗ swath overlaps bbox but all pixels cloud/land masked
  npp 20260605_2000 … ✗ swath overlaps bbox but all pixels cloud/land masked
  npp 20260605_2010 … ✗ swath overlaps bbox but all pixels cloud/land masked
  npp 20260605_2050 … ✗ swath overlaps bbox but all pixels cloud/land masked
  npp 20260605_2100 … ✗ swath overlaps bbox but all pixels cloud/land masked
  npp 20260605_2110 … ✗ swath overlaps bbox but all pixels cloud/land masked
  npp 20260605_2150 … ✗ swath overlaps bbox but all pixels cloud/land masked
  npp 20260605_2200 … ✗ swath overlaps bbox but all pixels cloud/land masked
  npp 20260605_2210 … ✗ swath overlaps bbox but all pixels cloud/land masked
  npp 20260605_2250 … ✗ swath overlaps bbox but all pixels cloud/land masked
  npp 20260605_2300 … ✗ swath overlaps bbox but all pixels cloud/land masked
  npp 20260605_2310 … ✗ swath overlaps bbox but all pixels cloud/land masked
  npp 20260605_2350 … ✗ swath overlaps bbox but all pixels cloud/land masked
  npp 20260606_0000 … ✗ swath overlaps bbox but all pixels cloud/land masked
  npp 20260606_0010 … ✗ swath overlaps bbox but all pixels cloud/land masked
  npp 20260606_0050 … ✗ swath overlaps bbox but all pixels cloud/land masked
  npp 20260606_0100 … ✗ swath overlaps bbox but all pixels cloud/land masked
  npp 20260606_0110 … ✗ swath overlaps bbox but all pixels cloud/land masked
  npp 20260606_0150 … ✗ swath overlaps bbox but all pixels cloud/land masked
  npp 20260606_0200 … ✗ swath overlaps bbox but all pixels cloud/land masked
  npp 20260606_0210 … ✗ swath overlaps bbox but all pixels cloud/land masked
  npp 20260606_0250 … ✗ swath overlaps bbox but all pixels cloud/land masked
  npp 20260606_0300 … ✗ swath overlaps bbox but all pixels cloud/land masked
  npp 20260606_0310 … ✗ swath overlaps bbox but all pixels cloud/land masked
  npp 20260606_0350 … ✗ swath overlaps bbox but all pixels cloud/land masked
  npp 20260606_0400 … ✗ swath overlaps bbox but all pixels cloud/land masked
  npp 20260606_0410 … ✗ swath overlaps bbox but all pixels cloud/land masked
  npp 20260606_0450 … ✗ swath overlaps bbox but all pixels cloud/land masked
  npp 20260606_0500 … ✗ swath overlaps bbox but all pixels cloud/land masked
  npp 20260606_0510 … ✗ swath overlaps bbox but all pixels cloud/land masked
  npp 20260606_0550 … ✗ swath overlaps bbox but all pixels cloud/land masked
  npp 20260606_0600 … ✗ swath overlaps bbox but all pixels cloud/land masked
  npp 20260606_0610 … ✗ swath overlaps bbox but all pixels cloud/land masked
  npp 20260606_0650 … ✗ swath overlaps bbox but all pixels cloud/land masked
  npp 20260606_0700 … ✗ swath overlaps bbox but all pixels cloud/land masked
  npp 20260606_0710 ✓ (cached)
  npp 20260606_0750 … ✗ swath overlaps bbox but all pixels cloud/land masked
  npp 20260606_0800 … ✗ swath overlaps bbox but all pixels cloud/land masked
  npp 20260606_0810 … ✗ swath overlaps bbox but all pixels cloud/land masked
  npp 20260606_0850 … ✗ swath overlaps bbox but all pixels cloud/land masked
  npp 20260606_0900 … ✗ swath overlaps bbox but all pixels cloud/land masked
  npp 20260606_0910 … ✗ swath overlaps bbox but all pixels cloud/land masked
  npp 20260606_0950 … ✗ swath overlaps bbox but all pixels cloud/land masked
  npp 20260606_1000 … ✗ swath overlaps bbox but all pixels cloud/land masked
  npp 20260606_1010 … ✗ swath overlaps bbox but all pixels cloud/land masked
  npp 20260606_1050 … ✗ swath overlaps bbox but all pixels cloud/land masked
  npp 20260606_1100 … ✗ swath overlaps bbox but all pixels cloud/land masked
  npp 20260606_1110 … ✗ swath overlaps bbox but all pixels cloud/land masked
  npp 20260606_1150 … ✗ swath overlaps bbox but all pixels cloud/land masked
  npp 20260606_1200 … ✗ swath overlaps bbox but all pixels cloud/land masked
  npp 20260606_1210 … ✗ swath overlaps bbox but all pixels cloud/land masked
  npp 20260606_1250 … ✗ swath overlaps bbox but all pixels cloud/land masked
  npp 20260606_1300 … ✗ swath overlaps bbox but all pixels cloud/land masked
  npp 20260606_1310 … ✗ swath overlaps bbox but all pixels cloud/land masked
  npp 20260606_1350 … ✗ swath overlaps bbox but all pixels cloud/land masked
  npp 20260606_1400 … ✗ swath overlaps bbox but all pixels cloud/land masked
  npp 20260606_1410 … ✗ swath overlaps bbox but all pixels cloud/land masked
  npp 20260606_1450 … ✗ swath overlaps bbox but all pixels cloud/land masked
  npp 20260606_1500 … ✗ swath overlaps bbox but all pixels cloud/land masked
  npp 20260606_1510 … ✗ swath overlaps bbox but all pixels cloud/land masked
  npp 20260606_1550 … ✗ swath overlaps bbox but all pixels cloud/land masked
  npp 20260606_1600 … ✗ swath overlaps bbox but all pixels cloud/land masked
  npp 20260606_1610 … ✗ swath overlaps bbox but all pixels cloud/land masked
  npp 20260606_1650 ✓ (cached)
  npp 20260606_1700 … ✗ swath overlaps bbox but all pixels cloud/land masked
  npp 20260606_1710 … ✗ swath overlaps bbox but all pixels cloud/land masked
  npp 20260606_1750 … ✗ swath overlaps bbox but all pixels cloud/land masked
  npp 20260606_1800 … ✗ swath overlaps bbox but all pixels cloud/land masked
  npp 20260606_1810 … ✗ swath overlaps bbox but all pixels cloud/land masked
  npp 20260606_1850 … ✗ swath overlaps bbox but all pixels cloud/land masked
  npp 20260606_1900 … ✗ swath overlaps bbox but all pixels cloud/land masked
  npp 20260606_1910 … ✗ swath overlaps bbox but all pixels cloud/land masked
  npp 20260606_1950 … ✗ swath overlaps bbox but all pixels cloud/land masked
  npp 20260606_2000 … ✗ swath overlaps bbox but all pixels cloud/land masked
  npp 20260606_2010 … ✗ swath overlaps bbox but all pixels cloud/land masked
  npp 20260606_2050 … ✗ swath overlaps bbox but all pixels cloud/land masked
  npp 20260606_2100 … ✗ swath overlaps bbox but all pixels cloud/land masked
  npp 20260606_2110 … ✗ swath overlaps bbox but all pixels cloud/land masked
  npp 20260606_2150 … ✗ swath overlaps bbox but all pixels cloud/land masked
  npp 20260606_2200 … ✗ swath overlaps bbox but all pixels cloud/land masked
  npp 20260606_2210 … ✗ swath overlaps bbox but all pixels cloud/land masked
  npp 20260606_2250 … ✗ swath overlaps bbox but all pixels cloud/land masked
  npp 20260606_2300 … ✗ swath overlaps bbox but all pixels cloud/land masked
  npp 20260606_2310 … ✗ swath overlaps bbox but all pixels cloud/land masked
  npp 20260606_2350 … ✗ swath overlaps bbox but all pixels cloud/land masked
  npp 20260607_0000 … ✗ swath overlaps bbox but all pixels cloud/land masked
  npp 20260607_0010 … ✗ swath overlaps bbox but all pixels cloud/land masked
  npp 20260607_0050 … ✗ swath overlaps bbox but all pixels cloud/land masked
  npp 20260607_0100 … ✗ swath overlaps bbox but all pixels cloud/land masked
  npp 20260607_0110 … ✗ swath overlaps bbox but all pixels cloud/land masked
  n20 20260605_0250 … ✗ swath overlaps bbox but all pixels cloud/land masked
  n20 20260605_0300 … ✗ swath overlaps bbox but all pixels cloud/land masked
  n20 20260605_0310 … ✗ swath overlaps bbox but all pixels cloud/land masked
  n20 20260605_0350 … ✗ swath overlaps bbox but all pixels cloud/land masked
  n20 20260605_0400 … ✗ swath overlaps bbox but all pixels cloud/land masked
  n20 20260605_0410 … ✗ swath overlaps bbox but all pixels cloud/land masked
  n20 20260605_0450 … ✗ swath overlaps bbox but all pixels cloud/land masked
  n20 20260605_0500 … ✗ swath overlaps bbox but all pixels cloud/land masked
  n20 20260605_0510 … ✗ swath overlaps bbox but all pixels cloud/land masked
  n20 20260605_0550 … ✗ swath overlaps bbox but all pixels cloud/land masked
  n20 20260605_0600 … ✗ swath overlaps bbox but all pixels cloud/land masked
  n20 20260605_0610 ✓ (cached)
  n20 20260605_0650 … ✗ swath overlaps bbox but all pixels cloud/land masked
  n20 20260605_0700 … ✗ swath overlaps bbox but all pixels cloud/land masked
  n20 20260605_0710 … ✗ swath overlaps bbox but all pixels cloud/land masked
  n20 20260605_0750 ✓ (cached)
  n20 20260605_0800 … ✗ swath overlaps bbox but all pixels cloud/land masked
  n20 20260605_0810 … ✗ swath overlaps bbox but all pixels cloud/land masked
  n20 20260605_0850 … ✗ swath overlaps bbox but all pixels cloud/land masked
  n20 20260605_0900 … ✗ swath overlaps bbox but all pixels cloud/land masked
  n20 20260605_0910 … ✗ swath overlaps bbox but all pixels cloud/land masked
  n20 20260605_0950 … ✗ swath overlaps bbox but all pixels cloud/land masked
  n20 20260605_1000 … ✗ swath overlaps bbox but all pixels cloud/land masked
  n20 20260605_1010 … ✗ swath overlaps bbox but all pixels cloud/land masked
  n20 20260605_1050 … ✗ swath overlaps bbox but all pixels cloud/land masked
  n20 20260605_1100 … ✗ swath overlaps bbox but all pixels cloud/land masked
  n20 20260605_1110 … ✗ swath overlaps bbox but all pixels cloud/land masked
  n20 20260605_1150 … ✗ swath overlaps bbox but all pixels cloud/land masked
  n20 20260605_1200 … ✗ swath overlaps bbox but all pixels cloud/land masked
  n20 20260605_1210 … ✗ swath overlaps bbox but all pixels cloud/land masked
  n20 20260605_1250 … ✗ swath overlaps bbox but all pixels cloud/land masked
  n20 20260605_1300 … ✗ swath overlaps bbox but all pixels cloud/land masked
  n20 20260605_1310 … ✗ swath overlaps bbox but all pixels cloud/land masked
  n20 20260605_1350 … ✗ swath overlaps bbox but all pixels cloud/land masked
  n20 20260605_1400 … ✗ swath overlaps bbox but all pixels cloud/land masked
  n20 20260605_1410 … ✗ swath overlaps bbox but all pixels cloud/land masked
  n20 20260605_1450 … ✗ swath overlaps bbox but all pixels cloud/land masked
  n20 20260605_1500 … ✗ swath overlaps bbox but all pixels cloud/land masked
  n20 20260605_1510 … ✗ swath overlaps bbox but all pixels cloud/land masked
  n20 20260605_1550 … ✗ swath overlaps bbox but all pixels cloud/land masked
  n20 20260605_1600 … ✗ swath overlaps bbox but all pixels cloud/land masked
  n20 20260605_1610 … ✗ swath overlaps bbox but all pixels cloud/land masked
  n20 20260605_1650 … ✗ swath overlaps bbox but all pixels cloud/land masked
  n20 20260605_1700 … ✗ swath overlaps bbox but all pixels cloud/land masked
  n20 20260605_1710 … ✗ swath overlaps bbox but all pixels cloud/land masked
  n20 20260605_1750 … ✗ swath overlaps bbox but all pixels cloud/land masked
  n20 20260605_1800 … ✗ swath overlaps bbox but all pixels cloud/land masked
  n20 20260605_1810 … ✗ swath overlaps bbox but all pixels cloud/land masked
  n20 20260605_1850 … ✗ swath overlaps bbox but all pixels cloud/land masked
  n20 20260605_1900 … ✗ swath overlaps bbox but all pixels cloud/land masked
  n20 20260605_1910 ✓ (cached)
  n20 20260605_1950 … ✗ swath overlaps bbox but all pixels cloud/land masked
  n20 20260605_2000 … ✗ swath overlaps bbox but all pixels cloud/land masked
  n20 20260605_2010 … ✗ swath overlaps bbox but all pixels cloud/land masked
  n20 20260605_2050 … ✗ swath overlaps bbox but all pixels cloud/land masked
  n20 20260605_2100 … ✗ swath overlaps bbox but all pixels cloud/land masked
  n20 20260605_2110 … ✗ swath overlaps bbox but all pixels cloud/land masked
  n20 20260605_2150 … ✗ swath overlaps bbox but all pixels cloud/land masked
  n20 20260605_2200 … ✗ swath overlaps bbox but all pixels cloud/land masked
  n20 20260605_2210 … ✗ swath overlaps bbox but all pixels cloud/land masked
  n20 20260605_2250 … ✗ swath overlaps bbox but all pixels cloud/land masked
  n20 20260605_2300 … ✗ swath overlaps bbox but all pixels cloud/land masked
  n20 20260605_2310 … ✗ swath overlaps bbox but all pixels cloud/land masked
  n20 20260605_2350 … ✗ swath overlaps bbox but all pixels cloud/land masked
  n20 20260606_0000 … ✗ swath overlaps bbox but all pixels cloud/land masked
  n20 20260606_0010 … ✗ swath overlaps bbox but all pixels cloud/land masked
  n20 20260606_0050 … ✗ swath overlaps bbox but all pixels cloud/land masked
  n20 20260606_0100 … ✗ swath overlaps bbox but all pixels cloud/land masked
  n20 20260606_0110 … ✗ swath overlaps bbox but all pixels cloud/land masked
  n20 20260606_0150 … ✗ swath overlaps bbox but all pixels cloud/land masked
  n20 20260606_0200 … ✗ swath overlaps bbox but all pixels cloud/land masked
  n20 20260606_0210 … ✗ swath overlaps bbox but all pixels cloud/land masked
  n20 20260606_0250 … ✗ swath overlaps bbox but all pixels cloud/land masked
  n20 20260606_0300 … ✗ swath overlaps bbox but all pixels cloud/land masked
  n20 20260606_0310 … ✗ swath overlaps bbox but all pixels cloud/land masked
  n20 20260606_0350 … ✗ swath overlaps bbox but all pixels cloud/land masked
  n20 20260606_0400 … ✗ swath overlaps bbox but all pixels cloud/land masked
  n20 20260606_0410 … ✗ swath overlaps bbox but all pixels cloud/land masked
  n20 20260606_0450 … ✗ swath overlaps bbox but all pixels cloud/land masked
  n20 20260606_0500 … ✗ swath overlaps bbox but all pixels cloud/land masked
  n20 20260606_0510 … ✗ swath overlaps bbox but all pixels cloud/land masked
  n20 20260606_0550 ✓ (cached)
  n20 20260606_0600 … ✗ swath overlaps bbox but all pixels cloud/land masked
  n20 20260606_0610 … ✗ swath overlaps bbox but all pixels cloud/land masked
  n20 20260606_0650 … ✗ swath overlaps bbox but all pixels cloud/land masked
  n20 20260606_0700 … ✗ swath overlaps bbox but all pixels cloud/land masked
  n20 20260606_0710 … ✗ swath overlaps bbox but all pixels cloud/land masked
  n20 20260606_0750 … ✗ swath overlaps bbox but all pixels cloud/land masked
  n20 20260606_0800 … ✗ swath overlaps bbox but all pixels cloud/land masked
  n20 20260606_0810 … ✗ swath overlaps bbox but all pixels cloud/land masked
  n20 20260606_0850 … ✗ swath overlaps bbox but all pixels cloud/land masked
  n20 20260606_0900 … ✗ swath overlaps bbox but all pixels cloud/land masked
  n20 20260606_0910 … ✗ swath overlaps bbox but all pixels cloud/land masked
  n20 20260606_0950 … ✗ swath overlaps bbox but all pixels cloud/land masked
  n20 20260606_1000 … ✗ swath overlaps bbox but all pixels cloud/land masked
  n20 20260606_1010 … ✗ swath overlaps bbox but all pixels cloud/land masked
  n20 20260606_1050 … ✗ swath overlaps bbox but all pixels cloud/land masked
  n20 20260606_1100 … ✗ swath overlaps bbox but all pixels cloud/land masked
  n20 20260606_1110 … ✗ swath overlaps bbox but all pixels cloud/land masked
  n20 20260606_1150 … ✗ swath overlaps bbox but all pixels cloud/land masked
  n20 20260606_1200 … ✗ swath overlaps bbox but all pixels cloud/land masked
  n20 20260606_1210 … ✗ swath overlaps bbox but all pixels cloud/land masked
  n20 20260606_1250 … ✗ swath overlaps bbox but all pixels cloud/land masked
  n20 20260606_1300 … ✗ swath overlaps bbox but all pixels cloud/land masked
  n20 20260606_1310 … ✗ swath overlaps bbox but all pixels cloud/land masked
  n20 20260606_1350 … ✗ swath overlaps bbox but all pixels cloud/land masked
  n20 20260606_1400 … ✗ swath overlaps bbox but all pixels cloud/land masked
  n20 20260606_1410 … ✗ swath overlaps bbox but all pixels cloud/land masked
  n20 20260606_1450 … ✗ swath overlaps bbox but all pixels cloud/land masked
  n20 20260606_1500 … ✗ swath overlaps bbox but all pixels cloud/land masked
  n20 20260606_1510 … ✗ swath overlaps bbox but all pixels cloud/land masked
  n20 20260606_1550 … ✗ swath overlaps bbox but all pixels cloud/land masked
  n20 20260606_1600 … ✗ swath overlaps bbox but all pixels cloud/land masked
  n20 20260606_1610 … ✗ swath overlaps bbox but all pixels cloud/land masked
  n20 20260606_1650 … ✗ swath overlaps bbox but all pixels cloud/land masked
  n20 20260606_1700 … ✗ swath overlaps bbox but all pixels cloud/land masked
  n20 20260606_1710 ✓ (cached)
  n20 20260606_1750 … ✗ swath overlaps bbox but all pixels cloud/land masked
  n20 20260606_1800 … ✗ swath overlaps bbox but all pixels cloud/land masked
  n20 20260606_1810 … ✗ swath overlaps bbox but all pixels cloud/land masked
  n20 20260606_1850 ✓ (cached)
  n20 20260606_1900 … ✗ swath overlaps bbox but all pixels cloud/land masked
  n20 20260606_1910 … ✗ swath overlaps bbox but all pixels cloud/land masked
  n20 20260606_1950 … ✗ swath overlaps bbox but all pixels cloud/land masked
  n20 20260606_2000 … ✗ swath overlaps bbox but all pixels cloud/land masked
  n20 20260606_2010 … ✗ swath overlaps bbox but all pixels cloud/land masked
  n20 20260606_2050 … ✗ swath overlaps bbox but all pixels cloud/land masked
  n20 20260606_2100 … ✗ swath overlaps bbox but all pixels cloud/land masked
  n20 20260606_2110 … ✗ swath overlaps bbox but all pixels cloud/land masked
  n20 20260606_2150 … ✗ swath overlaps bbox but all pixels cloud/land masked
  n20 20260606_2200 … ✗ swath overlaps bbox but all pixels cloud/land masked
  n20 20260606_2210 … ✗ swath overlaps bbox but all pixels cloud/land masked
  n20 20260606_2250 … ✗ swath overlaps bbox but all pixels cloud/land masked
  n20 20260606_2300 … ✗ swath overlaps bbox but all pixels cloud/land masked
  n20 20260606_2310 … ✗ swath overlaps bbox but all pixels cloud/land masked
  n20 20260606_2350 … ✗ swath overlaps bbox but all pixels cloud/land masked
  n20 20260607_0000 … ✗ swath overlaps bbox but all pixels cloud/land masked
  n20 20260607_0010 … ✗ swath overlaps bbox but all pixels cloud/land masked
  n20 20260607_0050 … ✗ swath overlaps bbox but all pixels cloud/land masked
  n20 20260607_0100 … ✗ swath overlaps bbox but all pixels cloud/land masked
  n20 20260607_0110 … ✗ swath overlaps bbox but all pixels cloud/land masked
  n20 20260607_0150 … ✗ swath overlaps bbox but all pixels cloud/land masked
  n21 20260605_0250 … ✗ swath overlaps bbox but all pixels cloud/land masked
  n21 20260605_0300 … ✗ swath overlaps bbox but all pixels cloud/land masked
  n21 20260605_0310 … ✗ swath overlaps bbox but all pixels cloud/land masked
  n21 20260605_0350 … ✗ swath overlaps bbox but all pixels cloud/land masked
  n21 20260605_0400 … ✗ swath overlaps bbox but all pixels cloud/land masked
  n21 20260605_0410 … ✗ swath overlaps bbox but all pixels cloud/land masked
  n21 20260605_0450 … ✗ swath overlaps bbox but all pixels cloud/land masked
  n21 20260605_0500 … ✗ swath overlaps bbox but all pixels cloud/land masked
  n21 20260605_0510 … ✗ swath overlaps bbox but all pixels cloud/land masked
  n21 20260605_0550 … ✗ swath overlaps bbox but all pixels cloud/land masked
  n21 20260605_0600 … ✗ swath overlaps bbox but all pixels cloud/land masked
  n21 20260605_0610 … ✗ swath overlaps bbox but all pixels cloud/land masked
  n21 20260605_0650 ✓ (cached)
  n21 20260605_0700 ✓ (cached)
  n21 20260605_0710 … ✗ swath overlaps bbox but all pixels cloud/land masked
  n21 20260605_0750 … ✗ swath overlaps bbox but all pixels cloud/land masked
  n21 20260605_0800 … ✗ swath overlaps bbox but all pixels cloud/land masked
  n21 20260605_0810 … ✗ swath overlaps bbox but all pixels cloud/land masked
  n21 20260605_0850 … ✗ swath overlaps bbox but all pixels cloud/land masked
  n21 20260605_0900 … ✗ swath overlaps bbox but all pixels cloud/land masked
  n21 20260605_0910 … ✗ swath overlaps bbox but all pixels cloud/land masked
  n21 20260605_0950 … ✗ swath overlaps bbox but all pixels cloud/land masked
  n21 20260605_1000 … ✗ swath overlaps bbox but all pixels cloud/land masked
  n21 20260605_1010 … ✗ swath overlaps bbox but all pixels cloud/land masked
  n21 20260605_1050 … ✗ swath overlaps bbox but all pixels cloud/land masked
  n21 20260605_1100 … ✗ swath overlaps bbox but all pixels cloud/land masked
  n21 20260605_1110 … ✗ swath overlaps bbox but all pixels cloud/land masked
  n21 20260605_1150 … ✗ swath overlaps bbox but all pixels cloud/land masked
  n21 20260605_1200 … ✗ swath overlaps bbox but all pixels cloud/land masked
  n21 20260605_1210 … ✗ swath overlaps bbox but all pixels cloud/land masked
  n21 20260605_1250 … ✗ swath overlaps bbox but all pixels cloud/land masked
  n21 20260605_1300 … ✗ swath overlaps bbox but all pixels cloud/land masked
  n21 20260605_1310 … ✗ swath overlaps bbox but all pixels cloud/land masked
  n21 20260605_1350 … ✗ swath overlaps bbox but all pixels cloud/land masked
  n21 20260605_1400 … ✗ swath overlaps bbox but all pixels cloud/land masked
  n21 20260605_1410 … ✗ swath overlaps bbox but all pixels cloud/land masked
  n21 20260605_1450 … ✗ swath overlaps bbox but all pixels cloud/land masked
  n21 20260605_1500 … ✗ swath overlaps bbox but all pixels cloud/land masked
  n21 20260605_1510 … ✗ swath overlaps bbox but all pixels cloud/land masked
  n21 20260605_1550 … ✗ swath overlaps bbox but all pixels cloud/land masked
  n21 20260605_1600 … ✗ swath overlaps bbox but all pixels cloud/land masked
  n21 20260605_1610 … ✗ swath overlaps bbox but all pixels cloud/land masked
  n21 20260605_1650 … ✗ swath overlaps bbox but all pixels cloud/land masked
  n21 20260605_1700 … ✗ swath overlaps bbox but all pixels cloud/land masked
  n21 20260605_1710 … ✗ swath overlaps bbox but all pixels cloud/land masked
  n21 20260605_1750 … ✗ swath overlaps bbox but all pixels cloud/land masked
  n21 20260605_1800 … ✗ swath overlaps bbox but all pixels cloud/land masked
  n21 20260605_1810 ✓ (cached)
  n21 20260605_1850 … ✗ swath overlaps bbox but all pixels cloud/land masked
  n21 20260605_1900 … ✗ swath overlaps bbox but all pixels cloud/land masked
  n21 20260605_1910 … ✗ swath overlaps bbox but all pixels cloud/land masked
  n21 20260605_1950 … ✗ swath overlaps bbox but all pixels cloud/land masked
  n21 20260605_2000 … ✗ swath overlaps bbox but all pixels cloud/land masked
  n21 20260605_2010 … ✗ swath overlaps bbox but all pixels cloud/land masked
  n21 20260605_2050 … ✗ swath overlaps bbox but all pixels cloud/land masked
  n21 20260605_2100 … ✗ swath overlaps bbox but all pixels cloud/land masked
  n21 20260605_2110 … ✗ swath overlaps bbox but all pixels cloud/land masked
  n21 20260605_2150 … ✗ swath overlaps bbox but all pixels cloud/land masked
  n21 20260605_2200 … ✗ swath overlaps bbox but all pixels cloud/land masked
  n21 20260605_2210 … ✗ swath overlaps bbox but all pixels cloud/land masked
  n21 20260605_2250 … ✗ swath overlaps bbox but all pixels cloud/land masked
  n21 20260605_2300 … ✗ swath overlaps bbox but all pixels cloud/land masked
  n21 20260605_2310 … ✗ swath overlaps bbox but all pixels cloud/land masked
  n21 20260605_2350 … ✗ swath overlaps bbox but all pixels cloud/land masked
  n21 20260606_0000 … ✗ swath overlaps bbox but all pixels cloud/land masked
  n21 20260606_0010 … ✗ swath overlaps bbox but all pixels cloud/land masked
  n21 20260606_0050 … ✗ swath overlaps bbox but all pixels cloud/land masked
  n21 20260606_0100 … ✗ swath overlaps bbox but all pixels cloud/land masked
  n21 20260606_0110 … ✗ swath overlaps bbox but all pixels cloud/land masked
  n21 20260606_0150 … ✗ swath overlaps bbox but all pixels cloud/land masked
  n21 20260606_0200 … ✗ swath overlaps bbox but all pixels cloud/land masked
  n21 20260606_0210 … ✗ swath overlaps bbox but all pixels cloud/land masked
  n21 20260606_0250 … ✗ swath overlaps bbox but all pixels cloud/land masked
  n21 20260606_0300 … ✗ swath overlaps bbox but all pixels cloud/land masked
  n21 20260606_0310 … ✗ swath overlaps bbox but all pixels cloud/land masked
  n21 20260606_0350 … ✗ swath overlaps bbox but all pixels cloud/land masked
  n21 20260606_0400 … ✗ swath overlaps bbox but all pixels cloud/land masked
  n21 20260606_0410 … ✗ swath overlaps bbox but all pixels cloud/land masked
  n21 20260606_0450 … ✗ swath overlaps bbox but all pixels cloud/land masked
  n21 20260606_0500 … ✗ swath overlaps bbox but all pixels cloud/land masked
  n21 20260606_0510 … ✗ swath overlaps bbox but all pixels cloud/land masked
  n21 20260606_0550 … ✗ swath overlaps bbox but all pixels cloud/land masked
  n21 20260606_0600 … ✗ swath overlaps bbox but all pixels cloud/land masked
  n21 20260606_0610 … ✗ swath overlaps bbox but all pixels cloud/land masked
  n21 20260606_0650 … ✗ swath overlaps bbox but all pixels cloud/land masked
  n21 20260606_0700 … ✗ swath overlaps bbox but all pixels cloud/land masked
  n21 20260606_0710 … ✗ swath overlaps bbox but all pixels cloud/land masked
  n21 20260606_0750 … ✗ swath overlaps bbox but all pixels cloud/land masked
  n21 20260606_0800 … ✗ swath overlaps bbox but all pixels cloud/land masked
  n21 20260606_0810 … ✗ swath overlaps bbox but all pixels cloud/land masked
  n21 20260606_0850 … ✗ swath overlaps bbox but all pixels cloud/land masked
  n21 20260606_0900 … ✗ swath overlaps bbox but all pixels cloud/land masked
  n21 20260606_0910 … ✗ swath overlaps bbox but all pixels cloud/land masked
  n21 20260606_0950 … ✗ swath overlaps bbox but all pixels cloud/land masked
  n21 20260606_1000 … ✗ swath overlaps bbox but all pixels cloud/land masked
  n21 20260606_1010 … ✗ swath overlaps bbox but all pixels cloud/land masked
  n21 20260606_1050 … ✗ swath overlaps bbox but all pixels cloud/land masked
  n21 20260606_1100 … ✗ swath overlaps bbox but all pixels cloud/land masked
  n21 20260606_1110 … ✗ swath overlaps bbox but all pixels cloud/land masked
  n21 20260606_1150 … ✗ swath overlaps bbox but all pixels cloud/land masked
  n21 20260606_1200 … ✗ swath overlaps bbox but all pixels cloud/land masked
  n21 20260606_1210 … ✗ swath overlaps bbox but all pixels cloud/land masked
  n21 20260606_1250 … ✗ swath overlaps bbox but all pixels cloud/land masked
  n21 20260606_1300 … ✗ swath overlaps bbox but all pixels cloud/land masked
  n21 20260606_1310 … ✗ swath overlaps bbox but all pixels cloud/land masked
  n21 20260606_1350 … ✗ swath overlaps bbox but all pixels cloud/land masked
  n21 20260606_1400 … ✗ swath overlaps bbox but all pixels cloud/land masked
  n21 20260606_1410 … ✗ swath overlaps bbox but all pixels cloud/land masked
  n21 20260606_1450 … ✗ swath overlaps bbox but all pixels cloud/land masked
  n21 20260606_1500 … ✗ swath overlaps bbox but all pixels cloud/land masked
  n21 20260606_1510 … ✗ swath overlaps bbox but all pixels cloud/land masked
  n21 20260606_1550 … ✗ swath overlaps bbox but all pixels cloud/land masked
  n21 20260606_1600 … ✗ swath overlaps bbox but all pixels cloud/land masked
  n21 20260606_1610 … ✗ swath overlaps bbox but all pixels cloud/land masked
  n21 20260606_1650 … ✗ swath overlaps bbox but all pixels cloud/land masked
  n21 20260606_1700 … ✗ swath overlaps bbox but all pixels cloud/land masked
  n21 20260606_1710 … ✗ swath overlaps bbox but all pixels cloud/land masked
  n21 20260606_1750 … ✗ swath overlaps bbox but all pixels cloud/land masked
  n21 20260606_1800 ✓ (cached)
  n21 20260606_1810 … ✗ swath overlaps bbox but all pixels cloud/land masked
  n21 20260606_1850 … ✗ swath overlaps bbox but all pixels cloud/land masked
  n21 20260606_1900 … ✗ swath overlaps bbox but all pixels cloud/land masked
  n21 20260606_1910 … ✗ swath overlaps bbox but all pixels cloud/land masked
  n21 20260606_1950 … ✗ swath overlaps bbox but all pixels cloud/land masked
  n21 20260606_2000 … ✗ swath overlaps bbox but all pixels cloud/land masked
  n21 20260606_2010 … ✗ swath overlaps bbox but all pixels cloud/land masked
  n21 20260606_2050 … ✗ swath overlaps bbox but all pixels cloud/land masked
  n21 20260606_2100 … ✗ swath overlaps bbox but all pixels cloud/land masked
  n21 20260606_2110 … ✗ swath overlaps bbox but all pixels cloud/land masked
  n21 20260606_2150 … ✗ swath overlaps bbox but all pixels cloud/land masked
  n21 20260606_2200 … ✗ swath overlaps bbox but all pixels cloud/land masked
  n21 20260606_2210 … ✗ swath overlaps bbox but all pixels cloud/land masked
  n21 20260606_2250 … ✗ swath overlaps bbox but all pixels cloud/land masked
  n21 20260606_2300 … ✗ swath overlaps bbox but all pixels cloud/land masked
  n21 20260606_2310 … ✗ swath overlaps bbox but all pixels cloud/land masked
  n21 20260606_2350 … ✗ swath overlaps bbox but all pixels cloud/land masked
  n21 20260607_0000 … ✗ swath overlaps bbox but all pixels cloud/land masked
  n21 20260607_0010 … ✗ swath overlaps bbox but all pixels cloud/land masked
  n21 20260607_0050 … ✗ swath overlaps bbox but all pixels cloud/land masked
  n21 20260607_0100 … ✗ swath overlaps bbox but all pixels cloud/land masked
  n21 20260607_0110 … ✗ swath overlaps bbox but all pixels cloud/land masked
  n21 20260607_0150 … ✗ swath overlaps bbox but all pixels cloud/land masked

  VIIRS summary: 0 written, 15 cached, 410 miss/cloud, 472 outside windows.

=========================================================
✓ Pipeline complete
=========================================================
