========================================
RUNNING REGION: mid_atlantic
========================================
=========================================================
SST PIPELINE
  UTC    : 2026-07-03 15:23:37
  Region : mid_atlantic
  Bbox   : 33.7–39.0°N  -78.89–-72.21°E
  Output : DailySSTData/MUR  (and siblings)
=========================================================

── MUR daily composite (last 5 days) ──
  ✓ MUR 20260702 (cached)
  ✓ MUR 20260701 (cached)
  ✓ MUR 20260630 (cached)
  ✓ MUR 20260629 (cached)
  ✓ MUR 20260628 (cached)

── GOES-19 geo-polar blended daily composite ──
  Candidates: 4 (2 hosts × 2 dataset IDs)
  GOES 20260703 [noaa/noaacwBLENDEDsstDLDaily] … ✗ RuntimeError: 404 — no data for this date
  GOES 20260703 [noaa/noaacwBLENDEDsstDaily] … ✗ RuntimeError: ReadTimeout: HTTPSConnectionPool(host='coastwatch.noaa.gov', port=443): Read tim
  GOES 20260703 [pfeg/noaacwBLENDEDsstDLDaily] … ✗ RuntimeError: 404 — no data for this date
  GOES 20260703 [pfeg/noaacwBLENDEDsstDaily] … ✗ RuntimeError: 404 — no data for this date
  GOES 20260702 [noaa/noaacwBLENDEDsstDLDaily] … ✗ RuntimeError: 404 — no data for this date
  GOES 20260702 [noaa/noaacwBLENDEDsstDaily] … ✗ RuntimeError: 404 — no data for this date
  GOES 20260702 [pfeg/noaacwBLENDEDsstDLDaily] … ✗ RuntimeError: 404 — no data for this date
  GOES 20260702 [pfeg/noaacwBLENDEDsstDaily] … ✗ RuntimeError: 404 — no data for this date
  ✓ GOES composite 20260701 (cached)

── VIIRS multi-pass (last 48h — NPP/N20/N21) ──
  ✓ VIIRS NRT base: https://www.star.nesdis.noaa.gov/pub/socd2/coastwatch/sst/nrt/viirs
  Hourly windows : 48
  Window range   : 2026-07-01 15:50Z → 2026-07-03 15:10Z
  Half-width     : ±10 min per bucket
  npp 20260701_1550 … ✗ swath overlaps bbox but all pixels cloud/land masked
  npp 20260701_1600 … ✗ swath overlaps bbox but all pixels cloud/land masked
  npp 20260701_1610 … ✗ swath overlaps bbox but all pixels cloud/land masked
  npp 20260701_1650 … ✗ swath overlaps bbox but all pixels cloud/land masked
  npp 20260701_1700 … ✗ swath overlaps bbox but all pixels cloud/land masked
  npp 20260701_1710 … ✗ swath overlaps bbox but all pixels cloud/land masked
  npp 20260701_1750 … ✗ swath overlaps bbox but all pixels cloud/land masked
  npp 20260701_1800 … ✗ swath overlaps bbox but all pixels cloud/land masked
  npp 20260701_1810 … ✗ swath overlaps bbox but all pixels cloud/land masked
  npp 20260701_1850 … ✗ swath overlaps bbox but all pixels cloud/land masked
  npp 20260701_1900 ✓ (cached)
  npp 20260701_1910 … ✗ swath overlaps bbox but all pixels cloud/land masked
  npp 20260701_1950 … ✗ swath overlaps bbox but all pixels cloud/land masked
  npp 20260701_2000 … ✗ swath overlaps bbox but all pixels cloud/land masked
  npp 20260701_2010 … ✗ swath overlaps bbox but all pixels cloud/land masked
  npp 20260701_2050 … ✗ swath overlaps bbox but all pixels cloud/land masked
  npp 20260701_2100 … ✗ swath overlaps bbox but all pixels cloud/land masked
  npp 20260701_2110 … ✗ download error: ReadTimeout
  npp 20260701_2150 … ✗ swath overlaps bbox but all pixels cloud/land masked
  npp 20260701_2200 … ✗ swath overlaps bbox but all pixels cloud/land masked
  npp 20260701_2210 … ✗ swath overlaps bbox but all pixels cloud/land masked
  npp 20260701_2250 … ✗ swath overlaps bbox but all pixels cloud/land masked
  npp 20260701_2300 … ✗ swath overlaps bbox but all pixels cloud/land masked
  npp 20260701_2310 … ✗ swath overlaps bbox but all pixels cloud/land masked
  npp 20260701_2350 … ✗ swath overlaps bbox but all pixels cloud/land masked
  ⚠ dir listing failed npp 2026/183: HTTPSConnectionPool(host='www.star.nesdis.noaa.gov', port=443): Read timed out.
  npp 20260703_0000 … ✗ swath overlaps bbox but all pixels cloud/land masked
  npp 20260703_0010 … ✗ swath overlaps bbox but all pixels cloud/land masked
  npp 20260703_0050 … ✗ swath overlaps bbox but all pixels cloud/land masked
  npp 20260703_0100 … ✗ swath overlaps bbox but all pixels cloud/land masked
  npp 20260703_0110 … ✗ swath overlaps bbox but all pixels cloud/land masked
  npp 20260703_0150 … ✗ swath overlaps bbox but all pixels cloud/land masked
  npp 20260703_0200 … ✗ swath overlaps bbox but all pixels cloud/land masked
  npp 20260703_0210 … ✗ swath overlaps bbox but all pixels cloud/land masked
  npp 20260703_0250 … ✗ swath overlaps bbox but all pixels cloud/land masked
  npp 20260703_0300 … ✗ swath overlaps bbox but all pixels cloud/land masked
  npp 20260703_0310 … ✗ swath overlaps bbox but all pixels cloud/land masked
  npp 20260703_0350 … ✗ swath overlaps bbox but all pixels cloud/land masked
  npp 20260703_0400 … ✗ swath overlaps bbox but all pixels cloud/land masked
  npp 20260703_0410 … ✗ download error: ReadTimeout
  npp 20260703_0450 … ✗ host blacklisted
  npp 20260703_0500 … ✗ host blacklisted
  npp 20260703_0510 … ✗ host blacklisted
  npp 20260703_0550 … ✗ host blacklisted
  npp 20260703_0600 … ✗ host blacklisted
  npp 20260703_0610 … ✗ host blacklisted
  npp 20260703_0650 … ✗ host blacklisted
  npp 20260703_0700 … ✗ host blacklisted
  npp 20260703_0710 … ✗ host blacklisted
  npp 20260703_0750 … ✗ host blacklisted
  npp 20260703_0800 … ✗ host blacklisted
  npp 20260703_0810 … ✗ host blacklisted
  npp 20260703_0850 … ✗ host blacklisted
  npp 20260703_0900 … ✗ host blacklisted
  npp 20260703_0910 … ✗ host blacklisted
  npp 20260703_0950 … ✗ host blacklisted
  npp 20260703_1000 … ✗ host blacklisted
  npp 20260703_1010 … ✗ host blacklisted
  npp 20260703_1050 … ✗ host blacklisted
  npp 20260703_1100 … ✗ host blacklisted
  npp 20260703_1110 … ✗ host blacklisted
  npp 20260703_1150 … ✗ host blacklisted
  npp 20260703_1200 … ✗ host blacklisted
  npp 20260703_1210 … ✗ host blacklisted
  npp 20260703_1250 … ✗ host blacklisted
  npp 20260703_1300 … ✗ host blacklisted
  npp 20260703_1310 … ✗ host blacklisted
  n20 20260701_1550 … ✗ host blacklisted
  n20 20260701_1600 … ✗ host blacklisted
  n20 20260701_1610 … ✗ host blacklisted
  n20 20260701_1650 … ✗ host blacklisted
  n20 20260701_1700 … ✗ host blacklisted
  n20 20260701_1710 … ✗ host blacklisted
  n20 20260701_1750 … ✗ host blacklisted
  n20 20260701_1800 … ✗ host blacklisted
  n20 20260701_1810 … ✗ host blacklisted
  n20 20260701_1850 … ✗ host blacklisted
  n20 20260701_1900 … ✗ host blacklisted
  n20 20260701_1910 … ✗ host blacklisted
  n20 20260701_1950 … ✗ host blacklisted
  n20 20260701_2000 … ✗ host blacklisted
  n20 20260701_2010 … ✗ host blacklisted
  n20 20260701_2050 … ✗ host blacklisted
  n20 20260701_2100 … ✗ host blacklisted
  n20 20260701_2110 … ✗ host blacklisted
  n20 20260701_2150 … ✗ host blacklisted
  n20 20260701_2200 … ✗ host blacklisted
  n20 20260701_2210 … ✗ host blacklisted
  n20 20260701_2250 … ✗ host blacklisted
  n20 20260701_2300 … ✗ host blacklisted
  n20 20260701_2310 … ✗ host blacklisted
  n20 20260701_2350 … ✗ host blacklisted
  n20 20260702_0000 … ✗ host blacklisted
  n20 20260702_0010 … ✗ host blacklisted
  n20 20260702_0050 … ✗ host blacklisted
  n20 20260702_0100 … ✗ host blacklisted
  n20 20260702_0110 … ✗ host blacklisted
  n20 20260702_0150 … ✗ host blacklisted
  n20 20260702_0200 … ✗ host blacklisted
  n20 20260702_0210 … ✗ host blacklisted
  n20 20260702_0250 … ✗ host blacklisted
  n20 20260702_0300 … ✗ host blacklisted
  n20 20260702_0310 … ✗ host blacklisted
  n20 20260702_0350 … ✗ host blacklisted
  n20 20260702_0400 … ✗ host blacklisted
  n20 20260702_0410 … ✗ host blacklisted
  n20 20260702_0450 … ✗ host blacklisted
  n20 20260702_0500 … ✗ host blacklisted
  n20 20260702_0510 … ✗ host blacklisted
  n20 20260702_0550 … ✗ host blacklisted
  n20 20260702_0600 ✓ (cached)
  n20 20260702_0610 … ✗ host blacklisted
  n20 20260702_0650 … ✗ host blacklisted
  n20 20260702_0700 … ✗ host blacklisted
  n20 20260702_0710 … ✗ host blacklisted
  n20 20260702_0750 … ✗ host blacklisted
  n20 20260702_0800 … ✗ host blacklisted
  n20 20260702_0810 … ✗ host blacklisted
  n20 20260702_0850 … ✗ host blacklisted
  n20 20260702_0900 … ✗ host blacklisted
  n20 20260702_0910 … ✗ host blacklisted
  n20 20260702_0950 … ✗ host blacklisted
  n20 20260702_1000 … ✗ host blacklisted
  n20 20260702_1010 … ✗ host blacklisted
  n20 20260702_1050 … ✗ host blacklisted
  n20 20260702_1100 … ✗ host blacklisted
  n20 20260702_1110 … ✗ host blacklisted
  n20 20260702_1150 … ✗ host blacklisted
  n20 20260702_1200 … ✗ host blacklisted
  n20 20260702_1210 … ✗ host blacklisted
  n20 20260702_1250 … ✗ host blacklisted
  n20 20260702_1300 … ✗ host blacklisted
  n20 20260702_1310 … ✗ host blacklisted
  n20 20260702_1350 … ✗ host blacklisted
  n20 20260702_1400 … ✗ host blacklisted
  n20 20260702_1410 … ✗ host blacklisted
  n20 20260702_1450 … ✗ host blacklisted
  n20 20260702_1500 … ✗ host blacklisted
  n20 20260702_1510 … ✗ host blacklisted
  n20 20260702_1550 … ✗ host blacklisted
  n20 20260702_1600 … ✗ host blacklisted
  n20 20260702_1610 … ✗ host blacklisted
  n20 20260702_1650 … ✗ host blacklisted
  n20 20260702_1700 … ✗ host blacklisted
  n20 20260702_1710 … ✗ host blacklisted
  n20 20260702_1750 … ✗ host blacklisted
  n20 20260702_1800 … ✗ host blacklisted
  n20 20260702_1810 … ✗ host blacklisted
  n20 20260702_1850 … ✗ host blacklisted
  n20 20260702_1900 … ✗ host blacklisted
  n20 20260702_1910 … ✗ host blacklisted
  n20 20260702_1950 … ✗ host blacklisted
  n20 20260702_2000 … ✗ host blacklisted
  n20 20260702_2010 … ✗ host blacklisted
  n20 20260702_2050 … ✗ host blacklisted
  n20 20260702_2100 … ✗ host blacklisted
  n20 20260702_2110 … ✗ host blacklisted
  n20 20260702_2150 … ✗ host blacklisted
  n20 20260702_2200 … ✗ host blacklisted
  n20 20260702_2210 … ✗ host blacklisted
  n20 20260702_2250 … ✗ host blacklisted
  n20 20260702_2300 … ✗ host blacklisted
  n20 20260702_2310 … ✗ host blacklisted
  n20 20260702_2350 … ✗ host blacklisted
  n20 20260703_0000 … ✗ host blacklisted
  n20 20260703_0010 … ✗ host blacklisted
  n20 20260703_0050 … ✗ host blacklisted
  n20 20260703_0100 … ✗ host blacklisted
  n20 20260703_0110 … ✗ host blacklisted
  n20 20260703_0150 … ✗ host blacklisted
  n20 20260703_0200 … ✗ host blacklisted
  n20 20260703_0210 … ✗ host blacklisted
  n20 20260703_0250 … ✗ host blacklisted
  n20 20260703_0300 … ✗ host blacklisted
  n20 20260703_0310 … ✗ host blacklisted
  n20 20260703_0350 … ✗ host blacklisted
  n20 20260703_0400 … ✗ host blacklisted
  n20 20260703_0410 … ✗ host blacklisted
  n20 20260703_0450 … ✗ host blacklisted
  n20 20260703_0500 … ✗ host blacklisted
  n20 20260703_0510 … ✗ host blacklisted
  n20 20260703_0550 … ✗ host blacklisted
  n20 20260703_0600 … ✗ host blacklisted
  n20 20260703_0610 … ✗ host blacklisted
  n20 20260703_0650 … ✗ host blacklisted
  n20 20260703_0700 … ✗ host blacklisted
  n20 20260703_0710 … ✗ host blacklisted
  n20 20260703_0750 … ✗ host blacklisted
  n20 20260703_0800 … ✗ host blacklisted
  n20 20260703_0810 … ✗ host blacklisted
  n20 20260703_0850 … ✗ host blacklisted
  n20 20260703_0900 … ✗ host blacklisted
  n20 20260703_0910 … ✗ host blacklisted
  n20 20260703_0950 … ✗ host blacklisted
  n20 20260703_1000 … ✗ host blacklisted
  n20 20260703_1010 … ✗ host blacklisted
  n20 20260703_1050 … ✗ host blacklisted
  n20 20260703_1100 … ✗ host blacklisted
  n20 20260703_1110 … ✗ host blacklisted
  n20 20260703_1150 … ✗ host blacklisted
  n20 20260703_1200 … ✗ host blacklisted
  n20 20260703_1210 … ✗ host blacklisted
  n20 20260703_1250 … ✗ host blacklisted
  n20 20260703_1300 … ✗ host blacklisted
  n20 20260703_1310 … ✗ host blacklisted
  n20 20260703_1350 … ✗ host blacklisted
  n20 20260703_1400 … ✗ host blacklisted
  n20 20260703_1410 … ✗ host blacklisted
  n21 20260701_1550 … ✗ host blacklisted
  n21 20260701_1600 … ✗ host blacklisted
  n21 20260701_1610 … ✗ host blacklisted
  n21 20260701_1650 ✓ (cached)
  n21 20260701_1700 … ✗ host blacklisted
  n21 20260701_1710 … ✗ host blacklisted
  n21 20260701_1750 … ✗ host blacklisted
  n21 20260701_1800 … ✗ host blacklisted
  n21 20260701_1810 … ✗ host blacklisted
  n21 20260701_1850 … ✗ host blacklisted
  n21 20260701_1900 … ✗ host blacklisted
  n21 20260701_1910 … ✗ host blacklisted
  n21 20260701_1950 … ✗ host blacklisted
  n21 20260701_2000 … ✗ host blacklisted
  n21 20260701_2010 … ✗ host blacklisted
  n21 20260701_2050 … ✗ host blacklisted
  n21 20260701_2100 … ✗ host blacklisted
  n21 20260701_2110 … ✗ host blacklisted
  n21 20260701_2150 … ✗ host blacklisted
  n21 20260701_2200 … ✗ host blacklisted
  n21 20260701_2210 … ✗ host blacklisted
  n21 20260701_2250 … ✗ host blacklisted
  n21 20260701_2300 … ✗ host blacklisted
  n21 20260701_2310 … ✗ host blacklisted
  n21 20260701_2350 … ✗ host blacklisted
  n21 20260702_0000 … ✗ host blacklisted
  n21 20260702_0010 … ✗ host blacklisted
  n21 20260702_0050 … ✗ host blacklisted
  n21 20260702_0100 … ✗ host blacklisted
  n21 20260702_0110 … ✗ host blacklisted
  n21 20260702_0150 … ✗ host blacklisted
  n21 20260702_0200 … ✗ host blacklisted
  n21 20260702_0210 … ✗ host blacklisted
  n21 20260702_0250 … ✗ host blacklisted
  n21 20260702_0300 … ✗ host blacklisted
  n21 20260702_0310 … ✗ host blacklisted
  n21 20260702_0350 … ✗ host blacklisted
  n21 20260702_0400 … ✗ host blacklisted
  n21 20260702_0410 … ✗ host blacklisted
  n21 20260702_0450 … ✗ host blacklisted
  n21 20260702_0500 … ✗ host blacklisted
  n21 20260702_0510 … ✗ host blacklisted
  n21 20260702_0550 … ✗ host blacklisted
  n21 20260702_0600 … ✗ host blacklisted
  n21 20260702_0610 … ✗ host blacklisted
  n21 20260702_0650 ✓ (cached)
  n21 20260702_0700 … ✗ host blacklisted
  n21 20260702_0710 … ✗ host blacklisted
  n21 20260702_0750 … ✗ host blacklisted
  n21 20260702_0800 … ✗ host blacklisted
  n21 20260702_0810 … ✗ host blacklisted
  n21 20260702_0850 … ✗ host blacklisted
  n21 20260702_0900 … ✗ host blacklisted
  n21 20260702_0910 … ✗ host blacklisted
  n21 20260702_0950 … ✗ host blacklisted
  n21 20260702_1000 … ✗ host blacklisted
  n21 20260702_1010 … ✗ host blacklisted
  n21 20260702_1050 … ✗ host blacklisted
  n21 20260702_1100 … ✗ host blacklisted
  n21 20260702_1110 … ✗ host blacklisted
  n21 20260702_1150 … ✗ host blacklisted
  n21 20260702_1200 … ✗ host blacklisted
  n21 20260702_1210 … ✗ host blacklisted
  n21 20260702_1250 … ✗ host blacklisted
  n21 20260702_1300 … ✗ host blacklisted
  n21 20260702_1310 … ✗ host blacklisted
  n21 20260702_1350 … ✗ host blacklisted
  n21 20260702_1400 … ✗ host blacklisted
  n21 20260702_1410 … ✗ host blacklisted
  n21 20260702_1450 … ✗ host blacklisted
  n21 20260702_1500 … ✗ host blacklisted
  n21 20260702_1510 … ✗ host blacklisted
  n21 20260702_1550 … ✗ host blacklisted
  n21 20260702_1600 … ✗ host blacklisted
  n21 20260702_1610 … ✗ host blacklisted
  n21 20260702_1650 … ✗ host blacklisted
  n21 20260702_1700 … ✗ host blacklisted
  n21 20260702_1710 … ✗ host blacklisted
  n21 20260702_1750 … ✗ host blacklisted
  n21 20260702_1800 … ✗ host blacklisted
  n21 20260702_1810 … ✗ host blacklisted
  n21 20260702_1850 … ✗ host blacklisted
  n21 20260702_1900 … ✗ host blacklisted
  n21 20260702_1910 … ✗ host blacklisted
  n21 20260702_1950 … ✗ host blacklisted
  n21 20260702_2000 … ✗ host blacklisted
  n21 20260702_2010 … ✗ host blacklisted
  n21 20260702_2050 … ✗ host blacklisted
  n21 20260702_2100 … ✗ host blacklisted
  n21 20260702_2110 … ✗ host blacklisted
  n21 20260702_2150 … ✗ host blacklisted
  n21 20260702_2200 … ✗ host blacklisted
  n21 20260702_2210 … ✗ host blacklisted
  n21 20260702_2250 … ✗ host blacklisted
  n21 20260702_2300 … ✗ host blacklisted
  n21 20260702_2310 … ✗ host blacklisted
  n21 20260702_2350 … ✗ host blacklisted
  n21 20260703_0000 … ✗ host blacklisted
  n21 20260703_0010 … ✗ host blacklisted
  n21 20260703_0050 … ✗ host blacklisted
  n21 20260703_0100 … ✗ host blacklisted
  n21 20260703_0110 … ✗ host blacklisted
  n21 20260703_0150 … ✗ host blacklisted
  n21 20260703_0200 … ✗ host blacklisted
  n21 20260703_0210 … ✗ host blacklisted
  n21 20260703_0250 … ✗ host blacklisted
  n21 20260703_0300 … ✗ host blacklisted
  n21 20260703_0310 … ✗ host blacklisted
  n21 20260703_0350 … ✗ host blacklisted
  n21 20260703_0400 … ✗ host blacklisted
  n21 20260703_0410 … ✗ host blacklisted
  n21 20260703_0450 … ✗ host blacklisted
  n21 20260703_0500 … ✗ host blacklisted
  n21 20260703_0510 … ✗ host blacklisted
  n21 20260703_0550 … ✗ host blacklisted
  n21 20260703_0600 … ✗ host blacklisted
  n21 20260703_0610 … ✗ host blacklisted
  n21 20260703_0650 … ✗ host blacklisted
  n21 20260703_0700 … ✗ host blacklisted
  n21 20260703_0710 … ✗ host blacklisted
  n21 20260703_0750 … ✗ host blacklisted
  n21 20260703_0800 … ✗ host blacklisted
  n21 20260703_0810 … ✗ host blacklisted
  n21 20260703_0850 … ✗ host blacklisted
  n21 20260703_0900 … ✗ host blacklisted
  n21 20260703_0910 … ✗ host blacklisted
  n21 20260703_0950 … ✗ host blacklisted
  n21 20260703_1000 … ✗ host blacklisted
  n21 20260703_1010 … ✗ host blacklisted
  n21 20260703_1050 … ✗ host blacklisted
  n21 20260703_1100 … ✗ host blacklisted
  n21 20260703_1110 … ✗ host blacklisted
  n21 20260703_1150 … ✗ host blacklisted
  n21 20260703_1200 … ✗ host blacklisted
  n21 20260703_1210 … ✗ host blacklisted
  n21 20260703_1250 … ✗ host blacklisted
  n21 20260703_1300 … ✗ host blacklisted
  n21 20260703_1310 … ✗ host blacklisted
  n21 20260703_1350 … ✗ host blacklisted
  n21 20260703_1400 … ✗ host blacklisted
  n21 20260703_1410 … ✗ host blacklisted

  VIIRS summary: 0 written, 4 cached, 344 miss/cloud, 630 outside windows.

=========================================================
✓ Pipeline complete
=========================================================
========================================
RUNNING REGION: ga_sc
========================================
=========================================================
SST PIPELINE
  UTC    : 2026-07-03 15:35:52
  Region : ga_sc
  Bbox   : 29.8–35.2°N  -82.0–-75.2°E
  Output : DailySSTData/MUR/ga_sc  (and siblings)
=========================================================

── MUR daily composite (last 5 days) ──
  ✓ MUR 20260702 (cached)
  ✓ MUR 20260701 (cached)
  ✓ MUR 20260630 (cached)
  ✓ MUR 20260629 (cached)
  ✓ MUR 20260628 (cached)

── GOES-19 geo-polar blended daily composite ──
  Candidates: 4 (2 hosts × 2 dataset IDs)
  GOES 20260703 [noaa/noaacwBLENDEDsstDLDaily] … ✗ RuntimeError: 404 — no data for this date
  GOES 20260703 [noaa/noaacwBLENDEDsstDaily] … ✗ RuntimeError: 404 — no data for this date
  GOES 20260703 [pfeg/noaacwBLENDEDsstDLDaily] … ✗ RuntimeError: 404 — no data for this date
  GOES 20260703 [pfeg/noaacwBLENDEDsstDaily] … ✗ RuntimeError: 404 — no data for this date
  GOES 20260702 [noaa/noaacwBLENDEDsstDLDaily] … ✗ RuntimeError: 404 — no data for this date
  GOES 20260702 [noaa/noaacwBLENDEDsstDaily] … ✗ RuntimeError: 404 — no data for this date
  GOES 20260702 [pfeg/noaacwBLENDEDsstDLDaily] … ✗ RuntimeError: 404 — no data for this date
  GOES 20260702 [pfeg/noaacwBLENDEDsstDaily] … ✗ RuntimeError: 404 — no data for this date
  ✓ GOES composite 20260701 (cached)

── VIIRS multi-pass (last 48h — NPP/N20/N21) ──
  ✗ Neither VIIRS NRT file server URL is reachable.

=========================================================
✓ Pipeline complete
=========================================================
