========================================
RUNNING REGION: mid_atlantic
========================================
=========================================================
SST PIPELINE
  UTC    : 2026-07-02 21:21:05
  Region : mid_atlantic
  Bbox   : 33.7–39.0°N  -78.89–-72.21°E
  Output : DailySSTData/MUR  (and siblings)
=========================================================

── MUR daily composite (last 5 days) ──
  ✓ MUR 20260701 (cached)
  ✓ MUR 20260630 (cached)
  ✓ MUR 20260629 (cached)
  ✓ MUR 20260628 (cached)
  ✓ MUR 20260627 (cached)

── GOES-19 geo-polar blended daily composite ──
  Candidates: 4 (2 hosts × 2 dataset IDs)
  GOES 20260702 [noaa/noaacwBLENDEDsstDLDaily] … ✗ RuntimeError: 404 — no data for this date
  GOES 20260702 [noaa/noaacwBLENDEDsstDaily] … ✗ RuntimeError: 404 — no data for this date
  GOES 20260702 [pfeg/noaacwBLENDEDsstDLDaily] … ✗ RuntimeError: 404 — no data for this date
  GOES 20260702 [pfeg/noaacwBLENDEDsstDaily] … ✗ RuntimeError: 404 — no data for this date
  GOES 20260701 [noaa/noaacwBLENDEDsstDLDaily] … ✗ RuntimeError: 404 — no data for this date
  GOES 20260701 [noaa/noaacwBLENDEDsstDaily] … ✗ RuntimeError: 404 — no data for this date
  GOES 20260701 [pfeg/noaacwBLENDEDsstDLDaily] … ✗ RuntimeError: 404 — no data for this date
  GOES 20260701 [pfeg/noaacwBLENDEDsstDaily] … ✗ RuntimeError: 404 — no data for this date
  ✓ GOES composite 20260630 (cached)

── VIIRS multi-pass (last 48h — NPP/N20/N21) ──
  ✗ Neither VIIRS NRT file server URL is reachable.

=========================================================
✓ Pipeline complete
=========================================================
========================================
RUNNING REGION: ga_sc
========================================
=========================================================
SST PIPELINE
  UTC    : 2026-07-02 21:22:29
  Region : ga_sc
  Bbox   : 29.8–35.2°N  -82.0–-75.2°E
  Output : DailySSTData/MUR/ga_sc  (and siblings)
=========================================================

── MUR daily composite (last 5 days) ──
  ✓ MUR 20260701 (cached)
  ✓ MUR 20260630 (cached)
  ✓ MUR 20260629 (cached)
  ✓ MUR 20260628 (cached)
  ✓ MUR 20260627 (cached)

── GOES-19 geo-polar blended daily composite ──
  Candidates: 4 (2 hosts × 2 dataset IDs)
  GOES 20260702 [noaa/noaacwBLENDEDsstDLDaily] … ✗ RuntimeError: 404 — no data for this date
  GOES 20260702 [noaa/noaacwBLENDEDsstDaily] … ✗ RuntimeError: ReadTimeout: HTTPSConnectionPool(host='coastwatch.noaa.gov', port=443): Read tim
  GOES 20260702 [pfeg/noaacwBLENDEDsstDLDaily] … ✗ RuntimeError: 404 — no data for this date
  GOES 20260702 [pfeg/noaacwBLENDEDsstDaily] … ✗ RuntimeError: 404 — no data for this date
  GOES 20260701 [noaa/noaacwBLENDEDsstDLDaily] … ✗ RuntimeError: 404 — no data for this date
  GOES 20260701 [noaa/noaacwBLENDEDsstDaily] … ✗ RuntimeError: 404 — no data for this date
  GOES 20260701 [pfeg/noaacwBLENDEDsstDLDaily] … ✗ RuntimeError: 404 — no data for this date
  GOES 20260701 [pfeg/noaacwBLENDEDsstDaily] … ✗ RuntimeError: 404 — no data for this date
  ✓ GOES composite 20260630 (cached)

── VIIRS multi-pass (last 48h — NPP/N20/N21) ──
  ✓ VIIRS NRT base: https://www.star.nesdis.noaa.gov/pub/socd2/coastwatch/sst/nrt/viirs
  Hourly windows : 48
  Window range   : 2026-06-30 21:50Z → 2026-07-02 21:10Z
  Half-width     : ±10 min per bucket
  ⚠ dir listing failed npp 2026/181: HTTPSConnectionPool(host='www.star.nesdis.noaa.gov', port=443): Read timed out. (read timeout=10)
  npp 20260701_0000 … ✗ swath overlaps bbox but all pixels cloud/land masked
  npp 20260701_0010 … ✗ swath overlaps bbox but all pixels cloud/land masked
  npp 20260701_0050 … ✗ swath overlaps bbox but all pixels cloud/land masked
  npp 20260701_0100 … ✗ swath overlaps bbox but all pixels cloud/land masked
  npp 20260701_0110 … ✗ swath overlaps bbox but all pixels cloud/land masked
  npp 20260701_0150 … ✗ swath overlaps bbox but all pixels cloud/land masked
  npp 20260701_0200 … ✗ swath overlaps bbox but all pixels cloud/land masked
  npp 20260701_0210 … ✗ swath overlaps bbox but all pixels cloud/land masked
  npp 20260701_0250 … ✗ swath overlaps bbox but all pixels cloud/land masked
  npp 20260701_0300 … ✗ download error: ReadTimeout
  npp 20260701_0310 … ✗ swath overlaps bbox but all pixels cloud/land masked
  npp 20260701_0350 … ✗ swath overlaps bbox but all pixels cloud/land masked
  npp 20260701_0400 … ✗ download error: ReadTimeout
  npp 20260701_0410 … ✗ host blacklisted
  npp 20260701_0450 … ✗ host blacklisted
  npp 20260701_0500 … ✗ host blacklisted
  npp 20260701_0510 … ✗ host blacklisted
  npp 20260701_0550 … ✗ host blacklisted
  npp 20260701_0600 ✓ (cached)
  npp 20260701_0610 … ✗ host blacklisted
  npp 20260701_0650 … ✗ host blacklisted
  npp 20260701_0700 … ✗ host blacklisted
  npp 20260701_0710 … ✗ host blacklisted
  npp 20260701_0750 … ✗ host blacklisted
  npp 20260701_0800 … ✗ host blacklisted
  npp 20260701_0810 … ✗ host blacklisted
  npp 20260701_0850 … ✗ host blacklisted
  npp 20260701_0900 … ✗ host blacklisted
  npp 20260701_0910 … ✗ host blacklisted
  npp 20260701_0950 … ✗ host blacklisted
  npp 20260701_1000 … ✗ host blacklisted
  npp 20260701_1010 … ✗ host blacklisted
  npp 20260701_1050 … ✗ host blacklisted
  npp 20260701_1100 … ✗ host blacklisted
  npp 20260701_1110 … ✗ host blacklisted
  npp 20260701_1150 … ✗ host blacklisted
  npp 20260701_1200 … ✗ host blacklisted
  npp 20260701_1210 … ✗ host blacklisted
  npp 20260701_1250 … ✗ host blacklisted
  npp 20260701_1300 … ✗ host blacklisted
  npp 20260701_1310 … ✗ host blacklisted
  npp 20260701_1350 … ✗ host blacklisted
  npp 20260701_1400 … ✗ host blacklisted
  npp 20260701_1410 … ✗ host blacklisted
  npp 20260701_1450 … ✗ host blacklisted
  npp 20260701_1500 … ✗ host blacklisted
  npp 20260701_1550 … ✗ host blacklisted
  npp 20260701_1600 … ✗ host blacklisted
  npp 20260701_1610 … ✗ host blacklisted
  npp 20260701_1650 … ✗ host blacklisted
  npp 20260701_1700 … ✗ host blacklisted
  npp 20260701_1710 … ✗ host blacklisted
  npp 20260701_1750 … ✗ host blacklisted
  npp 20260701_1800 … ✗ host blacklisted
  npp 20260701_1810 … ✗ host blacklisted
  npp 20260701_1850 … ✗ host blacklisted
  npp 20260701_1900 ✓ (cached)
  npp 20260701_1910 … ✗ host blacklisted
  npp 20260701_1950 … ✗ host blacklisted
  npp 20260701_2000 … ✗ host blacklisted
  npp 20260701_2010 … ✗ host blacklisted
  npp 20260701_2050 … ✗ host blacklisted
  npp 20260701_2100 … ✗ host blacklisted
  npp 20260701_2110 … ✗ host blacklisted
  npp 20260701_2150 … ✗ host blacklisted
  npp 20260701_2200 … ✗ host blacklisted
  npp 20260701_2210 … ✗ host blacklisted
  npp 20260701_2250 … ✗ host blacklisted
  npp 20260701_2300 … ✗ host blacklisted
  npp 20260701_2310 … ✗ host blacklisted
  npp 20260701_2350 … ✗ host blacklisted
  npp 20260702_0000 … ✗ host blacklisted
  npp 20260702_0010 … ✗ host blacklisted
  npp 20260702_0050 … ✗ host blacklisted
  npp 20260702_0100 … ✗ host blacklisted
  npp 20260702_0110 … ✗ host blacklisted
  npp 20260702_0150 … ✗ host blacklisted
  npp 20260702_0200 … ✗ host blacklisted
  npp 20260702_0210 … ✗ host blacklisted
  npp 20260702_0250 … ✗ host blacklisted
  npp 20260702_0300 … ✗ host blacklisted
  npp 20260702_0310 … ✗ host blacklisted
  npp 20260702_0350 … ✗ host blacklisted
  npp 20260702_0400 … ✗ host blacklisted
  npp 20260702_0410 … ✗ host blacklisted
  npp 20260702_0450 … ✗ host blacklisted
  npp 20260702_0500 … ✗ host blacklisted
  npp 20260702_0510 … ✗ host blacklisted
  npp 20260702_0550 … ✗ host blacklisted
  npp 20260702_0600 … ✗ host blacklisted
  npp 20260702_0610 … ✗ host blacklisted
  npp 20260702_0650 … ✗ host blacklisted
  npp 20260702_0700 … ✗ host blacklisted
  npp 20260702_0710 … ✗ host blacklisted
  npp 20260702_0750 … ✗ host blacklisted
  npp 20260702_0800 … ✗ host blacklisted
  npp 20260702_0810 … ✗ host blacklisted
  npp 20260702_0850 … ✗ host blacklisted
  npp 20260702_0900 … ✗ host blacklisted
  npp 20260702_0910 … ✗ host blacklisted
  npp 20260702_0950 … ✗ host blacklisted
  npp 20260702_1000 … ✗ host blacklisted
  npp 20260702_1010 … ✗ host blacklisted
  npp 20260702_1050 … ✗ host blacklisted
  npp 20260702_1100 … ✗ host blacklisted
  npp 20260702_1110 … ✗ host blacklisted
  npp 20260702_1150 … ✗ host blacklisted
  npp 20260702_1200 … ✗ host blacklisted
  npp 20260702_1210 … ✗ host blacklisted
  npp 20260702_1250 … ✗ host blacklisted
  npp 20260702_1300 … ✗ host blacklisted
  npp 20260702_1310 … ✗ host blacklisted
  npp 20260702_1350 … ✗ host blacklisted
  npp 20260702_1400 … ✗ host blacklisted
  npp 20260702_1410 … ✗ host blacklisted
  npp 20260702_1450 … ✗ host blacklisted
  npp 20260702_1500 … ✗ host blacklisted
  npp 20260702_1510 … ✗ host blacklisted
  npp 20260702_1550 … ✗ host blacklisted
  npp 20260702_1600 … ✗ host blacklisted
  npp 20260702_1610 … ✗ host blacklisted
  npp 20260702_1650 … ✗ host blacklisted
  npp 20260702_1700 ✓ (cached)
  npp 20260702_1710 … ✗ host blacklisted
  npp 20260702_1750 … ✗ host blacklisted
  npp 20260702_1800 … ✗ host blacklisted
  npp 20260702_1810 … ✗ host blacklisted
  npp 20260702_1850 … ✗ host blacklisted
  n20 20260630_2150 … ✗ host blacklisted
  n20 20260630_2200 … ✗ host blacklisted
  n20 20260630_2210 … ✗ host blacklisted
  n20 20260630_2250 … ✗ host blacklisted
  n20 20260630_2300 … ✗ host blacklisted
  n20 20260630_2310 … ✗ host blacklisted
  n20 20260630_2350 … ✗ host blacklisted
  n20 20260701_0000 … ✗ host blacklisted
  n20 20260701_0010 … ✗ host blacklisted
  n20 20260701_0050 … ✗ host blacklisted
  n20 20260701_0100 … ✗ host blacklisted
  n20 20260701_0110 … ✗ host blacklisted
  n20 20260701_0150 … ✗ host blacklisted
  n20 20260701_0200 … ✗ host blacklisted
  n20 20260701_0210 … ✗ host blacklisted
  n20 20260701_0250 … ✗ host blacklisted
  n20 20260701_0300 … ✗ host blacklisted
  n20 20260701_0310 … ✗ host blacklisted
  n20 20260701_0350 … ✗ host blacklisted
  n20 20260701_0400 … ✗ host blacklisted
  n20 20260701_0410 … ✗ host blacklisted
  n20 20260701_0450 … ✗ host blacklisted
  n20 20260701_0500 … ✗ host blacklisted
  n20 20260701_0510 … ✗ host blacklisted
  n20 20260701_0550 … ✗ host blacklisted
  n20 20260701_0600 … ✗ host blacklisted
  n20 20260701_0610 … ✗ host blacklisted
  n20 20260701_0650 … ✗ host blacklisted
  n20 20260701_0700 … ✗ host blacklisted
  n20 20260701_0710 … ✗ host blacklisted
  n20 20260701_0750 … ✗ host blacklisted
  n20 20260701_0800 ✓ (cached)
  n20 20260701_0810 … ✗ host blacklisted
  n20 20260701_0850 … ✗ host blacklisted
  n20 20260701_0900 … ✗ host blacklisted
  n20 20260701_0910 … ✗ host blacklisted
  n20 20260701_0950 … ✗ host blacklisted
  n20 20260701_1000 … ✗ host blacklisted
  n20 20260701_1010 … ✗ host blacklisted
  n20 20260701_1050 … ✗ host blacklisted
  n20 20260701_1100 … ✗ host blacklisted
  n20 20260701_1110 … ✗ host blacklisted
  n20 20260701_1150 … ✗ host blacklisted
  n20 20260701_1200 … ✗ host blacklisted
  n20 20260701_1210 … ✗ host blacklisted
  n20 20260701_1250 … ✗ host blacklisted
  n20 20260701_1300 … ✗ host blacklisted
  n20 20260701_1310 … ✗ host blacklisted
  n20 20260701_1350 … ✗ host blacklisted
  n20 20260701_1400 … ✗ host blacklisted
  n20 20260701_1410 … ✗ host blacklisted
  n20 20260701_1450 … ✗ host blacklisted
  n20 20260701_1500 … ✗ host blacklisted
  n20 20260701_1510 … ✗ host blacklisted
  n20 20260701_1550 … ✗ host blacklisted
  n20 20260701_1600 … ✗ host blacklisted
  n20 20260701_1610 … ✗ host blacklisted
  n20 20260701_1650 … ✗ host blacklisted
  n20 20260701_1700 … ✗ host blacklisted
  n20 20260701_1710 … ✗ host blacklisted
  n20 20260701_1750 … ✗ host blacklisted
  n20 20260701_1800 … ✗ host blacklisted
  n20 20260701_1810 … ✗ host blacklisted
  n20 20260701_1850 … ✗ host blacklisted
  n20 20260701_1900 … ✗ host blacklisted
  n20 20260701_1910 … ✗ host blacklisted
  n20 20260701_1950 … ✗ host blacklisted
  n20 20260701_2000 … ✗ host blacklisted
  n20 20260701_2010 … ✗ host blacklisted
  n20 20260701_2050 … ✗ host blacklisted
  n20 20260701_2100 … ✗ host blacklisted
  n20 20260701_2110 … ✗ host blacklisted
  n20 20260701_2150 … ✗ host blacklisted
  n20 20260701_2200 … ✗ host blacklisted
  n20 20260701_2210 … ✗ host blacklisted
  n20 20260701_2250 … ✗ host blacklisted
  n20 20260701_2300 … ✗ host blacklisted
  n20 20260701_2310 … ✗ host blacklisted
  n20 20260701_2350 … ✗ host blacklisted
  n20 20260702_0000 … ✗ host blacklisted
  n20 20260702_0010 … ✗ host blacklisted
  n20 20260702_0050 … ✗ host blacklisted
  n20 20260702_0100 … ✗ host blacklisted
  n20 20260702_0110 … ✗ host blacklisted
  n20 20260702_0150 … ✗ host blacklisted
  n20 20260702_0200 … ✗ host blacklisted
  n20 20260702_0210 … ✗ host blacklisted
  n20 20260702_0250 … ✗ host blacklisted
  n20 20260702_0300 … ✗ host blacklisted
  n20 20260702_0310 … ✗ host blacklisted
  n20 20260702_0350 … ✗ host blacklisted
  n20 20260702_0400 … ✗ host blacklisted
  n20 20260702_0410 … ✗ host blacklisted
  n20 20260702_0450 … ✗ host blacklisted
  n20 20260702_0500 … ✗ host blacklisted
  n20 20260702_0510 … ✗ host blacklisted
  n20 20260702_0550 … ✗ host blacklisted
  n20 20260702_0600 ✓ (cached)
  n20 20260702_0610 … ✗ host blacklisted
  n20 20260702_0650 … ✗ host blacklisted
  n20 20260702_0700 … ✗ host blacklisted
  n20 20260702_0710 … ✗ host blacklisted
  n20 20260702_0750 … ✗ host blacklisted
  n20 20260702_0800 … ✗ host blacklisted
  n20 20260702_0810 … ✗ host blacklisted
  n20 20260702_0850 … ✗ host blacklisted
  n20 20260702_0900 … ✗ host blacklisted
  n20 20260702_0910 … ✗ host blacklisted
  n20 20260702_0950 … ✗ host blacklisted
  n20 20260702_1000 … ✗ host blacklisted
  n20 20260702_1010 … ✗ host blacklisted
  n20 20260702_1050 … ✗ host blacklisted
  n20 20260702_1100 … ✗ host blacklisted
  n20 20260702_1110 … ✗ host blacklisted
  n20 20260702_1150 … ✗ host blacklisted
  n20 20260702_1200 … ✗ host blacklisted
  n20 20260702_1210 … ✗ host blacklisted
  n20 20260702_1250 … ✗ host blacklisted
  n20 20260702_1300 … ✗ host blacklisted
  n20 20260702_1310 … ✗ host blacklisted
  n20 20260702_1350 … ✗ host blacklisted
  n20 20260702_1400 … ✗ host blacklisted
  n20 20260702_1410 … ✗ host blacklisted
  n20 20260702_1450 … ✗ host blacklisted
  n20 20260702_1500 … ✗ host blacklisted
  n20 20260702_1510 … ✗ host blacklisted
  n20 20260702_1550 … ✗ host blacklisted
  n20 20260702_1600 … ✗ host blacklisted
  n20 20260702_1610 … ✗ host blacklisted
  n20 20260702_1650 … ✗ host blacklisted
  n20 20260702_1700 … ✗ host blacklisted
  n20 20260702_1710 … ✗ host blacklisted
  n20 20260702_1750 … ✗ host blacklisted
  n20 20260702_1800 … ✗ host blacklisted
  n20 20260702_1810 … ✗ host blacklisted
  n20 20260702_1850 … ✗ host blacklisted
  n20 20260702_1900 … ✗ host blacklisted
  n20 20260702_1910 … ✗ host blacklisted
  n20 20260702_1950 … ✗ host blacklisted
  n20 20260702_2000 … ✗ host blacklisted
  n20 20260702_2010 … ✗ host blacklisted
  n21 20260630_2150 … ✗ host blacklisted
  n21 20260630_2200 … ✗ host blacklisted
  n21 20260630_2210 … ✗ host blacklisted
  n21 20260630_2250 … ✗ host blacklisted
  n21 20260630_2300 … ✗ host blacklisted
  n21 20260630_2310 … ✗ host blacklisted
  n21 20260630_2350 … ✗ host blacklisted
  n21 20260701_0000 … ✗ host blacklisted
  n21 20260701_0010 … ✗ host blacklisted
  n21 20260701_0050 … ✗ host blacklisted
  n21 20260701_0100 … ✗ host blacklisted
  n21 20260701_0110 … ✗ host blacklisted
  n21 20260701_0150 … ✗ host blacklisted
  n21 20260701_0200 … ✗ host blacklisted
  n21 20260701_0210 … ✗ host blacklisted
  n21 20260701_0250 … ✗ host blacklisted
  n21 20260701_0300 … ✗ host blacklisted
  n21 20260701_0310 … ✗ host blacklisted
  n21 20260701_0350 … ✗ host blacklisted
  n21 20260701_0400 … ✗ host blacklisted
  n21 20260701_0410 … ✗ host blacklisted
  n21 20260701_0450 … ✗ host blacklisted
  n21 20260701_0500 … ✗ host blacklisted
  n21 20260701_0510 … ✗ host blacklisted
  n21 20260701_0550 … ✗ host blacklisted
  n21 20260701_0600 … ✗ host blacklisted
  n21 20260701_0610 … ✗ host blacklisted
  n21 20260701_0650 … ✗ host blacklisted
  n21 20260701_0700 … ✗ host blacklisted
  n21 20260701_0710 ✓ (cached)
  n21 20260701_0750 … ✗ host blacklisted
  n21 20260701_0800 … ✗ host blacklisted
  n21 20260701_0810 … ✗ host blacklisted
  n21 20260701_0850 … ✗ host blacklisted
  n21 20260701_0900 … ✗ host blacklisted
  n21 20260701_0910 … ✗ host blacklisted
  n21 20260701_0950 … ✗ host blacklisted
  n21 20260701_1000 … ✗ host blacklisted
  n21 20260701_1010 … ✗ host blacklisted
  n21 20260701_1050 … ✗ host blacklisted
  n21 20260701_1100 … ✗ host blacklisted
  n21 20260701_1110 … ✗ host blacklisted
  n21 20260701_1150 … ✗ host blacklisted
  n21 20260701_1200 … ✗ host blacklisted
  n21 20260701_1210 … ✗ host blacklisted
  n21 20260701_1250 … ✗ host blacklisted
  n21 20260701_1300 … ✗ host blacklisted
  n21 20260701_1310 … ✗ host blacklisted
  n21 20260701_1350 … ✗ host blacklisted
  n21 20260701_1400 … ✗ host blacklisted
  n21 20260701_1410 … ✗ host blacklisted
  n21 20260701_1450 … ✗ host blacklisted
  n21 20260701_1500 … ✗ host blacklisted
  n21 20260701_1510 … ✗ host blacklisted
  n21 20260701_1550 … ✗ host blacklisted
  n21 20260701_1600 … ✗ host blacklisted
  n21 20260701_1610 … ✗ host blacklisted
  n21 20260701_1650 … ✗ host blacklisted
  n21 20260701_1700 … ✗ host blacklisted
  n21 20260701_1710 … ✗ host blacklisted
  n21 20260701_1750 … ✗ host blacklisted
  n21 20260701_1800 … ✗ host blacklisted
  n21 20260701_1810 … ✗ host blacklisted
  n21 20260701_1850 … ✗ host blacklisted
  n21 20260701_1900 … ✗ host blacklisted
  n21 20260701_1910 … ✗ host blacklisted
  n21 20260701_1950 … ✗ host blacklisted
  n21 20260701_2000 … ✗ host blacklisted
  n21 20260701_2010 … ✗ host blacklisted
  n21 20260701_2050 … ✗ host blacklisted
  n21 20260701_2100 … ✗ host blacklisted
  n21 20260701_2110 … ✗ host blacklisted
  n21 20260701_2150 … ✗ host blacklisted
  n21 20260701_2200 … ✗ host blacklisted
  n21 20260701_2210 … ✗ host blacklisted
  n21 20260701_2250 … ✗ host blacklisted
  n21 20260701_2300 … ✗ host blacklisted
  n21 20260701_2310 … ✗ host blacklisted
  n21 20260701_2350 … ✗ host blacklisted
  n21 20260702_0000 … ✗ host blacklisted
  n21 20260702_0010 … ✗ host blacklisted
  n21 20260702_0050 … ✗ host blacklisted
  n21 20260702_0100 … ✗ host blacklisted
  n21 20260702_0110 … ✗ host blacklisted
  n21 20260702_0150 … ✗ host blacklisted
  n21 20260702_0200 … ✗ host blacklisted
  n21 20260702_0210 … ✗ host blacklisted
  n21 20260702_0250 … ✗ host blacklisted
  n21 20260702_0300 … ✗ host blacklisted
  n21 20260702_0310 … ✗ host blacklisted
  n21 20260702_0350 … ✗ host blacklisted
  n21 20260702_0400 … ✗ host blacklisted
  n21 20260702_0410 … ✗ host blacklisted
  n21 20260702_0450 … ✗ host blacklisted
  n21 20260702_0500 … ✗ host blacklisted
  n21 20260702_0510 … ✗ host blacklisted
  n21 20260702_0550 … ✗ host blacklisted
  n21 20260702_0600 … ✗ host blacklisted
  n21 20260702_0610 … ✗ host blacklisted
  n21 20260702_0650 ✓ (cached)
  n21 20260702_0700 … ✗ host blacklisted
  n21 20260702_0710 … ✗ host blacklisted
  n21 20260702_0750 … ✗ host blacklisted
  n21 20260702_0800 … ✗ host blacklisted
  n21 20260702_0810 … ✗ host blacklisted
  n21 20260702_0850 … ✗ host blacklisted
  n21 20260702_0900 … ✗ host blacklisted
  n21 20260702_0910 … ✗ host blacklisted
  n21 20260702_0950 … ✗ host blacklisted
  n21 20260702_1000 … ✗ host blacklisted
  n21 20260702_1010 … ✗ host blacklisted
  n21 20260702_1050 … ✗ host blacklisted
  n21 20260702_1100 … ✗ host blacklisted
  n21 20260702_1110 … ✗ host blacklisted
  n21 20260702_1150 … ✗ host blacklisted
  n21 20260702_1200 … ✗ host blacklisted
  n21 20260702_1210 … ✗ host blacklisted
  n21 20260702_1250 … ✗ host blacklisted
  n21 20260702_1300 … ✗ host blacklisted
  n21 20260702_1310 … ✗ host blacklisted
  n21 20260702_1350 … ✗ host blacklisted
  n21 20260702_1400 … ✗ host blacklisted
  n21 20260702_1410 … ✗ host blacklisted
  n21 20260702_1450 … ✗ host blacklisted
  n21 20260702_1500 … ✗ host blacklisted
  n21 20260702_1510 … ✗ host blacklisted
  n21 20260702_1550 … ✗ host blacklisted
  n21 20260702_1600 … ✗ host blacklisted
  n21 20260702_1610 … ✗ host blacklisted
  n21 20260702_1650 … ✗ host blacklisted
  n21 20260702_1700 … ✗ host blacklisted
  n21 20260702_1710 … ✗ host blacklisted
  n21 20260702_1750 … ✗ host blacklisted
  n21 20260702_1800 … ✗ host blacklisted
  n21 20260702_1810 … ✗ host blacklisted
  n21 20260702_1850 … ✗ host blacklisted
  n21 20260702_1900 … ✗ host blacklisted
  n21 20260702_1910 … ✗ host blacklisted
  n21 20260702_1950 … ✗ host blacklisted
  n21 20260702_2000 … ✗ host blacklisted
  n21 20260702_2010 … ✗ host blacklisted

  VIIRS summary: 0 written, 7 cached, 403 miss/cloud, 669 outside windows.

=========================================================
✓ Pipeline complete
=========================================================
