=========================================================
SST PIPELINE
  UTC  : 2026-05-18 14:56:03
  Bbox : 33.7–39.0°N  -78.89–-72.21°E
=========================================================

── MUR daily composite (last 5 days) ──
  MUR 20260517 (coastwatch.noaa.gov) … ✗ RuntimeError
  MUR 20260517 (coastwatch.pfeg.noaa.gov) …   (land filter: loaded 24 coastline polygons)
  (land filter: dropped 94 inland, kept 8892 ocean)
  ✓ MUR 20260517
  → DailySSTData/MUR/mur_20260517.csv  (8892 pts, 107 lats × 133 lons)
  ✓ MUR 20260516 (cached)
  ✓ MUR 20260515 (cached)
  ✓ MUR 20260514 (cached)
  ✓ MUR 20260513 (cached)

── GOES-19 geo-polar blended daily composite ──
  Candidates: 4 (2 hosts × 2 dataset IDs)
  GOES 20260518 [noaa/noaacwBLENDEDsstDLDaily] … ✗ RuntimeError: HTTP 502: <!DOCTYPE HTML PUBLIC "-//IETF//DTD HTML 2.0//EN">
<html><head>
<title
  GOES 20260518 [noaa/noaacwBLENDEDsstDaily] … ✗ RuntimeError: HTTP 502: <!DOCTYPE HTML PUBLIC "-//IETF//DTD HTML 2.0//EN">
<html><head>
<title
  GOES 20260518 [pfeg/noaacwBLENDEDsstDLDaily] … ✗ RuntimeError: 404 — no data for this date
  GOES 20260518 [pfeg/noaacwBLENDEDsstDaily] … ✗ RuntimeError: 404 — no data for this date
  GOES 20260517 [noaa/noaacwBLENDEDsstDLDaily] … ✗ RuntimeError: HTTP 502: <!DOCTYPE HTML PUBLIC "-//IETF//DTD HTML 2.0//EN">
<html><head>
<title
  GOES 20260517 [noaa/noaacwBLENDEDsstDaily] … ✗ RuntimeError: 404 — no data for this date
  GOES 20260517 [pfeg/noaacwBLENDEDsstDLDaily] … ✗ RuntimeError: 404 — no data for this date
  GOES 20260517 [pfeg/noaacwBLENDEDsstDaily] … ✗ RuntimeError: 404 — no data for this date
  ✓ GOES composite 20260516 (cached)

── VIIRS multi-pass (last 48h — NPP/N20/N21) ──
  ✓ VIIRS NRT base: https://www.star.nesdis.noaa.gov/pub/socd2/coastwatch/sst/nrt/viirs
  Hourly windows : 48
  Window range   : 2026-05-16 15:50Z → 2026-05-18 15:10Z
  Half-width     : ±10 min per bucket
  npp 20260516_1550 … ✗ swath overlaps bbox but all pixels cloud/land masked
  npp 20260516_1600 … ✗ swath overlaps bbox but all pixels cloud/land masked
  npp 20260516_1610 … ✗ swath overlaps bbox but all pixels cloud/land masked
  npp 20260516_1650 … ✗ swath overlaps bbox but all pixels cloud/land masked
  npp 20260516_1700 … ✗ swath overlaps bbox but all pixels cloud/land masked
  npp 20260516_1710 … ✗ swath overlaps bbox but all pixels cloud/land masked
  npp 20260516_1750 … ✗ swath overlaps bbox but all pixels cloud/land masked
  npp 20260516_1800 … ✗ swath overlaps bbox but all pixels cloud/land masked
  npp 20260516_1810 … ✗ swath overlaps bbox but all pixels cloud/land masked
  npp 20260516_1850 … ✗ swath overlaps bbox but all pixels cloud/land masked
  npp 20260516_1900 … ✗ swath overlaps bbox but all pixels cloud/land masked
  npp 20260516_1910 … ✗ swath overlaps bbox but all pixels cloud/land masked
  npp 20260516_1950 … ✗ swath overlaps bbox but all pixels cloud/land masked
  npp 20260516_2000 … ✗ swath overlaps bbox but all pixels cloud/land masked
  npp 20260516_2010 … ✗ swath overlaps bbox but all pixels cloud/land masked
  npp 20260516_2050 … ✗ swath overlaps bbox but all pixels cloud/land masked
  npp 20260516_2100 … ✗ swath overlaps bbox but all pixels cloud/land masked
  npp 20260516_2110 … ✗ swath overlaps bbox but all pixels cloud/land masked
  npp 20260516_2150 … ✗ swath overlaps bbox but all pixels cloud/land masked
  npp 20260516_2200 … ✗ swath overlaps bbox but all pixels cloud/land masked
  npp 20260516_2210 … ✗ swath overlaps bbox but all pixels cloud/land masked
  npp 20260516_2250 … ✗ swath overlaps bbox but all pixels cloud/land masked
  npp 20260516_2300 … ✗ swath overlaps bbox but all pixels cloud/land masked
  npp 20260516_2310 … ✗ swath overlaps bbox but all pixels cloud/land masked
  npp 20260516_2350 … ✗ swath overlaps bbox but all pixels cloud/land masked
  npp 20260517_0000 … ✗ swath overlaps bbox but all pixels cloud/land masked
  npp 20260517_0010 … ✗ swath overlaps bbox but all pixels cloud/land masked
  npp 20260517_0050 … ✗ swath overlaps bbox but all pixels cloud/land masked
  npp 20260517_0100 … ✗ swath overlaps bbox but all pixels cloud/land masked
  npp 20260517_0110 … ✗ swath overlaps bbox but all pixels cloud/land masked
  npp 20260517_0150 … ✗ swath overlaps bbox but all pixels cloud/land masked
  npp 20260517_0200 … ✗ swath overlaps bbox but all pixels cloud/land masked
  npp 20260517_0210 … ✗ swath overlaps bbox but all pixels cloud/land masked
  npp 20260517_0250 … ✗ swath overlaps bbox but all pixels cloud/land masked
  npp 20260517_0300 … ✗ swath overlaps bbox but all pixels cloud/land masked
  npp 20260517_0310 … ✗ swath overlaps bbox but all pixels cloud/land masked
  npp 20260517_0350 … ✗ swath overlaps bbox but all pixels cloud/land masked
  npp 20260517_0400 … ✗ swath overlaps bbox but all pixels cloud/land masked
  npp 20260517_0410 … ✗ swath overlaps bbox but all pixels cloud/land masked
  npp 20260517_0450 … ✗ swath overlaps bbox but all pixels cloud/land masked
  npp 20260517_0500 … ✗ swath overlaps bbox but all pixels cloud/land masked
  npp 20260517_0510 … ✗ swath overlaps bbox but all pixels cloud/land masked
  npp 20260517_0550 … ✗ swath overlaps bbox but all pixels cloud/land masked
  npp 20260517_0600 … ✗ swath overlaps bbox but all pixels cloud/land masked
  npp 20260517_0610 … ✗ swath overlaps bbox but all pixels cloud/land masked
  npp 20260517_0650 ✓ (cached)
  npp 20260517_0700 … ✗ swath overlaps bbox but all pixels cloud/land masked
  npp 20260517_0710 … ✗ swath overlaps bbox but all pixels cloud/land masked
  npp 20260517_0750 … ✗ swath overlaps bbox but all pixels cloud/land masked
  npp 20260517_0800 … ✗ swath overlaps bbox but all pixels cloud/land masked
  npp 20260517_0810 … ✗ swath overlaps bbox but all pixels cloud/land masked
  npp 20260517_0850 … ✗ swath overlaps bbox but all pixels cloud/land masked
  npp 20260517_0900 … ✗ swath overlaps bbox but all pixels cloud/land masked
  npp 20260517_0910 … ✗ swath overlaps bbox but all pixels cloud/land masked
  npp 20260517_0950 … ✗ swath overlaps bbox but all pixels cloud/land masked
  npp 20260517_1000 … ✗ swath overlaps bbox but all pixels cloud/land masked
  npp 20260517_1010 … ✗ swath overlaps bbox but all pixels cloud/land masked
  npp 20260517_1050 … ✗ swath overlaps bbox but all pixels cloud/land masked
  npp 20260517_1100 … ✗ swath overlaps bbox but all pixels cloud/land masked
  npp 20260517_1110 … ✗ swath overlaps bbox but all pixels cloud/land masked
  npp 20260517_1150 … ✗ swath overlaps bbox but all pixels cloud/land masked
  npp 20260517_1200 … ✗ swath overlaps bbox but all pixels cloud/land masked
  npp 20260517_1210 … ✗ swath overlaps bbox but all pixels cloud/land masked
  npp 20260517_1250 … ✗ swath overlaps bbox but all pixels cloud/land masked
  npp 20260517_1300 … ✗ swath overlaps bbox but all pixels cloud/land masked
  npp 20260517_1310 … ✗ swath overlaps bbox but all pixels cloud/land masked
  npp 20260517_1350 … ✗ swath overlaps bbox but all pixels cloud/land masked
  npp 20260517_1400 … ✗ swath overlaps bbox but all pixels cloud/land masked
  npp 20260517_1410 … ✗ swath overlaps bbox but all pixels cloud/land masked
  npp 20260517_1450 … ✗ swath overlaps bbox but all pixels cloud/land masked
  npp 20260517_1500 … ✗ swath overlaps bbox but all pixels cloud/land masked
  npp 20260517_1510 … ✗ swath overlaps bbox but all pixels cloud/land masked
  npp 20260517_1550 … ✗ swath overlaps bbox but all pixels cloud/land masked
  npp 20260517_1600 … ✗ swath overlaps bbox but all pixels cloud/land masked
  npp 20260517_1610 … ✗ swath overlaps bbox but all pixels cloud/land masked
  npp 20260517_1650 … ✗ swath overlaps bbox but all pixels cloud/land masked
  npp 20260517_1700 … ✗ swath overlaps bbox but all pixels cloud/land masked
  npp 20260517_1710 … ✗ swath overlaps bbox but all pixels cloud/land masked
  npp 20260517_1750 … ✗ swath overlaps bbox but all pixels cloud/land masked
  npp 20260517_1800 ✓ (cached)
  npp 20260517_1810 ✓ (cached)
  npp 20260517_1850 … ✗ swath overlaps bbox but all pixels cloud/land masked
  npp 20260517_1900 … ✗ swath overlaps bbox but all pixels cloud/land masked
  npp 20260517_1910 … ✗ swath overlaps bbox but all pixels cloud/land masked
  npp 20260517_1950 … ✗ swath overlaps bbox but all pixels cloud/land masked
  npp 20260517_2000 … ✗ swath overlaps bbox but all pixels cloud/land masked
  npp 20260517_2010 … ✗ swath overlaps bbox but all pixels cloud/land masked
  npp 20260517_2050 … ✗ swath overlaps bbox but all pixels cloud/land masked
  npp 20260517_2100 … ✗ swath overlaps bbox but all pixels cloud/land masked
  npp 20260517_2110 … ✗ swath overlaps bbox but all pixels cloud/land masked
  npp 20260517_2150 … ✗ swath overlaps bbox but all pixels cloud/land masked
  npp 20260517_2200 … ✗ swath overlaps bbox but all pixels cloud/land masked
  npp 20260517_2210 … ✗ swath overlaps bbox but all pixels cloud/land masked
  npp 20260517_2250 … ✗ swath overlaps bbox but all pixels cloud/land masked
  npp 20260517_2300 … ✗ swath overlaps bbox but all pixels cloud/land masked
  npp 20260517_2310 … ✗ swath overlaps bbox but all pixels cloud/land masked
  npp 20260517_2350 … ✗ swath overlaps bbox but all pixels cloud/land masked
  npp 20260518_0000 … ✗ swath overlaps bbox but all pixels cloud/land masked
  npp 20260518_0010 … ✗ swath overlaps bbox but all pixels cloud/land masked
  npp 20260518_0050 … ✗ swath overlaps bbox but all pixels cloud/land masked
  npp 20260518_0100 … ✗ swath overlaps bbox but all pixels cloud/land masked
  npp 20260518_0110 … ✗ swath overlaps bbox but all pixels cloud/land masked
  npp 20260518_0150 … ✗ swath overlaps bbox but all pixels cloud/land masked
  npp 20260518_0200 … ✗ swath overlaps bbox but all pixels cloud/land masked
  npp 20260518_0210 … ✗ swath overlaps bbox but all pixels cloud/land masked
  npp 20260518_0250 … ✗ swath overlaps bbox but all pixels cloud/land masked
  npp 20260518_0300 … ✗ swath overlaps bbox but all pixels cloud/land masked
  npp 20260518_0310 … ✗ swath overlaps bbox but all pixels cloud/land masked
  npp 20260518_0350 … ✗ swath overlaps bbox but all pixels cloud/land masked
  npp 20260518_0400 … ✗ swath overlaps bbox but all pixels cloud/land masked
  npp 20260518_0410 … ✗ swath overlaps bbox but all pixels cloud/land masked
  npp 20260518_0450 … ✗ swath overlaps bbox but all pixels cloud/land masked
  npp 20260518_0500 … ✗ swath overlaps bbox but all pixels cloud/land masked
  npp 20260518_0510 … ✗ swath overlaps bbox but all pixels cloud/land masked
  npp 20260518_0550 … ✗ swath overlaps bbox but all pixels cloud/land masked
  npp 20260518_0600 … ✗ swath overlaps bbox but all pixels cloud/land masked
  npp 20260518_0610 … ✗ swath overlaps bbox but all pixels cloud/land masked
  npp 20260518_0650 … ✗ swath overlaps bbox but all pixels cloud/land masked
  npp 20260518_0700 … ✗ swath overlaps bbox but all pixels cloud/land masked
  npp 20260518_0710 … ✗ swath overlaps bbox but all pixels cloud/land masked
  npp 20260518_0750 … ✗ swath overlaps bbox but all pixels cloud/land masked
  npp 20260518_0800 ✓ (cached)
  npp 20260518_0810 ✓ (cached)
  npp 20260518_0850 … ✗ swath overlaps bbox but all pixels cloud/land masked
  npp 20260518_0900 … ✗ swath overlaps bbox but all pixels cloud/land masked
  npp 20260518_0910 … ✗ swath overlaps bbox but all pixels cloud/land masked
  npp 20260518_0950 … ✗ swath overlaps bbox but all pixels cloud/land masked
  npp 20260518_1000 … ✗ swath overlaps bbox but all pixels cloud/land masked
  npp 20260518_1010 … ✗ swath overlaps bbox but all pixels cloud/land masked
  npp 20260518_1050 … ✗ swath overlaps bbox but all pixels cloud/land masked
  npp 20260518_1100 … ✗ swath overlaps bbox but all pixels cloud/land masked
  npp 20260518_1110 … ✗ swath overlaps bbox but all pixels cloud/land masked
  npp 20260518_1150 … ✗ swath overlaps bbox but all pixels cloud/land masked
  npp 20260518_1200 … ✗ swath overlaps bbox but all pixels cloud/land masked
  npp 20260518_1210 … ✗ swath overlaps bbox but all pixels cloud/land masked
  npp 20260518_1250 … ✗ swath overlaps bbox but all pixels cloud/land masked
  n20 20260516_1550 … ✗ swath overlaps bbox but all pixels cloud/land masked
  n20 20260516_1600 … ✗ swath overlaps bbox but all pixels cloud/land masked
  n20 20260516_1610 … ✗ swath overlaps bbox but all pixels cloud/land masked
  n20 20260516_1650 … ✗ swath overlaps bbox but all pixels cloud/land masked
  n20 20260516_1700 ✓ (cached)
  n20 20260516_1710 … ✗ swath overlaps bbox but all pixels cloud/land masked
  n20 20260516_1750 … ✗ swath overlaps bbox but all pixels cloud/land masked
  n20 20260516_1800 … ✗ swath overlaps bbox but all pixels cloud/land masked
  n20 20260516_1810 … ✗ swath overlaps bbox but all pixels cloud/land masked
  n20 20260516_1850 … ✗ swath overlaps bbox but all pixels cloud/land masked
  n20 20260516_1900 … ✗ swath overlaps bbox but all pixels cloud/land masked
  n20 20260516_1910 … ✗ swath overlaps bbox but all pixels cloud/land masked
  n20 20260516_1950 … ✗ swath overlaps bbox but all pixels cloud/land masked
  n20 20260516_2000 … ✗ swath overlaps bbox but all pixels cloud/land masked
  n20 20260516_2010 … ✗ swath overlaps bbox but all pixels cloud/land masked
  n20 20260516_2050 … ✗ swath overlaps bbox but all pixels cloud/land masked
  n20 20260516_2100 … ✗ swath overlaps bbox but all pixels cloud/land masked
  n20 20260516_2110 … ✗ swath overlaps bbox but all pixels cloud/land masked
  n20 20260516_2150 … ✗ swath overlaps bbox but all pixels cloud/land masked
  n20 20260516_2200 … ✗ swath overlaps bbox but all pixels cloud/land masked
  n20 20260516_2210 … ✗ swath overlaps bbox but all pixels cloud/land masked
  n20 20260516_2250 … ✗ swath overlaps bbox but all pixels cloud/land masked
  n20 20260516_2300 … ✗ swath overlaps bbox but all pixels cloud/land masked
  n20 20260516_2310 … ✗ swath overlaps bbox but all pixels cloud/land masked
  n20 20260516_2350 … ✗ swath overlaps bbox but all pixels cloud/land masked
  n20 20260517_0000 … ✗ swath overlaps bbox but all pixels cloud/land masked
  n20 20260517_0010 … ✗ swath overlaps bbox but all pixels cloud/land masked
  n20 20260517_0050 … ✗ swath overlaps bbox but all pixels cloud/land masked
  n20 20260517_0100 … ✗ swath overlaps bbox but all pixels cloud/land masked
  n20 20260517_0110 … ✗ swath overlaps bbox but all pixels cloud/land masked
  n20 20260517_0150 … ✗ swath overlaps bbox but all pixels cloud/land masked
  n20 20260517_0200 … ✗ swath overlaps bbox but all pixels cloud/land masked
  n20 20260517_0210 … ✗ swath overlaps bbox but all pixels cloud/land masked
  n20 20260517_0250 … ✗ swath overlaps bbox but all pixels cloud/land masked
  n20 20260517_0300 … ✗ swath overlaps bbox but all pixels cloud/land masked
  n20 20260517_0310 … ✗ swath overlaps bbox but all pixels cloud/land masked
  n20 20260517_0350 … ✗ swath overlaps bbox but all pixels cloud/land masked
  n20 20260517_0400 … ✗ swath overlaps bbox but all pixels cloud/land masked
  n20 20260517_0410 … ✗ swath overlaps bbox but all pixels cloud/land masked
  n20 20260517_0450 … ✗ swath overlaps bbox but all pixels cloud/land masked
  n20 20260517_0500 … ✗ swath overlaps bbox but all pixels cloud/land masked
  n20 20260517_0510 … ✗ swath overlaps bbox but all pixels cloud/land masked
  n20 20260517_0550 … ✗ swath overlaps bbox but all pixels cloud/land masked
  n20 20260517_0600 … ✗ swath overlaps bbox but all pixels cloud/land masked
  n20 20260517_0610 … ✗ swath overlaps bbox but all pixels cloud/land masked
  n20 20260517_0650 … ✗ swath overlaps bbox but all pixels cloud/land masked
  n20 20260517_0700 ✓ (cached)
  n20 20260517_0710 … ✗ swath overlaps bbox but all pixels cloud/land masked
  n20 20260517_0750 … ✗ swath overlaps bbox but all pixels cloud/land masked
  n20 20260517_0800 … ✗ swath overlaps bbox but all pixels cloud/land masked
  n20 20260517_0810 … ✗ swath overlaps bbox but all pixels cloud/land masked
  n20 20260517_0850 … ✗ swath overlaps bbox but all pixels cloud/land masked
  n20 20260517_0900 … ✗ swath overlaps bbox but all pixels cloud/land masked
  n20 20260517_0910 … ✗ swath overlaps bbox but all pixels cloud/land masked
  n20 20260517_0950 … ✗ swath overlaps bbox but all pixels cloud/land masked
  n20 20260517_1000 … ✗ swath overlaps bbox but all pixels cloud/land masked
  n20 20260517_1010 … ✗ swath overlaps bbox but all pixels cloud/land masked
  n20 20260517_1050 … ✗ swath overlaps bbox but all pixels cloud/land masked
  n20 20260517_1100 … ✗ swath overlaps bbox but all pixels cloud/land masked
  n20 20260517_1110 … ✗ swath overlaps bbox but all pixels cloud/land masked
  n20 20260517_1150 … ✗ swath overlaps bbox but all pixels cloud/land masked
  n20 20260517_1200 … ✗ swath overlaps bbox but all pixels cloud/land masked
  n20 20260517_1210 … ✗ swath overlaps bbox but all pixels cloud/land masked
  n20 20260517_1250 … ✗ swath overlaps bbox but all pixels cloud/land masked
  n20 20260517_1300 … ✗ swath overlaps bbox but all pixels cloud/land masked
  n20 20260517_1310 … ✗ swath overlaps bbox but all pixels cloud/land masked
  n20 20260517_1350 … ✗ swath overlaps bbox but all pixels cloud/land masked
  n20 20260517_1400 … ✗ swath overlaps bbox but all pixels cloud/land masked
  n20 20260517_1410 … ✗ swath overlaps bbox but all pixels cloud/land masked
  n20 20260517_1450 … ✗ swath overlaps bbox but all pixels cloud/land masked
  n20 20260517_1500 … ✗ swath overlaps bbox but all pixels cloud/land masked
  n20 20260517_1510 … ✗ swath overlaps bbox but all pixels cloud/land masked
  n20 20260517_1550 … ✗ swath overlaps bbox but all pixels cloud/land masked
  n20 20260517_1600 … ✗ swath overlaps bbox but all pixels cloud/land masked
  n20 20260517_1610 … ✗ swath overlaps bbox but all pixels cloud/land masked
  n20 20260517_1650 … ✗ swath overlaps bbox but all pixels cloud/land masked
  n20 20260517_1700 … ✗ swath overlaps bbox but all pixels cloud/land masked
  n20 20260517_1710 … ✗ swath overlaps bbox but all pixels cloud/land masked
  n20 20260517_1750 … ✗ swath overlaps bbox but all pixels cloud/land masked
  n20 20260517_1800 … ✗ swath overlaps bbox but all pixels cloud/land masked
  n20 20260517_1810 … ✗ swath overlaps bbox but all pixels cloud/land masked
  n20 20260517_1850 … ✗ swath overlaps bbox but all pixels cloud/land masked
  n20 20260517_1900 … ✗ swath overlaps bbox but all pixels cloud/land masked
  n20 20260517_1910 … ✗ swath overlaps bbox but all pixels cloud/land masked
  n20 20260517_1950 … ✗ swath overlaps bbox but all pixels cloud/land masked
  n20 20260517_2000 … ✗ swath overlaps bbox but all pixels cloud/land masked
  n20 20260517_2010 … ✗ swath overlaps bbox but all pixels cloud/land masked
  n20 20260517_2050 … ✗ swath overlaps bbox but all pixels cloud/land masked
  n20 20260517_2100 … ✗ swath overlaps bbox but all pixels cloud/land masked
  n20 20260517_2110 … ✗ swath overlaps bbox but all pixels cloud/land masked
  n20 20260517_2150 … ✗ swath overlaps bbox but all pixels cloud/land masked
  n20 20260517_2200 … ✗ swath overlaps bbox but all pixels cloud/land masked
  n20 20260517_2210 … ✗ swath overlaps bbox but all pixels cloud/land masked
  n20 20260517_2250 … ✗ swath overlaps bbox but all pixels cloud/land masked
  n20 20260517_2300 … ✗ swath overlaps bbox but all pixels cloud/land masked
  n20 20260517_2310 … ✗ swath overlaps bbox but all pixels cloud/land masked
  n20 20260517_2350 … ✗ swath overlaps bbox but all pixels cloud/land masked
  n20 20260518_0000 … ✗ swath overlaps bbox but all pixels cloud/land masked
  n20 20260518_0010 … ✗ swath overlaps bbox but all pixels cloud/land masked
  n20 20260518_0050 … ✗ swath overlaps bbox but all pixels cloud/land masked
  n20 20260518_0100 … ✗ swath overlaps bbox but all pixels cloud/land masked
  n20 20260518_0110 … ✗ swath overlaps bbox but all pixels cloud/land masked
  n20 20260518_0150 … ✗ swath overlaps bbox but all pixels cloud/land masked
  n20 20260518_0200 … ✗ swath overlaps bbox but all pixels cloud/land masked
  n20 20260518_0210 … ✗ swath overlaps bbox but all pixels cloud/land masked
  n20 20260518_0250 … ✗ swath overlaps bbox but all pixels cloud/land masked
  n20 20260518_0300 … ✗ swath overlaps bbox but all pixels cloud/land masked
  n20 20260518_0310 … ✗ swath overlaps bbox but all pixels cloud/land masked
  n20 20260518_0350 … ✗ swath overlaps bbox but all pixels cloud/land masked
  n20 20260518_0400 … ✗ swath overlaps bbox but all pixels cloud/land masked
  n20 20260518_0410 … ✗ swath overlaps bbox but all pixels cloud/land masked
  n20 20260518_0450 … ✗ swath overlaps bbox but all pixels cloud/land masked
  n20 20260518_0500 … ✗ swath overlaps bbox but all pixels cloud/land masked
  n20 20260518_0510 … ✗ swath overlaps bbox but all pixels cloud/land masked
  n20 20260518_0550 … ✗ swath overlaps bbox but all pixels cloud/land masked
  n20 20260518_0600 … ✗ swath overlaps bbox but all pixels cloud/land masked
  n20 20260518_0610 … ✗ swath overlaps bbox but all pixels cloud/land masked
  n20 20260518_0650 … ✗ swath overlaps bbox but all pixels cloud/land masked
  n20 20260518_0700 … ✗ swath overlaps bbox but all pixels cloud/land masked
  n20 20260518_0710 … ✗ swath overlaps bbox but all pixels cloud/land masked
  n20 20260518_0750 … ✗ swath overlaps bbox but all pixels cloud/land masked
  n20 20260518_0800 … ✗ swath overlaps bbox but all pixels cloud/land masked
  n20 20260518_0810 … ✗ swath overlaps bbox but all pixels cloud/land masked
  n20 20260518_0850 … ✗ swath overlaps bbox but all pixels cloud/land masked
  n20 20260518_0900 … ✗ swath overlaps bbox but all pixels cloud/land masked
  n20 20260518_0910 … ✗ swath overlaps bbox but all pixels cloud/land masked
  n20 20260518_0950 … ✗ swath overlaps bbox but all pixels cloud/land masked
  n20 20260518_1000 … ✗ swath overlaps bbox but all pixels cloud/land masked
  n20 20260518_1010 … ✗ swath overlaps bbox but all pixels cloud/land masked
  n20 20260518_1050 … ✗ swath overlaps bbox but all pixels cloud/land masked
  n20 20260518_1100 … ✗ swath overlaps bbox but all pixels cloud/land masked
  n20 20260518_1110 … ✗ swath overlaps bbox but all pixels cloud/land masked
  n20 20260518_1150 … ✗ swath overlaps bbox but all pixels cloud/land masked
  n20 20260518_1200 … ✗ swath overlaps bbox but all pixels cloud/land masked
  n20 20260518_1210 … ✗ swath overlaps bbox but all pixels cloud/land masked
  n20 20260518_1250 … ✗ swath overlaps bbox but all pixels cloud/land masked
  n20 20260518_1300 … ✗ swath overlaps bbox but all pixels cloud/land masked
  n20 20260518_1310 … ✗ swath overlaps bbox but all pixels cloud/land masked
  n20 20260518_1350 … ✗ swath overlaps bbox but all pixels cloud/land masked
  n20 20260518_1400 … ✗ swath overlaps bbox but all pixels cloud/land masked
  n20 20260518_1410 … ✗ swath overlaps bbox but all pixels cloud/land masked
  n21 20260516_1550 … ✗ swath overlaps bbox but all pixels cloud/land masked
  n21 20260516_1600 … ✗ swath overlaps bbox but all pixels cloud/land masked
  n21 20260516_1610 … ✗ swath overlaps bbox but all pixels cloud/land masked
  n21 20260516_1650 … ✗ swath overlaps bbox but all pixels cloud/land masked
  n21 20260516_1700 … ✗ swath overlaps bbox but all pixels cloud/land masked
  n21 20260516_1710 … ✗ swath overlaps bbox but all pixels cloud/land masked
  n21 20260516_1750 ✓ (cached)
  n21 20260516_1800 … ✗ swath overlaps bbox but all pixels cloud/land masked
  n21 20260516_1810 … ✗ swath overlaps bbox but all pixels cloud/land masked
  n21 20260516_1850 … ✗ swath overlaps bbox but all pixels cloud/land masked
  n21 20260516_1900 … ✗ swath overlaps bbox but all pixels cloud/land masked
  n21 20260516_1910 … ✗ swath overlaps bbox but all pixels cloud/land masked
  n21 20260516_1950 … ✗ swath overlaps bbox but all pixels cloud/land masked
  n21 20260516_2000 … ✗ swath overlaps bbox but all pixels cloud/land masked
  n21 20260516_2010 … ✗ swath overlaps bbox but all pixels cloud/land masked
  n21 20260516_2050 … ✗ swath overlaps bbox but all pixels cloud/land masked
  n21 20260516_2100 … ✗ swath overlaps bbox but all pixels cloud/land masked
  n21 20260516_2110 … ✗ swath overlaps bbox but all pixels cloud/land masked
  n21 20260516_2150 … ✗ swath overlaps bbox but all pixels cloud/land masked
  n21 20260516_2200 … ✗ swath overlaps bbox but all pixels cloud/land masked
  n21 20260516_2210 … ✗ swath overlaps bbox but all pixels cloud/land masked
  n21 20260516_2250 … ✗ swath overlaps bbox but all pixels cloud/land masked
  n21 20260516_2300 … ✗ swath overlaps bbox but all pixels cloud/land masked
  n21 20260516_2310 … ✗ swath overlaps bbox but all pixels cloud/land masked
  n21 20260516_2350 … ✗ swath overlaps bbox but all pixels cloud/land masked
  n21 20260517_0000 … ✗ swath overlaps bbox but all pixels cloud/land masked
  n21 20260517_0010 … ✗ swath overlaps bbox but all pixels cloud/land masked
  n21 20260517_0050 … ✗ swath overlaps bbox but all pixels cloud/land masked
  n21 20260517_0100 … ✗ swath overlaps bbox but all pixels cloud/land masked
  n21 20260517_0110 … ✗ swath overlaps bbox but all pixels cloud/land masked
  n21 20260517_0150 … ✗ swath overlaps bbox but all pixels cloud/land masked
  n21 20260517_0200 … ✗ swath overlaps bbox but all pixels cloud/land masked
  n21 20260517_0210 … ✗ swath overlaps bbox but all pixels cloud/land masked
  n21 20260517_0250 … ✗ swath overlaps bbox but all pixels cloud/land masked
  n21 20260517_0300 … ✗ swath overlaps bbox but all pixels cloud/land masked
  n21 20260517_0310 … ✗ swath overlaps bbox but all pixels cloud/land masked
  n21 20260517_0350 … ✗ swath overlaps bbox but all pixels cloud/land masked
  n21 20260517_0400 … ✗ swath overlaps bbox but all pixels cloud/land masked
  n21 20260517_0410 … ✗ swath overlaps bbox but all pixels cloud/land masked
  n21 20260517_0450 … ✗ swath overlaps bbox but all pixels cloud/land masked
  n21 20260517_0500 … ✗ swath overlaps bbox but all pixels cloud/land masked
  n21 20260517_0510 … ✗ swath overlaps bbox but all pixels cloud/land masked
  n21 20260517_0550 … ✗ swath overlaps bbox but all pixels cloud/land masked
  n21 20260517_0600 … ✗ swath overlaps bbox but all pixels cloud/land masked
  n21 20260517_0610 ✓ (cached)
  n21 20260517_0650 … ✗ swath overlaps bbox but all pixels cloud/land masked
  n21 20260517_0700 … ✗ swath overlaps bbox but all pixels cloud/land masked
  n21 20260517_0710 … ✗ swath overlaps bbox but all pixels cloud/land masked
  n21 20260517_0750 ✓ (cached)
  n21 20260517_0800 … ✗ swath overlaps bbox but all pixels cloud/land masked
  n21 20260517_0810 … ✗ swath overlaps bbox but all pixels cloud/land masked
  n21 20260517_0850 … ✗ swath overlaps bbox but all pixels cloud/land masked
  n21 20260517_0900 … ✗ swath overlaps bbox but all pixels cloud/land masked
  n21 20260517_0910 … ✗ swath overlaps bbox but all pixels cloud/land masked
  n21 20260517_0950 … ✗ swath overlaps bbox but all pixels cloud/land masked
  n21 20260517_1000 … ✗ swath overlaps bbox but all pixels cloud/land masked
  n21 20260517_1010 … ✗ swath overlaps bbox but all pixels cloud/land masked
  n21 20260517_1050 … ✗ swath overlaps bbox but all pixels cloud/land masked
  n21 20260517_1100 … ✗ swath overlaps bbox but all pixels cloud/land masked
  n21 20260517_1110 … ✗ swath overlaps bbox but all pixels cloud/land masked
  n21 20260517_1150 … ✗ swath overlaps bbox but all pixels cloud/land masked
  n21 20260517_1200 … ✗ swath overlaps bbox but all pixels cloud/land masked
  n21 20260517_1210 … ✗ swath overlaps bbox but all pixels cloud/land masked
  n21 20260517_1250 … ✗ swath overlaps bbox but all pixels cloud/land masked
  n21 20260517_1300 … ✗ swath overlaps bbox but all pixels cloud/land masked
  n21 20260517_1310 … ✗ swath overlaps bbox but all pixels cloud/land masked
  n21 20260517_1350 … ✗ swath overlaps bbox but all pixels cloud/land masked
  n21 20260517_1400 … ✗ swath overlaps bbox but all pixels cloud/land masked
  n21 20260517_1410 … ✗ swath overlaps bbox but all pixels cloud/land masked
  n21 20260517_1450 … ✗ swath overlaps bbox but all pixels cloud/land masked
  n21 20260517_1500 … ✗ swath overlaps bbox but all pixels cloud/land masked
  n21 20260517_1510 … ✗ swath overlaps bbox but all pixels cloud/land masked
  n21 20260517_1550 … ✗ swath overlaps bbox but all pixels cloud/land masked
  n21 20260517_1600 … ✗ swath overlaps bbox but all pixels cloud/land masked
  n21 20260517_1610 … ✗ swath overlaps bbox but all pixels cloud/land masked
  n21 20260517_1650 … ✗ swath overlaps bbox but all pixels cloud/land masked
  n21 20260517_1700 … ✗ swath overlaps bbox but all pixels cloud/land masked
  n21 20260517_1710 … ✗ swath overlaps bbox but all pixels cloud/land masked
  n21 20260517_1750 … ✗ swath overlaps bbox but all pixels cloud/land masked
  n21 20260517_1800 … ✗ swath overlaps bbox but all pixels cloud/land masked
  n21 20260517_1810 … ✗ swath overlaps bbox but all pixels cloud/land masked
  n21 20260517_1850 … ✗ swath overlaps bbox but all pixels cloud/land masked
  n21 20260517_1900 … ✗ swath overlaps bbox but all pixels cloud/land masked
  n21 20260517_1910 ✓ (cached)
  n21 20260517_1950 … ✗ swath overlaps bbox but all pixels cloud/land masked
  n21 20260517_2000 … ✗ swath overlaps bbox but all pixels cloud/land masked
  n21 20260517_2010 … ✗ swath overlaps bbox but all pixels cloud/land masked
  n21 20260517_2050 … ✗ swath overlaps bbox but all pixels cloud/land masked
  n21 20260517_2100 … ✗ swath overlaps bbox but all pixels cloud/land masked
  n21 20260517_2110 … ✗ swath overlaps bbox but all pixels cloud/land masked
  n21 20260517_2150 … ✗ swath overlaps bbox but all pixels cloud/land masked
  n21 20260517_2200 … ✗ swath overlaps bbox but all pixels cloud/land masked
  n21 20260517_2210 … ✗ swath overlaps bbox but all pixels cloud/land masked
  n21 20260517_2250 … ✗ swath overlaps bbox but all pixels cloud/land masked
  n21 20260517_2300 … ✗ swath overlaps bbox but all pixels cloud/land masked
  n21 20260517_2310 … ✗ swath overlaps bbox but all pixels cloud/land masked
  n21 20260517_2350 … ✗ swath overlaps bbox but all pixels cloud/land masked
  n21 20260518_0000 … ✗ swath overlaps bbox but all pixels cloud/land masked
  n21 20260518_0010 … ✗ swath overlaps bbox but all pixels cloud/land masked
  n21 20260518_0050 … ✗ swath overlaps bbox but all pixels cloud/land masked
  n21 20260518_0100 … ✗ swath overlaps bbox but all pixels cloud/land masked
  n21 20260518_0110 … ✗ swath overlaps bbox but all pixels cloud/land masked
  n21 20260518_0150 … ✗ swath overlaps bbox but all pixels cloud/land masked
  n21 20260518_0200 … ✗ swath overlaps bbox but all pixels cloud/land masked
  n21 20260518_0210 … ✗ swath overlaps bbox but all pixels cloud/land masked
  n21 20260518_0250 … ✗ swath overlaps bbox but all pixels cloud/land masked
  n21 20260518_0300 … ✗ swath overlaps bbox but all pixels cloud/land masked
  n21 20260518_0310 … ✗ swath overlaps bbox but all pixels cloud/land masked
  n21 20260518_0350 … ✗ swath overlaps bbox but all pixels cloud/land masked
  n21 20260518_0400 … ✗ swath overlaps bbox but all pixels cloud/land masked
  n21 20260518_0410 … ✗ swath overlaps bbox but all pixels cloud/land masked
  n21 20260518_0450 … ✗ swath overlaps bbox but all pixels cloud/land masked
  n21 20260518_0500 … ✗ swath overlaps bbox but all pixels cloud/land masked
  n21 20260518_0510 … ✗ swath overlaps bbox but all pixels cloud/land masked
  n21 20260518_0550 ✓ (cached)
  n21 20260518_0600 … ✗ swath overlaps bbox but all pixels cloud/land masked
  n21 20260518_0610 … ✗ swath overlaps bbox but all pixels cloud/land masked
  n21 20260518_0650 … ✗ swath overlaps bbox but all pixels cloud/land masked
  n21 20260518_0700 … ✗ swath overlaps bbox but all pixels cloud/land masked
  n21 20260518_0710 … ✗ swath overlaps bbox but all pixels cloud/land masked
  n21 20260518_0750 … ✗ swath overlaps bbox but all pixels cloud/land masked
  n21 20260518_0800 … ✗ swath overlaps bbox but all pixels cloud/land masked
  n21 20260518_0810 … ✗ swath overlaps bbox but all pixels cloud/land masked
  n21 20260518_0850 … ✗ swath overlaps bbox but all pixels cloud/land masked
  n21 20260518_0900 … ✗ swath overlaps bbox but all pixels cloud/land masked
  n21 20260518_0910 … ✗ swath overlaps bbox but all pixels cloud/land masked
  n21 20260518_0950 … ✗ swath overlaps bbox but all pixels cloud/land masked
  n21 20260518_1000 … ✗ swath overlaps bbox but all pixels cloud/land masked
  n21 20260518_1010 … ✗ swath overlaps bbox but all pixels cloud/land masked
  n21 20260518_1050 … ✗ swath overlaps bbox but all pixels cloud/land masked
  n21 20260518_1100 … ✗ swath overlaps bbox but all pixels cloud/land masked
  n21 20260518_1110 … ✗ swath overlaps bbox but all pixels cloud/land masked
  n21 20260518_1150 … ✗ swath overlaps bbox but all pixels cloud/land masked
  n21 20260518_1200 … ✗ swath overlaps bbox but all pixels cloud/land masked
  n21 20260518_1210 … ✗ swath overlaps bbox but all pixels cloud/land masked
  n21 20260518_1250 … ✗ swath overlaps bbox but all pixels cloud/land masked
  n21 20260518_1300 … ✗ swath overlaps bbox but all pixels cloud/land masked
  n21 20260518_1310 … ✗ swath overlaps bbox but all pixels cloud/land masked
  n21 20260518_1350 … ✗ swath overlaps bbox but all pixels cloud/land masked
  n21 20260518_1400 … ✗ swath overlaps bbox but all pixels cloud/land masked

  VIIRS summary: 0 written, 12 cached, 405 miss/cloud, 697 outside windows.

=========================================================
✓ Pipeline complete
=========================================================
