=========================================================
SST PIPELINE
  UTC  : 2026-06-11 17:07:42
  Bbox : 33.7–39.0°N  -78.89–-72.21°E
=========================================================

── MUR daily composite (last 5 days) ──
  MUR 20260610 (coastwatch.noaa.gov) … ✗ RuntimeError
  MUR 20260610 (coastwatch.pfeg.noaa.gov) …   (land filter: loaded 24 coastline polygons)
  (land filter: dropped 94 inland, kept 8892 ocean)
  ✓ MUR 20260610
  → DailySSTData/MUR/mur_20260610.csv  (8892 pts, 107 lats × 133 lons)
  ✓ MUR 20260609 (cached)
  ✓ MUR 20260608 (cached)
  ✓ MUR 20260607 (cached)
  ✓ MUR 20260606 (cached)

── GOES-19 geo-polar blended daily composite ──
  Candidates: 4 (2 hosts × 2 dataset IDs)
  GOES 20260611 [noaa/noaacwBLENDEDsstDLDaily] … ✗ RuntimeError: 404 — no data for this date
  GOES 20260611 [noaa/noaacwBLENDEDsstDaily] … ✗ RuntimeError: 404 — no data for this date
  GOES 20260611 [pfeg/noaacwBLENDEDsstDLDaily] … ✗ RuntimeError: 404 — no data for this date
  GOES 20260611 [pfeg/noaacwBLENDEDsstDaily] … ✗ RuntimeError: 404 — no data for this date
  GOES 20260610 [noaa/noaacwBLENDEDsstDLDaily] … ✗ RuntimeError: 404 — no data for this date
  GOES 20260610 [noaa/noaacwBLENDEDsstDaily] … ✗ RuntimeError: 404 — no data for this date
  GOES 20260610 [pfeg/noaacwBLENDEDsstDLDaily] … ✗ RuntimeError: 404 — no data for this date
  GOES 20260610 [pfeg/noaacwBLENDEDsstDaily] … ✗ RuntimeError: 404 — no data for this date
  ✓ GOES composite 20260609 (cached)

── VIIRS multi-pass (last 48h — NPP/N20/N21) ──
  ✓ VIIRS NRT base: https://www.star.nesdis.noaa.gov/pub/socd2/coastwatch/sst/nrt/viirs
  Hourly windows : 48
  Window range   : 2026-06-09 17:50Z → 2026-06-11 17:10Z
  Half-width     : ±10 min per bucket
  npp 20260609_1750 … ✗ swath overlaps bbox but all pixels cloud/land masked
  npp 20260609_1800 … ✗ swath overlaps bbox but all pixels cloud/land masked
  npp 20260609_1810 … ✗ swath overlaps bbox but all pixels cloud/land masked
  npp 20260609_1850 … ✗ swath overlaps bbox but all pixels cloud/land masked
  npp 20260609_1900 … ✗ swath overlaps bbox but all pixels cloud/land masked
  npp 20260609_1910 … ✗ swath overlaps bbox but all pixels cloud/land masked
  npp 20260609_1950 … ✗ swath overlaps bbox but all pixels cloud/land masked
  npp 20260609_2000 … ✗ swath overlaps bbox but all pixels cloud/land masked
  npp 20260609_2010 … ✗ swath overlaps bbox but all pixels cloud/land masked
  npp 20260609_2050 … ✗ swath overlaps bbox but all pixels cloud/land masked
  npp 20260609_2100 … ✗ swath overlaps bbox but all pixels cloud/land masked
  npp 20260609_2110 … ✗ swath overlaps bbox but all pixels cloud/land masked
  npp 20260609_2150 … ✗ swath overlaps bbox but all pixels cloud/land masked
  npp 20260609_2200 … ✗ swath overlaps bbox but all pixels cloud/land masked
  npp 20260609_2210 … ✗ swath overlaps bbox but all pixels cloud/land masked
  npp 20260609_2250 … ✗ swath overlaps bbox but all pixels cloud/land masked
  npp 20260609_2300 … ✗ swath overlaps bbox but all pixels cloud/land masked
  npp 20260609_2310 … ✗ swath overlaps bbox but all pixels cloud/land masked
  npp 20260609_2350 … ✗ swath overlaps bbox but all pixels cloud/land masked
  npp 20260610_0000 … ✗ swath overlaps bbox but all pixels cloud/land masked
  npp 20260610_0010 … ✗ swath overlaps bbox but all pixels cloud/land masked
  npp 20260610_0050 … ✗ swath overlaps bbox but all pixels cloud/land masked
  npp 20260610_0100 … ✗ swath overlaps bbox but all pixels cloud/land masked
  npp 20260610_0110 … ✗ swath overlaps bbox but all pixels cloud/land masked
  npp 20260610_0150 … ✗ swath overlaps bbox but all pixels cloud/land masked
  npp 20260610_0200 … ✗ swath overlaps bbox but all pixels cloud/land masked
  npp 20260610_0210 … ✗ swath overlaps bbox but all pixels cloud/land masked
  npp 20260610_0250 … ✗ swath overlaps bbox but all pixels cloud/land masked
  npp 20260610_0310 … ✗ swath overlaps bbox but all pixels cloud/land masked
  npp 20260610_0400 … ✗ swath overlaps bbox but all pixels cloud/land masked
  npp 20260610_0410 … ✗ swath overlaps bbox but all pixels cloud/land masked
  npp 20260610_0450 … ✗ swath overlaps bbox but all pixels cloud/land masked
  npp 20260610_0500 … ✗ swath overlaps bbox but all pixels cloud/land masked
  npp 20260610_0510 … ✗ swath overlaps bbox but all pixels cloud/land masked
  npp 20260610_0550 ✓ (cached)
  npp 20260610_0600 ✓ (cached)
  npp 20260610_0610 … ✗ swath overlaps bbox but all pixels cloud/land masked
  npp 20260610_0650 … ✗ swath overlaps bbox but all pixels cloud/land masked
  npp 20260610_0700 … ✗ swath overlaps bbox but all pixels cloud/land masked
  npp 20260610_0710 … ✗ swath overlaps bbox but all pixels cloud/land masked
  npp 20260610_0750 … ✗ swath overlaps bbox but all pixels cloud/land masked
  npp 20260610_0800 … ✗ swath overlaps bbox but all pixels cloud/land masked
  npp 20260610_0810 … ✗ swath overlaps bbox but all pixels cloud/land masked
  npp 20260610_0850 … ✗ swath overlaps bbox but all pixels cloud/land masked
  npp 20260610_0900 … ✗ swath overlaps bbox but all pixels cloud/land masked
  npp 20260610_0910 … ✗ swath overlaps bbox but all pixels cloud/land masked
  npp 20260610_0950 … ✗ swath overlaps bbox but all pixels cloud/land masked
  npp 20260610_1000 … ✗ swath overlaps bbox but all pixels cloud/land masked
  npp 20260610_1010 … ✗ swath overlaps bbox but all pixels cloud/land masked
  npp 20260610_1050 … ✗ swath overlaps bbox but all pixels cloud/land masked
  npp 20260610_1100 … ✗ swath overlaps bbox but all pixels cloud/land masked
  npp 20260610_1110 … ✗ swath overlaps bbox but all pixels cloud/land masked
  npp 20260610_1150 … ✗ swath overlaps bbox but all pixels cloud/land masked
  npp 20260610_1200 … ✗ swath overlaps bbox but all pixels cloud/land masked
  npp 20260610_1210 … ✗ swath overlaps bbox but all pixels cloud/land masked
  npp 20260610_1250 … ✗ swath overlaps bbox but all pixels cloud/land masked
  npp 20260610_1300 … ✗ swath overlaps bbox but all pixels cloud/land masked
  npp 20260610_1310 … ✗ swath overlaps bbox but all pixels cloud/land masked
  npp 20260610_1350 … ✗ swath overlaps bbox but all pixels cloud/land masked
  npp 20260610_1400 … ✗ swath overlaps bbox but all pixels cloud/land masked
  npp 20260610_1410 … ✗ swath overlaps bbox but all pixels cloud/land masked
  npp 20260610_1450 … ✗ swath overlaps bbox but all pixels cloud/land masked
  npp 20260610_1500 … ✗ swath overlaps bbox but all pixels cloud/land masked
  npp 20260610_1510 … ✗ swath overlaps bbox but all pixels cloud/land masked
  npp 20260610_1550 … ✗ swath overlaps bbox but all pixels cloud/land masked
  npp 20260610_1600 … ✗ swath overlaps bbox but all pixels cloud/land masked
  npp 20260610_1610 … ✗ swath overlaps bbox but all pixels cloud/land masked
  npp 20260610_1650 … ✗ swath overlaps bbox but all pixels cloud/land masked
  npp 20260610_1700 … ✗ swath overlaps bbox but all pixels cloud/land masked
  npp 20260610_1710 ✓ (cached)
  npp 20260610_1750 … ✗ swath overlaps bbox but all pixels cloud/land masked
  npp 20260610_1800 … ✗ swath overlaps bbox but all pixels cloud/land masked
  npp 20260610_1810 … ✗ swath overlaps bbox but all pixels cloud/land masked
  npp 20260610_1850 … ✗ swath overlaps bbox but all pixels cloud/land masked
  npp 20260610_1900 ✓ (cached)
  npp 20260610_1910 … ✗ swath overlaps bbox but all pixels cloud/land masked
  npp 20260610_1950 … ✗ swath overlaps bbox but all pixels cloud/land masked
  npp 20260610_2000 … ✗ swath overlaps bbox but all pixels cloud/land masked
  npp 20260610_2010 … ✗ swath overlaps bbox but all pixels cloud/land masked
  npp 20260610_2050 … ✗ swath overlaps bbox but all pixels cloud/land masked
  npp 20260610_2100 … ✗ swath overlaps bbox but all pixels cloud/land masked
  npp 20260610_2110 … ✗ swath overlaps bbox but all pixels cloud/land masked
  npp 20260610_2150 … ✗ swath overlaps bbox but all pixels cloud/land masked
  npp 20260610_2200 … ✗ swath overlaps bbox but all pixels cloud/land masked
  npp 20260610_2210 … ✗ swath overlaps bbox but all pixels cloud/land masked
  npp 20260610_2250 … ✗ swath overlaps bbox but all pixels cloud/land masked
  npp 20260610_2300 … ✗ swath overlaps bbox but all pixels cloud/land masked
  npp 20260610_2310 … ✗ swath overlaps bbox but all pixels cloud/land masked
  npp 20260610_2350 … ✗ swath overlaps bbox but all pixels cloud/land masked
  npp 20260611_0000 … ✗ swath overlaps bbox but all pixels cloud/land masked
  npp 20260611_0010 … ✗ swath overlaps bbox but all pixels cloud/land masked
  npp 20260611_0050 … ✗ swath overlaps bbox but all pixels cloud/land masked
  npp 20260611_0100 … ✗ swath overlaps bbox but all pixels cloud/land masked
  npp 20260611_0110 … ✗ swath overlaps bbox but all pixels cloud/land masked
  npp 20260611_0150 … ✗ swath overlaps bbox but all pixels cloud/land masked
  npp 20260611_0200 … ✗ swath overlaps bbox but all pixels cloud/land masked
  npp 20260611_0210 … ✗ swath overlaps bbox but all pixels cloud/land masked
  npp 20260611_0250 … ✗ swath overlaps bbox but all pixels cloud/land masked
  npp 20260611_0300 … ✗ swath overlaps bbox but all pixels cloud/land masked
  npp 20260611_0310 … ✗ swath overlaps bbox but all pixels cloud/land masked
  npp 20260611_0350 … ✗ swath overlaps bbox but all pixels cloud/land masked
  npp 20260611_0400 … ✗ swath overlaps bbox but all pixels cloud/land masked
  npp 20260611_0410 … ✗ swath overlaps bbox but all pixels cloud/land masked
  npp 20260611_0450 … ✗ swath overlaps bbox but all pixels cloud/land masked
  npp 20260611_0500 … ✗ swath overlaps bbox but all pixels cloud/land masked
  npp 20260611_0510 … ✗ swath overlaps bbox but all pixels cloud/land masked
  npp 20260611_0550 … ✗ swath overlaps bbox but all pixels cloud/land masked
  npp 20260611_0600 … ✗ swath overlaps bbox but all pixels cloud/land masked
  npp 20260611_0610 … ✗ swath overlaps bbox but all pixels cloud/land masked
  npp 20260611_0650 … ✗ swath overlaps bbox but all pixels cloud/land masked
  npp 20260611_0700 … ✗ swath overlaps bbox but all pixels cloud/land masked
  npp 20260611_0710 … ✗ swath overlaps bbox but all pixels cloud/land masked
  npp 20260611_0750 … ✗ swath overlaps bbox but all pixels cloud/land masked
  npp 20260611_0800 … ✗ swath overlaps bbox but all pixels cloud/land masked
  npp 20260611_0810 … ✗ swath overlaps bbox but all pixels cloud/land masked
  npp 20260611_0850 … ✗ swath overlaps bbox but all pixels cloud/land masked
  npp 20260611_0900 … ✗ swath overlaps bbox but all pixels cloud/land masked
  npp 20260611_0910 … ✗ swath overlaps bbox but all pixels cloud/land masked
  npp 20260611_0950 … ✗ swath overlaps bbox but all pixels cloud/land masked
  npp 20260611_1000 … ✗ swath overlaps bbox but all pixels cloud/land masked
  npp 20260611_1010 … ✗ swath overlaps bbox but all pixels cloud/land masked
  npp 20260611_1050 … ✗ swath overlaps bbox but all pixels cloud/land masked
  npp 20260611_1100 … ✗ swath overlaps bbox but all pixels cloud/land masked
  npp 20260611_1110 … ✗ swath overlaps bbox but all pixels cloud/land masked
  npp 20260611_1150 … ✗ swath overlaps bbox but all pixels cloud/land masked
  npp 20260611_1200 … ✗ swath overlaps bbox but all pixels cloud/land masked
  npp 20260611_1210 … ✗ swath overlaps bbox but all pixels cloud/land masked
  npp 20260611_1250 … ✗ swath overlaps bbox but all pixels cloud/land masked
  npp 20260611_1300 … ✗ swath overlaps bbox but all pixels cloud/land masked
  npp 20260611_1310 … ✗ swath overlaps bbox but all pixels cloud/land masked
  npp 20260611_1350 … ✗ swath overlaps bbox but all pixels cloud/land masked
  npp 20260611_1400 … ✗ swath overlaps bbox but all pixels cloud/land masked
  npp 20260611_1410 … ✗ swath overlaps bbox but all pixels cloud/land masked
  npp 20260611_1450 … ✗ swath overlaps bbox but all pixels cloud/land masked
  npp 20260611_1500 … ✗ swath overlaps bbox but all pixels cloud/land masked
  npp 20260611_1510 … ✗ swath overlaps bbox but all pixels cloud/land masked
  n20 20260609_1750 ✓ (cached)
  n20 20260609_1800 … ✗ swath overlaps bbox but all pixels cloud/land masked
  n20 20260609_1810 … ✗ swath overlaps bbox but all pixels cloud/land masked
  n20 20260609_1850 … ✗ swath overlaps bbox but all pixels cloud/land masked
  n20 20260609_1900 … ✗ swath overlaps bbox but all pixels cloud/land masked
  n20 20260609_1910 … ✗ swath overlaps bbox but all pixels cloud/land masked
  n20 20260609_1950 … ✗ swath overlaps bbox but all pixels cloud/land masked
  n20 20260609_2000 … ✗ swath overlaps bbox but all pixels cloud/land masked
  n20 20260609_2010 … ✗ swath overlaps bbox but all pixels cloud/land masked
  n20 20260609_2050 … ✗ swath overlaps bbox but all pixels cloud/land masked
  n20 20260609_2100 … ✗ swath overlaps bbox but all pixels cloud/land masked
  n20 20260609_2110 … ✗ swath overlaps bbox but all pixels cloud/land masked
  n20 20260609_2150 … ✗ swath overlaps bbox but all pixels cloud/land masked
  n20 20260609_2200 … ✗ swath overlaps bbox but all pixels cloud/land masked
  n20 20260609_2210 … ✗ swath overlaps bbox but all pixels cloud/land masked
  n20 20260609_2250 … ✗ swath overlaps bbox but all pixels cloud/land masked
  n20 20260609_2300 … ✗ swath overlaps bbox but all pixels cloud/land masked
  n20 20260609_2310 … ✗ swath overlaps bbox but all pixels cloud/land masked
  n20 20260609_2350 … ✗ swath overlaps bbox but all pixels cloud/land masked
  n20 20260610_0000 … ✗ swath overlaps bbox but all pixels cloud/land masked
  n20 20260610_0010 … ✗ swath overlaps bbox but all pixels cloud/land masked
  n20 20260610_0050 … ✗ swath overlaps bbox but all pixels cloud/land masked
  n20 20260610_0100 … ✗ swath overlaps bbox but all pixels cloud/land masked
  n20 20260610_0110 … ✗ swath overlaps bbox but all pixels cloud/land masked
  n20 20260610_0150 … ✗ swath overlaps bbox but all pixels cloud/land masked
  n20 20260610_0200 … ✗ swath overlaps bbox but all pixels cloud/land masked
  n20 20260610_0210 … ✗ swath overlaps bbox but all pixels cloud/land masked
  n20 20260610_0250 … ✗ swath overlaps bbox but all pixels cloud/land masked
  n20 20260610_0300 … ✗ swath overlaps bbox but all pixels cloud/land masked
  n20 20260610_0310 … ✗ swath overlaps bbox but all pixels cloud/land masked
  n20 20260610_0350 … ✗ swath overlaps bbox but all pixels cloud/land masked
  n20 20260610_0400 … ✗ swath overlaps bbox but all pixels cloud/land masked
  n20 20260610_0410 … ✗ swath overlaps bbox but all pixels cloud/land masked
  n20 20260610_0450 … ✗ swath overlaps bbox but all pixels cloud/land masked
  n20 20260610_0500 … ✗ swath overlaps bbox but all pixels cloud/land masked
  n20 20260610_0510 … ✗ swath overlaps bbox but all pixels cloud/land masked
  n20 20260610_0550 … ✗ swath overlaps bbox but all pixels cloud/land masked
  n20 20260610_0600 … ✗ swath overlaps bbox but all pixels cloud/land masked
  n20 20260610_0610 ✓ (cached)
  n20 20260610_0650 … ✗ swath overlaps bbox but all pixels cloud/land masked
  n20 20260610_0700 … ✗ swath overlaps bbox but all pixels cloud/land masked
  n20 20260610_0710 … ✗ swath overlaps bbox but all pixels cloud/land masked
  n20 20260610_0750 ✓ (cached)
  n20 20260610_0800 … ✗ swath overlaps bbox but all pixels cloud/land masked
  n20 20260610_0810 … ✗ swath overlaps bbox but all pixels cloud/land masked
  n20 20260610_0850 … ✗ swath overlaps bbox but all pixels cloud/land masked
  n20 20260610_0900 … ✗ swath overlaps bbox but all pixels cloud/land masked
  n20 20260610_0910 … ✗ swath overlaps bbox but all pixels cloud/land masked
  n20 20260610_0950 … ✗ swath overlaps bbox but all pixels cloud/land masked
  n20 20260610_1000 … ✗ swath overlaps bbox but all pixels cloud/land masked
  n20 20260610_1010 … ✗ swath overlaps bbox but all pixels cloud/land masked
  n20 20260610_1050 … ✗ swath overlaps bbox but all pixels cloud/land masked
  n20 20260610_1100 … ✗ swath overlaps bbox but all pixels cloud/land masked
  n20 20260610_1110 … ✗ swath overlaps bbox but all pixels cloud/land masked
  n20 20260610_1150 … ✗ swath overlaps bbox but all pixels cloud/land masked
  n20 20260610_1200 … ✗ swath overlaps bbox but all pixels cloud/land masked
  n20 20260610_1210 … ✗ swath overlaps bbox but all pixels cloud/land masked
  n20 20260610_1250 … ✗ swath overlaps bbox but all pixels cloud/land masked
  n20 20260610_1300 … ✗ swath overlaps bbox but all pixels cloud/land masked
  n20 20260610_1310 … ✗ swath overlaps bbox but all pixels cloud/land masked
  n20 20260610_1350 … ✗ swath overlaps bbox but all pixels cloud/land masked
  n20 20260610_1400 … ✗ swath overlaps bbox but all pixels cloud/land masked
  n20 20260610_1410 … ✗ swath overlaps bbox but all pixels cloud/land masked
  n20 20260610_1450 … ✗ swath overlaps bbox but all pixels cloud/land masked
  n20 20260610_1500 … ✗ swath overlaps bbox but all pixels cloud/land masked
  n20 20260610_1510 … ✗ swath overlaps bbox but all pixels cloud/land masked
  n20 20260610_1550 … ✗ swath overlaps bbox but all pixels cloud/land masked
  n20 20260610_1600 … ✗ swath overlaps bbox but all pixels cloud/land masked
  n20 20260610_1610 … ✗ swath overlaps bbox but all pixels cloud/land masked
  n20 20260610_1650 … ✗ swath overlaps bbox but all pixels cloud/land masked
  n20 20260610_1700 … ✗ swath overlaps bbox but all pixels cloud/land masked
  n20 20260610_1710 … ✗ swath overlaps bbox but all pixels cloud/land masked
  n20 20260610_1750 … ✗ swath overlaps bbox but all pixels cloud/land masked
  n20 20260610_1800 … ✗ swath overlaps bbox but all pixels cloud/land masked
  n20 20260610_1810 … ✗ swath overlaps bbox but all pixels cloud/land masked
  n20 20260610_1850 … ✗ swath overlaps bbox but all pixels cloud/land masked
  n20 20260610_1900 … ✗ swath overlaps bbox but all pixels cloud/land masked
  n20 20260610_1910 … ✗ swath overlaps bbox but all pixels cloud/land masked
  n20 20260610_1950 … ✗ swath overlaps bbox but all pixels cloud/land masked
  n20 20260610_2000 … ✗ swath overlaps bbox but all pixels cloud/land masked
  n20 20260610_2010 … ✗ swath overlaps bbox but all pixels cloud/land masked
  n20 20260610_2050 … ✗ swath overlaps bbox but all pixels cloud/land masked
  n20 20260610_2100 … ✗ swath overlaps bbox but all pixels cloud/land masked
  n20 20260610_2110 … ✗ swath overlaps bbox but all pixels cloud/land masked
  n20 20260610_2150 … ✗ swath overlaps bbox but all pixels cloud/land masked
  n20 20260610_2200 … ✗ swath overlaps bbox but all pixels cloud/land masked
  n20 20260610_2210 … ✗ swath overlaps bbox but all pixels cloud/land masked
  n20 20260610_2250 … ✗ swath overlaps bbox but all pixels cloud/land masked
  n20 20260610_2300 … ✗ swath overlaps bbox but all pixels cloud/land masked
  n20 20260610_2310 … ✗ swath overlaps bbox but all pixels cloud/land masked
  n20 20260610_2350 … ✗ swath overlaps bbox but all pixels cloud/land masked
  n20 20260611_0000 … ✗ swath overlaps bbox but all pixels cloud/land masked
  n20 20260611_0010 … ✗ swath overlaps bbox but all pixels cloud/land masked
  n20 20260611_0050 … ✗ swath overlaps bbox but all pixels cloud/land masked
  n20 20260611_0100 … ✗ swath overlaps bbox but all pixels cloud/land masked
  n20 20260611_0110 … ✗ swath overlaps bbox but all pixels cloud/land masked
  n20 20260611_0150 … ✗ swath overlaps bbox but all pixels cloud/land masked
  n20 20260611_0200 … ✗ swath overlaps bbox but all pixels cloud/land masked
  n20 20260611_0210 … ✗ swath overlaps bbox but all pixels cloud/land masked
  n20 20260611_0250 … ✗ swath overlaps bbox but all pixels cloud/land masked
  n20 20260611_0300 … ✗ swath overlaps bbox but all pixels cloud/land masked
  n20 20260611_0310 … ✗ swath overlaps bbox but all pixels cloud/land masked
  n20 20260611_0350 … ✗ swath overlaps bbox but all pixels cloud/land masked
  n20 20260611_0400 … ✗ swath overlaps bbox but all pixels cloud/land masked
  n20 20260611_0410 … ✗ swath overlaps bbox but all pixels cloud/land masked
  n20 20260611_0450 … ✗ swath overlaps bbox but all pixels cloud/land masked
  n20 20260611_0500 … ✗ swath overlaps bbox but all pixels cloud/land masked
  n20 20260611_0510 … ✗ swath overlaps bbox but all pixels cloud/land masked
  n20 20260611_0550 …   → DailySSTData/VIIRS/Passes/viirs_n20_20260611_0550.csv  (6846 pts, 209 lats × 259 lons)
  n20 20260611_0600 …   → DailySSTData/VIIRS/Passes/viirs_n20_20260611_0600.csv  (4360 pts, 70 lats × 311 lons)
  n20 20260611_0610 … ✗ swath overlaps bbox but all pixels cloud/land masked
  n20 20260611_0650 … ✗ swath overlaps bbox but all pixels cloud/land masked
  n20 20260611_0700 … ✗ swath overlaps bbox but all pixels cloud/land masked
  n20 20260611_0710 … ✗ swath overlaps bbox but all pixels cloud/land masked
  n20 20260611_0750 … ✗ swath overlaps bbox but all pixels cloud/land masked
  n20 20260611_0800 … ✗ swath overlaps bbox but all pixels cloud/land masked
  n20 20260611_0810 … ✗ swath overlaps bbox but all pixels cloud/land masked
  n20 20260611_0850 … ✗ swath overlaps bbox but all pixels cloud/land masked
  n20 20260611_0900 … ✗ swath overlaps bbox but all pixels cloud/land masked
  n20 20260611_0910 … ✗ swath overlaps bbox but all pixels cloud/land masked
  n20 20260611_0950 … ✗ swath overlaps bbox but all pixels cloud/land masked
  n20 20260611_1000 … ✗ swath overlaps bbox but all pixels cloud/land masked
  n20 20260611_1010 … ✗ swath overlaps bbox but all pixels cloud/land masked
  n20 20260611_1050 … ✗ swath overlaps bbox but all pixels cloud/land masked
  n20 20260611_1100 … ✗ swath overlaps bbox but all pixels cloud/land masked
  n20 20260611_1110 … ✗ swath overlaps bbox but all pixels cloud/land masked
  n20 20260611_1150 … ✗ swath overlaps bbox but all pixels cloud/land masked
  n20 20260611_1200 … ✗ swath overlaps bbox but all pixels cloud/land masked
  n20 20260611_1210 … ✗ swath overlaps bbox but all pixels cloud/land masked
  n20 20260611_1250 … ✗ swath overlaps bbox but all pixels cloud/land masked
  n20 20260611_1300 … ✗ swath overlaps bbox but all pixels cloud/land masked
  n20 20260611_1310 … ✗ swath overlaps bbox but all pixels cloud/land masked
  n20 20260611_1350 … ✗ swath overlaps bbox but all pixels cloud/land masked
  n20 20260611_1400 … ✗ swath overlaps bbox but all pixels cloud/land masked
  n20 20260611_1410 … ✗ swath overlaps bbox but all pixels cloud/land masked
  n20 20260611_1450 … ✗ swath overlaps bbox but all pixels cloud/land masked
  n20 20260611_1500 … ✗ swath overlaps bbox but all pixels cloud/land masked
  n20 20260611_1510 … ✗ swath overlaps bbox but all pixels cloud/land masked
  n20 20260611_1550 … ✗ swath overlaps bbox but all pixels cloud/land masked
  n21 20260609_1750 … ✗ swath overlaps bbox but all pixels cloud/land masked
  n21 20260609_1800 … ✗ swath overlaps bbox but all pixels cloud/land masked
  n21 20260609_1810 … ✗ swath overlaps bbox but all pixels cloud/land masked
  n21 20260609_1850 … ✗ swath overlaps bbox but all pixels cloud/land masked
  n21 20260609_1900 … ✗ swath overlaps bbox but all pixels cloud/land masked
  n21 20260609_1910 … ✗ swath overlaps bbox but all pixels cloud/land masked
  n21 20260609_1950 … ✗ swath overlaps bbox but all pixels cloud/land masked
  n21 20260609_2000 … ✗ swath overlaps bbox but all pixels cloud/land masked
  n21 20260609_2010 … ✗ swath overlaps bbox but all pixels cloud/land masked
  n21 20260609_2050 … ✗ swath overlaps bbox but all pixels cloud/land masked
  n21 20260609_2100 … ✗ swath overlaps bbox but all pixels cloud/land masked
  n21 20260609_2110 … ✗ swath overlaps bbox but all pixels cloud/land masked
  n21 20260609_2150 … ✗ swath overlaps bbox but all pixels cloud/land masked
  n21 20260609_2200 … ✗ swath overlaps bbox but all pixels cloud/land masked
  n21 20260609_2210 … ✗ swath overlaps bbox but all pixels cloud/land masked
  n21 20260609_2250 … ✗ swath overlaps bbox but all pixels cloud/land masked
  n21 20260609_2300 … ✗ swath overlaps bbox but all pixels cloud/land masked
  n21 20260609_2310 … ✗ swath overlaps bbox but all pixels cloud/land masked
  n21 20260609_2350 … ✗ swath overlaps bbox but all pixels cloud/land masked
  n21 20260610_0000 … ✗ swath overlaps bbox but all pixels cloud/land masked
  n21 20260610_0010 … ✗ swath overlaps bbox but all pixels cloud/land masked
  n21 20260610_0050 … ✗ swath overlaps bbox but all pixels cloud/land masked
  n21 20260610_0100 … ✗ swath overlaps bbox but all pixels cloud/land masked
  n21 20260610_0110 … ✗ swath overlaps bbox but all pixels cloud/land masked
  n21 20260610_0150 … ✗ swath overlaps bbox but all pixels cloud/land masked
  n21 20260610_0200 … ✗ swath overlaps bbox but all pixels cloud/land masked
  n21 20260610_0210 … ✗ swath overlaps bbox but all pixels cloud/land masked
  n21 20260610_0250 … ✗ swath overlaps bbox but all pixels cloud/land masked
  n21 20260610_0300 … ✗ swath overlaps bbox but all pixels cloud/land masked
  n21 20260610_0310 … ✗ swath overlaps bbox but all pixels cloud/land masked
  n21 20260610_0350 … ✗ swath overlaps bbox but all pixels cloud/land masked
  n21 20260610_0400 … ✗ swath overlaps bbox but all pixels cloud/land masked
  n21 20260610_0410 … ✗ swath overlaps bbox but all pixels cloud/land masked
  n21 20260610_0450 … ✗ swath overlaps bbox but all pixels cloud/land masked
  n21 20260610_0500 … ✗ swath overlaps bbox but all pixels cloud/land masked
  n21 20260610_0510 … ✗ swath overlaps bbox but all pixels cloud/land masked
  n21 20260610_0550 … ✗ swath overlaps bbox but all pixels cloud/land masked
  n21 20260610_0600 … ✗ swath overlaps bbox but all pixels cloud/land masked
  n21 20260610_0610 … ✗ swath overlaps bbox but all pixels cloud/land masked
  n21 20260610_0650 … ✗ swath overlaps bbox but all pixels cloud/land masked
  n21 20260610_0700 ✓ (cached)
  n21 20260610_0710 … ✗ swath overlaps bbox but all pixels cloud/land masked
  n21 20260610_0750 … ✗ swath overlaps bbox but all pixels cloud/land masked
  n21 20260610_0800 … ✗ swath overlaps bbox but all pixels cloud/land masked
  n21 20260610_0810 … ✗ swath overlaps bbox but all pixels cloud/land masked
  n21 20260610_0850 … ✗ swath overlaps bbox but all pixels cloud/land masked
  n21 20260610_0900 … ✗ swath overlaps bbox but all pixels cloud/land masked
  n21 20260610_0910 … ✗ swath overlaps bbox but all pixels cloud/land masked
  n21 20260610_0950 … ✗ swath overlaps bbox but all pixels cloud/land masked
  n21 20260610_1000 … ✗ swath overlaps bbox but all pixels cloud/land masked
  n21 20260610_1010 … ✗ swath overlaps bbox but all pixels cloud/land masked
  n21 20260610_1050 … ✗ swath overlaps bbox but all pixels cloud/land masked
  n21 20260610_1100 … ✗ swath overlaps bbox but all pixels cloud/land masked
  n21 20260610_1110 … ✗ swath overlaps bbox but all pixels cloud/land masked
  n21 20260610_1150 … ✗ swath overlaps bbox but all pixels cloud/land masked
  n21 20260610_1200 … ✗ swath overlaps bbox but all pixels cloud/land masked
  n21 20260610_1210 … ✗ swath overlaps bbox but all pixels cloud/land masked
  n21 20260610_1250 … ✗ swath overlaps bbox but all pixels cloud/land masked
  n21 20260610_1300 … ✗ swath overlaps bbox but all pixels cloud/land masked
  n21 20260610_1310 … ✗ swath overlaps bbox but all pixels cloud/land masked
  n21 20260610_1350 … ✗ swath overlaps bbox but all pixels cloud/land masked
  n21 20260610_1400 … ✗ swath overlaps bbox but all pixels cloud/land masked
  n21 20260610_1410 … ✗ swath overlaps bbox but all pixels cloud/land masked
  n21 20260610_1450 … ✗ swath overlaps bbox but all pixels cloud/land masked
  n21 20260610_1500 … ✗ swath overlaps bbox but all pixels cloud/land masked
  n21 20260610_1510 … ✗ swath overlaps bbox but all pixels cloud/land masked
  n21 20260610_1550 … ✗ swath overlaps bbox but all pixels cloud/land masked
  n21 20260610_1600 … ✗ swath overlaps bbox but all pixels cloud/land masked
  n21 20260610_1610 … ✗ swath overlaps bbox but all pixels cloud/land masked
  n21 20260610_1650 … ✗ swath overlaps bbox but all pixels cloud/land masked
  n21 20260610_1700 … ✗ swath overlaps bbox but all pixels cloud/land masked
  n21 20260610_1710 … ✗ swath overlaps bbox but all pixels cloud/land masked
  n21 20260610_1750 … ✗ swath overlaps bbox but all pixels cloud/land masked
  n21 20260610_1800 … ✗ swath overlaps bbox but all pixels cloud/land masked
  n21 20260610_1810 … ✗ swath overlaps bbox but all pixels cloud/land masked
  n21 20260610_1850 … ✗ swath overlaps bbox but all pixels cloud/land masked
  n21 20260610_1900 … ✗ swath overlaps bbox but all pixels cloud/land masked
  n21 20260610_1910 … ✗ swath overlaps bbox but all pixels cloud/land masked
  n21 20260610_1950 … ✗ swath overlaps bbox but all pixels cloud/land masked
  n21 20260610_2000 … ✗ swath overlaps bbox but all pixels cloud/land masked
  n21 20260610_2010 … ✗ swath overlaps bbox but all pixels cloud/land masked
  n21 20260610_2050 … ✗ swath overlaps bbox but all pixels cloud/land masked
  n21 20260610_2100 … ✗ swath overlaps bbox but all pixels cloud/land masked
  n21 20260610_2110 … ✗ swath overlaps bbox but all pixels cloud/land masked
  n21 20260610_2150 … ✗ swath overlaps bbox but all pixels cloud/land masked
  n21 20260610_2200 … ✗ swath overlaps bbox but all pixels cloud/land masked
  n21 20260610_2210 … ✗ swath overlaps bbox but all pixels cloud/land masked
  n21 20260610_2250 … ✗ swath overlaps bbox but all pixels cloud/land masked
  n21 20260610_2300 … ✗ swath overlaps bbox but all pixels cloud/land masked
  n21 20260610_2310 … ✗ swath overlaps bbox but all pixels cloud/land masked
  n21 20260610_2350 … ✗ swath overlaps bbox but all pixels cloud/land masked
  n21 20260611_0000 … ✗ swath overlaps bbox but all pixels cloud/land masked
  n21 20260611_0010 … ✗ swath overlaps bbox but all pixels cloud/land masked
  n21 20260611_0050 … ✗ swath overlaps bbox but all pixels cloud/land masked
  n21 20260611_0100 … ✗ swath overlaps bbox but all pixels cloud/land masked
  n21 20260611_0110 … ✗ swath overlaps bbox but all pixels cloud/land masked
  n21 20260611_0150 … ✗ swath overlaps bbox but all pixels cloud/land masked
  n21 20260611_0200 … ✗ swath overlaps bbox but all pixels cloud/land masked
  n21 20260611_0210 … ✗ swath overlaps bbox but all pixels cloud/land masked
  n21 20260611_0250 … ✗ swath overlaps bbox but all pixels cloud/land masked
  n21 20260611_0300 … ✗ swath overlaps bbox but all pixels cloud/land masked
  n21 20260611_0310 … ✗ swath overlaps bbox but all pixels cloud/land masked
  n21 20260611_0350 … ✗ swath overlaps bbox but all pixels cloud/land masked
  n21 20260611_0400 … ✗ swath overlaps bbox but all pixels cloud/land masked
  n21 20260611_0410 … ✗ swath overlaps bbox but all pixels cloud/land masked
  n21 20260611_0450 … ✗ swath overlaps bbox but all pixels cloud/land masked
  n21 20260611_0500 … ✗ swath overlaps bbox but all pixels cloud/land masked
  n21 20260611_0510 … ✗ swath overlaps bbox but all pixels cloud/land masked
  n21 20260611_0550 … ✗ swath overlaps bbox but all pixels cloud/land masked
  n21 20260611_0600 … ✗ swath overlaps bbox but all pixels cloud/land masked
  n21 20260611_0610 … ✗ swath overlaps bbox but all pixels cloud/land masked
  n21 20260611_0650 … ✗ swath overlaps bbox but all pixels cloud/land masked
  n21 20260611_0700 … ✗ swath overlaps bbox but all pixels cloud/land masked
  n21 20260611_0710 … ✗ swath overlaps bbox but all pixels cloud/land masked
  n21 20260611_0750 … ✗ swath overlaps bbox but all pixels cloud/land masked
  n21 20260611_0800 … ✗ swath overlaps bbox but all pixels cloud/land masked
  n21 20260611_0810 … ✗ swath overlaps bbox but all pixels cloud/land masked
  n21 20260611_0850 … ✗ swath overlaps bbox but all pixels cloud/land masked
  n21 20260611_0900 … ✗ swath overlaps bbox but all pixels cloud/land masked
  n21 20260611_0910 … ✗ swath overlaps bbox but all pixels cloud/land masked
  n21 20260611_0950 … ✗ swath overlaps bbox but all pixels cloud/land masked
  n21 20260611_1000 … ✗ swath overlaps bbox but all pixels cloud/land masked
  n21 20260611_1010 … ✗ swath overlaps bbox but all pixels cloud/land masked
  n21 20260611_1050 … ✗ swath overlaps bbox but all pixels cloud/land masked
  n21 20260611_1100 … ✗ swath overlaps bbox but all pixels cloud/land masked
  n21 20260611_1110 … ✗ swath overlaps bbox but all pixels cloud/land masked
  n21 20260611_1150 … ✗ swath overlaps bbox but all pixels cloud/land masked
  n21 20260611_1200 … ✗ swath overlaps bbox but all pixels cloud/land masked
  n21 20260611_1210 … ✗ swath overlaps bbox but all pixels cloud/land masked
  n21 20260611_1250 … ✗ swath overlaps bbox but all pixels cloud/land masked
  n21 20260611_1300 … ✗ swath overlaps bbox but all pixels cloud/land masked
  n21 20260611_1310 … ✗ swath overlaps bbox but all pixels cloud/land masked
  n21 20260611_1350 … ✗ swath overlaps bbox but all pixels cloud/land masked
  n21 20260611_1400 … ✗ swath overlaps bbox but all pixels cloud/land masked
  n21 20260611_1410 … ✗ swath overlaps bbox but all pixels cloud/land masked
  n21 20260611_1450 … ✗ swath overlaps bbox but all pixels cloud/land masked
  n21 20260611_1500 … ✗ swath overlaps bbox but all pixels cloud/land masked
  n21 20260611_1510 … ✗ swath overlaps bbox but all pixels cloud/land masked
  n21 20260611_1550 … ✗ swath overlaps bbox but all pixels cloud/land masked
  n21 20260611_1600 … ✗ swath overlaps bbox but all pixels cloud/land masked

  VIIRS summary: 2 written, 8 cached, 405 miss/cloud, 733 outside windows.

=========================================================
✓ Pipeline complete
=========================================================
