=========================================================
SST PIPELINE
  UTC  : 2026-05-25 22:52:34
  Bbox : 33.7–39.0°N  -78.89–-72.21°E
=========================================================

── MUR daily composite (last 5 days) ──
  ✓ MUR 20260524 (cached)
  ✓ MUR 20260523 (cached)
  ✓ MUR 20260522 (cached)
  ✓ MUR 20260521 (cached)
  ✓ MUR 20260520 (cached)

── GOES-19 geo-polar blended daily composite ──
  Candidates: 4 (2 hosts × 2 dataset IDs)
  GOES 20260525 [noaa/noaacwBLENDEDsstDLDaily] … ✗ RuntimeError: 404 — no data for this date
  GOES 20260525 [noaa/noaacwBLENDEDsstDaily] … ✗ RuntimeError: 404 — no data for this date
  GOES 20260525 [pfeg/noaacwBLENDEDsstDLDaily] … ✗ RuntimeError: 403 Forbidden — blacklisted: Error {
    code=403;
    message="Forbidden: Acces
  GOES 20260525 [pfeg/noaacwBLENDEDsstDaily] … skipped (host blacklisted)
  GOES 20260524 [noaa/noaacwBLENDEDsstDLDaily] …   (land filter: loaded 24 coastline polygons)
  (land filter: dropped 70 inland, kept 2237 ocean)
✓
  → DailySSTData/GOES/Composite/goes_composite_20260524.csv  (2237 pts, 54 lats × 66 lons)

── VIIRS multi-pass (last 48h — NPP/N20/N21) ──
  ✗ Neither VIIRS NRT file server URL is reachable.

=========================================================
✓ Pipeline complete
=========================================================
