=========================================================
SST PIPELINE
  UTC  : 2026-05-13 12:00:54
  Bbox : 33.7–39.0°N  -78.89–-72.21°E
=========================================================

── MUR daily composite (last 5 days) ──
  MUR 20260512 (coastwatch.noaa.gov) … ✗ RuntimeError
  MUR 20260512 (coastwatch.pfeg.noaa.gov) …   (land filter: loaded 24 coastline polygons)
  (land filter: dropped 94 inland, kept 8892 ocean)
  ✓ MUR 20260512
  → DailySSTData/MUR/mur_20260512.csv  (8892 pts, 107 lats × 133 lons)
  ✓ MUR 20260511 (cached)
  ✓ MUR 20260510 (cached)
  ✓ MUR 20260509 (cached)
  ✓ MUR 20260508 (cached)

── GOES-19 geo-polar blended daily composite ──
  GOES 20260513 … ✗ RuntimeError: HTTP 502: <!DOCTYPE HTML PUBLIC "-//IETF//DTD HTML 2.0//EN">
<html><head>
<title
  GOES 20260512 … ✗ RuntimeError: HTTP 502: <!DOCTYPE HTML PUBLIC "-//IETF//DTD HTML 2.0//EN">
<html><head>
<title
  GOES 20260511 … ✗ RuntimeError: HTTP 502: <!DOCTYPE HTML PUBLIC "-//IETF//DTD HTML 2.0//EN">
<html><head>
<title
  GOES 20260510 … ✗ RuntimeError: HTTP 502: <!DOCTYPE HTML PUBLIC "-//IETF//DTD HTML 2.0//EN">
<html><head>
<title
  ✗ GOES: no recent data available.

── VIIRS multi-pass (last 26h — NPP/N20/N21) ──
  Pass centers: 06:10 UTC, 18:33 UTC  ±20 min
  ✓ VIIRS NRT base: https://www.star.nesdis.noaa.gov/pub/socd2/coastwatch/sst/nrt/viirs
  Target windows this run: 2
    2026-05-12 18:13 – 18:53 UTC  (1833UTC)
    2026-05-13 05:50 – 06:30 UTC  (0610UTC)
  npp 20260512_1820 … ✗ swath overlaps bbox but all pixels cloud/land masked
  npp 20260512_1830 … ✗ swath overlaps bbox but all pixels cloud/land masked
  npp 20260512_1840 … ✗ swath overlaps bbox but all pixels cloud/land masked
  npp 20260512_1850 … ✗ swath overlaps bbox but all pixels cloud/land masked
  npp 20260513_0550 … ✗ swath overlaps bbox but all pixels cloud/land masked
  npp 20260513_0600 … ✗ swath overlaps bbox but all pixels cloud/land masked
  npp 20260513_0610 … ✗ swath overlaps bbox but all pixels cloud/land masked
  npp 20260513_0620 …   → DailySSTData/VIIRS/Passes/viirs_npp_20260513_0620.csv  (21089 pts, 208 lats × 286 lons)
  npp 20260513_0630 … ✗ swath overlaps bbox but all pixels cloud/land masked
  n20 20260512_1820 …   → DailySSTData/VIIRS/Passes/viirs_n20_20260512_1820.csv  (22110 pts, 183 lats × 288 lons)
  n20 20260512_1830 … ✗ swath overlaps bbox but all pixels cloud/land masked
  n20 20260512_1840 … ✗ swath overlaps bbox but all pixels cloud/land masked
  n20 20260512_1850 … ✗ swath overlaps bbox but all pixels cloud/land masked
  n20 20260513_0550 … ✗ swath overlaps bbox but all pixels cloud/land masked
  n20 20260513_0600 … ✗ swath overlaps bbox but all pixels cloud/land masked
  n20 20260513_0610 … ✗ swath overlaps bbox but all pixels cloud/land masked
  n20 20260513_0620 … ✗ swath overlaps bbox but all pixels cloud/land masked
  n20 20260513_0630 … ✗ swath overlaps bbox but all pixels cloud/land masked
  n21 20260512_1820 … ✗ swath overlaps bbox but all pixels cloud/land masked
  n21 20260512_1830 … ✗ swath overlaps bbox but all pixels cloud/land masked
  n21 20260512_1840 … ✗ swath overlaps bbox but all pixels cloud/land masked
  n21 20260512_1850 … ✗ swath overlaps bbox but all pixels cloud/land masked
  n21 20260513_0550 …   → DailySSTData/VIIRS/Passes/viirs_n21_20260513_0550.csv  (16824 pts, 144 lats × 217 lons)
  n21 20260513_0600 … ✗ swath overlaps bbox but all pixels cloud/land masked
  n21 20260513_0610 … ✗ swath overlaps bbox but all pixels cloud/land masked
  n21 20260513_0620 … ✗ swath overlaps bbox but all pixels cloud/land masked
  n21 20260513_0630 … ✗ swath overlaps bbox but all pixels cloud/land masked

  VIIRS summary: 3 written, 0 cached, 24 miss/cloud, 607 outside windows.

=========================================================
✓ Pipeline complete
=========================================================
