=========================================================
SST PIPELINE
  UTC  : 2026-05-16 22:37:49
  Bbox : 33.7–39.0°N  -78.89–-72.21°E
=========================================================

── MUR daily composite (last 5 days) ──
  ✓ MUR 20260515 (cached)
  ✓ MUR 20260514 (cached)
  ✓ MUR 20260513 (cached)
  ✓ MUR 20260512 (cached)
  ✓ MUR 20260511 (cached)

── GOES-19 geo-polar blended daily composite ──
  Candidates: 4 (2 hosts × 2 dataset IDs)
  GOES 20260516 [noaa/noaacwBLENDEDsstDLDaily] … ✗ RuntimeError: 404 — no data for this date
  GOES 20260516 [noaa/noaacwBLENDEDsstDaily] … ✗ RuntimeError: 404 — no data for this date
  GOES 20260516 [pfeg/noaacwBLENDEDsstDLDaily] … ✗ RuntimeError: 404 — no data for this date
  GOES 20260516 [pfeg/noaacwBLENDEDsstDaily] … ✗ RuntimeError: 404 — no data for this date
  ✓ GOES composite 20260515 (cached)

── VIIRS multi-pass (last 48h — NPP/N20/N21) ──
  ✓ VIIRS NRT base: https://www.star.nesdis.noaa.gov/pub/socd2/coastwatch/sst/nrt/viirs
  Hourly windows : 48
  Window range   : 2026-05-14 22:50Z → 2026-05-16 22:10Z
  Half-width     : ±10 min per bucket
  npp 20260514_2250 … ✗ swath overlaps bbox but all pixels cloud/land masked
  npp 20260514_2300 … ✗ swath overlaps bbox but all pixels cloud/land masked
  npp 20260514_2310 … ✗ swath overlaps bbox but all pixels cloud/land masked
  npp 20260514_2350 … ✗ swath overlaps bbox but all pixels cloud/land masked
  npp 20260515_0000 … ✗ swath overlaps bbox but all pixels cloud/land masked
  npp 20260515_0010 … ✗ swath overlaps bbox but all pixels cloud/land masked
  npp 20260515_0050 … ✗ swath overlaps bbox but all pixels cloud/land masked
  npp 20260515_0100 … ✗ swath overlaps bbox but all pixels cloud/land masked
  npp 20260515_0110 … ✗ swath overlaps bbox but all pixels cloud/land masked
  npp 20260515_0150 … ✗ swath overlaps bbox but all pixels cloud/land masked
  npp 20260515_0200 … ✗ swath overlaps bbox but all pixels cloud/land masked
  npp 20260515_0210 … ✗ swath overlaps bbox but all pixels cloud/land masked
  npp 20260515_0250 … ✗ swath overlaps bbox but all pixels cloud/land masked
  npp 20260515_0300 … ✗ swath overlaps bbox but all pixels cloud/land masked
  npp 20260515_0310 … ✗ swath overlaps bbox but all pixels cloud/land masked
  npp 20260515_0350 … ✗ swath overlaps bbox but all pixels cloud/land masked
  npp 20260515_0400 … ✗ swath overlaps bbox but all pixels cloud/land masked
  npp 20260515_0410 … ✗ swath overlaps bbox but all pixels cloud/land masked
  npp 20260515_0450 … ✗ swath overlaps bbox but all pixels cloud/land masked
  npp 20260515_0500 … ✗ swath overlaps bbox but all pixels cloud/land masked
  npp 20260515_0510 … ✗ swath overlaps bbox but all pixels cloud/land masked
  npp 20260515_0550 … ✗ swath overlaps bbox but all pixels cloud/land masked
  npp 20260515_0600 … ✗ swath overlaps bbox but all pixels cloud/land masked
  npp 20260515_0610 … ✗ swath overlaps bbox but all pixels cloud/land masked
  npp 20260515_0650 … ✗ swath overlaps bbox but all pixels cloud/land masked
  npp 20260515_0700 … ✗ swath overlaps bbox but all pixels cloud/land masked
  npp 20260515_0710 … ✗ swath overlaps bbox but all pixels cloud/land masked
  npp 20260515_0750 … ✗ swath overlaps bbox but all pixels cloud/land masked
  npp 20260515_0800 … ✗ swath overlaps bbox but all pixels cloud/land masked
  npp 20260515_0810 … ✗ swath overlaps bbox but all pixels cloud/land masked
  npp 20260515_0850 … ✗ swath overlaps bbox but all pixels cloud/land masked
  npp 20260515_0900 … ✗ swath overlaps bbox but all pixels cloud/land masked
  npp 20260515_0910 … ✗ swath overlaps bbox but all pixels cloud/land masked
  npp 20260515_0950 … ✗ swath overlaps bbox but all pixels cloud/land masked
  npp 20260515_1000 … ✗ swath overlaps bbox but all pixels cloud/land masked
  npp 20260515_1010 … ✗ swath overlaps bbox but all pixels cloud/land masked
  npp 20260515_1050 … ✗ swath overlaps bbox but all pixels cloud/land masked
  npp 20260515_1100 … ✗ swath overlaps bbox but all pixels cloud/land masked
  npp 20260515_1110 … ✗ swath overlaps bbox but all pixels cloud/land masked
  npp 20260515_1150 … ✗ swath overlaps bbox but all pixels cloud/land masked
  npp 20260515_1200 … ✗ swath overlaps bbox but all pixels cloud/land masked
  npp 20260515_1210 … ✗ swath overlaps bbox but all pixels cloud/land masked
  npp 20260515_1250 … ✗ swath overlaps bbox but all pixels cloud/land masked
  npp 20260515_1300 … ✗ swath overlaps bbox but all pixels cloud/land masked
  npp 20260515_1310 … ✗ swath overlaps bbox but all pixels cloud/land masked
  npp 20260515_1350 … ✗ swath overlaps bbox but all pixels cloud/land masked
  npp 20260515_1400 … ✗ swath overlaps bbox but all pixels cloud/land masked
  npp 20260515_1410 … ✗ swath overlaps bbox but all pixels cloud/land masked
  npp 20260515_1450 … ✗ swath overlaps bbox but all pixels cloud/land masked
  npp 20260515_1500 … ✗ swath overlaps bbox but all pixels cloud/land masked
  npp 20260515_1510 … ✗ swath overlaps bbox but all pixels cloud/land masked
  npp 20260515_1550 … ✗ swath overlaps bbox but all pixels cloud/land masked
  npp 20260515_1600 … ✗ swath overlaps bbox but all pixels cloud/land masked
  npp 20260515_1610 … ✗ swath overlaps bbox but all pixels cloud/land masked
  npp 20260515_1650 … ✗ swath overlaps bbox but all pixels cloud/land masked
  npp 20260515_1700 ✓ (cached)
  npp 20260515_1710 … ✗ swath overlaps bbox but all pixels cloud/land masked
  npp 20260515_1750 … ✗ swath overlaps bbox but all pixels cloud/land masked
  npp 20260515_1800 … ✗ swath overlaps bbox but all pixels cloud/land masked
  npp 20260515_1810 … ✗ swath overlaps bbox but all pixels cloud/land masked
  npp 20260515_1850 … ✗ swath overlaps bbox but all pixels cloud/land masked
  npp 20260515_1900 … ✗ swath overlaps bbox but all pixels cloud/land masked
  npp 20260515_1910 … ✗ swath overlaps bbox but all pixels cloud/land masked
  npp 20260515_1950 … ✗ swath overlaps bbox but all pixels cloud/land masked
  npp 20260515_2000 … ✗ swath overlaps bbox but all pixels cloud/land masked
  npp 20260515_2010 … ✗ swath overlaps bbox but all pixels cloud/land masked
  npp 20260515_2050 … ✗ swath overlaps bbox but all pixels cloud/land masked
  npp 20260515_2100 … ✗ swath overlaps bbox but all pixels cloud/land masked
  npp 20260515_2110 … ✗ swath overlaps bbox but all pixels cloud/land masked
  npp 20260515_2150 … ✗ swath overlaps bbox but all pixels cloud/land masked
  npp 20260515_2200 … ✗ swath overlaps bbox but all pixels cloud/land masked
  npp 20260515_2210 … ✗ swath overlaps bbox but all pixels cloud/land masked
  npp 20260515_2250 … ✗ swath overlaps bbox but all pixels cloud/land masked
  npp 20260515_2300 … ✗ swath overlaps bbox but all pixels cloud/land masked
  npp 20260515_2310 … ✗ swath overlaps bbox but all pixels cloud/land masked
  npp 20260515_2350 … ✗ swath overlaps bbox but all pixels cloud/land masked
  npp 20260516_0000 … ✗ swath overlaps bbox but all pixels cloud/land masked
  npp 20260516_0010 … ✗ swath overlaps bbox but all pixels cloud/land masked
  npp 20260516_0050 … ✗ swath overlaps bbox but all pixels cloud/land masked
  npp 20260516_0100 … ✗ swath overlaps bbox but all pixels cloud/land masked
  npp 20260516_0110 … ✗ swath overlaps bbox but all pixels cloud/land masked
  npp 20260516_0150 … ✗ swath overlaps bbox but all pixels cloud/land masked
  npp 20260516_0200 … ✗ swath overlaps bbox but all pixels cloud/land masked
  npp 20260516_0210 … ✗ swath overlaps bbox but all pixels cloud/land masked
  npp 20260516_0250 … ✗ swath overlaps bbox but all pixels cloud/land masked
  npp 20260516_0300 … ✗ swath overlaps bbox but all pixels cloud/land masked
  npp 20260516_0310 … ✗ swath overlaps bbox but all pixels cloud/land masked
  npp 20260516_0350 … ✗ swath overlaps bbox but all pixels cloud/land masked
  npp 20260516_0400 … ✗ swath overlaps bbox but all pixels cloud/land masked
  npp 20260516_0410 … ✗ swath overlaps bbox but all pixels cloud/land masked
  npp 20260516_0450 … ✗ swath overlaps bbox but all pixels cloud/land masked
  npp 20260516_0500 … ✗ swath overlaps bbox but all pixels cloud/land masked
  npp 20260516_0510 … ✗ swath overlaps bbox but all pixels cloud/land masked
  npp 20260516_0550 … ✗ swath overlaps bbox but all pixels cloud/land masked
  npp 20260516_0600 … ✗ swath overlaps bbox but all pixels cloud/land masked
  npp 20260516_0610 … ✗ swath overlaps bbox but all pixels cloud/land masked
  npp 20260516_0650 … ✗ swath overlaps bbox but all pixels cloud/land masked
  npp 20260516_0700 ✓ (cached)
  npp 20260516_0710 … ✗ swath overlaps bbox but all pixels cloud/land masked
  npp 20260516_0750 … ✗ swath overlaps bbox but all pixels cloud/land masked
  npp 20260516_0800 … ✗ swath overlaps bbox but all pixels cloud/land masked
  npp 20260516_0810 … ✗ swath overlaps bbox but all pixels cloud/land masked
  npp 20260516_0850 … ✗ swath overlaps bbox but all pixels cloud/land masked
  npp 20260516_0900 … ✗ swath overlaps bbox but all pixels cloud/land masked
  npp 20260516_0910 … ✗ swath overlaps bbox but all pixels cloud/land masked
  npp 20260516_0950 … ✗ swath overlaps bbox but all pixels cloud/land masked
  npp 20260516_1000 … ✗ swath overlaps bbox but all pixels cloud/land masked
  npp 20260516_1010 … ✗ swath overlaps bbox but all pixels cloud/land masked
  npp 20260516_1050 … ✗ swath overlaps bbox but all pixels cloud/land masked
  npp 20260516_1100 … ✗ swath overlaps bbox but all pixels cloud/land masked
  npp 20260516_1110 … ✗ swath overlaps bbox but all pixels cloud/land masked
  npp 20260516_1150 … ✗ swath overlaps bbox but all pixels cloud/land masked
  npp 20260516_1200 … ✗ swath overlaps bbox but all pixels cloud/land masked
  npp 20260516_1210 … ✗ swath overlaps bbox but all pixels cloud/land masked
  npp 20260516_1250 … ✗ swath overlaps bbox but all pixels cloud/land masked
  npp 20260516_1300 … ✗ swath overlaps bbox but all pixels cloud/land masked
  npp 20260516_1310 … ✗ swath overlaps bbox but all pixels cloud/land masked
  npp 20260516_1350 … ✗ swath overlaps bbox but all pixels cloud/land masked
  npp 20260516_1400 … ✗ swath overlaps bbox but all pixels cloud/land masked
  npp 20260516_1410 … ✗ swath overlaps bbox but all pixels cloud/land masked
  npp 20260516_1450 … ✗ swath overlaps bbox but all pixels cloud/land masked
  npp 20260516_1500 … ✗ swath overlaps bbox but all pixels cloud/land masked
  npp 20260516_1510 … ✗ swath overlaps bbox but all pixels cloud/land masked
  npp 20260516_1550 … ✗ swath overlaps bbox but all pixels cloud/land masked
  npp 20260516_1600 … ✗ swath overlaps bbox but all pixels cloud/land masked
  npp 20260516_1610 … ✗ swath overlaps bbox but all pixels cloud/land masked
  npp 20260516_1650 … ✗ swath overlaps bbox but all pixels cloud/land masked
  npp 20260516_1700 … ✗ swath overlaps bbox but all pixels cloud/land masked
  npp 20260516_1710 … ✗ swath overlaps bbox but all pixels cloud/land masked
  npp 20260516_1750 … ✗ swath overlaps bbox but all pixels cloud/land masked
  npp 20260516_1800 … ✗ swath overlaps bbox but all pixels cloud/land masked
  npp 20260516_1810 … ✗ swath overlaps bbox but all pixels cloud/land masked
  npp 20260516_1850 … ✗ swath overlaps bbox but all pixels cloud/land masked
  npp 20260516_1900 … ✗ swath overlaps bbox but all pixels cloud/land masked
  npp 20260516_1910 … ✗ swath overlaps bbox but all pixels cloud/land masked
  npp 20260516_1950 … ✗ swath overlaps bbox but all pixels cloud/land masked
  npp 20260516_2000 … ✗ swath overlaps bbox but all pixels cloud/land masked
  npp 20260516_2010 … ✗ swath overlaps bbox but all pixels cloud/land masked
  npp 20260516_2050 … ✗ swath overlaps bbox but all pixels cloud/land masked
  npp 20260516_2150 … ✗ swath overlaps bbox but all pixels cloud/land masked
  n20 20260514_2250 … ✗ swath overlaps bbox but all pixels cloud/land masked
  n20 20260514_2300 … ✗ swath overlaps bbox but all pixels cloud/land masked
  n20 20260514_2310 … ✗ swath overlaps bbox but all pixels cloud/land masked
  n20 20260514_2350 … ✗ swath overlaps bbox but all pixels cloud/land masked
  n20 20260515_0000 … ✗ swath overlaps bbox but all pixels cloud/land masked
  n20 20260515_0010 … ✗ swath overlaps bbox but all pixels cloud/land masked
  n20 20260515_0050 … ✗ swath overlaps bbox but all pixels cloud/land masked
  n20 20260515_0100 … ✗ swath overlaps bbox but all pixels cloud/land masked
  n20 20260515_0110 … ✗ swath overlaps bbox but all pixels cloud/land masked
  n20 20260515_0150 … ✗ swath overlaps bbox but all pixels cloud/land masked
  n20 20260515_0200 … ✗ swath overlaps bbox but all pixels cloud/land masked
  n20 20260515_0210 … ✗ swath overlaps bbox but all pixels cloud/land masked
  n20 20260515_0250 … ✗ swath overlaps bbox but all pixels cloud/land masked
  n20 20260515_0300 … ✗ swath overlaps bbox but all pixels cloud/land masked
  n20 20260515_0310 … ✗ swath overlaps bbox but all pixels cloud/land masked
  n20 20260515_0350 … ✗ swath overlaps bbox but all pixels cloud/land masked
  n20 20260515_0400 … ✗ swath overlaps bbox but all pixels cloud/land masked
  n20 20260515_0410 … ✗ swath overlaps bbox but all pixels cloud/land masked
  n20 20260515_0450 … ✗ swath overlaps bbox but all pixels cloud/land masked
  n20 20260515_0500 … ✗ swath overlaps bbox but all pixels cloud/land masked
  n20 20260515_0510 … ✗ swath overlaps bbox but all pixels cloud/land masked
  n20 20260515_0550 … ✗ swath overlaps bbox but all pixels cloud/land masked
  n20 20260515_0600 ✓ (cached)
  n20 20260515_0610 … ✗ swath overlaps bbox but all pixels cloud/land masked
  n20 20260515_0650 … ✗ swath overlaps bbox but all pixels cloud/land masked
  n20 20260515_0700 … ✗ swath overlaps bbox but all pixels cloud/land masked
  n20 20260515_0710 … ✗ swath overlaps bbox but all pixels cloud/land masked
  n20 20260515_0750 … ✗ swath overlaps bbox but all pixels cloud/land masked
  n20 20260515_0800 … ✗ swath overlaps bbox but all pixels cloud/land masked
  n20 20260515_0810 … ✗ swath overlaps bbox but all pixels cloud/land masked
  n20 20260515_0850 … ✗ swath overlaps bbox but all pixels cloud/land masked
  n20 20260515_0900 … ✗ swath overlaps bbox but all pixels cloud/land masked
  n20 20260515_0910 … ✗ swath overlaps bbox but all pixels cloud/land masked
  n20 20260515_0950 … ✗ swath overlaps bbox but all pixels cloud/land masked
  n20 20260515_1000 … ✗ swath overlaps bbox but all pixels cloud/land masked
  n20 20260515_1010 … ✗ swath overlaps bbox but all pixels cloud/land masked
  n20 20260515_1050 … ✗ swath overlaps bbox but all pixels cloud/land masked
  n20 20260515_1100 … ✗ swath overlaps bbox but all pixels cloud/land masked
  n20 20260515_1110 … ✗ swath overlaps bbox but all pixels cloud/land masked
  n20 20260515_1150 … ✗ swath overlaps bbox but all pixels cloud/land masked
  n20 20260515_1200 … ✗ swath overlaps bbox but all pixels cloud/land masked
  n20 20260515_1210 … ✗ swath overlaps bbox but all pixels cloud/land masked
  n20 20260515_1250 … ✗ swath overlaps bbox but all pixels cloud/land masked
  n20 20260515_1300 … ✗ swath overlaps bbox but all pixels cloud/land masked
  n20 20260515_1310 … ✗ swath overlaps bbox but all pixels cloud/land masked
  n20 20260515_1350 … ✗ swath overlaps bbox but all pixels cloud/land masked
  n20 20260515_1400 … ✗ swath overlaps bbox but all pixels cloud/land masked
  n20 20260515_1410 … ✗ swath overlaps bbox but all pixels cloud/land masked
  n20 20260515_1450 … ✗ swath overlaps bbox but all pixels cloud/land masked
  n20 20260515_1500 … ✗ swath overlaps bbox but all pixels cloud/land masked
  n20 20260515_1510 … ✗ swath overlaps bbox but all pixels cloud/land masked
  n20 20260515_1550 … ✗ swath overlaps bbox but all pixels cloud/land masked
  n20 20260515_1600 … ✗ swath overlaps bbox but all pixels cloud/land masked
  n20 20260515_1610 … ✗ swath overlaps bbox but all pixels cloud/land masked
  n20 20260515_1650 … ✗ swath overlaps bbox but all pixels cloud/land masked
  n20 20260515_1700 … ✗ swath overlaps bbox but all pixels cloud/land masked
  n20 20260515_1710 … ✗ swath overlaps bbox but all pixels cloud/land masked
  n20 20260515_1750 … ✗ swath overlaps bbox but all pixels cloud/land masked
  n20 20260515_1800 … ✗ swath overlaps bbox but all pixels cloud/land masked
  n20 20260515_1810 … ✗ swath overlaps bbox but all pixels cloud/land masked
  n20 20260515_1850 … ✗ swath overlaps bbox but all pixels cloud/land masked
  n20 20260515_1900 ✓ (cached)
  n20 20260515_1910 … ✗ swath overlaps bbox but all pixels cloud/land masked
  n20 20260515_1950 … ✗ swath overlaps bbox but all pixels cloud/land masked
  n20 20260515_2000 … ✗ swath overlaps bbox but all pixels cloud/land masked
  n20 20260515_2010 … ✗ swath overlaps bbox but all pixels cloud/land masked
  n20 20260515_2050 … ✗ swath overlaps bbox but all pixels cloud/land masked
  n20 20260515_2100 … ✗ swath overlaps bbox but all pixels cloud/land masked
  n20 20260515_2110 … ✗ swath overlaps bbox but all pixels cloud/land masked
  n20 20260515_2150 … ✗ swath overlaps bbox but all pixels cloud/land masked
  n20 20260515_2200 … ✗ swath overlaps bbox but all pixels cloud/land masked
  n20 20260515_2210 … ✗ swath overlaps bbox but all pixels cloud/land masked
  n20 20260515_2250 … ✗ swath overlaps bbox but all pixels cloud/land masked
  n20 20260515_2300 … ✗ swath overlaps bbox but all pixels cloud/land masked
  n20 20260515_2310 … ✗ swath overlaps bbox but all pixels cloud/land masked
  n20 20260515_2350 … ✗ swath overlaps bbox but all pixels cloud/land masked
  n20 20260516_0000 … ✗ swath overlaps bbox but all pixels cloud/land masked
  n20 20260516_0010 … ✗ swath overlaps bbox but all pixels cloud/land masked
  n20 20260516_0050 … ✗ swath overlaps bbox but all pixels cloud/land masked
  n20 20260516_0100 … ✗ swath overlaps bbox but all pixels cloud/land masked
  n20 20260516_0110 … ✗ swath overlaps bbox but all pixels cloud/land masked
  n20 20260516_0150 … ✗ swath overlaps bbox but all pixels cloud/land masked
  n20 20260516_0200 … ✗ swath overlaps bbox but all pixels cloud/land masked
  n20 20260516_0210 … ✗ swath overlaps bbox but all pixels cloud/land masked
  n20 20260516_0250 … ✗ swath overlaps bbox but all pixels cloud/land masked
  n20 20260516_0300 … ✗ swath overlaps bbox but all pixels cloud/land masked
  n20 20260516_0310 … ✗ swath overlaps bbox but all pixels cloud/land masked
  n20 20260516_0350 … ✗ swath overlaps bbox but all pixels cloud/land masked
  n20 20260516_0400 … ✗ swath overlaps bbox but all pixels cloud/land masked
  n20 20260516_0410 … ✗ swath overlaps bbox but all pixels cloud/land masked
  n20 20260516_0450 … ✗ swath overlaps bbox but all pixels cloud/land masked
  n20 20260516_0500 … ✗ swath overlaps bbox but all pixels cloud/land masked
  n20 20260516_0510 … ✗ swath overlaps bbox but all pixels cloud/land masked
  n20 20260516_0550 … ✗ swath overlaps bbox but all pixels cloud/land masked
  n20 20260516_0600 … ✗ swath overlaps bbox but all pixels cloud/land masked
  n20 20260516_0610 … ✗ swath overlaps bbox but all pixels cloud/land masked
  n20 20260516_0650 … ✗ swath overlaps bbox but all pixels cloud/land masked
  n20 20260516_0700 … ✗ swath overlaps bbox but all pixels cloud/land masked
  n20 20260516_0710 … ✗ swath overlaps bbox but all pixels cloud/land masked
  n20 20260516_0750 … ✗ swath overlaps bbox but all pixels cloud/land masked
  n20 20260516_0800 … ✗ swath overlaps bbox but all pixels cloud/land masked
  n20 20260516_0810 … ✗ swath overlaps bbox but all pixels cloud/land masked
  n20 20260516_0850 … ✗ swath overlaps bbox but all pixels cloud/land masked
  n20 20260516_0900 … ✗ swath overlaps bbox but all pixels cloud/land masked
  n20 20260516_0910 … ✗ swath overlaps bbox but all pixels cloud/land masked
  n20 20260516_0950 … ✗ swath overlaps bbox but all pixels cloud/land masked
  n20 20260516_1000 … ✗ swath overlaps bbox but all pixels cloud/land masked
  n20 20260516_1010 … ✗ swath overlaps bbox but all pixels cloud/land masked
  n20 20260516_1050 … ✗ swath overlaps bbox but all pixels cloud/land masked
  n20 20260516_1100 … ✗ swath overlaps bbox but all pixels cloud/land masked
  n20 20260516_1110 … ✗ swath overlaps bbox but all pixels cloud/land masked
  n20 20260516_1150 … ✗ swath overlaps bbox but all pixels cloud/land masked
  n20 20260516_1200 … ✗ swath overlaps bbox but all pixels cloud/land masked
  n20 20260516_1210 … ✗ swath overlaps bbox but all pixels cloud/land masked
  n20 20260516_1250 … ✗ swath overlaps bbox but all pixels cloud/land masked
  n20 20260516_1300 … ✗ swath overlaps bbox but all pixels cloud/land masked
  n20 20260516_1310 … ✗ swath overlaps bbox but all pixels cloud/land masked
  n20 20260516_1350 … ✗ swath overlaps bbox but all pixels cloud/land masked
  n20 20260516_1400 … ✗ swath overlaps bbox but all pixels cloud/land masked
  n20 20260516_1410 … ✗ swath overlaps bbox but all pixels cloud/land masked
  n20 20260516_1450 … ✗ swath overlaps bbox but all pixels cloud/land masked
  n20 20260516_1500 … ✗ swath overlaps bbox but all pixels cloud/land masked
  n20 20260516_1510 … ✗ swath overlaps bbox but all pixels cloud/land masked
  n20 20260516_1550 … ✗ swath overlaps bbox but all pixels cloud/land masked
  n20 20260516_1600 … ✗ swath overlaps bbox but all pixels cloud/land masked
  n20 20260516_1610 … ✗ swath overlaps bbox but all pixels cloud/land masked
  n20 20260516_1650 … ✗ swath overlaps bbox but all pixels cloud/land masked
  n20 20260516_1700 ✓ (cached)
  n20 20260516_1710 … ✗ swath overlaps bbox but all pixels cloud/land masked
  n20 20260516_1750 … ✗ swath overlaps bbox but all pixels cloud/land masked
  n20 20260516_1800 … ✗ swath overlaps bbox but all pixels cloud/land masked
  n20 20260516_1810 … ✗ swath overlaps bbox but all pixels cloud/land masked
  n20 20260516_1850 … ✗ swath overlaps bbox but all pixels cloud/land masked
  n20 20260516_1900 … ✗ swath overlaps bbox but all pixels cloud/land masked
  n20 20260516_1910 … ✗ swath overlaps bbox but all pixels cloud/land masked
  n20 20260516_1950 … ✗ swath overlaps bbox but all pixels cloud/land masked
  n20 20260516_2000 … ✗ swath overlaps bbox but all pixels cloud/land masked
  n20 20260516_2010 … ✗ swath overlaps bbox but all pixels cloud/land masked
  n20 20260516_2050 … ✗ swath overlaps bbox but all pixels cloud/land masked
  n20 20260516_2100 … ✗ swath overlaps bbox but all pixels cloud/land masked
  n20 20260516_2110 … ✗ swath overlaps bbox but all pixels cloud/land masked
  n21 20260514_2250 … ✗ swath overlaps bbox but all pixels cloud/land masked
  n21 20260514_2300 … ✗ swath overlaps bbox but all pixels cloud/land masked
  n21 20260514_2310 … ✗ swath overlaps bbox but all pixels cloud/land masked
  n21 20260514_2350 … ✗ swath overlaps bbox but all pixels cloud/land masked
  n21 20260515_0000 … ✗ swath overlaps bbox but all pixels cloud/land masked
  n21 20260515_0010 … ✗ swath overlaps bbox but all pixels cloud/land masked
  n21 20260515_0050 … ✗ swath overlaps bbox but all pixels cloud/land masked
  n21 20260515_0100 … ✗ swath overlaps bbox but all pixels cloud/land masked
  n21 20260515_0110 … ✗ swath overlaps bbox but all pixels cloud/land masked
  n21 20260515_0150 … ✗ swath overlaps bbox but all pixels cloud/land masked
  n21 20260515_0200 … ✗ swath overlaps bbox but all pixels cloud/land masked
  n21 20260515_0210 … ✗ swath overlaps bbox but all pixels cloud/land masked
  n21 20260515_0250 … ✗ swath overlaps bbox but all pixels cloud/land masked
  n21 20260515_0300 … ✗ swath overlaps bbox but all pixels cloud/land masked
  n21 20260515_0310 … ✗ swath overlaps bbox but all pixels cloud/land masked
  n21 20260515_0350 … ✗ swath overlaps bbox but all pixels cloud/land masked
  n21 20260515_0400 … ✗ swath overlaps bbox but all pixels cloud/land masked
  n21 20260515_0410 … ✗ swath overlaps bbox but all pixels cloud/land masked
  n21 20260515_0450 … ✗ swath overlaps bbox but all pixels cloud/land masked
  n21 20260515_0500 … ✗ swath overlaps bbox but all pixels cloud/land masked
  n21 20260515_0510 … ✗ swath overlaps bbox but all pixels cloud/land masked
  n21 20260515_0550 … ✗ swath overlaps bbox but all pixels cloud/land masked
  n21 20260515_0600 … ✗ swath overlaps bbox but all pixels cloud/land masked
  n21 20260515_0610 … ✗ swath overlaps bbox but all pixels cloud/land masked
  n21 20260515_0650 ✓ (cached)
  n21 20260515_0700 … ✗ swath overlaps bbox but all pixels cloud/land masked
  n21 20260515_0710 … ✗ swath overlaps bbox but all pixels cloud/land masked
  n21 20260515_0750 … ✗ swath overlaps bbox but all pixels cloud/land masked
  n21 20260515_0800 … ✗ swath overlaps bbox but all pixels cloud/land masked
  n21 20260515_0810 … ✗ swath overlaps bbox but all pixels cloud/land masked
  n21 20260515_0850 … ✗ swath overlaps bbox but all pixels cloud/land masked
  n21 20260515_0900 … ✗ swath overlaps bbox but all pixels cloud/land masked
  n21 20260515_0910 … ✗ swath overlaps bbox but all pixels cloud/land masked
  n21 20260515_0950 … ✗ swath overlaps bbox but all pixels cloud/land masked
  n21 20260515_1000 … ✗ swath overlaps bbox but all pixels cloud/land masked
  n21 20260515_1010 … ✗ swath overlaps bbox but all pixels cloud/land masked
  n21 20260515_1050 … ✗ swath overlaps bbox but all pixels cloud/land masked
  n21 20260515_1100 … ✗ swath overlaps bbox but all pixels cloud/land masked
  n21 20260515_1110 … ✗ swath overlaps bbox but all pixels cloud/land masked
  n21 20260515_1150 … ✗ swath overlaps bbox but all pixels cloud/land masked
  n21 20260515_1200 … ✗ swath overlaps bbox but all pixels cloud/land masked
  n21 20260515_1210 … ✗ swath overlaps bbox but all pixels cloud/land masked
  n21 20260515_1250 … ✗ swath overlaps bbox but all pixels cloud/land masked
  n21 20260515_1300 … ✗ swath overlaps bbox but all pixels cloud/land masked
  n21 20260515_1310 … ✗ swath overlaps bbox but all pixels cloud/land masked
  n21 20260515_1350 … ✗ swath overlaps bbox but all pixels cloud/land masked
  n21 20260515_1400 … ✗ swath overlaps bbox but all pixels cloud/land masked
  n21 20260515_1410 … ✗ swath overlaps bbox but all pixels cloud/land masked
  n21 20260515_1450 … ✗ swath overlaps bbox but all pixels cloud/land masked
  n21 20260515_1500 … ✗ swath overlaps bbox but all pixels cloud/land masked
  n21 20260515_1510 … ✗ swath overlaps bbox but all pixels cloud/land masked
  n21 20260515_1550 … ✗ swath overlaps bbox but all pixels cloud/land masked
  n21 20260515_1600 … ✗ swath overlaps bbox but all pixels cloud/land masked
  n21 20260515_1610 … ✗ swath overlaps bbox but all pixels cloud/land masked
  n21 20260515_1650 … ✗ swath overlaps bbox but all pixels cloud/land masked
  n21 20260515_1700 … ✗ swath overlaps bbox but all pixels cloud/land masked
  n21 20260515_1710 … ✗ swath overlaps bbox but all pixels cloud/land masked
  n21 20260515_1750 … ✗ swath overlaps bbox but all pixels cloud/land masked
  n21 20260515_1800 … ✗ swath overlaps bbox but all pixels cloud/land masked
  n21 20260515_1810 ✓ (cached)
  n21 20260515_1850 … ✗ swath overlaps bbox but all pixels cloud/land masked
  n21 20260515_1900 … ✗ swath overlaps bbox but all pixels cloud/land masked
  n21 20260515_1910 … ✗ swath overlaps bbox but all pixels cloud/land masked
  n21 20260515_1950 … ✗ swath overlaps bbox but all pixels cloud/land masked
  n21 20260515_2000 … ✗ swath overlaps bbox but all pixels cloud/land masked
  n21 20260515_2010 … ✗ swath overlaps bbox but all pixels cloud/land masked
  n21 20260515_2050 … ✗ swath overlaps bbox but all pixels cloud/land masked
  n21 20260515_2100 … ✗ swath overlaps bbox but all pixels cloud/land masked
  n21 20260515_2110 … ✗ swath overlaps bbox but all pixels cloud/land masked
  n21 20260515_2150 … ✗ swath overlaps bbox but all pixels cloud/land masked
  n21 20260515_2200 … ✗ swath overlaps bbox but all pixels cloud/land masked
  n21 20260515_2210 … ✗ swath overlaps bbox but all pixels cloud/land masked
  n21 20260515_2250 … ✗ swath overlaps bbox but all pixels cloud/land masked
  n21 20260515_2300 … ✗ swath overlaps bbox but all pixels cloud/land masked
  n21 20260515_2310 … ✗ swath overlaps bbox but all pixels cloud/land masked
  n21 20260515_2350 … ✗ swath overlaps bbox but all pixels cloud/land masked
  n21 20260516_0000 … ✗ swath overlaps bbox but all pixels cloud/land masked
  n21 20260516_0010 … ✗ swath overlaps bbox but all pixels cloud/land masked
  n21 20260516_0050 … ✗ swath overlaps bbox but all pixels cloud/land masked
  n21 20260516_0100 … ✗ swath overlaps bbox but all pixels cloud/land masked
  n21 20260516_0110 … ✗ swath overlaps bbox but all pixels cloud/land masked
  n21 20260516_0150 … ✗ swath overlaps bbox but all pixels cloud/land masked
  n21 20260516_0200 … ✗ swath overlaps bbox but all pixels cloud/land masked
  n21 20260516_0210 … ✗ swath overlaps bbox but all pixels cloud/land masked
  n21 20260516_0250 … ✗ swath overlaps bbox but all pixels cloud/land masked
  n21 20260516_0300 … ✗ swath overlaps bbox but all pixels cloud/land masked
  n21 20260516_0310 … ✗ swath overlaps bbox but all pixels cloud/land masked
  n21 20260516_0350 … ✗ swath overlaps bbox but all pixels cloud/land masked
  n21 20260516_0400 … ✗ swath overlaps bbox but all pixels cloud/land masked
  n21 20260516_0410 … ✗ swath overlaps bbox but all pixels cloud/land masked
  n21 20260516_0450 … ✗ swath overlaps bbox but all pixels cloud/land masked
  n21 20260516_0500 … ✗ swath overlaps bbox but all pixels cloud/land masked
  n21 20260516_0510 … ✗ swath overlaps bbox but all pixels cloud/land masked
  n21 20260516_0550 … ✗ swath overlaps bbox but all pixels cloud/land masked
  n21 20260516_0600 … ✗ swath overlaps bbox but all pixels cloud/land masked
  n21 20260516_0610 … ✗ swath overlaps bbox but all pixels cloud/land masked
  n21 20260516_0650 … ✗ swath overlaps bbox but all pixels cloud/land masked
  n21 20260516_0700 … ✗ swath overlaps bbox but all pixels cloud/land masked
  n21 20260516_0710 … ✗ swath overlaps bbox but all pixels cloud/land masked
  n21 20260516_0750 … ✗ swath overlaps bbox but all pixels cloud/land masked
  n21 20260516_0800 … ✗ swath overlaps bbox but all pixels cloud/land masked
  n21 20260516_0810 …   ⚠ VIIRS n21 20260516_0810: only 93 pts — skipping write.
✗ ok
  n21 20260516_0850 … ✗ swath overlaps bbox but all pixels cloud/land masked
  n21 20260516_0900 … ✗ swath overlaps bbox but all pixels cloud/land masked
  n21 20260516_0910 … ✗ swath overlaps bbox but all pixels cloud/land masked
  n21 20260516_0950 … ✗ swath overlaps bbox but all pixels cloud/land masked
  n21 20260516_1000 … ✗ swath overlaps bbox but all pixels cloud/land masked
  n21 20260516_1010 … ✗ swath overlaps bbox but all pixels cloud/land masked
  n21 20260516_1050 … ✗ swath overlaps bbox but all pixels cloud/land masked
  n21 20260516_1100 … ✗ swath overlaps bbox but all pixels cloud/land masked
  n21 20260516_1110 … ✗ swath overlaps bbox but all pixels cloud/land masked
  n21 20260516_1150 … ✗ swath overlaps bbox but all pixels cloud/land masked
  n21 20260516_1200 … ✗ swath overlaps bbox but all pixels cloud/land masked
  n21 20260516_1210 … ✗ swath overlaps bbox but all pixels cloud/land masked
  n21 20260516_1250 … ✗ swath overlaps bbox but all pixels cloud/land masked
  n21 20260516_1300 … ✗ swath overlaps bbox but all pixels cloud/land masked
  n21 20260516_1310 … ✗ swath overlaps bbox but all pixels cloud/land masked
  n21 20260516_1350 … ✗ swath overlaps bbox but all pixels cloud/land masked
  n21 20260516_1400 … ✗ swath overlaps bbox but all pixels cloud/land masked
  n21 20260516_1410 … ✗ swath overlaps bbox but all pixels cloud/land masked
  n21 20260516_1450 … ✗ swath overlaps bbox but all pixels cloud/land masked
  n21 20260516_1500 … ✗ swath overlaps bbox but all pixels cloud/land masked
  n21 20260516_1510 … ✗ swath overlaps bbox but all pixels cloud/land masked
  n21 20260516_1550 … ✗ swath overlaps bbox but all pixels cloud/land masked
  n21 20260516_1600 … ✗ swath overlaps bbox but all pixels cloud/land masked
  n21 20260516_1610 … ✗ swath overlaps bbox but all pixels cloud/land masked
  n21 20260516_1650 … ✗ swath overlaps bbox but all pixels cloud/land masked
  n21 20260516_1700 … ✗ swath overlaps bbox but all pixels cloud/land masked
  n21 20260516_1710 … ✗ swath overlaps bbox but all pixels cloud/land masked
  n21 20260516_1750 ✓ (cached)
  n21 20260516_1800 … ✗ swath overlaps bbox but all pixels cloud/land masked
  n21 20260516_1810 … ✗ swath overlaps bbox but all pixels cloud/land masked
  n21 20260516_1850 … ✗ swath overlaps bbox but all pixels cloud/land masked
  n21 20260516_1900 … ✗ swath overlaps bbox but all pixels cloud/land masked
  n21 20260516_1910 … ✗ swath overlaps bbox but all pixels cloud/land masked
  n21 20260516_1950 … ✗ swath overlaps bbox but all pixels cloud/land masked
  n21 20260516_2000 … ✗ swath overlaps bbox but all pixels cloud/land masked
  n21 20260516_2010 … ✗ swath overlaps bbox but all pixels cloud/land masked
  n21 20260516_2050 … ✗ swath overlaps bbox but all pixels cloud/land masked
  n21 20260516_2100 … ✗ swath overlaps bbox but all pixels cloud/land masked
  n21 20260516_2110 … ✗ swath overlaps bbox but all pixels cloud/land masked

  VIIRS summary: 0 written, 8 cached, 414 miss/cloud, 827 outside windows.

=========================================================
✓ Pipeline complete
=========================================================
