=========================================================
SST PIPELINE
  UTC  : 2026-05-07 11:45:02
  Bbox : 33.7–39.0°N  -78.89–-72.21°E
=========================================================

── MUR daily composite (last 5 days) ──
  MUR 20260506 (coastwatch.noaa.gov) … ✗ RuntimeError
  MUR 20260506 (coastwatch.pfeg.noaa.gov) … ✗ RuntimeError
  MUR 20260506 (upwell.pfeg.noaa.gov) … ✗ RuntimeError
  ✗ MUR 20260506 — all mirrors failed. Last: upwell.pfeg.noaa.gov: RuntimeError: ConnectionError: ('Connection aborted.', ConnectionResetError(104, 'Connection reset by peer'))
  ✓ MUR 20260505 (cached)
  ✓ MUR 20260504 (cached)
  ✓ MUR 20260503 (cached)
  ✓ MUR 20260502 (cached)

── GOES-19 geo-polar blended daily composite ──
  GOES 20260507 … ✗ RuntimeError: 404 — no data for this date
  GOES 20260506 … ✗ RuntimeError: HTTP 503: Error {
    code=503;
    message="Service Unavailable: There was a (t
  ✓ GOES composite 20260505 (cached)

── VIIRS multi-pass (last 26h — NPP/N20/N21) ──
  Pass centers: 06:10 UTC, 18:33 UTC  ±20 min
  ✓ VIIRS NRT base: https://www.star.nesdis.noaa.gov/pub/socd2/coastwatch/sst/nrt/viirs
  Target windows this run: 2
    2026-05-06 18:13 – 18:53 UTC  (1833UTC)
    2026-05-07 05:50 – 06:30 UTC  (0610UTC)
  npp 20260506_1820 … ✗ swath overlaps bbox but all pixels cloud/land masked
  npp 20260506_1830 … ✗ swath overlaps bbox but all pixels cloud/land masked
  npp 20260506_1840 … ✗ swath overlaps bbox but all pixels cloud/land masked
  npp 20260506_1850 … ✗ swath overlaps bbox but all pixels cloud/land masked
  npp 20260507_0550 … ✗ swath overlaps bbox but all pixels cloud/land masked
  npp 20260507_0600 … ✗ swath overlaps bbox but all pixels cloud/land masked
  npp 20260507_0610 … ✗ swath overlaps bbox but all pixels cloud/land masked
  npp 20260507_0620 … ✗ swath overlaps bbox but all pixels cloud/land masked
  npp 20260507_0630 …   → DailySSTData/VIIRS/Passes/viirs_npp_20260507_0630.csv  (760 pts, 51 lats × 85 lons)
  n20 20260506_1820 … ✗ swath overlaps bbox but all pixels cloud/land masked
  n20 20260506_1830 …   → DailySSTData/VIIRS/Passes/viirs_n20_20260506_1830.csv  (3009 pts, 64 lats × 217 lons)
  n20 20260506_1840 … ✗ swath overlaps bbox but all pixels cloud/land masked
  n20 20260506_1850 … ✗ swath overlaps bbox but all pixels cloud/land masked
  n20 20260507_0550 … ✗ swath overlaps bbox but all pixels cloud/land masked
  n20 20260507_0600 … ✗ swath overlaps bbox but all pixels cloud/land masked
  n20 20260507_0610 … ✗ swath overlaps bbox but all pixels cloud/land masked
  n20 20260507_0620 … ✗ swath overlaps bbox but all pixels cloud/land masked
  n20 20260507_0630 … ✗ swath overlaps bbox but all pixels cloud/land masked
  n21 20260506_1820 … ✗ swath overlaps bbox but all pixels cloud/land masked
  n21 20260506_1830 … ✗ swath overlaps bbox but all pixels cloud/land masked
  n21 20260506_1840 … ✗ swath overlaps bbox but all pixels cloud/land masked
  n21 20260506_1850 … ✗ swath overlaps bbox but all pixels cloud/land masked
  n21 20260507_0550 … ✗ swath overlaps bbox but all pixels cloud/land masked
  n21 20260507_0600 …   → DailySSTData/VIIRS/Passes/viirs_n21_20260507_0600.csv  (1624 pts, 55 lats × 97 lons)
  n21 20260507_0610 … ✗ swath overlaps bbox but all pixels cloud/land masked
  n21 20260507_0620 … ✗ swath overlaps bbox but all pixels cloud/land masked
  n21 20260507_0630 … ✗ swath overlaps bbox but all pixels cloud/land masked

  VIIRS summary: 3 written, 0 cached, 24 miss/cloud, 592 outside windows.

=========================================================
✓ Pipeline complete
=========================================================
