=========================================================
SST PIPELINE
  UTC  : 2026-06-17 02:56:01
  Bbox : 33.7–39.0°N  -78.89–-72.21°E
=========================================================

── MUR daily composite (last 5 days) ──
  MUR 20260616 (coastwatch.noaa.gov) … ✗ RuntimeError
  MUR 20260616 (coastwatch.pfeg.noaa.gov) … ✗ RuntimeError
  MUR 20260616 (upwell.pfeg.noaa.gov) … ✗ RuntimeError
  ✗ MUR 20260616 — all mirrors failed. Last: upwell.pfeg.noaa.gov: RuntimeError: 404 — no data for this date
  ✓ MUR 20260615 (cached)
  ✓ MUR 20260614 (cached)
  ✓ MUR 20260613 (cached)
  ✓ MUR 20260612 (cached)

── GOES-19 geo-polar blended daily composite ──
  Candidates: 4 (2 hosts × 2 dataset IDs)
  GOES 20260617 [noaa/noaacwBLENDEDsstDLDaily] … ✗ RuntimeError: HTTP 503: <!DOCTYPE HTML PUBLIC "-//IETF//DTD HTML 2.0//EN">
<html><head>
<title
  GOES 20260617 [noaa/noaacwBLENDEDsstDaily] … ✗ RuntimeError: HTTP 502: <!DOCTYPE HTML PUBLIC "-//IETF//DTD HTML 2.0//EN">
<html><head>
<title
  GOES 20260617 [pfeg/noaacwBLENDEDsstDLDaily] … ✗ RuntimeError: 404 — no data for this date
  GOES 20260617 [pfeg/noaacwBLENDEDsstDaily] … ✗ RuntimeError: 404 — no data for this date
  GOES 20260616 [noaa/noaacwBLENDEDsstDLDaily] … ✗ RuntimeError: HTTP 502: <!DOCTYPE HTML PUBLIC "-//IETF//DTD HTML 2.0//EN">
<html><head>
<title
  GOES 20260616 [noaa/noaacwBLENDEDsstDaily] … ✗ RuntimeError: HTTP 503: <!DOCTYPE HTML PUBLIC "-//IETF//DTD HTML 2.0//EN">
<html><head>
<title
  GOES 20260616 [pfeg/noaacwBLENDEDsstDLDaily] … ✗ RuntimeError: 404 — no data for this date
  GOES 20260616 [pfeg/noaacwBLENDEDsstDaily] … ✗ RuntimeError: 404 — no data for this date
  GOES 20260615 [noaa/noaacwBLENDEDsstDLDaily] … ✗ RuntimeError: ReadTimeout: HTTPSConnectionPool(host='coastwatch.noaa.gov', port=443): Read tim
  GOES 20260615 [noaa/noaacwBLENDEDsstDaily] … ✗ RuntimeError: HTTP 503: <!DOCTYPE HTML PUBLIC "-//IETF//DTD HTML 2.0//EN">
<html><head>
<title
  GOES 20260615 [pfeg/noaacwBLENDEDsstDLDaily] … ✗ RuntimeError: 404 — no data for this date
  GOES 20260615 [pfeg/noaacwBLENDEDsstDaily] … ✗ RuntimeError: 404 — no data for this date
  GOES 20260614 [noaa/noaacwBLENDEDsstDLDaily] … ✗ RuntimeError: HTTP 503: <!DOCTYPE HTML PUBLIC "-//IETF//DTD HTML 2.0//EN">
<html><head>
<title
  GOES 20260614 [noaa/noaacwBLENDEDsstDaily] … ✗ RuntimeError: HTTP 503: <!DOCTYPE HTML PUBLIC "-//IETF//DTD HTML 2.0//EN">
<html><head>
<title
  GOES 20260614 [pfeg/noaacwBLENDEDsstDLDaily] … ✗ RuntimeError: 404 — no data for this date
  GOES 20260614 [pfeg/noaacwBLENDEDsstDaily] … ✗ RuntimeError: 404 — no data for this date
  ✗ GOES: all candidates exhausted — no recent data available.

── VIIRS multi-pass (last 48h — NPP/N20/N21) ──
  ✓ VIIRS NRT base: https://www.star.nesdis.noaa.gov/pub/socd2/coastwatch/sst/nrt/viirs
  Hourly windows : 48
  Window range   : 2026-06-15 03:50Z → 2026-06-17 03:10Z
  Half-width     : ±10 min per bucket
  npp 20260615_0350 … ✗ swath overlaps bbox but all pixels cloud/land masked
  npp 20260615_0400 … ✗ swath overlaps bbox but all pixels cloud/land masked
  npp 20260615_0410 … ✗ swath overlaps bbox but all pixels cloud/land masked
  npp 20260615_0450 … ✗ swath overlaps bbox but all pixels cloud/land masked
  npp 20260615_0500 … ✗ swath overlaps bbox but all pixels cloud/land masked
  npp 20260615_0510 … ✗ swath overlaps bbox but all pixels cloud/land masked
  npp 20260615_0550 … ✗ swath overlaps bbox but all pixels cloud/land masked
  npp 20260615_0600 ✓ (cached)
  npp 20260615_0610 … ✗ swath overlaps bbox but all pixels cloud/land masked
  npp 20260615_0650 … ✗ swath overlaps bbox but all pixels cloud/land masked
  npp 20260615_0700 … ✗ swath overlaps bbox but all pixels cloud/land masked
  npp 20260615_0710 … ✗ swath overlaps bbox but all pixels cloud/land masked
  npp 20260615_0750 … ✗ swath overlaps bbox but all pixels cloud/land masked
  npp 20260615_0800 … ✗ swath overlaps bbox but all pixels cloud/land masked
  npp 20260615_0810 … ✗ swath overlaps bbox but all pixels cloud/land masked
  npp 20260615_0850 … ✗ swath overlaps bbox but all pixels cloud/land masked
  npp 20260615_0900 … ✗ swath overlaps bbox but all pixels cloud/land masked
  npp 20260615_0910 … ✗ swath overlaps bbox but all pixels cloud/land masked
  npp 20260615_0950 … ✗ swath overlaps bbox but all pixels cloud/land masked
  npp 20260615_1000 … ✗ swath overlaps bbox but all pixels cloud/land masked
  npp 20260615_1010 … ✗ swath overlaps bbox but all pixels cloud/land masked
  npp 20260615_1050 … ✗ swath overlaps bbox but all pixels cloud/land masked
  npp 20260615_1100 … ✗ swath overlaps bbox but all pixels cloud/land masked
  npp 20260615_1110 … ✗ swath overlaps bbox but all pixels cloud/land masked
  npp 20260615_1150 … ✗ swath overlaps bbox but all pixels cloud/land masked
  npp 20260615_1200 … ✗ swath overlaps bbox but all pixels cloud/land masked
  npp 20260615_1210 … ✗ swath overlaps bbox but all pixels cloud/land masked
  npp 20260615_1250 … ✗ swath overlaps bbox but all pixels cloud/land masked
  npp 20260615_1300 … ✗ swath overlaps bbox but all pixels cloud/land masked
  npp 20260615_1310 … ✗ swath overlaps bbox but all pixels cloud/land masked
  npp 20260615_1350 … ✗ swath overlaps bbox but all pixels cloud/land masked
  npp 20260615_1400 … ✗ swath overlaps bbox but all pixels cloud/land masked
  npp 20260615_1410 … ✗ swath overlaps bbox but all pixels cloud/land masked
  npp 20260615_1450 … ✗ swath overlaps bbox but all pixels cloud/land masked
  npp 20260615_1500 … ✗ swath overlaps bbox but all pixels cloud/land masked
  npp 20260615_1510 … ✗ swath overlaps bbox but all pixels cloud/land masked
  npp 20260615_1550 … ✗ swath overlaps bbox but all pixels cloud/land masked
  npp 20260615_1600 … ✗ swath overlaps bbox but all pixels cloud/land masked
  npp 20260615_1610 … ✗ swath overlaps bbox but all pixels cloud/land masked
  npp 20260615_1650 … ✗ swath overlaps bbox but all pixels cloud/land masked
  npp 20260615_1700 … ✗ swath overlaps bbox but all pixels cloud/land masked
  npp 20260615_1710 … ✗ swath overlaps bbox but all pixels cloud/land masked
  npp 20260615_1750 … ✗ swath overlaps bbox but all pixels cloud/land masked
  npp 20260615_1800 … ✗ swath overlaps bbox but all pixels cloud/land masked
  npp 20260615_1810 … ✗ swath overlaps bbox but all pixels cloud/land masked
  npp 20260615_1850 … ✗ swath overlaps bbox but all pixels cloud/land masked
  npp 20260615_1900 ✓ (cached)
  npp 20260615_1910 … ✗ swath overlaps bbox but all pixels cloud/land masked
  npp 20260615_1950 … ✗ swath overlaps bbox but all pixels cloud/land masked
  npp 20260615_2000 … ✗ swath overlaps bbox but all pixels cloud/land masked
  npp 20260615_2010 … ✗ swath overlaps bbox but all pixels cloud/land masked
  npp 20260615_2050 … ✗ swath overlaps bbox but all pixels cloud/land masked
  npp 20260615_2100 … ✗ swath overlaps bbox but all pixels cloud/land masked
  npp 20260615_2110 … ✗ swath overlaps bbox but all pixels cloud/land masked
  npp 20260615_2150 … ✗ swath overlaps bbox but all pixels cloud/land masked
  npp 20260615_2200 … ✗ swath overlaps bbox but all pixels cloud/land masked
  npp 20260615_2210 … ✗ swath overlaps bbox but all pixels cloud/land masked
  npp 20260615_2250 … ✗ swath overlaps bbox but all pixels cloud/land masked
  npp 20260615_2300 … ✗ swath overlaps bbox but all pixels cloud/land masked
  npp 20260615_2310 … ✗ swath overlaps bbox but all pixels cloud/land masked
  npp 20260615_2350 … ✗ swath overlaps bbox but all pixels cloud/land masked
  npp 20260616_0000 … ✗ swath overlaps bbox but all pixels cloud/land masked
  npp 20260616_0010 … ✗ swath overlaps bbox but all pixels cloud/land masked
  npp 20260616_0050 … ✗ swath overlaps bbox but all pixels cloud/land masked
  npp 20260616_0100 … ✗ swath overlaps bbox but all pixels cloud/land masked
  npp 20260616_0110 … ✗ swath overlaps bbox but all pixels cloud/land masked
  npp 20260616_0150 … ✗ swath overlaps bbox but all pixels cloud/land masked
  npp 20260616_0200 … ✗ swath overlaps bbox but all pixels cloud/land masked
  npp 20260616_0210 … ✗ swath overlaps bbox but all pixels cloud/land masked
  npp 20260616_0250 … ✗ swath overlaps bbox but all pixels cloud/land masked
  npp 20260616_0300 … ✗ swath overlaps bbox but all pixels cloud/land masked
  npp 20260616_0310 … ✗ swath overlaps bbox but all pixels cloud/land masked
  npp 20260616_0350 … ✗ swath overlaps bbox but all pixels cloud/land masked
  npp 20260616_0400 … ✗ swath overlaps bbox but all pixels cloud/land masked
  npp 20260616_0410 … ✗ swath overlaps bbox but all pixels cloud/land masked
  npp 20260616_0450 … ✗ swath overlaps bbox but all pixels cloud/land masked
  npp 20260616_0500 … ✗ swath overlaps bbox but all pixels cloud/land masked
  npp 20260616_0510 … ✗ swath overlaps bbox but all pixels cloud/land masked
  npp 20260616_0550 … ✗ swath overlaps bbox but all pixels cloud/land masked
  npp 20260616_0600 … ✗ swath overlaps bbox but all pixels cloud/land masked
  npp 20260616_0610 … ✗ swath overlaps bbox but all pixels cloud/land masked
  npp 20260616_0650 … ✗ swath overlaps bbox but all pixels cloud/land masked
  npp 20260616_0700 … ✗ swath overlaps bbox but all pixels cloud/land masked
  npp 20260616_0710 … ✗ swath overlaps bbox but all pixels cloud/land masked
  npp 20260616_0750 … ✗ swath overlaps bbox but all pixels cloud/land masked
  npp 20260616_0800 … ✗ swath overlaps bbox but all pixels cloud/land masked
  npp 20260616_0810 … ✗ swath overlaps bbox but all pixels cloud/land masked
  npp 20260616_0850 … ✗ swath overlaps bbox but all pixels cloud/land masked
  npp 20260616_0900 … ✗ swath overlaps bbox but all pixels cloud/land masked
  npp 20260616_0910 … ✗ swath overlaps bbox but all pixels cloud/land masked
  npp 20260616_0950 … ✗ swath overlaps bbox but all pixels cloud/land masked
  npp 20260616_1000 … ✗ swath overlaps bbox but all pixels cloud/land masked
  npp 20260616_1010 … ✗ swath overlaps bbox but all pixels cloud/land masked
  npp 20260616_1050 … ✗ swath overlaps bbox but all pixels cloud/land masked
  npp 20260616_1100 … ✗ swath overlaps bbox but all pixels cloud/land masked
  npp 20260616_1110 … ✗ swath overlaps bbox but all pixels cloud/land masked
  npp 20260616_1150 … ✗ swath overlaps bbox but all pixels cloud/land masked
  npp 20260616_1200 … ✗ swath overlaps bbox but all pixels cloud/land masked
  npp 20260616_1210 … ✗ swath overlaps bbox but all pixels cloud/land masked
  npp 20260616_1250 … ✗ swath overlaps bbox but all pixels cloud/land masked
  npp 20260616_1300 … ✗ swath overlaps bbox but all pixels cloud/land masked
  npp 20260616_1310 … ✗ swath overlaps bbox but all pixels cloud/land masked
  npp 20260616_1350 … ✗ swath overlaps bbox but all pixels cloud/land masked
  npp 20260616_1400 … ✗ swath overlaps bbox but all pixels cloud/land masked
  npp 20260616_1410 … ✗ swath overlaps bbox but all pixels cloud/land masked
  npp 20260616_1450 … ✗ swath overlaps bbox but all pixels cloud/land masked
  npp 20260616_1500 … ✗ swath overlaps bbox but all pixels cloud/land masked
  npp 20260616_1510 … ✗ swath overlaps bbox but all pixels cloud/land masked
  npp 20260616_1550 … ✗ swath overlaps bbox but all pixels cloud/land masked
  npp 20260616_1600 … ✗ swath overlaps bbox but all pixels cloud/land masked
  npp 20260616_1610 … ✗ swath overlaps bbox but all pixels cloud/land masked
  npp 20260616_1650 … ✗ swath overlaps bbox but all pixels cloud/land masked
  npp 20260616_1700 ✓ (cached)
  npp 20260616_1710 … ✗ swath overlaps bbox but all pixels cloud/land masked
  npp 20260616_1750 … ✗ swath overlaps bbox but all pixels cloud/land masked
  npp 20260616_1800 … ✗ swath overlaps bbox but all pixels cloud/land masked
  npp 20260616_1810 … ✗ swath overlaps bbox but all pixels cloud/land masked
  npp 20260616_1850 … ✗ swath overlaps bbox but all pixels cloud/land masked
  npp 20260616_1900 … ✗ swath overlaps bbox but all pixels cloud/land masked
  npp 20260616_1910 … ✗ swath overlaps bbox but all pixels cloud/land masked
  npp 20260616_1950 … ✗ swath overlaps bbox but all pixels cloud/land masked
  npp 20260616_2000 … ✗ swath overlaps bbox but all pixels cloud/land masked
  npp 20260616_2010 … ✗ swath overlaps bbox but all pixels cloud/land masked
  npp 20260616_2050 … ✗ swath overlaps bbox but all pixels cloud/land masked
  npp 20260616_2100 … ✗ swath overlaps bbox but all pixels cloud/land masked
  npp 20260616_2110 … ✗ swath overlaps bbox but all pixels cloud/land masked
  npp 20260616_2150 … ✗ swath overlaps bbox but all pixels cloud/land masked
  npp 20260616_2200 … ✗ swath overlaps bbox but all pixels cloud/land masked
  npp 20260616_2210 … ✗ swath overlaps bbox but all pixels cloud/land masked
  npp 20260616_2250 … ✗ swath overlaps bbox but all pixels cloud/land masked
  npp 20260616_2300 … ✗ swath overlaps bbox but all pixels cloud/land masked
  npp 20260616_2310 … ✗ swath overlaps bbox but all pixels cloud/land masked
  npp 20260616_2350 … ✗ swath overlaps bbox but all pixels cloud/land masked
  npp 20260617_0000 … ✗ swath overlaps bbox but all pixels cloud/land masked
  npp 20260617_0010 … ✗ swath overlaps bbox but all pixels cloud/land masked
  npp 20260617_0050 … ✗ swath overlaps bbox but all pixels cloud/land masked
  npp 20260617_0100 … ✗ swath overlaps bbox but all pixels cloud/land masked
  npp 20260617_0110 … ✗ swath overlaps bbox but all pixels cloud/land masked
  n20 20260615_0350 … ✗ swath overlaps bbox but all pixels cloud/land masked
  n20 20260615_0400 … ✗ swath overlaps bbox but all pixels cloud/land masked
  n20 20260615_0410 … ✗ swath overlaps bbox but all pixels cloud/land masked
  n20 20260615_0450 … ✗ swath overlaps bbox but all pixels cloud/land masked
  n20 20260615_0500 … ✗ swath overlaps bbox but all pixels cloud/land masked
  n20 20260615_0510 … ✗ swath overlaps bbox but all pixels cloud/land masked
  n20 20260615_0550 … ✗ swath overlaps bbox but all pixels cloud/land masked
  n20 20260615_0600 … ✗ swath overlaps bbox but all pixels cloud/land masked
  n20 20260615_0610 … ✗ swath overlaps bbox but all pixels cloud/land masked
  n20 20260615_0650 … ✗ swath overlaps bbox but all pixels cloud/land masked
  n20 20260615_0700 … ✗ swath overlaps bbox but all pixels cloud/land masked
  n20 20260615_0710 … ✗ swath overlaps bbox but all pixels cloud/land masked
  n20 20260615_0750 … ✗ swath overlaps bbox but all pixels cloud/land masked
  n20 20260615_0800 ✓ (cached)
  n20 20260615_0810 … ✗ swath overlaps bbox but all pixels cloud/land masked
  n20 20260615_0850 … ✗ swath overlaps bbox but all pixels cloud/land masked
  n20 20260615_0900 … ✗ swath overlaps bbox but all pixels cloud/land masked
  n20 20260615_0910 … ✗ swath overlaps bbox but all pixels cloud/land masked
  n20 20260615_0950 … ✗ swath overlaps bbox but all pixels cloud/land masked
  n20 20260615_1000 … ✗ swath overlaps bbox but all pixels cloud/land masked
  n20 20260615_1010 … ✗ swath overlaps bbox but all pixels cloud/land masked
  n20 20260615_1050 … ✗ swath overlaps bbox but all pixels cloud/land masked
  n20 20260615_1100 … ✗ swath overlaps bbox but all pixels cloud/land masked
  n20 20260615_1110 … ✗ swath overlaps bbox but all pixels cloud/land masked
  n20 20260615_1150 … ✗ swath overlaps bbox but all pixels cloud/land masked
  n20 20260615_1200 … ✗ swath overlaps bbox but all pixels cloud/land masked
  n20 20260615_1210 … ✗ swath overlaps bbox but all pixels cloud/land masked
  n20 20260615_1250 … ✗ swath overlaps bbox but all pixels cloud/land masked
  n20 20260615_1300 … ✗ swath overlaps bbox but all pixels cloud/land masked
  n20 20260615_1310 … ✗ swath overlaps bbox but all pixels cloud/land masked
  n20 20260615_1350 … ✗ swath overlaps bbox but all pixels cloud/land masked
  n20 20260615_1400 … ✗ swath overlaps bbox but all pixels cloud/land masked
  n20 20260615_1410 … ✗ swath overlaps bbox but all pixels cloud/land masked
  n20 20260615_1450 … ✗ swath overlaps bbox but all pixels cloud/land masked
  n20 20260615_1500 … ✗ swath overlaps bbox but all pixels cloud/land masked
  n20 20260615_1510 … ✗ swath overlaps bbox but all pixels cloud/land masked
  n20 20260615_1550 … ✗ swath overlaps bbox but all pixels cloud/land masked
  n20 20260615_1600 … ✗ swath overlaps bbox but all pixels cloud/land masked
  n20 20260615_1610 … ✗ swath overlaps bbox but all pixels cloud/land masked
  n20 20260615_1650 … ✗ swath overlaps bbox but all pixels cloud/land masked
  n20 20260615_1700 … ✗ swath overlaps bbox but all pixels cloud/land masked
  n20 20260615_1710 … ✗ swath overlaps bbox but all pixels cloud/land masked
  n20 20260615_1750 … ✗ swath overlaps bbox but all pixels cloud/land masked
  n20 20260615_1800 … ✗ swath overlaps bbox but all pixels cloud/land masked
  n20 20260615_1810 … ✗ swath overlaps bbox but all pixels cloud/land masked
  n20 20260615_1850 … ✗ swath overlaps bbox but all pixels cloud/land masked
  n20 20260615_1900 … ✗ swath overlaps bbox but all pixels cloud/land masked
  n20 20260615_1910 … ✗ swath overlaps bbox but all pixels cloud/land masked
  n20 20260615_1950 … ✗ swath overlaps bbox but all pixels cloud/land masked
  n20 20260615_2000 … ✗ swath overlaps bbox but all pixels cloud/land masked
  n20 20260615_2010 … ✗ swath overlaps bbox but all pixels cloud/land masked
  n20 20260615_2050 … ✗ swath overlaps bbox but all pixels cloud/land masked
  n20 20260615_2100 … ✗ swath overlaps bbox but all pixels cloud/land masked
  n20 20260615_2110 … ✗ swath overlaps bbox but all pixels cloud/land masked
  n20 20260615_2150 … ✗ swath overlaps bbox but all pixels cloud/land masked
  n20 20260615_2200 … ✗ swath overlaps bbox but all pixels cloud/land masked
  n20 20260615_2210 … ✗ swath overlaps bbox but all pixels cloud/land masked
  n20 20260615_2250 … ✗ swath overlaps bbox but all pixels cloud/land masked
  n20 20260615_2300 … ✗ swath overlaps bbox but all pixels cloud/land masked
  n20 20260615_2310 … ✗ swath overlaps bbox but all pixels cloud/land masked
  n20 20260615_2350 … ✗ swath overlaps bbox but all pixels cloud/land masked
  n20 20260616_0000 … ✗ swath overlaps bbox but all pixels cloud/land masked
  n20 20260616_0010 … ✗ swath overlaps bbox but all pixels cloud/land masked
  n20 20260616_0050 … ✗ swath overlaps bbox but all pixels cloud/land masked
  n20 20260616_0100 … ✗ swath overlaps bbox but all pixels cloud/land masked
  n20 20260616_0110 … ✗ swath overlaps bbox but all pixels cloud/land masked
  n20 20260616_0150 … ✗ swath overlaps bbox but all pixels cloud/land masked
  n20 20260616_0200 … ✗ swath overlaps bbox but all pixels cloud/land masked
  n20 20260616_0210 … ✗ swath overlaps bbox but all pixels cloud/land masked
  n20 20260616_0250 … ✗ swath overlaps bbox but all pixels cloud/land masked
  n20 20260616_0300 … ✗ swath overlaps bbox but all pixels cloud/land masked
  n20 20260616_0310 … ✗ swath overlaps bbox but all pixels cloud/land masked
  n20 20260616_0350 … ✗ swath overlaps bbox but all pixels cloud/land masked
  n20 20260616_0400 … ✗ swath overlaps bbox but all pixels cloud/land masked
  n20 20260616_0410 … ✗ swath overlaps bbox but all pixels cloud/land masked
  n20 20260616_0450 … ✗ swath overlaps bbox but all pixels cloud/land masked
  n20 20260616_0500 … ✗ swath overlaps bbox but all pixels cloud/land masked
  n20 20260616_0510 … ✗ swath overlaps bbox but all pixels cloud/land masked
  n20 20260616_0550 … ✗ swath overlaps bbox but all pixels cloud/land masked
  n20 20260616_0600 ✓ (cached)
  n20 20260616_0610 … ✗ swath overlaps bbox but all pixels cloud/land masked
  n20 20260616_0650 … ✗ swath overlaps bbox but all pixels cloud/land masked
  n20 20260616_0700 … ✗ swath overlaps bbox but all pixels cloud/land masked
  n20 20260616_0710 … ✗ swath overlaps bbox but all pixels cloud/land masked
  n20 20260616_0750 … ✗ swath overlaps bbox but all pixels cloud/land masked
  n20 20260616_0800 … ✗ swath overlaps bbox but all pixels cloud/land masked
  n20 20260616_0810 … ✗ swath overlaps bbox but all pixels cloud/land masked
  n20 20260616_0850 … ✗ swath overlaps bbox but all pixels cloud/land masked
  n20 20260616_0900 … ✗ swath overlaps bbox but all pixels cloud/land masked
  n20 20260616_0910 … ✗ swath overlaps bbox but all pixels cloud/land masked
  n20 20260616_0950 … ✗ swath overlaps bbox but all pixels cloud/land masked
  n20 20260616_1000 … ✗ swath overlaps bbox but all pixels cloud/land masked
  n20 20260616_1010 … ✗ swath overlaps bbox but all pixels cloud/land masked
  n20 20260616_1050 … ✗ swath overlaps bbox but all pixels cloud/land masked
  n20 20260616_1100 … ✗ swath overlaps bbox but all pixels cloud/land masked
  n20 20260616_1110 … ✗ swath overlaps bbox but all pixels cloud/land masked
  n20 20260616_1150 … ✗ swath overlaps bbox but all pixels cloud/land masked
  n20 20260616_1200 … ✗ swath overlaps bbox but all pixels cloud/land masked
  n20 20260616_1210 … ✗ swath overlaps bbox but all pixels cloud/land masked
  n20 20260616_1250 … ✗ swath overlaps bbox but all pixels cloud/land masked
  n20 20260616_1300 … ✗ swath overlaps bbox but all pixels cloud/land masked
  n20 20260616_1310 … ✗ swath overlaps bbox but all pixels cloud/land masked
  n20 20260616_1350 … ✗ swath overlaps bbox but all pixels cloud/land masked
  n20 20260616_1400 … ✗ swath overlaps bbox but all pixels cloud/land masked
  n20 20260616_1410 … ✗ swath overlaps bbox but all pixels cloud/land masked
  n20 20260616_1450 … ✗ swath overlaps bbox but all pixels cloud/land masked
  n20 20260616_1500 … ✗ swath overlaps bbox but all pixels cloud/land masked
  n20 20260616_1510 … ✗ swath overlaps bbox but all pixels cloud/land masked
  n20 20260616_1550 … ✗ swath overlaps bbox but all pixels cloud/land masked
  n20 20260616_1600 … ✗ swath overlaps bbox but all pixels cloud/land masked
  n20 20260616_1610 … ✗ swath overlaps bbox but all pixels cloud/land masked
  n20 20260616_1650 … ✗ swath overlaps bbox but all pixels cloud/land masked
  n20 20260616_1700 … ✗ swath overlaps bbox but all pixels cloud/land masked
  n20 20260616_1710 … ✗ swath overlaps bbox but all pixels cloud/land masked
  n20 20260616_1750 … ✗ swath overlaps bbox but all pixels cloud/land masked
  n20 20260616_1800 … ✗ swath overlaps bbox but all pixels cloud/land masked
  n20 20260616_1810 … ✗ swath overlaps bbox but all pixels cloud/land masked
  n20 20260616_1850 … ✗ swath overlaps bbox but all pixels cloud/land masked
  n20 20260616_1900 ✓ (cached)
  n20 20260616_1910 … ✗ swath overlaps bbox but all pixels cloud/land masked
  n20 20260616_1950 … ✗ swath overlaps bbox but all pixels cloud/land masked
  n20 20260616_2000 … ✗ swath overlaps bbox but all pixels cloud/land masked
  n20 20260616_2010 … ✗ swath overlaps bbox but all pixels cloud/land masked
  n20 20260616_2050 … ✗ swath overlaps bbox but all pixels cloud/land masked
  n20 20260616_2100 … ✗ swath overlaps bbox but all pixels cloud/land masked
  n20 20260616_2110 … ✗ swath overlaps bbox but all pixels cloud/land masked
  n20 20260616_2150 … ✗ swath overlaps bbox but all pixels cloud/land masked
  n20 20260616_2200 … ✗ swath overlaps bbox but all pixels cloud/land masked
  n20 20260616_2210 … ✗ swath overlaps bbox but all pixels cloud/land masked
  n20 20260616_2250 … ✗ swath overlaps bbox but all pixels cloud/land masked
  n20 20260616_2300 … ✗ swath overlaps bbox but all pixels cloud/land masked
  n20 20260616_2310 … ✗ swath overlaps bbox but all pixels cloud/land masked
  n20 20260616_2350 … ✗ swath overlaps bbox but all pixels cloud/land masked
  n20 20260617_0000 … ✗ swath overlaps bbox but all pixels cloud/land masked
  n20 20260617_0010 … ✗ swath overlaps bbox but all pixels cloud/land masked
  n20 20260617_0050 … ✗ swath overlaps bbox but all pixels cloud/land masked
  n20 20260617_0100 … ✗ swath overlaps bbox but all pixels cloud/land masked
  n20 20260617_0110 … ✗ swath overlaps bbox but all pixels cloud/land masked
  n20 20260617_0150 … ✗ swath overlaps bbox but all pixels cloud/land masked
  n20 20260617_0200 … ✗ swath overlaps bbox but all pixels cloud/land masked
  n21 20260615_0350 … ✗ swath overlaps bbox but all pixels cloud/land masked
  n21 20260615_0400 … ✗ swath overlaps bbox but all pixels cloud/land masked
  n21 20260615_0410 … ✗ swath overlaps bbox but all pixels cloud/land masked
  n21 20260615_0450 … ✗ swath overlaps bbox but all pixels cloud/land masked
  n21 20260615_0500 … ✗ swath overlaps bbox but all pixels cloud/land masked
  n21 20260615_0510 … ✗ swath overlaps bbox but all pixels cloud/land masked
  n21 20260615_0550 … ✗ swath overlaps bbox but all pixels cloud/land masked
  n21 20260615_0600 … ✗ swath overlaps bbox but all pixels cloud/land masked
  n21 20260615_0610 … ✗ swath overlaps bbox but all pixels cloud/land masked
  n21 20260615_0650 … ✗ swath overlaps bbox but all pixels cloud/land masked
  n21 20260615_0700 … ✗ swath overlaps bbox but all pixels cloud/land masked
  n21 20260615_0710 ✓ (cached)
  n21 20260615_0750 … ✗ swath overlaps bbox but all pixels cloud/land masked
  n21 20260615_0800 … ✗ swath overlaps bbox but all pixels cloud/land masked
  n21 20260615_0810 … ✗ swath overlaps bbox but all pixels cloud/land masked
  n21 20260615_0850 … ✗ swath overlaps bbox but all pixels cloud/land masked
  n21 20260615_0900 … ✗ swath overlaps bbox but all pixels cloud/land masked
  n21 20260615_0910 … ✗ swath overlaps bbox but all pixels cloud/land masked
  n21 20260615_0950 … ✗ swath overlaps bbox but all pixels cloud/land masked
  n21 20260615_1000 … ✗ swath overlaps bbox but all pixels cloud/land masked
  n21 20260615_1010 … ✗ swath overlaps bbox but all pixels cloud/land masked
  n21 20260615_1050 … ✗ swath overlaps bbox but all pixels cloud/land masked
  n21 20260615_1100 … ✗ swath overlaps bbox but all pixels cloud/land masked
  n21 20260615_1110 … ✗ swath overlaps bbox but all pixels cloud/land masked
  n21 20260615_1150 … ✗ swath overlaps bbox but all pixels cloud/land masked
  n21 20260615_1200 … ✗ swath overlaps bbox but all pixels cloud/land masked
  n21 20260615_1210 … ✗ swath overlaps bbox but all pixels cloud/land masked
  n21 20260615_1250 … ✗ swath overlaps bbox but all pixels cloud/land masked
  n21 20260615_1300 … ✗ swath overlaps bbox but all pixels cloud/land masked
  n21 20260615_1310 … ✗ swath overlaps bbox but all pixels cloud/land masked
  n21 20260615_1350 … ✗ swath overlaps bbox but all pixels cloud/land masked
  n21 20260615_1400 … ✗ swath overlaps bbox but all pixels cloud/land masked
  n21 20260615_1410 … ✗ swath overlaps bbox but all pixels cloud/land masked
  n21 20260615_1450 … ✗ swath overlaps bbox but all pixels cloud/land masked
  n21 20260615_1500 … ✗ swath overlaps bbox but all pixels cloud/land masked
  n21 20260615_1510 … ✗ swath overlaps bbox but all pixels cloud/land masked
  n21 20260615_1550 … ✗ swath overlaps bbox but all pixels cloud/land masked
  n21 20260615_1600 … ✗ swath overlaps bbox but all pixels cloud/land masked
  n21 20260615_1610 … ✗ swath overlaps bbox but all pixels cloud/land masked
  n21 20260615_1650 ✓ (cached)
  n21 20260615_1700 … ✗ swath overlaps bbox but all pixels cloud/land masked
  n21 20260615_1710 … ✗ swath overlaps bbox but all pixels cloud/land masked
  n21 20260615_1750 … ✗ swath overlaps bbox but all pixels cloud/land masked
  n21 20260615_1800 … ✗ swath overlaps bbox but all pixels cloud/land masked
  n21 20260615_1810 … ✗ swath overlaps bbox but all pixels cloud/land masked
  n21 20260615_1850 … ✗ swath overlaps bbox but all pixels cloud/land masked
  n21 20260615_1900 … ✗ swath overlaps bbox but all pixels cloud/land masked
  n21 20260615_1910 … ✗ swath overlaps bbox but all pixels cloud/land masked
  n21 20260615_1950 … ✗ swath overlaps bbox but all pixels cloud/land masked
  n21 20260615_2000 … ✗ swath overlaps bbox but all pixels cloud/land masked
  n21 20260615_2010 … ✗ swath overlaps bbox but all pixels cloud/land masked
  n21 20260615_2050 … ✗ swath overlaps bbox but all pixels cloud/land masked
  n21 20260615_2100 … ✗ swath overlaps bbox but all pixels cloud/land masked
  n21 20260615_2110 … ✗ swath overlaps bbox but all pixels cloud/land masked
  n21 20260615_2150 … ✗ swath overlaps bbox but all pixels cloud/land masked
  n21 20260615_2200 … ✗ swath overlaps bbox but all pixels cloud/land masked
  n21 20260615_2210 … ✗ swath overlaps bbox but all pixels cloud/land masked
  n21 20260615_2250 … ✗ swath overlaps bbox but all pixels cloud/land masked
  n21 20260615_2300 … ✗ swath overlaps bbox but all pixels cloud/land masked
  n21 20260615_2310 … ✗ swath overlaps bbox but all pixels cloud/land masked
  n21 20260615_2350 … ✗ swath overlaps bbox but all pixels cloud/land masked
  n21 20260616_0000 … ✗ swath overlaps bbox but all pixels cloud/land masked
  n21 20260616_0010 … ✗ swath overlaps bbox but all pixels cloud/land masked
  n21 20260616_0050 … ✗ swath overlaps bbox but all pixels cloud/land masked
  n21 20260616_0100 … ✗ swath overlaps bbox but all pixels cloud/land masked
  n21 20260616_0110 … ✗ swath overlaps bbox but all pixels cloud/land masked
  n21 20260616_0150 … ✗ swath overlaps bbox but all pixels cloud/land masked
  n21 20260616_0200 … ✗ swath overlaps bbox but all pixels cloud/land masked
  n21 20260616_0210 … ✗ swath overlaps bbox but all pixels cloud/land masked
  n21 20260616_0250 … ✗ swath overlaps bbox but all pixels cloud/land masked
  n21 20260616_0300 … ✗ swath overlaps bbox but all pixels cloud/land masked
  n21 20260616_0310 … ✗ swath overlaps bbox but all pixels cloud/land masked
  n21 20260616_0350 … ✗ swath overlaps bbox but all pixels cloud/land masked
  n21 20260616_0400 … ✗ swath overlaps bbox but all pixels cloud/land masked
  n21 20260616_0410 … ✗ swath overlaps bbox but all pixels cloud/land masked
  n21 20260616_0450 … ✗ swath overlaps bbox but all pixels cloud/land masked
  n21 20260616_0500 … ✗ swath overlaps bbox but all pixels cloud/land masked
  n21 20260616_0510 … ✗ swath overlaps bbox but all pixels cloud/land masked
  n21 20260616_0550 … ✗ swath overlaps bbox but all pixels cloud/land masked
  n21 20260616_0600 … ✗ swath overlaps bbox but all pixels cloud/land masked
  n21 20260616_0610 … ✗ swath overlaps bbox but all pixels cloud/land masked
  n21 20260616_0650 ✓ (cached)
  n21 20260616_0700 … ✗ swath overlaps bbox but all pixels cloud/land masked
  n21 20260616_0710 … ✗ swath overlaps bbox but all pixels cloud/land masked
  n21 20260616_0750 … ✗ swath overlaps bbox but all pixels cloud/land masked
  n21 20260616_0800 … ✗ swath overlaps bbox but all pixels cloud/land masked
  n21 20260616_0810 … ✗ swath overlaps bbox but all pixels cloud/land masked
  n21 20260616_0850 … ✗ swath overlaps bbox but all pixels cloud/land masked
  n21 20260616_0900 … ✗ swath overlaps bbox but all pixels cloud/land masked
  n21 20260616_0910 … ✗ swath overlaps bbox but all pixels cloud/land masked
  n21 20260616_0950 … ✗ swath overlaps bbox but all pixels cloud/land masked
  n21 20260616_1000 … ✗ swath overlaps bbox but all pixels cloud/land masked
  n21 20260616_1010 … ✗ swath overlaps bbox but all pixels cloud/land masked
  n21 20260616_1050 … ✗ swath overlaps bbox but all pixels cloud/land masked
  n21 20260616_1100 … ✗ swath overlaps bbox but all pixels cloud/land masked
  n21 20260616_1110 … ✗ swath overlaps bbox but all pixels cloud/land masked
  n21 20260616_1150 … ✗ swath overlaps bbox but all pixels cloud/land masked
  n21 20260616_1200 … ✗ swath overlaps bbox but all pixels cloud/land masked
  n21 20260616_1210 … ✗ swath overlaps bbox but all pixels cloud/land masked
  n21 20260616_1250 … ✗ swath overlaps bbox but all pixels cloud/land masked
  n21 20260616_1300 … ✗ swath overlaps bbox but all pixels cloud/land masked
  n21 20260616_1310 … ✗ swath overlaps bbox but all pixels cloud/land masked
  n21 20260616_1350 … ✗ swath overlaps bbox but all pixels cloud/land masked
  n21 20260616_1400 … ✗ swath overlaps bbox but all pixels cloud/land masked
  n21 20260616_1410 … ✗ swath overlaps bbox but all pixels cloud/land masked
  n21 20260616_1450 … ✗ swath overlaps bbox but all pixels cloud/land masked
  n21 20260616_1500 … ✗ swath overlaps bbox but all pixels cloud/land masked
  n21 20260616_1510 … ✗ swath overlaps bbox but all pixels cloud/land masked
  n21 20260616_1550 … ✗ swath overlaps bbox but all pixels cloud/land masked
  n21 20260616_1600 … ✗ swath overlaps bbox but all pixels cloud/land masked
  n21 20260616_1610 … ✗ swath overlaps bbox but all pixels cloud/land masked
  n21 20260616_1650 … ✗ swath overlaps bbox but all pixels cloud/land masked
  n21 20260616_1700 … ✗ swath overlaps bbox but all pixels cloud/land masked
  n21 20260616_1710 … ✗ swath overlaps bbox but all pixels cloud/land masked
  n21 20260616_1750 … ✗ swath overlaps bbox but all pixels cloud/land masked
  n21 20260616_1800 … ✗ swath overlaps bbox but all pixels cloud/land masked
  n21 20260616_1810 ✓ (cached)
  n21 20260616_1850 … ✗ swath overlaps bbox but all pixels cloud/land masked
  n21 20260616_1900 … ✗ swath overlaps bbox but all pixels cloud/land masked
  n21 20260616_1910 … ✗ swath overlaps bbox but all pixels cloud/land masked
  n21 20260616_1950 … ✗ swath overlaps bbox but all pixels cloud/land masked
  n21 20260616_2000 … ✗ swath overlaps bbox but all pixels cloud/land masked
  n21 20260616_2010 … ✗ swath overlaps bbox but all pixels cloud/land masked
  n21 20260616_2050 … ✗ swath overlaps bbox but all pixels cloud/land masked
  n21 20260616_2100 … ✗ swath overlaps bbox but all pixels cloud/land masked
  n21 20260616_2110 … ✗ swath overlaps bbox but all pixels cloud/land masked
  n21 20260616_2150 … ✗ swath overlaps bbox but all pixels cloud/land masked
  n21 20260616_2200 … ✗ swath overlaps bbox but all pixels cloud/land masked
  n21 20260616_2210 … ✗ swath overlaps bbox but all pixels cloud/land masked
  n21 20260616_2250 … ✗ swath overlaps bbox but all pixels cloud/land masked
  n21 20260616_2300 … ✗ swath overlaps bbox but all pixels cloud/land masked
  n21 20260616_2310 … ✗ swath overlaps bbox but all pixels cloud/land masked
  n21 20260616_2350 … ✗ swath overlaps bbox but all pixels cloud/land masked
  n21 20260617_0000 … ✗ swath overlaps bbox but all pixels cloud/land masked
  n21 20260617_0010 … ✗ swath overlaps bbox but all pixels cloud/land masked
  n21 20260617_0050 … ✗ swath overlaps bbox but all pixels cloud/land masked
  n21 20260617_0100 … ✗ swath overlaps bbox but all pixels cloud/land masked
  n21 20260617_0110 … ✗ swath overlaps bbox but all pixels cloud/land masked
  n21 20260617_0150 … ✗ swath overlaps bbox but all pixels cloud/land masked
  n21 20260617_0200 … ✗ swath overlaps bbox but all pixels cloud/land masked
  n21 20260617_0210 … ✗ swath overlaps bbox but all pixels cloud/land masked

  VIIRS summary: 0 written, 10 cached, 409 miss/cloud, 484 outside windows.

=========================================================
✓ Pipeline complete
=========================================================
