=========================================================
SST PIPELINE
  UTC  : 2026-06-03 12:31:59
  Bbox : 33.7–39.0°N  -78.89–-72.21°E
=========================================================

── MUR daily composite (last 5 days) ──
  MUR 20260602 (coastwatch.noaa.gov) … ✗ RuntimeError
  MUR 20260602 (coastwatch.pfeg.noaa.gov) …   (land filter: loaded 24 coastline polygons)
  (land filter: dropped 94 inland, kept 8892 ocean)
  ✓ MUR 20260602
  → DailySSTData/MUR/mur_20260602.csv  (8892 pts, 107 lats × 133 lons)
  ✓ MUR 20260601 (cached)
  ✓ MUR 20260531 (cached)
  ✓ MUR 20260530 (cached)
  ✓ MUR 20260529 (cached)

── GOES-19 geo-polar blended daily composite ──
  Candidates: 4 (2 hosts × 2 dataset IDs)
  GOES 20260603 [noaa/noaacwBLENDEDsstDLDaily] … ✗ RuntimeError: 404 — no data for this date
  GOES 20260603 [noaa/noaacwBLENDEDsstDaily] … ✗ RuntimeError: 404 — no data for this date
  GOES 20260603 [pfeg/noaacwBLENDEDsstDLDaily] … ✗ RuntimeError: 404 — no data for this date
  GOES 20260603 [pfeg/noaacwBLENDEDsstDaily] … ✗ RuntimeError: 404 — no data for this date
  GOES 20260602 [noaa/noaacwBLENDEDsstDLDaily] … ✗ RuntimeError: 404 — no data for this date
  GOES 20260602 [noaa/noaacwBLENDEDsstDaily] … ✗ RuntimeError: 404 — no data for this date
  GOES 20260602 [pfeg/noaacwBLENDEDsstDLDaily] … ✗ RuntimeError: 404 — no data for this date
  GOES 20260602 [pfeg/noaacwBLENDEDsstDaily] … ✗ RuntimeError: 404 — no data for this date
  ✓ GOES composite 20260601 (cached)

── VIIRS multi-pass (last 48h — NPP/N20/N21) ──
  ✓ VIIRS NRT base: https://www.star.nesdis.noaa.gov/pub/socd2/coastwatch/sst/nrt/viirs
  Hourly windows : 48
  Window range   : 2026-06-01 12:50Z → 2026-06-03 12:10Z
  Half-width     : ±10 min per bucket
  n20 20260601_1250 … ✗ swath overlaps bbox but all pixels cloud/land masked
  n20 20260601_1300 … ✗ swath overlaps bbox but all pixels cloud/land masked
  n20 20260601_1310 … ✗ swath overlaps bbox but all pixels cloud/land masked
  n20 20260601_1350 … ✗ swath overlaps bbox but all pixels cloud/land masked
  n20 20260601_1400 … ✗ swath overlaps bbox but all pixels cloud/land masked
  n20 20260601_1410 … ✗ swath overlaps bbox but all pixels cloud/land masked
  n20 20260601_1450 … ✗ swath overlaps bbox but all pixels cloud/land masked
  n20 20260601_1500 … ✗ swath overlaps bbox but all pixels cloud/land masked
  n20 20260601_1510 … ✗ swath overlaps bbox but all pixels cloud/land masked
  n20 20260601_1550 … ✗ swath overlaps bbox but all pixels cloud/land masked
  n20 20260601_1600 … ✗ swath overlaps bbox but all pixels cloud/land masked
  n20 20260601_1610 … ✗ swath overlaps bbox but all pixels cloud/land masked
  n20 20260601_1650 … ✗ swath overlaps bbox but all pixels cloud/land masked
  n20 20260601_1700 ✓ (cached)
  n20 20260601_1710 … ✗ swath overlaps bbox but all pixels cloud/land masked
  n20 20260601_1750 … ✗ swath overlaps bbox but all pixels cloud/land masked
  n20 20260601_1800 … ✗ swath overlaps bbox but all pixels cloud/land masked
  n20 20260601_1810 … ✗ swath overlaps bbox but all pixels cloud/land masked
  n20 20260601_1850 … ✗ swath overlaps bbox but all pixels cloud/land masked
  n20 20260601_1900 … ✗ swath overlaps bbox but all pixels cloud/land masked
  n20 20260601_1910 … ✗ swath overlaps bbox but all pixels cloud/land masked
  n20 20260601_1950 … ✗ swath overlaps bbox but all pixels cloud/land masked
  n20 20260601_2000 … ✗ swath overlaps bbox but all pixels cloud/land masked
  n20 20260601_2010 … ✗ swath overlaps bbox but all pixels cloud/land masked
  n20 20260601_2050 … ✗ swath overlaps bbox but all pixels cloud/land masked
  n20 20260601_2100 … ✗ swath overlaps bbox but all pixels cloud/land masked
  n20 20260601_2110 … ✗ swath overlaps bbox but all pixels cloud/land masked
  n20 20260601_2150 … ✗ swath overlaps bbox but all pixels cloud/land masked
  n20 20260601_2200 … ✗ swath overlaps bbox but all pixels cloud/land masked
  n20 20260601_2210 … ✗ swath overlaps bbox but all pixels cloud/land masked
  n20 20260601_2250 … ✗ swath overlaps bbox but all pixels cloud/land masked
  n20 20260601_2300 … ✗ swath overlaps bbox but all pixels cloud/land masked
  n20 20260601_2310 … ✗ swath overlaps bbox but all pixels cloud/land masked
  n20 20260601_2350 … ✗ swath overlaps bbox but all pixels cloud/land masked
  n20 20260602_0000 … ✗ swath overlaps bbox but all pixels cloud/land masked
  n20 20260602_0010 … ✗ swath overlaps bbox but all pixels cloud/land masked
  n20 20260602_0050 … ✗ swath overlaps bbox but all pixels cloud/land masked
  n20 20260602_0100 … ✗ swath overlaps bbox but all pixels cloud/land masked
  n20 20260602_0110 … ✗ swath overlaps bbox but all pixels cloud/land masked
  n20 20260602_0150 … ✗ swath overlaps bbox but all pixels cloud/land masked
  n20 20260602_0200 … ✗ swath overlaps bbox but all pixels cloud/land masked
  n20 20260602_0210 … ✗ swath overlaps bbox but all pixels cloud/land masked
  n20 20260602_0250 … ✗ swath overlaps bbox but all pixels cloud/land masked
  n20 20260602_0300 … ✗ swath overlaps bbox but all pixels cloud/land masked
  n20 20260602_0310 … ✗ swath overlaps bbox but all pixels cloud/land masked
  n20 20260602_0350 … ✗ swath overlaps bbox but all pixels cloud/land masked
  n20 20260602_0400 … ✗ swath overlaps bbox but all pixels cloud/land masked
  n20 20260602_0410 … ✗ swath overlaps bbox but all pixels cloud/land masked
  n20 20260602_0450 … ✗ swath overlaps bbox but all pixels cloud/land masked
  n20 20260602_0500 … ✗ swath overlaps bbox but all pixels cloud/land masked
  n20 20260602_0510 … ✗ swath overlaps bbox but all pixels cloud/land masked
  n20 20260602_0550 … ✗ swath overlaps bbox but all pixels cloud/land masked
  n20 20260602_0600 … ✗ swath overlaps bbox but all pixels cloud/land masked
  n20 20260602_0610 … ✗ swath overlaps bbox but all pixels cloud/land masked
  n20 20260602_0650 … ✗ swath overlaps bbox but all pixels cloud/land masked
  n20 20260602_0700 ✓ (cached)
  n20 20260602_0710 … ✗ swath overlaps bbox but all pixels cloud/land masked
  n20 20260602_0750 … ✗ swath overlaps bbox but all pixels cloud/land masked
  n20 20260602_0800 … ✗ swath overlaps bbox but all pixels cloud/land masked
  n20 20260602_0810 … ✗ swath overlaps bbox but all pixels cloud/land masked
  n20 20260602_0850 … ✗ swath overlaps bbox but all pixels cloud/land masked
  n20 20260602_0900 … ✗ swath overlaps bbox but all pixels cloud/land masked
  n20 20260602_0910 … ✗ swath overlaps bbox but all pixels cloud/land masked
  n20 20260602_0950 … ✗ swath overlaps bbox but all pixels cloud/land masked
  n20 20260602_1000 … ✗ swath overlaps bbox but all pixels cloud/land masked
  n20 20260602_1010 … ✗ swath overlaps bbox but all pixels cloud/land masked
  n20 20260602_1050 … ✗ swath overlaps bbox but all pixels cloud/land masked
  n20 20260602_1100 … ✗ swath overlaps bbox but all pixels cloud/land masked
  n20 20260602_1110 … ✗ swath overlaps bbox but all pixels cloud/land masked
  n20 20260602_1150 … ✗ swath overlaps bbox but all pixels cloud/land masked
  n20 20260602_1200 … ✗ swath overlaps bbox but all pixels cloud/land masked
  n20 20260602_1210 … ✗ swath overlaps bbox but all pixels cloud/land masked
  n20 20260602_1250 … ✗ swath overlaps bbox but all pixels cloud/land masked
  n20 20260602_1300 … ✗ swath overlaps bbox but all pixels cloud/land masked
  n20 20260602_1310 … ✗ swath overlaps bbox but all pixels cloud/land masked
  n20 20260602_1350 … ✗ swath overlaps bbox but all pixels cloud/land masked
  n20 20260602_1400 … ✗ swath overlaps bbox but all pixels cloud/land masked
  n20 20260602_1410 … ✗ swath overlaps bbox but all pixels cloud/land masked
  n20 20260602_1450 … ✗ swath overlaps bbox but all pixels cloud/land masked
  n20 20260602_1500 … ✗ swath overlaps bbox but all pixels cloud/land masked
  n20 20260602_1510 … ✗ swath overlaps bbox but all pixels cloud/land masked
  n20 20260602_1550 … ✗ swath overlaps bbox but all pixels cloud/land masked
  n20 20260602_1610 … ✗ swath overlaps bbox but all pixels cloud/land masked
  n20 20260602_1650 … ✗ swath overlaps bbox but all pixels cloud/land masked
  n20 20260602_1700 … ✗ swath overlaps bbox but all pixels cloud/land masked
  n20 20260602_1710 … ✗ swath overlaps bbox but all pixels cloud/land masked
  n20 20260602_1750 … ✗ swath overlaps bbox but all pixels cloud/land masked
  n20 20260602_1800 … ✗ swath overlaps bbox but all pixels cloud/land masked
  n20 20260602_1810 … ✗ swath overlaps bbox but all pixels cloud/land masked
  n20 20260602_1850 … ✗ swath overlaps bbox but all pixels cloud/land masked
  n20 20260602_1900 … ✗ swath overlaps bbox but all pixels cloud/land masked
  n20 20260602_1910 … ✗ swath overlaps bbox but all pixels cloud/land masked
  n20 20260602_1950 … ✗ swath overlaps bbox but all pixels cloud/land masked
  n20 20260602_2000 … ✗ swath overlaps bbox but all pixels cloud/land masked
  n20 20260602_2010 … ✗ swath overlaps bbox but all pixels cloud/land masked
  n20 20260602_2050 … ✗ swath overlaps bbox but all pixels cloud/land masked
  n20 20260602_2100 … ✗ swath overlaps bbox but all pixels cloud/land masked
  n20 20260602_2110 … ✗ swath overlaps bbox but all pixels cloud/land masked
  n20 20260602_2150 … ✗ swath overlaps bbox but all pixels cloud/land masked
  n20 20260602_2200 … ✗ swath overlaps bbox but all pixels cloud/land masked
  n20 20260602_2210 … ✗ swath overlaps bbox but all pixels cloud/land masked
  n20 20260602_2250 … ✗ swath overlaps bbox but all pixels cloud/land masked
  n20 20260602_2300 … ✗ swath overlaps bbox but all pixels cloud/land masked
  n20 20260602_2310 … ✗ swath overlaps bbox but all pixels cloud/land masked
  n20 20260602_2350 … ✗ swath overlaps bbox but all pixels cloud/land masked
  n20 20260603_0000 … ✗ swath overlaps bbox but all pixels cloud/land masked
  n20 20260603_0010 … ✗ swath overlaps bbox but all pixels cloud/land masked
  n20 20260603_0050 … ✗ swath overlaps bbox but all pixels cloud/land masked
  n20 20260603_0100 … ✗ swath overlaps bbox but all pixels cloud/land masked
  n20 20260603_0110 … ✗ swath overlaps bbox but all pixels cloud/land masked
  n20 20260603_0150 … ✗ swath overlaps bbox but all pixels cloud/land masked
  n20 20260603_0200 … ✗ swath overlaps bbox but all pixels cloud/land masked
  n20 20260603_0210 … ✗ swath overlaps bbox but all pixels cloud/land masked
  n20 20260603_0250 … ✗ swath overlaps bbox but all pixels cloud/land masked
  n20 20260603_0300 … ✗ swath overlaps bbox but all pixels cloud/land masked
  n20 20260603_0310 … ✗ swath overlaps bbox but all pixels cloud/land masked
  n20 20260603_0350 … ✗ swath overlaps bbox but all pixels cloud/land masked
  n20 20260603_0400 … ✗ swath overlaps bbox but all pixels cloud/land masked
  n20 20260603_0410 … ✗ swath overlaps bbox but all pixels cloud/land masked
  n20 20260603_0450 … ✗ swath overlaps bbox but all pixels cloud/land masked
  n20 20260603_0500 … ✗ swath overlaps bbox but all pixels cloud/land masked
  n20 20260603_0510 … ✗ swath overlaps bbox but all pixels cloud/land masked
  n20 20260603_0550 … ✗ swath overlaps bbox but all pixels cloud/land masked
  n20 20260603_0600 … ✗ swath overlaps bbox but all pixels cloud/land masked
  n20 20260603_0610 … ✗ swath overlaps bbox but all pixels cloud/land masked
  n20 20260603_0650 …   → DailySSTData/VIIRS/Passes/viirs_n20_20260603_0650.csv  (3290 pts, 70 lats × 183 lons)
  n20 20260603_0700 … ✗ swath overlaps bbox but all pixels cloud/land masked
  n20 20260603_0710 … ✗ swath overlaps bbox but all pixels cloud/land masked
  n20 20260603_0750 … ✗ swath overlaps bbox but all pixels cloud/land masked
  n20 20260603_0800 … ✗ swath overlaps bbox but all pixels cloud/land masked
  n20 20260603_0810 … ✗ swath overlaps bbox but all pixels cloud/land masked
  n20 20260603_0850 … ✗ swath overlaps bbox but all pixels cloud/land masked
  n20 20260603_0900 … ✗ swath overlaps bbox but all pixels cloud/land masked
  n20 20260603_0910 … ✗ swath overlaps bbox but all pixels cloud/land masked
  n20 20260603_0950 … ✗ swath overlaps bbox but all pixels cloud/land masked
  n20 20260603_1000 … ✗ swath overlaps bbox but all pixels cloud/land masked
  n20 20260603_1010 … ✗ swath overlaps bbox but all pixels cloud/land masked
  n20 20260603_1050 … ✗ swath overlaps bbox but all pixels cloud/land masked
  n20 20260603_1100 … ✗ swath overlaps bbox but all pixels cloud/land masked
  n20 20260603_1110 … ✗ swath overlaps bbox but all pixels cloud/land masked
  n21 20260601_1250 … ✗ swath overlaps bbox but all pixels cloud/land masked
  n21 20260601_1300 … ✗ swath overlaps bbox but all pixels cloud/land masked
  n21 20260601_1310 … ✗ swath overlaps bbox but all pixels cloud/land masked
  n21 20260601_1350 … ✗ swath overlaps bbox but all pixels cloud/land masked
  n21 20260601_1400 … ✗ swath overlaps bbox but all pixels cloud/land masked
  n21 20260601_1410 … ✗ swath overlaps bbox but all pixels cloud/land masked
  n21 20260601_1450 … ✗ swath overlaps bbox but all pixels cloud/land masked
  n21 20260601_1500 … ✗ swath overlaps bbox but all pixels cloud/land masked
  n21 20260601_1510 … ✗ swath overlaps bbox but all pixels cloud/land masked
  n21 20260601_1550 … ✗ swath overlaps bbox but all pixels cloud/land masked
  n21 20260601_1600 … ✗ swath overlaps bbox but all pixels cloud/land masked
  n21 20260601_1610 … ✗ swath overlaps bbox but all pixels cloud/land masked
  n21 20260601_1650 … ✗ swath overlaps bbox but all pixels cloud/land masked
  n21 20260601_1700 … ✗ swath overlaps bbox but all pixels cloud/land masked
  n21 20260601_1710 … ✗ swath overlaps bbox but all pixels cloud/land masked
  n21 20260601_1750 ✓ (cached)
  n21 20260601_1800 … ✗ swath overlaps bbox but all pixels cloud/land masked
  n21 20260601_1810 … ✗ swath overlaps bbox but all pixels cloud/land masked
  n21 20260601_1850 … ✗ swath overlaps bbox but all pixels cloud/land masked
  n21 20260601_1900 … ✗ swath overlaps bbox but all pixels cloud/land masked
  n21 20260601_1910 … ✗ swath overlaps bbox but all pixels cloud/land masked
  n21 20260601_1950 … ✗ swath overlaps bbox but all pixels cloud/land masked
  n21 20260601_2000 … ✗ swath overlaps bbox but all pixels cloud/land masked
  n21 20260601_2010 … ✗ swath overlaps bbox but all pixels cloud/land masked
  n21 20260601_2050 … ✗ swath overlaps bbox but all pixels cloud/land masked
  n21 20260601_2100 … ✗ swath overlaps bbox but all pixels cloud/land masked
  n21 20260601_2110 … ✗ swath overlaps bbox but all pixels cloud/land masked
  n21 20260601_2150 … ✗ swath overlaps bbox but all pixels cloud/land masked
  n21 20260601_2200 … ✗ swath overlaps bbox but all pixels cloud/land masked
  n21 20260601_2210 … ✗ swath overlaps bbox but all pixels cloud/land masked
  n21 20260601_2250 … ✗ swath overlaps bbox but all pixels cloud/land masked
  n21 20260601_2300 … ✗ swath overlaps bbox but all pixels cloud/land masked
  n21 20260601_2310 … ✗ swath overlaps bbox but all pixels cloud/land masked
  n21 20260601_2350 … ✗ swath overlaps bbox but all pixels cloud/land masked
  n21 20260602_0000 … ✗ swath overlaps bbox but all pixels cloud/land masked
  n21 20260602_0010 … ✗ swath overlaps bbox but all pixels cloud/land masked
  n21 20260602_0050 … ✗ swath overlaps bbox but all pixels cloud/land masked
  n21 20260602_0100 … ✗ swath overlaps bbox but all pixels cloud/land masked
  n21 20260602_0110 … ✗ swath overlaps bbox but all pixels cloud/land masked
  n21 20260602_0150 … ✗ swath overlaps bbox but all pixels cloud/land masked
  n21 20260602_0200 … ✗ swath overlaps bbox but all pixels cloud/land masked
  n21 20260602_0210 … ✗ swath overlaps bbox but all pixels cloud/land masked
  n21 20260602_0250 … ✗ swath overlaps bbox but all pixels cloud/land masked
  n21 20260602_0300 … ✗ swath overlaps bbox but all pixels cloud/land masked
  n21 20260602_0310 … ✗ swath overlaps bbox but all pixels cloud/land masked
  n21 20260602_0350 … ✗ swath overlaps bbox but all pixels cloud/land masked
  n21 20260602_0400 … ✗ swath overlaps bbox but all pixels cloud/land masked
  n21 20260602_0410 … ✗ swath overlaps bbox but all pixels cloud/land masked
  n21 20260602_0450 … ✗ swath overlaps bbox but all pixels cloud/land masked
  n21 20260602_0500 … ✗ swath overlaps bbox but all pixels cloud/land masked
  n21 20260602_0510 … ✗ swath overlaps bbox but all pixels cloud/land masked
  n21 20260602_0550 … ✗ swath overlaps bbox but all pixels cloud/land masked
  n21 20260602_0600 … ✗ swath overlaps bbox but all pixels cloud/land masked
  n21 20260602_0610 ✓ (cached)
  n21 20260602_0650 … ✗ swath overlaps bbox but all pixels cloud/land masked
  n21 20260602_0700 … ✗ swath overlaps bbox but all pixels cloud/land masked
  n21 20260602_0710 … ✗ swath overlaps bbox but all pixels cloud/land masked
  n21 20260602_0750 ✓ (cached)
  n21 20260602_0800 … ✗ swath overlaps bbox but all pixels cloud/land masked
  n21 20260602_0810 … ✗ swath overlaps bbox but all pixels cloud/land masked
  n21 20260602_0850 … ✗ swath overlaps bbox but all pixels cloud/land masked
  n21 20260602_0900 … ✗ swath overlaps bbox but all pixels cloud/land masked
  n21 20260602_0910 … ✗ swath overlaps bbox but all pixels cloud/land masked
  n21 20260602_0950 … ✗ swath overlaps bbox but all pixels cloud/land masked
  n21 20260602_1000 … ✗ swath overlaps bbox but all pixels cloud/land masked
  n21 20260602_1010 … ✗ swath overlaps bbox but all pixels cloud/land masked
  n21 20260602_1050 … ✗ swath overlaps bbox but all pixels cloud/land masked
  n21 20260602_1100 … ✗ swath overlaps bbox but all pixels cloud/land masked
  n21 20260602_1110 … ✗ swath overlaps bbox but all pixels cloud/land masked
  n21 20260602_1150 … ✗ swath overlaps bbox but all pixels cloud/land masked
  n21 20260602_1200 … ✗ swath overlaps bbox but all pixels cloud/land masked
  n21 20260602_1210 … ✗ swath overlaps bbox but all pixels cloud/land masked
  n21 20260602_1250 … ✗ swath overlaps bbox but all pixels cloud/land masked
  n21 20260602_1300 … ✗ swath overlaps bbox but all pixels cloud/land masked
  n21 20260602_1310 … ✗ swath overlaps bbox but all pixels cloud/land masked
  n21 20260602_1350 … ✗ swath overlaps bbox but all pixels cloud/land masked
  n21 20260602_1400 … ✗ swath overlaps bbox but all pixels cloud/land masked
  n21 20260602_1410 … ✗ swath overlaps bbox but all pixels cloud/land masked
  n21 20260602_1450 … ✗ swath overlaps bbox but all pixels cloud/land masked
  n21 20260602_1500 … ✗ swath overlaps bbox but all pixels cloud/land masked
  n21 20260602_1510 … ✗ swath overlaps bbox but all pixels cloud/land masked
  n21 20260602_1550 … ✗ swath overlaps bbox but all pixels cloud/land masked
  n21 20260602_1610 … ✗ swath overlaps bbox but all pixels cloud/land masked
  n21 20260602_1650 … ✗ swath overlaps bbox but all pixels cloud/land masked
  n21 20260602_1700 … ✗ swath overlaps bbox but all pixels cloud/land masked
  n21 20260602_1710 … ✗ swath overlaps bbox but all pixels cloud/land masked
  n21 20260602_1750 … ✗ swath overlaps bbox but all pixels cloud/land masked
  n21 20260602_1800 … ✗ swath overlaps bbox but all pixels cloud/land masked
  n21 20260602_1810 … ✗ swath overlaps bbox but all pixels cloud/land masked
  n21 20260602_1850 … ✗ swath overlaps bbox but all pixels cloud/land masked
  n21 20260602_1900 … ✗ swath overlaps bbox but all pixels cloud/land masked
  n21 20260602_1910 ✓ (cached)
  n21 20260602_1950 … ✗ swath overlaps bbox but all pixels cloud/land masked
  n21 20260602_2000 … ✗ swath overlaps bbox but all pixels cloud/land masked
  n21 20260602_2010 … ✗ swath overlaps bbox but all pixels cloud/land masked
  n21 20260602_2050 … ✗ swath overlaps bbox but all pixels cloud/land masked
  n21 20260602_2100 … ✗ swath overlaps bbox but all pixels cloud/land masked
  n21 20260602_2110 … ✗ swath overlaps bbox but all pixels cloud/land masked
  n21 20260602_2150 … ✗ swath overlaps bbox but all pixels cloud/land masked
  n21 20260602_2200 … ✗ swath overlaps bbox but all pixels cloud/land masked
  n21 20260602_2210 … ✗ swath overlaps bbox but all pixels cloud/land masked
  n21 20260602_2250 … ✗ swath overlaps bbox but all pixels cloud/land masked
  n21 20260602_2300 … ✗ swath overlaps bbox but all pixels cloud/land masked
  n21 20260602_2310 … ✗ swath overlaps bbox but all pixels cloud/land masked
  n21 20260602_2350 … ✗ swath overlaps bbox but all pixels cloud/land masked
  n21 20260603_0000 … ✗ swath overlaps bbox but all pixels cloud/land masked
  n21 20260603_0010 … ✗ swath overlaps bbox but all pixels cloud/land masked
  n21 20260603_0050 … ✗ swath overlaps bbox but all pixels cloud/land masked
  n21 20260603_0100 … ✗ swath overlaps bbox but all pixels cloud/land masked
  n21 20260603_0110 … ✗ swath overlaps bbox but all pixels cloud/land masked
  n21 20260603_0150 … ✗ swath overlaps bbox but all pixels cloud/land masked
  n21 20260603_0200 … ✗ swath overlaps bbox but all pixels cloud/land masked
  n21 20260603_0210 … ✗ swath overlaps bbox but all pixels cloud/land masked
  n21 20260603_0250 … ✗ swath overlaps bbox but all pixels cloud/land masked
  n21 20260603_0300 … ✗ swath overlaps bbox but all pixels cloud/land masked
  n21 20260603_0310 … ✗ swath overlaps bbox but all pixels cloud/land masked
  n21 20260603_0350 … ✗ swath overlaps bbox but all pixels cloud/land masked
  n21 20260603_0400 … ✗ swath overlaps bbox but all pixels cloud/land masked
  n21 20260603_0410 … ✗ swath overlaps bbox but all pixels cloud/land masked
  n21 20260603_0450 … ✗ swath overlaps bbox but all pixels cloud/land masked
  n21 20260603_0500 … ✗ swath overlaps bbox but all pixels cloud/land masked
  n21 20260603_0510 … ✗ swath overlaps bbox but all pixels cloud/land masked
  n21 20260603_0550 …   → DailySSTData/VIIRS/Passes/viirs_n21_20260603_0550.csv  (27303 pts, 248 lats × 309 lons)
  n21 20260603_0600 … ✗ swath overlaps bbox but all pixels cloud/land masked
  n21 20260603_0610 … ✗ swath overlaps bbox but all pixels cloud/land masked
  n21 20260603_0650 … ✗ swath overlaps bbox but all pixels cloud/land masked
  n21 20260603_0700 … ✗ swath overlaps bbox but all pixels cloud/land masked
  n21 20260603_0710 … ✗ swath overlaps bbox but all pixels cloud/land masked
  n21 20260603_0750 … ✗ swath overlaps bbox but all pixels cloud/land masked
  n21 20260603_0800 … ✗ swath overlaps bbox but all pixels cloud/land masked
  n21 20260603_0810 … ✗ swath overlaps bbox but all pixels cloud/land masked
  n21 20260603_0850 … ✗ swath overlaps bbox but all pixels cloud/land masked
  n21 20260603_0900 … ✗ swath overlaps bbox but all pixels cloud/land masked
  n21 20260603_0910 … ✗ swath overlaps bbox but all pixels cloud/land masked
  n21 20260603_0950 … ✗ swath overlaps bbox but all pixels cloud/land masked
  n21 20260603_1000 … ✗ swath overlaps bbox but all pixels cloud/land masked
  n21 20260603_1010 … ✗ swath overlaps bbox but all pixels cloud/land masked
  n21 20260603_1050 … ✗ swath overlaps bbox but all pixels cloud/land masked
  n21 20260603_1100 … ✗ swath overlaps bbox but all pixels cloud/land masked
  n21 20260603_1110 … ✗ swath overlaps bbox but all pixels cloud/land masked

  VIIRS summary: 2 written, 6 cached, 272 miss/cloud, 433 outside windows.

=========================================================
✓ Pipeline complete
=========================================================
