=========================================================
SST PIPELINE
  UTC  : 2026-06-25 11:48:38
  Bbox : 33.7–39.0°N  -78.89–-72.21°E
=========================================================

── MUR daily composite (last 5 days) ──
  MUR 20260624 (coastwatch.noaa.gov) … ✗ RuntimeError
  MUR 20260624 (coastwatch.pfeg.noaa.gov) … ✗ RuntimeError
  MUR 20260624 (upwell.pfeg.noaa.gov) … ✗ RuntimeError
  ✗ MUR 20260624 — all mirrors failed. Last: upwell.pfeg.noaa.gov: RuntimeError: 404 — no data for this date
  ✓ MUR 20260623 (cached)
  ✓ MUR 20260622 (cached)
  ✓ MUR 20260621 (cached)
  ✓ MUR 20260620 (cached)

── GOES-19 geo-polar blended daily composite ──
  Candidates: 4 (2 hosts × 2 dataset IDs)
  GOES 20260625 [noaa/noaacwBLENDEDsstDLDaily] … ✗ RuntimeError: 404 — no data for this date
  GOES 20260625 [noaa/noaacwBLENDEDsstDaily] … ✗ RuntimeError: 404 — no data for this date
  GOES 20260625 [pfeg/noaacwBLENDEDsstDLDaily] … ✗ RuntimeError: 404 — no data for this date
  GOES 20260625 [pfeg/noaacwBLENDEDsstDaily] … ✗ RuntimeError: 404 — no data for this date
  GOES 20260624 [noaa/noaacwBLENDEDsstDLDaily] … ✗ RuntimeError: 404 — no data for this date
  GOES 20260624 [noaa/noaacwBLENDEDsstDaily] … ✗ RuntimeError: 404 — no data for this date
  GOES 20260624 [pfeg/noaacwBLENDEDsstDLDaily] … ✗ RuntimeError: 404 — no data for this date
  GOES 20260624 [pfeg/noaacwBLENDEDsstDaily] … ✗ RuntimeError: 404 — no data for this date
  ✓ GOES composite 20260623 (cached)

── VIIRS multi-pass (last 48h — NPP/N20/N21) ──
  ✓ VIIRS NRT base: https://www.star.nesdis.noaa.gov/pub/socd2/coastwatch/sst/nrt/viirs
  Hourly windows : 48
  Window range   : 2026-06-23 11:50Z → 2026-06-25 11:10Z
  Half-width     : ±10 min per bucket
  npp 20260623_1150 … ✗ swath overlaps bbox but all pixels cloud/land masked
  npp 20260623_1200 … ✗ swath overlaps bbox but all pixels cloud/land masked
  npp 20260623_1210 … ✗ swath overlaps bbox but all pixels cloud/land masked
  npp 20260623_1250 … ✗ swath overlaps bbox but all pixels cloud/land masked
  npp 20260623_1300 … ✗ swath overlaps bbox but all pixels cloud/land masked
  npp 20260623_1310 … ✗ swath overlaps bbox but all pixels cloud/land masked
  npp 20260623_1350 … ✗ swath overlaps bbox but all pixels cloud/land masked
  npp 20260623_1400 … ✗ swath overlaps bbox but all pixels cloud/land masked
  npp 20260623_1410 … ✗ swath overlaps bbox but all pixels cloud/land masked
  npp 20260623_1450 … ✗ swath overlaps bbox but all pixels cloud/land masked
  npp 20260623_1500 … ✗ swath overlaps bbox but all pixels cloud/land masked
  npp 20260623_1510 … ✗ swath overlaps bbox but all pixels cloud/land masked
  npp 20260623_1550 … ✗ swath overlaps bbox but all pixels cloud/land masked
  npp 20260623_1600 … ✗ swath overlaps bbox but all pixels cloud/land masked
  npp 20260623_1610 … ✗ swath overlaps bbox but all pixels cloud/land masked
  npp 20260623_1650 … ✗ swath overlaps bbox but all pixels cloud/land masked
  npp 20260623_1700 … ✗ swath overlaps bbox but all pixels cloud/land masked
  npp 20260623_1710 … ✗ swath overlaps bbox but all pixels cloud/land masked
  npp 20260623_1750 … ✗ swath overlaps bbox but all pixels cloud/land masked
  npp 20260623_1800 … ✗ swath overlaps bbox but all pixels cloud/land masked
  npp 20260623_1810 ✓ (cached)
  npp 20260623_1850 … ✗ swath overlaps bbox but all pixels cloud/land masked
  npp 20260623_1900 … ✗ swath overlaps bbox but all pixels cloud/land masked
  npp 20260623_1910 … ✗ swath overlaps bbox but all pixels cloud/land masked
  npp 20260623_1950 … ✗ swath overlaps bbox but all pixels cloud/land masked
  npp 20260623_2000 … ✗ swath overlaps bbox but all pixels cloud/land masked
  npp 20260623_2010 … ✗ swath overlaps bbox but all pixels cloud/land masked
  npp 20260623_2050 … ✗ swath overlaps bbox but all pixels cloud/land masked
  npp 20260623_2100 … ✗ swath overlaps bbox but all pixels cloud/land masked
  npp 20260623_2110 … ✗ swath overlaps bbox but all pixels cloud/land masked
  npp 20260623_2150 … ✗ swath overlaps bbox but all pixels cloud/land masked
  npp 20260623_2200 … ✗ swath overlaps bbox but all pixels cloud/land masked
  npp 20260623_2210 … ✗ swath overlaps bbox but all pixels cloud/land masked
  npp 20260623_2250 … ✗ swath overlaps bbox but all pixels cloud/land masked
  npp 20260623_2300 … ✗ swath overlaps bbox but all pixels cloud/land masked
  npp 20260623_2310 … ✗ swath overlaps bbox but all pixels cloud/land masked
  npp 20260623_2350 … ✗ swath overlaps bbox but all pixels cloud/land masked
  npp 20260624_0000 … ✗ swath overlaps bbox but all pixels cloud/land masked
  npp 20260624_0010 … ✗ swath overlaps bbox but all pixels cloud/land masked
  npp 20260624_0050 … ✗ swath overlaps bbox but all pixels cloud/land masked
  npp 20260624_0100 … ✗ swath overlaps bbox but all pixels cloud/land masked
  npp 20260624_0110 … ✗ swath overlaps bbox but all pixels cloud/land masked
  npp 20260624_0150 … ✗ swath overlaps bbox but all pixels cloud/land masked
  npp 20260624_0200 … ✗ swath overlaps bbox but all pixels cloud/land masked
  npp 20260624_0210 … ✗ swath overlaps bbox but all pixels cloud/land masked
  npp 20260624_0250 … ✗ swath overlaps bbox but all pixels cloud/land masked
  npp 20260624_0300 … ✗ swath overlaps bbox but all pixels cloud/land masked
  npp 20260624_0310 … ✗ swath overlaps bbox but all pixels cloud/land masked
  npp 20260624_0350 … ✗ swath overlaps bbox but all pixels cloud/land masked
  npp 20260624_0400 … ✗ swath overlaps bbox but all pixels cloud/land masked
  npp 20260624_0410 … ✗ swath overlaps bbox but all pixels cloud/land masked
  npp 20260624_0450 … ✗ swath overlaps bbox but all pixels cloud/land masked
  npp 20260624_0500 … ✗ swath overlaps bbox but all pixels cloud/land masked
  npp 20260624_0510 … ✗ swath overlaps bbox but all pixels cloud/land masked
  npp 20260624_0550 … ✗ swath overlaps bbox but all pixels cloud/land masked
  npp 20260624_0600 … ✗ swath overlaps bbox but all pixels cloud/land masked
  npp 20260624_0610 … ✗ swath overlaps bbox but all pixels cloud/land masked
  npp 20260624_0650 … ✗ swath overlaps bbox but all pixels cloud/land masked
  npp 20260624_0700 … ✗ swath overlaps bbox but all pixels cloud/land masked
  npp 20260624_0710 … ✗ swath overlaps bbox but all pixels cloud/land masked
  npp 20260624_0750 … ✗ swath overlaps bbox but all pixels cloud/land masked
  npp 20260624_0800 … ✗ swath overlaps bbox but all pixels cloud/land masked
  npp 20260624_0810 ✓ (cached)
  npp 20260624_0850 … ✗ swath overlaps bbox but all pixels cloud/land masked
  npp 20260624_0900 … ✗ swath overlaps bbox but all pixels cloud/land masked
  npp 20260624_0910 … ✗ swath overlaps bbox but all pixels cloud/land masked
  npp 20260624_0950 … ✗ swath overlaps bbox but all pixels cloud/land masked
  npp 20260624_1000 … ✗ swath overlaps bbox but all pixels cloud/land masked
  npp 20260624_1010 … ✗ swath overlaps bbox but all pixels cloud/land masked
  npp 20260624_1050 … ✗ swath overlaps bbox but all pixels cloud/land masked
  npp 20260624_1100 … ✗ swath overlaps bbox but all pixels cloud/land masked
  npp 20260624_1110 … ✗ swath overlaps bbox but all pixels cloud/land masked
  npp 20260624_1150 … ✗ swath overlaps bbox but all pixels cloud/land masked
  npp 20260624_1200 … ✗ swath overlaps bbox but all pixels cloud/land masked
  npp 20260624_1210 … ✗ swath overlaps bbox but all pixels cloud/land masked
  npp 20260624_1250 … ✗ swath overlaps bbox but all pixels cloud/land masked
  npp 20260624_1300 … ✗ swath overlaps bbox but all pixels cloud/land masked
  npp 20260624_1310 … ✗ swath overlaps bbox but all pixels cloud/land masked
  npp 20260624_1350 … ✗ swath overlaps bbox but all pixels cloud/land masked
  npp 20260624_1400 … ✗ swath overlaps bbox but all pixels cloud/land masked
  npp 20260624_1410 … ✗ swath overlaps bbox but all pixels cloud/land masked
  npp 20260624_1450 … ✗ swath overlaps bbox but all pixels cloud/land masked
  npp 20260624_1500 … ✗ swath overlaps bbox but all pixels cloud/land masked
  npp 20260624_1510 … ✗ swath overlaps bbox but all pixels cloud/land masked
  npp 20260624_1550 … ✗ swath overlaps bbox but all pixels cloud/land masked
  npp 20260624_1600 … ✗ swath overlaps bbox but all pixels cloud/land masked
  npp 20260624_1610 … ✗ swath overlaps bbox but all pixels cloud/land masked
  npp 20260624_1650 … ✗ swath overlaps bbox but all pixels cloud/land masked
  npp 20260624_1700 … ✗ swath overlaps bbox but all pixels cloud/land masked
  npp 20260624_1710 … ✗ swath overlaps bbox but all pixels cloud/land masked
  npp 20260624_1750 ✓ (cached)
  npp 20260624_1800 … ✗ swath overlaps bbox but all pixels cloud/land masked
  npp 20260624_1810 … ✗ swath overlaps bbox but all pixels cloud/land masked
  npp 20260624_1850 … ✗ swath overlaps bbox but all pixels cloud/land masked
  npp 20260624_1900 … ✗ swath overlaps bbox but all pixels cloud/land masked
  npp 20260624_1910 … ✗ swath overlaps bbox but all pixels cloud/land masked
  npp 20260624_1950 … ✗ swath overlaps bbox but all pixels cloud/land masked
  npp 20260624_2000 … ✗ swath overlaps bbox but all pixels cloud/land masked
  npp 20260624_2010 … ✗ swath overlaps bbox but all pixels cloud/land masked
  npp 20260624_2050 … ✗ swath overlaps bbox but all pixels cloud/land masked
  npp 20260624_2100 … ✗ swath overlaps bbox but all pixels cloud/land masked
  npp 20260624_2110 … ✗ swath overlaps bbox but all pixels cloud/land masked
  npp 20260624_2150 … ✗ swath overlaps bbox but all pixels cloud/land masked
  npp 20260624_2200 … ✗ swath overlaps bbox but all pixels cloud/land masked
  npp 20260624_2210 … ✗ swath overlaps bbox but all pixels cloud/land masked
  npp 20260624_2250 … ✗ swath overlaps bbox but all pixels cloud/land masked
  npp 20260624_2300 … ✗ swath overlaps bbox but all pixels cloud/land masked
  npp 20260624_2310 … ✗ swath overlaps bbox but all pixels cloud/land masked
  npp 20260624_2350 … ✗ swath overlaps bbox but all pixels cloud/land masked
  npp 20260625_0000 … ✗ swath overlaps bbox but all pixels cloud/land masked
  npp 20260625_0010 … ✗ swath overlaps bbox but all pixels cloud/land masked
  npp 20260625_0050 … ✗ swath overlaps bbox but all pixels cloud/land masked
  npp 20260625_0100 … ✗ swath overlaps bbox but all pixels cloud/land masked
  npp 20260625_0110 … ✗ swath overlaps bbox but all pixels cloud/land masked
  npp 20260625_0150 … ✗ swath overlaps bbox but all pixels cloud/land masked
  npp 20260625_0200 … ✗ swath overlaps bbox but all pixels cloud/land masked
  npp 20260625_0210 … ✗ swath overlaps bbox but all pixels cloud/land masked
  npp 20260625_0250 … ✗ swath overlaps bbox but all pixels cloud/land masked
  npp 20260625_0300 … ✗ swath overlaps bbox but all pixels cloud/land masked
  npp 20260625_0310 … ✗ swath overlaps bbox but all pixels cloud/land masked
  npp 20260625_0350 … ✗ swath overlaps bbox but all pixels cloud/land masked
  npp 20260625_0400 … ✗ swath overlaps bbox but all pixels cloud/land masked
  npp 20260625_0410 … ✗ swath overlaps bbox but all pixels cloud/land masked
  npp 20260625_0450 … ✗ swath overlaps bbox but all pixels cloud/land masked
  npp 20260625_0500 … ✗ swath overlaps bbox but all pixels cloud/land masked
  npp 20260625_0510 … ✗ swath overlaps bbox but all pixels cloud/land masked
  npp 20260625_0550 … ✗ swath overlaps bbox but all pixels cloud/land masked
  npp 20260625_0600 … ✗ swath overlaps bbox but all pixels cloud/land masked
  npp 20260625_0610 ✓ (cached)
  npp 20260625_0650 … ✗ swath overlaps bbox but all pixels cloud/land masked
  npp 20260625_0700 … ✗ swath overlaps bbox but all pixels cloud/land masked
  npp 20260625_0710 … ✗ swath overlaps bbox but all pixels cloud/land masked
  npp 20260625_0750 …   → DailySSTData/VIIRS/Passes/viirs_npp_20260625_0750.csv  (29558 pts, 257 lats × 267 lons)
  npp 20260625_0800 …   → DailySSTData/VIIRS/Passes/viirs_npp_20260625_0800.csv  (2717 pts, 39 lats × 141 lons)
  npp 20260625_0810 … ✗ swath overlaps bbox but all pixels cloud/land masked
  npp 20260625_0850 … ✗ swath overlaps bbox but all pixels cloud/land masked
  npp 20260625_0900 … ✗ swath overlaps bbox but all pixels cloud/land masked
  npp 20260625_1000 … ✗ swath overlaps bbox but all pixels cloud/land masked
  n20 20260623_1150 … ✗ swath overlaps bbox but all pixels cloud/land masked
  n20 20260623_1200 … ✗ swath overlaps bbox but all pixels cloud/land masked
  n20 20260623_1210 … ✗ swath overlaps bbox but all pixels cloud/land masked
  n20 20260623_1250 … ✗ swath overlaps bbox but all pixels cloud/land masked
  n20 20260623_1300 … ✗ swath overlaps bbox but all pixels cloud/land masked
  n20 20260623_1310 … ✗ swath overlaps bbox but all pixels cloud/land masked
  n20 20260623_1350 … ✗ swath overlaps bbox but all pixels cloud/land masked
  n20 20260623_1400 … ✗ swath overlaps bbox but all pixels cloud/land masked
  n20 20260623_1410 … ✗ swath overlaps bbox but all pixels cloud/land masked
  n20 20260623_1450 … ✗ swath overlaps bbox but all pixels cloud/land masked
  n20 20260623_1500 … ✗ swath overlaps bbox but all pixels cloud/land masked
  n20 20260623_1510 … ✗ swath overlaps bbox but all pixels cloud/land masked
  n20 20260623_1550 … ✗ swath overlaps bbox but all pixels cloud/land masked
  n20 20260623_1600 … ✗ swath overlaps bbox but all pixels cloud/land masked
  n20 20260623_1610 … ✗ swath overlaps bbox but all pixels cloud/land masked
  n20 20260623_1650 ✓ (cached)
  n20 20260623_1700 … ✗ swath overlaps bbox but all pixels cloud/land masked
  n20 20260623_1710 … ✗ swath overlaps bbox but all pixels cloud/land masked
  n20 20260623_1750 … ✗ swath overlaps bbox but all pixels cloud/land masked
  n20 20260623_1800 … ✗ swath overlaps bbox but all pixels cloud/land masked
  n20 20260623_1810 … ✗ swath overlaps bbox but all pixels cloud/land masked
  n20 20260623_1850 … ✗ swath overlaps bbox but all pixels cloud/land masked
  n20 20260623_1900 … ✗ swath overlaps bbox but all pixels cloud/land masked
  n20 20260623_1910 … ✗ swath overlaps bbox but all pixels cloud/land masked
  n20 20260623_1950 … ✗ swath overlaps bbox but all pixels cloud/land masked
  n20 20260623_2000 … ✗ swath overlaps bbox but all pixels cloud/land masked
  n20 20260623_2010 … ✗ swath overlaps bbox but all pixels cloud/land masked
  n20 20260623_2050 … ✗ swath overlaps bbox but all pixels cloud/land masked
  n20 20260623_2100 … ✗ swath overlaps bbox but all pixels cloud/land masked
  n20 20260623_2110 … ✗ swath overlaps bbox but all pixels cloud/land masked
  n20 20260623_2150 … ✗ swath overlaps bbox but all pixels cloud/land masked
  n20 20260623_2200 … ✗ swath overlaps bbox but all pixels cloud/land masked
  n20 20260623_2210 … ✗ swath overlaps bbox but all pixels cloud/land masked
  n20 20260623_2250 … ✗ swath overlaps bbox but all pixels cloud/land masked
  n20 20260623_2300 … ✗ swath overlaps bbox but all pixels cloud/land masked
  n20 20260623_2310 … ✗ swath overlaps bbox but all pixels cloud/land masked
  n20 20260623_2350 … ✗ swath overlaps bbox but all pixels cloud/land masked
  n20 20260624_0000 … ✗ swath overlaps bbox but all pixels cloud/land masked
  n20 20260624_0010 … ✗ swath overlaps bbox but all pixels cloud/land masked
  n20 20260624_0050 … ✗ swath overlaps bbox but all pixels cloud/land masked
  n20 20260624_0100 … ✗ swath overlaps bbox but all pixels cloud/land masked
  n20 20260624_0110 … ✗ swath overlaps bbox but all pixels cloud/land masked
  n20 20260624_0150 … ✗ swath overlaps bbox but all pixels cloud/land masked
  n20 20260624_0200 … ✗ swath overlaps bbox but all pixels cloud/land masked
  n20 20260624_0210 … ✗ swath overlaps bbox but all pixels cloud/land masked
  n20 20260624_0250 … ✗ swath overlaps bbox but all pixels cloud/land masked
  n20 20260624_0300 … ✗ swath overlaps bbox but all pixels cloud/land masked
  n20 20260624_0310 … ✗ swath overlaps bbox but all pixels cloud/land masked
  n20 20260624_0350 … ✗ swath overlaps bbox but all pixels cloud/land masked
  n20 20260624_0400 … ✗ swath overlaps bbox but all pixels cloud/land masked
  n20 20260624_0410 … ✗ swath overlaps bbox but all pixels cloud/land masked
  n20 20260624_0450 … ✗ swath overlaps bbox but all pixels cloud/land masked
  n20 20260624_0500 … ✗ swath overlaps bbox but all pixels cloud/land masked
  n20 20260624_0510 … ✗ swath overlaps bbox but all pixels cloud/land masked
  n20 20260624_0550 … ✗ swath overlaps bbox but all pixels cloud/land masked
  n20 20260624_0600 … ✗ swath overlaps bbox but all pixels cloud/land masked
  n20 20260624_0610 … ✗ swath overlaps bbox but all pixels cloud/land masked
  n20 20260624_0650 ✓ (cached)
  n20 20260624_0700 … ✗ swath overlaps bbox but all pixels cloud/land masked
  n20 20260624_0710 … ✗ swath overlaps bbox but all pixels cloud/land masked
  n20 20260624_0750 … ✗ swath overlaps bbox but all pixels cloud/land masked
  n20 20260624_0800 … ✗ swath overlaps bbox but all pixels cloud/land masked
  n20 20260624_0810 … ✗ swath overlaps bbox but all pixels cloud/land masked
  n20 20260624_0850 … ✗ swath overlaps bbox but all pixels cloud/land masked
  n20 20260624_0900 … ✗ swath overlaps bbox but all pixels cloud/land masked
  n20 20260624_0910 … ✗ swath overlaps bbox but all pixels cloud/land masked
  n20 20260624_0950 … ✗ swath overlaps bbox but all pixels cloud/land masked
  n20 20260624_1000 … ✗ swath overlaps bbox but all pixels cloud/land masked
  n20 20260624_1010 … ✗ swath overlaps bbox but all pixels cloud/land masked
  n20 20260624_1050 … ✗ swath overlaps bbox but all pixels cloud/land masked
  n20 20260624_1100 … ✗ swath overlaps bbox but all pixels cloud/land masked
  n20 20260624_1110 … ✗ swath overlaps bbox but all pixels cloud/land masked
  n20 20260624_1150 … ✗ swath overlaps bbox but all pixels cloud/land masked
  n20 20260624_1200 … ✗ swath overlaps bbox but all pixels cloud/land masked
  n20 20260624_1210 … ✗ swath overlaps bbox but all pixels cloud/land masked
  n20 20260624_1250 … ✗ swath overlaps bbox but all pixels cloud/land masked
  n20 20260624_1300 … ✗ swath overlaps bbox but all pixels cloud/land masked
  n20 20260624_1310 … ✗ swath overlaps bbox but all pixels cloud/land masked
  n20 20260624_1350 … ✗ swath overlaps bbox but all pixels cloud/land masked
  n20 20260624_1400 … ✗ swath overlaps bbox but all pixels cloud/land masked
  n20 20260624_1410 … ✗ swath overlaps bbox but all pixels cloud/land masked
  n20 20260624_1450 … ✗ swath overlaps bbox but all pixels cloud/land masked
  n20 20260624_1500 … ✗ swath overlaps bbox but all pixels cloud/land masked
  n20 20260624_1510 … ✗ swath overlaps bbox but all pixels cloud/land masked
  n20 20260624_1550 … ✗ swath overlaps bbox but all pixels cloud/land masked
  n20 20260624_1600 … ✗ swath overlaps bbox but all pixels cloud/land masked
  n20 20260624_1610 … ✗ swath overlaps bbox but all pixels cloud/land masked
  n20 20260624_1650 … ✗ swath overlaps bbox but all pixels cloud/land masked
  n20 20260624_1700 … ✗ swath overlaps bbox but all pixels cloud/land masked
  n20 20260624_1710 … ✗ swath overlaps bbox but all pixels cloud/land masked
  n20 20260624_1750 … ✗ swath overlaps bbox but all pixels cloud/land masked
  n20 20260624_1800 … ✗ swath overlaps bbox but all pixels cloud/land masked
  n20 20260624_1810 ✓ (cached)
  n20 20260624_1850 … ✗ swath overlaps bbox but all pixels cloud/land masked
  n20 20260624_1900 … ✗ swath overlaps bbox but all pixels cloud/land masked
  n20 20260624_1910 … ✗ swath overlaps bbox but all pixels cloud/land masked
  n20 20260624_1950 … ✗ swath overlaps bbox but all pixels cloud/land masked
  n20 20260624_2000 … ✗ swath overlaps bbox but all pixels cloud/land masked
  n20 20260624_2010 … ✗ swath overlaps bbox but all pixels cloud/land masked
  n20 20260624_2050 … ✗ swath overlaps bbox but all pixels cloud/land masked
  n20 20260624_2100 … ✗ swath overlaps bbox but all pixels cloud/land masked
  n20 20260624_2110 … ✗ swath overlaps bbox but all pixels cloud/land masked
  n20 20260624_2150 … ✗ swath overlaps bbox but all pixels cloud/land masked
  n20 20260624_2200 … ✗ swath overlaps bbox but all pixels cloud/land masked
  n20 20260624_2210 … ✗ swath overlaps bbox but all pixels cloud/land masked
  n20 20260624_2250 … ✗ swath overlaps bbox but all pixels cloud/land masked
  n20 20260624_2300 … ✗ swath overlaps bbox but all pixels cloud/land masked
  n20 20260624_2310 … ✗ swath overlaps bbox but all pixels cloud/land masked
  n20 20260624_2350 … ✗ swath overlaps bbox but all pixels cloud/land masked
  n20 20260625_0000 … ✗ swath overlaps bbox but all pixels cloud/land masked
  n20 20260625_0010 … ✗ swath overlaps bbox but all pixels cloud/land masked
  n20 20260625_0050 … ✗ swath overlaps bbox but all pixels cloud/land masked
  n20 20260625_0100 … ✗ swath overlaps bbox but all pixels cloud/land masked
  n20 20260625_0110 … ✗ swath overlaps bbox but all pixels cloud/land masked
  n20 20260625_0150 … ✗ swath overlaps bbox but all pixels cloud/land masked
  n20 20260625_0200 … ✗ swath overlaps bbox but all pixels cloud/land masked
  n20 20260625_0210 … ✗ swath overlaps bbox but all pixels cloud/land masked
  n20 20260625_0250 … ✗ swath overlaps bbox but all pixels cloud/land masked
  n20 20260625_0300 … ✗ swath overlaps bbox but all pixels cloud/land masked
  n20 20260625_0310 … ✗ swath overlaps bbox but all pixels cloud/land masked
  n20 20260625_0350 … ✗ swath overlaps bbox but all pixels cloud/land masked
  n20 20260625_0400 … ✗ swath overlaps bbox but all pixels cloud/land masked
  n20 20260625_0410 … ✗ swath overlaps bbox but all pixels cloud/land masked
  n20 20260625_0450 … ✗ swath overlaps bbox but all pixels cloud/land masked
  n20 20260625_0500 … ✗ swath overlaps bbox but all pixels cloud/land masked
  n20 20260625_0510 … ✗ swath overlaps bbox but all pixels cloud/land masked
  n20 20260625_0550 … ✗ swath overlaps bbox but all pixels cloud/land masked
  n20 20260625_0600 … ✗ swath overlaps bbox but all pixels cloud/land masked
  n20 20260625_0610 … ✗ swath overlaps bbox but all pixels cloud/land masked
  n20 20260625_0650 … ✗ swath overlaps bbox but all pixels cloud/land masked
  n20 20260625_0700 … ✗ swath overlaps bbox but all pixels cloud/land masked
  n20 20260625_0710 … ✗ swath overlaps bbox but all pixels cloud/land masked
  n20 20260625_0750 … ✗ swath overlaps bbox but all pixels cloud/land masked
  n20 20260625_0800 … ✗ swath overlaps bbox but all pixels cloud/land masked
  n20 20260625_0810 … ✗ swath overlaps bbox but all pixels cloud/land masked
  n20 20260625_0850 … ✗ swath overlaps bbox but all pixels cloud/land masked
  n20 20260625_0900 … ✗ swath overlaps bbox but all pixels cloud/land masked
  n20 20260625_0910 … ✗ swath overlaps bbox but all pixels cloud/land masked
  n20 20260625_0950 … ✗ swath overlaps bbox but all pixels cloud/land masked
  n20 20260625_1000 … ✗ swath overlaps bbox but all pixels cloud/land masked
  n20 20260625_1010 … ✗ swath overlaps bbox but all pixels cloud/land masked
  n20 20260625_1100 … ✗ swath overlaps bbox but all pixels cloud/land masked
  n20 20260625_1110 … ✗ swath overlaps bbox but all pixels cloud/land masked
  n21 20260623_1150 … ✗ swath overlaps bbox but all pixels cloud/land masked
  n21 20260623_1200 … ✗ swath overlaps bbox but all pixels cloud/land masked
  n21 20260623_1210 … ✗ swath overlaps bbox but all pixels cloud/land masked
  n21 20260623_1250 … ✗ swath overlaps bbox but all pixels cloud/land masked
  n21 20260623_1300 … ✗ swath overlaps bbox but all pixels cloud/land masked
  n21 20260623_1310 … ✗ swath overlaps bbox but all pixels cloud/land masked
  n21 20260623_1350 … ✗ swath overlaps bbox but all pixels cloud/land masked
  n21 20260623_1400 … ✗ swath overlaps bbox but all pixels cloud/land masked
  n21 20260623_1410 … ✗ swath overlaps bbox but all pixels cloud/land masked
  n21 20260623_1450 … ✗ swath overlaps bbox but all pixels cloud/land masked
  n21 20260623_1500 … ✗ swath overlaps bbox but all pixels cloud/land masked
  n21 20260623_1510 … ✗ swath overlaps bbox but all pixels cloud/land masked
  n21 20260623_1550 … ✗ swath overlaps bbox but all pixels cloud/land masked
  n21 20260623_1600 … ✗ swath overlaps bbox but all pixels cloud/land masked
  n21 20260623_1610 … ✗ swath overlaps bbox but all pixels cloud/land masked
  n21 20260623_1650 … ✗ swath overlaps bbox but all pixels cloud/land masked
  n21 20260623_1700 … ✗ swath overlaps bbox but all pixels cloud/land masked
  n21 20260623_1710 … ✗ swath overlaps bbox but all pixels cloud/land masked
  n21 20260623_1750 … ✗ swath overlaps bbox but all pixels cloud/land masked
  n21 20260623_1800 … ✗ swath overlaps bbox but all pixels cloud/land masked
  n21 20260623_1810 … ✗ swath overlaps bbox but all pixels cloud/land masked
  n21 20260623_1850 … ✗ swath overlaps bbox but all pixels cloud/land masked
  n21 20260623_1900 … ✗ swath overlaps bbox but all pixels cloud/land masked
  n21 20260623_1910 … ✗ swath overlaps bbox but all pixels cloud/land masked
  n21 20260623_1950 … ✗ swath overlaps bbox but all pixels cloud/land masked
  n21 20260623_2000 … ✗ swath overlaps bbox but all pixels cloud/land masked
  n21 20260623_2010 … ✗ swath overlaps bbox but all pixels cloud/land masked
  n21 20260623_2050 … ✗ swath overlaps bbox but all pixels cloud/land masked
  n21 20260623_2100 … ✗ swath overlaps bbox but all pixels cloud/land masked
  n21 20260623_2110 … ✗ swath overlaps bbox but all pixels cloud/land masked
  n21 20260623_2150 … ✗ swath overlaps bbox but all pixels cloud/land masked
  n21 20260623_2200 … ✗ swath overlaps bbox but all pixels cloud/land masked
  n21 20260623_2210 … ✗ swath overlaps bbox but all pixels cloud/land masked
  n21 20260623_2250 … ✗ swath overlaps bbox but all pixels cloud/land masked
  n21 20260623_2300 … ✗ swath overlaps bbox but all pixels cloud/land masked
  n21 20260623_2310 … ✗ swath overlaps bbox but all pixels cloud/land masked
  n21 20260623_2350 … ✗ swath overlaps bbox but all pixels cloud/land masked
  n21 20260624_0000 … ✗ swath overlaps bbox but all pixels cloud/land masked
  n21 20260624_0010 … ✗ swath overlaps bbox but all pixels cloud/land masked
  n21 20260624_0050 … ✗ swath overlaps bbox but all pixels cloud/land masked
  n21 20260624_0100 … ✗ swath overlaps bbox but all pixels cloud/land masked
  n21 20260624_0110 … ✗ swath overlaps bbox but all pixels cloud/land masked
  n21 20260624_0150 … ✗ swath overlaps bbox but all pixels cloud/land masked
  n21 20260624_0200 … ✗ swath overlaps bbox but all pixels cloud/land masked
  n21 20260624_0210 … ✗ swath overlaps bbox but all pixels cloud/land masked
  n21 20260624_0250 … ✗ swath overlaps bbox but all pixels cloud/land masked
  n21 20260624_0300 … ✗ swath overlaps bbox but all pixels cloud/land masked
  n21 20260624_0310 … ✗ swath overlaps bbox but all pixels cloud/land masked
  n21 20260624_0350 … ✗ swath overlaps bbox but all pixels cloud/land masked
  n21 20260624_0400 … ✗ swath overlaps bbox but all pixels cloud/land masked
  n21 20260624_0410 … ✗ swath overlaps bbox but all pixels cloud/land masked
  n21 20260624_0450 … ✗ swath overlaps bbox but all pixels cloud/land masked
  n21 20260624_0500 … ✗ swath overlaps bbox but all pixels cloud/land masked
  n21 20260624_0510 … ✗ swath overlaps bbox but all pixels cloud/land masked
  n21 20260624_0550 … ✗ swath overlaps bbox but all pixels cloud/land masked
  n21 20260624_0600 ✓ (cached)
  n21 20260624_0610 … ✗ swath overlaps bbox but all pixels cloud/land masked
  n21 20260624_0650 … ✗ swath overlaps bbox but all pixels cloud/land masked
  n21 20260624_0700 … ✗ swath overlaps bbox but all pixels cloud/land masked
  n21 20260624_0710 … ✗ swath overlaps bbox but all pixels cloud/land masked
  n21 20260624_0750 … ✗ swath overlaps bbox but all pixels cloud/land masked
  n21 20260624_0800 … ✗ swath overlaps bbox but all pixels cloud/land masked
  n21 20260624_0810 … ✗ swath overlaps bbox but all pixels cloud/land masked
  n21 20260624_0850 … ✗ swath overlaps bbox but all pixels cloud/land masked
  n21 20260624_0900 … ✗ swath overlaps bbox but all pixels cloud/land masked
  n21 20260624_0910 … ✗ swath overlaps bbox but all pixels cloud/land masked
  n21 20260624_0950 … ✗ swath overlaps bbox but all pixels cloud/land masked
  n21 20260624_1000 … ✗ swath overlaps bbox but all pixels cloud/land masked
  n21 20260624_1010 … ✗ swath overlaps bbox but all pixels cloud/land masked
  n21 20260624_1050 … ✗ swath overlaps bbox but all pixels cloud/land masked
  n21 20260624_1100 … ✗ swath overlaps bbox but all pixels cloud/land masked
  n21 20260624_1110 … ✗ swath overlaps bbox but all pixels cloud/land masked
  n21 20260624_1150 … ✗ swath overlaps bbox but all pixels cloud/land masked
  n21 20260624_1200 … ✗ swath overlaps bbox but all pixels cloud/land masked
  n21 20260624_1210 … ✗ swath overlaps bbox but all pixels cloud/land masked
  n21 20260624_1250 … ✗ swath overlaps bbox but all pixels cloud/land masked
  n21 20260624_1300 … ✗ swath overlaps bbox but all pixels cloud/land masked
  n21 20260624_1310 … ✗ swath overlaps bbox but all pixels cloud/land masked
  n21 20260624_1350 … ✗ swath overlaps bbox but all pixels cloud/land masked
  n21 20260624_1400 … ✗ swath overlaps bbox but all pixels cloud/land masked
  n21 20260624_1410 … ✗ swath overlaps bbox but all pixels cloud/land masked
  n21 20260624_1450 … ✗ swath overlaps bbox but all pixels cloud/land masked
  n21 20260624_1500 … ✗ swath overlaps bbox but all pixels cloud/land masked
  n21 20260624_1510 … ✗ swath overlaps bbox but all pixels cloud/land masked
  n21 20260624_1550 … ✗ swath overlaps bbox but all pixels cloud/land masked
  n21 20260624_1600 … ✗ swath overlaps bbox but all pixels cloud/land masked
  n21 20260624_1610 … ✗ swath overlaps bbox but all pixels cloud/land masked
  n21 20260624_1650 … ✗ swath overlaps bbox but all pixels cloud/land masked
  n21 20260624_1700 … ✗ swath overlaps bbox but all pixels cloud/land masked
  n21 20260624_1710 … ✗ swath overlaps bbox but all pixels cloud/land masked
  n21 20260624_1750 … ✗ swath overlaps bbox but all pixels cloud/land masked
  n21 20260624_1800 … ✗ swath overlaps bbox but all pixels cloud/land masked
  n21 20260624_1810 … ✗ swath overlaps bbox but all pixels cloud/land masked
  n21 20260624_1850 … ✗ swath overlaps bbox but all pixels cloud/land masked
  n21 20260624_1900 ✓ (cached)
  n21 20260624_1910 … ✗ swath overlaps bbox but all pixels cloud/land masked
  n21 20260624_1950 … ✗ swath overlaps bbox but all pixels cloud/land masked
  n21 20260624_2000 … ✗ swath overlaps bbox but all pixels cloud/land masked
  n21 20260624_2010 … ✗ swath overlaps bbox but all pixels cloud/land masked
  n21 20260624_2050 … ✗ swath overlaps bbox but all pixels cloud/land masked
  n21 20260624_2100 … ✗ swath overlaps bbox but all pixels cloud/land masked
  n21 20260624_2110 … ✗ swath overlaps bbox but all pixels cloud/land masked
  n21 20260624_2150 … ✗ swath overlaps bbox but all pixels cloud/land masked
  n21 20260624_2200 … ✗ swath overlaps bbox but all pixels cloud/land masked
  n21 20260624_2210 … ✗ swath overlaps bbox but all pixels cloud/land masked
  n21 20260624_2250 … ✗ swath overlaps bbox but all pixels cloud/land masked
  n21 20260624_2300 … ✗ swath overlaps bbox but all pixels cloud/land masked
  n21 20260624_2310 … ✗ swath overlaps bbox but all pixels cloud/land masked
  n21 20260624_2350 … ✗ swath overlaps bbox but all pixels cloud/land masked
  n21 20260625_0000 … ✗ swath overlaps bbox but all pixels cloud/land masked
  n21 20260625_0010 … ✗ swath overlaps bbox but all pixels cloud/land masked
  n21 20260625_0050 … ✗ swath overlaps bbox but all pixels cloud/land masked
  n21 20260625_0100 … ✗ swath overlaps bbox but all pixels cloud/land masked
  n21 20260625_0110 … ✗ swath overlaps bbox but all pixels cloud/land masked
  n21 20260625_0150 … ✗ swath overlaps bbox but all pixels cloud/land masked
  n21 20260625_0200 … ✗ swath overlaps bbox but all pixels cloud/land masked
  n21 20260625_0210 … ✗ swath overlaps bbox but all pixels cloud/land masked
  n21 20260625_0250 … ✗ swath overlaps bbox but all pixels cloud/land masked
  n21 20260625_0300 … ✗ swath overlaps bbox but all pixels cloud/land masked
  n21 20260625_0310 … ✗ swath overlaps bbox but all pixels cloud/land masked
  n21 20260625_0350 … ✗ swath overlaps bbox but all pixels cloud/land masked
  n21 20260625_0400 … ✗ swath overlaps bbox but all pixels cloud/land masked
  n21 20260625_0410 … ✗ swath overlaps bbox but all pixels cloud/land masked
  n21 20260625_0450 … ✗ swath overlaps bbox but all pixels cloud/land masked
  n21 20260625_0500 … ✗ swath overlaps bbox but all pixels cloud/land masked
  n21 20260625_0510 … ✗ swath overlaps bbox but all pixels cloud/land masked
  n21 20260625_0550 … ✗ swath overlaps bbox but all pixels cloud/land masked
  n21 20260625_0600 … ✗ swath overlaps bbox but all pixels cloud/land masked
  n21 20260625_0610 … ✗ swath overlaps bbox but all pixels cloud/land masked
  n21 20260625_0650 … ✗ swath overlaps bbox but all pixels cloud/land masked
  n21 20260625_0700 … ✗ swath overlaps bbox but all pixels cloud/land masked
  n21 20260625_0710 … ✗ swath overlaps bbox but all pixels cloud/land masked
  n21 20260625_0750 … ✗ swath overlaps bbox but all pixels cloud/land masked
  n21 20260625_0800 … ✗ swath overlaps bbox but all pixels cloud/land masked
  n21 20260625_0810 … ✗ swath overlaps bbox but all pixels cloud/land masked
  n21 20260625_0850 … ✗ swath overlaps bbox but all pixels cloud/land masked
  n21 20260625_0900 … ✗ swath overlaps bbox but all pixels cloud/land masked
  n21 20260625_0910 … ✗ swath overlaps bbox but all pixels cloud/land masked
  n21 20260625_0950 … ✗ swath overlaps bbox but all pixels cloud/land masked
  n21 20260625_1000 … ✗ swath overlaps bbox but all pixels cloud/land masked
  n21 20260625_1010 … ✗ swath overlaps bbox but all pixels cloud/land masked
  n21 20260625_1100 … ✗ swath overlaps bbox but all pixels cloud/land masked
  n21 20260625_1110 … ✗ swath overlaps bbox but all pixels cloud/land masked

  VIIRS summary: 2 written, 9 cached, 413 miss/cloud, 630 outside windows.

=========================================================
✓ Pipeline complete
=========================================================
