=========================================================
SST PIPELINE
  UTC  : 2026-05-24 22:49:26
  Bbox : 33.7–39.0°N  -78.89–-72.21°E
=========================================================

── MUR daily composite (last 5 days) ──
  ✓ MUR 20260523 (cached)
  ✓ MUR 20260522 (cached)
  ✓ MUR 20260521 (cached)
  ✓ MUR 20260520 (cached)
  ✓ MUR 20260519 (cached)

── GOES-19 geo-polar blended daily composite ──
  Candidates: 4 (2 hosts × 2 dataset IDs)
  GOES 20260524 [noaa/noaacwBLENDEDsstDLDaily] … ✗ RuntimeError: 404 — no data for this date
  GOES 20260524 [noaa/noaacwBLENDEDsstDaily] … ✗ RuntimeError: 404 — no data for this date
  GOES 20260524 [pfeg/noaacwBLENDEDsstDLDaily] … ✗ RuntimeError: 404 — no data for this date
  GOES 20260524 [pfeg/noaacwBLENDEDsstDaily] … ✗ RuntimeError: 404 — no data for this date
  GOES 20260523 [noaa/noaacwBLENDEDsstDLDaily] …   (land filter: loaded 24 coastline polygons)
  (land filter: dropped 70 inland, kept 2237 ocean)
✓
  → DailySSTData/GOES/Composite/goes_composite_20260523.csv  (2237 pts, 54 lats × 66 lons)

── VIIRS multi-pass (last 48h — NPP/N20/N21) ──
  ✓ VIIRS NRT base: https://www.star.nesdis.noaa.gov/pub/socd2/coastwatch/sst/nrt/viirs
  Hourly windows : 48
  Window range   : 2026-05-22 22:50Z → 2026-05-24 22:10Z
  Half-width     : ±10 min per bucket
  npp 20260522_2250 … ✗ swath overlaps bbox but all pixels cloud/land masked
  npp 20260522_2300 … ✗ swath overlaps bbox but all pixels cloud/land masked
  npp 20260522_2310 … ✗ swath overlaps bbox but all pixels cloud/land masked
  npp 20260522_2350 … ✗ swath overlaps bbox but all pixels cloud/land masked
  npp 20260523_0000 … ✗ swath overlaps bbox but all pixels cloud/land masked
  npp 20260523_0010 … ✗ swath overlaps bbox but all pixels cloud/land masked
  npp 20260523_0050 … ✗ swath overlaps bbox but all pixels cloud/land masked
  npp 20260523_0100 … ✗ swath overlaps bbox but all pixels cloud/land masked
  npp 20260523_0110 … ✗ swath overlaps bbox but all pixels cloud/land masked
  npp 20260523_0150 … ✗ swath overlaps bbox but all pixels cloud/land masked
  npp 20260523_0200 … ✗ swath overlaps bbox but all pixels cloud/land masked
  npp 20260523_0210 … ✗ swath overlaps bbox but all pixels cloud/land masked
  npp 20260523_0250 … ✗ swath overlaps bbox but all pixels cloud/land masked
  npp 20260523_0300 … ✗ swath overlaps bbox but all pixels cloud/land masked
  npp 20260523_0310 … ✗ swath overlaps bbox but all pixels cloud/land masked
  npp 20260523_0350 … ✗ swath overlaps bbox but all pixels cloud/land masked
  npp 20260523_0400 … ✗ swath overlaps bbox but all pixels cloud/land masked
  npp 20260523_0410 … ✗ swath overlaps bbox but all pixels cloud/land masked
  npp 20260523_0450 … ✗ swath overlaps bbox but all pixels cloud/land masked
  npp 20260523_0500 … ✗ swath overlaps bbox but all pixels cloud/land masked
  npp 20260523_0510 … ✗ swath overlaps bbox but all pixels cloud/land masked
  npp 20260523_0550 … ✗ swath overlaps bbox but all pixels cloud/land masked
  npp 20260523_0600 … ✗ swath overlaps bbox but all pixels cloud/land masked
  npp 20260523_0610 … ✗ swath overlaps bbox but all pixels cloud/land masked
  npp 20260523_0650 … ✗ swath overlaps bbox but all pixels cloud/land masked
  npp 20260523_0700 … ✗ swath overlaps bbox but all pixels cloud/land masked
  npp 20260523_0710 … ✗ swath overlaps bbox but all pixels cloud/land masked
  npp 20260523_0750 … ✗ swath overlaps bbox but all pixels cloud/land masked
  npp 20260523_0800 … ✗ swath overlaps bbox but all pixels cloud/land masked
  npp 20260523_0810 …   ⚠ VIIRS npp 20260523_0810: only 29 pts — skipping write.
✗ ok
  npp 20260523_0850 … ✗ swath overlaps bbox but all pixels cloud/land masked
  npp 20260523_0900 … ✗ swath overlaps bbox but all pixels cloud/land masked
  npp 20260523_0910 … ✗ swath overlaps bbox but all pixels cloud/land masked
  npp 20260523_0950 … ✗ swath overlaps bbox but all pixels cloud/land masked
  npp 20260523_1000 … ✗ swath overlaps bbox but all pixels cloud/land masked
  npp 20260523_1010 … ✗ swath overlaps bbox but all pixels cloud/land masked
  npp 20260523_1050 … ✗ swath overlaps bbox but all pixels cloud/land masked
  npp 20260523_1100 … ✗ swath overlaps bbox but all pixels cloud/land masked
  npp 20260523_1110 … ✗ swath overlaps bbox but all pixels cloud/land masked
  npp 20260523_1150 … ✗ swath overlaps bbox but all pixels cloud/land masked
  npp 20260523_1200 … ✗ swath overlaps bbox but all pixels cloud/land masked
  npp 20260523_1210 … ✗ swath overlaps bbox but all pixels cloud/land masked
  npp 20260523_1250 … ✗ swath overlaps bbox but all pixels cloud/land masked
  npp 20260523_1300 … ✗ swath overlaps bbox but all pixels cloud/land masked
  npp 20260523_1310 … ✗ swath overlaps bbox but all pixels cloud/land masked
  npp 20260523_1350 … ✗ swath overlaps bbox but all pixels cloud/land masked
  npp 20260523_1400 … ✗ swath overlaps bbox but all pixels cloud/land masked
  npp 20260523_1410 … ✗ swath overlaps bbox but all pixels cloud/land masked
  npp 20260523_1450 … ✗ swath overlaps bbox but all pixels cloud/land masked
  npp 20260523_1500 … ✗ swath overlaps bbox but all pixels cloud/land masked
  npp 20260523_1510 … ✗ swath overlaps bbox but all pixels cloud/land masked
  npp 20260523_1550 … ✗ swath overlaps bbox but all pixels cloud/land masked
  npp 20260523_1600 … ✗ swath overlaps bbox but all pixels cloud/land masked
  npp 20260523_1610 … ✗ swath overlaps bbox but all pixels cloud/land masked
  npp 20260523_1650 … ✗ swath overlaps bbox but all pixels cloud/land masked
  npp 20260523_1700 … ✗ swath overlaps bbox but all pixels cloud/land masked
  npp 20260523_1710 … ✗ swath overlaps bbox but all pixels cloud/land masked
  npp 20260523_1750 ✓ (cached)
  npp 20260523_1800 … ✗ swath overlaps bbox but all pixels cloud/land masked
  npp 20260523_1810 … ✗ swath overlaps bbox but all pixels cloud/land masked
  npp 20260523_1850 … ✗ swath overlaps bbox but all pixels cloud/land masked
  npp 20260523_1900 … ✗ swath overlaps bbox but all pixels cloud/land masked
  npp 20260523_1910 … ✗ swath overlaps bbox but all pixels cloud/land masked
  npp 20260523_1950 … ✗ swath overlaps bbox but all pixels cloud/land masked
  npp 20260523_2000 … ✗ swath overlaps bbox but all pixels cloud/land masked
  npp 20260523_2010 … ✗ swath overlaps bbox but all pixels cloud/land masked
  npp 20260523_2050 … ✗ swath overlaps bbox but all pixels cloud/land masked
  npp 20260523_2100 … ✗ swath overlaps bbox but all pixels cloud/land masked
  npp 20260523_2110 … ✗ swath overlaps bbox but all pixels cloud/land masked
  npp 20260523_2150 … ✗ swath overlaps bbox but all pixels cloud/land masked
  npp 20260523_2200 … ✗ swath overlaps bbox but all pixels cloud/land masked
  npp 20260523_2210 … ✗ swath overlaps bbox but all pixels cloud/land masked
  npp 20260523_2250 … ✗ swath overlaps bbox but all pixels cloud/land masked
  npp 20260523_2300 … ✗ swath overlaps bbox but all pixels cloud/land masked
  npp 20260523_2310 … ✗ swath overlaps bbox but all pixels cloud/land masked
  npp 20260523_2350 … ✗ swath overlaps bbox but all pixels cloud/land masked
  npp 20260524_0000 … ✗ swath overlaps bbox but all pixels cloud/land masked
  npp 20260524_0010 … ✗ swath overlaps bbox but all pixels cloud/land masked
  npp 20260524_0050 … ✗ swath overlaps bbox but all pixels cloud/land masked
  npp 20260524_0100 … ✗ swath overlaps bbox but all pixels cloud/land masked
  npp 20260524_0110 … ✗ swath overlaps bbox but all pixels cloud/land masked
  npp 20260524_0150 … ✗ swath overlaps bbox but all pixels cloud/land masked
  npp 20260524_0200 … ✗ swath overlaps bbox but all pixels cloud/land masked
  npp 20260524_0210 … ✗ swath overlaps bbox but all pixels cloud/land masked
  npp 20260524_0250 … ✗ swath overlaps bbox but all pixels cloud/land masked
  npp 20260524_0300 … ✗ swath overlaps bbox but all pixels cloud/land masked
  npp 20260524_0310 … ✗ swath overlaps bbox but all pixels cloud/land masked
  npp 20260524_0350 … ✗ swath overlaps bbox but all pixels cloud/land masked
  npp 20260524_0400 … ✗ swath overlaps bbox but all pixels cloud/land masked
  npp 20260524_0410 … ✗ swath overlaps bbox but all pixels cloud/land masked
  npp 20260524_0450 … ✗ swath overlaps bbox but all pixels cloud/land masked
  npp 20260524_0500 … ✗ swath overlaps bbox but all pixels cloud/land masked
  npp 20260524_0510 … ✗ swath overlaps bbox but all pixels cloud/land masked
  npp 20260524_0550 … ✗ swath overlaps bbox but all pixels cloud/land masked
  npp 20260524_0600 … ✗ swath overlaps bbox but all pixels cloud/land masked
  npp 20260524_0610 ✓ (cached)
  npp 20260524_0650 … ✗ swath overlaps bbox but all pixels cloud/land masked
  npp 20260524_0700 … ✗ swath overlaps bbox but all pixels cloud/land masked
  npp 20260524_0710 … ✗ swath overlaps bbox but all pixels cloud/land masked
  npp 20260524_0750 ✓ (cached)
  npp 20260524_0800 … ✗ swath overlaps bbox but all pixels cloud/land masked
  npp 20260524_0810 … ✗ swath overlaps bbox but all pixels cloud/land masked
  npp 20260524_0850 … ✗ swath overlaps bbox but all pixels cloud/land masked
  npp 20260524_0900 … ✗ swath overlaps bbox but all pixels cloud/land masked
  npp 20260524_0910 … ✗ swath overlaps bbox but all pixels cloud/land masked
  npp 20260524_0950 … ✗ swath overlaps bbox but all pixels cloud/land masked
  npp 20260524_1000 … ✗ swath overlaps bbox but all pixels cloud/land masked
  npp 20260524_1010 … ✗ swath overlaps bbox but all pixels cloud/land masked
  npp 20260524_1050 … ✗ swath overlaps bbox but all pixels cloud/land masked
  npp 20260524_1100 … ✗ swath overlaps bbox but all pixels cloud/land masked
  npp 20260524_1110 … ✗ swath overlaps bbox but all pixels cloud/land masked
  npp 20260524_1150 … ✗ swath overlaps bbox but all pixels cloud/land masked
  npp 20260524_1200 … ✗ swath overlaps bbox but all pixels cloud/land masked
  npp 20260524_1210 … ✗ swath overlaps bbox but all pixels cloud/land masked
  npp 20260524_1250 … ✗ swath overlaps bbox but all pixels cloud/land masked
  npp 20260524_1300 … ✗ swath overlaps bbox but all pixels cloud/land masked
  npp 20260524_1310 … ✗ swath overlaps bbox but all pixels cloud/land masked
  npp 20260524_1350 … ✗ swath overlaps bbox but all pixels cloud/land masked
  npp 20260524_1400 … ✗ swath overlaps bbox but all pixels cloud/land masked
  npp 20260524_1410 … ✗ swath overlaps bbox but all pixels cloud/land masked
  npp 20260524_1450 … ✗ swath overlaps bbox but all pixels cloud/land masked
  npp 20260524_1500 … ✗ swath overlaps bbox but all pixels cloud/land masked
  npp 20260524_1510 … ✗ swath overlaps bbox but all pixels cloud/land masked
  npp 20260524_1550 … ✗ swath overlaps bbox but all pixels cloud/land masked
  npp 20260524_1600 … ✗ swath overlaps bbox but all pixels cloud/land masked
  npp 20260524_1610 … ✗ swath overlaps bbox but all pixels cloud/land masked
  npp 20260524_1650 … ✗ swath overlaps bbox but all pixels cloud/land masked
  npp 20260524_1700 … ✗ swath overlaps bbox but all pixels cloud/land masked
  npp 20260524_1710 … ✗ swath overlaps bbox but all pixels cloud/land masked
  npp 20260524_1750 … ✗ swath overlaps bbox but all pixels cloud/land masked
  npp 20260524_1800 … ✗ swath overlaps bbox but all pixels cloud/land masked
  npp 20260524_1810 … ✗ swath overlaps bbox but all pixels cloud/land masked
  npp 20260524_1850 … ✗ swath overlaps bbox but all pixels cloud/land masked
  npp 20260524_1900 … ✗ swath overlaps bbox but all pixels cloud/land masked
  npp 20260524_1910 … ✗ swath overlaps bbox but all pixels cloud/land masked
  npp 20260524_1950 … ✗ swath overlaps bbox but all pixels cloud/land masked
  npp 20260524_2000 … ✗ swath overlaps bbox but all pixels cloud/land masked
  npp 20260524_2010 … ✗ swath overlaps bbox but all pixels cloud/land masked
  npp 20260524_2050 … ✗ swath overlaps bbox but all pixels cloud/land masked
  npp 20260524_2100 … ✗ swath overlaps bbox but all pixels cloud/land masked
  n20 20260522_2250 … ✗ swath overlaps bbox but all pixels cloud/land masked
  n20 20260522_2300 … ✗ swath overlaps bbox but all pixels cloud/land masked
  n20 20260522_2310 … ✗ swath overlaps bbox but all pixels cloud/land masked
  n20 20260522_2350 … ✗ swath overlaps bbox but all pixels cloud/land masked
  n20 20260523_0000 … ✗ swath overlaps bbox but all pixels cloud/land masked
  n20 20260523_0010 … ✗ swath overlaps bbox but all pixels cloud/land masked
  n20 20260523_0050 … ✗ swath overlaps bbox but all pixels cloud/land masked
  n20 20260523_0100 … ✗ swath overlaps bbox but all pixels cloud/land masked
  n20 20260523_0110 … ✗ swath overlaps bbox but all pixels cloud/land masked
  n20 20260523_0150 … ✗ swath overlaps bbox but all pixels cloud/land masked
  n20 20260523_0200 … ✗ swath overlaps bbox but all pixels cloud/land masked
  n20 20260523_0210 … ✗ swath overlaps bbox but all pixels cloud/land masked
  n20 20260523_0250 … ✗ swath overlaps bbox but all pixels cloud/land masked
  n20 20260523_0300 … ✗ swath overlaps bbox but all pixels cloud/land masked
  n20 20260523_0310 … ✗ swath overlaps bbox but all pixels cloud/land masked
  n20 20260523_0350 … ✗ swath overlaps bbox but all pixels cloud/land masked
  n20 20260523_0400 … ✗ swath overlaps bbox but all pixels cloud/land masked
  n20 20260523_0410 … ✗ swath overlaps bbox but all pixels cloud/land masked
  n20 20260523_0450 … ✗ swath overlaps bbox but all pixels cloud/land masked
  n20 20260523_0500 … ✗ swath overlaps bbox but all pixels cloud/land masked
  n20 20260523_0510 … ✗ swath overlaps bbox but all pixels cloud/land masked
  n20 20260523_0550 … ✗ swath overlaps bbox but all pixels cloud/land masked
  n20 20260523_0600 … ✗ swath overlaps bbox but all pixels cloud/land masked
  n20 20260523_0610 … ✗ swath overlaps bbox but all pixels cloud/land masked
  n20 20260523_0650 ✓ (cached)
  n20 20260523_0700 … ✗ swath overlaps bbox but all pixels cloud/land masked
  n20 20260523_0710 … ✗ swath overlaps bbox but all pixels cloud/land masked
  n20 20260523_0750 … ✗ swath overlaps bbox but all pixels cloud/land masked
  n20 20260523_0800 … ✗ swath overlaps bbox but all pixels cloud/land masked
  n20 20260523_0810 … ✗ swath overlaps bbox but all pixels cloud/land masked
  n20 20260523_0850 … ✗ swath overlaps bbox but all pixels cloud/land masked
  n20 20260523_0900 … ✗ swath overlaps bbox but all pixels cloud/land masked
  n20 20260523_0910 … ✗ swath overlaps bbox but all pixels cloud/land masked
  n20 20260523_0950 … ✗ swath overlaps bbox but all pixels cloud/land masked
  n20 20260523_1000 … ✗ swath overlaps bbox but all pixels cloud/land masked
  n20 20260523_1010 … ✗ swath overlaps bbox but all pixels cloud/land masked
  n20 20260523_1050 … ✗ swath overlaps bbox but all pixels cloud/land masked
  n20 20260523_1100 … ✗ swath overlaps bbox but all pixels cloud/land masked
  n20 20260523_1110 … ✗ swath overlaps bbox but all pixels cloud/land masked
  n20 20260523_1150 … ✗ swath overlaps bbox but all pixels cloud/land masked
  n20 20260523_1200 … ✗ swath overlaps bbox but all pixels cloud/land masked
  n20 20260523_1210 … ✗ swath overlaps bbox but all pixels cloud/land masked
  n20 20260523_1250 … ✗ swath overlaps bbox but all pixels cloud/land masked
  n20 20260523_1300 … ✗ swath overlaps bbox but all pixels cloud/land masked
  n20 20260523_1310 … ✗ swath overlaps bbox but all pixels cloud/land masked
  n20 20260523_1350 … ✗ swath overlaps bbox but all pixels cloud/land masked
  n20 20260523_1400 … ✗ swath overlaps bbox but all pixels cloud/land masked
  n20 20260523_1410 … ✗ swath overlaps bbox but all pixels cloud/land masked
  n20 20260523_1450 … ✗ swath overlaps bbox but all pixels cloud/land masked
  n20 20260523_1500 … ✗ swath overlaps bbox but all pixels cloud/land masked
  n20 20260523_1510 … ✗ swath overlaps bbox but all pixels cloud/land masked
  n20 20260523_1550 … ✗ swath overlaps bbox but all pixels cloud/land masked
  n20 20260523_1600 … ✗ swath overlaps bbox but all pixels cloud/land masked
  n20 20260523_1610 … ✗ swath overlaps bbox but all pixels cloud/land masked
  n20 20260523_1650 … ✗ swath overlaps bbox but all pixels cloud/land masked
  n20 20260523_1700 … ✗ swath overlaps bbox but all pixels cloud/land masked
  n20 20260523_1710 … ✗ swath overlaps bbox but all pixels cloud/land masked
  n20 20260523_1750 … ✗ swath overlaps bbox but all pixels cloud/land masked
  n20 20260523_1800 … ✗ swath overlaps bbox but all pixels cloud/land masked
  n20 20260523_1810 ✓ (cached)
  n20 20260523_1850 … ✗ swath overlaps bbox but all pixels cloud/land masked
  n20 20260523_1900 … ✗ swath overlaps bbox but all pixels cloud/land masked
  n20 20260523_1910 … ✗ swath overlaps bbox but all pixels cloud/land masked
  n20 20260523_1950 … ✗ swath overlaps bbox but all pixels cloud/land masked
  n20 20260523_2000 … ✗ swath overlaps bbox but all pixels cloud/land masked
  n20 20260523_2010 … ✗ swath overlaps bbox but all pixels cloud/land masked
  n20 20260523_2050 … ✗ swath overlaps bbox but all pixels cloud/land masked
  n20 20260523_2100 … ✗ swath overlaps bbox but all pixels cloud/land masked
  n20 20260523_2110 … ✗ swath overlaps bbox but all pixels cloud/land masked
  n20 20260523_2150 … ✗ swath overlaps bbox but all pixels cloud/land masked
  n20 20260523_2200 … ✗ swath overlaps bbox but all pixels cloud/land masked
  n20 20260523_2210 … ✗ swath overlaps bbox but all pixels cloud/land masked
  n20 20260523_2250 … ✗ swath overlaps bbox but all pixels cloud/land masked
  n20 20260523_2300 … ✗ swath overlaps bbox but all pixels cloud/land masked
  n20 20260523_2310 … ✗ swath overlaps bbox but all pixels cloud/land masked
  n20 20260523_2350 … ✗ swath overlaps bbox but all pixels cloud/land masked
  n20 20260524_0000 … ✗ swath overlaps bbox but all pixels cloud/land masked
  n20 20260524_0010 … ✗ swath overlaps bbox but all pixels cloud/land masked
  n20 20260524_0050 … ✗ swath overlaps bbox but all pixels cloud/land masked
  n20 20260524_0100 … ✗ swath overlaps bbox but all pixels cloud/land masked
  n20 20260524_0110 … ✗ swath overlaps bbox but all pixels cloud/land masked
  n20 20260524_0150 … ✗ swath overlaps bbox but all pixels cloud/land masked
  n20 20260524_0200 … ✗ swath overlaps bbox but all pixels cloud/land masked
  n20 20260524_0210 … ✗ swath overlaps bbox but all pixels cloud/land masked
  n20 20260524_0250 … ✗ swath overlaps bbox but all pixels cloud/land masked
  n20 20260524_0300 … ✗ swath overlaps bbox but all pixels cloud/land masked
  n20 20260524_0310 … ✗ swath overlaps bbox but all pixels cloud/land masked
  n20 20260524_0350 … ✗ swath overlaps bbox but all pixels cloud/land masked
  n20 20260524_0400 … ✗ swath overlaps bbox but all pixels cloud/land masked
  n20 20260524_0410 … ✗ swath overlaps bbox but all pixels cloud/land masked
  n20 20260524_0450 … ✗ swath overlaps bbox but all pixels cloud/land masked
  n20 20260524_0500 … ✗ swath overlaps bbox but all pixels cloud/land masked
  n20 20260524_0510 … ✗ swath overlaps bbox but all pixels cloud/land masked
  n20 20260524_0550 … ✗ swath overlaps bbox but all pixels cloud/land masked
  n20 20260524_0600 … ✗ swath overlaps bbox but all pixels cloud/land masked
  n20 20260524_0610 … ✗ swath overlaps bbox but all pixels cloud/land masked
  n20 20260524_0650 … ✗ swath overlaps bbox but all pixels cloud/land masked
  n20 20260524_0700 … ✗ swath overlaps bbox but all pixels cloud/land masked
  n20 20260524_0710 … ✗ swath overlaps bbox but all pixels cloud/land masked
  n20 20260524_0750 … ✗ swath overlaps bbox but all pixels cloud/land masked
  n20 20260524_0800 … ✗ swath overlaps bbox but all pixels cloud/land masked
  n20 20260524_0810 … ✗ swath overlaps bbox but all pixels cloud/land masked
  n20 20260524_0850 … ✗ swath overlaps bbox but all pixels cloud/land masked
  n20 20260524_0900 … ✗ swath overlaps bbox but all pixels cloud/land masked
  n20 20260524_0910 … ✗ swath overlaps bbox but all pixels cloud/land masked
  n20 20260524_0950 … ✗ swath overlaps bbox but all pixels cloud/land masked
  n20 20260524_1000 … ✗ swath overlaps bbox but all pixels cloud/land masked
  n20 20260524_1010 … ✗ swath overlaps bbox but all pixels cloud/land masked
  n20 20260524_1050 … ✗ swath overlaps bbox but all pixels cloud/land masked
  n20 20260524_1100 … ✗ swath overlaps bbox but all pixels cloud/land masked
  n20 20260524_1110 … ✗ swath overlaps bbox but all pixels cloud/land masked
  n20 20260524_1150 … ✗ swath overlaps bbox but all pixels cloud/land masked
  n20 20260524_1200 … ✗ swath overlaps bbox but all pixels cloud/land masked
  n20 20260524_1210 … ✗ swath overlaps bbox but all pixels cloud/land masked
  n20 20260524_1250 … ✗ swath overlaps bbox but all pixels cloud/land masked
  n20 20260524_1300 … ✗ swath overlaps bbox but all pixels cloud/land masked
  n20 20260524_1310 … ✗ swath overlaps bbox but all pixels cloud/land masked
  n20 20260524_1350 … ✗ swath overlaps bbox but all pixels cloud/land masked
  n20 20260524_1400 … ✗ swath overlaps bbox but all pixels cloud/land masked
  n20 20260524_1410 … ✗ swath overlaps bbox but all pixels cloud/land masked
  n20 20260524_1450 … ✗ swath overlaps bbox but all pixels cloud/land masked
  n20 20260524_1500 … ✗ swath overlaps bbox but all pixels cloud/land masked
  n20 20260524_1510 … ✗ swath overlaps bbox but all pixels cloud/land masked
  n20 20260524_1550 … ✗ swath overlaps bbox but all pixels cloud/land masked
  n20 20260524_1600 … ✗ swath overlaps bbox but all pixels cloud/land masked
  n20 20260524_1610 … ✗ swath overlaps bbox but all pixels cloud/land masked
  n20 20260524_1650 … ✗ swath overlaps bbox but all pixels cloud/land masked
  n20 20260524_1700 … ✗ swath overlaps bbox but all pixels cloud/land masked
  n20 20260524_1710 … ✗ swath overlaps bbox but all pixels cloud/land masked
  n20 20260524_1750 ✓ (cached)
  n20 20260524_1800 … ✗ swath overlaps bbox but all pixels cloud/land masked
  n20 20260524_1810 … ✗ swath overlaps bbox but all pixels cloud/land masked
  n20 20260524_1850 … ✗ swath overlaps bbox but all pixels cloud/land masked
  n20 20260524_1900 … ✗ swath overlaps bbox but all pixels cloud/land masked
  n20 20260524_1910 … ✗ swath overlaps bbox but all pixels cloud/land masked
  n20 20260524_1950 … ✗ swath overlaps bbox but all pixels cloud/land masked
  n20 20260524_2000 … ✗ swath overlaps bbox but all pixels cloud/land masked
  n20 20260524_2010 … ✗ swath overlaps bbox but all pixels cloud/land masked
  n20 20260524_2050 … ✗ swath overlaps bbox but all pixels cloud/land masked
  n20 20260524_2100 … ✗ swath overlaps bbox but all pixels cloud/land masked
  n20 20260524_2110 … ✗ swath overlaps bbox but all pixels cloud/land masked
  n20 20260524_2210 … ✗ swath overlaps bbox but all pixels cloud/land masked
  n21 20260522_2250 … ✗ swath overlaps bbox but all pixels cloud/land masked
  n21 20260522_2300 … ✗ swath overlaps bbox but all pixels cloud/land masked
  n21 20260522_2310 … ✗ swath overlaps bbox but all pixels cloud/land masked
  n21 20260522_2350 … ✗ swath overlaps bbox but all pixels cloud/land masked
  n21 20260523_0000 … ✗ swath overlaps bbox but all pixels cloud/land masked
  n21 20260523_0010 … ✗ swath overlaps bbox but all pixels cloud/land masked
  n21 20260523_0050 … ✗ swath overlaps bbox but all pixels cloud/land masked
  n21 20260523_0100 … ✗ swath overlaps bbox but all pixels cloud/land masked
  n21 20260523_0110 … ✗ swath overlaps bbox but all pixels cloud/land masked
  n21 20260523_0150 … ✗ swath overlaps bbox but all pixels cloud/land masked
  n21 20260523_0200 … ✗ swath overlaps bbox but all pixels cloud/land masked
  n21 20260523_0210 … ✗ swath overlaps bbox but all pixels cloud/land masked
  n21 20260523_0250 … ✗ swath overlaps bbox but all pixels cloud/land masked
  n21 20260523_0300 … ✗ swath overlaps bbox but all pixels cloud/land masked
  n21 20260523_0310 … ✗ swath overlaps bbox but all pixels cloud/land masked
  n21 20260523_0350 … ✗ swath overlaps bbox but all pixels cloud/land masked
  n21 20260523_0400 … ✗ swath overlaps bbox but all pixels cloud/land masked
  n21 20260523_0410 … ✗ swath overlaps bbox but all pixels cloud/land masked
  n21 20260523_0450 … ✗ swath overlaps bbox but all pixels cloud/land masked
  n21 20260523_0500 … ✗ swath overlaps bbox but all pixels cloud/land masked
  n21 20260523_0510 … ✗ swath overlaps bbox but all pixels cloud/land masked
  n21 20260523_0550 … ✗ swath overlaps bbox but all pixels cloud/land masked
  n21 20260523_0600 ✓ (cached)
  n21 20260523_0610 … ✗ swath overlaps bbox but all pixels cloud/land masked
  n21 20260523_0650 … ✗ swath overlaps bbox but all pixels cloud/land masked
  n21 20260523_0700 … ✗ swath overlaps bbox but all pixels cloud/land masked
  n21 20260523_0710 … ✗ swath overlaps bbox but all pixels cloud/land masked
  n21 20260523_0750 … ✗ swath overlaps bbox but all pixels cloud/land masked
  n21 20260523_0800 … ✗ swath overlaps bbox but all pixels cloud/land masked
  n21 20260523_0810 … ✗ swath overlaps bbox but all pixels cloud/land masked
  n21 20260523_0850 … ✗ swath overlaps bbox but all pixels cloud/land masked
  n21 20260523_0900 … ✗ swath overlaps bbox but all pixels cloud/land masked
  n21 20260523_0910 … ✗ swath overlaps bbox but all pixels cloud/land masked
  n21 20260523_0950 … ✗ swath overlaps bbox but all pixels cloud/land masked
  n21 20260523_1000 … ✗ swath overlaps bbox but all pixels cloud/land masked
  n21 20260523_1010 … ✗ swath overlaps bbox but all pixels cloud/land masked
  n21 20260523_1050 … ✗ swath overlaps bbox but all pixels cloud/land masked
  n21 20260523_1100 … ✗ swath overlaps bbox but all pixels cloud/land masked
  n21 20260523_1110 … ✗ swath overlaps bbox but all pixels cloud/land masked
  n21 20260523_1150 … ✗ swath overlaps bbox but all pixels cloud/land masked
  n21 20260523_1200 … ✗ swath overlaps bbox but all pixels cloud/land masked
  n21 20260523_1210 … ✗ swath overlaps bbox but all pixels cloud/land masked
  n21 20260523_1250 … ✗ swath overlaps bbox but all pixels cloud/land masked
  n21 20260523_1300 … ✗ swath overlaps bbox but all pixels cloud/land masked
  n21 20260523_1310 … ✗ swath overlaps bbox but all pixels cloud/land masked
  n21 20260523_1350 … ✗ swath overlaps bbox but all pixels cloud/land masked
  n21 20260523_1400 … ✗ swath overlaps bbox but all pixels cloud/land masked
  n21 20260523_1410 … ✗ swath overlaps bbox but all pixels cloud/land masked
  n21 20260523_1450 … ✗ swath overlaps bbox but all pixels cloud/land masked
  n21 20260523_1500 … ✗ swath overlaps bbox but all pixels cloud/land masked
  n21 20260523_1510 … ✗ swath overlaps bbox but all pixels cloud/land masked
  n21 20260523_1550 … ✗ swath overlaps bbox but all pixels cloud/land masked
  n21 20260523_1600 … ✗ swath overlaps bbox but all pixels cloud/land masked
  n21 20260523_1610 … ✗ swath overlaps bbox but all pixels cloud/land masked
  n21 20260523_1650 … ✗ swath overlaps bbox but all pixels cloud/land masked
  n21 20260523_1700 … ✗ swath overlaps bbox but all pixels cloud/land masked
  n21 20260523_1710 … ✗ swath overlaps bbox but all pixels cloud/land masked
  n21 20260523_1750 … ✗ swath overlaps bbox but all pixels cloud/land masked
  n21 20260523_1800 … ✗ swath overlaps bbox but all pixels cloud/land masked
  n21 20260523_1810 … ✗ swath overlaps bbox but all pixels cloud/land masked
  n21 20260523_1850 … ✗ swath overlaps bbox but all pixels cloud/land masked
  n21 20260523_1900 ✓ (cached)
  n21 20260523_1910 … ✗ swath overlaps bbox but all pixels cloud/land masked
  n21 20260523_1950 … ✗ swath overlaps bbox but all pixels cloud/land masked
  n21 20260523_2000 … ✗ swath overlaps bbox but all pixels cloud/land masked
  n21 20260523_2010 … ✗ swath overlaps bbox but all pixels cloud/land masked
  n21 20260523_2050 … ✗ swath overlaps bbox but all pixels cloud/land masked
  n21 20260523_2100 … ✗ swath overlaps bbox but all pixels cloud/land masked
  n21 20260523_2110 … ✗ swath overlaps bbox but all pixels cloud/land masked
  n21 20260523_2150 … ✗ swath overlaps bbox but all pixels cloud/land masked
  n21 20260523_2200 … ✗ swath overlaps bbox but all pixels cloud/land masked
  n21 20260523_2210 … ✗ swath overlaps bbox but all pixels cloud/land masked
  n21 20260523_2250 … ✗ swath overlaps bbox but all pixels cloud/land masked
  n21 20260523_2300 … ✗ swath overlaps bbox but all pixels cloud/land masked
  n21 20260523_2310 … ✗ swath overlaps bbox but all pixels cloud/land masked
  n21 20260523_2350 … ✗ swath overlaps bbox but all pixels cloud/land masked
  n21 20260524_0000 … ✗ swath overlaps bbox but all pixels cloud/land masked
  n21 20260524_0010 … ✗ swath overlaps bbox but all pixels cloud/land masked
  n21 20260524_0050 … ✗ swath overlaps bbox but all pixels cloud/land masked
  n21 20260524_0100 … ✗ swath overlaps bbox but all pixels cloud/land masked
  n21 20260524_0110 … ✗ swath overlaps bbox but all pixels cloud/land masked
  n21 20260524_0150 … ✗ swath overlaps bbox but all pixels cloud/land masked
  n21 20260524_0200 … ✗ swath overlaps bbox but all pixels cloud/land masked
  n21 20260524_0210 … ✗ swath overlaps bbox but all pixels cloud/land masked
  n21 20260524_0250 … ✗ swath overlaps bbox but all pixels cloud/land masked
  n21 20260524_0300 … ✗ swath overlaps bbox but all pixels cloud/land masked
  n21 20260524_0310 … ✗ swath overlaps bbox but all pixels cloud/land masked
  n21 20260524_0350 … ✗ swath overlaps bbox but all pixels cloud/land masked
  n21 20260524_0400 … ✗ swath overlaps bbox but all pixels cloud/land masked
  n21 20260524_0410 … ✗ swath overlaps bbox but all pixels cloud/land masked
  n21 20260524_0450 … ✗ swath overlaps bbox but all pixels cloud/land masked
  n21 20260524_0500 … ✗ swath overlaps bbox but all pixels cloud/land masked
  n21 20260524_0510 … ✗ swath overlaps bbox but all pixels cloud/land masked
  n21 20260524_0550 … ✗ swath overlaps bbox but all pixels cloud/land masked
  n21 20260524_0600 … ✗ swath overlaps bbox but all pixels cloud/land masked
  n21 20260524_0610 … ✗ swath overlaps bbox but all pixels cloud/land masked
  n21 20260524_0650 … ✗ swath overlaps bbox but all pixels cloud/land masked
  n21 20260524_0700 … ✗ swath overlaps bbox but all pixels cloud/land masked
  n21 20260524_0710 … ✗ swath overlaps bbox but all pixels cloud/land masked
  n21 20260524_0750 … ✗ swath overlaps bbox but all pixels cloud/land masked
  n21 20260524_0800 … ✗ swath overlaps bbox but all pixels cloud/land masked
  n21 20260524_0810 … ✗ swath overlaps bbox but all pixels cloud/land masked
  n21 20260524_0850 … ✗ swath overlaps bbox but all pixels cloud/land masked
  n21 20260524_0900 … ✗ swath overlaps bbox but all pixels cloud/land masked
  n21 20260524_0910 … ✗ swath overlaps bbox but all pixels cloud/land masked
  n21 20260524_0950 … ✗ swath overlaps bbox but all pixels cloud/land masked
  n21 20260524_1000 … ✗ swath overlaps bbox but all pixels cloud/land masked
  n21 20260524_1010 … ✗ swath overlaps bbox but all pixels cloud/land masked
  n21 20260524_1050 … ✗ swath overlaps bbox but all pixels cloud/land masked
  n21 20260524_1100 … ✗ swath overlaps bbox but all pixels cloud/land masked
  n21 20260524_1110 … ✗ swath overlaps bbox but all pixels cloud/land masked
  n21 20260524_1150 … ✗ swath overlaps bbox but all pixels cloud/land masked
  n21 20260524_1200 … ✗ swath overlaps bbox but all pixels cloud/land masked
  n21 20260524_1210 … ✗ swath overlaps bbox but all pixels cloud/land masked
  n21 20260524_1250 … ✗ swath overlaps bbox but all pixels cloud/land masked
  n21 20260524_1300 … ✗ swath overlaps bbox but all pixels cloud/land masked
  n21 20260524_1310 … ✗ swath overlaps bbox but all pixels cloud/land masked
  n21 20260524_1350 … ✗ swath overlaps bbox but all pixels cloud/land masked
  n21 20260524_1400 … ✗ swath overlaps bbox but all pixels cloud/land masked
  n21 20260524_1410 … ✗ swath overlaps bbox but all pixels cloud/land masked
  n21 20260524_1450 … ✗ swath overlaps bbox but all pixels cloud/land masked
  n21 20260524_1500 … ✗ swath overlaps bbox but all pixels cloud/land masked
  n21 20260524_1510 … ✗ swath overlaps bbox but all pixels cloud/land masked
  n21 20260524_1550 … ✗ swath overlaps bbox but all pixels cloud/land masked
  n21 20260524_1600 … ✗ swath overlaps bbox but all pixels cloud/land masked
  n21 20260524_1610 … ✗ swath overlaps bbox but all pixels cloud/land masked
  n21 20260524_1650 … ✗ swath overlaps bbox but all pixels cloud/land masked
  n21 20260524_1700 ✓ (cached)
  n21 20260524_1710 … ✗ swath overlaps bbox but all pixels cloud/land masked
  n21 20260524_1750 … ✗ swath overlaps bbox but all pixels cloud/land masked
  n21 20260524_1800 … ✗ swath overlaps bbox but all pixels cloud/land masked
  n21 20260524_1810 … ✗ swath overlaps bbox but all pixels cloud/land masked
  n21 20260524_1850 … ✗ swath overlaps bbox but all pixels cloud/land masked
  n21 20260524_1900 … ✗ swath overlaps bbox but all pixels cloud/land masked
  n21 20260524_1910 … ✗ swath overlaps bbox but all pixels cloud/land masked
  n21 20260524_1950 … ✗ swath overlaps bbox but all pixels cloud/land masked
  n21 20260524_2000 … ✗ swath overlaps bbox but all pixels cloud/land masked
  n21 20260524_2010 … ✗ swath overlaps bbox but all pixels cloud/land masked
  n21 20260524_2050 … ✗ swath overlaps bbox but all pixels cloud/land masked
  n21 20260524_2100 … ✗ swath overlaps bbox but all pixels cloud/land masked
  n21 20260524_2110 … ✗ swath overlaps bbox but all pixels cloud/land masked
  n21 20260524_2210 … ✗ swath overlaps bbox but all pixels cloud/land masked

  VIIRS summary: 0 written, 9 cached, 415 miss/cloud, 831 outside windows.

=========================================================
✓ Pipeline complete
=========================================================
