=========================================================
SST PIPELINE
  UTC  : 2026-06-08 20:03:16
  Bbox : 33.7–39.0°N  -78.89–-72.21°E
=========================================================

── MUR daily composite (last 5 days) ──
  MUR 20260607 (coastwatch.noaa.gov) … ✗ RuntimeError
  MUR 20260607 (coastwatch.pfeg.noaa.gov) …   (land filter: loaded 24 coastline polygons)
  (land filter: dropped 94 inland, kept 8892 ocean)
  ✓ MUR 20260607
  → DailySSTData/MUR/mur_20260607.csv  (8892 pts, 107 lats × 133 lons)
  ✓ MUR 20260606 (cached)
  ✓ MUR 20260605 (cached)
  ✓ MUR 20260604 (cached)
  ✓ MUR 20260603 (cached)

── GOES-19 geo-polar blended daily composite ──
  Candidates: 4 (2 hosts × 2 dataset IDs)
  GOES 20260608 [noaa/noaacwBLENDEDsstDLDaily] … ✗ RuntimeError: HTTP 502: <!DOCTYPE HTML PUBLIC "-//IETF//DTD HTML 2.0//EN">
<html><head>
<title
  GOES 20260608 [noaa/noaacwBLENDEDsstDaily] … ✗ RuntimeError: HTTP 502: <!DOCTYPE HTML PUBLIC "-//IETF//DTD HTML 2.0//EN">
<html><head>
<title
  GOES 20260608 [pfeg/noaacwBLENDEDsstDLDaily] … ✗ RuntimeError: 404 — no data for this date
  GOES 20260608 [pfeg/noaacwBLENDEDsstDaily] … ✗ RuntimeError: 404 — no data for this date
  GOES 20260607 [noaa/noaacwBLENDEDsstDLDaily] … ✗ RuntimeError: HTTP 502: <!DOCTYPE HTML PUBLIC "-//IETF//DTD HTML 2.0//EN">
<html><head>
<title
  GOES 20260607 [noaa/noaacwBLENDEDsstDaily] … ✗ RuntimeError: HTTP 503: <!DOCTYPE HTML PUBLIC "-//IETF//DTD HTML 2.0//EN">
<html><head>
<title
  GOES 20260607 [pfeg/noaacwBLENDEDsstDLDaily] … ✗ RuntimeError: 404 — no data for this date
  GOES 20260607 [pfeg/noaacwBLENDEDsstDaily] … ✗ RuntimeError: 404 — no data for this date
  ✓ GOES composite 20260606 (cached)

── VIIRS multi-pass (last 48h — NPP/N20/N21) ──
  ✓ VIIRS NRT base: https://www.star.nesdis.noaa.gov/pub/socd2/coastwatch/sst/nrt/viirs
  Hourly windows : 48
  Window range   : 2026-06-06 20:50Z → 2026-06-08 20:10Z
  Half-width     : ±10 min per bucket
  npp 20260606_2050 … ✗ swath overlaps bbox but all pixels cloud/land masked
  npp 20260606_2100 … ✗ swath overlaps bbox but all pixels cloud/land masked
  npp 20260606_2110 … ✗ swath overlaps bbox but all pixels cloud/land masked
  npp 20260606_2150 … ✗ swath overlaps bbox but all pixels cloud/land masked
  npp 20260606_2200 … ✗ swath overlaps bbox but all pixels cloud/land masked
  npp 20260606_2210 … ✗ swath overlaps bbox but all pixels cloud/land masked
  npp 20260606_2250 … ✗ swath overlaps bbox but all pixels cloud/land masked
  npp 20260606_2300 … ✗ swath overlaps bbox but all pixels cloud/land masked
  npp 20260606_2310 … ✗ swath overlaps bbox but all pixels cloud/land masked
  npp 20260606_2350 … ✗ swath overlaps bbox but all pixels cloud/land masked
  npp 20260607_0000 … ✗ swath overlaps bbox but all pixels cloud/land masked
  npp 20260607_0010 … ✗ swath overlaps bbox but all pixels cloud/land masked
  npp 20260607_0050 … ✗ swath overlaps bbox but all pixels cloud/land masked
  npp 20260607_0100 … ✗ swath overlaps bbox but all pixels cloud/land masked
  npp 20260607_0110 … ✗ swath overlaps bbox but all pixels cloud/land masked
  npp 20260607_0150 … ✗ swath overlaps bbox but all pixels cloud/land masked
  npp 20260607_0200 … ✗ swath overlaps bbox but all pixels cloud/land masked
  npp 20260607_0210 … ✗ swath overlaps bbox but all pixels cloud/land masked
  npp 20260607_0250 … ✗ swath overlaps bbox but all pixels cloud/land masked
  npp 20260607_0300 … ✗ swath overlaps bbox but all pixels cloud/land masked
  npp 20260607_0310 … ✗ swath overlaps bbox but all pixels cloud/land masked
  npp 20260607_0350 … ✗ swath overlaps bbox but all pixels cloud/land masked
  npp 20260607_0400 … ✗ swath overlaps bbox but all pixels cloud/land masked
  npp 20260607_0410 … ✗ swath overlaps bbox but all pixels cloud/land masked
  npp 20260607_0450 … ✗ swath overlaps bbox but all pixels cloud/land masked
  npp 20260607_0500 … ✗ swath overlaps bbox but all pixels cloud/land masked
  npp 20260607_0510 … ✗ swath overlaps bbox but all pixels cloud/land masked
  npp 20260607_0550 … ✗ swath overlaps bbox but all pixels cloud/land masked
  npp 20260607_0600 … ✗ swath overlaps bbox but all pixels cloud/land masked
  npp 20260607_0610 … ✗ swath overlaps bbox but all pixels cloud/land masked
  npp 20260607_0650 ✓ (cached)
  npp 20260607_0700 … ✗ swath overlaps bbox but all pixels cloud/land masked
  npp 20260607_0710 … ✗ swath overlaps bbox but all pixels cloud/land masked
  npp 20260607_0750 … ✗ swath overlaps bbox but all pixels cloud/land masked
  npp 20260607_0800 … ✗ swath overlaps bbox but all pixels cloud/land masked
  npp 20260607_0810 … ✗ swath overlaps bbox but all pixels cloud/land masked
  npp 20260607_0850 … ✗ swath overlaps bbox but all pixels cloud/land masked
  npp 20260607_0900 … ✗ swath overlaps bbox but all pixels cloud/land masked
  npp 20260607_0910 … ✗ swath overlaps bbox but all pixels cloud/land masked
  npp 20260607_0950 … ✗ swath overlaps bbox but all pixels cloud/land masked
  npp 20260607_1000 … ✗ swath overlaps bbox but all pixels cloud/land masked
  npp 20260607_1010 … ✗ swath overlaps bbox but all pixels cloud/land masked
  npp 20260607_1050 … ✗ swath overlaps bbox but all pixels cloud/land masked
  npp 20260607_1100 … ✗ swath overlaps bbox but all pixels cloud/land masked
  npp 20260607_1110 … ✗ swath overlaps bbox but all pixels cloud/land masked
  npp 20260607_1150 … ✗ swath overlaps bbox but all pixels cloud/land masked
  npp 20260607_1200 … ✗ swath overlaps bbox but all pixels cloud/land masked
  npp 20260607_1210 … ✗ swath overlaps bbox but all pixels cloud/land masked
  npp 20260607_1250 … ✗ swath overlaps bbox but all pixels cloud/land masked
  npp 20260607_1300 … ✗ swath overlaps bbox but all pixels cloud/land masked
  npp 20260607_1310 … ✗ swath overlaps bbox but all pixels cloud/land masked
  npp 20260607_1350 … ✗ swath overlaps bbox but all pixels cloud/land masked
  npp 20260607_1400 … ✗ swath overlaps bbox but all pixels cloud/land masked
  npp 20260607_1410 … ✗ swath overlaps bbox but all pixels cloud/land masked
  npp 20260607_1450 … ✗ swath overlaps bbox but all pixels cloud/land masked
  npp 20260607_1500 … ✗ swath overlaps bbox but all pixels cloud/land masked
  npp 20260607_1510 … ✗ swath overlaps bbox but all pixels cloud/land masked
  npp 20260607_1550 … ✗ swath overlaps bbox but all pixels cloud/land masked
  npp 20260607_1600 … ✗ swath overlaps bbox but all pixels cloud/land masked
  npp 20260607_1610 … ✗ swath overlaps bbox but all pixels cloud/land masked
  npp 20260607_1650 … ✗ swath overlaps bbox but all pixels cloud/land masked
  npp 20260607_1700 … ✗ swath overlaps bbox but all pixels cloud/land masked
  npp 20260607_1710 … ✗ swath overlaps bbox but all pixels cloud/land masked
  npp 20260607_1750 … ✗ swath overlaps bbox but all pixels cloud/land masked
  npp 20260607_1800 … ✗ swath overlaps bbox but all pixels cloud/land masked
  npp 20260607_1810 ✓ (cached)
  npp 20260607_1850 … ✗ swath overlaps bbox but all pixels cloud/land masked
  npp 20260607_1900 … ✗ swath overlaps bbox but all pixels cloud/land masked
  npp 20260607_1910 … ✗ swath overlaps bbox but all pixels cloud/land masked
  npp 20260607_1950 … ✗ swath overlaps bbox but all pixels cloud/land masked
  npp 20260607_2000 … ✗ swath overlaps bbox but all pixels cloud/land masked
  npp 20260607_2010 … ✗ swath overlaps bbox but all pixels cloud/land masked
  npp 20260607_2050 … ✗ swath overlaps bbox but all pixels cloud/land masked
  npp 20260607_2100 … ✗ swath overlaps bbox but all pixels cloud/land masked
  npp 20260607_2110 … ✗ swath overlaps bbox but all pixels cloud/land masked
  npp 20260607_2150 … ✗ swath overlaps bbox but all pixels cloud/land masked
  npp 20260607_2200 … ✗ swath overlaps bbox but all pixels cloud/land masked
  npp 20260607_2210 … ✗ swath overlaps bbox but all pixels cloud/land masked
  npp 20260607_2250 … ✗ swath overlaps bbox but all pixels cloud/land masked
  npp 20260607_2300 … ✗ swath overlaps bbox but all pixels cloud/land masked
  npp 20260607_2310 … ✗ swath overlaps bbox but all pixels cloud/land masked
  npp 20260607_2350 … ✗ swath overlaps bbox but all pixels cloud/land masked
  npp 20260608_0000 … ✗ swath overlaps bbox but all pixels cloud/land masked
  npp 20260608_0010 … ✗ swath overlaps bbox but all pixels cloud/land masked
  npp 20260608_0050 … ✗ swath overlaps bbox but all pixels cloud/land masked
  npp 20260608_0100 … ✗ swath overlaps bbox but all pixels cloud/land masked
  npp 20260608_0110 … ✗ swath overlaps bbox but all pixels cloud/land masked
  npp 20260608_0150 … ✗ swath overlaps bbox but all pixels cloud/land masked
  npp 20260608_0200 … ✗ swath overlaps bbox but all pixels cloud/land masked
  npp 20260608_0210 … ✗ swath overlaps bbox but all pixels cloud/land masked
  npp 20260608_0250 … ✗ swath overlaps bbox but all pixels cloud/land masked
  npp 20260608_0300 … ✗ swath overlaps bbox but all pixels cloud/land masked
  npp 20260608_0310 … ✗ swath overlaps bbox but all pixels cloud/land masked
  npp 20260608_0350 … ✗ swath overlaps bbox but all pixels cloud/land masked
  npp 20260608_0400 … ✗ swath overlaps bbox but all pixels cloud/land masked
  npp 20260608_0410 … ✗ swath overlaps bbox but all pixels cloud/land masked
  npp 20260608_0450 … ✗ swath overlaps bbox but all pixels cloud/land masked
  npp 20260608_0500 … ✗ swath overlaps bbox but all pixels cloud/land masked
  npp 20260608_0510 … ✗ swath overlaps bbox but all pixels cloud/land masked
  npp 20260608_0550 … ✗ swath overlaps bbox but all pixels cloud/land masked
  npp 20260608_0600 … ✗ swath overlaps bbox but all pixels cloud/land masked
  npp 20260608_0610 … ✗ swath overlaps bbox but all pixels cloud/land masked
  npp 20260608_0650 … ✗ swath overlaps bbox but all pixels cloud/land masked
  npp 20260608_0700 … ✗ swath overlaps bbox but all pixels cloud/land masked
  npp 20260608_0710 … ✗ swath overlaps bbox but all pixels cloud/land masked
  npp 20260608_0750 … ✗ swath overlaps bbox but all pixels cloud/land masked
  npp 20260608_0800 … ✗ swath overlaps bbox but all pixels cloud/land masked
  npp 20260608_0810 ✓ (cached)
  npp 20260608_0850 … ✗ swath overlaps bbox but all pixels cloud/land masked
  npp 20260608_0900 … ✗ swath overlaps bbox but all pixels cloud/land masked
  npp 20260608_0910 … ✗ swath overlaps bbox but all pixels cloud/land masked
  npp 20260608_0950 … ✗ swath overlaps bbox but all pixels cloud/land masked
  npp 20260608_1000 … ✗ swath overlaps bbox but all pixels cloud/land masked
  npp 20260608_1010 … ✗ swath overlaps bbox but all pixels cloud/land masked
  npp 20260608_1050 … ✗ swath overlaps bbox but all pixels cloud/land masked
  npp 20260608_1100 … ✗ swath overlaps bbox but all pixels cloud/land masked
  npp 20260608_1110 … ✗ swath overlaps bbox but all pixels cloud/land masked
  npp 20260608_1150 … ✗ swath overlaps bbox but all pixels cloud/land masked
  npp 20260608_1200 … ✗ swath overlaps bbox but all pixels cloud/land masked
  npp 20260608_1210 … ✗ swath overlaps bbox but all pixels cloud/land masked
  npp 20260608_1250 … ✗ swath overlaps bbox but all pixels cloud/land masked
  npp 20260608_1300 … ✗ swath overlaps bbox but all pixels cloud/land masked
  npp 20260608_1310 … ✗ swath overlaps bbox but all pixels cloud/land masked
  npp 20260608_1350 … ✗ swath overlaps bbox but all pixels cloud/land masked
  npp 20260608_1400 … ✗ swath overlaps bbox but all pixels cloud/land masked
  npp 20260608_1410 … ✗ swath overlaps bbox but all pixels cloud/land masked
  npp 20260608_1450 … ✗ swath overlaps bbox but all pixels cloud/land masked
  npp 20260608_1500 … ✗ swath overlaps bbox but all pixels cloud/land masked
  npp 20260608_1510 … ✗ swath overlaps bbox but all pixels cloud/land masked
  npp 20260608_1550 … ✗ swath overlaps bbox but all pixels cloud/land masked
  npp 20260608_1600 … ✗ swath overlaps bbox but all pixels cloud/land masked
  npp 20260608_1610 … ✗ swath overlaps bbox but all pixels cloud/land masked
  npp 20260608_1650 … ✗ swath overlaps bbox but all pixels cloud/land masked
  npp 20260608_1700 … ✗ swath overlaps bbox but all pixels cloud/land masked
  npp 20260608_1710 … ✗ swath overlaps bbox but all pixels cloud/land masked
  npp 20260608_1750 …   → DailySSTData/VIIRS/Passes/viirs_npp_20260608_1750.csv  (37993 pts, 265 lats × 304 lons)
  n20 20260606_2050 … ✗ swath overlaps bbox but all pixels cloud/land masked
  n20 20260606_2100 … ✗ swath overlaps bbox but all pixels cloud/land masked
  n20 20260606_2110 … ✗ swath overlaps bbox but all pixels cloud/land masked
  n20 20260606_2150 … ✗ swath overlaps bbox but all pixels cloud/land masked
  n20 20260606_2200 … ✗ swath overlaps bbox but all pixels cloud/land masked
  n20 20260606_2210 … ✗ swath overlaps bbox but all pixels cloud/land masked
  n20 20260606_2250 … ✗ swath overlaps bbox but all pixels cloud/land masked
  n20 20260606_2300 … ✗ swath overlaps bbox but all pixels cloud/land masked
  n20 20260606_2310 … ✗ swath overlaps bbox but all pixels cloud/land masked
  n20 20260606_2350 … ✗ swath overlaps bbox but all pixels cloud/land masked
  n20 20260607_0000 … ✗ swath overlaps bbox but all pixels cloud/land masked
  n20 20260607_0010 … ✗ swath overlaps bbox but all pixels cloud/land masked
  n20 20260607_0050 … ✗ swath overlaps bbox but all pixels cloud/land masked
  n20 20260607_0100 … ✗ swath overlaps bbox but all pixels cloud/land masked
  n20 20260607_0110 … ✗ swath overlaps bbox but all pixels cloud/land masked
  n20 20260607_0150 … ✗ swath overlaps bbox but all pixels cloud/land masked
  n20 20260607_0200 … ✗ swath overlaps bbox but all pixels cloud/land masked
  n20 20260607_0210 … ✗ swath overlaps bbox but all pixels cloud/land masked
  n20 20260607_0250 … ✗ swath overlaps bbox but all pixels cloud/land masked
  n20 20260607_0300 … ✗ swath overlaps bbox but all pixels cloud/land masked
  n20 20260607_0310 … ✗ swath overlaps bbox but all pixels cloud/land masked
  n20 20260607_0350 … ✗ swath overlaps bbox but all pixels cloud/land masked
  n20 20260607_0400 … ✗ swath overlaps bbox but all pixels cloud/land masked
  n20 20260607_0410 … ✗ swath overlaps bbox but all pixels cloud/land masked
  n20 20260607_0450 … ✗ swath overlaps bbox but all pixels cloud/land masked
  n20 20260607_0500 … ✗ swath overlaps bbox but all pixels cloud/land masked
  n20 20260607_0510 … ✗ swath overlaps bbox but all pixels cloud/land masked
  n20 20260607_0550 … ✗ swath overlaps bbox but all pixels cloud/land masked
  n20 20260607_0600 … ✗ swath overlaps bbox but all pixels cloud/land masked
  n20 20260607_0610 … ✗ swath overlaps bbox but all pixels cloud/land masked
  n20 20260607_0650 … ✗ swath overlaps bbox but all pixels cloud/land masked
  n20 20260607_0700 … ✗ swath overlaps bbox but all pixels cloud/land masked
  n20 20260607_0710 ✓ (cached)
  n20 20260607_0750 … ✗ swath overlaps bbox but all pixels cloud/land masked
  n20 20260607_0800 … ✗ swath overlaps bbox but all pixels cloud/land masked
  n20 20260607_0810 … ✗ swath overlaps bbox but all pixels cloud/land masked
  n20 20260607_0850 … ✗ swath overlaps bbox but all pixels cloud/land masked
  n20 20260607_0900 … ✗ swath overlaps bbox but all pixels cloud/land masked
  n20 20260607_0910 … ✗ swath overlaps bbox but all pixels cloud/land masked
  n20 20260607_0950 … ✗ swath overlaps bbox but all pixels cloud/land masked
  n20 20260607_1000 … ✗ swath overlaps bbox but all pixels cloud/land masked
  n20 20260607_1010 … ✗ swath overlaps bbox but all pixels cloud/land masked
  n20 20260607_1050 … ✗ swath overlaps bbox but all pixels cloud/land masked
  n20 20260607_1100 … ✗ swath overlaps bbox but all pixels cloud/land masked
  n20 20260607_1110 … ✗ swath overlaps bbox but all pixels cloud/land masked
  n20 20260607_1150 … ✗ swath overlaps bbox but all pixels cloud/land masked
  n20 20260607_1200 … ✗ swath overlaps bbox but all pixels cloud/land masked
  n20 20260607_1210 … ✗ swath overlaps bbox but all pixels cloud/land masked
  n20 20260607_1250 … ✗ swath overlaps bbox but all pixels cloud/land masked
  n20 20260607_1300 … ✗ swath overlaps bbox but all pixels cloud/land masked
  n20 20260607_1310 … ✗ swath overlaps bbox but all pixels cloud/land masked
  n20 20260607_1350 … ✗ swath overlaps bbox but all pixels cloud/land masked
  n20 20260607_1400 … ✗ swath overlaps bbox but all pixels cloud/land masked
  n20 20260607_1410 … ✗ swath overlaps bbox but all pixels cloud/land masked
  n20 20260607_1450 … ✗ swath overlaps bbox but all pixels cloud/land masked
  n20 20260607_1500 … ✗ swath overlaps bbox but all pixels cloud/land masked
  n20 20260607_1510 … ✗ swath overlaps bbox but all pixels cloud/land masked
  n20 20260607_1550 … ✗ swath overlaps bbox but all pixels cloud/land masked
  n20 20260607_1600 … ✗ swath overlaps bbox but all pixels cloud/land masked
  n20 20260607_1610 … ✗ swath overlaps bbox but all pixels cloud/land masked
  n20 20260607_1650 ✓ (cached)
  n20 20260607_1700 … ✗ swath overlaps bbox but all pixels cloud/land masked
  n20 20260607_1710 … ✗ swath overlaps bbox but all pixels cloud/land masked
  n20 20260607_1750 … ✗ swath overlaps bbox but all pixels cloud/land masked
  n20 20260607_1800 … ✗ swath overlaps bbox but all pixels cloud/land masked
  n20 20260607_1810 … ✗ swath overlaps bbox but all pixels cloud/land masked
  n20 20260607_1850 … ✗ swath overlaps bbox but all pixels cloud/land masked
  n20 20260607_1900 … ✗ swath overlaps bbox but all pixels cloud/land masked
  n20 20260607_1910 … ✗ swath overlaps bbox but all pixels cloud/land masked
  n20 20260607_1950 … ✗ swath overlaps bbox but all pixels cloud/land masked
  n20 20260607_2000 … ✗ swath overlaps bbox but all pixels cloud/land masked
  n20 20260607_2010 … ✗ swath overlaps bbox but all pixels cloud/land masked
  n20 20260607_2050 … ✗ swath overlaps bbox but all pixels cloud/land masked
  n20 20260607_2100 … ✗ swath overlaps bbox but all pixels cloud/land masked
  n20 20260607_2110 … ✗ swath overlaps bbox but all pixels cloud/land masked
  n20 20260607_2150 … ✗ swath overlaps bbox but all pixels cloud/land masked
  n20 20260607_2200 … ✗ swath overlaps bbox but all pixels cloud/land masked
  n20 20260607_2210 … ✗ swath overlaps bbox but all pixels cloud/land masked
  n20 20260607_2250 … ✗ swath overlaps bbox but all pixels cloud/land masked
  n20 20260607_2300 … ✗ swath overlaps bbox but all pixels cloud/land masked
  n20 20260607_2310 … ✗ swath overlaps bbox but all pixels cloud/land masked
  n20 20260607_2350 … ✗ swath overlaps bbox but all pixels cloud/land masked
  n20 20260608_0000 … ✗ swath overlaps bbox but all pixels cloud/land masked
  n20 20260608_0010 … ✗ swath overlaps bbox but all pixels cloud/land masked
  n20 20260608_0050 … ✗ swath overlaps bbox but all pixels cloud/land masked
  n20 20260608_0100 … ✗ swath overlaps bbox but all pixels cloud/land masked
  n20 20260608_0110 … ✗ swath overlaps bbox but all pixels cloud/land masked
  n20 20260608_0150 … ✗ swath overlaps bbox but all pixels cloud/land masked
  n20 20260608_0200 … ✗ swath overlaps bbox but all pixels cloud/land masked
  n20 20260608_0210 … ✗ swath overlaps bbox but all pixels cloud/land masked
  n20 20260608_0250 … ✗ swath overlaps bbox but all pixels cloud/land masked
  n20 20260608_0300 … ✗ swath overlaps bbox but all pixels cloud/land masked
  n20 20260608_0310 … ✗ swath overlaps bbox but all pixels cloud/land masked
  n20 20260608_0350 … ✗ swath overlaps bbox but all pixels cloud/land masked
  n20 20260608_0400 … ✗ swath overlaps bbox but all pixels cloud/land masked
  n20 20260608_0410 … ✗ swath overlaps bbox but all pixels cloud/land masked
  n20 20260608_0450 … ✗ swath overlaps bbox but all pixels cloud/land masked
  n20 20260608_0500 … ✗ swath overlaps bbox but all pixels cloud/land masked
  n20 20260608_0510 … ✗ swath overlaps bbox but all pixels cloud/land masked
  n20 20260608_0550 … ✗ swath overlaps bbox but all pixels cloud/land masked
  n20 20260608_0600 … ✗ swath overlaps bbox but all pixels cloud/land masked
  n20 20260608_0610 … ✗ swath overlaps bbox but all pixels cloud/land masked
  n20 20260608_0650 ✓ (cached)
  n20 20260608_0700 … ✗ swath overlaps bbox but all pixels cloud/land masked
  n20 20260608_0710 … ✗ swath overlaps bbox but all pixels cloud/land masked
  n20 20260608_0750 … ✗ swath overlaps bbox but all pixels cloud/land masked
  n20 20260608_0800 … ✗ swath overlaps bbox but all pixels cloud/land masked
  n20 20260608_0810 … ✗ swath overlaps bbox but all pixels cloud/land masked
  n20 20260608_0850 … ✗ swath overlaps bbox but all pixels cloud/land masked
  n20 20260608_0900 … ✗ swath overlaps bbox but all pixels cloud/land masked
  n20 20260608_0910 … ✗ swath overlaps bbox but all pixels cloud/land masked
  n20 20260608_0950 … ✗ swath overlaps bbox but all pixels cloud/land masked
  n20 20260608_1000 … ✗ swath overlaps bbox but all pixels cloud/land masked
  n20 20260608_1010 … ✗ swath overlaps bbox but all pixels cloud/land masked
  n20 20260608_1050 … ✗ swath overlaps bbox but all pixels cloud/land masked
  n20 20260608_1100 … ✗ swath overlaps bbox but all pixels cloud/land masked
  n20 20260608_1110 … ✗ swath overlaps bbox but all pixels cloud/land masked
  n20 20260608_1150 … ✗ swath overlaps bbox but all pixels cloud/land masked
  n20 20260608_1200 … ✗ swath overlaps bbox but all pixels cloud/land masked
  n20 20260608_1210 … ✗ swath overlaps bbox but all pixels cloud/land masked
  n20 20260608_1250 … ✗ swath overlaps bbox but all pixels cloud/land masked
  n20 20260608_1300 … ✗ swath overlaps bbox but all pixels cloud/land masked
  n20 20260608_1310 … ✗ swath overlaps bbox but all pixels cloud/land masked
  n20 20260608_1350 … ✗ swath overlaps bbox but all pixels cloud/land masked
  n20 20260608_1400 … ✗ swath overlaps bbox but all pixels cloud/land masked
  n20 20260608_1410 … ✗ swath overlaps bbox but all pixels cloud/land masked
  n20 20260608_1450 … ✗ swath overlaps bbox but all pixels cloud/land masked
  n20 20260608_1500 … ✗ swath overlaps bbox but all pixels cloud/land masked
  n20 20260608_1510 … ✗ swath overlaps bbox but all pixels cloud/land masked
  n20 20260608_1550 … ✗ swath overlaps bbox but all pixels cloud/land masked
  n20 20260608_1600 … ✗ swath overlaps bbox but all pixels cloud/land masked
  n20 20260608_1610 … ✗ swath overlaps bbox but all pixels cloud/land masked
  n20 20260608_1650 … ✗ swath overlaps bbox but all pixels cloud/land masked
  n20 20260608_1700 … ✗ swath overlaps bbox but all pixels cloud/land masked
  n20 20260608_1710 … ✗ swath overlaps bbox but all pixels cloud/land masked
  n20 20260608_1750 … ✗ swath overlaps bbox but all pixels cloud/land masked
  n20 20260608_1800 … ✗ swath overlaps bbox but all pixels cloud/land masked
  n20 20260608_1810 …   → DailySSTData/VIIRS/Passes/viirs_n20_20260608_1810.csv  (35833 pts, 265 lats × 306 lons)
  n20 20260608_1850 … ✗ swath overlaps bbox but all pixels cloud/land masked
  n20 20260608_1900 … ✗ swath overlaps bbox but all pixels cloud/land masked
  n20 20260608_1910 … ✗ swath overlaps bbox but all pixels cloud/land masked
  ⚠ dir listing failed n21 2026/157: HTTPSConnectionPool(host='www.star.nesdis.noaa.gov', port=443): Read timed out.
  n21 20260607_0000 … ✗ swath overlaps bbox but all pixels cloud/land masked
  n21 20260607_0010 … ✗ swath overlaps bbox but all pixels cloud/land masked
  n21 20260607_0050 … ✗ swath overlaps bbox but all pixels cloud/land masked
  n21 20260607_0100 … ✗ swath overlaps bbox but all pixels cloud/land masked
  n21 20260607_0110 … ✗ swath overlaps bbox but all pixels cloud/land masked
  n21 20260607_0150 … ✗ swath overlaps bbox but all pixels cloud/land masked
  n21 20260607_0200 … ✗ swath overlaps bbox but all pixels cloud/land masked
  n21 20260607_0210 … ✗ swath overlaps bbox but all pixels cloud/land masked
  n21 20260607_0250 … ✗ swath overlaps bbox but all pixels cloud/land masked
  n21 20260607_0300 … ✗ swath overlaps bbox but all pixels cloud/land masked
  n21 20260607_0310 … ✗ swath overlaps bbox but all pixels cloud/land masked
  n21 20260607_0350 … ✗ swath overlaps bbox but all pixels cloud/land masked
  n21 20260607_0400 … ✗ swath overlaps bbox but all pixels cloud/land masked
  n21 20260607_0410 … ✗ swath overlaps bbox but all pixels cloud/land masked
  n21 20260607_0450 … ✗ swath overlaps bbox but all pixels cloud/land masked
  n21 20260607_0500 … ✗ swath overlaps bbox but all pixels cloud/land masked
  n21 20260607_0510 … ✗ swath overlaps bbox but all pixels cloud/land masked
  n21 20260607_0550 … ✗ swath overlaps bbox but all pixels cloud/land masked
  n21 20260607_0600 … ✗ swath overlaps bbox but all pixels cloud/land masked
  n21 20260607_0610 … ✗ swath overlaps bbox but all pixels cloud/land masked
  n21 20260607_0650 … ✗ swath overlaps bbox but all pixels cloud/land masked
  n21 20260607_0700 … ✗ swath overlaps bbox but all pixels cloud/land masked
  n21 20260607_0710 … ✗ swath overlaps bbox but all pixels cloud/land masked
  n21 20260607_0750 … ✗ swath overlaps bbox but all pixels cloud/land masked
  n21 20260607_0800 ✓ (cached)
  n21 20260607_0810 … ✗ swath overlaps bbox but all pixels cloud/land masked
  n21 20260607_0850 … ✗ swath overlaps bbox but all pixels cloud/land masked
  n21 20260607_0900 … ✗ swath overlaps bbox but all pixels cloud/land masked
  n21 20260607_0910 … ✗ swath overlaps bbox but all pixels cloud/land masked
  n21 20260607_0950 … ✗ swath overlaps bbox but all pixels cloud/land masked
  n21 20260607_1000 … ✗ swath overlaps bbox but all pixels cloud/land masked
  n21 20260607_1010 … ✗ swath overlaps bbox but all pixels cloud/land masked
  n21 20260607_1050 … ✗ swath overlaps bbox but all pixels cloud/land masked
  n21 20260607_1100 … ✗ swath overlaps bbox but all pixels cloud/land masked
  n21 20260607_1110 … ✗ swath overlaps bbox but all pixels cloud/land masked
  n21 20260607_1150 … ✗ swath overlaps bbox but all pixels cloud/land masked
  n21 20260607_1200 … ✗ swath overlaps bbox but all pixels cloud/land masked
  n21 20260607_1210 … ✗ swath overlaps bbox but all pixels cloud/land masked
  n21 20260607_1250 … ✗ swath overlaps bbox but all pixels cloud/land masked
  n21 20260607_1300 … ✗ swath overlaps bbox but all pixels cloud/land masked
  n21 20260607_1310 … ✗ swath overlaps bbox but all pixels cloud/land masked
  n21 20260607_1350 … ✗ swath overlaps bbox but all pixels cloud/land masked
  n21 20260607_1400 … ✗ swath overlaps bbox but all pixels cloud/land masked
  n21 20260607_1410 … ✗ swath overlaps bbox but all pixels cloud/land masked
  n21 20260607_1450 … ✗ swath overlaps bbox but all pixels cloud/land masked
  n21 20260607_1500 … ✗ swath overlaps bbox but all pixels cloud/land masked
  n21 20260607_1510 … ✗ swath overlaps bbox but all pixels cloud/land masked
  n21 20260607_1550 … ✗ swath overlaps bbox but all pixels cloud/land masked
  n21 20260607_1600 … ✗ swath overlaps bbox but all pixels cloud/land masked
  n21 20260607_1610 … ✗ swath overlaps bbox but all pixels cloud/land masked
  n21 20260607_1650 … ✗ swath overlaps bbox but all pixels cloud/land masked
  n21 20260607_1700 … ✗ swath overlaps bbox but all pixels cloud/land masked
  n21 20260607_1710 … ✗ swath overlaps bbox but all pixels cloud/land masked
  n21 20260607_1750 … ✗ swath overlaps bbox but all pixels cloud/land masked
  n21 20260607_1800 … ✗ swath overlaps bbox but all pixels cloud/land masked
  n21 20260607_1810 … ✗ swath overlaps bbox but all pixels cloud/land masked
  n21 20260607_1850 … ✗ swath overlaps bbox but all pixels cloud/land masked
  n21 20260607_1900 … ✗ swath overlaps bbox but all pixels cloud/land masked
  n21 20260607_1910 … ✗ swath overlaps bbox but all pixels cloud/land masked
  n21 20260607_1950 … ✗ swath overlaps bbox but all pixels cloud/land masked
  n21 20260607_2000 … ✗ swath overlaps bbox but all pixels cloud/land masked
  n21 20260607_2010 … ✗ swath overlaps bbox but all pixels cloud/land masked
  n21 20260607_2050 … ✗ swath overlaps bbox but all pixels cloud/land masked
  n21 20260607_2100 … ✗ swath overlaps bbox but all pixels cloud/land masked
  n21 20260607_2110 … ✗ swath overlaps bbox but all pixels cloud/land masked
  n21 20260607_2150 … ✗ swath overlaps bbox but all pixels cloud/land masked
  n21 20260607_2200 … ✗ swath overlaps bbox but all pixels cloud/land masked
  n21 20260607_2210 … ✗ swath overlaps bbox but all pixels cloud/land masked
  n21 20260607_2250 … ✗ swath overlaps bbox but all pixels cloud/land masked
  n21 20260607_2300 … ✗ swath overlaps bbox but all pixels cloud/land masked
  n21 20260607_2310 … ✗ swath overlaps bbox but all pixels cloud/land masked
  n21 20260607_2350 … ✗ swath overlaps bbox but all pixels cloud/land masked
  ⚠ dir listing failed n21 2026/159: HTTPSConnectionPool(host='www.star.nesdis.noaa.gov', port=443): Read timed out.

  VIIRS summary: 2 written, 7 cached, 340 miss/cloud, 595 outside windows.

=========================================================
✓ Pipeline complete
=========================================================
