=========================================================
SST PIPELINE
  UTC  : 2026-06-10 11:32:02
  Bbox : 33.7–39.0°N  -78.89–-72.21°E
=========================================================

── MUR daily composite (last 5 days) ──
  MUR 20260609 (coastwatch.noaa.gov) … ✗ RuntimeError
  MUR 20260609 (coastwatch.pfeg.noaa.gov) … ✗ RuntimeError
  MUR 20260609 (upwell.pfeg.noaa.gov) … ✗ RuntimeError
  ✗ MUR 20260609 — all mirrors failed. Last: upwell.pfeg.noaa.gov: RuntimeError: ConnectTimeout: HTTPSConnectionPool(host='upwell.pfeg.noaa.gov', port=443): Max retries exceeded with url: /erddap/gridd
  ✓ MUR 20260608 (cached)
  ✓ MUR 20260607 (cached)
  ✓ MUR 20260606 (cached)
  ✓ MUR 20260605 (cached)

── GOES-19 geo-polar blended daily composite ──
  Candidates: 4 (2 hosts × 2 dataset IDs)
  GOES 20260610 [noaa/noaacwBLENDEDsstDLDaily] … ✗ RuntimeError: 404 — no data for this date
  GOES 20260610 [noaa/noaacwBLENDEDsstDaily] … ✗ RuntimeError: 404 — no data for this date
  GOES 20260610 [pfeg/noaacwBLENDEDsstDLDaily] … ✗ RuntimeError: host coastwatch.pfeg.noaa.gov blacklisted after resets
  GOES 20260610 [pfeg/noaacwBLENDEDsstDaily] … skipped (host blacklisted)
  GOES 20260609 [noaa/noaacwBLENDEDsstDLDaily] … ✗ RuntimeError: 404 — no data for this date
  GOES 20260609 [noaa/noaacwBLENDEDsstDaily] … ✗ RuntimeError: 404 — no data for this date
  GOES 20260609 [pfeg/noaacwBLENDEDsstDLDaily] … skipped (host blacklisted)
  GOES 20260609 [pfeg/noaacwBLENDEDsstDaily] … skipped (host blacklisted)
  ✓ GOES composite 20260608 (cached)

── VIIRS multi-pass (last 48h — NPP/N20/N21) ──
  ✓ VIIRS NRT base: https://www.star.nesdis.noaa.gov/pub/socd2/coastwatch/sst/nrt/viirs
  Hourly windows : 48
  Window range   : 2026-06-08 11:50Z → 2026-06-10 11:10Z
  Half-width     : ±10 min per bucket
  npp 20260608_1150 … ✗ swath overlaps bbox but all pixels cloud/land masked
  npp 20260608_1200 … ✗ swath overlaps bbox but all pixels cloud/land masked
  npp 20260608_1210 … ✗ swath overlaps bbox but all pixels cloud/land masked
  npp 20260608_1250 … ✗ swath overlaps bbox but all pixels cloud/land masked
  npp 20260608_1300 … ✗ swath overlaps bbox but all pixels cloud/land masked
  npp 20260608_1310 … ✗ swath overlaps bbox but all pixels cloud/land masked
  npp 20260608_1350 … ✗ swath overlaps bbox but all pixels cloud/land masked
  npp 20260608_1400 … ✗ swath overlaps bbox but all pixels cloud/land masked
  npp 20260608_1410 … ✗ swath overlaps bbox but all pixels cloud/land masked
  npp 20260608_1450 … ✗ swath overlaps bbox but all pixels cloud/land masked
  npp 20260608_1500 … ✗ swath overlaps bbox but all pixels cloud/land masked
  npp 20260608_1510 … ✗ swath overlaps bbox but all pixels cloud/land masked
  npp 20260608_1550 … ✗ swath overlaps bbox but all pixels cloud/land masked
  npp 20260608_1600 … ✗ swath overlaps bbox but all pixels cloud/land masked
  npp 20260608_1610 … ✗ swath overlaps bbox but all pixels cloud/land masked
  npp 20260608_1650 … ✗ swath overlaps bbox but all pixels cloud/land masked
  npp 20260608_1700 … ✗ swath overlaps bbox but all pixels cloud/land masked
  npp 20260608_1710 … ✗ swath overlaps bbox but all pixels cloud/land masked
  npp 20260608_1750 ✓ (cached)
  npp 20260608_1800 … ✗ swath overlaps bbox but all pixels cloud/land masked
  npp 20260608_1810 … ✗ swath overlaps bbox but all pixels cloud/land masked
  npp 20260608_1850 … ✗ swath overlaps bbox but all pixels cloud/land masked
  npp 20260608_1900 … ✗ swath overlaps bbox but all pixels cloud/land masked
  npp 20260608_1910 … ✗ swath overlaps bbox but all pixels cloud/land masked
  npp 20260608_1950 … ✗ swath overlaps bbox but all pixels cloud/land masked
  npp 20260608_2000 … ✗ swath overlaps bbox but all pixels cloud/land masked
  npp 20260608_2010 … ✗ swath overlaps bbox but all pixels cloud/land masked
  npp 20260608_2050 … ✗ swath overlaps bbox but all pixels cloud/land masked
  npp 20260608_2100 … ✗ swath overlaps bbox but all pixels cloud/land masked
  npp 20260608_2110 … ✗ swath overlaps bbox but all pixels cloud/land masked
  npp 20260608_2150 … ✗ swath overlaps bbox but all pixels cloud/land masked
  npp 20260608_2200 … ✗ swath overlaps bbox but all pixels cloud/land masked
  npp 20260608_2210 … ✗ swath overlaps bbox but all pixels cloud/land masked
  npp 20260608_2250 … ✗ swath overlaps bbox but all pixels cloud/land masked
  npp 20260608_2300 … ✗ swath overlaps bbox but all pixels cloud/land masked
  npp 20260608_2310 … ✗ swath overlaps bbox but all pixels cloud/land masked
  npp 20260608_2350 … ✗ swath overlaps bbox but all pixels cloud/land masked
  npp 20260609_0000 … ✗ swath overlaps bbox but all pixels cloud/land masked
  npp 20260609_0010 … ✗ swath overlaps bbox but all pixels cloud/land masked
  npp 20260609_0050 … ✗ swath overlaps bbox but all pixels cloud/land masked
  npp 20260609_0100 … ✗ swath overlaps bbox but all pixels cloud/land masked
  npp 20260609_0110 … ✗ swath overlaps bbox but all pixels cloud/land masked
  npp 20260609_0150 … ✗ swath overlaps bbox but all pixels cloud/land masked
  npp 20260609_0200 … ✗ swath overlaps bbox but all pixels cloud/land masked
  npp 20260609_0210 … ✗ swath overlaps bbox but all pixels cloud/land masked
  npp 20260609_0250 … ✗ swath overlaps bbox but all pixels cloud/land masked
  npp 20260609_0300 … ✗ swath overlaps bbox but all pixels cloud/land masked
  npp 20260609_0310 … ✗ swath overlaps bbox but all pixels cloud/land masked
  npp 20260609_0350 … ✗ swath overlaps bbox but all pixels cloud/land masked
  npp 20260609_0400 … ✗ swath overlaps bbox but all pixels cloud/land masked
  npp 20260609_0410 … ✗ swath overlaps bbox but all pixels cloud/land masked
  npp 20260609_0450 … ✗ swath overlaps bbox but all pixels cloud/land masked
  npp 20260609_0500 … ✗ swath overlaps bbox but all pixels cloud/land masked
  npp 20260609_0510 … ✗ swath overlaps bbox but all pixels cloud/land masked
  npp 20260609_0550 … ✗ swath overlaps bbox but all pixels cloud/land masked
  npp 20260609_0600 … ✗ swath overlaps bbox but all pixels cloud/land masked
  npp 20260609_0610 ✓ (cached)
  npp 20260609_0650 … ✗ swath overlaps bbox but all pixels cloud/land masked
  npp 20260609_0700 … ✗ swath overlaps bbox but all pixels cloud/land masked
  npp 20260609_0710 … ✗ swath overlaps bbox but all pixels cloud/land masked
  npp 20260609_0750 ✓ (cached)
  npp 20260609_0800 … ✗ swath overlaps bbox but all pixels cloud/land masked
  npp 20260609_0810 … ✗ swath overlaps bbox but all pixels cloud/land masked
  npp 20260609_0850 … ✗ swath overlaps bbox but all pixels cloud/land masked
  npp 20260609_0900 … ✗ swath overlaps bbox but all pixels cloud/land masked
  npp 20260609_0910 … ✗ swath overlaps bbox but all pixels cloud/land masked
  npp 20260609_0950 … ✗ swath overlaps bbox but all pixels cloud/land masked
  npp 20260609_1000 … ✗ swath overlaps bbox but all pixels cloud/land masked
  npp 20260609_1010 … ✗ swath overlaps bbox but all pixels cloud/land masked
  npp 20260609_1050 … ✗ swath overlaps bbox but all pixels cloud/land masked
  npp 20260609_1100 … ✗ swath overlaps bbox but all pixels cloud/land masked
  npp 20260609_1110 … ✗ swath overlaps bbox but all pixels cloud/land masked
  npp 20260609_1150 … ✗ swath overlaps bbox but all pixels cloud/land masked
  npp 20260609_1200 … ✗ swath overlaps bbox but all pixels cloud/land masked
  npp 20260609_1210 … ✗ swath overlaps bbox but all pixels cloud/land masked
  npp 20260609_1250 … ✗ swath overlaps bbox but all pixels cloud/land masked
  npp 20260609_1300 … ✗ swath overlaps bbox but all pixels cloud/land masked
  npp 20260609_1310 … ✗ swath overlaps bbox but all pixels cloud/land masked
  npp 20260609_1350 … ✗ swath overlaps bbox but all pixels cloud/land masked
  npp 20260609_1400 … ✗ swath overlaps bbox but all pixels cloud/land masked
  npp 20260609_1410 … ✗ swath overlaps bbox but all pixels cloud/land masked
  npp 20260609_1450 … ✗ swath overlaps bbox but all pixels cloud/land masked
  npp 20260609_1500 … ✗ swath overlaps bbox but all pixels cloud/land masked
  npp 20260609_1510 … ✗ swath overlaps bbox but all pixels cloud/land masked
  npp 20260609_1550 … ✗ swath overlaps bbox but all pixels cloud/land masked
  npp 20260609_1600 … ✗ swath overlaps bbox but all pixels cloud/land masked
  npp 20260609_1610 … ✗ swath overlaps bbox but all pixels cloud/land masked
  npp 20260609_1650 … ✗ swath overlaps bbox but all pixels cloud/land masked
  npp 20260609_1700 … ✗ swath overlaps bbox but all pixels cloud/land masked
  npp 20260609_1710 … ✗ swath overlaps bbox but all pixels cloud/land masked
  npp 20260609_1750 … ✗ swath overlaps bbox but all pixels cloud/land masked
  npp 20260609_1800 … ✗ swath overlaps bbox but all pixels cloud/land masked
  npp 20260609_1810 … ✗ swath overlaps bbox but all pixels cloud/land masked
  npp 20260609_1850 … ✗ swath overlaps bbox but all pixels cloud/land masked
  npp 20260609_1900 … ✗ swath overlaps bbox but all pixels cloud/land masked
  npp 20260609_1910 … ✗ swath overlaps bbox but all pixels cloud/land masked
  npp 20260609_1950 … ✗ swath overlaps bbox but all pixels cloud/land masked
  npp 20260609_2000 … ✗ swath overlaps bbox but all pixels cloud/land masked
  npp 20260609_2010 … ✗ swath overlaps bbox but all pixels cloud/land masked
  npp 20260609_2050 … ✗ swath overlaps bbox but all pixels cloud/land masked
  npp 20260609_2100 … ✗ swath overlaps bbox but all pixels cloud/land masked
  npp 20260609_2110 … ✗ swath overlaps bbox but all pixels cloud/land masked
  npp 20260609_2150 … ✗ swath overlaps bbox but all pixels cloud/land masked
  npp 20260609_2200 … ✗ swath overlaps bbox but all pixels cloud/land masked
  npp 20260609_2210 … ✗ swath overlaps bbox but all pixels cloud/land masked
  npp 20260609_2250 … ✗ swath overlaps bbox but all pixels cloud/land masked
  npp 20260609_2300 … ✗ swath overlaps bbox but all pixels cloud/land masked
  npp 20260609_2310 … ✗ swath overlaps bbox but all pixels cloud/land masked
  npp 20260609_2350 … ✗ swath overlaps bbox but all pixels cloud/land masked
  npp 20260610_0000 … ✗ swath overlaps bbox but all pixels cloud/land masked
  npp 20260610_0010 … ✗ swath overlaps bbox but all pixels cloud/land masked
  npp 20260610_0050 … ✗ swath overlaps bbox but all pixels cloud/land masked
  npp 20260610_0100 … ✗ swath overlaps bbox but all pixels cloud/land masked
  npp 20260610_0110 … ✗ swath overlaps bbox but all pixels cloud/land masked
  npp 20260610_0150 … ✗ swath overlaps bbox but all pixels cloud/land masked
  npp 20260610_0200 … ✗ swath overlaps bbox but all pixels cloud/land masked
  npp 20260610_0210 … ✗ swath overlaps bbox but all pixels cloud/land masked
  npp 20260610_0250 … ✗ swath overlaps bbox but all pixels cloud/land masked
  npp 20260610_0310 … ✗ swath overlaps bbox but all pixels cloud/land masked
  npp 20260610_0400 … ✗ swath overlaps bbox but all pixels cloud/land masked
  npp 20260610_0410 … ✗ swath overlaps bbox but all pixels cloud/land masked
  npp 20260610_0450 … ✗ swath overlaps bbox but all pixels cloud/land masked
  npp 20260610_0500 … ✗ swath overlaps bbox but all pixels cloud/land masked
  npp 20260610_0510 … ✗ swath overlaps bbox but all pixels cloud/land masked
  npp 20260610_0550 …   → DailySSTData/VIIRS/Passes/viirs_npp_20260610_0550.csv  (14196 pts, 204 lats × 215 lons)
  npp 20260610_0600 …   → DailySSTData/VIIRS/Passes/viirs_npp_20260610_0600.csv  (2819 pts, 71 lats × 224 lons)
  npp 20260610_0610 … ✗ swath overlaps bbox but all pixels cloud/land masked
  npp 20260610_0650 … ✗ swath overlaps bbox but all pixels cloud/land masked
  npp 20260610_0700 … ✗ swath overlaps bbox but all pixels cloud/land masked
  npp 20260610_0710 … ✗ swath overlaps bbox but all pixels cloud/land masked
  npp 20260610_0750 … ✗ swath overlaps bbox but all pixels cloud/land masked
  npp 20260610_0800 … ✗ swath overlaps bbox but all pixels cloud/land masked
  npp 20260610_0810 … ✗ swath overlaps bbox but all pixels cloud/land masked
  npp 20260610_0850 … ✗ swath overlaps bbox but all pixels cloud/land masked
  npp 20260610_0900 … ✗ swath overlaps bbox but all pixels cloud/land masked
  npp 20260610_0910 … ✗ swath overlaps bbox but all pixels cloud/land masked
  npp 20260610_0950 … ✗ swath overlaps bbox but all pixels cloud/land masked
  npp 20260610_1010 … ✗ swath overlaps bbox but all pixels cloud/land masked
  n20 20260608_1150 … ✗ swath overlaps bbox but all pixels cloud/land masked
  n20 20260608_1200 … ✗ swath overlaps bbox but all pixels cloud/land masked
  n20 20260608_1210 … ✗ swath overlaps bbox but all pixels cloud/land masked
  n20 20260608_1250 … ✗ swath overlaps bbox but all pixels cloud/land masked
  n20 20260608_1300 … ✗ swath overlaps bbox but all pixels cloud/land masked
  n20 20260608_1310 … ✗ swath overlaps bbox but all pixels cloud/land masked
  n20 20260608_1350 … ✗ swath overlaps bbox but all pixels cloud/land masked
  n20 20260608_1400 … ✗ swath overlaps bbox but all pixels cloud/land masked
  n20 20260608_1410 … ✗ swath overlaps bbox but all pixels cloud/land masked
  n20 20260608_1450 … ✗ swath overlaps bbox but all pixels cloud/land masked
  n20 20260608_1500 … ✗ swath overlaps bbox but all pixels cloud/land masked
  n20 20260608_1510 … ✗ swath overlaps bbox but all pixels cloud/land masked
  n20 20260608_1550 … ✗ swath overlaps bbox but all pixels cloud/land masked
  n20 20260608_1600 … ✗ swath overlaps bbox but all pixels cloud/land masked
  n20 20260608_1610 … ✗ swath overlaps bbox but all pixels cloud/land masked
  n20 20260608_1650 … ✗ swath overlaps bbox but all pixels cloud/land masked
  n20 20260608_1700 … ✗ swath overlaps bbox but all pixels cloud/land masked
  n20 20260608_1710 … ✗ swath overlaps bbox but all pixels cloud/land masked
  n20 20260608_1750 … ✗ swath overlaps bbox but all pixels cloud/land masked
  n20 20260608_1800 … ✗ swath overlaps bbox but all pixels cloud/land masked
  n20 20260608_1810 ✓ (cached)
  n20 20260608_1850 … ✗ swath overlaps bbox but all pixels cloud/land masked
  n20 20260608_1900 … ✗ swath overlaps bbox but all pixels cloud/land masked
  n20 20260608_1910 … ✗ swath overlaps bbox but all pixels cloud/land masked
  n20 20260608_1950 … ✗ swath overlaps bbox but all pixels cloud/land masked
  n20 20260608_2000 … ✗ swath overlaps bbox but all pixels cloud/land masked
  n20 20260608_2010 … ✗ swath overlaps bbox but all pixels cloud/land masked
  n20 20260608_2050 … ✗ swath overlaps bbox but all pixels cloud/land masked
  n20 20260608_2100 … ✗ swath overlaps bbox but all pixels cloud/land masked
  n20 20260608_2110 … ✗ swath overlaps bbox but all pixels cloud/land masked
  n20 20260608_2150 … ✗ swath overlaps bbox but all pixels cloud/land masked
  n20 20260608_2200 … ✗ swath overlaps bbox but all pixels cloud/land masked
  n20 20260608_2210 … ✗ swath overlaps bbox but all pixels cloud/land masked
  n20 20260608_2250 … ✗ swath overlaps bbox but all pixels cloud/land masked
  n20 20260608_2300 … ✗ swath overlaps bbox but all pixels cloud/land masked
  n20 20260608_2310 … ✗ swath overlaps bbox but all pixels cloud/land masked
  n20 20260608_2350 … ✗ swath overlaps bbox but all pixels cloud/land masked
  n20 20260609_0000 … ✗ swath overlaps bbox but all pixels cloud/land masked
  n20 20260609_0010 … ✗ swath overlaps bbox but all pixels cloud/land masked
  n20 20260609_0050 … ✗ swath overlaps bbox but all pixels cloud/land masked
  n20 20260609_0100 … ✗ swath overlaps bbox but all pixels cloud/land masked
  n20 20260609_0110 … ✗ swath overlaps bbox but all pixels cloud/land masked
  n20 20260609_0150 … ✗ swath overlaps bbox but all pixels cloud/land masked
  n20 20260609_0200 … ✗ swath overlaps bbox but all pixels cloud/land masked
  n20 20260609_0210 … ✗ swath overlaps bbox but all pixels cloud/land masked
  n20 20260609_0250 … ✗ swath overlaps bbox but all pixels cloud/land masked
  n20 20260609_0300 … ✗ swath overlaps bbox but all pixels cloud/land masked
  n20 20260609_0310 … ✗ swath overlaps bbox but all pixels cloud/land masked
  n20 20260609_0350 … ✗ swath overlaps bbox but all pixels cloud/land masked
  n20 20260609_0400 … ✗ swath overlaps bbox but all pixels cloud/land masked
  n20 20260609_0410 … ✗ swath overlaps bbox but all pixels cloud/land masked
  n20 20260609_0450 … ✗ swath overlaps bbox but all pixels cloud/land masked
  n20 20260609_0500 … ✗ swath overlaps bbox but all pixels cloud/land masked
  n20 20260609_0510 … ✗ swath overlaps bbox but all pixels cloud/land masked
  n20 20260609_0550 … ✗ swath overlaps bbox but all pixels cloud/land masked
  n20 20260609_0600 … ✗ swath overlaps bbox but all pixels cloud/land masked
  n20 20260609_0610 … ✗ swath overlaps bbox but all pixels cloud/land masked
  n20 20260609_0650 … ✗ swath overlaps bbox but all pixels cloud/land masked
  n20 20260609_0700 … ✗ swath overlaps bbox but all pixels cloud/land masked
  n20 20260609_0710 … ✗ swath overlaps bbox but all pixels cloud/land masked
  n20 20260609_0750 … ✗ swath overlaps bbox but all pixels cloud/land masked
  n20 20260609_0800 … ✗ swath overlaps bbox but all pixels cloud/land masked
  n20 20260609_0810 … ✗ swath overlaps bbox but all pixels cloud/land masked
  n20 20260609_0850 … ✗ swath overlaps bbox but all pixels cloud/land masked
  n20 20260609_0900 … ✗ swath overlaps bbox but all pixels cloud/land masked
  n20 20260609_0910 … ✗ swath overlaps bbox but all pixels cloud/land masked
  n20 20260609_0950 … ✗ swath overlaps bbox but all pixels cloud/land masked
  n20 20260609_1000 … ✗ swath overlaps bbox but all pixels cloud/land masked
  n20 20260609_1010 … ✗ swath overlaps bbox but all pixels cloud/land masked
  n20 20260609_1050 … ✗ swath overlaps bbox but all pixels cloud/land masked
  n20 20260609_1100 … ✗ swath overlaps bbox but all pixels cloud/land masked
  n20 20260609_1110 … ✗ swath overlaps bbox but all pixels cloud/land masked
  n20 20260609_1150 … ✗ swath overlaps bbox but all pixels cloud/land masked
  n20 20260609_1200 … ✗ swath overlaps bbox but all pixels cloud/land masked
  n20 20260609_1210 … ✗ swath overlaps bbox but all pixels cloud/land masked
  n20 20260609_1250 … ✗ swath overlaps bbox but all pixels cloud/land masked
  n20 20260609_1300 … ✗ swath overlaps bbox but all pixels cloud/land masked
  n20 20260609_1310 … ✗ swath overlaps bbox but all pixels cloud/land masked
  n20 20260609_1350 … ✗ swath overlaps bbox but all pixels cloud/land masked
  n20 20260609_1400 … ✗ swath overlaps bbox but all pixels cloud/land masked
  n20 20260609_1410 … ✗ swath overlaps bbox but all pixels cloud/land masked
  n20 20260609_1450 … ✗ swath overlaps bbox but all pixels cloud/land masked
  n20 20260609_1500 … ✗ swath overlaps bbox but all pixels cloud/land masked
  n20 20260609_1510 … ✗ swath overlaps bbox but all pixels cloud/land masked
  n20 20260609_1550 … ✗ swath overlaps bbox but all pixels cloud/land masked
  n20 20260609_1600 … ✗ swath overlaps bbox but all pixels cloud/land masked
  n20 20260609_1610 … ✗ swath overlaps bbox but all pixels cloud/land masked
  n20 20260609_1650 … ✗ swath overlaps bbox but all pixels cloud/land masked
  n20 20260609_1700 … ✗ swath overlaps bbox but all pixels cloud/land masked
  n20 20260609_1710 … ✗ swath overlaps bbox but all pixels cloud/land masked
  n20 20260609_1750 ✓ (cached)
  n20 20260609_1800 … ✗ swath overlaps bbox but all pixels cloud/land masked
  n20 20260609_1810 … ✗ swath overlaps bbox but all pixels cloud/land masked
  n20 20260609_1850 … ✗ swath overlaps bbox but all pixels cloud/land masked
  n20 20260609_1900 … ✗ swath overlaps bbox but all pixels cloud/land masked
  n20 20260609_1910 … ✗ swath overlaps bbox but all pixels cloud/land masked
  n20 20260609_1950 … ✗ swath overlaps bbox but all pixels cloud/land masked
  n20 20260609_2000 … ✗ swath overlaps bbox but all pixels cloud/land masked
  n20 20260609_2010 … ✗ swath overlaps bbox but all pixels cloud/land masked
  n20 20260609_2050 … ✗ swath overlaps bbox but all pixels cloud/land masked
  n20 20260609_2100 … ✗ swath overlaps bbox but all pixels cloud/land masked
  n20 20260609_2110 … ✗ swath overlaps bbox but all pixels cloud/land masked
  n20 20260609_2150 … ✗ swath overlaps bbox but all pixels cloud/land masked
  n20 20260609_2200 … ✗ swath overlaps bbox but all pixels cloud/land masked
  n20 20260609_2210 … ✗ swath overlaps bbox but all pixels cloud/land masked
  n20 20260609_2250 … ✗ swath overlaps bbox but all pixels cloud/land masked
  n20 20260609_2300 … ✗ swath overlaps bbox but all pixels cloud/land masked
  n20 20260609_2310 … ✗ swath overlaps bbox but all pixels cloud/land masked
  n20 20260609_2350 … ✗ swath overlaps bbox but all pixels cloud/land masked
  n20 20260610_0000 … ✗ swath overlaps bbox but all pixels cloud/land masked
  n20 20260610_0010 … ✗ swath overlaps bbox but all pixels cloud/land masked
  n20 20260610_0050 … ✗ swath overlaps bbox but all pixels cloud/land masked
  n20 20260610_0100 … ✗ swath overlaps bbox but all pixels cloud/land masked
  n20 20260610_0110 … ✗ swath overlaps bbox but all pixels cloud/land masked
  n20 20260610_0150 … ✗ swath overlaps bbox but all pixels cloud/land masked
  n20 20260610_0200 … ✗ swath overlaps bbox but all pixels cloud/land masked
  n20 20260610_0210 … ✗ swath overlaps bbox but all pixels cloud/land masked
  n20 20260610_0250 … ✗ swath overlaps bbox but all pixels cloud/land masked
  n20 20260610_0300 … ✗ swath overlaps bbox but all pixels cloud/land masked
  n20 20260610_0310 … ✗ swath overlaps bbox but all pixels cloud/land masked
  n20 20260610_0350 … ✗ swath overlaps bbox but all pixels cloud/land masked
  n20 20260610_0400 … ✗ swath overlaps bbox but all pixels cloud/land masked
  n20 20260610_0410 … ✗ swath overlaps bbox but all pixels cloud/land masked
  n20 20260610_0450 … ✗ swath overlaps bbox but all pixels cloud/land masked
  n20 20260610_0500 … ✗ swath overlaps bbox but all pixels cloud/land masked
  n20 20260610_0510 … ✗ swath overlaps bbox but all pixels cloud/land masked
  n20 20260610_0550 … ✗ swath overlaps bbox but all pixels cloud/land masked
  n20 20260610_0600 … ✗ swath overlaps bbox but all pixels cloud/land masked
  n20 20260610_0610 …   → DailySSTData/VIIRS/Passes/viirs_n20_20260610_0610.csv  (22344 pts, 265 lats × 331 lons)
  n20 20260610_0650 … ✗ swath overlaps bbox but all pixels cloud/land masked
  n20 20260610_0700 … ✗ swath overlaps bbox but all pixels cloud/land masked
  n20 20260610_0710 … ✗ swath overlaps bbox but all pixels cloud/land masked
  n20 20260610_0750 …   → DailySSTData/VIIRS/Passes/viirs_n20_20260610_0750.csv  (2513 pts, 191 lats × 171 lons)
  n20 20260610_0800 … ✗ swath overlaps bbox but all pixels cloud/land masked
  n20 20260610_0810 … ✗ swath overlaps bbox but all pixels cloud/land masked
  n20 20260610_0850 … ✗ swath overlaps bbox but all pixels cloud/land masked
  n20 20260610_0900 … ✗ swath overlaps bbox but all pixels cloud/land masked
  n20 20260610_0910 … ✗ swath overlaps bbox but all pixels cloud/land masked
  n20 20260610_0950 … ✗ swath overlaps bbox but all pixels cloud/land masked
  n20 20260610_1000 … ✗ swath overlaps bbox but all pixels cloud/land masked
  n20 20260610_1010 … ✗ swath overlaps bbox but all pixels cloud/land masked
  n20 20260610_1050 … ✗ swath overlaps bbox but all pixels cloud/land masked
  n21 20260608_1150 … ✗ swath overlaps bbox but all pixels cloud/land masked
  n21 20260608_1200 … ✗ swath overlaps bbox but all pixels cloud/land masked
  n21 20260608_1210 … ✗ swath overlaps bbox but all pixels cloud/land masked
  n21 20260608_1250 … ✗ swath overlaps bbox but all pixels cloud/land masked
  n21 20260608_1300 … ✗ swath overlaps bbox but all pixels cloud/land masked
  n21 20260608_1310 … ✗ swath overlaps bbox but all pixels cloud/land masked
  n21 20260608_1350 … ✗ swath overlaps bbox but all pixels cloud/land masked
  n21 20260608_1400 … ✗ swath overlaps bbox but all pixels cloud/land masked
  n21 20260608_1410 … ✗ swath overlaps bbox but all pixels cloud/land masked
  n21 20260608_1450 … ✗ swath overlaps bbox but all pixels cloud/land masked
  n21 20260608_1500 … ✗ swath overlaps bbox but all pixels cloud/land masked
  n21 20260608_1510 … ✗ swath overlaps bbox but all pixels cloud/land masked
  n21 20260608_1550 … ✗ swath overlaps bbox but all pixels cloud/land masked
  n21 20260608_1600 … ✗ swath overlaps bbox but all pixels cloud/land masked
  n21 20260608_1610 … ✗ swath overlaps bbox but all pixels cloud/land masked
  n21 20260608_1650 … ✗ swath overlaps bbox but all pixels cloud/land masked
  n21 20260608_1700 … ✗ swath overlaps bbox but all pixels cloud/land masked
  n21 20260608_1710 … ✗ swath overlaps bbox but all pixels cloud/land masked
  n21 20260608_1750 … ✗ swath overlaps bbox but all pixels cloud/land masked
  n21 20260608_1800 … ✗ swath overlaps bbox but all pixels cloud/land masked
  n21 20260608_1810 … ✗ swath overlaps bbox but all pixels cloud/land masked
  n21 20260608_1850 … ✗ swath overlaps bbox but all pixels cloud/land masked
  n21 20260608_1900 ✓ (cached)
  n21 20260608_1910 … ✗ swath overlaps bbox but all pixels cloud/land masked
  n21 20260608_1950 … ✗ swath overlaps bbox but all pixels cloud/land masked
  n21 20260608_2000 … ✗ swath overlaps bbox but all pixels cloud/land masked
  n21 20260608_2010 … ✗ swath overlaps bbox but all pixels cloud/land masked
  n21 20260608_2050 … ✗ swath overlaps bbox but all pixels cloud/land masked
  n21 20260608_2100 … ✗ swath overlaps bbox but all pixels cloud/land masked
  n21 20260608_2110 … ✗ swath overlaps bbox but all pixels cloud/land masked
  n21 20260608_2150 … ✗ swath overlaps bbox but all pixels cloud/land masked
  n21 20260608_2200 … ✗ swath overlaps bbox but all pixels cloud/land masked
  n21 20260608_2210 … ✗ swath overlaps bbox but all pixels cloud/land masked
  n21 20260608_2250 … ✗ swath overlaps bbox but all pixels cloud/land masked
  n21 20260608_2300 … ✗ swath overlaps bbox but all pixels cloud/land masked
  n21 20260608_2310 … ✗ swath overlaps bbox but all pixels cloud/land masked
  n21 20260608_2350 … ✗ swath overlaps bbox but all pixels cloud/land masked
  n21 20260609_0000 … ✗ swath overlaps bbox but all pixels cloud/land masked
  n21 20260609_0010 … ✗ swath overlaps bbox but all pixels cloud/land masked
  n21 20260609_0050 … ✗ swath overlaps bbox but all pixels cloud/land masked
  n21 20260609_0100 … ✗ swath overlaps bbox but all pixels cloud/land masked
  n21 20260609_0110 … ✗ swath overlaps bbox but all pixels cloud/land masked
  n21 20260609_0150 … ✗ swath overlaps bbox but all pixels cloud/land masked
  n21 20260609_0200 … ✗ swath overlaps bbox but all pixels cloud/land masked
  n21 20260609_0210 … ✗ swath overlaps bbox but all pixels cloud/land masked
  n21 20260609_0250 … ✗ swath overlaps bbox but all pixels cloud/land masked
  n21 20260609_0300 … ✗ swath overlaps bbox but all pixels cloud/land masked
  n21 20260609_0310 … ✗ swath overlaps bbox but all pixels cloud/land masked
  n21 20260609_0350 … ✗ swath overlaps bbox but all pixels cloud/land masked
  n21 20260609_0400 … ✗ swath overlaps bbox but all pixels cloud/land masked
  n21 20260609_0410 … ✗ swath overlaps bbox but all pixels cloud/land masked
  n21 20260609_0450 … ✗ swath overlaps bbox but all pixels cloud/land masked
  n21 20260609_0500 … ✗ swath overlaps bbox but all pixels cloud/land masked
  n21 20260609_0510 … ✗ swath overlaps bbox but all pixels cloud/land masked
  n21 20260609_0550 … ✗ swath overlaps bbox but all pixels cloud/land masked
  n21 20260609_0600 … ✗ swath overlaps bbox but all pixels cloud/land masked
  n21 20260609_0610 … ✗ swath overlaps bbox but all pixels cloud/land masked
  n21 20260609_0650 … ✗ swath overlaps bbox but all pixels cloud/land masked
  n21 20260609_0700 … ✗ swath overlaps bbox but all pixels cloud/land masked
  n21 20260609_0710 … ✗ swath overlaps bbox but all pixels cloud/land masked
  n21 20260609_0750 … ✗ swath overlaps bbox but all pixels cloud/land masked
  n21 20260609_0800 … ✗ swath overlaps bbox but all pixels cloud/land masked
  n21 20260609_0810 … ✗ swath overlaps bbox but all pixels cloud/land masked
  n21 20260609_0850 … ✗ swath overlaps bbox but all pixels cloud/land masked
  n21 20260609_0900 … ✗ swath overlaps bbox but all pixels cloud/land masked
  n21 20260609_0910 … ✗ swath overlaps bbox but all pixels cloud/land masked
  n21 20260609_0950 … ✗ swath overlaps bbox but all pixels cloud/land masked
  n21 20260609_1000 … ✗ swath overlaps bbox but all pixels cloud/land masked
  n21 20260609_1010 … ✗ swath overlaps bbox but all pixels cloud/land masked
  n21 20260609_1050 … ✗ swath overlaps bbox but all pixels cloud/land masked
  n21 20260609_1100 … ✗ swath overlaps bbox but all pixels cloud/land masked
  n21 20260609_1110 … ✗ swath overlaps bbox but all pixels cloud/land masked
  n21 20260609_1150 … ✗ swath overlaps bbox but all pixels cloud/land masked
  n21 20260609_1200 … ✗ swath overlaps bbox but all pixels cloud/land masked
  n21 20260609_1210 … ✗ swath overlaps bbox but all pixels cloud/land masked
  n21 20260609_1250 … ✗ swath overlaps bbox but all pixels cloud/land masked
  n21 20260609_1300 … ✗ swath overlaps bbox but all pixels cloud/land masked
  n21 20260609_1310 … ✗ swath overlaps bbox but all pixels cloud/land masked
  n21 20260609_1350 … ✗ swath overlaps bbox but all pixels cloud/land masked
  n21 20260609_1400 … ✗ swath overlaps bbox but all pixels cloud/land masked
  n21 20260609_1410 … ✗ swath overlaps bbox but all pixels cloud/land masked
  n21 20260609_1450 … ✗ swath overlaps bbox but all pixels cloud/land masked
  n21 20260609_1500 … ✗ swath overlaps bbox but all pixels cloud/land masked
  n21 20260609_1510 … ✗ swath overlaps bbox but all pixels cloud/land masked
  n21 20260609_1550 … ✗ swath overlaps bbox but all pixels cloud/land masked
  n21 20260609_1600 … ✗ swath overlaps bbox but all pixels cloud/land masked
  n21 20260609_1610 … ✗ swath overlaps bbox but all pixels cloud/land masked
  n21 20260609_1650 … ✗ swath overlaps bbox but all pixels cloud/land masked
  n21 20260609_1700 ✓ (cached)
  n21 20260609_1710 … ✗ swath overlaps bbox but all pixels cloud/land masked
  n21 20260609_1750 … ✗ swath overlaps bbox but all pixels cloud/land masked
  n21 20260609_1800 … ✗ swath overlaps bbox but all pixels cloud/land masked
  n21 20260609_1810 … ✗ swath overlaps bbox but all pixels cloud/land masked
  n21 20260609_1850 … ✗ swath overlaps bbox but all pixels cloud/land masked
  n21 20260609_1900 … ✗ swath overlaps bbox but all pixels cloud/land masked
  n21 20260609_1910 … ✗ swath overlaps bbox but all pixels cloud/land masked
  n21 20260609_1950 … ✗ swath overlaps bbox but all pixels cloud/land masked
  n21 20260609_2000 … ✗ swath overlaps bbox but all pixels cloud/land masked
  n21 20260609_2010 … ✗ swath overlaps bbox but all pixels cloud/land masked
  n21 20260609_2050 … ✗ swath overlaps bbox but all pixels cloud/land masked
  n21 20260609_2100 … ✗ swath overlaps bbox but all pixels cloud/land masked
  n21 20260609_2110 … ✗ swath overlaps bbox but all pixels cloud/land masked
  n21 20260609_2150 … ✗ swath overlaps bbox but all pixels cloud/land masked
  n21 20260609_2200 … ✗ swath overlaps bbox but all pixels cloud/land masked
  n21 20260609_2210 … ✗ swath overlaps bbox but all pixels cloud/land masked
  n21 20260609_2250 … ✗ swath overlaps bbox but all pixels cloud/land masked
  n21 20260609_2300 … ✗ swath overlaps bbox but all pixels cloud/land masked
  n21 20260609_2310 … ✗ swath overlaps bbox but all pixels cloud/land masked
  n21 20260609_2350 … ✗ swath overlaps bbox but all pixels cloud/land masked
  n21 20260610_0000 … ✗ swath overlaps bbox but all pixels cloud/land masked
  n21 20260610_0010 … ✗ swath overlaps bbox but all pixels cloud/land masked
  n21 20260610_0050 … ✗ swath overlaps bbox but all pixels cloud/land masked
  n21 20260610_0100 … ✗ swath overlaps bbox but all pixels cloud/land masked
  n21 20260610_0110 … ✗ swath overlaps bbox but all pixels cloud/land masked
  n21 20260610_0150 … ✗ swath overlaps bbox but all pixels cloud/land masked
  n21 20260610_0200 … ✗ swath overlaps bbox but all pixels cloud/land masked
  n21 20260610_0210 … ✗ swath overlaps bbox but all pixels cloud/land masked
  n21 20260610_0250 … ✗ swath overlaps bbox but all pixels cloud/land masked
  n21 20260610_0300 … ✗ swath overlaps bbox but all pixels cloud/land masked
  n21 20260610_0310 … ✗ swath overlaps bbox but all pixels cloud/land masked
  n21 20260610_0350 … ✗ swath overlaps bbox but all pixels cloud/land masked
  n21 20260610_0400 … ✗ swath overlaps bbox but all pixels cloud/land masked
  n21 20260610_0410 … ✗ swath overlaps bbox but all pixels cloud/land masked
  n21 20260610_0450 … ✗ swath overlaps bbox but all pixels cloud/land masked
  n21 20260610_0500 … ✗ swath overlaps bbox but all pixels cloud/land masked
  n21 20260610_0510 … ✗ swath overlaps bbox but all pixels cloud/land masked
  n21 20260610_0550 … ✗ swath overlaps bbox but all pixels cloud/land masked
  n21 20260610_0600 … ✗ swath overlaps bbox but all pixels cloud/land masked
  n21 20260610_0610 … ✗ swath overlaps bbox but all pixels cloud/land masked
  n21 20260610_0650 … ✗ swath overlaps bbox but all pixels cloud/land masked
  n21 20260610_0700 …   → DailySSTData/VIIRS/Passes/viirs_n21_20260610_0700.csv  (20625 pts, 265 lats × 330 lons)
  n21 20260610_0710 … ✗ swath overlaps bbox but all pixels cloud/land masked
  n21 20260610_0750 … ✗ swath overlaps bbox but all pixels cloud/land masked
  n21 20260610_0800 … ✗ swath overlaps bbox but all pixels cloud/land masked
  n21 20260610_0810 … ✗ swath overlaps bbox but all pixels cloud/land masked
  n21 20260610_0850 … ✗ swath overlaps bbox but all pixels cloud/land masked
  n21 20260610_0900 … ✗ swath overlaps bbox but all pixels cloud/land masked
  n21 20260610_0910 … ✗ swath overlaps bbox but all pixels cloud/land masked
  n21 20260610_0950 … ✗ swath overlaps bbox but all pixels cloud/land masked
  n21 20260610_1000 … ✗ swath overlaps bbox but all pixels cloud/land masked
  n21 20260610_1010 … ✗ swath overlaps bbox but all pixels cloud/land masked
  n21 20260610_1050 … ✗ swath overlaps bbox but all pixels cloud/land masked

  VIIRS summary: 5 written, 7 cached, 410 miss/cloud, 629 outside windows.

=========================================================
✓ Pipeline complete
=========================================================
