=========================================================
SST PIPELINE
  UTC  : 2026-06-05 22:59:39
  Bbox : 33.7–39.0°N  -78.89–-72.21°E
=========================================================

── MUR daily composite (last 5 days) ──
  ✓ MUR 20260604 (cached)
  ✓ MUR 20260603 (cached)
  ✓ MUR 20260602 (cached)
  ✓ MUR 20260601 (cached)
  ✓ MUR 20260531 (cached)

── GOES-19 geo-polar blended daily composite ──
  Candidates: 4 (2 hosts × 2 dataset IDs)
  GOES 20260605 [noaa/noaacwBLENDEDsstDLDaily] … ✗ RuntimeError: HTTP 502: <!DOCTYPE HTML PUBLIC "-//IETF//DTD HTML 2.0//EN">
<html><head>
<title
  GOES 20260605 [noaa/noaacwBLENDEDsstDaily] … ✗ RuntimeError: HTTP 502: <!DOCTYPE HTML PUBLIC "-//IETF//DTD HTML 2.0//EN">
<html><head>
<title
  GOES 20260605 [pfeg/noaacwBLENDEDsstDLDaily] … ✗ RuntimeError: 404 — no data for this date
  GOES 20260605 [pfeg/noaacwBLENDEDsstDaily] … ✗ RuntimeError: 404 — no data for this date
  GOES 20260604 [noaa/noaacwBLENDEDsstDLDaily] … ✗ RuntimeError: HTTP 502: <!DOCTYPE HTML PUBLIC "-//IETF//DTD HTML 2.0//EN">
<html><head>
<title
  GOES 20260604 [noaa/noaacwBLENDEDsstDaily] … ✗ RuntimeError: HTTP 502: <!DOCTYPE HTML PUBLIC "-//IETF//DTD HTML 2.0//EN">
<html><head>
<title
  GOES 20260604 [pfeg/noaacwBLENDEDsstDLDaily] … ✗ RuntimeError: 404 — no data for this date
  GOES 20260604 [pfeg/noaacwBLENDEDsstDaily] … ✗ RuntimeError: 404 — no data for this date
  ✓ GOES composite 20260603 (cached)

── VIIRS multi-pass (last 48h — NPP/N20/N21) ──
  ✓ VIIRS NRT base: https://www.star.nesdis.noaa.gov/pub/socd2/coastwatch/sst/nrt/viirs
  Hourly windows : 48
  Window range   : 2026-06-03 23:50Z → 2026-06-05 23:10Z
  Half-width     : ±10 min per bucket
  npp 20260604_2050 … ✗ swath overlaps bbox but all pixels cloud/land masked
  npp 20260604_2100 … ✗ swath overlaps bbox but all pixels cloud/land masked
  npp 20260604_2110 … ✗ swath overlaps bbox but all pixels cloud/land masked
  npp 20260604_2150 … ✗ swath overlaps bbox but all pixels cloud/land masked
  npp 20260604_2200 … ✗ swath overlaps bbox but all pixels cloud/land masked
  npp 20260604_2210 … ✗ swath overlaps bbox but all pixels cloud/land masked
  npp 20260604_2250 … ✗ swath overlaps bbox but all pixels cloud/land masked
  npp 20260604_2300 … ✗ swath overlaps bbox but all pixels cloud/land masked
  npp 20260604_2310 … ✗ swath overlaps bbox but all pixels cloud/land masked
  npp 20260604_2350 … ✗ swath overlaps bbox but all pixels cloud/land masked
  npp 20260605_0000 … ✗ swath overlaps bbox but all pixels cloud/land masked
  npp 20260605_0010 … ✗ swath overlaps bbox but all pixels cloud/land masked
  npp 20260605_0050 … ✗ swath overlaps bbox but all pixels cloud/land masked
  npp 20260605_0100 … ✗ swath overlaps bbox but all pixels cloud/land masked
  npp 20260605_0110 … ✗ swath overlaps bbox but all pixels cloud/land masked
  npp 20260605_0150 … ✗ swath overlaps bbox but all pixels cloud/land masked
  npp 20260605_0200 … ✗ swath overlaps bbox but all pixels cloud/land masked
  npp 20260605_0210 … ✗ swath overlaps bbox but all pixels cloud/land masked
  npp 20260605_0250 … ✗ swath overlaps bbox but all pixels cloud/land masked
  npp 20260605_0300 … ✗ swath overlaps bbox but all pixels cloud/land masked
  npp 20260605_0310 … ✗ swath overlaps bbox but all pixels cloud/land masked
  npp 20260605_0350 … ✗ swath overlaps bbox but all pixels cloud/land masked
  npp 20260605_0400 … ✗ swath overlaps bbox but all pixels cloud/land masked
  npp 20260605_0410 … ✗ swath overlaps bbox but all pixels cloud/land masked
  npp 20260605_0450 … ✗ swath overlaps bbox but all pixels cloud/land masked
  npp 20260605_0500 … ✗ swath overlaps bbox but all pixels cloud/land masked
  npp 20260605_0510 … ✗ swath overlaps bbox but all pixels cloud/land masked
  npp 20260605_0550 ✓ (cached)
  npp 20260605_0600 … ✗ swath overlaps bbox but all pixels cloud/land masked
  npp 20260605_0610 … ✗ swath overlaps bbox but all pixels cloud/land masked
  npp 20260605_0650 … ✗ swath overlaps bbox but all pixels cloud/land masked
  npp 20260605_0700 … ✗ swath overlaps bbox but all pixels cloud/land masked
  npp 20260605_0710 … ✗ swath overlaps bbox but all pixels cloud/land masked
  npp 20260605_0750 … ✗ swath overlaps bbox but all pixels cloud/land masked
  npp 20260605_0800 … ✗ swath overlaps bbox but all pixels cloud/land masked
  npp 20260605_0810 … ✗ swath overlaps bbox but all pixels cloud/land masked
  npp 20260605_0850 … ✗ swath overlaps bbox but all pixels cloud/land masked
  npp 20260605_0900 … ✗ swath overlaps bbox but all pixels cloud/land masked
  npp 20260605_0910 … ✗ swath overlaps bbox but all pixels cloud/land masked
  npp 20260605_0950 … ✗ swath overlaps bbox but all pixels cloud/land masked
  npp 20260605_1000 … ✗ swath overlaps bbox but all pixels cloud/land masked
  npp 20260605_1010 … ✗ swath overlaps bbox but all pixels cloud/land masked
  npp 20260605_1050 … ✗ swath overlaps bbox but all pixels cloud/land masked
  npp 20260605_1100 … ✗ swath overlaps bbox but all pixels cloud/land masked
  npp 20260605_1110 … ✗ swath overlaps bbox but all pixels cloud/land masked
  npp 20260605_1150 … ✗ swath overlaps bbox but all pixels cloud/land masked
  npp 20260605_1200 … ✗ swath overlaps bbox but all pixels cloud/land masked
  npp 20260605_1210 … ✗ swath overlaps bbox but all pixels cloud/land masked
  npp 20260605_1250 … ✗ swath overlaps bbox but all pixels cloud/land masked
  npp 20260605_1300 … ✗ swath overlaps bbox but all pixels cloud/land masked
  npp 20260605_1310 … ✗ swath overlaps bbox but all pixels cloud/land masked
  npp 20260605_1350 … ✗ swath overlaps bbox but all pixels cloud/land masked
  npp 20260605_1400 … ✗ swath overlaps bbox but all pixels cloud/land masked
  npp 20260605_1410 … ✗ swath overlaps bbox but all pixels cloud/land masked
  npp 20260605_1450 … ✗ swath overlaps bbox but all pixels cloud/land masked
  npp 20260605_1500 … ✗ swath overlaps bbox but all pixels cloud/land masked
  npp 20260605_1510 … ✗ swath overlaps bbox but all pixels cloud/land masked
  npp 20260605_1550 … ✗ swath overlaps bbox but all pixels cloud/land masked
  npp 20260605_1600 … ✗ swath overlaps bbox but all pixels cloud/land masked
  npp 20260605_1610 … ✗ swath overlaps bbox but all pixels cloud/land masked
  npp 20260605_1650 … ✗ swath overlaps bbox but all pixels cloud/land masked
  npp 20260605_1700 … ✗ swath overlaps bbox but all pixels cloud/land masked
  npp 20260605_1710 ✓ (cached)
  npp 20260605_1750 … ✗ swath overlaps bbox but all pixels cloud/land masked
  npp 20260605_1800 … ✗ swath overlaps bbox but all pixels cloud/land masked
  npp 20260605_1810 … ✗ swath overlaps bbox but all pixels cloud/land masked
  npp 20260605_1850 ✓ (cached)
  npp 20260605_1900 … ✗ swath overlaps bbox but all pixels cloud/land masked
  npp 20260605_1910 … ✗ swath overlaps bbox but all pixels cloud/land masked
  npp 20260605_1950 … ✗ swath overlaps bbox but all pixels cloud/land masked
  npp 20260605_2000 … ✗ swath overlaps bbox but all pixels cloud/land masked
  npp 20260605_2010 … ✗ swath overlaps bbox but all pixels cloud/land masked
  npp 20260605_2050 … ✗ swath overlaps bbox but all pixels cloud/land masked
  npp 20260605_2100 … ✗ swath overlaps bbox but all pixels cloud/land masked
  npp 20260605_2110 … ✗ swath overlaps bbox but all pixels cloud/land masked
  npp 20260605_2150 … ✗ swath overlaps bbox but all pixels cloud/land masked
  npp 20260605_2210 … ✗ swath overlaps bbox but all pixels cloud/land masked
  n20 20260603_2350 … ✗ swath overlaps bbox but all pixels cloud/land masked
  n20 20260604_0000 … ✗ swath overlaps bbox but all pixels cloud/land masked
  n20 20260604_0010 … ✗ swath overlaps bbox but all pixels cloud/land masked
  n20 20260604_0050 … ✗ swath overlaps bbox but all pixels cloud/land masked
  n20 20260604_0100 … ✗ swath overlaps bbox but all pixels cloud/land masked
  n20 20260604_0110 … ✗ swath overlaps bbox but all pixels cloud/land masked
  n20 20260604_0150 … ✗ swath overlaps bbox but all pixels cloud/land masked
  n20 20260604_0200 … ✗ swath overlaps bbox but all pixels cloud/land masked
  n20 20260604_0210 … ✗ swath overlaps bbox but all pixels cloud/land masked
  n20 20260604_0250 … ✗ swath overlaps bbox but all pixels cloud/land masked
  n20 20260604_0300 … ✗ swath overlaps bbox but all pixels cloud/land masked
  n20 20260604_0310 … ✗ swath overlaps bbox but all pixels cloud/land masked
  n20 20260604_0350 … ✗ swath overlaps bbox but all pixels cloud/land masked
  n20 20260604_0400 … ✗ swath overlaps bbox but all pixels cloud/land masked
  n20 20260604_0410 … ✗ swath overlaps bbox but all pixels cloud/land masked
  n20 20260604_0450 … ✗ swath overlaps bbox but all pixels cloud/land masked
  n20 20260604_0500 … ✗ swath overlaps bbox but all pixels cloud/land masked
  n20 20260604_0510 … ✗ swath overlaps bbox but all pixels cloud/land masked
  n20 20260604_0550 … ✗ swath overlaps bbox but all pixels cloud/land masked
  n20 20260604_0600 … ✗ swath overlaps bbox but all pixels cloud/land masked
  n20 20260604_0610 … ✗ swath overlaps bbox but all pixels cloud/land masked
  n20 20260604_0650 … ✗ swath overlaps bbox but all pixels cloud/land masked
  n20 20260604_0700 … ✗ swath overlaps bbox but all pixels cloud/land masked
  n20 20260604_0710 … ✗ swath overlaps bbox but all pixels cloud/land masked
  n20 20260604_0750 … ✗ swath overlaps bbox but all pixels cloud/land masked
  n20 20260604_0800 … ✗ swath overlaps bbox but all pixels cloud/land masked
  n20 20260604_0810 ✓ (cached)
  n20 20260604_0850 … ✗ swath overlaps bbox but all pixels cloud/land masked
  n20 20260604_0900 … ✗ swath overlaps bbox but all pixels cloud/land masked
  n20 20260604_0910 … ✗ swath overlaps bbox but all pixels cloud/land masked
  n20 20260604_0950 … ✗ swath overlaps bbox but all pixels cloud/land masked
  n20 20260604_1000 … ✗ swath overlaps bbox but all pixels cloud/land masked
  n20 20260604_1010 … ✗ swath overlaps bbox but all pixels cloud/land masked
  n20 20260604_1050 … ✗ swath overlaps bbox but all pixels cloud/land masked
  n20 20260604_1100 … ✗ swath overlaps bbox but all pixels cloud/land masked
  n20 20260604_1110 … ✗ swath overlaps bbox but all pixels cloud/land masked
  n20 20260604_1150 … ✗ swath overlaps bbox but all pixels cloud/land masked
  n20 20260604_1200 … ✗ swath overlaps bbox but all pixels cloud/land masked
  n20 20260604_1210 … ✗ swath overlaps bbox but all pixels cloud/land masked
  n20 20260604_1250 … ✗ swath overlaps bbox but all pixels cloud/land masked
  n20 20260604_1300 … ✗ swath overlaps bbox but all pixels cloud/land masked
  n20 20260604_1310 … ✗ swath overlaps bbox but all pixels cloud/land masked
  n20 20260604_1350 … ✗ swath overlaps bbox but all pixels cloud/land masked
  n20 20260604_1400 … ✗ swath overlaps bbox but all pixels cloud/land masked
  n20 20260604_1410 … ✗ swath overlaps bbox but all pixels cloud/land masked
  n20 20260604_1450 … ✗ swath overlaps bbox but all pixels cloud/land masked
  n20 20260604_1500 … ✗ swath overlaps bbox but all pixels cloud/land masked
  n20 20260604_1510 … ✗ swath overlaps bbox but all pixels cloud/land masked
  n20 20260604_1550 … ✗ swath overlaps bbox but all pixels cloud/land masked
  n20 20260604_1600 … ✗ swath overlaps bbox but all pixels cloud/land masked
  n20 20260604_1610 … ✗ swath overlaps bbox but all pixels cloud/land masked
  n20 20260604_1650 … ✗ swath overlaps bbox but all pixels cloud/land masked
  n20 20260604_1700 … ✗ swath overlaps bbox but all pixels cloud/land masked
  n20 20260604_1710 … ✗ swath overlaps bbox but all pixels cloud/land masked
  n20 20260604_1750 ✓ (cached)
  n20 20260604_1800 … ✗ swath overlaps bbox but all pixels cloud/land masked
  n20 20260604_1810 … ✗ swath overlaps bbox but all pixels cloud/land masked
  n20 20260604_1850 … ✗ swath overlaps bbox but all pixels cloud/land masked
  n20 20260604_1900 … ✗ swath overlaps bbox but all pixels cloud/land masked
  n20 20260604_1910 … ✗ swath overlaps bbox but all pixels cloud/land masked
  n20 20260604_1950 … ✗ swath overlaps bbox but all pixels cloud/land masked
  n20 20260604_2000 … ✗ swath overlaps bbox but all pixels cloud/land masked
  n20 20260604_2010 … ✗ swath overlaps bbox but all pixels cloud/land masked
  n20 20260604_2050 … ✗ swath overlaps bbox but all pixels cloud/land masked
  n20 20260604_2100 … ✗ swath overlaps bbox but all pixels cloud/land masked
  n20 20260604_2110 … ✗ swath overlaps bbox but all pixels cloud/land masked
  n20 20260604_2150 … ✗ swath overlaps bbox but all pixels cloud/land masked
  n20 20260604_2200 … ✗ swath overlaps bbox but all pixels cloud/land masked
  n20 20260604_2210 … ✗ swath overlaps bbox but all pixels cloud/land masked
  n20 20260604_2250 … ✗ swath overlaps bbox but all pixels cloud/land masked
  n20 20260604_2300 … ✗ swath overlaps bbox but all pixels cloud/land masked
  n20 20260604_2310 … ✗ swath overlaps bbox but all pixels cloud/land masked
  n20 20260604_2350 … ✗ swath overlaps bbox but all pixels cloud/land masked
  n20 20260605_0000 … ✗ swath overlaps bbox but all pixels cloud/land masked
  n20 20260605_0010 … ✗ swath overlaps bbox but all pixels cloud/land masked
  n20 20260605_0050 … ✗ swath overlaps bbox but all pixels cloud/land masked
  n20 20260605_0100 … ✗ swath overlaps bbox but all pixels cloud/land masked
  n20 20260605_0110 … ✗ swath overlaps bbox but all pixels cloud/land masked
  n20 20260605_0150 … ✗ swath overlaps bbox but all pixels cloud/land masked
  n20 20260605_0200 … ✗ swath overlaps bbox but all pixels cloud/land masked
  n20 20260605_0210 … ✗ swath overlaps bbox but all pixels cloud/land masked
  n20 20260605_0250 … ✗ swath overlaps bbox but all pixels cloud/land masked
  n20 20260605_0300 … ✗ swath overlaps bbox but all pixels cloud/land masked
  n20 20260605_0310 … ✗ swath overlaps bbox but all pixels cloud/land masked
  n20 20260605_0350 … ✗ swath overlaps bbox but all pixels cloud/land masked
  n20 20260605_0400 … ✗ swath overlaps bbox but all pixels cloud/land masked
  n20 20260605_0410 … ✗ swath overlaps bbox but all pixels cloud/land masked
  n20 20260605_0450 … ✗ swath overlaps bbox but all pixels cloud/land masked
  n20 20260605_0500 … ✗ swath overlaps bbox but all pixels cloud/land masked
  n20 20260605_0510 … ✗ swath overlaps bbox but all pixels cloud/land masked
  n20 20260605_0550 … ✗ swath overlaps bbox but all pixels cloud/land masked
  n20 20260605_0600 … ✗ swath overlaps bbox but all pixels cloud/land masked
  n20 20260605_0610 ✓ (cached)
  n20 20260605_0650 … ✗ swath overlaps bbox but all pixels cloud/land masked
  n20 20260605_0700 … ✗ swath overlaps bbox but all pixels cloud/land masked
  n20 20260605_0710 … ✗ swath overlaps bbox but all pixels cloud/land masked
  n20 20260605_0750 ✓ (cached)
  n20 20260605_0800 … ✗ swath overlaps bbox but all pixels cloud/land masked
  n20 20260605_0810 … ✗ swath overlaps bbox but all pixels cloud/land masked
  n20 20260605_0850 … ✗ swath overlaps bbox but all pixels cloud/land masked
  n20 20260605_0900 … ✗ swath overlaps bbox but all pixels cloud/land masked
  n20 20260605_0910 … ✗ swath overlaps bbox but all pixels cloud/land masked
  n20 20260605_0950 … ✗ swath overlaps bbox but all pixels cloud/land masked
  n20 20260605_1000 … ✗ swath overlaps bbox but all pixels cloud/land masked
  n20 20260605_1010 … ✗ swath overlaps bbox but all pixels cloud/land masked
  n20 20260605_1050 … ✗ swath overlaps bbox but all pixels cloud/land masked
  n20 20260605_1100 … ✗ swath overlaps bbox but all pixels cloud/land masked
  n20 20260605_1110 … ✗ swath overlaps bbox but all pixels cloud/land masked
  n20 20260605_1150 … ✗ swath overlaps bbox but all pixels cloud/land masked
  n20 20260605_1200 … ✗ swath overlaps bbox but all pixels cloud/land masked
  n20 20260605_1210 … ✗ swath overlaps bbox but all pixels cloud/land masked
  n20 20260605_1250 … ✗ swath overlaps bbox but all pixels cloud/land masked
  n20 20260605_1300 … ✗ swath overlaps bbox but all pixels cloud/land masked
  n20 20260605_1310 … ✗ swath overlaps bbox but all pixels cloud/land masked
  n20 20260605_1350 … ✗ swath overlaps bbox but all pixels cloud/land masked
  n20 20260605_1400 … ✗ swath overlaps bbox but all pixels cloud/land masked
  n20 20260605_1410 … ✗ swath overlaps bbox but all pixels cloud/land masked
  n20 20260605_1450 … ✗ swath overlaps bbox but all pixels cloud/land masked
  n20 20260605_1500 … ✗ swath overlaps bbox but all pixels cloud/land masked
  n20 20260605_1510 … ✗ swath overlaps bbox but all pixels cloud/land masked
  n20 20260605_1550 … ✗ swath overlaps bbox but all pixels cloud/land masked
  n20 20260605_1600 … ✗ swath overlaps bbox but all pixels cloud/land masked
  n20 20260605_1610 … ✗ swath overlaps bbox but all pixels cloud/land masked
  n20 20260605_1650 … ✗ swath overlaps bbox but all pixels cloud/land masked
  n20 20260605_1700 … ✗ swath overlaps bbox but all pixels cloud/land masked
  n20 20260605_1710 … ✗ swath overlaps bbox but all pixels cloud/land masked
  n20 20260605_1750 … ✗ swath overlaps bbox but all pixels cloud/land masked
  n20 20260605_1800 … ✗ swath overlaps bbox but all pixels cloud/land masked
  n20 20260605_1810 … ✗ swath overlaps bbox but all pixels cloud/land masked
  n20 20260605_1850 … ✗ swath overlaps bbox but all pixels cloud/land masked
  n20 20260605_1900 … ✗ swath overlaps bbox but all pixels cloud/land masked
  n20 20260605_1910 ✓ (cached)
  n20 20260605_1950 … ✗ swath overlaps bbox but all pixels cloud/land masked
  n20 20260605_2000 … ✗ swath overlaps bbox but all pixels cloud/land masked
  n20 20260605_2010 … ✗ swath overlaps bbox but all pixels cloud/land masked
  n20 20260605_2050 … ✗ swath overlaps bbox but all pixels cloud/land masked
  n20 20260605_2100 … ✗ swath overlaps bbox but all pixels cloud/land masked
  n20 20260605_2110 … ✗ swath overlaps bbox but all pixels cloud/land masked
  n20 20260605_2150 … ✗ swath overlaps bbox but all pixels cloud/land masked
  n21 20260603_2350 … ✗ swath overlaps bbox but all pixels cloud/land masked
  n21 20260604_0000 … ✗ swath overlaps bbox but all pixels cloud/land masked
  n21 20260604_0010 … ✗ swath overlaps bbox but all pixels cloud/land masked
  n21 20260604_0050 … ✗ swath overlaps bbox but all pixels cloud/land masked
  n21 20260604_0100 … ✗ swath overlaps bbox but all pixels cloud/land masked
  n21 20260604_0110 … ✗ swath overlaps bbox but all pixels cloud/land masked
  n21 20260604_0150 … ✗ swath overlaps bbox but all pixels cloud/land masked
  n21 20260604_0200 … ✗ swath overlaps bbox but all pixels cloud/land masked
  n21 20260604_0210 … ✗ swath overlaps bbox but all pixels cloud/land masked
  n21 20260604_0250 … ✗ swath overlaps bbox but all pixels cloud/land masked
  n21 20260604_0300 … ✗ swath overlaps bbox but all pixels cloud/land masked
  n21 20260604_0310 … ✗ swath overlaps bbox but all pixels cloud/land masked
  n21 20260604_0350 … ✗ swath overlaps bbox but all pixels cloud/land masked
  n21 20260604_0400 … ✗ swath overlaps bbox but all pixels cloud/land masked
  n21 20260604_0410 … ✗ swath overlaps bbox but all pixels cloud/land masked
  n21 20260604_0450 … ✗ swath overlaps bbox but all pixels cloud/land masked
  n21 20260604_0500 … ✗ swath overlaps bbox but all pixels cloud/land masked
  n21 20260604_0510 … ✗ swath overlaps bbox but all pixels cloud/land masked
  n21 20260604_0550 … ✗ swath overlaps bbox but all pixels cloud/land masked
  n21 20260604_0600 … ✗ swath overlaps bbox but all pixels cloud/land masked
  n21 20260604_0610 … ✗ swath overlaps bbox but all pixels cloud/land masked
  n21 20260604_0650 … ✗ swath overlaps bbox but all pixels cloud/land masked
  n21 20260604_0700 … ✗ swath overlaps bbox but all pixels cloud/land masked
  n21 20260604_0710 ✓ (cached)
  n21 20260604_0750 … ✗ swath overlaps bbox but all pixels cloud/land masked
  n21 20260604_0800 … ✗ swath overlaps bbox but all pixels cloud/land masked
  n21 20260604_0810 … ✗ swath overlaps bbox but all pixels cloud/land masked
  n21 20260604_0850 … ✗ swath overlaps bbox but all pixels cloud/land masked
  n21 20260604_0900 … ✗ swath overlaps bbox but all pixels cloud/land masked
  n21 20260604_0910 … ✗ swath overlaps bbox but all pixels cloud/land masked
  n21 20260604_0950 … ✗ swath overlaps bbox but all pixels cloud/land masked
  n21 20260604_1000 … ✗ swath overlaps bbox but all pixels cloud/land masked
  n21 20260604_1010 … ✗ swath overlaps bbox but all pixels cloud/land masked
  n21 20260604_1050 … ✗ swath overlaps bbox but all pixels cloud/land masked
  n21 20260604_1100 … ✗ swath overlaps bbox but all pixels cloud/land masked
  n21 20260604_1110 … ✗ swath overlaps bbox but all pixels cloud/land masked
  n21 20260604_1150 … ✗ swath overlaps bbox but all pixels cloud/land masked
  n21 20260604_1200 … ✗ swath overlaps bbox but all pixels cloud/land masked
  n21 20260604_1210 … ✗ swath overlaps bbox but all pixels cloud/land masked
  n21 20260604_1250 … ✗ swath overlaps bbox but all pixels cloud/land masked
  n21 20260604_1300 … ✗ swath overlaps bbox but all pixels cloud/land masked
  n21 20260604_1310 … ✗ swath overlaps bbox but all pixels cloud/land masked
  n21 20260604_1350 … ✗ swath overlaps bbox but all pixels cloud/land masked
  n21 20260604_1400 … ✗ swath overlaps bbox but all pixels cloud/land masked
  n21 20260604_1410 … ✗ swath overlaps bbox but all pixels cloud/land masked
  n21 20260604_1450 … ✗ swath overlaps bbox but all pixels cloud/land masked
  n21 20260604_1500 … ✗ swath overlaps bbox but all pixels cloud/land masked
  n21 20260604_1510 … ✗ swath overlaps bbox but all pixels cloud/land masked
  n21 20260604_1550 … ✗ swath overlaps bbox but all pixels cloud/land masked
  n21 20260604_1600 … ✗ swath overlaps bbox but all pixels cloud/land masked
  n21 20260604_1610 … ✗ swath overlaps bbox but all pixels cloud/land masked
  n21 20260604_1650 ✓ (cached)
  n21 20260604_1700 … ✗ swath overlaps bbox but all pixels cloud/land masked
  n21 20260604_1710 … ✗ swath overlaps bbox but all pixels cloud/land masked
  n21 20260604_1750 … ✗ swath overlaps bbox but all pixels cloud/land masked
  n21 20260604_1800 … ✗ swath overlaps bbox but all pixels cloud/land masked
  n21 20260604_1810 … ✗ swath overlaps bbox but all pixels cloud/land masked
  n21 20260604_1850 … ✗ swath overlaps bbox but all pixels cloud/land masked
  n21 20260604_1900 … ✗ swath overlaps bbox but all pixels cloud/land masked
  n21 20260604_1910 … ✗ swath overlaps bbox but all pixels cloud/land masked
  n21 20260604_1950 … ✗ swath overlaps bbox but all pixels cloud/land masked
  n21 20260604_2000 … ✗ swath overlaps bbox but all pixels cloud/land masked
  n21 20260604_2010 … ✗ swath overlaps bbox but all pixels cloud/land masked
  n21 20260604_2050 … ✗ swath overlaps bbox but all pixels cloud/land masked
  n21 20260604_2100 … ✗ swath overlaps bbox but all pixels cloud/land masked
  n21 20260604_2110 … ✗ swath overlaps bbox but all pixels cloud/land masked
  n21 20260604_2150 … ✗ swath overlaps bbox but all pixels cloud/land masked
  n21 20260604_2200 … ✗ swath overlaps bbox but all pixels cloud/land masked
  n21 20260604_2210 … ✗ swath overlaps bbox but all pixels cloud/land masked
  n21 20260604_2250 … ✗ swath overlaps bbox but all pixels cloud/land masked
  n21 20260604_2300 … ✗ swath overlaps bbox but all pixels cloud/land masked
  n21 20260604_2310 … ✗ swath overlaps bbox but all pixels cloud/land masked
  n21 20260604_2350 … ✗ swath overlaps bbox but all pixels cloud/land masked
  n21 20260605_0000 … ✗ swath overlaps bbox but all pixels cloud/land masked
  n21 20260605_0010 … ✗ swath overlaps bbox but all pixels cloud/land masked
  n21 20260605_0050 … ✗ swath overlaps bbox but all pixels cloud/land masked
  n21 20260605_0100 … ✗ swath overlaps bbox but all pixels cloud/land masked
  n21 20260605_0110 … ✗ swath overlaps bbox but all pixels cloud/land masked
  n21 20260605_0150 … ✗ swath overlaps bbox but all pixels cloud/land masked
  n21 20260605_0200 … ✗ swath overlaps bbox but all pixels cloud/land masked
  n21 20260605_0210 … ✗ swath overlaps bbox but all pixels cloud/land masked
  n21 20260605_0250 … ✗ swath overlaps bbox but all pixels cloud/land masked
  n21 20260605_0300 … ✗ swath overlaps bbox but all pixels cloud/land masked
  n21 20260605_0310 … ✗ swath overlaps bbox but all pixels cloud/land masked
  n21 20260605_0350 … ✗ swath overlaps bbox but all pixels cloud/land masked
  n21 20260605_0400 … ✗ swath overlaps bbox but all pixels cloud/land masked
  n21 20260605_0410 … ✗ swath overlaps bbox but all pixels cloud/land masked
  n21 20260605_0450 … ✗ swath overlaps bbox but all pixels cloud/land masked
  n21 20260605_0500 … ✗ swath overlaps bbox but all pixels cloud/land masked
  n21 20260605_0510 … ✗ swath overlaps bbox but all pixels cloud/land masked
  n21 20260605_0550 … ✗ swath overlaps bbox but all pixels cloud/land masked
  n21 20260605_0600 … ✗ swath overlaps bbox but all pixels cloud/land masked
  n21 20260605_0610 … ✗ swath overlaps bbox but all pixels cloud/land masked
  n21 20260605_0650 ✓ (cached)
  n21 20260605_0700 ✓ (cached)
  n21 20260605_0710 … ✗ swath overlaps bbox but all pixels cloud/land masked
  n21 20260605_0750 … ✗ swath overlaps bbox but all pixels cloud/land masked
  n21 20260605_0800 … ✗ swath overlaps bbox but all pixels cloud/land masked
  n21 20260605_0810 … ✗ swath overlaps bbox but all pixels cloud/land masked
  n21 20260605_0850 … ✗ swath overlaps bbox but all pixels cloud/land masked
  n21 20260605_0900 … ✗ swath overlaps bbox but all pixels cloud/land masked
  n21 20260605_0910 … ✗ swath overlaps bbox but all pixels cloud/land masked
  n21 20260605_0950 … ✗ swath overlaps bbox but all pixels cloud/land masked
  n21 20260605_1000 … ✗ swath overlaps bbox but all pixels cloud/land masked
  n21 20260605_1010 … ✗ swath overlaps bbox but all pixels cloud/land masked
  n21 20260605_1050 … ✗ swath overlaps bbox but all pixels cloud/land masked
  n21 20260605_1100 … ✗ swath overlaps bbox but all pixels cloud/land masked
  n21 20260605_1110 … ✗ swath overlaps bbox but all pixels cloud/land masked
  n21 20260605_1150 … ✗ swath overlaps bbox but all pixels cloud/land masked
  n21 20260605_1200 … ✗ swath overlaps bbox but all pixels cloud/land masked
  n21 20260605_1210 … ✗ swath overlaps bbox but all pixels cloud/land masked
  n21 20260605_1250 … ✗ swath overlaps bbox but all pixels cloud/land masked
  n21 20260605_1300 … ✗ swath overlaps bbox but all pixels cloud/land masked
  n21 20260605_1310 … ✗ swath overlaps bbox but all pixels cloud/land masked
  n21 20260605_1350 … ✗ swath overlaps bbox but all pixels cloud/land masked
  n21 20260605_1400 … ✗ swath overlaps bbox but all pixels cloud/land masked
  n21 20260605_1410 … ✗ swath overlaps bbox but all pixels cloud/land masked
  n21 20260605_1450 … ✗ swath overlaps bbox but all pixels cloud/land masked
  n21 20260605_1500 … ✗ swath overlaps bbox but all pixels cloud/land masked
  n21 20260605_1510 … ✗ swath overlaps bbox but all pixels cloud/land masked
  n21 20260605_1550 … ✗ swath overlaps bbox but all pixels cloud/land masked
  n21 20260605_1600 … ✗ swath overlaps bbox but all pixels cloud/land masked
  n21 20260605_1610 … ✗ swath overlaps bbox but all pixels cloud/land masked
  n21 20260605_1650 … ✗ swath overlaps bbox but all pixels cloud/land masked
  n21 20260605_1700 … ✗ swath overlaps bbox but all pixels cloud/land masked
  n21 20260605_1710 … ✗ swath overlaps bbox but all pixels cloud/land masked
  n21 20260605_1750 … ✗ swath overlaps bbox but all pixels cloud/land masked
  n21 20260605_1800 … ✗ swath overlaps bbox but all pixels cloud/land masked
  n21 20260605_1810 ✓ (cached)
  n21 20260605_1850 … ✗ swath overlaps bbox but all pixels cloud/land masked
  n21 20260605_1900 … ✗ swath overlaps bbox but all pixels cloud/land masked
  n21 20260605_1910 … ✗ swath overlaps bbox but all pixels cloud/land masked
  n21 20260605_1950 … ✗ swath overlaps bbox but all pixels cloud/land masked
  n21 20260605_2000 … ✗ swath overlaps bbox but all pixels cloud/land masked
  n21 20260605_2010 … ✗ swath overlaps bbox but all pixels cloud/land masked
  n21 20260605_2050 … ✗ swath overlaps bbox but all pixels cloud/land masked
  n21 20260605_2100 … ✗ swath overlaps bbox but all pixels cloud/land masked
  n21 20260605_2110 … ✗ swath overlaps bbox but all pixels cloud/land masked
  n21 20260605_2150 … ✗ swath overlaps bbox but all pixels cloud/land masked
  n21 20260605_2200 … ✗ swath overlaps bbox but all pixels cloud/land masked

  VIIRS summary: 0 written, 13 cached, 343 miss/cloud, 639 outside windows.

=========================================================
✓ Pipeline complete
=========================================================
