=========================================================
SST PIPELINE
  UTC  : 2026-05-20 18:11:22
  Bbox : 33.7–39.0°N  -78.89–-72.21°E
=========================================================

── MUR daily composite (last 5 days) ──
  ✓ MUR 20260519 (cached)
  ✓ MUR 20260518 (cached)
  ✓ MUR 20260517 (cached)
  ✓ MUR 20260516 (cached)
  ✓ MUR 20260515 (cached)

── GOES-19 geo-polar blended daily composite ──
  Candidates: 4 (2 hosts × 2 dataset IDs)
  GOES 20260520 [noaa/noaacwBLENDEDsstDLDaily] … ✗ RuntimeError: 404 — no data for this date
  GOES 20260520 [noaa/noaacwBLENDEDsstDaily] … ✗ RuntimeError: 404 — no data for this date
  GOES 20260520 [pfeg/noaacwBLENDEDsstDLDaily] … ✗ RuntimeError: 404 — no data for this date
  GOES 20260520 [pfeg/noaacwBLENDEDsstDaily] … ✗ RuntimeError: 404 — no data for this date
  GOES 20260519 [noaa/noaacwBLENDEDsstDLDaily] … ✗ RuntimeError: 404 — no data for this date
  GOES 20260519 [noaa/noaacwBLENDEDsstDaily] … ✗ RuntimeError: 404 — no data for this date
  GOES 20260519 [pfeg/noaacwBLENDEDsstDLDaily] … ✗ RuntimeError: 404 — no data for this date
  GOES 20260519 [pfeg/noaacwBLENDEDsstDaily] … ✗ RuntimeError: 404 — no data for this date
  ✓ GOES composite 20260518 (cached)

── VIIRS multi-pass (last 48h — NPP/N20/N21) ──
  ✓ VIIRS NRT base: https://www.star.nesdis.noaa.gov/pub/socd2/coastwatch/sst/nrt/viirs
  Hourly windows : 48
  Window range   : 2026-05-18 18:50Z → 2026-05-20 18:10Z
  Half-width     : ±10 min per bucket
  npp 20260518_1850 … ✗ swath overlaps bbox but all pixels cloud/land masked
  npp 20260518_1900 … ✗ swath overlaps bbox but all pixels cloud/land masked
  npp 20260518_1910 … ✗ swath overlaps bbox but all pixels cloud/land masked
  npp 20260518_1950 … ✗ swath overlaps bbox but all pixels cloud/land masked
  npp 20260518_2000 … ✗ swath overlaps bbox but all pixels cloud/land masked
  npp 20260518_2010 … ✗ swath overlaps bbox but all pixels cloud/land masked
  npp 20260518_2050 … ✗ swath overlaps bbox but all pixels cloud/land masked
  npp 20260518_2100 … ✗ swath overlaps bbox but all pixels cloud/land masked
  npp 20260518_2110 … ✗ swath overlaps bbox but all pixels cloud/land masked
  npp 20260518_2150 … ✗ swath overlaps bbox but all pixels cloud/land masked
  npp 20260518_2200 … ✗ swath overlaps bbox but all pixels cloud/land masked
  npp 20260518_2210 … ✗ swath overlaps bbox but all pixels cloud/land masked
  npp 20260518_2250 … ✗ swath overlaps bbox but all pixels cloud/land masked
  npp 20260518_2300 … ✗ swath overlaps bbox but all pixels cloud/land masked
  npp 20260518_2310 … ✗ swath overlaps bbox but all pixels cloud/land masked
  npp 20260518_2350 … ✗ swath overlaps bbox but all pixels cloud/land masked
  npp 20260519_0000 … ✗ swath overlaps bbox but all pixels cloud/land masked
  npp 20260519_0010 … ✗ swath overlaps bbox but all pixels cloud/land masked
  npp 20260519_0050 … ✗ swath overlaps bbox but all pixels cloud/land masked
  npp 20260519_0100 … ✗ swath overlaps bbox but all pixels cloud/land masked
  npp 20260519_0110 … ✗ swath overlaps bbox but all pixels cloud/land masked
  npp 20260519_0150 … ✗ swath overlaps bbox but all pixels cloud/land masked
  npp 20260519_0200 … ✗ swath overlaps bbox but all pixels cloud/land masked
  npp 20260519_0210 … ✗ swath overlaps bbox but all pixels cloud/land masked
  npp 20260519_0250 … ✗ swath overlaps bbox but all pixels cloud/land masked
  npp 20260519_0300 … ✗ swath overlaps bbox but all pixels cloud/land masked
  npp 20260519_0310 … ✗ swath overlaps bbox but all pixels cloud/land masked
  npp 20260519_0350 … ✗ swath overlaps bbox but all pixels cloud/land masked
  npp 20260519_0400 … ✗ swath overlaps bbox but all pixels cloud/land masked
  npp 20260519_0410 … ✗ swath overlaps bbox but all pixels cloud/land masked
  npp 20260519_0450 … ✗ swath overlaps bbox but all pixels cloud/land masked
  npp 20260519_0500 … ✗ swath overlaps bbox but all pixels cloud/land masked
  npp 20260519_0510 … ✗ swath overlaps bbox but all pixels cloud/land masked
  npp 20260519_0550 … ✗ swath overlaps bbox but all pixels cloud/land masked
  npp 20260519_0600 … ✗ swath overlaps bbox but all pixels cloud/land masked
  npp 20260519_0610 ✓ (cached)
  npp 20260519_0650 … ✗ swath overlaps bbox but all pixels cloud/land masked
  npp 20260519_0700 … ✗ swath overlaps bbox but all pixels cloud/land masked
  npp 20260519_0710 … ✗ swath overlaps bbox but all pixels cloud/land masked
  npp 20260519_0750 ✓ (cached)
  npp 20260519_0800 … ✗ swath overlaps bbox but all pixels cloud/land masked
  npp 20260519_0810 … ✗ swath overlaps bbox but all pixels cloud/land masked
  npp 20260519_0850 … ✗ swath overlaps bbox but all pixels cloud/land masked
  npp 20260519_0900 … ✗ swath overlaps bbox but all pixels cloud/land masked
  npp 20260519_0910 … ✗ swath overlaps bbox but all pixels cloud/land masked
  npp 20260519_0950 … ✗ swath overlaps bbox but all pixels cloud/land masked
  npp 20260519_1000 … ✗ swath overlaps bbox but all pixels cloud/land masked
  npp 20260519_1010 … ✗ swath overlaps bbox but all pixels cloud/land masked
  npp 20260519_1050 … ✗ swath overlaps bbox but all pixels cloud/land masked
  npp 20260519_1100 … ✗ swath overlaps bbox but all pixels cloud/land masked
  npp 20260519_1110 … ✗ swath overlaps bbox but all pixels cloud/land masked
  npp 20260519_1150 … ✗ swath overlaps bbox but all pixels cloud/land masked
  npp 20260519_1200 … ✗ swath overlaps bbox but all pixels cloud/land masked
  npp 20260519_1210 … ✗ swath overlaps bbox but all pixels cloud/land masked
  npp 20260519_1250 … ✗ swath overlaps bbox but all pixels cloud/land masked
  npp 20260519_1300 … ✗ swath overlaps bbox but all pixels cloud/land masked
  npp 20260519_1310 … ✗ swath overlaps bbox but all pixels cloud/land masked
  npp 20260519_1350 … ✗ swath overlaps bbox but all pixels cloud/land masked
  npp 20260519_1400 … ✗ swath overlaps bbox but all pixels cloud/land masked
  npp 20260519_1410 … ✗ swath overlaps bbox but all pixels cloud/land masked
  npp 20260519_1450 … ✗ swath overlaps bbox but all pixels cloud/land masked
  npp 20260519_1500 … ✗ swath overlaps bbox but all pixels cloud/land masked
  npp 20260519_1510 … ✗ swath overlaps bbox but all pixels cloud/land masked
  npp 20260519_1550 … ✗ swath overlaps bbox but all pixels cloud/land masked
  npp 20260519_1600 … ✗ swath overlaps bbox but all pixels cloud/land masked
  npp 20260519_1610 … ✗ swath overlaps bbox but all pixels cloud/land masked
  npp 20260519_1650 … ✗ swath overlaps bbox but all pixels cloud/land masked
  npp 20260519_1700 … ✗ swath overlaps bbox but all pixels cloud/land masked
  npp 20260519_1710 … ✗ swath overlaps bbox but all pixels cloud/land masked
  npp 20260519_1750 … ✗ swath overlaps bbox but all pixels cloud/land masked
  npp 20260519_1800 … ✗ swath overlaps bbox but all pixels cloud/land masked
  npp 20260519_1810 … ✗ swath overlaps bbox but all pixels cloud/land masked
  npp 20260519_1850 … ✗ swath overlaps bbox but all pixels cloud/land masked
  npp 20260519_1900 … ✗ swath overlaps bbox but all pixels cloud/land masked
  npp 20260519_1910 ✓ (cached)
  npp 20260519_1950 … ✗ swath overlaps bbox but all pixels cloud/land masked
  npp 20260519_2000 … ✗ swath overlaps bbox but all pixels cloud/land masked
  npp 20260519_2010 … ✗ swath overlaps bbox but all pixels cloud/land masked
  npp 20260519_2050 … ✗ swath overlaps bbox but all pixels cloud/land masked
  npp 20260519_2100 … ✗ swath overlaps bbox but all pixels cloud/land masked
  npp 20260519_2110 … ✗ swath overlaps bbox but all pixels cloud/land masked
  npp 20260519_2150 … ✗ swath overlaps bbox but all pixels cloud/land masked
  npp 20260519_2200 … ✗ swath overlaps bbox but all pixels cloud/land masked
  npp 20260519_2210 … ✗ swath overlaps bbox but all pixels cloud/land masked
  npp 20260519_2250 … ✗ swath overlaps bbox but all pixels cloud/land masked
  npp 20260519_2300 … ✗ swath overlaps bbox but all pixels cloud/land masked
  npp 20260519_2310 … ✗ swath overlaps bbox but all pixels cloud/land masked
  npp 20260519_2350 … ✗ swath overlaps bbox but all pixels cloud/land masked
  npp 20260520_0000 … ✗ swath overlaps bbox but all pixels cloud/land masked
  npp 20260520_0010 … ✗ swath overlaps bbox but all pixels cloud/land masked
  npp 20260520_0050 … ✗ swath overlaps bbox but all pixels cloud/land masked
  npp 20260520_0100 … ✗ swath overlaps bbox but all pixels cloud/land masked
  npp 20260520_0110 … ✗ swath overlaps bbox but all pixels cloud/land masked
  npp 20260520_0150 … ✗ swath overlaps bbox but all pixels cloud/land masked
  npp 20260520_0200 … ✗ swath overlaps bbox but all pixels cloud/land masked
  npp 20260520_0210 … ✗ swath overlaps bbox but all pixels cloud/land masked
  npp 20260520_0250 … ✗ swath overlaps bbox but all pixels cloud/land masked
  npp 20260520_0300 … ✗ swath overlaps bbox but all pixels cloud/land masked
  npp 20260520_0310 … ✗ swath overlaps bbox but all pixels cloud/land masked
  npp 20260520_0350 … ✗ swath overlaps bbox but all pixels cloud/land masked
  npp 20260520_0400 … ✗ swath overlaps bbox but all pixels cloud/land masked
  npp 20260520_0410 … ✗ swath overlaps bbox but all pixels cloud/land masked
  npp 20260520_0450 … ✗ swath overlaps bbox but all pixels cloud/land masked
  npp 20260520_0500 … ✗ swath overlaps bbox but all pixels cloud/land masked
  npp 20260520_0510 … ✗ swath overlaps bbox but all pixels cloud/land masked
  npp 20260520_0550 ✓ (cached)
  npp 20260520_0600 … ✗ swath overlaps bbox but all pixels cloud/land masked
  npp 20260520_0610 … ✗ swath overlaps bbox but all pixels cloud/land masked
  npp 20260520_0650 … ✗ swath overlaps bbox but all pixels cloud/land masked
  npp 20260520_0700 … ✗ swath overlaps bbox but all pixels cloud/land masked
  npp 20260520_0710 … ✗ swath overlaps bbox but all pixels cloud/land masked
  npp 20260520_0750 … ✗ swath overlaps bbox but all pixels cloud/land masked
  npp 20260520_0800 … ✗ swath overlaps bbox but all pixels cloud/land masked
  npp 20260520_0810 … ✗ swath overlaps bbox but all pixels cloud/land masked
  npp 20260520_0850 … ✗ swath overlaps bbox but all pixels cloud/land masked
  npp 20260520_0900 … ✗ swath overlaps bbox but all pixels cloud/land masked
  npp 20260520_0910 … ✗ swath overlaps bbox but all pixels cloud/land masked
  npp 20260520_0950 … ✗ swath overlaps bbox but all pixels cloud/land masked
  npp 20260520_1000 … ✗ swath overlaps bbox but all pixels cloud/land masked
  npp 20260520_1010 … ✗ swath overlaps bbox but all pixels cloud/land masked
  npp 20260520_1050 … ✗ swath overlaps bbox but all pixels cloud/land masked
  npp 20260520_1100 … ✗ swath overlaps bbox but all pixels cloud/land masked
  npp 20260520_1110 … ✗ swath overlaps bbox but all pixels cloud/land masked
  npp 20260520_1150 … ✗ swath overlaps bbox but all pixels cloud/land masked
  npp 20260520_1200 … ✗ swath overlaps bbox but all pixels cloud/land masked
  npp 20260520_1210 … ✗ swath overlaps bbox but all pixels cloud/land masked
  npp 20260520_1250 … ✗ swath overlaps bbox but all pixels cloud/land masked
  npp 20260520_1300 … ✗ swath overlaps bbox but all pixels cloud/land masked
  npp 20260520_1310 … ✗ swath overlaps bbox but all pixels cloud/land masked
  npp 20260520_1350 … ✗ swath overlaps bbox but all pixels cloud/land masked
  npp 20260520_1400 … ✗ swath overlaps bbox but all pixels cloud/land masked
  npp 20260520_1410 … ✗ swath overlaps bbox but all pixels cloud/land masked
  npp 20260520_1450 … ✗ swath overlaps bbox but all pixels cloud/land masked
  npp 20260520_1500 … ✗ swath overlaps bbox but all pixels cloud/land masked
  npp 20260520_1510 … ✗ swath overlaps bbox but all pixels cloud/land masked
  npp 20260520_1550 … ✗ swath overlaps bbox but all pixels cloud/land masked
  npp 20260520_1600 … ✗ swath overlaps bbox but all pixels cloud/land masked
  npp 20260520_1610 … ✗ swath overlaps bbox but all pixels cloud/land masked
  npp 20260520_1650 … ✗ swath overlaps bbox but all pixels cloud/land masked
  npp 20260520_1700 … ✗ swath overlaps bbox but all pixels cloud/land masked
  npp 20260520_1710 …   → DailySSTData/VIIRS/Passes/viirs_npp_20260520_1710.csv  (44756 pts, 265 lats × 295 lons)
  n20 20260518_1850 … ✗ swath overlaps bbox but all pixels cloud/land masked
  n20 20260518_1900 … ✗ swath overlaps bbox but all pixels cloud/land masked
  n20 20260518_1910 … ✗ swath overlaps bbox but all pixels cloud/land masked
  n20 20260518_1950 … ✗ swath overlaps bbox but all pixels cloud/land masked
  n20 20260518_2000 … ✗ swath overlaps bbox but all pixels cloud/land masked
  n20 20260518_2010 … ✗ swath overlaps bbox but all pixels cloud/land masked
  n20 20260518_2050 … ✗ swath overlaps bbox but all pixels cloud/land masked
  n20 20260518_2100 … ✗ swath overlaps bbox but all pixels cloud/land masked
  n20 20260518_2110 … ✗ swath overlaps bbox but all pixels cloud/land masked
  n20 20260518_2150 … ✗ swath overlaps bbox but all pixels cloud/land masked
  n20 20260518_2200 … ✗ swath overlaps bbox but all pixels cloud/land masked
  n20 20260518_2210 … ✗ swath overlaps bbox but all pixels cloud/land masked
  n20 20260518_2250 … ✗ swath overlaps bbox but all pixels cloud/land masked
  n20 20260518_2300 … ✗ swath overlaps bbox but all pixels cloud/land masked
  n20 20260518_2310 … ✗ swath overlaps bbox but all pixels cloud/land masked
  n20 20260518_2350 … ✗ swath overlaps bbox but all pixels cloud/land masked
  n20 20260519_0000 … ✗ swath overlaps bbox but all pixels cloud/land masked
  n20 20260519_0010 … ✗ swath overlaps bbox but all pixels cloud/land masked
  n20 20260519_0050 … ✗ swath overlaps bbox but all pixels cloud/land masked
  n20 20260519_0100 … ✗ swath overlaps bbox but all pixels cloud/land masked
  n20 20260519_0110 … ✗ swath overlaps bbox but all pixels cloud/land masked
  n20 20260519_0150 … ✗ swath overlaps bbox but all pixels cloud/land masked
  n20 20260519_0200 … ✗ swath overlaps bbox but all pixels cloud/land masked
  n20 20260519_0210 … ✗ swath overlaps bbox but all pixels cloud/land masked
  n20 20260519_0250 … ✗ swath overlaps bbox but all pixels cloud/land masked
  n20 20260519_0300 … ✗ swath overlaps bbox but all pixels cloud/land masked
  n20 20260519_0310 … ✗ swath overlaps bbox but all pixels cloud/land masked
  n20 20260519_0350 … ✗ swath overlaps bbox but all pixels cloud/land masked
  n20 20260519_0400 … ✗ swath overlaps bbox but all pixels cloud/land masked
  n20 20260519_0410 … ✗ swath overlaps bbox but all pixels cloud/land masked
  n20 20260519_0450 … ✗ swath overlaps bbox but all pixels cloud/land masked
  n20 20260519_0500 … ✗ swath overlaps bbox but all pixels cloud/land masked
  n20 20260519_0510 … ✗ swath overlaps bbox but all pixels cloud/land masked
  n20 20260519_0550 … ✗ swath overlaps bbox but all pixels cloud/land masked
  n20 20260519_0600 … ✗ swath overlaps bbox but all pixels cloud/land masked
  n20 20260519_0610 … ✗ swath overlaps bbox but all pixels cloud/land masked
  n20 20260519_0650 … ✗ swath overlaps bbox but all pixels cloud/land masked
  n20 20260519_0700 … ✗ swath overlaps bbox but all pixels cloud/land masked
  n20 20260519_0710 … ✗ swath overlaps bbox but all pixels cloud/land masked
  n20 20260519_0750 … ✗ swath overlaps bbox but all pixels cloud/land masked
  n20 20260519_0800 ✓ (cached)
  n20 20260519_0810 ✓ (cached)
  n20 20260519_0850 … ✗ swath overlaps bbox but all pixels cloud/land masked
  n20 20260519_0900 … ✗ swath overlaps bbox but all pixels cloud/land masked
  n20 20260519_0910 … ✗ swath overlaps bbox but all pixels cloud/land masked
  n20 20260519_0950 … ✗ swath overlaps bbox but all pixels cloud/land masked
  n20 20260519_1000 … ✗ swath overlaps bbox but all pixels cloud/land masked
  n20 20260519_1010 … ✗ swath overlaps bbox but all pixels cloud/land masked
  n20 20260519_1050 … ✗ swath overlaps bbox but all pixels cloud/land masked
  n20 20260519_1100 … ✗ swath overlaps bbox but all pixels cloud/land masked
  n20 20260519_1110 … ✗ swath overlaps bbox but all pixels cloud/land masked
  n20 20260519_1150 … ✗ swath overlaps bbox but all pixels cloud/land masked
  n20 20260519_1200 … ✗ swath overlaps bbox but all pixels cloud/land masked
  n20 20260519_1210 … ✗ swath overlaps bbox but all pixels cloud/land masked
  n20 20260519_1250 … ✗ swath overlaps bbox but all pixels cloud/land masked
  n20 20260519_1300 … ✗ swath overlaps bbox but all pixels cloud/land masked
  n20 20260519_1310 … ✗ swath overlaps bbox but all pixels cloud/land masked
  n20 20260519_1350 … ✗ swath overlaps bbox but all pixels cloud/land masked
  n20 20260519_1400 … ✗ swath overlaps bbox but all pixels cloud/land masked
  n20 20260519_1410 … ✗ swath overlaps bbox but all pixels cloud/land masked
  n20 20260519_1450 … ✗ swath overlaps bbox but all pixels cloud/land masked
  n20 20260519_1500 … ✗ swath overlaps bbox but all pixels cloud/land masked
  n20 20260519_1510 … ✗ swath overlaps bbox but all pixels cloud/land masked
  n20 20260519_1550 … ✗ swath overlaps bbox but all pixels cloud/land masked
  n20 20260519_1600 … ✗ swath overlaps bbox but all pixels cloud/land masked
  n20 20260519_1610 … ✗ swath overlaps bbox but all pixels cloud/land masked
  n20 20260519_1650 … ✗ swath overlaps bbox but all pixels cloud/land masked
  n20 20260519_1700 … ✗ swath overlaps bbox but all pixels cloud/land masked
  n20 20260519_1710 … ✗ swath overlaps bbox but all pixels cloud/land masked
  n20 20260519_1750 ✓ (cached)
  n20 20260519_1800 … ✗ swath overlaps bbox but all pixels cloud/land masked
  n20 20260519_1810 … ✗ swath overlaps bbox but all pixels cloud/land masked
  n20 20260519_1850 … ✗ swath overlaps bbox but all pixels cloud/land masked
  n20 20260519_1900 … ✗ swath overlaps bbox but all pixels cloud/land masked
  n20 20260519_1910 … ✗ swath overlaps bbox but all pixels cloud/land masked
  n20 20260519_1950 … ✗ swath overlaps bbox but all pixels cloud/land masked
  n20 20260519_2000 … ✗ swath overlaps bbox but all pixels cloud/land masked
  n20 20260519_2010 … ✗ swath overlaps bbox but all pixels cloud/land masked
  n20 20260519_2050 … ✗ swath overlaps bbox but all pixels cloud/land masked
  n20 20260519_2100 … ✗ swath overlaps bbox but all pixels cloud/land masked
  n20 20260519_2110 … ✗ swath overlaps bbox but all pixels cloud/land masked
  n20 20260519_2150 … ✗ swath overlaps bbox but all pixels cloud/land masked
  n20 20260519_2200 … ✗ swath overlaps bbox but all pixels cloud/land masked
  n20 20260519_2210 … ✗ swath overlaps bbox but all pixels cloud/land masked
  n20 20260519_2250 … ✗ swath overlaps bbox but all pixels cloud/land masked
  n20 20260519_2300 … ✗ swath overlaps bbox but all pixels cloud/land masked
  n20 20260519_2310 … ✗ swath overlaps bbox but all pixels cloud/land masked
  n20 20260519_2350 … ✗ swath overlaps bbox but all pixels cloud/land masked
  n20 20260520_0000 … ✗ swath overlaps bbox but all pixels cloud/land masked
  n20 20260520_0010 … ✗ swath overlaps bbox but all pixels cloud/land masked
  n20 20260520_0050 … ✗ swath overlaps bbox but all pixels cloud/land masked
  n20 20260520_0100 … ✗ swath overlaps bbox but all pixels cloud/land masked
  n20 20260520_0110 … ✗ swath overlaps bbox but all pixels cloud/land masked
  n20 20260520_0150 … ✗ swath overlaps bbox but all pixels cloud/land masked
  n20 20260520_0200 … ✗ swath overlaps bbox but all pixels cloud/land masked
  n20 20260520_0210 … ✗ swath overlaps bbox but all pixels cloud/land masked
  n20 20260520_0250 … ✗ swath overlaps bbox but all pixels cloud/land masked
  n20 20260520_0300 … ✗ swath overlaps bbox but all pixels cloud/land masked
  n20 20260520_0310 … ✗ swath overlaps bbox but all pixels cloud/land masked
  n20 20260520_0350 … ✗ swath overlaps bbox but all pixels cloud/land masked
  n20 20260520_0400 … ✗ swath overlaps bbox but all pixels cloud/land masked
  n20 20260520_0410 … ✗ swath overlaps bbox but all pixels cloud/land masked
  n20 20260520_0450 … ✗ swath overlaps bbox but all pixels cloud/land masked
  n20 20260520_0500 … ✗ swath overlaps bbox but all pixels cloud/land masked
  n20 20260520_0510 … ✗ swath overlaps bbox but all pixels cloud/land masked
  n20 20260520_0550 … ✗ swath overlaps bbox but all pixels cloud/land masked
  n20 20260520_0600 … ✗ swath overlaps bbox but all pixels cloud/land masked
  n20 20260520_0610 ✓ (cached)
  n20 20260520_0650 … ✗ swath overlaps bbox but all pixels cloud/land masked
  n20 20260520_0700 … ✗ swath overlaps bbox but all pixels cloud/land masked
  n20 20260520_0710 … ✗ swath overlaps bbox but all pixels cloud/land masked
  n20 20260520_0750 ✓ (cached)
  n20 20260520_0800 … ✗ swath overlaps bbox but all pixels cloud/land masked
  n20 20260520_0810 … ✗ swath overlaps bbox but all pixels cloud/land masked
  n20 20260520_0850 … ✗ swath overlaps bbox but all pixels cloud/land masked
  n20 20260520_0900 … ✗ swath overlaps bbox but all pixels cloud/land masked
  n20 20260520_0910 … ✗ swath overlaps bbox but all pixels cloud/land masked
  n20 20260520_0950 … ✗ swath overlaps bbox but all pixels cloud/land masked
  n20 20260520_1000 … ✗ swath overlaps bbox but all pixels cloud/land masked
  n20 20260520_1010 … ✗ swath overlaps bbox but all pixels cloud/land masked
  n20 20260520_1050 … ✗ swath overlaps bbox but all pixels cloud/land masked
  n20 20260520_1100 … ✗ swath overlaps bbox but all pixels cloud/land masked
  n20 20260520_1110 … ✗ swath overlaps bbox but all pixels cloud/land masked
  n20 20260520_1150 … ✗ swath overlaps bbox but all pixels cloud/land masked
  n20 20260520_1200 … ✗ swath overlaps bbox but all pixels cloud/land masked
  n20 20260520_1210 … ✗ swath overlaps bbox but all pixels cloud/land masked
  n20 20260520_1250 … ✗ swath overlaps bbox but all pixels cloud/land masked
  n20 20260520_1300 … ✗ swath overlaps bbox but all pixels cloud/land masked
  n20 20260520_1310 … ✗ swath overlaps bbox but all pixels cloud/land masked
  n20 20260520_1350 … ✗ swath overlaps bbox but all pixels cloud/land masked
  n20 20260520_1400 … ✗ swath overlaps bbox but all pixels cloud/land masked
  n20 20260520_1410 … ✗ swath overlaps bbox but all pixels cloud/land masked
  n20 20260520_1450 … ✗ swath overlaps bbox but all pixels cloud/land masked
  n20 20260520_1500 … ✗ swath overlaps bbox but all pixels cloud/land masked
  n20 20260520_1510 … ✗ swath overlaps bbox but all pixels cloud/land masked
  n20 20260520_1550 … ✗ swath overlaps bbox but all pixels cloud/land masked
  n20 20260520_1600 … ✗ swath overlaps bbox but all pixels cloud/land masked
  n20 20260520_1610 … ✗ swath overlaps bbox but all pixels cloud/land masked
  n20 20260520_1650 … ✗ swath overlaps bbox but all pixels cloud/land masked
  n20 20260520_1700 … ✗ swath overlaps bbox but all pixels cloud/land masked
  n21 20260518_1850 ✓ (cached)
  n21 20260518_1900 … ✗ swath overlaps bbox but all pixels cloud/land masked
  n21 20260518_1910 … ✗ swath overlaps bbox but all pixels cloud/land masked
  n21 20260518_1950 … ✗ swath overlaps bbox but all pixels cloud/land masked
  n21 20260518_2000 … ✗ swath overlaps bbox but all pixels cloud/land masked
  n21 20260518_2010 … ✗ swath overlaps bbox but all pixels cloud/land masked
  n21 20260518_2050 … ✗ swath overlaps bbox but all pixels cloud/land masked
  n21 20260518_2100 … ✗ swath overlaps bbox but all pixels cloud/land masked
  n21 20260518_2110 … ✗ swath overlaps bbox but all pixels cloud/land masked
  n21 20260518_2150 … ✗ swath overlaps bbox but all pixels cloud/land masked
  n21 20260518_2200 … ✗ swath overlaps bbox but all pixels cloud/land masked
  n21 20260518_2210 … ✗ swath overlaps bbox but all pixels cloud/land masked
  n21 20260518_2250 … ✗ swath overlaps bbox but all pixels cloud/land masked
  n21 20260518_2300 … ✗ swath overlaps bbox but all pixels cloud/land masked
  n21 20260518_2310 … ✗ swath overlaps bbox but all pixels cloud/land masked
  n21 20260518_2350 … ✗ swath overlaps bbox but all pixels cloud/land masked
  n21 20260519_0000 … ✗ swath overlaps bbox but all pixels cloud/land masked
  n21 20260519_0010 … ✗ swath overlaps bbox but all pixels cloud/land masked
  n21 20260519_0050 … ✗ swath overlaps bbox but all pixels cloud/land masked
  n21 20260519_0100 … ✗ swath overlaps bbox but all pixels cloud/land masked
  n21 20260519_0110 … ✗ swath overlaps bbox but all pixels cloud/land masked
  n21 20260519_0150 … ✗ swath overlaps bbox but all pixels cloud/land masked
  n21 20260519_0200 … ✗ swath overlaps bbox but all pixels cloud/land masked
  n21 20260519_0210 … ✗ swath overlaps bbox but all pixels cloud/land masked
  n21 20260519_0250 … ✗ swath overlaps bbox but all pixels cloud/land masked
  n21 20260519_0300 … ✗ swath overlaps bbox but all pixels cloud/land masked
  n21 20260519_0310 … ✗ swath overlaps bbox but all pixels cloud/land masked
  n21 20260519_0350 … ✗ swath overlaps bbox but all pixels cloud/land masked
  n21 20260519_0400 … ✗ swath overlaps bbox but all pixels cloud/land masked
  n21 20260519_0410 … ✗ swath overlaps bbox but all pixels cloud/land masked
  n21 20260519_0450 … ✗ swath overlaps bbox but all pixels cloud/land masked
  n21 20260519_0500 … ✗ swath overlaps bbox but all pixels cloud/land masked
  n21 20260519_0510 … ✗ swath overlaps bbox but all pixels cloud/land masked
  n21 20260519_0550 … ✗ swath overlaps bbox but all pixels cloud/land masked
  n21 20260519_0600 … ✗ swath overlaps bbox but all pixels cloud/land masked
  n21 20260519_0610 … ✗ swath overlaps bbox but all pixels cloud/land masked
  n21 20260519_0650 … ✗ swath overlaps bbox but all pixels cloud/land masked
  n21 20260519_0700 … ✗ swath overlaps bbox but all pixels cloud/land masked
  n21 20260519_0710 ✓ (cached)
  n21 20260519_0750 … ✗ swath overlaps bbox but all pixels cloud/land masked
  n21 20260519_0800 … ✗ swath overlaps bbox but all pixels cloud/land masked
  n21 20260519_0810 … ✗ swath overlaps bbox but all pixels cloud/land masked
  n21 20260519_0850 … ✗ swath overlaps bbox but all pixels cloud/land masked
  n21 20260519_0900 … ✗ swath overlaps bbox but all pixels cloud/land masked
  n21 20260519_0910 … ✗ swath overlaps bbox but all pixels cloud/land masked
  n21 20260519_0950 … ✗ swath overlaps bbox but all pixels cloud/land masked
  n21 20260519_1000 … ✗ swath overlaps bbox but all pixels cloud/land masked
  n21 20260519_1010 … ✗ swath overlaps bbox but all pixels cloud/land masked
  n21 20260519_1050 … ✗ swath overlaps bbox but all pixels cloud/land masked
  n21 20260519_1100 … ✗ swath overlaps bbox but all pixels cloud/land masked
  n21 20260519_1110 … ✗ swath overlaps bbox but all pixels cloud/land masked
  n21 20260519_1150 … ✗ swath overlaps bbox but all pixels cloud/land masked
  n21 20260519_1200 … ✗ swath overlaps bbox but all pixels cloud/land masked
  n21 20260519_1210 … ✗ swath overlaps bbox but all pixels cloud/land masked
  n21 20260519_1250 … ✗ swath overlaps bbox but all pixels cloud/land masked
  n21 20260519_1300 … ✗ swath overlaps bbox but all pixels cloud/land masked
  n21 20260519_1310 … ✗ swath overlaps bbox but all pixels cloud/land masked
  n21 20260519_1350 … ✗ swath overlaps bbox but all pixels cloud/land masked
  n21 20260519_1400 … ✗ swath overlaps bbox but all pixels cloud/land masked
  n21 20260519_1410 … ✗ swath overlaps bbox but all pixels cloud/land masked
  n21 20260519_1450 … ✗ swath overlaps bbox but all pixels cloud/land masked
  n21 20260519_1500 … ✗ swath overlaps bbox but all pixels cloud/land masked
  n21 20260519_1510 … ✗ swath overlaps bbox but all pixels cloud/land masked
  n21 20260519_1550 … ✗ swath overlaps bbox but all pixels cloud/land masked
  n21 20260519_1600 … ✗ swath overlaps bbox but all pixels cloud/land masked
  n21 20260519_1610 … ✗ swath overlaps bbox but all pixels cloud/land masked
  n21 20260519_1650 ✓ (cached)
  n21 20260519_1700 … ✗ swath overlaps bbox but all pixels cloud/land masked
  n21 20260519_1710 … ✗ swath overlaps bbox but all pixels cloud/land masked
  n21 20260519_1750 … ✗ swath overlaps bbox but all pixels cloud/land masked
  n21 20260519_1800 … ✗ swath overlaps bbox but all pixels cloud/land masked
  n21 20260519_1810 … ✗ swath overlaps bbox but all pixels cloud/land masked
  n21 20260519_1850 … ✗ swath overlaps bbox but all pixels cloud/land masked
  n21 20260519_1900 … ✗ swath overlaps bbox but all pixels cloud/land masked
  n21 20260519_1910 … ✗ swath overlaps bbox but all pixels cloud/land masked
  n21 20260519_1950 … ✗ swath overlaps bbox but all pixels cloud/land masked
  n21 20260519_2000 … ✗ swath overlaps bbox but all pixels cloud/land masked
  n21 20260519_2010 … ✗ swath overlaps bbox but all pixels cloud/land masked
  n21 20260519_2050 … ✗ swath overlaps bbox but all pixels cloud/land masked
  n21 20260519_2100 … ✗ swath overlaps bbox but all pixels cloud/land masked
  n21 20260519_2110 … ✗ swath overlaps bbox but all pixels cloud/land masked
  n21 20260519_2150 … ✗ swath overlaps bbox but all pixels cloud/land masked
  n21 20260519_2200 … ✗ swath overlaps bbox but all pixels cloud/land masked
  n21 20260519_2210 … ✗ swath overlaps bbox but all pixels cloud/land masked
  n21 20260519_2250 … ✗ swath overlaps bbox but all pixels cloud/land masked
  n21 20260519_2300 … ✗ swath overlaps bbox but all pixels cloud/land masked
  n21 20260519_2310 … ✗ swath overlaps bbox but all pixels cloud/land masked
  n21 20260519_2350 … ✗ swath overlaps bbox but all pixels cloud/land masked
  n21 20260520_0000 … ✗ swath overlaps bbox but all pixels cloud/land masked
  n21 20260520_0010 … ✗ swath overlaps bbox but all pixels cloud/land masked
  n21 20260520_0050 … ✗ swath overlaps bbox but all pixels cloud/land masked
  n21 20260520_0100 … ✗ swath overlaps bbox but all pixels cloud/land masked
  n21 20260520_0110 … ✗ swath overlaps bbox but all pixels cloud/land masked
  n21 20260520_0150 … ✗ swath overlaps bbox but all pixels cloud/land masked
  n21 20260520_0200 … ✗ swath overlaps bbox but all pixels cloud/land masked
  n21 20260520_0210 … ✗ swath overlaps bbox but all pixels cloud/land masked
  n21 20260520_0250 … ✗ swath overlaps bbox but all pixels cloud/land masked
  n21 20260520_0300 … ✗ swath overlaps bbox but all pixels cloud/land masked
  n21 20260520_0310 … ✗ swath overlaps bbox but all pixels cloud/land masked
  n21 20260520_0350 … ✗ swath overlaps bbox but all pixels cloud/land masked
  n21 20260520_0400 … ✗ swath overlaps bbox but all pixels cloud/land masked
  n21 20260520_0410 … ✗ swath overlaps bbox but all pixels cloud/land masked
  n21 20260520_0450 … ✗ swath overlaps bbox but all pixels cloud/land masked
  n21 20260520_0500 … ✗ swath overlaps bbox but all pixels cloud/land masked
  n21 20260520_0510 … ✗ swath overlaps bbox but all pixels cloud/land masked
  n21 20260520_0550 … ✗ swath overlaps bbox but all pixels cloud/land masked
  n21 20260520_0600 … ✗ swath overlaps bbox but all pixels cloud/land masked
  n21 20260520_0610 … ✗ swath overlaps bbox but all pixels cloud/land masked
  n21 20260520_0650 ✓ (cached)
  n21 20260520_0700 ✓ (cached)
  n21 20260520_0710 … ✗ swath overlaps bbox but all pixels cloud/land masked
  n21 20260520_0750 … ✗ swath overlaps bbox but all pixels cloud/land masked
  n21 20260520_0800 … ✗ swath overlaps bbox but all pixels cloud/land masked
  n21 20260520_0810 … ✗ swath overlaps bbox but all pixels cloud/land masked
  n21 20260520_0850 … ✗ swath overlaps bbox but all pixels cloud/land masked
  n21 20260520_0900 … ✗ swath overlaps bbox but all pixels cloud/land masked
  n21 20260520_0910 … ✗ swath overlaps bbox but all pixels cloud/land masked
  n21 20260520_0950 … ✗ swath overlaps bbox but all pixels cloud/land masked
  n21 20260520_1000 … ✗ swath overlaps bbox but all pixels cloud/land masked
  n21 20260520_1010 … ✗ swath overlaps bbox but all pixels cloud/land masked
  n21 20260520_1050 … ✗ swath overlaps bbox but all pixels cloud/land masked
  n21 20260520_1100 … ✗ swath overlaps bbox but all pixels cloud/land masked
  n21 20260520_1110 … ✗ swath overlaps bbox but all pixels cloud/land masked
  n21 20260520_1150 … ✗ swath overlaps bbox but all pixels cloud/land masked
  n21 20260520_1200 … ✗ swath overlaps bbox but all pixels cloud/land masked
  n21 20260520_1210 … ✗ swath overlaps bbox but all pixels cloud/land masked
  n21 20260520_1250 … ✗ swath overlaps bbox but all pixels cloud/land masked
  n21 20260520_1300 … ✗ swath overlaps bbox but all pixels cloud/land masked
  n21 20260520_1310 … ✗ swath overlaps bbox but all pixels cloud/land masked
  n21 20260520_1350 … ✗ swath overlaps bbox but all pixels cloud/land masked
  n21 20260520_1400 … ✗ swath overlaps bbox but all pixels cloud/land masked
  n21 20260520_1410 … ✗ swath overlaps bbox but all pixels cloud/land masked
  n21 20260520_1450 … ✗ swath overlaps bbox but all pixels cloud/land masked
  n21 20260520_1500 … ✗ swath overlaps bbox but all pixels cloud/land masked
  n21 20260520_1510 … ✗ swath overlaps bbox but all pixels cloud/land masked
  n21 20260520_1550 … ✗ swath overlaps bbox but all pixels cloud/land masked
  n21 20260520_1600 … ✗ swath overlaps bbox but all pixels cloud/land masked
  n21 20260520_1610 … ✗ swath overlaps bbox but all pixels cloud/land masked
  n21 20260520_1650 … ✗ swath overlaps bbox but all pixels cloud/land masked
  n21 20260520_1700 … ✗ swath overlaps bbox but all pixels cloud/land masked
  n21 20260520_1710 … ✗ swath overlaps bbox but all pixels cloud/land masked

  VIIRS summary: 1 written, 14 cached, 407 miss/cloud, 757 outside windows.

=========================================================
✓ Pipeline complete
=========================================================
