=========================================================
SST PIPELINE
  UTC  : 2026-06-18 23:01:49
  Bbox : 33.7–39.0°N  -78.89–-72.21°E
=========================================================

── MUR daily composite (last 5 days) ──
  ✓ MUR 20260617 (cached)
  ✓ MUR 20260616 (cached)
  ✓ MUR 20260615 (cached)
  ✓ MUR 20260614 (cached)
  ✓ MUR 20260613 (cached)

── GOES-19 geo-polar blended daily composite ──
  Candidates: 4 (2 hosts × 2 dataset IDs)
  GOES 20260618 [noaa/noaacwBLENDEDsstDLDaily] … ✗ RuntimeError: 404 — no data for this date
  GOES 20260618 [noaa/noaacwBLENDEDsstDaily] … ✗ RuntimeError: 404 — no data for this date
  GOES 20260618 [pfeg/noaacwBLENDEDsstDLDaily] … ✗ RuntimeError: 403 Forbidden — blacklisted: Error {
    code=403;
    message="Forbidden: Acces
  GOES 20260618 [pfeg/noaacwBLENDEDsstDaily] … skipped (host blacklisted)
  GOES 20260617 [noaa/noaacwBLENDEDsstDLDaily] …   (land filter: loaded 24 coastline polygons)
  (land filter: dropped 70 inland, kept 2237 ocean)
✓
  → DailySSTData/GOES/Composite/goes_composite_20260617.csv  (2237 pts, 54 lats × 66 lons)

── VIIRS multi-pass (last 48h — NPP/N20/N21) ──
  ✓ VIIRS NRT base: https://www.star.nesdis.noaa.gov/pub/socd2/coastwatch/sst/nrt/viirs
  Hourly windows : 48
  Window range   : 2026-06-16 23:50Z → 2026-06-18 23:10Z
  Half-width     : ±10 min per bucket
  npp 20260616_2350 … ✗ swath overlaps bbox but all pixels cloud/land masked
  npp 20260617_0000 … ✗ swath overlaps bbox but all pixels cloud/land masked
  npp 20260617_0010 … ✗ swath overlaps bbox but all pixels cloud/land masked
  npp 20260617_0050 … ✗ swath overlaps bbox but all pixels cloud/land masked
  npp 20260617_0100 … ✗ swath overlaps bbox but all pixels cloud/land masked
  npp 20260617_0110 … ✗ swath overlaps bbox but all pixels cloud/land masked
  npp 20260617_0150 … ✗ swath overlaps bbox but all pixels cloud/land masked
  npp 20260617_0200 … ✗ swath overlaps bbox but all pixels cloud/land masked
  npp 20260617_0210 … ✗ swath overlaps bbox but all pixels cloud/land masked
  npp 20260617_0250 … ✗ swath overlaps bbox but all pixels cloud/land masked
  npp 20260617_0300 … ✗ swath overlaps bbox but all pixels cloud/land masked
  npp 20260617_0310 … ✗ swath overlaps bbox but all pixels cloud/land masked
  npp 20260617_0350 … ✗ swath overlaps bbox but all pixels cloud/land masked
  npp 20260617_0400 … ✗ swath overlaps bbox but all pixels cloud/land masked
  npp 20260617_0410 … ✗ swath overlaps bbox but all pixels cloud/land masked
  npp 20260617_0450 … ✗ swath overlaps bbox but all pixels cloud/land masked
  npp 20260617_0500 … ✗ swath overlaps bbox but all pixels cloud/land masked
  npp 20260617_0510 … ✗ swath overlaps bbox but all pixels cloud/land masked
  npp 20260617_0550 … ✗ swath overlaps bbox but all pixels cloud/land masked
  npp 20260617_0600 … ✗ swath overlaps bbox but all pixels cloud/land masked
  npp 20260617_0610 … ✗ swath overlaps bbox but all pixels cloud/land masked
  npp 20260617_0650 … ✗ swath overlaps bbox but all pixels cloud/land masked
  npp 20260617_0700 ✓ (cached)
  npp 20260617_0710 … ✗ swath overlaps bbox but all pixels cloud/land masked
  npp 20260617_0750 … ✗ swath overlaps bbox but all pixels cloud/land masked
  npp 20260617_0800 … ✗ swath overlaps bbox but all pixels cloud/land masked
  npp 20260617_0810 … ✗ swath overlaps bbox but all pixels cloud/land masked
  npp 20260617_0850 … ✗ swath overlaps bbox but all pixels cloud/land masked
  npp 20260617_0900 … ✗ swath overlaps bbox but all pixels cloud/land masked
  npp 20260617_0910 … ✗ swath overlaps bbox but all pixels cloud/land masked
  npp 20260617_0950 … ✗ swath overlaps bbox but all pixels cloud/land masked
  npp 20260617_1000 … ✗ swath overlaps bbox but all pixels cloud/land masked
  npp 20260617_1010 … ✗ swath overlaps bbox but all pixels cloud/land masked
  npp 20260617_1050 … ✗ swath overlaps bbox but all pixels cloud/land masked
  npp 20260617_1100 … ✗ swath overlaps bbox but all pixels cloud/land masked
  npp 20260617_1110 … ✗ swath overlaps bbox but all pixels cloud/land masked
  npp 20260617_1150 … ✗ swath overlaps bbox but all pixels cloud/land masked
  npp 20260617_1200 … ✗ swath overlaps bbox but all pixels cloud/land masked
  npp 20260617_1210 … ✗ swath overlaps bbox but all pixels cloud/land masked
  npp 20260617_1250 … ✗ swath overlaps bbox but all pixels cloud/land masked
  npp 20260617_1300 … ✗ swath overlaps bbox but all pixels cloud/land masked
  npp 20260617_1310 … ✗ swath overlaps bbox but all pixels cloud/land masked
  npp 20260617_1350 … ✗ swath overlaps bbox but all pixels cloud/land masked
  npp 20260617_1400 … ✗ swath overlaps bbox but all pixels cloud/land masked
  npp 20260617_1410 … ✗ swath overlaps bbox but all pixels cloud/land masked
  npp 20260617_1450 … ✗ swath overlaps bbox but all pixels cloud/land masked
  npp 20260617_1500 … ✗ swath overlaps bbox but all pixels cloud/land masked
  npp 20260617_1510 … ✗ swath overlaps bbox but all pixels cloud/land masked
  npp 20260617_1550 … ✗ swath overlaps bbox but all pixels cloud/land masked
  npp 20260617_1600 … ✗ swath overlaps bbox but all pixels cloud/land masked
  npp 20260617_1610 … ✗ swath overlaps bbox but all pixels cloud/land masked
  npp 20260617_1650 ✓ (cached)
  npp 20260617_1700 … ✗ swath overlaps bbox but all pixels cloud/land masked
  npp 20260617_1710 … ✗ swath overlaps bbox but all pixels cloud/land masked
  npp 20260617_1750 … ✗ swath overlaps bbox but all pixels cloud/land masked
  npp 20260617_1800 … ✗ swath overlaps bbox but all pixels cloud/land masked
  npp 20260617_1810 … ✗ swath overlaps bbox but all pixels cloud/land masked
  npp 20260617_1850 … ✗ swath overlaps bbox but all pixels cloud/land masked
  npp 20260617_1900 … ✗ swath overlaps bbox but all pixels cloud/land masked
  npp 20260617_1910 … ✗ swath overlaps bbox but all pixels cloud/land masked
  npp 20260617_1950 … ✗ swath overlaps bbox but all pixels cloud/land masked
  npp 20260617_2000 … ✗ swath overlaps bbox but all pixels cloud/land masked
  npp 20260617_2010 … ✗ swath overlaps bbox but all pixels cloud/land masked
  npp 20260617_2050 … ✗ swath overlaps bbox but all pixels cloud/land masked
  npp 20260617_2100 … ✗ swath overlaps bbox but all pixels cloud/land masked
  npp 20260617_2110 … ✗ swath overlaps bbox but all pixels cloud/land masked
  npp 20260617_2150 … ✗ swath overlaps bbox but all pixels cloud/land masked
  npp 20260617_2200 … ✗ swath overlaps bbox but all pixels cloud/land masked
  npp 20260617_2210 … ✗ swath overlaps bbox but all pixels cloud/land masked
  npp 20260617_2250 … ✗ swath overlaps bbox but all pixels cloud/land masked
  npp 20260617_2300 … ✗ swath overlaps bbox but all pixels cloud/land masked
  npp 20260617_2310 … ✗ swath overlaps bbox but all pixels cloud/land masked
  npp 20260617_2350 … ✗ swath overlaps bbox but all pixels cloud/land masked
  npp 20260618_0000 … ✗ swath overlaps bbox but all pixels cloud/land masked
  npp 20260618_0010 … ✗ swath overlaps bbox but all pixels cloud/land masked
  npp 20260618_0050 … ✗ swath overlaps bbox but all pixels cloud/land masked
  npp 20260618_0100 … ✗ swath overlaps bbox but all pixels cloud/land masked
  npp 20260618_0110 … ✗ swath overlaps bbox but all pixels cloud/land masked
  npp 20260618_0150 … ✗ swath overlaps bbox but all pixels cloud/land masked
  npp 20260618_0200 … ✗ swath overlaps bbox but all pixels cloud/land masked
  npp 20260618_0210 … ✗ swath overlaps bbox but all pixels cloud/land masked
  npp 20260618_0250 … ✗ swath overlaps bbox but all pixels cloud/land masked
  npp 20260618_0300 … ✗ swath overlaps bbox but all pixels cloud/land masked
  npp 20260618_0310 … ✗ swath overlaps bbox but all pixels cloud/land masked
  npp 20260618_0350 … ✗ swath overlaps bbox but all pixels cloud/land masked
  npp 20260618_0400 … ✗ swath overlaps bbox but all pixels cloud/land masked
  npp 20260618_0410 … ✗ swath overlaps bbox but all pixels cloud/land masked
  npp 20260618_0450 … ✗ swath overlaps bbox but all pixels cloud/land masked
  npp 20260618_0500 … ✗ swath overlaps bbox but all pixels cloud/land masked
  npp 20260618_0510 … ✗ swath overlaps bbox but all pixels cloud/land masked
  npp 20260618_0550 … ✗ swath overlaps bbox but all pixels cloud/land masked
  npp 20260618_0600 … ✗ swath overlaps bbox but all pixels cloud/land masked
  npp 20260618_0610 … ✗ swath overlaps bbox but all pixels cloud/land masked
  npp 20260618_0650 ✓ (cached)
  npp 20260618_0700 … ✗ swath overlaps bbox but all pixels cloud/land masked
  npp 20260618_0710 … ✗ swath overlaps bbox but all pixels cloud/land masked
  npp 20260618_0750 … ✗ swath overlaps bbox but all pixels cloud/land masked
  npp 20260618_0800 … ✗ swath overlaps bbox but all pixels cloud/land masked
  npp 20260618_0810 … ✗ swath overlaps bbox but all pixels cloud/land masked
  npp 20260618_0850 … ✗ swath overlaps bbox but all pixels cloud/land masked
  npp 20260618_0900 … ✗ swath overlaps bbox but all pixels cloud/land masked
  npp 20260618_0910 … ✗ swath overlaps bbox but all pixels cloud/land masked
  npp 20260618_0950 … ✗ swath overlaps bbox but all pixels cloud/land masked
  npp 20260618_1000 … ✗ swath overlaps bbox but all pixels cloud/land masked
  npp 20260618_1010 … ✗ swath overlaps bbox but all pixels cloud/land masked
  npp 20260618_1050 … ✗ swath overlaps bbox but all pixels cloud/land masked
  npp 20260618_1100 … ✗ swath overlaps bbox but all pixels cloud/land masked
  npp 20260618_1110 … ✗ swath overlaps bbox but all pixels cloud/land masked
  npp 20260618_1150 … ✗ swath overlaps bbox but all pixels cloud/land masked
  npp 20260618_1200 … ✗ swath overlaps bbox but all pixels cloud/land masked
  npp 20260618_1210 … ✗ swath overlaps bbox but all pixels cloud/land masked
  npp 20260618_1250 … ✗ swath overlaps bbox but all pixels cloud/land masked
  npp 20260618_1300 … ✗ swath overlaps bbox but all pixels cloud/land masked
  npp 20260618_1310 … ✗ swath overlaps bbox but all pixels cloud/land masked
  npp 20260618_1350 … ✗ swath overlaps bbox but all pixels cloud/land masked
  npp 20260618_1400 … ✗ swath overlaps bbox but all pixels cloud/land masked
  npp 20260618_1410 … ✗ swath overlaps bbox but all pixels cloud/land masked
  npp 20260618_1450 … ✗ swath overlaps bbox but all pixels cloud/land masked
  npp 20260618_1500 … ✗ swath overlaps bbox but all pixels cloud/land masked
  npp 20260618_1510 … ✗ swath overlaps bbox but all pixels cloud/land masked
  npp 20260618_1550 … ✗ swath overlaps bbox but all pixels cloud/land masked
  npp 20260618_1600 … ✗ swath overlaps bbox but all pixels cloud/land masked
  npp 20260618_1610 … ✗ swath overlaps bbox but all pixels cloud/land masked
  npp 20260618_1650 … ✗ swath overlaps bbox but all pixels cloud/land masked
  npp 20260618_1700 … ✗ swath overlaps bbox but all pixels cloud/land masked
  npp 20260618_1710 … ✗ swath overlaps bbox but all pixels cloud/land masked
  npp 20260618_1750 … ✗ swath overlaps bbox but all pixels cloud/land masked
  npp 20260618_1800 ✓ (cached)
  npp 20260618_1810 ✓ (cached)
  npp 20260618_1850 … ✗ swath overlaps bbox but all pixels cloud/land masked
  npp 20260618_1900 … ✗ swath overlaps bbox but all pixels cloud/land masked
  npp 20260618_1910 … ✗ swath overlaps bbox but all pixels cloud/land masked
  npp 20260618_1950 … ✗ swath overlaps bbox but all pixels cloud/land masked
  npp 20260618_2000 … ✗ swath overlaps bbox but all pixels cloud/land masked
  npp 20260618_2010 … ✗ swath overlaps bbox but all pixels cloud/land masked
  npp 20260618_2050 … ✗ swath overlaps bbox but all pixels cloud/land masked
  npp 20260618_2100 … ✗ swath overlaps bbox but all pixels cloud/land masked
  npp 20260618_2110 … ✗ swath overlaps bbox but all pixels cloud/land masked
  n20 20260616_2350 … ✗ swath overlaps bbox but all pixels cloud/land masked
  n20 20260617_0000 … ✗ swath overlaps bbox but all pixels cloud/land masked
  n20 20260617_0010 … ✗ swath overlaps bbox but all pixels cloud/land masked
  n20 20260617_0050 … ✗ swath overlaps bbox but all pixels cloud/land masked
  n20 20260617_0100 … ✗ swath overlaps bbox but all pixels cloud/land masked
  n20 20260617_0110 … ✗ swath overlaps bbox but all pixels cloud/land masked
  n20 20260617_0150 … ✗ swath overlaps bbox but all pixels cloud/land masked
  n20 20260617_0200 … ✗ swath overlaps bbox but all pixels cloud/land masked
  n20 20260617_0210 … ✗ swath overlaps bbox but all pixels cloud/land masked
  n20 20260617_0250 … ✗ swath overlaps bbox but all pixels cloud/land masked
  n20 20260617_0300 … ✗ swath overlaps bbox but all pixels cloud/land masked
  n20 20260617_0310 … ✗ swath overlaps bbox but all pixels cloud/land masked
  n20 20260617_0350 … ✗ swath overlaps bbox but all pixels cloud/land masked
  n20 20260617_0400 … ✗ swath overlaps bbox but all pixels cloud/land masked
  n20 20260617_0410 … ✗ swath overlaps bbox but all pixels cloud/land masked
  n20 20260617_0450 … ✗ swath overlaps bbox but all pixels cloud/land masked
  n20 20260617_0500 … ✗ swath overlaps bbox but all pixels cloud/land masked
  n20 20260617_0510 … ✗ swath overlaps bbox but all pixels cloud/land masked
  n20 20260617_0550 … ✗ swath overlaps bbox but all pixels cloud/land masked
  n20 20260617_0600 … ✗ swath overlaps bbox but all pixels cloud/land masked
  n20 20260617_0610 … ✗ swath overlaps bbox but all pixels cloud/land masked
  n20 20260617_0650 … ✗ swath overlaps bbox but all pixels cloud/land masked
  n20 20260617_0700 … ✗ swath overlaps bbox but all pixels cloud/land masked
  n20 20260617_0710 … ✗ swath overlaps bbox but all pixels cloud/land masked
  n20 20260617_0750 … ✗ swath overlaps bbox but all pixels cloud/land masked
  n20 20260617_0800 … ✗ swath overlaps bbox but all pixels cloud/land masked
  n20 20260617_0810 … ✗ swath overlaps bbox but all pixels cloud/land masked
  n20 20260617_0850 … ✗ swath overlaps bbox but all pixels cloud/land masked
  n20 20260617_0900 … ✗ swath overlaps bbox but all pixels cloud/land masked
  n20 20260617_0910 … ✗ swath overlaps bbox but all pixels cloud/land masked
  n20 20260617_0950 … ✗ swath overlaps bbox but all pixels cloud/land masked
  n20 20260617_1000 … ✗ swath overlaps bbox but all pixels cloud/land masked
  n20 20260617_1010 … ✗ swath overlaps bbox but all pixels cloud/land masked
  n20 20260617_1050 … ✗ swath overlaps bbox but all pixels cloud/land masked
  n20 20260617_1100 … ✗ swath overlaps bbox but all pixels cloud/land masked
  n20 20260617_1110 … ✗ swath overlaps bbox but all pixels cloud/land masked
  n20 20260617_1150 … ✗ swath overlaps bbox but all pixels cloud/land masked
  n20 20260617_1200 … ✗ swath overlaps bbox but all pixels cloud/land masked
  n20 20260617_1210 … ✗ swath overlaps bbox but all pixels cloud/land masked
  n20 20260617_1250 … ✗ swath overlaps bbox but all pixels cloud/land masked
  n20 20260617_1300 … ✗ swath overlaps bbox but all pixels cloud/land masked
  n20 20260617_1310 … ✗ swath overlaps bbox but all pixels cloud/land masked
  n20 20260617_1350 … ✗ swath overlaps bbox but all pixels cloud/land masked
  n20 20260617_1400 … ✗ swath overlaps bbox but all pixels cloud/land masked
  n20 20260617_1410 … ✗ swath overlaps bbox but all pixels cloud/land masked
  n20 20260617_1450 … ✗ swath overlaps bbox but all pixels cloud/land masked
  n20 20260617_1500 … ✗ swath overlaps bbox but all pixels cloud/land masked
  n20 20260617_1510 … ✗ swath overlaps bbox but all pixels cloud/land masked
  n20 20260617_1550 … ✗ swath overlaps bbox but all pixels cloud/land masked
  n20 20260617_1600 … ✗ swath overlaps bbox but all pixels cloud/land masked
  n20 20260617_1610 … ✗ swath overlaps bbox but all pixels cloud/land masked
  n20 20260617_1650 … ✗ swath overlaps bbox but all pixels cloud/land masked
  n20 20260617_1700 ✓ (cached)
  n20 20260617_1710 … ✗ swath overlaps bbox but all pixels cloud/land masked
  n20 20260617_1750 … ✗ swath overlaps bbox but all pixels cloud/land masked
  n20 20260617_1800 … ✗ swath overlaps bbox but all pixels cloud/land masked
  n20 20260617_1810 … ✗ swath overlaps bbox but all pixels cloud/land masked
  n20 20260617_1850 … ✗ swath overlaps bbox but all pixels cloud/land masked
  n20 20260617_1900 … ✗ swath overlaps bbox but all pixels cloud/land masked
  n20 20260617_1910 … ✗ swath overlaps bbox but all pixels cloud/land masked
  n20 20260617_1950 … ✗ swath overlaps bbox but all pixels cloud/land masked
  n20 20260617_2000 … ✗ swath overlaps bbox but all pixels cloud/land masked
  n20 20260617_2010 … ✗ swath overlaps bbox but all pixels cloud/land masked
  n20 20260617_2050 … ✗ swath overlaps bbox but all pixels cloud/land masked
  n20 20260617_2100 … ✗ swath overlaps bbox but all pixels cloud/land masked
  n20 20260617_2110 … ✗ swath overlaps bbox but all pixels cloud/land masked
  n20 20260617_2150 … ✗ swath overlaps bbox but all pixels cloud/land masked
  n20 20260617_2200 … ✗ swath overlaps bbox but all pixels cloud/land masked
  n20 20260617_2210 … ✗ swath overlaps bbox but all pixels cloud/land masked
  n20 20260617_2250 … ✗ swath overlaps bbox but all pixels cloud/land masked
  n20 20260617_2300 … ✗ swath overlaps bbox but all pixels cloud/land masked
  n20 20260617_2310 … ✗ swath overlaps bbox but all pixels cloud/land masked
  n20 20260617_2350 … ✗ swath overlaps bbox but all pixels cloud/land masked
  n20 20260618_0000 … ✗ swath overlaps bbox but all pixels cloud/land masked
  n20 20260618_0010 … ✗ swath overlaps bbox but all pixels cloud/land masked
  n20 20260618_0050 … ✗ swath overlaps bbox but all pixels cloud/land masked
  n20 20260618_0100 … ✗ swath overlaps bbox but all pixels cloud/land masked
  n20 20260618_0110 … ✗ swath overlaps bbox but all pixels cloud/land masked
  n20 20260618_0150 … ✗ swath overlaps bbox but all pixels cloud/land masked
  n20 20260618_0200 … ✗ swath overlaps bbox but all pixels cloud/land masked
  n20 20260618_0210 … ✗ swath overlaps bbox but all pixels cloud/land masked
  n20 20260618_0250 … ✗ swath overlaps bbox but all pixels cloud/land masked
  n20 20260618_0300 … ✗ swath overlaps bbox but all pixels cloud/land masked
  n20 20260618_0310 … ✗ swath overlaps bbox but all pixels cloud/land masked
  n20 20260618_0350 … ✗ swath overlaps bbox but all pixels cloud/land masked
  n20 20260618_0400 … ✗ swath overlaps bbox but all pixels cloud/land masked
  n20 20260618_0410 … ✗ swath overlaps bbox but all pixels cloud/land masked
  n20 20260618_0450 … ✗ swath overlaps bbox but all pixels cloud/land masked
  n20 20260618_0500 … ✗ swath overlaps bbox but all pixels cloud/land masked
  n20 20260618_0510 … ✗ swath overlaps bbox but all pixels cloud/land masked
  n20 20260618_0550 … ✗ swath overlaps bbox but all pixels cloud/land masked
  n20 20260618_0600 … ✗ swath overlaps bbox but all pixels cloud/land masked
  n20 20260618_0610 … ✗ swath overlaps bbox but all pixels cloud/land masked
  n20 20260618_0650 … ✗ swath overlaps bbox but all pixels cloud/land masked
  n20 20260618_0700 ✓ (cached)
  n20 20260618_0710 …   ⚠ VIIRS n20 20260618_0710: only 3 pts — skipping write.
✗ ok
  n20 20260618_0750 … ✗ swath overlaps bbox but all pixels cloud/land masked
  n20 20260618_0800 … ✗ swath overlaps bbox but all pixels cloud/land masked
  n20 20260618_0810 … ✗ swath overlaps bbox but all pixels cloud/land masked
  n20 20260618_0850 … ✗ swath overlaps bbox but all pixels cloud/land masked
  n20 20260618_0900 … ✗ swath overlaps bbox but all pixels cloud/land masked
  n20 20260618_0910 … ✗ swath overlaps bbox but all pixels cloud/land masked
  n20 20260618_0950 … ✗ swath overlaps bbox but all pixels cloud/land masked
  n20 20260618_1000 … ✗ swath overlaps bbox but all pixels cloud/land masked
  n20 20260618_1010 … ✗ swath overlaps bbox but all pixels cloud/land masked
  n20 20260618_1050 … ✗ swath overlaps bbox but all pixels cloud/land masked
  n20 20260618_1100 … ✗ swath overlaps bbox but all pixels cloud/land masked
  n20 20260618_1110 … ✗ swath overlaps bbox but all pixels cloud/land masked
  n20 20260618_1150 … ✗ swath overlaps bbox but all pixels cloud/land masked
  n20 20260618_1200 … ✗ swath overlaps bbox but all pixels cloud/land masked
  n20 20260618_1210 … ✗ swath overlaps bbox but all pixels cloud/land masked
  n20 20260618_1250 … ✗ swath overlaps bbox but all pixels cloud/land masked
  n20 20260618_1300 … ✗ swath overlaps bbox but all pixels cloud/land masked
  n20 20260618_1310 … ✗ swath overlaps bbox but all pixels cloud/land masked
  n20 20260618_1350 … ✗ swath overlaps bbox but all pixels cloud/land masked
  n20 20260618_1400 … ✗ swath overlaps bbox but all pixels cloud/land masked
  n20 20260618_1410 … ✗ swath overlaps bbox but all pixels cloud/land masked
  n20 20260618_1450 … ✗ swath overlaps bbox but all pixels cloud/land masked
  n20 20260618_1500 … ✗ swath overlaps bbox but all pixels cloud/land masked
  n20 20260618_1510 … ✗ swath overlaps bbox but all pixels cloud/land masked
  n20 20260618_1550 … ✗ swath overlaps bbox but all pixels cloud/land masked
  n20 20260618_1600 … ✗ swath overlaps bbox but all pixels cloud/land masked
  n20 20260618_1610 … ✗ swath overlaps bbox but all pixels cloud/land masked
  n20 20260618_1650 …   ⚠ VIIRS n20 20260618_1650: only 15 pts — skipping write.
✗ ok
  n20 20260618_1700 … ✗ swath overlaps bbox but all pixels cloud/land masked
  n20 20260618_1710 … ✗ swath overlaps bbox but all pixels cloud/land masked
  n20 20260618_1750 … ✗ swath overlaps bbox but all pixels cloud/land masked
  n20 20260618_1800 … ✗ swath overlaps bbox but all pixels cloud/land masked
  n20 20260618_1810 … ✗ swath overlaps bbox but all pixels cloud/land masked
  n20 20260618_1850 … ✗ swath overlaps bbox but all pixels cloud/land masked
  n20 20260618_1900 … ✗ swath overlaps bbox but all pixels cloud/land masked
  n20 20260618_1910 … ✗ swath overlaps bbox but all pixels cloud/land masked
  n20 20260618_1950 … ✗ swath overlaps bbox but all pixels cloud/land masked
  n20 20260618_2000 … ✗ swath overlaps bbox but all pixels cloud/land masked
  n20 20260618_2010 … ✗ swath overlaps bbox but all pixels cloud/land masked
  n20 20260618_2050 … ✗ swath overlaps bbox but all pixels cloud/land masked
  n20 20260618_2100 … ✗ swath overlaps bbox but all pixels cloud/land masked
  n20 20260618_2110 … ✗ swath overlaps bbox but all pixels cloud/land masked
  n20 20260618_2150 … ✗ swath overlaps bbox but all pixels cloud/land masked
  n20 20260618_2200 … ✗ swath overlaps bbox but all pixels cloud/land masked
  n21 20260616_2350 … ✗ swath overlaps bbox but all pixels cloud/land masked
  n21 20260617_0000 … ✗ swath overlaps bbox but all pixels cloud/land masked
  n21 20260617_0010 … ✗ swath overlaps bbox but all pixels cloud/land masked
  n21 20260617_0050 … ✗ swath overlaps bbox but all pixels cloud/land masked
  n21 20260617_0100 … ✗ swath overlaps bbox but all pixels cloud/land masked
  n21 20260617_0110 … ✗ swath overlaps bbox but all pixels cloud/land masked
  n21 20260617_0150 … ✗ swath overlaps bbox but all pixels cloud/land masked
  n21 20260617_0200 … ✗ swath overlaps bbox but all pixels cloud/land masked
  n21 20260617_0210 … ✗ swath overlaps bbox but all pixels cloud/land masked
  n21 20260617_0250 … ✗ swath overlaps bbox but all pixels cloud/land masked
  n21 20260617_0300 … ✗ swath overlaps bbox but all pixels cloud/land masked
  n21 20260617_0310 … ✗ swath overlaps bbox but all pixels cloud/land masked
  n21 20260617_0350 … ✗ swath overlaps bbox but all pixels cloud/land masked
  n21 20260617_0400 … ✗ swath overlaps bbox but all pixels cloud/land masked
  n21 20260617_0410 … ✗ swath overlaps bbox but all pixels cloud/land masked
  n21 20260617_0450 … ✗ swath overlaps bbox but all pixels cloud/land masked
  n21 20260617_0500 … ✗ swath overlaps bbox but all pixels cloud/land masked
  n21 20260617_0510 … ✗ swath overlaps bbox but all pixels cloud/land masked
  n21 20260617_0550 … ✗ swath overlaps bbox but all pixels cloud/land masked
  n21 20260617_0600 … ✗ swath overlaps bbox but all pixels cloud/land masked
  n21 20260617_0610 … ✗ swath overlaps bbox but all pixels cloud/land masked
  n21 20260617_0650 … ✗ swath overlaps bbox but all pixels cloud/land masked
  n21 20260617_0700 … ✗ swath overlaps bbox but all pixels cloud/land masked
  n21 20260617_0710 … ✗ swath overlaps bbox but all pixels cloud/land masked
  n21 20260617_0750 … ✗ swath overlaps bbox but all pixels cloud/land masked
  n21 20260617_0800 … ✗ swath overlaps bbox but all pixels cloud/land masked
  n21 20260617_0810 …   ⚠ VIIRS n21 20260617_0810: only 3 pts — skipping write.
✗ ok
  n21 20260617_0850 … ✗ swath overlaps bbox but all pixels cloud/land masked
  n21 20260617_0900 … ✗ swath overlaps bbox but all pixels cloud/land masked
  n21 20260617_0910 … ✗ swath overlaps bbox but all pixels cloud/land masked
  n21 20260617_0950 … ✗ swath overlaps bbox but all pixels cloud/land masked
  n21 20260617_1000 … ✗ swath overlaps bbox but all pixels cloud/land masked
  n21 20260617_1010 … ✗ swath overlaps bbox but all pixels cloud/land masked
  n21 20260617_1050 … ✗ swath overlaps bbox but all pixels cloud/land masked
  n21 20260617_1100 … ✗ swath overlaps bbox but all pixels cloud/land masked
  n21 20260617_1110 … ✗ swath overlaps bbox but all pixels cloud/land masked
  n21 20260617_1150 … ✗ swath overlaps bbox but all pixels cloud/land masked
  n21 20260617_1200 … ✗ swath overlaps bbox but all pixels cloud/land masked
  n21 20260617_1210 … ✗ swath overlaps bbox but all pixels cloud/land masked
  n21 20260617_1250 … ✗ swath overlaps bbox but all pixels cloud/land masked
  n21 20260617_1300 … ✗ swath overlaps bbox but all pixels cloud/land masked
  n21 20260617_1310 … ✗ swath overlaps bbox but all pixels cloud/land masked
  n21 20260617_1350 … ✗ swath overlaps bbox but all pixels cloud/land masked
  n21 20260617_1400 … ✗ swath overlaps bbox but all pixels cloud/land masked
  n21 20260617_1410 … ✗ swath overlaps bbox but all pixels cloud/land masked
  n21 20260617_1450 … ✗ swath overlaps bbox but all pixels cloud/land masked
  n21 20260617_1500 … ✗ swath overlaps bbox but all pixels cloud/land masked
  n21 20260617_1510 … ✗ swath overlaps bbox but all pixels cloud/land masked
  n21 20260617_1550 … ✗ swath overlaps bbox but all pixels cloud/land masked
  n21 20260617_1600 … ✗ swath overlaps bbox but all pixels cloud/land masked
  n21 20260617_1610 … ✗ swath overlaps bbox but all pixels cloud/land masked
  n21 20260617_1650 … ✗ swath overlaps bbox but all pixels cloud/land masked
  n21 20260617_1700 … ✗ swath overlaps bbox but all pixels cloud/land masked
  n21 20260617_1710 … ✗ swath overlaps bbox but all pixels cloud/land masked
  n21 20260617_1750 ✓ (cached)
  n21 20260617_1800 … ✗ swath overlaps bbox but all pixels cloud/land masked
  n21 20260617_1810 … ✗ swath overlaps bbox but all pixels cloud/land masked
  n21 20260617_1850 … ✗ swath overlaps bbox but all pixels cloud/land masked
  n21 20260617_1900 … ✗ swath overlaps bbox but all pixels cloud/land masked
  n21 20260617_1910 … ✗ swath overlaps bbox but all pixels cloud/land masked
  n21 20260617_1950 … ✗ swath overlaps bbox but all pixels cloud/land masked
  n21 20260617_2000 … ✗ swath overlaps bbox but all pixels cloud/land masked
  n21 20260617_2010 … ✗ swath overlaps bbox but all pixels cloud/land masked
  n21 20260617_2050 … ✗ swath overlaps bbox but all pixels cloud/land masked
  n21 20260617_2100 … ✗ swath overlaps bbox but all pixels cloud/land masked
  n21 20260617_2110 … ✗ swath overlaps bbox but all pixels cloud/land masked
  n21 20260617_2150 … ✗ swath overlaps bbox but all pixels cloud/land masked
  n21 20260617_2200 … ✗ swath overlaps bbox but all pixels cloud/land masked
  n21 20260617_2210 … ✗ swath overlaps bbox but all pixels cloud/land masked
  n21 20260617_2250 … ✗ swath overlaps bbox but all pixels cloud/land masked
  n21 20260617_2300 … ✗ swath overlaps bbox but all pixels cloud/land masked
  n21 20260617_2310 … ✗ swath overlaps bbox but all pixels cloud/land masked
  n21 20260617_2350 … ✗ swath overlaps bbox but all pixels cloud/land masked
  n21 20260618_0000 … ✗ swath overlaps bbox but all pixels cloud/land masked
  n21 20260618_0010 … ✗ swath overlaps bbox but all pixels cloud/land masked
  n21 20260618_0050 … ✗ swath overlaps bbox but all pixels cloud/land masked
  n21 20260618_0100 … ✗ swath overlaps bbox but all pixels cloud/land masked
  n21 20260618_0110 … ✗ swath overlaps bbox but all pixels cloud/land masked
  n21 20260618_0150 … ✗ swath overlaps bbox but all pixels cloud/land masked
  n21 20260618_0200 … ✗ swath overlaps bbox but all pixels cloud/land masked
  n21 20260618_0210 … ✗ swath overlaps bbox but all pixels cloud/land masked
  n21 20260618_0250 … ✗ swath overlaps bbox but all pixels cloud/land masked
  n21 20260618_0300 … ✗ swath overlaps bbox but all pixels cloud/land masked
  n21 20260618_0310 … ✗ swath overlaps bbox but all pixels cloud/land masked
  n21 20260618_0350 … ✗ swath overlaps bbox but all pixels cloud/land masked
  n21 20260618_0400 … ✗ swath overlaps bbox but all pixels cloud/land masked
  n21 20260618_0410 … ✗ swath overlaps bbox but all pixels cloud/land masked
  n21 20260618_0450 … ✗ swath overlaps bbox but all pixels cloud/land masked
  n21 20260618_0500 … ✗ swath overlaps bbox but all pixels cloud/land masked
  n21 20260618_0510 … ✗ swath overlaps bbox but all pixels cloud/land masked
  n21 20260618_0550 … ✗ swath overlaps bbox but all pixels cloud/land masked
  n21 20260618_0600 … ✗ swath overlaps bbox but all pixels cloud/land masked
  n21 20260618_0610 ✓ (cached)
  n21 20260618_0650 … ✗ swath overlaps bbox but all pixels cloud/land masked
  n21 20260618_0700 … ✗ swath overlaps bbox but all pixels cloud/land masked
  n21 20260618_0710 … ✗ swath overlaps bbox but all pixels cloud/land masked
  n21 20260618_0750 ✓ (cached)
  n21 20260618_0800 … ✗ swath overlaps bbox but all pixels cloud/land masked
  n21 20260618_0810 … ✗ swath overlaps bbox but all pixels cloud/land masked
  n21 20260618_0850 … ✗ swath overlaps bbox but all pixels cloud/land masked
  n21 20260618_0900 … ✗ swath overlaps bbox but all pixels cloud/land masked
  n21 20260618_0910 … ✗ swath overlaps bbox but all pixels cloud/land masked
  n21 20260618_0950 … ✗ swath overlaps bbox but all pixels cloud/land masked
  n21 20260618_1000 … ✗ swath overlaps bbox but all pixels cloud/land masked
  n21 20260618_1010 … ✗ swath overlaps bbox but all pixels cloud/land masked
  n21 20260618_1050 … ✗ swath overlaps bbox but all pixels cloud/land masked
  n21 20260618_1100 … ✗ swath overlaps bbox but all pixels cloud/land masked
  n21 20260618_1110 … ✗ swath overlaps bbox but all pixels cloud/land masked
  n21 20260618_1150 … ✗ swath overlaps bbox but all pixels cloud/land masked
  n21 20260618_1200 … ✗ swath overlaps bbox but all pixels cloud/land masked
  n21 20260618_1210 … ✗ swath overlaps bbox but all pixels cloud/land masked
  n21 20260618_1250 … ✗ swath overlaps bbox but all pixels cloud/land masked
  n21 20260618_1300 … ✗ swath overlaps bbox but all pixels cloud/land masked
  n21 20260618_1310 … ✗ swath overlaps bbox but all pixels cloud/land masked
  n21 20260618_1350 … ✗ swath overlaps bbox but all pixels cloud/land masked
  n21 20260618_1400 … ✗ swath overlaps bbox but all pixels cloud/land masked
  n21 20260618_1410 … ✗ swath overlaps bbox but all pixels cloud/land masked
  n21 20260618_1450 … ✗ swath overlaps bbox but all pixels cloud/land masked
  n21 20260618_1500 … ✗ swath overlaps bbox but all pixels cloud/land masked
  n21 20260618_1510 … ✗ swath overlaps bbox but all pixels cloud/land masked
  n21 20260618_1550 … ✗ swath overlaps bbox but all pixels cloud/land masked
  n21 20260618_1600 … ✗ swath overlaps bbox but all pixels cloud/land masked
  n21 20260618_1610 … ✗ swath overlaps bbox but all pixels cloud/land masked
  n21 20260618_1650 … ✗ swath overlaps bbox but all pixels cloud/land masked
  n21 20260618_1700 … ✗ swath overlaps bbox but all pixels cloud/land masked
  n21 20260618_1710 … ✗ swath overlaps bbox but all pixels cloud/land masked
  n21 20260618_1750 … ✗ swath overlaps bbox but all pixels cloud/land masked
  n21 20260618_1800 … ✗ swath overlaps bbox but all pixels cloud/land masked
  n21 20260618_1810 … ✗ swath overlaps bbox but all pixels cloud/land masked
  n21 20260618_1850 … ✗ swath overlaps bbox but all pixels cloud/land masked
  n21 20260618_1900 … ✗ swath overlaps bbox but all pixels cloud/land masked
  n21 20260618_1910 ✓ (cached)
  n21 20260618_1950 … ✗ swath overlaps bbox but all pixels cloud/land masked
  n21 20260618_2000 … ✗ swath overlaps bbox but all pixels cloud/land masked
  n21 20260618_2010 … ✗ swath overlaps bbox but all pixels cloud/land masked
  n21 20260618_2050 … ✗ swath overlaps bbox but all pixels cloud/land masked
  n21 20260618_2100 … ✗ swath overlaps bbox but all pixels cloud/land masked
  n21 20260618_2110 … ✗ swath overlaps bbox but all pixels cloud/land masked
  n21 20260618_2150 … ✗ swath overlaps bbox but all pixels cloud/land masked

  VIIRS summary: 0 written, 11 cached, 406 miss/cloud, 842 outside windows.

=========================================================
✓ Pipeline complete
=========================================================
