=========================================================
SST PIPELINE
  UTC  : 2026-05-28 11:30:44
  Bbox : 33.7–39.0°N  -78.89–-72.21°E
=========================================================

── MUR daily composite (last 5 days) ──
  MUR 20260527 (coastwatch.noaa.gov) … ✗ RuntimeError
  MUR 20260527 (coastwatch.pfeg.noaa.gov) … ✗ RuntimeError
  MUR 20260527 (upwell.pfeg.noaa.gov) … ✗ RuntimeError
  ✗ MUR 20260527 — all mirrors failed. Last: upwell.pfeg.noaa.gov: RuntimeError: 404 — no data for this date
  ✓ MUR 20260526 (cached)
  ✓ MUR 20260525 (cached)
  ✓ MUR 20260524 (cached)
  ✓ MUR 20260523 (cached)

── GOES-19 geo-polar blended daily composite ──
  Candidates: 4 (2 hosts × 2 dataset IDs)
  GOES 20260528 [noaa/noaacwBLENDEDsstDLDaily] … ✗ RuntimeError: 404 — no data for this date
  GOES 20260528 [noaa/noaacwBLENDEDsstDaily] … ✗ RuntimeError: 404 — no data for this date
  GOES 20260528 [pfeg/noaacwBLENDEDsstDLDaily] … ✗ RuntimeError: 404 — no data for this date
  GOES 20260528 [pfeg/noaacwBLENDEDsstDaily] … ✗ RuntimeError: 404 — no data for this date
  GOES 20260527 [noaa/noaacwBLENDEDsstDLDaily] … ✗ RuntimeError: 404 — no data for this date
  GOES 20260527 [noaa/noaacwBLENDEDsstDaily] … ✗ RuntimeError: 404 — no data for this date
  GOES 20260527 [pfeg/noaacwBLENDEDsstDLDaily] … ✗ RuntimeError: 404 — no data for this date
  GOES 20260527 [pfeg/noaacwBLENDEDsstDaily] … ✗ RuntimeError: 404 — no data for this date
  ✓ GOES composite 20260526 (cached)

── VIIRS multi-pass (last 48h — NPP/N20/N21) ──
  ✓ VIIRS NRT base: https://www.star.nesdis.noaa.gov/pub/socd2/coastwatch/sst/nrt/viirs
  Hourly windows : 48
  Window range   : 2026-05-26 11:50Z → 2026-05-28 11:10Z
  Half-width     : ±10 min per bucket
  npp 20260526_1150 … ✗ swath overlaps bbox but all pixels cloud/land masked
  npp 20260526_1200 … ✗ swath overlaps bbox but all pixels cloud/land masked
  npp 20260526_1210 … ✗ swath overlaps bbox but all pixels cloud/land masked
  npp 20260526_1250 … ✗ swath overlaps bbox but all pixels cloud/land masked
  npp 20260526_1300 … ✗ swath overlaps bbox but all pixels cloud/land masked
  npp 20260526_1310 … ✗ swath overlaps bbox but all pixels cloud/land masked
  npp 20260526_1350 … ✗ swath overlaps bbox but all pixels cloud/land masked
  npp 20260526_1400 … ✗ swath overlaps bbox but all pixels cloud/land masked
  npp 20260526_1410 … ✗ swath overlaps bbox but all pixels cloud/land masked
  npp 20260526_1450 … ✗ swath overlaps bbox but all pixels cloud/land masked
  npp 20260526_1500 … ✗ swath overlaps bbox but all pixels cloud/land masked
  npp 20260526_1510 … ✗ swath overlaps bbox but all pixels cloud/land masked
  npp 20260526_1550 … ✗ swath overlaps bbox but all pixels cloud/land masked
  npp 20260526_1600 … ✗ swath overlaps bbox but all pixels cloud/land masked
  npp 20260526_1610 … ✗ swath overlaps bbox but all pixels cloud/land masked
  npp 20260526_1650 … ✗ swath overlaps bbox but all pixels cloud/land masked
  npp 20260526_1710 … ✗ swath overlaps bbox but all pixels cloud/land masked
  npp 20260526_1750 … ✗ swath overlaps bbox but all pixels cloud/land masked
  npp 20260526_1800 … ✗ swath overlaps bbox but all pixels cloud/land masked
  npp 20260526_1810 … ✗ swath overlaps bbox but all pixels cloud/land masked
  npp 20260526_1850 … ✗ swath overlaps bbox but all pixels cloud/land masked
  npp 20260526_1900 … ✗ swath overlaps bbox but all pixels cloud/land masked
  npp 20260526_1910 … ✗ swath overlaps bbox but all pixels cloud/land masked
  npp 20260526_1950 … ✗ swath overlaps bbox but all pixels cloud/land masked
  npp 20260526_2000 … ✗ swath overlaps bbox but all pixels cloud/land masked
  npp 20260526_2010 … ✗ swath overlaps bbox but all pixels cloud/land masked
  npp 20260526_2050 … ✗ swath overlaps bbox but all pixels cloud/land masked
  npp 20260526_2100 … ✗ swath overlaps bbox but all pixels cloud/land masked
  npp 20260526_2110 … ✗ swath overlaps bbox but all pixels cloud/land masked
  npp 20260526_2150 … ✗ swath overlaps bbox but all pixels cloud/land masked
  npp 20260526_2200 … ✗ swath overlaps bbox but all pixels cloud/land masked
  npp 20260526_2210 … ✗ swath overlaps bbox but all pixels cloud/land masked
  npp 20260526_2250 … ✗ swath overlaps bbox but all pixels cloud/land masked
  npp 20260526_2300 … ✗ swath overlaps bbox but all pixels cloud/land masked
  npp 20260526_2310 … ✗ swath overlaps bbox but all pixels cloud/land masked
  npp 20260526_2350 … ✗ swath overlaps bbox but all pixels cloud/land masked
  npp 20260527_0000 … ✗ swath overlaps bbox but all pixels cloud/land masked
  npp 20260527_0010 … ✗ swath overlaps bbox but all pixels cloud/land masked
  npp 20260527_0050 … ✗ swath overlaps bbox but all pixels cloud/land masked
  npp 20260527_0100 … ✗ swath overlaps bbox but all pixels cloud/land masked
  npp 20260527_0110 … ✗ swath overlaps bbox but all pixels cloud/land masked
  npp 20260527_0150 … ✗ swath overlaps bbox but all pixels cloud/land masked
  npp 20260527_0200 … ✗ swath overlaps bbox but all pixels cloud/land masked
  npp 20260527_0210 … ✗ swath overlaps bbox but all pixels cloud/land masked
  npp 20260527_0250 … ✗ swath overlaps bbox but all pixels cloud/land masked
  npp 20260527_0300 … ✗ swath overlaps bbox but all pixels cloud/land masked
  npp 20260527_0310 … ✗ swath overlaps bbox but all pixels cloud/land masked
  npp 20260527_0350 … ✗ swath overlaps bbox but all pixels cloud/land masked
  npp 20260527_0400 … ✗ swath overlaps bbox but all pixels cloud/land masked
  npp 20260527_0410 … ✗ swath overlaps bbox but all pixels cloud/land masked
  npp 20260527_0450 … ✗ swath overlaps bbox but all pixels cloud/land masked
  npp 20260527_0500 … ✗ swath overlaps bbox but all pixels cloud/land masked
  npp 20260527_0510 … ✗ swath overlaps bbox but all pixels cloud/land masked
  npp 20260527_0550 … ✗ swath overlaps bbox but all pixels cloud/land masked
  npp 20260527_0600 … ✗ swath overlaps bbox but all pixels cloud/land masked
  npp 20260527_0610 … ✗ swath overlaps bbox but all pixels cloud/land masked
  npp 20260527_0650 … ✗ swath overlaps bbox but all pixels cloud/land masked
  npp 20260527_0700 …   → DailySSTData/VIIRS/Passes/viirs_npp_20260527_0700.csv  (17925 pts, 207 lats × 321 lons)
  npp 20260527_0710 … ✗ swath overlaps bbox but all pixels cloud/land masked
  npp 20260527_0750 … ✗ swath overlaps bbox but all pixels cloud/land masked
  npp 20260527_0800 … ✗ swath overlaps bbox but all pixels cloud/land masked
  npp 20260527_0810 … ✗ swath overlaps bbox but all pixels cloud/land masked
  npp 20260527_0850 … ✗ swath overlaps bbox but all pixels cloud/land masked
  npp 20260527_0900 … ✗ swath overlaps bbox but all pixels cloud/land masked
  npp 20260527_0910 … ✗ swath overlaps bbox but all pixels cloud/land masked
  npp 20260527_0950 … ✗ swath overlaps bbox but all pixels cloud/land masked
  npp 20260527_1000 … ✗ swath overlaps bbox but all pixels cloud/land masked
  npp 20260527_1010 … ✗ swath overlaps bbox but all pixels cloud/land masked
  npp 20260527_1050 … ✗ swath overlaps bbox but all pixels cloud/land masked
  npp 20260527_1100 … ✗ swath overlaps bbox but all pixels cloud/land masked
  npp 20260527_1110 … ✗ swath overlaps bbox but all pixels cloud/land masked
  npp 20260527_1150 … ✗ swath overlaps bbox but all pixels cloud/land masked
  npp 20260527_1200 … ✗ swath overlaps bbox but all pixels cloud/land masked
  npp 20260527_1210 … ✗ swath overlaps bbox but all pixels cloud/land masked
  npp 20260527_1250 … ✗ swath overlaps bbox but all pixels cloud/land masked
  npp 20260527_1300 … ✗ swath overlaps bbox but all pixels cloud/land masked
  npp 20260527_1310 … ✗ swath overlaps bbox but all pixels cloud/land masked
  npp 20260527_1350 … ✗ swath overlaps bbox but all pixels cloud/land masked
  npp 20260527_1400 … ✗ swath overlaps bbox but all pixels cloud/land masked
  npp 20260527_1410 … ✗ swath overlaps bbox but all pixels cloud/land masked
  npp 20260527_1450 … ✗ swath overlaps bbox but all pixels cloud/land masked
  npp 20260527_1500 … ✗ swath overlaps bbox but all pixels cloud/land masked
  npp 20260527_1510 … ✗ swath overlaps bbox but all pixels cloud/land masked
  npp 20260527_1550 … ✗ swath overlaps bbox but all pixels cloud/land masked
  npp 20260527_1600 … ✗ swath overlaps bbox but all pixels cloud/land masked
  npp 20260527_1610 … ✗ swath overlaps bbox but all pixels cloud/land masked
  npp 20260527_1650 … ✗ swath overlaps bbox but all pixels cloud/land masked
  npp 20260527_1700 … ✗ swath overlaps bbox but all pixels cloud/land masked
  npp 20260527_1710 … ✗ swath overlaps bbox but all pixels cloud/land masked
  npp 20260527_1750 … ✗ swath overlaps bbox but all pixels cloud/land masked
  npp 20260527_1800 … ✗ swath overlaps bbox but all pixels cloud/land masked
  npp 20260527_1810 … ✗ swath overlaps bbox but all pixels cloud/land masked
  npp 20260527_1850 … ✗ swath overlaps bbox but all pixels cloud/land masked
  npp 20260527_1900 … ✗ swath overlaps bbox but all pixels cloud/land masked
  npp 20260527_1910 … ✗ swath overlaps bbox but all pixels cloud/land masked
  npp 20260527_1950 … ✗ swath overlaps bbox but all pixels cloud/land masked
  npp 20260527_2000 … ✗ swath overlaps bbox but all pixels cloud/land masked
  npp 20260527_2010 … ✗ swath overlaps bbox but all pixels cloud/land masked
  npp 20260527_2050 … ✗ swath overlaps bbox but all pixels cloud/land masked
  npp 20260527_2100 … ✗ swath overlaps bbox but all pixels cloud/land masked
  npp 20260527_2110 … ✗ swath overlaps bbox but all pixels cloud/land masked
  npp 20260527_2150 … ✗ swath overlaps bbox but all pixels cloud/land masked
  npp 20260527_2200 … ✗ swath overlaps bbox but all pixels cloud/land masked
  npp 20260527_2210 … ✗ swath overlaps bbox but all pixels cloud/land masked
  npp 20260527_2250 … ✗ swath overlaps bbox but all pixels cloud/land masked
  npp 20260527_2300 … ✗ swath overlaps bbox but all pixels cloud/land masked
  npp 20260527_2310 … ✗ swath overlaps bbox but all pixels cloud/land masked
  npp 20260527_2350 … ✗ swath overlaps bbox but all pixels cloud/land masked
  npp 20260528_0000 … ✗ swath overlaps bbox but all pixels cloud/land masked
  npp 20260528_0010 … ✗ swath overlaps bbox but all pixels cloud/land masked
  npp 20260528_0050 … ✗ swath overlaps bbox but all pixels cloud/land masked
  npp 20260528_0100 … ✗ swath overlaps bbox but all pixels cloud/land masked
  npp 20260528_0110 … ✗ swath overlaps bbox but all pixels cloud/land masked
  npp 20260528_0150 … ✗ swath overlaps bbox but all pixels cloud/land masked
  npp 20260528_0200 … ✗ swath overlaps bbox but all pixels cloud/land masked
  npp 20260528_0210 … ✗ swath overlaps bbox but all pixels cloud/land masked
  npp 20260528_0250 … ✗ swath overlaps bbox but all pixels cloud/land masked
  npp 20260528_0300 … ✗ swath overlaps bbox but all pixels cloud/land masked
  npp 20260528_0310 … ✗ swath overlaps bbox but all pixels cloud/land masked
  npp 20260528_0350 … ✗ swath overlaps bbox but all pixels cloud/land masked
  npp 20260528_0400 … ✗ swath overlaps bbox but all pixels cloud/land masked
  npp 20260528_0410 … ✗ swath overlaps bbox but all pixels cloud/land masked
  npp 20260528_0450 … ✗ swath overlaps bbox but all pixels cloud/land masked
  npp 20260528_0500 … ✗ swath overlaps bbox but all pixels cloud/land masked
  npp 20260528_0510 … ✗ swath overlaps bbox but all pixels cloud/land masked
  npp 20260528_0550 … ✗ swath overlaps bbox but all pixels cloud/land masked
  npp 20260528_0600 … ✗ swath overlaps bbox but all pixels cloud/land masked
  npp 20260528_0610 … ✗ swath overlaps bbox but all pixels cloud/land masked
  npp 20260528_0650 … ✗ swath overlaps bbox but all pixels cloud/land masked
  npp 20260528_0700 … ✗ swath overlaps bbox but all pixels cloud/land masked
  npp 20260528_0710 … ✗ swath overlaps bbox but all pixels cloud/land masked
  npp 20260528_0750 … ✗ swath overlaps bbox but all pixels cloud/land masked
  npp 20260528_0800 … ✗ swath overlaps bbox but all pixels cloud/land masked
  npp 20260528_0810 … ✗ swath overlaps bbox but all pixels cloud/land masked
  npp 20260528_0850 … ✗ swath overlaps bbox but all pixels cloud/land masked
  npp 20260528_0900 … ✗ swath overlaps bbox but all pixels cloud/land masked
  npp 20260528_0910 … ✗ swath overlaps bbox but all pixels cloud/land masked
  n20 20260526_1150 … ✗ swath overlaps bbox but all pixels cloud/land masked
  n20 20260526_1200 … ✗ swath overlaps bbox but all pixels cloud/land masked
  n20 20260526_1210 … ✗ swath overlaps bbox but all pixels cloud/land masked
  n20 20260526_1250 … ✗ swath overlaps bbox but all pixels cloud/land masked
  n20 20260526_1300 … ✗ swath overlaps bbox but all pixels cloud/land masked
  n20 20260526_1310 … ✗ swath overlaps bbox but all pixels cloud/land masked
  n20 20260526_1350 … ✗ swath overlaps bbox but all pixels cloud/land masked
  n20 20260526_1400 … ✗ swath overlaps bbox but all pixels cloud/land masked
  n20 20260526_1410 … ✗ swath overlaps bbox but all pixels cloud/land masked
  n20 20260526_1450 … ✗ swath overlaps bbox but all pixels cloud/land masked
  n20 20260526_1500 … ✗ swath overlaps bbox but all pixels cloud/land masked
  n20 20260526_1510 … ✗ swath overlaps bbox but all pixels cloud/land masked
  n20 20260526_1550 … ✗ swath overlaps bbox but all pixels cloud/land masked
  n20 20260526_1600 … ✗ swath overlaps bbox but all pixels cloud/land masked
  n20 20260526_1610 … ✗ swath overlaps bbox but all pixels cloud/land masked
  n20 20260526_1650 … ✗ swath overlaps bbox but all pixels cloud/land masked
  n20 20260526_1700 … ✗ swath overlaps bbox but all pixels cloud/land masked
  n20 20260526_1710 … ✗ swath overlaps bbox but all pixels cloud/land masked
  n20 20260526_1750 … ✗ swath overlaps bbox but all pixels cloud/land masked
  n20 20260526_1800 … ✗ swath overlaps bbox but all pixels cloud/land masked
  n20 20260526_1810 … ✗ swath overlaps bbox but all pixels cloud/land masked
  n20 20260526_1850 …   → DailySSTData/VIIRS/Passes/viirs_n20_20260526_1850.csv  (7939 pts, 83 lats × 324 lons)
  n20 20260526_1900 …   → DailySSTData/VIIRS/Passes/viirs_n20_20260526_1900.csv  (1079 pts, 76 lats × 103 lons)
  n20 20260526_1910 … ✗ swath overlaps bbox but all pixels cloud/land masked
  n20 20260526_1950 … ✗ swath overlaps bbox but all pixels cloud/land masked
  n20 20260526_2000 … ✗ swath overlaps bbox but all pixels cloud/land masked
  n20 20260526_2010 … ✗ swath overlaps bbox but all pixels cloud/land masked
  n20 20260526_2050 … ✗ swath overlaps bbox but all pixels cloud/land masked
  n20 20260526_2100 … ✗ swath overlaps bbox but all pixels cloud/land masked
  n20 20260526_2110 … ✗ swath overlaps bbox but all pixels cloud/land masked
  n20 20260526_2150 … ✗ swath overlaps bbox but all pixels cloud/land masked
  n20 20260526_2200 … ✗ swath overlaps bbox but all pixels cloud/land masked
  n20 20260526_2210 … ✗ swath overlaps bbox but all pixels cloud/land masked
  n20 20260526_2250 … ✗ swath overlaps bbox but all pixels cloud/land masked
  n20 20260526_2300 … ✗ swath overlaps bbox but all pixels cloud/land masked
  n20 20260526_2310 … ✗ swath overlaps bbox but all pixels cloud/land masked
  n20 20260526_2350 … ✗ swath overlaps bbox but all pixels cloud/land masked
  n20 20260527_0000 … ✗ swath overlaps bbox but all pixels cloud/land masked
  n20 20260527_0010 … ✗ swath overlaps bbox but all pixels cloud/land masked
  n20 20260527_0050 … ✗ swath overlaps bbox but all pixels cloud/land masked
  n20 20260527_0100 … ✗ swath overlaps bbox but all pixels cloud/land masked
  n20 20260527_0110 … ✗ swath overlaps bbox but all pixels cloud/land masked
  n20 20260527_0150 … ✗ swath overlaps bbox but all pixels cloud/land masked
  n20 20260527_0200 … ✗ swath overlaps bbox but all pixels cloud/land masked
  n20 20260527_0210 … ✗ swath overlaps bbox but all pixels cloud/land masked
  n20 20260527_0250 … ✗ swath overlaps bbox but all pixels cloud/land masked
  n20 20260527_0300 … ✗ swath overlaps bbox but all pixels cloud/land masked
  n20 20260527_0310 … ✗ swath overlaps bbox but all pixels cloud/land masked
  n20 20260527_0350 … ✗ swath overlaps bbox but all pixels cloud/land masked
  n20 20260527_0400 … ✗ swath overlaps bbox but all pixels cloud/land masked
  n20 20260527_0410 … ✗ swath overlaps bbox but all pixels cloud/land masked
  n20 20260527_0450 … ✗ swath overlaps bbox but all pixels cloud/land masked
  n20 20260527_0500 … ✗ swath overlaps bbox but all pixels cloud/land masked
  n20 20260527_0510 … ✗ swath overlaps bbox but all pixels cloud/land masked
  n20 20260527_0550 … ✗ swath overlaps bbox but all pixels cloud/land masked
  n20 20260527_0600 … ✗ swath overlaps bbox but all pixels cloud/land masked
  n20 20260527_0610 … ✗ swath overlaps bbox but all pixels cloud/land masked
  n20 20260527_0650 … ✗ swath overlaps bbox but all pixels cloud/land masked
  n20 20260527_0700 … ✗ swath overlaps bbox but all pixels cloud/land masked
  n20 20260527_0710 …   ⚠ VIIRS n20 20260527_0710: only 5 pts — skipping write.
✗ ok
  n20 20260527_0750 … ✗ swath overlaps bbox but all pixels cloud/land masked
  n20 20260527_0800 … ✗ swath overlaps bbox but all pixels cloud/land masked
  n20 20260527_0810 … ✗ swath overlaps bbox but all pixels cloud/land masked
  n20 20260527_0850 … ✗ swath overlaps bbox but all pixels cloud/land masked
  n20 20260527_0900 … ✗ swath overlaps bbox but all pixels cloud/land masked
  n20 20260527_0910 … ✗ swath overlaps bbox but all pixels cloud/land masked
  n20 20260527_0950 … ✗ swath overlaps bbox but all pixels cloud/land masked
  n20 20260527_1000 … ✗ swath overlaps bbox but all pixels cloud/land masked
  n20 20260527_1010 … ✗ swath overlaps bbox but all pixels cloud/land masked
  n20 20260527_1050 … ✗ swath overlaps bbox but all pixels cloud/land masked
  n20 20260527_1100 … ✗ swath overlaps bbox but all pixels cloud/land masked
  n20 20260527_1110 … ✗ swath overlaps bbox but all pixels cloud/land masked
  n20 20260527_1150 … ✗ swath overlaps bbox but all pixels cloud/land masked
  n20 20260527_1200 … ✗ swath overlaps bbox but all pixels cloud/land masked
  n20 20260527_1210 … ✗ swath overlaps bbox but all pixels cloud/land masked
  n20 20260527_1250 … ✗ swath overlaps bbox but all pixels cloud/land masked
  n20 20260527_1300 … ✗ swath overlaps bbox but all pixels cloud/land masked
  n20 20260527_1310 … ✗ swath overlaps bbox but all pixels cloud/land masked
  n20 20260527_1350 … ✗ swath overlaps bbox but all pixels cloud/land masked
  n20 20260527_1400 … ✗ swath overlaps bbox but all pixels cloud/land masked
  n20 20260527_1410 … ✗ swath overlaps bbox but all pixels cloud/land masked
  n20 20260527_1450 … ✗ swath overlaps bbox but all pixels cloud/land masked
  n20 20260527_1500 … ✗ swath overlaps bbox but all pixels cloud/land masked
  n20 20260527_1510 … ✗ swath overlaps bbox but all pixels cloud/land masked
  n20 20260527_1550 … ✗ swath overlaps bbox but all pixels cloud/land masked
  n20 20260527_1600 … ✗ swath overlaps bbox but all pixels cloud/land masked
  n20 20260527_1610 … ✗ swath overlaps bbox but all pixels cloud/land masked
  n20 20260527_1650 … ✗ swath overlaps bbox but all pixels cloud/land masked
  n20 20260527_1700 …   → DailySSTData/VIIRS/Passes/viirs_n20_20260527_1700.csv  (9440 pts, 150 lats × 218 lons)
  n20 20260527_1710 … ✗ swath overlaps bbox but all pixels cloud/land masked
  n20 20260527_1750 … ✗ swath overlaps bbox but all pixels cloud/land masked
  n20 20260527_1800 … ✗ swath overlaps bbox but all pixels cloud/land masked
  n20 20260527_1810 … ✗ swath overlaps bbox but all pixels cloud/land masked
  n20 20260527_1850 … ✗ swath overlaps bbox but all pixels cloud/land masked
  n20 20260527_1900 … ✗ swath overlaps bbox but all pixels cloud/land masked
  n20 20260527_1910 … ✗ swath overlaps bbox but all pixels cloud/land masked
  n20 20260527_1950 … ✗ swath overlaps bbox but all pixels cloud/land masked
  n20 20260527_2000 … ✗ swath overlaps bbox but all pixels cloud/land masked
  n20 20260527_2010 … ✗ swath overlaps bbox but all pixels cloud/land masked
  n20 20260527_2050 … ✗ swath overlaps bbox but all pixels cloud/land masked
  n20 20260527_2100 … ✗ swath overlaps bbox but all pixels cloud/land masked
  n20 20260527_2110 … ✗ swath overlaps bbox but all pixels cloud/land masked
  n20 20260527_2150 … ✗ swath overlaps bbox but all pixels cloud/land masked
  n20 20260527_2200 … ✗ swath overlaps bbox but all pixels cloud/land masked
  n20 20260527_2210 … ✗ swath overlaps bbox but all pixels cloud/land masked
  n20 20260527_2250 … ✗ swath overlaps bbox but all pixels cloud/land masked
  n20 20260527_2300 … ✗ swath overlaps bbox but all pixels cloud/land masked
  n20 20260527_2310 … ✗ swath overlaps bbox but all pixels cloud/land masked
  n20 20260527_2350 … ✗ swath overlaps bbox but all pixels cloud/land masked
  n20 20260528_0000 … ✗ swath overlaps bbox but all pixels cloud/land masked
  n20 20260528_0010 … ✗ swath overlaps bbox but all pixels cloud/land masked
  n20 20260528_0050 … ✗ swath overlaps bbox but all pixels cloud/land masked
  n20 20260528_0100 … ✗ swath overlaps bbox but all pixels cloud/land masked
  n20 20260528_0110 … ✗ swath overlaps bbox but all pixels cloud/land masked
  n20 20260528_0150 … ✗ swath overlaps bbox but all pixels cloud/land masked
  n20 20260528_0200 … ✗ swath overlaps bbox but all pixels cloud/land masked
  n20 20260528_0210 … ✗ swath overlaps bbox but all pixels cloud/land masked
  n20 20260528_0250 … ✗ swath overlaps bbox but all pixels cloud/land masked
  n20 20260528_0300 … ✗ swath overlaps bbox but all pixels cloud/land masked
  n20 20260528_0310 … ✗ swath overlaps bbox but all pixels cloud/land masked
  n20 20260528_0350 … ✗ swath overlaps bbox but all pixels cloud/land masked
  n20 20260528_0400 … ✗ swath overlaps bbox but all pixels cloud/land masked
  n20 20260528_0410 … ✗ swath overlaps bbox but all pixels cloud/land masked
  n20 20260528_0450 … ✗ swath overlaps bbox but all pixels cloud/land masked
  n20 20260528_0500 … ✗ swath overlaps bbox but all pixels cloud/land masked
  n20 20260528_0510 … ✗ swath overlaps bbox but all pixels cloud/land masked
  n20 20260528_0550 … ✗ swath overlaps bbox but all pixels cloud/land masked
  n20 20260528_0600 … ✗ swath overlaps bbox but all pixels cloud/land masked
  n20 20260528_0610 … ✗ swath overlaps bbox but all pixels cloud/land masked
  n20 20260528_0650 … ✗ swath overlaps bbox but all pixels cloud/land masked
  n20 20260528_0700 …   → DailySSTData/VIIRS/Passes/viirs_n20_20260528_0700.csv  (5390 pts, 194 lats × 268 lons)
  n20 20260528_0710 … ✗ swath overlaps bbox but all pixels cloud/land masked
  n20 20260528_0750 … ✗ swath overlaps bbox but all pixels cloud/land masked
  n20 20260528_0800 … ✗ swath overlaps bbox but all pixels cloud/land masked
  n20 20260528_0810 … ✗ swath overlaps bbox but all pixels cloud/land masked
  n20 20260528_0850 … ✗ swath overlaps bbox but all pixels cloud/land masked
  n20 20260528_0900 … ✗ swath overlaps bbox but all pixels cloud/land masked
  n20 20260528_0910 … ✗ swath overlaps bbox but all pixels cloud/land masked
  n20 20260528_0950 … ✗ swath overlaps bbox but all pixels cloud/land masked
  n20 20260528_1000 … ✗ swath overlaps bbox but all pixels cloud/land masked
  n20 20260528_1010 … ✗ swath overlaps bbox but all pixels cloud/land masked
  n20 20260528_1050 … ✗ swath overlaps bbox but all pixels cloud/land masked
  n21 20260526_1150 … ✗ swath overlaps bbox but all pixels cloud/land masked
  n21 20260526_1200 … ✗ swath overlaps bbox but all pixels cloud/land masked
  n21 20260526_1210 … ✗ swath overlaps bbox but all pixels cloud/land masked
  n21 20260526_1250 … ✗ swath overlaps bbox but all pixels cloud/land masked
  n21 20260526_1300 … ✗ swath overlaps bbox but all pixels cloud/land masked
  n21 20260526_1310 … ✗ swath overlaps bbox but all pixels cloud/land masked
  n21 20260526_1350 … ✗ swath overlaps bbox but all pixels cloud/land masked
  n21 20260526_1400 … ✗ swath overlaps bbox but all pixels cloud/land masked
  n21 20260526_1410 … ✗ swath overlaps bbox but all pixels cloud/land masked
  n21 20260526_1450 … ✗ swath overlaps bbox but all pixels cloud/land masked
  n21 20260526_1500 … ✗ swath overlaps bbox but all pixels cloud/land masked
  n21 20260526_1510 … ✗ swath overlaps bbox but all pixels cloud/land masked
  n21 20260526_1550 … ✗ swath overlaps bbox but all pixels cloud/land masked
  n21 20260526_1600 … ✗ swath overlaps bbox but all pixels cloud/land masked
  n21 20260526_1610 … ✗ swath overlaps bbox but all pixels cloud/land masked
  n21 20260526_1650 … ✗ swath overlaps bbox but all pixels cloud/land masked
  n21 20260526_1700 … ✗ swath overlaps bbox but all pixels cloud/land masked
  n21 20260526_1710 … ✗ swath overlaps bbox but all pixels cloud/land masked
  n21 20260526_1750 … ✗ swath overlaps bbox but all pixels cloud/land masked
  n21 20260526_1800 …   → DailySSTData/VIIRS/Passes/viirs_n21_20260526_1800.csv  (13462 pts, 213 lats × 333 lons)
  n21 20260526_1810 … ✗ swath overlaps bbox but all pixels cloud/land masked
  n21 20260526_1850 … ✗ swath overlaps bbox but all pixels cloud/land masked
  n21 20260526_1900 … ✗ swath overlaps bbox but all pixels cloud/land masked
  n21 20260526_1910 … ✗ swath overlaps bbox but all pixels cloud/land masked
  n21 20260526_1950 … ✗ swath overlaps bbox but all pixels cloud/land masked
  n21 20260526_2000 … ✗ swath overlaps bbox but all pixels cloud/land masked
  n21 20260526_2010 … ✗ swath overlaps bbox but all pixels cloud/land masked
  n21 20260526_2050 … ✗ swath overlaps bbox but all pixels cloud/land masked
  n21 20260526_2100 … ✗ swath overlaps bbox but all pixels cloud/land masked
  n21 20260526_2110 … ✗ swath overlaps bbox but all pixels cloud/land masked
  n21 20260526_2150 … ✗ swath overlaps bbox but all pixels cloud/land masked
  n21 20260526_2200 … ✗ swath overlaps bbox but all pixels cloud/land masked
  n21 20260526_2210 … ✗ swath overlaps bbox but all pixels cloud/land masked
  n21 20260526_2250 … ✗ swath overlaps bbox but all pixels cloud/land masked
  n21 20260526_2300 … ✗ swath overlaps bbox but all pixels cloud/land masked
  n21 20260526_2310 … ✗ swath overlaps bbox but all pixels cloud/land masked
  n21 20260526_2350 … ✗ swath overlaps bbox but all pixels cloud/land masked
  n21 20260527_0000 … ✗ swath overlaps bbox but all pixels cloud/land masked
  n21 20260527_0010 … ✗ swath overlaps bbox but all pixels cloud/land masked
  n21 20260527_0050 … ✗ swath overlaps bbox but all pixels cloud/land masked
  n21 20260527_0100 … ✗ swath overlaps bbox but all pixels cloud/land masked
  n21 20260527_0110 … ✗ swath overlaps bbox but all pixels cloud/land masked
  n21 20260527_0150 … ✗ swath overlaps bbox but all pixels cloud/land masked
  n21 20260527_0200 … ✗ swath overlaps bbox but all pixels cloud/land masked
  n21 20260527_0210 … ✗ swath overlaps bbox but all pixels cloud/land masked
  n21 20260527_0250 … ✗ swath overlaps bbox but all pixels cloud/land masked
  n21 20260527_0300 … ✗ swath overlaps bbox but all pixels cloud/land masked
  n21 20260527_0310 … ✗ swath overlaps bbox but all pixels cloud/land masked
  n21 20260527_0350 … ✗ swath overlaps bbox but all pixels cloud/land masked
  n21 20260527_0400 … ✗ swath overlaps bbox but all pixels cloud/land masked
  n21 20260527_0410 … ✗ swath overlaps bbox but all pixels cloud/land masked
  n21 20260527_0450 … ✗ swath overlaps bbox but all pixels cloud/land masked
  n21 20260527_0500 … ✗ swath overlaps bbox but all pixels cloud/land masked
  n21 20260527_0510 … ✗ swath overlaps bbox but all pixels cloud/land masked
  n21 20260527_0550 … ✗ swath overlaps bbox but all pixels cloud/land masked
  n21 20260527_0600 … ✗ swath overlaps bbox but all pixels cloud/land masked
  n21 20260527_0610 … ✗ swath overlaps bbox but all pixels cloud/land masked
  n21 20260527_0650 … ✗ swath overlaps bbox but all pixels cloud/land masked
  n21 20260527_0700 … ✗ swath overlaps bbox but all pixels cloud/land masked
  n21 20260527_0710 … ✗ swath overlaps bbox but all pixels cloud/land masked
  n21 20260527_0750 … ✗ swath overlaps bbox but all pixels cloud/land masked
  n21 20260527_0800 …   ⚠ VIIRS n21 20260527_0800: only 7 pts — skipping write.
✗ ok
  n21 20260527_0810 … ✗ swath overlaps bbox but all pixels cloud/land masked
  n21 20260527_0850 … ✗ swath overlaps bbox but all pixels cloud/land masked
  n21 20260527_0900 … ✗ swath overlaps bbox but all pixels cloud/land masked
  n21 20260527_0910 … ✗ swath overlaps bbox but all pixels cloud/land masked
  n21 20260527_0950 … ✗ swath overlaps bbox but all pixels cloud/land masked
  n21 20260527_1000 … ✗ swath overlaps bbox but all pixels cloud/land masked
  n21 20260527_1010 … ✗ swath overlaps bbox but all pixels cloud/land masked
  n21 20260527_1050 … ✗ swath overlaps bbox but all pixels cloud/land masked
  n21 20260527_1100 … ✗ swath overlaps bbox but all pixels cloud/land masked
  n21 20260527_1110 … ✗ swath overlaps bbox but all pixels cloud/land masked
  n21 20260527_1150 … ✗ swath overlaps bbox but all pixels cloud/land masked
  n21 20260527_1200 … ✗ swath overlaps bbox but all pixels cloud/land masked
  n21 20260527_1210 … ✗ swath overlaps bbox but all pixels cloud/land masked
  n21 20260527_1250 … ✗ swath overlaps bbox but all pixels cloud/land masked
  n21 20260527_1300 … ✗ swath overlaps bbox but all pixels cloud/land masked
  n21 20260527_1310 … ✗ swath overlaps bbox but all pixels cloud/land masked
  n21 20260527_1350 … ✗ swath overlaps bbox but all pixels cloud/land masked
  n21 20260527_1400 … ✗ swath overlaps bbox but all pixels cloud/land masked
  n21 20260527_1410 … ✗ swath overlaps bbox but all pixels cloud/land masked
  n21 20260527_1450 … ✗ swath overlaps bbox but all pixels cloud/land masked
  n21 20260527_1500 … ✗ swath overlaps bbox but all pixels cloud/land masked
  n21 20260527_1510 … ✗ swath overlaps bbox but all pixels cloud/land masked
  n21 20260527_1550 … ✗ swath overlaps bbox but all pixels cloud/land masked
  n21 20260527_1600 … ✗ swath overlaps bbox but all pixels cloud/land masked
  n21 20260527_1610 … ✗ swath overlaps bbox but all pixels cloud/land masked
  n21 20260527_1650 … ✗ swath overlaps bbox but all pixels cloud/land masked
  n21 20260527_1700 … ✗ swath overlaps bbox but all pixels cloud/land masked
  n21 20260527_1710 … ✗ swath overlaps bbox but all pixels cloud/land masked
  n21 20260527_1750 … ✗ swath overlaps bbox but all pixels cloud/land masked
  n21 20260527_1800 … ✗ swath overlaps bbox but all pixels cloud/land masked
  n21 20260527_1810 … ✗ swath overlaps bbox but all pixels cloud/land masked
  n21 20260527_1850 … ✗ swath overlaps bbox but all pixels cloud/land masked
  n21 20260527_1900 … ✗ swath overlaps bbox but all pixels cloud/land masked
  n21 20260527_1910 … ✗ swath overlaps bbox but all pixels cloud/land masked
  n21 20260527_1950 … ✗ swath overlaps bbox but all pixels cloud/land masked
  n21 20260527_2000 … ✗ swath overlaps bbox but all pixels cloud/land masked
  n21 20260527_2010 … ✗ swath overlaps bbox but all pixels cloud/land masked
  n21 20260527_2050 … ✗ swath overlaps bbox but all pixels cloud/land masked
  n21 20260527_2100 … ✗ swath overlaps bbox but all pixels cloud/land masked
  n21 20260527_2110 … ✗ swath overlaps bbox but all pixels cloud/land masked
  n21 20260527_2150 … ✗ swath overlaps bbox but all pixels cloud/land masked
  n21 20260527_2200 … ✗ swath overlaps bbox but all pixels cloud/land masked
  n21 20260527_2210 … ✗ swath overlaps bbox but all pixels cloud/land masked
  n21 20260527_2250 … ✗ swath overlaps bbox but all pixels cloud/land masked
  n21 20260527_2300 … ✗ swath overlaps bbox but all pixels cloud/land masked
  n21 20260527_2310 … ✗ swath overlaps bbox but all pixels cloud/land masked
  n21 20260527_2350 … ✗ swath overlaps bbox but all pixels cloud/land masked
  n21 20260528_0000 … ✗ swath overlaps bbox but all pixels cloud/land masked
  n21 20260528_0010 … ✗ swath overlaps bbox but all pixels cloud/land masked
  n21 20260528_0050 … ✗ swath overlaps bbox but all pixels cloud/land masked
  n21 20260528_0100 … ✗ swath overlaps bbox but all pixels cloud/land masked
  n21 20260528_0110 … ✗ swath overlaps bbox but all pixels cloud/land masked
  n21 20260528_0150 … ✗ swath overlaps bbox but all pixels cloud/land masked
  n21 20260528_0200 … ✗ swath overlaps bbox but all pixels cloud/land masked
  n21 20260528_0210 … ✗ swath overlaps bbox but all pixels cloud/land masked
  n21 20260528_0250 … ✗ swath overlaps bbox but all pixels cloud/land masked
  n21 20260528_0300 … ✗ swath overlaps bbox but all pixels cloud/land masked
  n21 20260528_0310 … ✗ swath overlaps bbox but all pixels cloud/land masked
  n21 20260528_0350 … ✗ swath overlaps bbox but all pixels cloud/land masked
  n21 20260528_0400 … ✗ swath overlaps bbox but all pixels cloud/land masked
  n21 20260528_0410 … ✗ swath overlaps bbox but all pixels cloud/land masked
  n21 20260528_0450 … ✗ swath overlaps bbox but all pixels cloud/land masked
  n21 20260528_0500 … ✗ swath overlaps bbox but all pixels cloud/land masked
  n21 20260528_0510 … ✗ swath overlaps bbox but all pixels cloud/land masked
  n21 20260528_0550 … ✗ swath overlaps bbox but all pixels cloud/land masked
  n21 20260528_0600 …   → DailySSTData/VIIRS/Passes/viirs_n21_20260528_0600.csv  (2745 pts, 157 lats × 194 lons)
  n21 20260528_0610 …   → DailySSTData/VIIRS/Passes/viirs_n21_20260528_0610.csv  (217 pts, 19 lats × 68 lons)
  n21 20260528_0650 … ✗ swath overlaps bbox but all pixels cloud/land masked
  n21 20260528_0700 … ✗ swath overlaps bbox but all pixels cloud/land masked
  n21 20260528_0710 … ✗ swath overlaps bbox but all pixels cloud/land masked
  n21 20260528_0750 …   → DailySSTData/VIIRS/Passes/viirs_n21_20260528_0750.csv  (227 pts, 43 lats × 69 lons)
  n21 20260528_0800 … ✗ swath overlaps bbox but all pixels cloud/land masked
  n21 20260528_0810 … ✗ swath overlaps bbox but all pixels cloud/land masked
  n21 20260528_0850 … ✗ swath overlaps bbox but all pixels cloud/land masked
  n21 20260528_0900 … ✗ swath overlaps bbox but all pixels cloud/land masked
  n21 20260528_0910 … ✗ swath overlaps bbox but all pixels cloud/land masked
  n21 20260528_0950 … ✗ swath overlaps bbox but all pixels cloud/land masked
  n21 20260528_1000 … ✗ swath overlaps bbox but all pixels cloud/land masked
  n21 20260528_1010 … ✗ swath overlaps bbox but all pixels cloud/land masked
  n21 20260528_1050 … ✗ swath overlaps bbox but all pixels cloud/land masked

  VIIRS summary: 9 written, 0 cached, 412 miss/cloud, 629 outside windows.

=========================================================
✓ Pipeline complete
=========================================================
