=========================================================
SST PIPELINE
  UTC  : 2026-05-11 12:37:38
  Bbox : 33.7–39.0°N  -78.89–-72.21°E
=========================================================

── MUR daily composite (last 5 days) ──
  MUR 20260510 (coastwatch.noaa.gov) … ✗ RuntimeError
  MUR 20260510 (coastwatch.pfeg.noaa.gov) … ✗ RuntimeError
  MUR 20260510 (upwell.pfeg.noaa.gov) … ✗ RuntimeError
  ✗ MUR 20260510 — all mirrors failed. Last: upwell.pfeg.noaa.gov: RuntimeError: 403 Forbidden — blacklisted: Error {
    code=403;
    message="Forbidden: Access Forbidden -- Your IP address is on thi
  MUR 20260509 (coastwatch.noaa.gov) … ✗ RuntimeError
  ✗ MUR 20260509 — all mirrors failed. Last: coastwatch.noaa.gov: RuntimeError: 404 — no data for this date
  ✓ MUR 20260508 (cached)
  ✓ MUR 20260507 (cached)
  ✓ MUR 20260506 (cached)

── GOES-19 geo-polar blended daily composite ──
  GOES 20260511 … ✗ RuntimeError: 404 — no data for this date
  GOES 20260510 … ✗ RuntimeError: 404 — no data for this date
  GOES 20260509 … ✗ RuntimeError: 404 — no data for this date
  ✓ GOES composite 20260508 (cached)

── VIIRS multi-pass (last 26h — NPP/N20/N21) ──
  Pass centers: 06:10 UTC, 18:33 UTC  ±20 min
  ✓ VIIRS NRT base: https://www.star.nesdis.noaa.gov/pub/socd2/coastwatch/sst/nrt/viirs
  Target windows this run: 2
    2026-05-10 18:13 – 18:53 UTC  (1833UTC)
    2026-05-11 05:50 – 06:30 UTC  (0610UTC)
  npp 20260510_1820 … ✗ swath overlaps bbox but all pixels cloud/land masked
  npp 20260510_1830 … ✗ swath overlaps bbox but all pixels cloud/land masked
  npp 20260510_1840 ✓ (cached)
  npp 20260510_1850 … ✗ swath overlaps bbox but all pixels cloud/land masked
  npp 20260511_0550 … ✗ swath overlaps bbox but all pixels cloud/land masked
  npp 20260511_0600 … ✗ swath overlaps bbox but all pixels cloud/land masked
  npp 20260511_0610 … ✗ swath overlaps bbox but all pixels cloud/land masked
  npp 20260511_0620 … ✗ swath overlaps bbox but all pixels cloud/land masked
  npp 20260511_0630 … ✗ swath overlaps bbox but all pixels cloud/land masked
  n20 20260510_1820 … ✗ swath overlaps bbox but all pixels cloud/land masked
  n20 20260510_1830 … ✗ swath overlaps bbox but all pixels cloud/land masked
  n20 20260510_1840 … ✗ swath overlaps bbox but all pixels cloud/land masked
  n20 20260510_1850 ✓ (cached)
  n20 20260511_0550 … ✗ swath overlaps bbox but all pixels cloud/land masked
  n20 20260511_0600 … ✗ swath overlaps bbox but all pixels cloud/land masked
  n20 20260511_0610 … ✗ swath overlaps bbox but all pixels cloud/land masked
  n20 20260511_0620 … ✗ swath overlaps bbox but all pixels cloud/land masked
  n20 20260511_0630 … ✗ swath overlaps bbox but all pixels cloud/land masked
  n21 20260510_1820 … ✗ swath overlaps bbox but all pixels cloud/land masked
  n21 20260510_1830 … ✗ swath overlaps bbox but all pixels cloud/land masked
  n21 20260510_1840 … ✗ swath overlaps bbox but all pixels cloud/land masked
  n21 20260510_1850 … ✗ swath overlaps bbox but all pixels cloud/land masked
  n21 20260511_0550 … ✗ swath overlaps bbox but all pixels cloud/land masked
  n21 20260511_0600 … ✗ swath overlaps bbox but all pixels cloud/land masked
  n21 20260511_0610 … ✗ swath overlaps bbox but all pixels cloud/land masked
  n21 20260511_0620 ✓ (cached)
  n21 20260511_0630 … ✗ swath overlaps bbox but all pixels cloud/land masked

  VIIRS summary: 0 written, 3 cached, 24 miss/cloud, 616 outside windows.

=========================================================
✓ Pipeline complete
=========================================================
