=========================================================
SST PIPELINE
  UTC  : 2026-06-20 00:22:04
  Bbox : 33.7–39.0°N  -78.89–-72.21°E
=========================================================

── MUR daily composite (last 5 days) ──
  MUR 20260619 (coastwatch.noaa.gov) … ✗ RuntimeError
  MUR 20260619 (coastwatch.pfeg.noaa.gov) … ✗ RuntimeError
  MUR 20260619 (upwell.pfeg.noaa.gov) … ✗ RuntimeError
  ✗ MUR 20260619 — all mirrors failed. Last: upwell.pfeg.noaa.gov: RuntimeError: 404 — no data for this date
  ✓ MUR 20260618 (cached)
  ✓ MUR 20260617 (cached)
  ✓ MUR 20260616 (cached)
  ✓ MUR 20260615 (cached)

── GOES-19 geo-polar blended daily composite ──
  Candidates: 4 (2 hosts × 2 dataset IDs)
  GOES 20260620 [noaa/noaacwBLENDEDsstDLDaily] … ✗ RuntimeError: 404 — no data for this date
  GOES 20260620 [noaa/noaacwBLENDEDsstDaily] … ✗ RuntimeError: 404 — no data for this date
  GOES 20260620 [pfeg/noaacwBLENDEDsstDLDaily] … ✗ RuntimeError: 404 — no data for this date
  GOES 20260620 [pfeg/noaacwBLENDEDsstDaily] … ✗ RuntimeError: 404 — no data for this date
  GOES 20260619 [noaa/noaacwBLENDEDsstDLDaily] … ✗ RuntimeError: 404 — no data for this date
  GOES 20260619 [noaa/noaacwBLENDEDsstDaily] … ✗ RuntimeError: 404 — no data for this date
  GOES 20260619 [pfeg/noaacwBLENDEDsstDLDaily] … ✗ RuntimeError: 404 — no data for this date
  GOES 20260619 [pfeg/noaacwBLENDEDsstDaily] … ✗ RuntimeError: 404 — no data for this date
  ✓ GOES composite 20260618 (cached)

── VIIRS multi-pass (last 48h — NPP/N20/N21) ──
  ✓ VIIRS NRT base: https://www.star.nesdis.noaa.gov/pub/socd2/coastwatch/sst/nrt/viirs
  Hourly windows : 48
  Window range   : 2026-06-18 00:50Z → 2026-06-20 00:10Z
  Half-width     : ±10 min per bucket
  npp 20260618_0050 … ✗ swath overlaps bbox but all pixels cloud/land masked
  npp 20260618_0100 … ✗ swath overlaps bbox but all pixels cloud/land masked
  npp 20260618_0110 … ✗ swath overlaps bbox but all pixels cloud/land masked
  npp 20260618_0150 … ✗ swath overlaps bbox but all pixels cloud/land masked
  npp 20260618_0200 … ✗ swath overlaps bbox but all pixels cloud/land masked
  npp 20260618_0210 … ✗ swath overlaps bbox but all pixels cloud/land masked
  npp 20260618_0250 … ✗ swath overlaps bbox but all pixels cloud/land masked
  npp 20260618_0300 … ✗ swath overlaps bbox but all pixels cloud/land masked
  npp 20260618_0310 … ✗ swath overlaps bbox but all pixels cloud/land masked
  npp 20260618_0350 … ✗ swath overlaps bbox but all pixels cloud/land masked
  npp 20260618_0400 … ✗ swath overlaps bbox but all pixels cloud/land masked
  npp 20260618_0410 … ✗ swath overlaps bbox but all pixels cloud/land masked
  npp 20260618_0450 … ✗ swath overlaps bbox but all pixels cloud/land masked
  npp 20260618_0500 … ✗ swath overlaps bbox but all pixels cloud/land masked
  npp 20260618_0510 … ✗ swath overlaps bbox but all pixels cloud/land masked
  npp 20260618_0550 … ✗ swath overlaps bbox but all pixels cloud/land masked
  npp 20260618_0600 … ✗ swath overlaps bbox but all pixels cloud/land masked
  npp 20260618_0610 … ✗ swath overlaps bbox but all pixels cloud/land masked
  npp 20260618_0650 ✓ (cached)
  npp 20260618_0700 … ✗ swath overlaps bbox but all pixels cloud/land masked
  npp 20260618_0710 … ✗ swath overlaps bbox but all pixels cloud/land masked
  npp 20260618_0750 … ✗ swath overlaps bbox but all pixels cloud/land masked
  npp 20260618_0800 … ✗ swath overlaps bbox but all pixels cloud/land masked
  npp 20260618_0810 … ✗ swath overlaps bbox but all pixels cloud/land masked
  npp 20260618_0850 … ✗ swath overlaps bbox but all pixels cloud/land masked
  npp 20260618_0900 … ✗ swath overlaps bbox but all pixels cloud/land masked
  npp 20260618_0910 … ✗ swath overlaps bbox but all pixels cloud/land masked
  npp 20260618_0950 … ✗ swath overlaps bbox but all pixels cloud/land masked
  npp 20260618_1000 … ✗ swath overlaps bbox but all pixels cloud/land masked
  npp 20260618_1010 … ✗ swath overlaps bbox but all pixels cloud/land masked
  npp 20260618_1050 … ✗ swath overlaps bbox but all pixels cloud/land masked
  npp 20260618_1100 … ✗ swath overlaps bbox but all pixels cloud/land masked
  npp 20260618_1110 … ✗ swath overlaps bbox but all pixels cloud/land masked
  npp 20260618_1150 … ✗ swath overlaps bbox but all pixels cloud/land masked
  npp 20260618_1200 … ✗ swath overlaps bbox but all pixels cloud/land masked
  npp 20260618_1210 … ✗ swath overlaps bbox but all pixels cloud/land masked
  npp 20260618_1250 … ✗ swath overlaps bbox but all pixels cloud/land masked
  npp 20260618_1300 … ✗ swath overlaps bbox but all pixels cloud/land masked
  npp 20260618_1310 … ✗ swath overlaps bbox but all pixels cloud/land masked
  npp 20260618_1350 … ✗ swath overlaps bbox but all pixels cloud/land masked
  npp 20260618_1400 … ✗ swath overlaps bbox but all pixels cloud/land masked
  npp 20260618_1410 … ✗ swath overlaps bbox but all pixels cloud/land masked
  npp 20260618_1450 … ✗ swath overlaps bbox but all pixels cloud/land masked
  npp 20260618_1500 … ✗ swath overlaps bbox but all pixels cloud/land masked
  npp 20260618_1510 … ✗ swath overlaps bbox but all pixels cloud/land masked
  npp 20260618_1550 … ✗ swath overlaps bbox but all pixels cloud/land masked
  npp 20260618_1600 … ✗ swath overlaps bbox but all pixels cloud/land masked
  npp 20260618_1610 … ✗ swath overlaps bbox but all pixels cloud/land masked
  npp 20260618_1650 … ✗ swath overlaps bbox but all pixels cloud/land masked
  npp 20260618_1700 … ✗ swath overlaps bbox but all pixels cloud/land masked
  npp 20260618_1710 … ✗ swath overlaps bbox but all pixels cloud/land masked
  npp 20260618_1750 … ✗ swath overlaps bbox but all pixels cloud/land masked
  npp 20260618_1800 ✓ (cached)
  npp 20260618_1810 ✓ (cached)
  npp 20260618_1850 … ✗ swath overlaps bbox but all pixels cloud/land masked
  npp 20260618_1900 … ✗ swath overlaps bbox but all pixels cloud/land masked
  npp 20260618_1910 … ✗ swath overlaps bbox but all pixels cloud/land masked
  npp 20260618_1950 … ✗ swath overlaps bbox but all pixels cloud/land masked
  npp 20260618_2000 … ✗ swath overlaps bbox but all pixels cloud/land masked
  npp 20260618_2010 … ✗ swath overlaps bbox but all pixels cloud/land masked
  npp 20260618_2050 … ✗ swath overlaps bbox but all pixels cloud/land masked
  npp 20260618_2100 … ✗ swath overlaps bbox but all pixels cloud/land masked
  npp 20260618_2110 … ✗ swath overlaps bbox but all pixels cloud/land masked
  npp 20260618_2150 … ✗ swath overlaps bbox but all pixels cloud/land masked
  npp 20260618_2200 … ✗ swath overlaps bbox but all pixels cloud/land masked
  npp 20260618_2210 … ✗ swath overlaps bbox but all pixels cloud/land masked
  npp 20260618_2250 … ✗ swath overlaps bbox but all pixels cloud/land masked
  npp 20260618_2300 … ✗ swath overlaps bbox but all pixels cloud/land masked
  npp 20260618_2310 … ✗ swath overlaps bbox but all pixels cloud/land masked
  npp 20260618_2350 … ✗ swath overlaps bbox but all pixels cloud/land masked
  npp 20260619_0000 … ✗ swath overlaps bbox but all pixels cloud/land masked
  npp 20260619_0010 … ✗ swath overlaps bbox but all pixels cloud/land masked
  npp 20260619_0050 … ✗ swath overlaps bbox but all pixels cloud/land masked
  npp 20260619_0100 … ✗ swath overlaps bbox but all pixels cloud/land masked
  npp 20260619_0110 … ✗ swath overlaps bbox but all pixels cloud/land masked
  npp 20260619_0150 … ✗ swath overlaps bbox but all pixels cloud/land masked
  npp 20260619_0200 … ✗ swath overlaps bbox but all pixels cloud/land masked
  npp 20260619_0210 … ✗ swath overlaps bbox but all pixels cloud/land masked
  npp 20260619_0250 … ✗ swath overlaps bbox but all pixels cloud/land masked
  npp 20260619_0300 … ✗ swath overlaps bbox but all pixels cloud/land masked
  npp 20260619_0310 … ✗ swath overlaps bbox but all pixels cloud/land masked
  npp 20260619_0350 … ✗ swath overlaps bbox but all pixels cloud/land masked
  npp 20260619_0400 … ✗ swath overlaps bbox but all pixels cloud/land masked
  npp 20260619_0410 … ✗ swath overlaps bbox but all pixels cloud/land masked
  npp 20260619_0450 … ✗ swath overlaps bbox but all pixels cloud/land masked
  npp 20260619_0500 … ✗ swath overlaps bbox but all pixels cloud/land masked
  npp 20260619_0510 … ✗ swath overlaps bbox but all pixels cloud/land masked
  npp 20260619_0550 … ✗ swath overlaps bbox but all pixels cloud/land masked
  npp 20260619_0600 … ✗ swath overlaps bbox but all pixels cloud/land masked
  npp 20260619_0610 … ✗ swath overlaps bbox but all pixels cloud/land masked
  npp 20260619_0650 … ✗ swath overlaps bbox but all pixels cloud/land masked
  npp 20260619_0700 … ✗ swath overlaps bbox but all pixels cloud/land masked
  npp 20260619_0710 … ✗ swath overlaps bbox but all pixels cloud/land masked
  npp 20260619_0750 … ✗ swath overlaps bbox but all pixels cloud/land masked
  npp 20260619_0800 … ✗ swath overlaps bbox but all pixels cloud/land masked
  npp 20260619_0810 …   ⚠ VIIRS npp 20260619_0810: only 41 pts — skipping write.
✗ ok
  npp 20260619_0850 … ✗ swath overlaps bbox but all pixels cloud/land masked
  npp 20260619_0900 … ✗ swath overlaps bbox but all pixels cloud/land masked
  npp 20260619_0910 … ✗ swath overlaps bbox but all pixels cloud/land masked
  npp 20260619_0950 … ✗ swath overlaps bbox but all pixels cloud/land masked
  npp 20260619_1000 … ✗ swath overlaps bbox but all pixels cloud/land masked
  npp 20260619_1010 … ✗ swath overlaps bbox but all pixels cloud/land masked
  npp 20260619_1050 … ✗ swath overlaps bbox but all pixels cloud/land masked
  npp 20260619_1100 … ✗ swath overlaps bbox but all pixels cloud/land masked
  npp 20260619_1110 … ✗ swath overlaps bbox but all pixels cloud/land masked
  npp 20260619_1150 … ✗ swath overlaps bbox but all pixels cloud/land masked
  npp 20260619_1200 … ✗ swath overlaps bbox but all pixels cloud/land masked
  npp 20260619_1210 … ✗ swath overlaps bbox but all pixels cloud/land masked
  npp 20260619_1250 … ✗ swath overlaps bbox but all pixels cloud/land masked
  npp 20260619_1300 … ✗ swath overlaps bbox but all pixels cloud/land masked
  npp 20260619_1310 … ✗ swath overlaps bbox but all pixels cloud/land masked
  npp 20260619_1350 … ✗ swath overlaps bbox but all pixels cloud/land masked
  npp 20260619_1400 … ✗ swath overlaps bbox but all pixels cloud/land masked
  npp 20260619_1410 … ✗ swath overlaps bbox but all pixels cloud/land masked
  npp 20260619_1450 … ✗ swath overlaps bbox but all pixels cloud/land masked
  npp 20260619_1500 … ✗ swath overlaps bbox but all pixels cloud/land masked
  npp 20260619_1510 … ✗ swath overlaps bbox but all pixels cloud/land masked
  npp 20260619_1550 … ✗ swath overlaps bbox but all pixels cloud/land masked
  npp 20260619_1600 … ✗ swath overlaps bbox but all pixels cloud/land masked
  npp 20260619_1610 … ✗ swath overlaps bbox but all pixels cloud/land masked
  npp 20260619_1650 … ✗ swath overlaps bbox but all pixels cloud/land masked
  npp 20260619_1700 … ✗ swath overlaps bbox but all pixels cloud/land masked
  npp 20260619_1710 … ✗ swath overlaps bbox but all pixels cloud/land masked
  npp 20260619_1750 ✓ (cached)
  npp 20260619_1800 … ✗ swath overlaps bbox but all pixels cloud/land masked
  npp 20260619_1810 … ✗ swath overlaps bbox but all pixels cloud/land masked
  npp 20260619_1850 … ✗ swath overlaps bbox but all pixels cloud/land masked
  npp 20260619_1900 … ✗ swath overlaps bbox but all pixels cloud/land masked
  npp 20260619_1910 … ✗ swath overlaps bbox but all pixels cloud/land masked
  npp 20260619_1950 … ✗ swath overlaps bbox but all pixels cloud/land masked
  npp 20260619_2000 … ✗ swath overlaps bbox but all pixels cloud/land masked
  npp 20260619_2010 … ✗ swath overlaps bbox but all pixels cloud/land masked
  npp 20260619_2050 … ✗ swath overlaps bbox but all pixels cloud/land masked
  npp 20260619_2100 … ✗ swath overlaps bbox but all pixels cloud/land masked
  npp 20260619_2110 … ✗ swath overlaps bbox but all pixels cloud/land masked
  npp 20260619_2150 … ✗ swath overlaps bbox but all pixels cloud/land masked
  npp 20260619_2200 … ✗ swath overlaps bbox but all pixels cloud/land masked
  npp 20260619_2210 … ✗ swath overlaps bbox but all pixels cloud/land masked
  npp 20260619_2250 … ✗ swath overlaps bbox but all pixels cloud/land masked
  n20 20260618_0050 … ✗ swath overlaps bbox but all pixels cloud/land masked
  n20 20260618_0100 … ✗ swath overlaps bbox but all pixels cloud/land masked
  n20 20260618_0110 … ✗ swath overlaps bbox but all pixels cloud/land masked
  n20 20260618_0150 … ✗ swath overlaps bbox but all pixels cloud/land masked
  n20 20260618_0200 … ✗ swath overlaps bbox but all pixels cloud/land masked
  n20 20260618_0210 … ✗ swath overlaps bbox but all pixels cloud/land masked
  n20 20260618_0250 … ✗ swath overlaps bbox but all pixels cloud/land masked
  n20 20260618_0300 … ✗ swath overlaps bbox but all pixels cloud/land masked
  n20 20260618_0310 … ✗ swath overlaps bbox but all pixels cloud/land masked
  n20 20260618_0350 … ✗ swath overlaps bbox but all pixels cloud/land masked
  n20 20260618_0400 … ✗ swath overlaps bbox but all pixels cloud/land masked
  n20 20260618_0410 … ✗ swath overlaps bbox but all pixels cloud/land masked
  n20 20260618_0450 … ✗ swath overlaps bbox but all pixels cloud/land masked
  n20 20260618_0500 … ✗ swath overlaps bbox but all pixels cloud/land masked
  n20 20260618_0510 … ✗ swath overlaps bbox but all pixels cloud/land masked
  n20 20260618_0550 … ✗ swath overlaps bbox but all pixels cloud/land masked
  n20 20260618_0600 … ✗ swath overlaps bbox but all pixels cloud/land masked
  n20 20260618_0610 … ✗ swath overlaps bbox but all pixels cloud/land masked
  n20 20260618_0650 … ✗ swath overlaps bbox but all pixels cloud/land masked
  n20 20260618_0700 ✓ (cached)
  n20 20260618_0710 …   ⚠ VIIRS n20 20260618_0710: only 3 pts — skipping write.
✗ ok
  n20 20260618_0750 … ✗ swath overlaps bbox but all pixels cloud/land masked
  n20 20260618_0800 … ✗ swath overlaps bbox but all pixels cloud/land masked
  n20 20260618_0810 … ✗ swath overlaps bbox but all pixels cloud/land masked
  n20 20260618_0850 … ✗ swath overlaps bbox but all pixels cloud/land masked
  n20 20260618_0900 … ✗ swath overlaps bbox but all pixels cloud/land masked
  n20 20260618_0910 … ✗ swath overlaps bbox but all pixels cloud/land masked
  n20 20260618_0950 … ✗ swath overlaps bbox but all pixels cloud/land masked
  n20 20260618_1000 … ✗ swath overlaps bbox but all pixels cloud/land masked
  n20 20260618_1010 … ✗ swath overlaps bbox but all pixels cloud/land masked
  n20 20260618_1050 … ✗ swath overlaps bbox but all pixels cloud/land masked
  n20 20260618_1100 … ✗ swath overlaps bbox but all pixels cloud/land masked
  n20 20260618_1110 … ✗ swath overlaps bbox but all pixels cloud/land masked
  n20 20260618_1150 … ✗ swath overlaps bbox but all pixels cloud/land masked
  n20 20260618_1200 … ✗ swath overlaps bbox but all pixels cloud/land masked
  n20 20260618_1210 … ✗ swath overlaps bbox but all pixels cloud/land masked
  n20 20260618_1250 … ✗ swath overlaps bbox but all pixels cloud/land masked
  n20 20260618_1300 … ✗ swath overlaps bbox but all pixels cloud/land masked
  n20 20260618_1310 … ✗ swath overlaps bbox but all pixels cloud/land masked
  n20 20260618_1350 … ✗ swath overlaps bbox but all pixels cloud/land masked
  n20 20260618_1400 … ✗ swath overlaps bbox but all pixels cloud/land masked
  n20 20260618_1410 … ✗ swath overlaps bbox but all pixels cloud/land masked
  n20 20260618_1450 … ✗ swath overlaps bbox but all pixels cloud/land masked
  n20 20260618_1500 … ✗ swath overlaps bbox but all pixels cloud/land masked
  n20 20260618_1510 … ✗ swath overlaps bbox but all pixels cloud/land masked
  n20 20260618_1550 … ✗ swath overlaps bbox but all pixels cloud/land masked
  n20 20260618_1600 … ✗ swath overlaps bbox but all pixels cloud/land masked
  n20 20260618_1610 … ✗ swath overlaps bbox but all pixels cloud/land masked
  n20 20260618_1650 …   ⚠ VIIRS n20 20260618_1650: only 15 pts — skipping write.
✗ ok
  n20 20260618_1700 … ✗ swath overlaps bbox but all pixels cloud/land masked
  n20 20260618_1710 … ✗ swath overlaps bbox but all pixels cloud/land masked
  n20 20260618_1750 … ✗ swath overlaps bbox but all pixels cloud/land masked
  n20 20260618_1800 … ✗ swath overlaps bbox but all pixels cloud/land masked
  n20 20260618_1810 … ✗ swath overlaps bbox but all pixels cloud/land masked
  n20 20260618_1850 … ✗ swath overlaps bbox but all pixels cloud/land masked
  n20 20260618_1900 … ✗ swath overlaps bbox but all pixels cloud/land masked
  n20 20260618_1910 … ✗ swath overlaps bbox but all pixels cloud/land masked
  n20 20260618_1950 … ✗ swath overlaps bbox but all pixels cloud/land masked
  n20 20260618_2000 … ✗ swath overlaps bbox but all pixels cloud/land masked
  n20 20260618_2010 … ✗ swath overlaps bbox but all pixels cloud/land masked
  n20 20260618_2050 … ✗ swath overlaps bbox but all pixels cloud/land masked
  n20 20260618_2100 … ✗ swath overlaps bbox but all pixels cloud/land masked
  n20 20260618_2110 … ✗ swath overlaps bbox but all pixels cloud/land masked
  n20 20260618_2150 … ✗ swath overlaps bbox but all pixels cloud/land masked
  n20 20260618_2200 … ✗ swath overlaps bbox but all pixels cloud/land masked
  n20 20260618_2210 … ✗ swath overlaps bbox but all pixels cloud/land masked
  n20 20260618_2250 … ✗ swath overlaps bbox but all pixels cloud/land masked
  n20 20260618_2300 … ✗ swath overlaps bbox but all pixels cloud/land masked
  n20 20260618_2310 … ✗ swath overlaps bbox but all pixels cloud/land masked
  n20 20260618_2350 … ✗ swath overlaps bbox but all pixels cloud/land masked
  n20 20260619_0000 … ✗ swath overlaps bbox but all pixels cloud/land masked
  n20 20260619_0010 … ✗ swath overlaps bbox but all pixels cloud/land masked
  n20 20260619_0050 … ✗ swath overlaps bbox but all pixels cloud/land masked
  n20 20260619_0100 … ✗ swath overlaps bbox but all pixels cloud/land masked
  n20 20260619_0110 … ✗ swath overlaps bbox but all pixels cloud/land masked
  n20 20260619_0150 … ✗ swath overlaps bbox but all pixels cloud/land masked
  n20 20260619_0200 … ✗ swath overlaps bbox but all pixels cloud/land masked
  n20 20260619_0210 … ✗ swath overlaps bbox but all pixels cloud/land masked
  n20 20260619_0250 … ✗ swath overlaps bbox but all pixels cloud/land masked
  n20 20260619_0300 … ✗ swath overlaps bbox but all pixels cloud/land masked
  n20 20260619_0310 … ✗ swath overlaps bbox but all pixels cloud/land masked
  n20 20260619_0350 … ✗ swath overlaps bbox but all pixels cloud/land masked
  n20 20260619_0400 … ✗ swath overlaps bbox but all pixels cloud/land masked
  n20 20260619_0410 … ✗ swath overlaps bbox but all pixels cloud/land masked
  n20 20260619_0450 … ✗ swath overlaps bbox but all pixels cloud/land masked
  n20 20260619_0500 … ✗ swath overlaps bbox but all pixels cloud/land masked
  n20 20260619_0510 … ✗ swath overlaps bbox but all pixels cloud/land masked
  n20 20260619_0550 … ✗ swath overlaps bbox but all pixels cloud/land masked
  n20 20260619_0600 … ✗ swath overlaps bbox but all pixels cloud/land masked
  n20 20260619_0610 … ✗ swath overlaps bbox but all pixels cloud/land masked
  n20 20260619_0650 ✓ (cached)
  n20 20260619_0700 … ✗ swath overlaps bbox but all pixels cloud/land masked
  n20 20260619_0710 … ✗ swath overlaps bbox but all pixels cloud/land masked
  n20 20260619_0750 … ✗ swath overlaps bbox but all pixels cloud/land masked
  n20 20260619_0800 … ✗ swath overlaps bbox but all pixels cloud/land masked
  n20 20260619_0810 … ✗ swath overlaps bbox but all pixels cloud/land masked
  n20 20260619_0850 … ✗ swath overlaps bbox but all pixels cloud/land masked
  n20 20260619_0900 … ✗ swath overlaps bbox but all pixels cloud/land masked
  n20 20260619_0910 … ✗ swath overlaps bbox but all pixels cloud/land masked
  n20 20260619_0950 … ✗ swath overlaps bbox but all pixels cloud/land masked
  n20 20260619_1000 … ✗ swath overlaps bbox but all pixels cloud/land masked
  n20 20260619_1010 … ✗ swath overlaps bbox but all pixels cloud/land masked
  n20 20260619_1050 … ✗ swath overlaps bbox but all pixels cloud/land masked
  n20 20260619_1100 … ✗ swath overlaps bbox but all pixels cloud/land masked
  n20 20260619_1110 … ✗ swath overlaps bbox but all pixels cloud/land masked
  n20 20260619_1150 … ✗ swath overlaps bbox but all pixels cloud/land masked
  n20 20260619_1200 … ✗ swath overlaps bbox but all pixels cloud/land masked
  n20 20260619_1210 … ✗ swath overlaps bbox but all pixels cloud/land masked
  n20 20260619_1250 … ✗ swath overlaps bbox but all pixels cloud/land masked
  n20 20260619_1300 … ✗ swath overlaps bbox but all pixels cloud/land masked
  n20 20260619_1310 … ✗ swath overlaps bbox but all pixels cloud/land masked
  n20 20260619_1350 … ✗ swath overlaps bbox but all pixels cloud/land masked
  n20 20260619_1400 … ✗ swath overlaps bbox but all pixels cloud/land masked
  n20 20260619_1410 … ✗ swath overlaps bbox but all pixels cloud/land masked
  n20 20260619_1450 … ✗ swath overlaps bbox but all pixels cloud/land masked
  n20 20260619_1500 … ✗ swath overlaps bbox but all pixels cloud/land masked
  n20 20260619_1510 … ✗ swath overlaps bbox but all pixels cloud/land masked
  n20 20260619_1550 … ✗ swath overlaps bbox but all pixels cloud/land masked
  n20 20260619_1600 … ✗ swath overlaps bbox but all pixels cloud/land masked
  n20 20260619_1610 … ✗ swath overlaps bbox but all pixels cloud/land masked
  n20 20260619_1650 … ✗ swath overlaps bbox but all pixels cloud/land masked
  n20 20260619_1700 … ✗ swath overlaps bbox but all pixels cloud/land masked
  n20 20260619_1710 … ✗ swath overlaps bbox but all pixels cloud/land masked
  n20 20260619_1750 … ✗ swath overlaps bbox but all pixels cloud/land masked
  n20 20260619_1800 …   ⚠ VIIRS n20 20260619_1800: only 56 pts — skipping write.
✗ ok
  n20 20260619_1810 ✓ (cached)
  n20 20260619_1850 … ✗ swath overlaps bbox but all pixels cloud/land masked
  n20 20260619_1900 … ✗ swath overlaps bbox but all pixels cloud/land masked
  n20 20260619_1910 … ✗ swath overlaps bbox but all pixels cloud/land masked
  n20 20260619_1950 … ✗ swath overlaps bbox but all pixels cloud/land masked
  n20 20260619_2000 … ✗ swath overlaps bbox but all pixels cloud/land masked
  n20 20260619_2010 … ✗ swath overlaps bbox but all pixels cloud/land masked
  n20 20260619_2050 … ✗ swath overlaps bbox but all pixels cloud/land masked
  n20 20260619_2100 … ✗ swath overlaps bbox but all pixels cloud/land masked
  n20 20260619_2110 … ✗ swath overlaps bbox but all pixels cloud/land masked
  n20 20260619_2150 … ✗ swath overlaps bbox but all pixels cloud/land masked
  n20 20260619_2200 … ✗ swath overlaps bbox but all pixels cloud/land masked
  n20 20260619_2210 … ✗ swath overlaps bbox but all pixels cloud/land masked
  n20 20260619_2250 … ✗ swath overlaps bbox but all pixels cloud/land masked
  n20 20260619_2300 … ✗ swath overlaps bbox but all pixels cloud/land masked
  n20 20260619_2310 … ✗ swath overlaps bbox but all pixels cloud/land masked
  n21 20260618_0050 … ✗ swath overlaps bbox but all pixels cloud/land masked
  n21 20260618_0100 … ✗ swath overlaps bbox but all pixels cloud/land masked
  n21 20260618_0110 … ✗ swath overlaps bbox but all pixels cloud/land masked
  n21 20260618_0150 … ✗ swath overlaps bbox but all pixels cloud/land masked
  n21 20260618_0200 … ✗ swath overlaps bbox but all pixels cloud/land masked
  n21 20260618_0210 … ✗ swath overlaps bbox but all pixels cloud/land masked
  n21 20260618_0250 … ✗ swath overlaps bbox but all pixels cloud/land masked
  n21 20260618_0300 … ✗ swath overlaps bbox but all pixels cloud/land masked
  n21 20260618_0310 … ✗ swath overlaps bbox but all pixels cloud/land masked
  n21 20260618_0350 … ✗ swath overlaps bbox but all pixels cloud/land masked
  n21 20260618_0400 … ✗ swath overlaps bbox but all pixels cloud/land masked
  n21 20260618_0410 … ✗ swath overlaps bbox but all pixels cloud/land masked
  n21 20260618_0450 … ✗ swath overlaps bbox but all pixels cloud/land masked
  n21 20260618_0500 … ✗ swath overlaps bbox but all pixels cloud/land masked
  n21 20260618_0510 … ✗ swath overlaps bbox but all pixels cloud/land masked
  n21 20260618_0550 … ✗ swath overlaps bbox but all pixels cloud/land masked
  n21 20260618_0600 … ✗ swath overlaps bbox but all pixels cloud/land masked
  n21 20260618_0610 ✓ (cached)
  n21 20260618_0650 … ✗ swath overlaps bbox but all pixels cloud/land masked
  n21 20260618_0700 … ✗ swath overlaps bbox but all pixels cloud/land masked
  n21 20260618_0710 … ✗ swath overlaps bbox but all pixels cloud/land masked
  n21 20260618_0750 ✓ (cached)
  n21 20260618_0800 … ✗ swath overlaps bbox but all pixels cloud/land masked
  n21 20260618_0810 … ✗ swath overlaps bbox but all pixels cloud/land masked
  n21 20260618_0850 … ✗ swath overlaps bbox but all pixels cloud/land masked
  n21 20260618_0900 … ✗ swath overlaps bbox but all pixels cloud/land masked
  n21 20260618_0910 … ✗ swath overlaps bbox but all pixels cloud/land masked
  n21 20260618_0950 … ✗ swath overlaps bbox but all pixels cloud/land masked
  n21 20260618_1000 … ✗ swath overlaps bbox but all pixels cloud/land masked
  n21 20260618_1010 … ✗ swath overlaps bbox but all pixels cloud/land masked
  n21 20260618_1050 … ✗ swath overlaps bbox but all pixels cloud/land masked
  n21 20260618_1100 … ✗ swath overlaps bbox but all pixels cloud/land masked
  n21 20260618_1110 … ✗ swath overlaps bbox but all pixels cloud/land masked
  n21 20260618_1150 … ✗ swath overlaps bbox but all pixels cloud/land masked
  n21 20260618_1200 … ✗ swath overlaps bbox but all pixels cloud/land masked
  n21 20260618_1210 … ✗ swath overlaps bbox but all pixels cloud/land masked
  n21 20260618_1250 … ✗ swath overlaps bbox but all pixels cloud/land masked
  n21 20260618_1300 … ✗ swath overlaps bbox but all pixels cloud/land masked
  n21 20260618_1310 … ✗ swath overlaps bbox but all pixels cloud/land masked
  n21 20260618_1350 … ✗ swath overlaps bbox but all pixels cloud/land masked
  n21 20260618_1400 … ✗ swath overlaps bbox but all pixels cloud/land masked
  n21 20260618_1410 … ✗ swath overlaps bbox but all pixels cloud/land masked
  n21 20260618_1450 … ✗ swath overlaps bbox but all pixels cloud/land masked
  n21 20260618_1500 … ✗ swath overlaps bbox but all pixels cloud/land masked
  n21 20260618_1510 … ✗ swath overlaps bbox but all pixels cloud/land masked
  n21 20260618_1550 … ✗ swath overlaps bbox but all pixels cloud/land masked
  n21 20260618_1600 … ✗ swath overlaps bbox but all pixels cloud/land masked
  n21 20260618_1610 … ✗ swath overlaps bbox but all pixels cloud/land masked
  n21 20260618_1650 … ✗ swath overlaps bbox but all pixels cloud/land masked
  n21 20260618_1700 … ✗ swath overlaps bbox but all pixels cloud/land masked
  n21 20260618_1710 … ✗ swath overlaps bbox but all pixels cloud/land masked
  n21 20260618_1750 … ✗ swath overlaps bbox but all pixels cloud/land masked
  n21 20260618_1800 … ✗ swath overlaps bbox but all pixels cloud/land masked
  n21 20260618_1810 … ✗ swath overlaps bbox but all pixels cloud/land masked
  n21 20260618_1850 … ✗ swath overlaps bbox but all pixels cloud/land masked
  n21 20260618_1900 … ✗ swath overlaps bbox but all pixels cloud/land masked
  n21 20260618_1910 ✓ (cached)
  n21 20260618_1950 … ✗ swath overlaps bbox but all pixels cloud/land masked
  n21 20260618_2000 … ✗ swath overlaps bbox but all pixels cloud/land masked
  n21 20260618_2010 … ✗ swath overlaps bbox but all pixels cloud/land masked
  n21 20260618_2050 … ✗ swath overlaps bbox but all pixels cloud/land masked
  n21 20260618_2100 … ✗ swath overlaps bbox but all pixels cloud/land masked
  n21 20260618_2110 … ✗ swath overlaps bbox but all pixels cloud/land masked
  n21 20260618_2150 … ✗ swath overlaps bbox but all pixels cloud/land masked
  n21 20260618_2200 … ✗ swath overlaps bbox but all pixels cloud/land masked
  n21 20260618_2210 … ✗ swath overlaps bbox but all pixels cloud/land masked
  n21 20260618_2250 … ✗ swath overlaps bbox but all pixels cloud/land masked
  n21 20260618_2300 … ✗ swath overlaps bbox but all pixels cloud/land masked
  n21 20260618_2310 … ✗ swath overlaps bbox but all pixels cloud/land masked
  n21 20260618_2350 … ✗ swath overlaps bbox but all pixels cloud/land masked
  n21 20260619_0000 … ✗ swath overlaps bbox but all pixels cloud/land masked
  n21 20260619_0010 … ✗ swath overlaps bbox but all pixels cloud/land masked
  n21 20260619_0050 … ✗ swath overlaps bbox but all pixels cloud/land masked
  n21 20260619_0100 … ✗ swath overlaps bbox but all pixels cloud/land masked
  n21 20260619_0110 … ✗ swath overlaps bbox but all pixels cloud/land masked
  n21 20260619_0150 … ✗ swath overlaps bbox but all pixels cloud/land masked
  n21 20260619_0200 … ✗ swath overlaps bbox but all pixels cloud/land masked
  n21 20260619_0210 … ✗ swath overlaps bbox but all pixels cloud/land masked
  n21 20260619_0250 … ✗ swath overlaps bbox but all pixels cloud/land masked
  n21 20260619_0300 … ✗ swath overlaps bbox but all pixels cloud/land masked
  n21 20260619_0310 … ✗ swath overlaps bbox but all pixels cloud/land masked
  n21 20260619_0350 … ✗ swath overlaps bbox but all pixels cloud/land masked
  n21 20260619_0400 … ✗ swath overlaps bbox but all pixels cloud/land masked
  n21 20260619_0410 … ✗ swath overlaps bbox but all pixels cloud/land masked
  n21 20260619_0450 … ✗ swath overlaps bbox but all pixels cloud/land masked
  n21 20260619_0500 … ✗ swath overlaps bbox but all pixels cloud/land masked
  n21 20260619_0510 … ✗ swath overlaps bbox but all pixels cloud/land masked
  n21 20260619_0550 ✓ (cached)
  n21 20260619_0600 … ✗ swath overlaps bbox but all pixels cloud/land masked
  n21 20260619_0610 … ✗ swath overlaps bbox but all pixels cloud/land masked
  n21 20260619_0650 … ✗ swath overlaps bbox but all pixels cloud/land masked
  n21 20260619_0700 … ✗ swath overlaps bbox but all pixels cloud/land masked
  n21 20260619_0710 … ✗ swath overlaps bbox but all pixels cloud/land masked
  n21 20260619_0750 … ✗ swath overlaps bbox but all pixels cloud/land masked
  n21 20260619_0800 … ✗ swath overlaps bbox but all pixels cloud/land masked
  n21 20260619_0810 … ✗ swath overlaps bbox but all pixels cloud/land masked
  n21 20260619_0850 … ✗ swath overlaps bbox but all pixels cloud/land masked
  n21 20260619_0900 … ✗ swath overlaps bbox but all pixels cloud/land masked
  n21 20260619_0910 … ✗ swath overlaps bbox but all pixels cloud/land masked
  n21 20260619_0950 … ✗ swath overlaps bbox but all pixels cloud/land masked
  n21 20260619_1000 … ✗ swath overlaps bbox but all pixels cloud/land masked
  n21 20260619_1010 … ✗ swath overlaps bbox but all pixels cloud/land masked
  n21 20260619_1050 … ✗ swath overlaps bbox but all pixels cloud/land masked
  n21 20260619_1100 … ✗ swath overlaps bbox but all pixels cloud/land masked
  n21 20260619_1110 … ✗ swath overlaps bbox but all pixels cloud/land masked
  n21 20260619_1150 … ✗ swath overlaps bbox but all pixels cloud/land masked
  n21 20260619_1200 … ✗ swath overlaps bbox but all pixels cloud/land masked
  n21 20260619_1210 … ✗ swath overlaps bbox but all pixels cloud/land masked
  n21 20260619_1250 … ✗ swath overlaps bbox but all pixels cloud/land masked
  n21 20260619_1300 … ✗ swath overlaps bbox but all pixels cloud/land masked
  n21 20260619_1310 … ✗ swath overlaps bbox but all pixels cloud/land masked
  n21 20260619_1350 … ✗ swath overlaps bbox but all pixels cloud/land masked
  n21 20260619_1400 … ✗ swath overlaps bbox but all pixels cloud/land masked
  n21 20260619_1410 … ✗ swath overlaps bbox but all pixels cloud/land masked
  n21 20260619_1450 … ✗ swath overlaps bbox but all pixels cloud/land masked
  n21 20260619_1500 … ✗ swath overlaps bbox but all pixels cloud/land masked
  n21 20260619_1510 … ✗ swath overlaps bbox but all pixels cloud/land masked
  n21 20260619_1550 … ✗ swath overlaps bbox but all pixels cloud/land masked
  n21 20260619_1600 … ✗ swath overlaps bbox but all pixels cloud/land masked
  n21 20260619_1610 … ✗ swath overlaps bbox but all pixels cloud/land masked
  n21 20260619_1650 … ✗ swath overlaps bbox but all pixels cloud/land masked
  n21 20260619_1700 … ✗ swath overlaps bbox but all pixels cloud/land masked
  n21 20260619_1710 ✓ (cached)
  n21 20260619_1750 … ✗ swath overlaps bbox but all pixels cloud/land masked
  n21 20260619_1800 … ✗ swath overlaps bbox but all pixels cloud/land masked
  n21 20260619_1810 … ✗ swath overlaps bbox but all pixels cloud/land masked
  n21 20260619_1850 ✓ (cached)
  n21 20260619_1900 … ✗ swath overlaps bbox but all pixels cloud/land masked
  n21 20260619_1910 … ✗ swath overlaps bbox but all pixels cloud/land masked
  n21 20260619_1950 … ✗ swath overlaps bbox but all pixels cloud/land masked
  n21 20260619_2000 … ✗ swath overlaps bbox but all pixels cloud/land masked
  n21 20260619_2010 … ✗ swath overlaps bbox but all pixels cloud/land masked
  n21 20260619_2050 … ✗ swath overlaps bbox but all pixels cloud/land masked
  n21 20260619_2100 … ✗ swath overlaps bbox but all pixels cloud/land masked
  n21 20260619_2110 … ✗ swath overlaps bbox but all pixels cloud/land masked
  n21 20260619_2150 … ✗ swath overlaps bbox but all pixels cloud/land masked
  n21 20260619_2200 … ✗ swath overlaps bbox but all pixels cloud/land masked
  n21 20260619_2210 … ✗ swath overlaps bbox but all pixels cloud/land masked
  n21 20260619_2250 … ✗ swath overlaps bbox but all pixels cloud/land masked
  n21 20260619_2300 … ✗ swath overlaps bbox but all pixels cloud/land masked
  n21 20260619_2310 … ✗ swath overlaps bbox but all pixels cloud/land masked

  VIIRS summary: 0 written, 13 cached, 408 miss/cloud, 431 outside windows.

=========================================================
✓ Pipeline complete
=========================================================
