=========================================================
SST PIPELINE
  UTC  : 2026-05-08 11:09:38
  Bbox : 33.7–39.0°N  -78.89–-72.21°E
=========================================================

── MUR daily composite (last 5 days) ──
  MUR 20260507 (coastwatch.noaa.gov) … ✗ RuntimeError
  MUR 20260507 (coastwatch.pfeg.noaa.gov) … ✗ RuntimeError
  MUR 20260507 (upwell.pfeg.noaa.gov) … ✗ RuntimeError
  ✗ MUR 20260507 — all mirrors failed. Last: upwell.pfeg.noaa.gov: RuntimeError: 404 — no data for this date
  MUR 20260506 (coastwatch.noaa.gov) … ✗ RuntimeError
  MUR 20260506 (coastwatch.pfeg.noaa.gov) …   (land filter: loaded 24 coastline polygons)
  (land filter: dropped 94 inland, kept 8892 ocean)
  ✓ MUR 20260506
  → DailySSTData/MUR/mur_20260506.csv  (8892 pts, 107 lats × 133 lons)
  ✓ MUR 20260505 (cached)
  ✓ MUR 20260504 (cached)
  ✓ MUR 20260503 (cached)

── GOES-19 geo-polar blended daily composite ──
  GOES 20260508 … ✗ RuntimeError: HTTP 502: <!DOCTYPE HTML PUBLIC "-//IETF//DTD HTML 2.0//EN">
<html><head>
<title
  GOES 20260507 … ✗ RuntimeError: HTTP 502: <!DOCTYPE HTML PUBLIC "-//IETF//DTD HTML 2.0//EN">
<html><head>
<title
  GOES 20260506 … ✗ RuntimeError: HTTP 502: <!DOCTYPE HTML PUBLIC "-//IETF//DTD HTML 2.0//EN">
<html><head>
<title
  ✓ GOES composite 20260505 (cached)

── VIIRS multi-pass (last 26h — NPP/N20/N21) ──
  Pass centers: 06:10 UTC, 18:33 UTC  ±20 min
  ✓ VIIRS NRT base: https://www.star.nesdis.noaa.gov/pub/socd2/coastwatch/sst/nrt/viirs
  Target windows this run: 2
    2026-05-07 18:13 – 18:53 UTC  (1833UTC)
    2026-05-08 05:50 – 06:30 UTC  (0610UTC)
  npp 20260507_1820 … ✗ swath overlaps bbox but all pixels cloud/land masked
  npp 20260507_1830 … ✗ swath overlaps bbox but all pixels cloud/land masked
  npp 20260507_1840 … ✗ swath overlaps bbox but all pixels cloud/land masked
  npp 20260507_1850 … ✗ swath overlaps bbox but all pixels cloud/land masked
  npp 20260508_0550 … ✗ swath overlaps bbox but all pixels cloud/land masked
  npp 20260508_0600 … ✗ swath overlaps bbox but all pixels cloud/land masked
  npp 20260508_0610 …   → DailySSTData/VIIRS/Passes/viirs_npp_20260508_0610.csv  (21991 pts, 218 lats × 332 lons)
  npp 20260508_0620 … ✗ swath overlaps bbox but all pixels cloud/land masked
  npp 20260508_0630 … ✗ swath overlaps bbox but all pixels cloud/land masked
  n20 20260507_1820 … ✗ swath overlaps bbox but all pixels cloud/land masked
  n20 20260507_1830 … ✗ swath overlaps bbox but all pixels cloud/land masked
  n20 20260507_1840 … ✗ swath overlaps bbox but all pixels cloud/land masked
  n20 20260507_1850 … ✗ swath overlaps bbox but all pixels cloud/land masked
  n20 20260508_0550 … ✗ swath overlaps bbox but all pixels cloud/land masked
  n20 20260508_0600 … ✗ swath overlaps bbox but all pixels cloud/land masked
  n20 20260508_0610 … ✗ swath overlaps bbox but all pixels cloud/land masked
  n20 20260508_0620 … ✗ swath overlaps bbox but all pixels cloud/land masked
  n20 20260508_0630 …   → DailySSTData/VIIRS/Passes/viirs_n20_20260508_0630.csv  (21849 pts, 211 lats × 333 lons)
  n21 20260507_1820 … ✗ swath overlaps bbox but all pixels cloud/land masked
  n21 20260507_1830 … ✗ swath overlaps bbox but all pixels cloud/land masked
  n21 20260507_1840 … ✗ swath overlaps bbox but all pixels cloud/land masked
  n21 20260507_1850 … ✗ swath overlaps bbox but all pixels cloud/land masked
  n21 20260508_0550 … ✗ swath overlaps bbox but all pixels cloud/land masked
  n21 20260508_0600 … ✗ swath overlaps bbox but all pixels cloud/land masked
  n21 20260508_0610 … ✗ swath overlaps bbox but all pixels cloud/land masked
  n21 20260508_0620 … ✗ swath overlaps bbox but all pixels cloud/land masked
  n21 20260508_0630 … ✗ swath overlaps bbox but all pixels cloud/land masked

  VIIRS summary: 2 written, 0 cached, 25 miss/cloud, 586 outside windows.

=========================================================
✓ Pipeline complete
=========================================================
