=========================================================
SST PIPELINE
  UTC  : 2026-05-10 10:58:41
  Bbox : 33.7–39.0°N  -78.89–-72.21°E
=========================================================

── MUR daily composite (last 5 days) ──
  MUR 20260509 (coastwatch.noaa.gov) … ✗ RuntimeError
  MUR 20260509 (coastwatch.pfeg.noaa.gov) … ✗ RuntimeError
  MUR 20260509 (upwell.pfeg.noaa.gov) … ✗ RuntimeError
  ✗ MUR 20260509 — all mirrors failed. Last: upwell.pfeg.noaa.gov: RuntimeError: 404 — no data for this date
  MUR 20260508 (coastwatch.noaa.gov) … ✗ RuntimeError
  MUR 20260508 (coastwatch.pfeg.noaa.gov) …   (land filter: loaded 24 coastline polygons)
  (land filter: dropped 94 inland, kept 8892 ocean)
  ✓ MUR 20260508
  → DailySSTData/MUR/mur_20260508.csv  (8892 pts, 107 lats × 133 lons)
  ✓ MUR 20260507 (cached)
  ✓ MUR 20260506 (cached)
  ✓ MUR 20260505 (cached)

── GOES-19 geo-polar blended daily composite ──
  GOES 20260510 … ✗ RuntimeError: 404 — no data for this date
  GOES 20260509 … ✗ RuntimeError: 404 — no data for this date
  GOES 20260508 …   (land filter: dropped 70 inland, kept 2237 ocean)
  ✓ Geo-polar Blended 2026-05-08
  → DailySSTData/GOES/Composite/goes_composite_20260508.csv  (2237 pts, 54 lats × 66 lons)

── VIIRS multi-pass (last 26h — NPP/N20/N21) ──
  Pass centers: 06:10 UTC, 18:33 UTC  ±20 min
  ✓ VIIRS NRT base: https://www.star.nesdis.noaa.gov/pub/socd2/coastwatch/sst/nrt/viirs
  Target windows this run: 2
    2026-05-09 18:13 – 18:53 UTC  (1833UTC)
    2026-05-10 05:50 – 06:30 UTC  (0610UTC)
  npp 20260509_1820 … ✗ swath overlaps bbox but all pixels cloud/land masked
  npp 20260509_1830 … ✗ swath overlaps bbox but all pixels cloud/land masked
  npp 20260509_1840 … ✗ swath overlaps bbox but all pixels cloud/land masked
  npp 20260509_1850 …   ⚠ VIIRS npp 20260509_1850: only 57 pts — skipping write.
✗ ok
  npp 20260510_0550 … ✗ swath overlaps bbox but all pixels cloud/land masked
  npp 20260510_0600 … ✗ swath overlaps bbox but all pixels cloud/land masked
  npp 20260510_0610 … ✗ swath overlaps bbox but all pixels cloud/land masked
  npp 20260510_0620 … ✗ swath overlaps bbox but all pixels cloud/land masked
  npp 20260510_0630 … ✗ swath overlaps bbox but all pixels cloud/land masked
  n20 20260509_1820 … ✗ swath overlaps bbox but all pixels cloud/land masked
  n20 20260509_1830 … ✗ swath overlaps bbox but all pixels cloud/land masked
  n20 20260509_1840 … ✗ swath overlaps bbox but all pixels cloud/land masked
  n20 20260509_1850 … ✗ swath overlaps bbox but all pixels cloud/land masked
  n20 20260510_0550 …   → DailySSTData/VIIRS/Passes/viirs_n20_20260510_0550.csv  (12468 pts, 109 lats × 257 lons)
  n20 20260510_0600 … ✗ swath overlaps bbox but all pixels cloud/land masked
  n20 20260510_0610 … ✗ swath overlaps bbox but all pixels cloud/land masked
  n20 20260510_0620 … ✗ swath overlaps bbox but all pixels cloud/land masked
  n20 20260510_0630 … ✗ swath overlaps bbox but all pixels cloud/land masked
  n21 20260509_1820 …   → DailySSTData/VIIRS/Passes/viirs_n21_20260509_1820.csv  (1718 pts, 81 lats × 203 lons)
  n21 20260509_1830 … ✗ swath overlaps bbox but all pixels cloud/land masked
  n21 20260509_1840 … ✗ swath overlaps bbox but all pixels cloud/land masked
  n21 20260509_1850 … ✗ swath overlaps bbox but all pixels cloud/land masked
  n21 20260510_0550 … ✗ swath overlaps bbox but all pixels cloud/land masked
  n21 20260510_0600 … ✗ swath overlaps bbox but all pixels cloud/land masked
  n21 20260510_0610 … ✗ swath overlaps bbox but all pixels cloud/land masked
  n21 20260510_0620 … ✗ swath overlaps bbox but all pixels cloud/land masked
  n21 20260510_0630 … ✗ swath overlaps bbox but all pixels cloud/land masked

  VIIRS summary: 2 written, 0 cached, 25 miss/cloud, 577 outside windows.

=========================================================
✓ Pipeline complete
=========================================================
