=========================================================
SST PIPELINE
  UTC  : 2026-06-24 00:08:03
  Bbox : 33.7–39.0°N  -78.89–-72.21°E
=========================================================

── MUR daily composite (last 5 days) ──
  MUR 20260623 (coastwatch.noaa.gov) … ✗ RuntimeError
  MUR 20260623 (coastwatch.pfeg.noaa.gov) … ✗ RuntimeError
  MUR 20260623 (upwell.pfeg.noaa.gov) … ✗ RuntimeError
  ✗ MUR 20260623 — all mirrors failed. Last: upwell.pfeg.noaa.gov: RuntimeError: 404 — no data for this date
  ✓ MUR 20260622 (cached)
  ✓ MUR 20260621 (cached)
  ✓ MUR 20260620 (cached)
  ✓ MUR 20260619 (cached)

── GOES-19 geo-polar blended daily composite ──
  Candidates: 4 (2 hosts × 2 dataset IDs)
  GOES 20260624 [noaa/noaacwBLENDEDsstDLDaily] … ✗ RuntimeError: 404 — no data for this date
  GOES 20260624 [noaa/noaacwBLENDEDsstDaily] … ✗ RuntimeError: 404 — no data for this date
  GOES 20260624 [pfeg/noaacwBLENDEDsstDLDaily] … ✗ RuntimeError: 404 — no data for this date
  GOES 20260624 [pfeg/noaacwBLENDEDsstDaily] … ✗ RuntimeError: 404 — no data for this date
  GOES 20260623 [noaa/noaacwBLENDEDsstDLDaily] … ✗ RuntimeError: 404 — no data for this date
  GOES 20260623 [noaa/noaacwBLENDEDsstDaily] … ✗ RuntimeError: 404 — no data for this date
  GOES 20260623 [pfeg/noaacwBLENDEDsstDLDaily] … ✗ RuntimeError: 404 — no data for this date
  GOES 20260623 [pfeg/noaacwBLENDEDsstDaily] … ✗ RuntimeError: 404 — no data for this date
  ✓ GOES composite 20260622 (cached)

── VIIRS multi-pass (last 48h — NPP/N20/N21) ──
  ✓ VIIRS NRT base: https://www.star.nesdis.noaa.gov/pub/socd2/coastwatch/sst/nrt/viirs
  Hourly windows : 48
  Window range   : 2026-06-22 00:50Z → 2026-06-24 00:10Z
  Half-width     : ±10 min per bucket
  npp 20260622_0050 … ✗ swath overlaps bbox but all pixels cloud/land masked
  npp 20260622_0100 … ✗ swath overlaps bbox but all pixels cloud/land masked
  npp 20260622_0110 … ✗ swath overlaps bbox but all pixels cloud/land masked
  npp 20260622_0150 … ✗ swath overlaps bbox but all pixels cloud/land masked
  npp 20260622_0200 … ✗ swath overlaps bbox but all pixels cloud/land masked
  npp 20260622_0210 … ✗ swath overlaps bbox but all pixels cloud/land masked
  npp 20260622_0250 … ✗ swath overlaps bbox but all pixels cloud/land masked
  npp 20260622_0300 … ✗ swath overlaps bbox but all pixels cloud/land masked
  npp 20260622_0310 … ✗ swath overlaps bbox but all pixels cloud/land masked
  npp 20260622_0350 … ✗ swath overlaps bbox but all pixels cloud/land masked
  npp 20260622_0400 … ✗ swath overlaps bbox but all pixels cloud/land masked
  npp 20260622_0410 … ✗ swath overlaps bbox but all pixels cloud/land masked
  npp 20260622_0450 … ✗ swath overlaps bbox but all pixels cloud/land masked
  npp 20260622_0500 … ✗ swath overlaps bbox but all pixels cloud/land masked
  npp 20260622_0510 … ✗ swath overlaps bbox but all pixels cloud/land masked
  npp 20260622_0550 … ✗ swath overlaps bbox but all pixels cloud/land masked
  npp 20260622_0600 … ✗ swath overlaps bbox but all pixels cloud/land masked
  npp 20260622_0610 … ✗ swath overlaps bbox but all pixels cloud/land masked
  npp 20260622_0650 … ✗ swath overlaps bbox but all pixels cloud/land masked
  npp 20260622_0700 … ✗ swath overlaps bbox but all pixels cloud/land masked
  npp 20260622_0710 ✓ (cached)
  npp 20260622_0750 … ✗ swath overlaps bbox but all pixels cloud/land masked
  npp 20260622_0800 … ✗ swath overlaps bbox but all pixels cloud/land masked
  npp 20260622_0810 … ✗ swath overlaps bbox but all pixels cloud/land masked
  npp 20260622_0850 … ✗ swath overlaps bbox but all pixels cloud/land masked
  npp 20260622_0900 … ✗ swath overlaps bbox but all pixels cloud/land masked
  npp 20260622_0910 … ✗ swath overlaps bbox but all pixels cloud/land masked
  npp 20260622_0950 … ✗ swath overlaps bbox but all pixels cloud/land masked
  npp 20260622_1000 … ✗ swath overlaps bbox but all pixels cloud/land masked
  npp 20260622_1010 … ✗ swath overlaps bbox but all pixels cloud/land masked
  npp 20260622_1050 … ✗ swath overlaps bbox but all pixels cloud/land masked
  npp 20260622_1100 … ✗ swath overlaps bbox but all pixels cloud/land masked
  npp 20260622_1110 … ✗ swath overlaps bbox but all pixels cloud/land masked
  npp 20260622_1150 … ✗ swath overlaps bbox but all pixels cloud/land masked
  npp 20260622_1200 … ✗ swath overlaps bbox but all pixels cloud/land masked
  npp 20260622_1210 … ✗ swath overlaps bbox but all pixels cloud/land masked
  npp 20260622_1250 … ✗ swath overlaps bbox but all pixels cloud/land masked
  npp 20260622_1300 … ✗ swath overlaps bbox but all pixels cloud/land masked
  npp 20260622_1310 … ✗ swath overlaps bbox but all pixels cloud/land masked
  npp 20260622_1350 … ✗ swath overlaps bbox but all pixels cloud/land masked
  npp 20260622_1400 … ✗ swath overlaps bbox but all pixels cloud/land masked
  npp 20260622_1410 … ✗ swath overlaps bbox but all pixels cloud/land masked
  npp 20260622_1450 … ✗ swath overlaps bbox but all pixels cloud/land masked
  npp 20260622_1500 … ✗ swath overlaps bbox but all pixels cloud/land masked
  npp 20260622_1510 … ✗ swath overlaps bbox but all pixels cloud/land masked
  npp 20260622_1550 … ✗ swath overlaps bbox but all pixels cloud/land masked
  npp 20260622_1600 … ✗ swath overlaps bbox but all pixels cloud/land masked
  npp 20260622_1610 … ✗ swath overlaps bbox but all pixels cloud/land masked
  npp 20260622_1650 ✓ (cached)
  npp 20260622_1700 … ✗ swath overlaps bbox but all pixels cloud/land masked
  npp 20260622_1710 … ✗ swath overlaps bbox but all pixels cloud/land masked
  npp 20260622_1750 … ✗ swath overlaps bbox but all pixels cloud/land masked
  npp 20260622_1800 … ✗ swath overlaps bbox but all pixels cloud/land masked
  npp 20260622_1810 … ✗ swath overlaps bbox but all pixels cloud/land masked
  npp 20260622_1850 … ✗ swath overlaps bbox but all pixels cloud/land masked
  npp 20260622_1900 … ✗ swath overlaps bbox but all pixels cloud/land masked
  npp 20260622_1910 … ✗ swath overlaps bbox but all pixels cloud/land masked
  npp 20260622_1950 … ✗ swath overlaps bbox but all pixels cloud/land masked
  npp 20260622_2000 … ✗ swath overlaps bbox but all pixels cloud/land masked
  npp 20260622_2010 … ✗ swath overlaps bbox but all pixels cloud/land masked
  npp 20260622_2050 … ✗ swath overlaps bbox but all pixels cloud/land masked
  npp 20260622_2100 … ✗ swath overlaps bbox but all pixels cloud/land masked
  npp 20260622_2110 … ✗ swath overlaps bbox but all pixels cloud/land masked
  npp 20260622_2150 … ✗ swath overlaps bbox but all pixels cloud/land masked
  npp 20260622_2200 … ✗ swath overlaps bbox but all pixels cloud/land masked
  npp 20260622_2210 … ✗ swath overlaps bbox but all pixels cloud/land masked
  npp 20260622_2250 … ✗ swath overlaps bbox but all pixels cloud/land masked
  npp 20260622_2300 … ✗ swath overlaps bbox but all pixels cloud/land masked
  npp 20260622_2310 … ✗ swath overlaps bbox but all pixels cloud/land masked
  npp 20260622_2350 … ✗ swath overlaps bbox but all pixels cloud/land masked
  npp 20260623_0000 … ✗ swath overlaps bbox but all pixels cloud/land masked
  npp 20260623_0010 … ✗ swath overlaps bbox but all pixels cloud/land masked
  npp 20260623_0050 … ✗ swath overlaps bbox but all pixels cloud/land masked
  npp 20260623_0100 … ✗ swath overlaps bbox but all pixels cloud/land masked
  npp 20260623_0110 … ✗ swath overlaps bbox but all pixels cloud/land masked
  npp 20260623_0150 … ✗ swath overlaps bbox but all pixels cloud/land masked
  npp 20260623_0200 … ✗ swath overlaps bbox but all pixels cloud/land masked
  npp 20260623_0210 … ✗ swath overlaps bbox but all pixels cloud/land masked
  npp 20260623_0250 … ✗ swath overlaps bbox but all pixels cloud/land masked
  npp 20260623_0300 … ✗ swath overlaps bbox but all pixels cloud/land masked
  npp 20260623_0310 … ✗ swath overlaps bbox but all pixels cloud/land masked
  npp 20260623_0350 … ✗ swath overlaps bbox but all pixels cloud/land masked
  npp 20260623_0400 … ✗ swath overlaps bbox but all pixels cloud/land masked
  npp 20260623_0410 … ✗ swath overlaps bbox but all pixels cloud/land masked
  npp 20260623_0450 … ✗ swath overlaps bbox but all pixels cloud/land masked
  npp 20260623_0500 … ✗ swath overlaps bbox but all pixels cloud/land masked
  npp 20260623_0510 … ✗ swath overlaps bbox but all pixels cloud/land masked
  npp 20260623_0550 … ✗ swath overlaps bbox but all pixels cloud/land masked
  npp 20260623_0600 … ✗ swath overlaps bbox but all pixels cloud/land masked
  npp 20260623_0610 … ✗ swath overlaps bbox but all pixels cloud/land masked
  npp 20260623_0650 ✓ (cached)
  npp 20260623_0700 … ✗ swath overlaps bbox but all pixels cloud/land masked
  npp 20260623_0710 … ✗ swath overlaps bbox but all pixels cloud/land masked
  npp 20260623_0750 … ✗ swath overlaps bbox but all pixels cloud/land masked
  npp 20260623_0800 … ✗ swath overlaps bbox but all pixels cloud/land masked
  npp 20260623_0810 … ✗ swath overlaps bbox but all pixels cloud/land masked
  npp 20260623_0850 … ✗ swath overlaps bbox but all pixels cloud/land masked
  npp 20260623_0900 … ✗ swath overlaps bbox but all pixels cloud/land masked
  npp 20260623_0910 … ✗ swath overlaps bbox but all pixels cloud/land masked
  npp 20260623_0950 … ✗ swath overlaps bbox but all pixels cloud/land masked
  npp 20260623_1000 … ✗ swath overlaps bbox but all pixels cloud/land masked
  npp 20260623_1010 … ✗ swath overlaps bbox but all pixels cloud/land masked
  npp 20260623_1050 … ✗ swath overlaps bbox but all pixels cloud/land masked
  npp 20260623_1100 … ✗ swath overlaps bbox but all pixels cloud/land masked
  npp 20260623_1110 … ✗ swath overlaps bbox but all pixels cloud/land masked
  npp 20260623_1150 … ✗ swath overlaps bbox but all pixels cloud/land masked
  npp 20260623_1200 … ✗ swath overlaps bbox but all pixels cloud/land masked
  npp 20260623_1210 … ✗ swath overlaps bbox but all pixels cloud/land masked
  npp 20260623_1250 … ✗ swath overlaps bbox but all pixels cloud/land masked
  npp 20260623_1300 … ✗ swath overlaps bbox but all pixels cloud/land masked
  npp 20260623_1310 … ✗ swath overlaps bbox but all pixels cloud/land masked
  npp 20260623_1350 … ✗ swath overlaps bbox but all pixels cloud/land masked
  npp 20260623_1400 … ✗ swath overlaps bbox but all pixels cloud/land masked
  npp 20260623_1410 … ✗ swath overlaps bbox but all pixels cloud/land masked
  npp 20260623_1450 … ✗ swath overlaps bbox but all pixels cloud/land masked
  npp 20260623_1500 … ✗ swath overlaps bbox but all pixels cloud/land masked
  npp 20260623_1510 … ✗ swath overlaps bbox but all pixels cloud/land masked
  npp 20260623_1550 … ✗ swath overlaps bbox but all pixels cloud/land masked
  npp 20260623_1600 … ✗ swath overlaps bbox but all pixels cloud/land masked
  npp 20260623_1610 … ✗ swath overlaps bbox but all pixels cloud/land masked
  npp 20260623_1650 … ✗ swath overlaps bbox but all pixels cloud/land masked
  npp 20260623_1700 … ✗ swath overlaps bbox but all pixels cloud/land masked
  npp 20260623_1710 … ✗ swath overlaps bbox but all pixels cloud/land masked
  npp 20260623_1750 … ✗ swath overlaps bbox but all pixels cloud/land masked
  npp 20260623_1800 … ✗ swath overlaps bbox but all pixels cloud/land masked
  npp 20260623_1810 ✓ (cached)
  npp 20260623_1850 … ✗ swath overlaps bbox but all pixels cloud/land masked
  npp 20260623_1900 … ✗ swath overlaps bbox but all pixels cloud/land masked
  npp 20260623_1910 … ✗ swath overlaps bbox but all pixels cloud/land masked
  npp 20260623_1950 … ✗ swath overlaps bbox but all pixels cloud/land masked
  npp 20260623_2000 … ✗ swath overlaps bbox but all pixels cloud/land masked
  npp 20260623_2010 … ✗ swath overlaps bbox but all pixels cloud/land masked
  npp 20260623_2050 … ✗ swath overlaps bbox but all pixels cloud/land masked
  npp 20260623_2100 … ✗ swath overlaps bbox but all pixels cloud/land masked
  npp 20260623_2110 … ✗ swath overlaps bbox but all pixels cloud/land masked
  npp 20260623_2150 … ✗ swath overlaps bbox but all pixels cloud/land masked
  npp 20260623_2210 … ✗ swath overlaps bbox but all pixels cloud/land masked
  npp 20260623_2250 … ✗ swath overlaps bbox but all pixels cloud/land masked
  n20 20260622_0050 … ✗ swath overlaps bbox but all pixels cloud/land masked
  n20 20260622_0100 … ✗ swath overlaps bbox but all pixels cloud/land masked
  n20 20260622_0110 … ✗ swath overlaps bbox but all pixels cloud/land masked
  n20 20260622_0150 … ✗ swath overlaps bbox but all pixels cloud/land masked
  n20 20260622_0200 … ✗ swath overlaps bbox but all pixels cloud/land masked
  n20 20260622_0210 … ✗ swath overlaps bbox but all pixels cloud/land masked
  n20 20260622_0250 … ✗ swath overlaps bbox but all pixels cloud/land masked
  n20 20260622_0300 … ✗ swath overlaps bbox but all pixels cloud/land masked
  n20 20260622_0310 … ✗ swath overlaps bbox but all pixels cloud/land masked
  n20 20260622_0350 … ✗ swath overlaps bbox but all pixels cloud/land masked
  n20 20260622_0400 … ✗ swath overlaps bbox but all pixels cloud/land masked
  n20 20260622_0410 … ✗ swath overlaps bbox but all pixels cloud/land masked
  n20 20260622_0450 … ✗ swath overlaps bbox but all pixels cloud/land masked
  n20 20260622_0500 … ✗ swath overlaps bbox but all pixels cloud/land masked
  n20 20260622_0510 … ✗ swath overlaps bbox but all pixels cloud/land masked
  n20 20260622_0550 …   ⚠ VIIRS n20 20260622_0550: only 76 pts — skipping write.
✗ ok
  n20 20260622_0600 … ✗ swath overlaps bbox but all pixels cloud/land masked
  n20 20260622_0610 … ✗ swath overlaps bbox but all pixels cloud/land masked
  n20 20260622_0650 … ✗ swath overlaps bbox but all pixels cloud/land masked
  n20 20260622_0700 … ✗ swath overlaps bbox but all pixels cloud/land masked
  n20 20260622_0710 … ✗ swath overlaps bbox but all pixels cloud/land masked
  n20 20260622_0750 … ✗ swath overlaps bbox but all pixels cloud/land masked
  n20 20260622_0800 … ✗ swath overlaps bbox but all pixels cloud/land masked
  n20 20260622_0810 … ✗ swath overlaps bbox but all pixels cloud/land masked
  n20 20260622_0850 … ✗ swath overlaps bbox but all pixels cloud/land masked
  n20 20260622_0900 … ✗ swath overlaps bbox but all pixels cloud/land masked
  n20 20260622_0910 … ✗ swath overlaps bbox but all pixels cloud/land masked
  n20 20260622_0950 … ✗ swath overlaps bbox but all pixels cloud/land masked
  n20 20260622_1000 … ✗ swath overlaps bbox but all pixels cloud/land masked
  n20 20260622_1010 … ✗ swath overlaps bbox but all pixels cloud/land masked
  n20 20260622_1050 … ✗ swath overlaps bbox but all pixels cloud/land masked
  n20 20260622_1100 … ✗ swath overlaps bbox but all pixels cloud/land masked
  n20 20260622_1110 … ✗ swath overlaps bbox but all pixels cloud/land masked
  n20 20260622_1150 … ✗ swath overlaps bbox but all pixels cloud/land masked
  n20 20260622_1200 … ✗ swath overlaps bbox but all pixels cloud/land masked
  n20 20260622_1210 … ✗ swath overlaps bbox but all pixels cloud/land masked
  n20 20260622_1250 … ✗ swath overlaps bbox but all pixels cloud/land masked
  n20 20260622_1300 … ✗ swath overlaps bbox but all pixels cloud/land masked
  n20 20260622_1310 … ✗ swath overlaps bbox but all pixels cloud/land masked
  n20 20260622_1350 … ✗ swath overlaps bbox but all pixels cloud/land masked
  n20 20260622_1400 … ✗ swath overlaps bbox but all pixels cloud/land masked
  n20 20260622_1410 … ✗ swath overlaps bbox but all pixels cloud/land masked
  n20 20260622_1450 … ✗ swath overlaps bbox but all pixels cloud/land masked
  n20 20260622_1500 … ✗ swath overlaps bbox but all pixels cloud/land masked
  n20 20260622_1510 … ✗ swath overlaps bbox but all pixels cloud/land masked
  n20 20260622_1550 … ✗ swath overlaps bbox but all pixels cloud/land masked
  n20 20260622_1600 … ✗ swath overlaps bbox but all pixels cloud/land masked
  n20 20260622_1610 … ✗ swath overlaps bbox but all pixels cloud/land masked
  n20 20260622_1650 … ✗ swath overlaps bbox but all pixels cloud/land masked
  n20 20260622_1700 … ✗ swath overlaps bbox but all pixels cloud/land masked
  n20 20260622_1710 ✓ (cached)
  n20 20260622_1750 … ✗ swath overlaps bbox but all pixels cloud/land masked
  n20 20260622_1800 … ✗ swath overlaps bbox but all pixels cloud/land masked
  n20 20260622_1810 … ✗ swath overlaps bbox but all pixels cloud/land masked
  n20 20260622_1850 ✓ (cached)
  n20 20260622_1900 … ✗ swath overlaps bbox but all pixels cloud/land masked
  n20 20260622_1910 … ✗ swath overlaps bbox but all pixels cloud/land masked
  n20 20260622_1950 … ✗ swath overlaps bbox but all pixels cloud/land masked
  n20 20260622_2000 … ✗ swath overlaps bbox but all pixels cloud/land masked
  n20 20260622_2010 … ✗ swath overlaps bbox but all pixels cloud/land masked
  n20 20260622_2050 … ✗ swath overlaps bbox but all pixels cloud/land masked
  n20 20260622_2100 … ✗ swath overlaps bbox but all pixels cloud/land masked
  n20 20260622_2110 … ✗ swath overlaps bbox but all pixels cloud/land masked
  n20 20260622_2150 … ✗ swath overlaps bbox but all pixels cloud/land masked
  n20 20260622_2200 … ✗ swath overlaps bbox but all pixels cloud/land masked
  n20 20260622_2210 … ✗ swath overlaps bbox but all pixels cloud/land masked
  n20 20260622_2250 … ✗ swath overlaps bbox but all pixels cloud/land masked
  n20 20260622_2300 … ✗ swath overlaps bbox but all pixels cloud/land masked
  n20 20260622_2310 … ✗ swath overlaps bbox but all pixels cloud/land masked
  n20 20260622_2350 … ✗ swath overlaps bbox but all pixels cloud/land masked
  n20 20260623_0000 … ✗ swath overlaps bbox but all pixels cloud/land masked
  n20 20260623_0010 … ✗ swath overlaps bbox but all pixels cloud/land masked
  n20 20260623_0050 … ✗ swath overlaps bbox but all pixels cloud/land masked
  n20 20260623_0100 … ✗ swath overlaps bbox but all pixels cloud/land masked
  n20 20260623_0110 … ✗ swath overlaps bbox but all pixels cloud/land masked
  n20 20260623_0150 … ✗ swath overlaps bbox but all pixels cloud/land masked
  n20 20260623_0200 … ✗ swath overlaps bbox but all pixels cloud/land masked
  n20 20260623_0210 … ✗ swath overlaps bbox but all pixels cloud/land masked
  n20 20260623_0250 … ✗ swath overlaps bbox but all pixels cloud/land masked
  n20 20260623_0300 … ✗ swath overlaps bbox but all pixels cloud/land masked
  n20 20260623_0310 … ✗ swath overlaps bbox but all pixels cloud/land masked
  n20 20260623_0350 … ✗ swath overlaps bbox but all pixels cloud/land masked
  n20 20260623_0400 … ✗ swath overlaps bbox but all pixels cloud/land masked
  n20 20260623_0410 … ✗ swath overlaps bbox but all pixels cloud/land masked
  n20 20260623_0450 … ✗ swath overlaps bbox but all pixels cloud/land masked
  n20 20260623_0500 … ✗ swath overlaps bbox but all pixels cloud/land masked
  n20 20260623_0510 … ✗ swath overlaps bbox but all pixels cloud/land masked
  n20 20260623_0550 … ✗ swath overlaps bbox but all pixels cloud/land masked
  n20 20260623_0600 … ✗ swath overlaps bbox but all pixels cloud/land masked
  n20 20260623_0610 … ✗ swath overlaps bbox but all pixels cloud/land masked
  n20 20260623_0650 … ✗ swath overlaps bbox but all pixels cloud/land masked
  n20 20260623_0700 … ✗ swath overlaps bbox but all pixels cloud/land masked
  n20 20260623_0710 ✓ (cached)
  n20 20260623_0750 … ✗ swath overlaps bbox but all pixels cloud/land masked
  n20 20260623_0800 … ✗ swath overlaps bbox but all pixels cloud/land masked
  n20 20260623_0810 … ✗ swath overlaps bbox but all pixels cloud/land masked
  n20 20260623_0850 … ✗ swath overlaps bbox but all pixels cloud/land masked
  n20 20260623_0900 … ✗ swath overlaps bbox but all pixels cloud/land masked
  n20 20260623_0910 … ✗ swath overlaps bbox but all pixels cloud/land masked
  n20 20260623_0950 … ✗ swath overlaps bbox but all pixels cloud/land masked
  n20 20260623_1000 … ✗ swath overlaps bbox but all pixels cloud/land masked
  n20 20260623_1010 … ✗ swath overlaps bbox but all pixels cloud/land masked
  n20 20260623_1050 … ✗ swath overlaps bbox but all pixels cloud/land masked
  n20 20260623_1100 … ✗ swath overlaps bbox but all pixels cloud/land masked
  n20 20260623_1110 … ✗ swath overlaps bbox but all pixels cloud/land masked
  n20 20260623_1150 … ✗ swath overlaps bbox but all pixels cloud/land masked
  n20 20260623_1200 … ✗ swath overlaps bbox but all pixels cloud/land masked
  n20 20260623_1210 … ✗ swath overlaps bbox but all pixels cloud/land masked
  n20 20260623_1250 … ✗ swath overlaps bbox but all pixels cloud/land masked
  n20 20260623_1300 … ✗ swath overlaps bbox but all pixels cloud/land masked
  n20 20260623_1310 … ✗ swath overlaps bbox but all pixels cloud/land masked
  n20 20260623_1350 … ✗ swath overlaps bbox but all pixels cloud/land masked
  n20 20260623_1400 … ✗ swath overlaps bbox but all pixels cloud/land masked
  n20 20260623_1410 … ✗ swath overlaps bbox but all pixels cloud/land masked
  n20 20260623_1450 … ✗ swath overlaps bbox but all pixels cloud/land masked
  n20 20260623_1500 … ✗ swath overlaps bbox but all pixels cloud/land masked
  n20 20260623_1510 … ✗ swath overlaps bbox but all pixels cloud/land masked
  n20 20260623_1550 … ✗ swath overlaps bbox but all pixels cloud/land masked
  n20 20260623_1600 … ✗ swath overlaps bbox but all pixels cloud/land masked
  n20 20260623_1610 … ✗ swath overlaps bbox but all pixels cloud/land masked
  n20 20260623_1650 ✓ (cached)
  n20 20260623_1700 … ✗ swath overlaps bbox but all pixels cloud/land masked
  n20 20260623_1710 … ✗ swath overlaps bbox but all pixels cloud/land masked
  n20 20260623_1750 … ✗ swath overlaps bbox but all pixels cloud/land masked
  n20 20260623_1800 … ✗ swath overlaps bbox but all pixels cloud/land masked
  n20 20260623_1810 … ✗ swath overlaps bbox but all pixels cloud/land masked
  n20 20260623_1850 … ✗ swath overlaps bbox but all pixels cloud/land masked
  n20 20260623_1900 … ✗ swath overlaps bbox but all pixels cloud/land masked
  n20 20260623_1910 … ✗ swath overlaps bbox but all pixels cloud/land masked
  n20 20260623_1950 … ✗ swath overlaps bbox but all pixels cloud/land masked
  n20 20260623_2000 … ✗ swath overlaps bbox but all pixels cloud/land masked
  n20 20260623_2010 … ✗ swath overlaps bbox but all pixels cloud/land masked
  n20 20260623_2050 … ✗ swath overlaps bbox but all pixels cloud/land masked
  n20 20260623_2100 … ✗ swath overlaps bbox but all pixels cloud/land masked
  n20 20260623_2110 … ✗ swath overlaps bbox but all pixels cloud/land masked
  n20 20260623_2150 … ✗ swath overlaps bbox but all pixels cloud/land masked
  n20 20260623_2200 … ✗ swath overlaps bbox but all pixels cloud/land masked
  n20 20260623_2210 … ✗ swath overlaps bbox but all pixels cloud/land masked
  n20 20260623_2250 … ✗ swath overlaps bbox but all pixels cloud/land masked
  n21 20260622_0050 … ✗ swath overlaps bbox but all pixels cloud/land masked
  n21 20260622_0100 … ✗ swath overlaps bbox but all pixels cloud/land masked
  n21 20260622_0110 … ✗ swath overlaps bbox but all pixels cloud/land masked
  n21 20260622_0150 … ✗ swath overlaps bbox but all pixels cloud/land masked
  n21 20260622_0200 … ✗ swath overlaps bbox but all pixels cloud/land masked
  n21 20260622_0210 … ✗ swath overlaps bbox but all pixels cloud/land masked
  n21 20260622_0250 … ✗ swath overlaps bbox but all pixels cloud/land masked
  n21 20260622_0300 … ✗ swath overlaps bbox but all pixels cloud/land masked
  n21 20260622_0310 … ✗ swath overlaps bbox but all pixels cloud/land masked
  n21 20260622_0350 … ✗ swath overlaps bbox but all pixels cloud/land masked
  n21 20260622_0400 … ✗ swath overlaps bbox but all pixels cloud/land masked
  n21 20260622_0410 … ✗ swath overlaps bbox but all pixels cloud/land masked
  n21 20260622_0450 … ✗ swath overlaps bbox but all pixels cloud/land masked
  n21 20260622_0500 … ✗ swath overlaps bbox but all pixels cloud/land masked
  n21 20260622_0510 … ✗ swath overlaps bbox but all pixels cloud/land masked
  n21 20260622_0550 … ✗ swath overlaps bbox but all pixels cloud/land masked
  n21 20260622_0600 … ✗ swath overlaps bbox but all pixels cloud/land masked
  n21 20260622_0610 … ✗ swath overlaps bbox but all pixels cloud/land masked
  n21 20260622_0650 … ✗ swath overlaps bbox but all pixels cloud/land masked
  n21 20260622_0700 … ✗ swath overlaps bbox but all pixels cloud/land masked
  n21 20260622_0710 … ✗ swath overlaps bbox but all pixels cloud/land masked
  n21 20260622_0750 … ✗ swath overlaps bbox but all pixels cloud/land masked
  n21 20260622_0800 … ✗ swath overlaps bbox but all pixels cloud/land masked
  n21 20260622_0810 … ✗ swath overlaps bbox but all pixels cloud/land masked
  n21 20260622_0850 … ✗ swath overlaps bbox but all pixels cloud/land masked
  n21 20260622_0900 … ✗ swath overlaps bbox but all pixels cloud/land masked
  n21 20260622_0910 … ✗ swath overlaps bbox but all pixels cloud/land masked
  n21 20260622_0950 … ✗ swath overlaps bbox but all pixels cloud/land masked
  n21 20260622_1000 … ✗ swath overlaps bbox but all pixels cloud/land masked
  n21 20260622_1010 … ✗ swath overlaps bbox but all pixels cloud/land masked
  n21 20260622_1050 … ✗ swath overlaps bbox but all pixels cloud/land masked
  n21 20260622_1100 … ✗ swath overlaps bbox but all pixels cloud/land masked
  n21 20260622_1110 … ✗ swath overlaps bbox but all pixels cloud/land masked
  n21 20260622_1150 … ✗ swath overlaps bbox but all pixels cloud/land masked
  n21 20260622_1200 … ✗ swath overlaps bbox but all pixels cloud/land masked
  n21 20260622_1210 … ✗ swath overlaps bbox but all pixels cloud/land masked
  n21 20260622_1250 … ✗ swath overlaps bbox but all pixels cloud/land masked
  n21 20260622_1300 … ✗ swath overlaps bbox but all pixels cloud/land masked
  n21 20260622_1310 … ✗ swath overlaps bbox but all pixels cloud/land masked
  n21 20260622_1350 … ✗ swath overlaps bbox but all pixels cloud/land masked
  n21 20260622_1400 … ✗ swath overlaps bbox but all pixels cloud/land masked
  n21 20260622_1410 … ✗ swath overlaps bbox but all pixels cloud/land masked
  n21 20260622_1450 … ✗ swath overlaps bbox but all pixels cloud/land masked
  n21 20260622_1500 … ✗ swath overlaps bbox but all pixels cloud/land masked
  n21 20260622_1510 … ✗ swath overlaps bbox but all pixels cloud/land masked
  n21 20260622_1550 … ✗ swath overlaps bbox but all pixels cloud/land masked
  n21 20260622_1600 … ✗ swath overlaps bbox but all pixels cloud/land masked
  n21 20260622_1610 … ✗ swath overlaps bbox but all pixels cloud/land masked
  n21 20260622_1650 … ✗ swath overlaps bbox but all pixels cloud/land masked
  n21 20260622_1700 … ✗ swath overlaps bbox but all pixels cloud/land masked
  n21 20260622_1710 … ✗ swath overlaps bbox but all pixels cloud/land masked
  n21 20260622_1750 … ✗ swath overlaps bbox but all pixels cloud/land masked
  n21 20260622_1800 ✓ (cached)
  n21 20260622_1810 … ✗ swath overlaps bbox but all pixels cloud/land masked
  n21 20260622_1850 … ✗ swath overlaps bbox but all pixels cloud/land masked
  n21 20260622_1900 … ✗ swath overlaps bbox but all pixels cloud/land masked
  n21 20260622_1910 … ✗ swath overlaps bbox but all pixels cloud/land masked
  n21 20260622_1950 … ✗ swath overlaps bbox but all pixels cloud/land masked
  n21 20260622_2000 … ✗ swath overlaps bbox but all pixels cloud/land masked
  n21 20260622_2010 … ✗ swath overlaps bbox but all pixels cloud/land masked
  n21 20260622_2050 … ✗ swath overlaps bbox but all pixels cloud/land masked
  n21 20260622_2100 … ✗ swath overlaps bbox but all pixels cloud/land masked
  n21 20260622_2110 … ✗ swath overlaps bbox but all pixels cloud/land masked
  n21 20260622_2150 … ✗ swath overlaps bbox but all pixels cloud/land masked
  n21 20260622_2200 … ✗ swath overlaps bbox but all pixels cloud/land masked
  n21 20260622_2210 … ✗ swath overlaps bbox but all pixels cloud/land masked
  n21 20260622_2250 … ✗ swath overlaps bbox but all pixels cloud/land masked
  n21 20260622_2300 … ✗ swath overlaps bbox but all pixels cloud/land masked
  n21 20260622_2310 … ✗ swath overlaps bbox but all pixels cloud/land masked
  n21 20260622_2350 … ✗ swath overlaps bbox but all pixels cloud/land masked
  n21 20260623_0000 … ✗ swath overlaps bbox but all pixels cloud/land masked
  n21 20260623_0010 … ✗ swath overlaps bbox but all pixels cloud/land masked
  n21 20260623_0050 … ✗ swath overlaps bbox but all pixels cloud/land masked
  n21 20260623_0100 … ✗ swath overlaps bbox but all pixels cloud/land masked
  n21 20260623_0110 … ✗ swath overlaps bbox but all pixels cloud/land masked
  n21 20260623_0150 … ✗ swath overlaps bbox but all pixels cloud/land masked
  n21 20260623_0200 … ✗ swath overlaps bbox but all pixels cloud/land masked
  n21 20260623_0210 … ✗ swath overlaps bbox but all pixels cloud/land masked
  n21 20260623_0250 … ✗ swath overlaps bbox but all pixels cloud/land masked
  n21 20260623_0300 … ✗ swath overlaps bbox but all pixels cloud/land masked
  n21 20260623_0310 … ✗ swath overlaps bbox but all pixels cloud/land masked
  n21 20260623_0350 … ✗ swath overlaps bbox but all pixels cloud/land masked
  n21 20260623_0400 … ✗ swath overlaps bbox but all pixels cloud/land masked
  n21 20260623_0410 … ✗ swath overlaps bbox but all pixels cloud/land masked
  n21 20260623_0450 … ✗ swath overlaps bbox but all pixels cloud/land masked
  n21 20260623_0500 … ✗ swath overlaps bbox but all pixels cloud/land masked
  n21 20260623_0510 … ✗ swath overlaps bbox but all pixels cloud/land masked
  n21 20260623_0550 … ✗ swath overlaps bbox but all pixels cloud/land masked
  n21 20260623_0600 … ✗ swath overlaps bbox but all pixels cloud/land masked
  n21 20260623_0610 … ✗ swath overlaps bbox but all pixels cloud/land masked
  n21 20260623_0650 … ✗ swath overlaps bbox but all pixels cloud/land masked
  n21 20260623_0700 … ✗ swath overlaps bbox but all pixels cloud/land masked
  n21 20260623_0710 … ✗ swath overlaps bbox but all pixels cloud/land masked
  n21 20260623_0750 … ✗ swath overlaps bbox but all pixels cloud/land masked
  n21 20260623_0800 ✓ (cached)
  n21 20260623_0810 … ✗ swath overlaps bbox but all pixels cloud/land masked
  n21 20260623_0850 … ✗ swath overlaps bbox but all pixels cloud/land masked
  n21 20260623_0900 … ✗ swath overlaps bbox but all pixels cloud/land masked
  n21 20260623_0910 … ✗ swath overlaps bbox but all pixels cloud/land masked
  n21 20260623_0950 … ✗ swath overlaps bbox but all pixels cloud/land masked
  n21 20260623_1000 … ✗ swath overlaps bbox but all pixels cloud/land masked
  n21 20260623_1010 … ✗ swath overlaps bbox but all pixels cloud/land masked
  n21 20260623_1050 … ✗ swath overlaps bbox but all pixels cloud/land masked
  n21 20260623_1100 … ✗ swath overlaps bbox but all pixels cloud/land masked
  n21 20260623_1110 … ✗ swath overlaps bbox but all pixels cloud/land masked
  n21 20260623_1150 … ✗ swath overlaps bbox but all pixels cloud/land masked
  n21 20260623_1200 … ✗ swath overlaps bbox but all pixels cloud/land masked
  n21 20260623_1210 … ✗ swath overlaps bbox but all pixels cloud/land masked
  n21 20260623_1250 … ✗ swath overlaps bbox but all pixels cloud/land masked
  n21 20260623_1300 … ✗ swath overlaps bbox but all pixels cloud/land masked
  n21 20260623_1310 … ✗ swath overlaps bbox but all pixels cloud/land masked
  n21 20260623_1350 … ✗ swath overlaps bbox but all pixels cloud/land masked
  n21 20260623_1400 … ✗ swath overlaps bbox but all pixels cloud/land masked
  n21 20260623_1410 … ✗ swath overlaps bbox but all pixels cloud/land masked
  n21 20260623_1450 … ✗ swath overlaps bbox but all pixels cloud/land masked
  n21 20260623_1500 … ✗ swath overlaps bbox but all pixels cloud/land masked
  n21 20260623_1510 … ✗ swath overlaps bbox but all pixels cloud/land masked
  n21 20260623_1550 … ✗ swath overlaps bbox but all pixels cloud/land masked
  n21 20260623_1600 … ✗ swath overlaps bbox but all pixels cloud/land masked
  n21 20260623_1610 … ✗ swath overlaps bbox but all pixels cloud/land masked
  n21 20260623_1650 … ✗ swath overlaps bbox but all pixels cloud/land masked
  n21 20260623_1700 … ✗ swath overlaps bbox but all pixels cloud/land masked
  n21 20260623_1710 … ✗ swath overlaps bbox but all pixels cloud/land masked
  n21 20260623_1750 … ✗ swath overlaps bbox but all pixels cloud/land masked
  n21 20260623_1800 … ✗ swath overlaps bbox but all pixels cloud/land masked
  n21 20260623_1810 … ✗ swath overlaps bbox but all pixels cloud/land masked
  n21 20260623_1850 … ✗ swath overlaps bbox but all pixels cloud/land masked
  n21 20260623_1900 … ✗ swath overlaps bbox but all pixels cloud/land masked
  n21 20260623_1910 … ✗ swath overlaps bbox but all pixels cloud/land masked
  n21 20260623_1950 … ✗ swath overlaps bbox but all pixels cloud/land masked
  n21 20260623_2000 … ✗ swath overlaps bbox but all pixels cloud/land masked
  n21 20260623_2010 … ✗ swath overlaps bbox but all pixels cloud/land masked
  n21 20260623_2050 … ✗ swath overlaps bbox but all pixels cloud/land masked
  n21 20260623_2100 … ✗ swath overlaps bbox but all pixels cloud/land masked
  n21 20260623_2110 … ✗ swath overlaps bbox but all pixels cloud/land masked
  n21 20260623_2150 … ✗ swath overlaps bbox but all pixels cloud/land masked
  n21 20260623_2200 … ✗ swath overlaps bbox but all pixels cloud/land masked
  n21 20260623_2210 … ✗ swath overlaps bbox but all pixels cloud/land masked
  n21 20260623_2250 … ✗ swath overlaps bbox but all pixels cloud/land masked
  n21 20260623_2300 … ✗ swath overlaps bbox but all pixels cloud/land masked

  VIIRS summary: 0 written, 10 cached, 407 miss/cloud, 428 outside windows.

=========================================================
✓ Pipeline complete
=========================================================
