=========================================================
SST PIPELINE
  UTC  : 2026-05-30 09:52:14
  Bbox : 33.7–39.0°N  -78.89–-72.21°E
=========================================================

── MUR daily composite (last 5 days) ──
  MUR 20260529 (coastwatch.noaa.gov) … ✗ RuntimeError
  MUR 20260529 (coastwatch.pfeg.noaa.gov) … ✗ RuntimeError
  MUR 20260529 (upwell.pfeg.noaa.gov) … ✗ RuntimeError
  ✗ MUR 20260529 — all mirrors failed. Last: upwell.pfeg.noaa.gov: RuntimeError: 404 — no data for this date
  ✓ MUR 20260528 (cached)
  ✓ MUR 20260527 (cached)
  ✓ MUR 20260526 (cached)
  ✓ MUR 20260525 (cached)

── GOES-19 geo-polar blended daily composite ──
  Candidates: 4 (2 hosts × 2 dataset IDs)
  GOES 20260530 [noaa/noaacwBLENDEDsstDLDaily] … ✗ RuntimeError: HTTP 502: <!DOCTYPE HTML PUBLIC "-//IETF//DTD HTML 2.0//EN">
<html><head>
<title
  GOES 20260530 [noaa/noaacwBLENDEDsstDaily] … ✗ RuntimeError: HTTP 502: <!DOCTYPE HTML PUBLIC "-//IETF//DTD HTML 2.0//EN">
<html><head>
<title
  GOES 20260530 [pfeg/noaacwBLENDEDsstDLDaily] … ✗ RuntimeError: 404 — no data for this date
  GOES 20260530 [pfeg/noaacwBLENDEDsstDaily] … ✗ RuntimeError: 404 — no data for this date
  GOES 20260529 [noaa/noaacwBLENDEDsstDLDaily] … ✗ RuntimeError: HTTP 503: <!DOCTYPE HTML PUBLIC "-//IETF//DTD HTML 2.0//EN">
<html><head>
<title
  GOES 20260529 [noaa/noaacwBLENDEDsstDaily] … ✗ RuntimeError: HTTP 502: <!DOCTYPE HTML PUBLIC "-//IETF//DTD HTML 2.0//EN">
<html><head>
<title
  GOES 20260529 [pfeg/noaacwBLENDEDsstDLDaily] … ✗ RuntimeError: 404 — no data for this date
  GOES 20260529 [pfeg/noaacwBLENDEDsstDaily] … ✗ RuntimeError: 404 — no data for this date
  ✓ GOES composite 20260528 (cached)

── VIIRS multi-pass (last 48h — NPP/N20/N21) ──
  ✓ VIIRS NRT base: https://www.star.nesdis.noaa.gov/pub/socd2/coastwatch/sst/nrt/viirs
  Hourly windows : 48
  Window range   : 2026-05-28 10:50Z → 2026-05-30 10:10Z
  Half-width     : ±10 min per bucket
  npp 20260528_1050 … ✗ swath overlaps bbox but all pixels cloud/land masked
  npp 20260528_1100 … ✗ swath overlaps bbox but all pixels cloud/land masked
  npp 20260528_1110 … ✗ swath overlaps bbox but all pixels cloud/land masked
  npp 20260528_1150 … ✗ swath overlaps bbox but all pixels cloud/land masked
  npp 20260528_1200 … ✗ swath overlaps bbox but all pixels cloud/land masked
  npp 20260528_1210 … ✗ swath overlaps bbox but all pixels cloud/land masked
  npp 20260528_1250 … ✗ swath overlaps bbox but all pixels cloud/land masked
  npp 20260528_1300 … ✗ swath overlaps bbox but all pixels cloud/land masked
  npp 20260528_1310 … ✗ swath overlaps bbox but all pixels cloud/land masked
  npp 20260528_1350 … ✗ swath overlaps bbox but all pixels cloud/land masked
  npp 20260528_1400 … ✗ swath overlaps bbox but all pixels cloud/land masked
  npp 20260528_1410 … ✗ swath overlaps bbox but all pixels cloud/land masked
  npp 20260528_1450 … ✗ swath overlaps bbox but all pixels cloud/land masked
  npp 20260528_1500 … ✗ swath overlaps bbox but all pixels cloud/land masked
  npp 20260528_1510 … ✗ swath overlaps bbox but all pixels cloud/land masked
  npp 20260528_1550 … ✗ swath overlaps bbox but all pixels cloud/land masked
  npp 20260528_1600 … ✗ swath overlaps bbox but all pixels cloud/land masked
  npp 20260528_1610 … ✗ swath overlaps bbox but all pixels cloud/land masked
  npp 20260528_1650 … ✗ swath overlaps bbox but all pixels cloud/land masked
  npp 20260528_1700 … ✗ swath overlaps bbox but all pixels cloud/land masked
  npp 20260528_1710 … ✗ swath overlaps bbox but all pixels cloud/land masked
  npp 20260528_1750 … ✗ swath overlaps bbox but all pixels cloud/land masked
  npp 20260528_1800 ✓ (cached)
  npp 20260528_1810 … ✗ swath overlaps bbox but all pixels cloud/land masked
  npp 20260528_1850 … ✗ swath overlaps bbox but all pixels cloud/land masked
  npp 20260528_1900 … ✗ swath overlaps bbox but all pixels cloud/land masked
  npp 20260528_1910 … ✗ swath overlaps bbox but all pixels cloud/land masked
  npp 20260528_1950 … ✗ swath overlaps bbox but all pixels cloud/land masked
  npp 20260528_2000 … ✗ swath overlaps bbox but all pixels cloud/land masked
  npp 20260528_2010 … ✗ swath overlaps bbox but all pixels cloud/land masked
  npp 20260528_2050 … ✗ swath overlaps bbox but all pixels cloud/land masked
  npp 20260528_2100 … ✗ swath overlaps bbox but all pixels cloud/land masked
  npp 20260528_2110 … ✗ swath overlaps bbox but all pixels cloud/land masked
  npp 20260528_2150 … ✗ swath overlaps bbox but all pixels cloud/land masked
  npp 20260528_2200 … ✗ swath overlaps bbox but all pixels cloud/land masked
  npp 20260528_2210 … ✗ swath overlaps bbox but all pixels cloud/land masked
  npp 20260528_2250 … ✗ swath overlaps bbox but all pixels cloud/land masked
  npp 20260528_2300 … ✗ swath overlaps bbox but all pixels cloud/land masked
  npp 20260528_2310 … ✗ swath overlaps bbox but all pixels cloud/land masked
  npp 20260528_2350 … ✗ swath overlaps bbox but all pixels cloud/land masked
  npp 20260529_0000 … ✗ swath overlaps bbox but all pixels cloud/land masked
  npp 20260529_0010 … ✗ swath overlaps bbox but all pixels cloud/land masked
  npp 20260529_0050 … ✗ swath overlaps bbox but all pixels cloud/land masked
  npp 20260529_0100 … ✗ swath overlaps bbox but all pixels cloud/land masked
  npp 20260529_0110 … ✗ swath overlaps bbox but all pixels cloud/land masked
  npp 20260529_0150 … ✗ swath overlaps bbox but all pixels cloud/land masked
  npp 20260529_0200 … ✗ swath overlaps bbox but all pixels cloud/land masked
  npp 20260529_0210 … ✗ swath overlaps bbox but all pixels cloud/land masked
  npp 20260529_0250 … ✗ swath overlaps bbox but all pixels cloud/land masked
  npp 20260529_0300 … ✗ swath overlaps bbox but all pixels cloud/land masked
  npp 20260529_0310 … ✗ swath overlaps bbox but all pixels cloud/land masked
  npp 20260529_0350 … ✗ swath overlaps bbox but all pixels cloud/land masked
  npp 20260529_0400 … ✗ swath overlaps bbox but all pixels cloud/land masked
  npp 20260529_0410 … ✗ swath overlaps bbox but all pixels cloud/land masked
  npp 20260529_0450 … ✗ swath overlaps bbox but all pixels cloud/land masked
  npp 20260529_0500 … ✗ swath overlaps bbox but all pixels cloud/land masked
  npp 20260529_0510 … ✗ swath overlaps bbox but all pixels cloud/land masked
  npp 20260529_0550 … ✗ swath overlaps bbox but all pixels cloud/land masked
  npp 20260529_0600 … ✗ swath overlaps bbox but all pixels cloud/land masked
  npp 20260529_0610 … ✗ swath overlaps bbox but all pixels cloud/land masked
  npp 20260529_0650 … ✗ swath overlaps bbox but all pixels cloud/land masked
  npp 20260529_0700 … ✗ swath overlaps bbox but all pixels cloud/land masked
  npp 20260529_0710 … ✗ swath overlaps bbox but all pixels cloud/land masked
  npp 20260529_0750 … ✗ swath overlaps bbox but all pixels cloud/land masked
  npp 20260529_0800 ✓ (cached)
  npp 20260529_0810 … ✗ swath overlaps bbox but all pixels cloud/land masked
  npp 20260529_0850 … ✗ swath overlaps bbox but all pixels cloud/land masked
  npp 20260529_0900 … ✗ swath overlaps bbox but all pixels cloud/land masked
  npp 20260529_0910 … ✗ swath overlaps bbox but all pixels cloud/land masked
  npp 20260529_0950 … ✗ swath overlaps bbox but all pixels cloud/land masked
  npp 20260529_1000 … ✗ swath overlaps bbox but all pixels cloud/land masked
  npp 20260529_1010 … ✗ swath overlaps bbox but all pixels cloud/land masked
  npp 20260529_1050 … ✗ swath overlaps bbox but all pixels cloud/land masked
  npp 20260529_1100 … ✗ swath overlaps bbox but all pixels cloud/land masked
  npp 20260529_1110 … ✗ swath overlaps bbox but all pixels cloud/land masked
  npp 20260529_1150 … ✗ swath overlaps bbox but all pixels cloud/land masked
  npp 20260529_1200 … ✗ swath overlaps bbox but all pixels cloud/land masked
  npp 20260529_1210 … ✗ swath overlaps bbox but all pixels cloud/land masked
  npp 20260529_1250 … ✗ swath overlaps bbox but all pixels cloud/land masked
  npp 20260529_1300 … ✗ swath overlaps bbox but all pixels cloud/land masked
  npp 20260529_1310 … ✗ swath overlaps bbox but all pixels cloud/land masked
  npp 20260529_1350 … ✗ swath overlaps bbox but all pixels cloud/land masked
  npp 20260529_1400 … ✗ swath overlaps bbox but all pixels cloud/land masked
  npp 20260529_1410 … ✗ swath overlaps bbox but all pixels cloud/land masked
  npp 20260529_1450 … ✗ swath overlaps bbox but all pixels cloud/land masked
  npp 20260529_1500 … ✗ swath overlaps bbox but all pixels cloud/land masked
  npp 20260529_1510 … ✗ swath overlaps bbox but all pixels cloud/land masked
  npp 20260529_1550 … ✗ swath overlaps bbox but all pixels cloud/land masked
  npp 20260529_1600 … ✗ swath overlaps bbox but all pixels cloud/land masked
  npp 20260529_1610 … ✗ swath overlaps bbox but all pixels cloud/land masked
  npp 20260529_1650 … ✗ swath overlaps bbox but all pixels cloud/land masked
  npp 20260529_1700 … ✗ swath overlaps bbox but all pixels cloud/land masked
  npp 20260529_1710 … ✗ swath overlaps bbox but all pixels cloud/land masked
  npp 20260529_1750 … ✗ swath overlaps bbox but all pixels cloud/land masked
  npp 20260529_1800 … ✗ swath overlaps bbox but all pixels cloud/land masked
  npp 20260529_1810 … ✗ swath overlaps bbox but all pixels cloud/land masked
  npp 20260529_1850 … ✗ swath overlaps bbox but all pixels cloud/land masked
  npp 20260529_1900 … ✗ swath overlaps bbox but all pixels cloud/land masked
  npp 20260529_1910 … ✗ swath overlaps bbox but all pixels cloud/land masked
  npp 20260529_1950 … ✗ swath overlaps bbox but all pixels cloud/land masked
  npp 20260529_2000 … ✗ swath overlaps bbox but all pixels cloud/land masked
  npp 20260529_2010 … ✗ swath overlaps bbox but all pixels cloud/land masked
  npp 20260529_2050 … ✗ swath overlaps bbox but all pixels cloud/land masked
  npp 20260529_2100 … ✗ swath overlaps bbox but all pixels cloud/land masked
  npp 20260529_2110 … ✗ swath overlaps bbox but all pixels cloud/land masked
  npp 20260529_2150 … ✗ swath overlaps bbox but all pixels cloud/land masked
  npp 20260529_2200 … ✗ swath overlaps bbox but all pixels cloud/land masked
  npp 20260529_2210 … ✗ swath overlaps bbox but all pixels cloud/land masked
  npp 20260529_2250 … ✗ swath overlaps bbox but all pixels cloud/land masked
  npp 20260529_2300 … ✗ swath overlaps bbox but all pixels cloud/land masked
  npp 20260529_2310 … ✗ swath overlaps bbox but all pixels cloud/land masked
  npp 20260529_2350 … ✗ swath overlaps bbox but all pixels cloud/land masked
  npp 20260530_0000 … ✗ swath overlaps bbox but all pixels cloud/land masked
  npp 20260530_0010 … ✗ swath overlaps bbox but all pixels cloud/land masked
  npp 20260530_0050 … ✗ swath overlaps bbox but all pixels cloud/land masked
  npp 20260530_0100 … ✗ swath overlaps bbox but all pixels cloud/land masked
  npp 20260530_0110 … ✗ swath overlaps bbox but all pixels cloud/land masked
  npp 20260530_0150 … ✗ swath overlaps bbox but all pixels cloud/land masked
  npp 20260530_0200 … ✗ swath overlaps bbox but all pixels cloud/land masked
  npp 20260530_0210 … ✗ swath overlaps bbox but all pixels cloud/land masked
  npp 20260530_0250 … ✗ swath overlaps bbox but all pixels cloud/land masked
  npp 20260530_0300 … ✗ swath overlaps bbox but all pixels cloud/land masked
  npp 20260530_0310 … ✗ swath overlaps bbox but all pixels cloud/land masked
  npp 20260530_0350 … ✗ swath overlaps bbox but all pixels cloud/land masked
  npp 20260530_0400 … ✗ swath overlaps bbox but all pixels cloud/land masked
  npp 20260530_0410 … ✗ swath overlaps bbox but all pixels cloud/land masked
  npp 20260530_0450 … ✗ swath overlaps bbox but all pixels cloud/land masked
  npp 20260530_0500 … ✗ swath overlaps bbox but all pixels cloud/land masked
  npp 20260530_0510 … ✗ swath overlaps bbox but all pixels cloud/land masked
  npp 20260530_0550 … ✗ swath overlaps bbox but all pixels cloud/land masked
  npp 20260530_0600 …   → DailySSTData/VIIRS/Passes/viirs_npp_20260530_0600.csv  (7715 pts, 220 lats × 242 lons)
  npp 20260530_0610 … ✗ swath overlaps bbox but all pixels cloud/land masked
  npp 20260530_0650 … ✗ swath overlaps bbox but all pixels cloud/land masked
  npp 20260530_0700 … ✗ swath overlaps bbox but all pixels cloud/land masked
  npp 20260530_0710 … ✗ swath overlaps bbox but all pixels cloud/land masked
  npp 20260530_0750 … ✗ swath overlaps bbox but all pixels cloud/land masked
  npp 20260530_0800 … ✗ swath overlaps bbox but all pixels cloud/land masked
  npp 20260530_0810 … ✗ swath overlaps bbox but all pixels cloud/land masked
  npp 20260530_0850 … ✗ swath overlaps bbox but all pixels cloud/land masked
  n20 20260528_1050 … ✗ swath overlaps bbox but all pixels cloud/land masked
  n20 20260528_1100 … ✗ swath overlaps bbox but all pixels cloud/land masked
  n20 20260528_1110 … ✗ swath overlaps bbox but all pixels cloud/land masked
  n20 20260528_1150 … ✗ swath overlaps bbox but all pixels cloud/land masked
  n20 20260528_1200 … ✗ swath overlaps bbox but all pixels cloud/land masked
  n20 20260528_1210 … ✗ swath overlaps bbox but all pixels cloud/land masked
  n20 20260528_1250 … ✗ swath overlaps bbox but all pixels cloud/land masked
  n20 20260528_1300 … ✗ swath overlaps bbox but all pixels cloud/land masked
  n20 20260528_1310 … ✗ swath overlaps bbox but all pixels cloud/land masked
  n20 20260528_1350 … ✗ swath overlaps bbox but all pixels cloud/land masked
  n20 20260528_1400 … ✗ swath overlaps bbox but all pixels cloud/land masked
  n20 20260528_1410 … ✗ swath overlaps bbox but all pixels cloud/land masked
  n20 20260528_1450 … ✗ swath overlaps bbox but all pixels cloud/land masked
  n20 20260528_1500 … ✗ swath overlaps bbox but all pixels cloud/land masked
  n20 20260528_1510 … ✗ swath overlaps bbox but all pixels cloud/land masked
  n20 20260528_1550 … ✗ swath overlaps bbox but all pixels cloud/land masked
  n20 20260528_1600 … ✗ swath overlaps bbox but all pixels cloud/land masked
  n20 20260528_1610 … ✗ swath overlaps bbox but all pixels cloud/land masked
  n20 20260528_1650 … ✗ swath overlaps bbox but all pixels cloud/land masked
  n20 20260528_1700 … ✗ swath overlaps bbox but all pixels cloud/land masked
  n20 20260528_1710 … ✗ swath overlaps bbox but all pixels cloud/land masked
  n20 20260528_1750 … ✗ swath overlaps bbox but all pixels cloud/land masked
  n20 20260528_1800 … ✗ swath overlaps bbox but all pixels cloud/land masked
  n20 20260528_1810 … ✗ swath overlaps bbox but all pixels cloud/land masked
  n20 20260528_1850 … ✗ swath overlaps bbox but all pixels cloud/land masked
  n20 20260528_1900 … ✗ swath overlaps bbox but all pixels cloud/land masked
  n20 20260528_1910 … ✗ swath overlaps bbox but all pixels cloud/land masked
  n20 20260528_1950 … ✗ swath overlaps bbox but all pixels cloud/land masked
  n20 20260528_2000 … ✗ swath overlaps bbox but all pixels cloud/land masked
  n20 20260528_2010 … ✗ swath overlaps bbox but all pixels cloud/land masked
  n20 20260528_2050 … ✗ swath overlaps bbox but all pixels cloud/land masked
  n20 20260528_2100 … ✗ swath overlaps bbox but all pixels cloud/land masked
  n20 20260528_2110 … ✗ swath overlaps bbox but all pixels cloud/land masked
  n20 20260528_2150 … ✗ swath overlaps bbox but all pixels cloud/land masked
  n20 20260528_2200 … ✗ swath overlaps bbox but all pixels cloud/land masked
  n20 20260528_2210 … ✗ swath overlaps bbox but all pixels cloud/land masked
  n20 20260528_2250 … ✗ swath overlaps bbox but all pixels cloud/land masked
  n20 20260528_2300 … ✗ swath overlaps bbox but all pixels cloud/land masked
  n20 20260528_2310 … ✗ swath overlaps bbox but all pixels cloud/land masked
  n20 20260528_2350 … ✗ swath overlaps bbox but all pixels cloud/land masked
  n20 20260529_0000 … ✗ swath overlaps bbox but all pixels cloud/land masked
  n20 20260529_0010 … ✗ swath overlaps bbox but all pixels cloud/land masked
  n20 20260529_0050 … ✗ swath overlaps bbox but all pixels cloud/land masked
  n20 20260529_0100 … ✗ swath overlaps bbox but all pixels cloud/land masked
  n20 20260529_0110 … ✗ swath overlaps bbox but all pixels cloud/land masked
  n20 20260529_0150 … ✗ swath overlaps bbox but all pixels cloud/land masked
  n20 20260529_0200 … ✗ swath overlaps bbox but all pixels cloud/land masked
  n20 20260529_0210 … ✗ swath overlaps bbox but all pixels cloud/land masked
  n20 20260529_0250 … ✗ swath overlaps bbox but all pixels cloud/land masked
  n20 20260529_0300 … ✗ swath overlaps bbox but all pixels cloud/land masked
  n20 20260529_0310 … ✗ swath overlaps bbox but all pixels cloud/land masked
  n20 20260529_0350 … ✗ swath overlaps bbox but all pixels cloud/land masked
  n20 20260529_0400 … ✗ swath overlaps bbox but all pixels cloud/land masked
  n20 20260529_0410 … ✗ swath overlaps bbox but all pixels cloud/land masked
  n20 20260529_0450 … ✗ swath overlaps bbox but all pixels cloud/land masked
  n20 20260529_0500 … ✗ swath overlaps bbox but all pixels cloud/land masked
  n20 20260529_0510 … ✗ swath overlaps bbox but all pixels cloud/land masked
  n20 20260529_0550 … ✗ swath overlaps bbox but all pixels cloud/land masked
  n20 20260529_0600 … ✗ swath overlaps bbox but all pixels cloud/land masked
  n20 20260529_0610 … ✗ swath overlaps bbox but all pixels cloud/land masked
  n20 20260529_0650 … ✗ swath overlaps bbox but all pixels cloud/land masked
  n20 20260529_0700 … ✗ swath overlaps bbox but all pixels cloud/land masked
  n20 20260529_0710 … ✗ swath overlaps bbox but all pixels cloud/land masked
  n20 20260529_0750 … ✗ swath overlaps bbox but all pixels cloud/land masked
  n20 20260529_0800 … ✗ swath overlaps bbox but all pixels cloud/land masked
  n20 20260529_0810 … ✗ swath overlaps bbox but all pixels cloud/land masked
  n20 20260529_0850 … ✗ swath overlaps bbox but all pixels cloud/land masked
  n20 20260529_0900 … ✗ swath overlaps bbox but all pixels cloud/land masked
  n20 20260529_0910 … ✗ swath overlaps bbox but all pixels cloud/land masked
  n20 20260529_0950 … ✗ swath overlaps bbox but all pixels cloud/land masked
  n20 20260529_1000 … ✗ swath overlaps bbox but all pixels cloud/land masked
  n20 20260529_1010 … ✗ swath overlaps bbox but all pixels cloud/land masked
  n20 20260529_1050 … ✗ swath overlaps bbox but all pixels cloud/land masked
  n20 20260529_1100 … ✗ swath overlaps bbox but all pixels cloud/land masked
  n20 20260529_1110 … ✗ swath overlaps bbox but all pixels cloud/land masked
  n20 20260529_1150 … ✗ swath overlaps bbox but all pixels cloud/land masked
  n20 20260529_1200 … ✗ swath overlaps bbox but all pixels cloud/land masked
  n20 20260529_1210 … ✗ swath overlaps bbox but all pixels cloud/land masked
  n20 20260529_1250 … ✗ swath overlaps bbox but all pixels cloud/land masked
  n20 20260529_1300 … ✗ swath overlaps bbox but all pixels cloud/land masked
  n20 20260529_1310 … ✗ swath overlaps bbox but all pixels cloud/land masked
  n20 20260529_1350 … ✗ swath overlaps bbox but all pixels cloud/land masked
  n20 20260529_1400 … ✗ swath overlaps bbox but all pixels cloud/land masked
  n20 20260529_1410 … ✗ swath overlaps bbox but all pixels cloud/land masked
  n20 20260529_1450 … ✗ swath overlaps bbox but all pixels cloud/land masked
  n20 20260529_1500 … ✗ swath overlaps bbox but all pixels cloud/land masked
  n20 20260529_1510 … ✗ swath overlaps bbox but all pixels cloud/land masked
  n20 20260529_1550 … ✗ swath overlaps bbox but all pixels cloud/land masked
  n20 20260529_1600 … ✗ swath overlaps bbox but all pixels cloud/land masked
  n20 20260529_1610 … ✗ swath overlaps bbox but all pixels cloud/land masked
  n20 20260529_1650 … ✗ swath overlaps bbox but all pixels cloud/land masked
  n20 20260529_1700 … ✗ swath overlaps bbox but all pixels cloud/land masked
  n20 20260529_1710 … ✗ swath overlaps bbox but all pixels cloud/land masked
  n20 20260529_1750 … ✗ swath overlaps bbox but all pixels cloud/land masked
  n20 20260529_1800 ✓ (cached)
  n20 20260529_1810 … ✗ swath overlaps bbox but all pixels cloud/land masked
  n20 20260529_1850 … ✗ swath overlaps bbox but all pixels cloud/land masked
  n20 20260529_1900 … ✗ swath overlaps bbox but all pixels cloud/land masked
  n20 20260529_1910 … ✗ swath overlaps bbox but all pixels cloud/land masked
  n20 20260529_1950 … ✗ swath overlaps bbox but all pixels cloud/land masked
  n20 20260529_2000 … ✗ swath overlaps bbox but all pixels cloud/land masked
  n20 20260529_2010 … ✗ swath overlaps bbox but all pixels cloud/land masked
  n20 20260529_2050 … ✗ swath overlaps bbox but all pixels cloud/land masked
  n20 20260529_2100 … ✗ swath overlaps bbox but all pixels cloud/land masked
  n20 20260529_2110 … ✗ swath overlaps bbox but all pixels cloud/land masked
  n20 20260529_2150 … ✗ swath overlaps bbox but all pixels cloud/land masked
  n20 20260529_2200 … ✗ swath overlaps bbox but all pixels cloud/land masked
  n20 20260529_2210 … ✗ swath overlaps bbox but all pixels cloud/land masked
  n20 20260529_2250 … ✗ swath overlaps bbox but all pixels cloud/land masked
  n20 20260529_2300 … ✗ swath overlaps bbox but all pixels cloud/land masked
  n20 20260529_2310 … ✗ swath overlaps bbox but all pixels cloud/land masked
  n20 20260529_2350 … ✗ swath overlaps bbox but all pixels cloud/land masked
  n20 20260530_0000 … ✗ swath overlaps bbox but all pixels cloud/land masked
  n20 20260530_0010 … ✗ swath overlaps bbox but all pixels cloud/land masked
  n20 20260530_0050 … ✗ swath overlaps bbox but all pixels cloud/land masked
  n20 20260530_0100 … ✗ swath overlaps bbox but all pixels cloud/land masked
  n20 20260530_0110 … ✗ swath overlaps bbox but all pixels cloud/land masked
  n20 20260530_0150 … ✗ swath overlaps bbox but all pixels cloud/land masked
  n20 20260530_0200 … ✗ swath overlaps bbox but all pixels cloud/land masked
  n20 20260530_0210 … ✗ swath overlaps bbox but all pixels cloud/land masked
  n20 20260530_0250 … ✗ swath overlaps bbox but all pixels cloud/land masked
  n20 20260530_0300 … ✗ swath overlaps bbox but all pixels cloud/land masked
  n20 20260530_0310 … ✗ swath overlaps bbox but all pixels cloud/land masked
  n20 20260530_0350 … ✗ swath overlaps bbox but all pixels cloud/land masked
  n20 20260530_0400 … ✗ swath overlaps bbox but all pixels cloud/land masked
  n20 20260530_0410 … ✗ swath overlaps bbox but all pixels cloud/land masked
  n20 20260530_0450 … ✗ swath overlaps bbox but all pixels cloud/land masked
  n20 20260530_0500 … ✗ swath overlaps bbox but all pixels cloud/land masked
  n20 20260530_0510 … ✗ swath overlaps bbox but all pixels cloud/land masked
  n20 20260530_0550 … ✗ swath overlaps bbox but all pixels cloud/land masked
  n20 20260530_0600 … ✗ swath overlaps bbox but all pixels cloud/land masked
  n20 20260530_0610 … ✗ swath overlaps bbox but all pixels cloud/land masked
  n20 20260530_0650 … ✗ swath overlaps bbox but all pixels cloud/land masked
  n20 20260530_0700 … ✗ swath overlaps bbox but all pixels cloud/land masked
  n20 20260530_0710 … ✗ swath overlaps bbox but all pixels cloud/land masked
  n20 20260530_0750 … ✗ swath overlaps bbox but all pixels cloud/land masked
  n20 20260530_0800 …   → DailySSTData/VIIRS/Passes/viirs_n20_20260530_0800.csv  (1804 pts, 108 lats × 160 lons)
  n20 20260530_0810 … ✗ swath overlaps bbox but all pixels cloud/land masked
  n20 20260530_0850 … ✗ swath overlaps bbox but all pixels cloud/land masked
  n20 20260530_0910 … ✗ swath overlaps bbox but all pixels cloud/land masked
  n21 20260528_1050 … ✗ swath overlaps bbox but all pixels cloud/land masked
  n21 20260528_1100 … ✗ swath overlaps bbox but all pixels cloud/land masked
  n21 20260528_1110 … ✗ swath overlaps bbox but all pixels cloud/land masked
  n21 20260528_1150 … ✗ swath overlaps bbox but all pixels cloud/land masked
  n21 20260528_1200 … ✗ swath overlaps bbox but all pixels cloud/land masked
  n21 20260528_1210 … ✗ swath overlaps bbox but all pixels cloud/land masked
  n21 20260528_1250 … ✗ swath overlaps bbox but all pixels cloud/land masked
  n21 20260528_1300 … ✗ swath overlaps bbox but all pixels cloud/land masked
  n21 20260528_1310 … ✗ swath overlaps bbox but all pixels cloud/land masked
  n21 20260528_1350 … ✗ swath overlaps bbox but all pixels cloud/land masked
  n21 20260528_1400 … ✗ swath overlaps bbox but all pixels cloud/land masked
  n21 20260528_1410 … ✗ swath overlaps bbox but all pixels cloud/land masked
  n21 20260528_1450 … ✗ swath overlaps bbox but all pixels cloud/land masked
  n21 20260528_1500 … ✗ swath overlaps bbox but all pixels cloud/land masked
  n21 20260528_1510 … ✗ swath overlaps bbox but all pixels cloud/land masked
  n21 20260528_1550 … ✗ swath overlaps bbox but all pixels cloud/land masked
  n21 20260528_1600 … ✗ swath overlaps bbox but all pixels cloud/land masked
  n21 20260528_1610 … ✗ swath overlaps bbox but all pixels cloud/land masked
  n21 20260528_1650 … ✗ swath overlaps bbox but all pixels cloud/land masked
  n21 20260528_1700 … ✗ swath overlaps bbox but all pixels cloud/land masked
  n21 20260528_1710 … ✗ swath overlaps bbox but all pixels cloud/land masked
  n21 20260528_1750 … ✗ swath overlaps bbox but all pixels cloud/land masked
  n21 20260528_1800 … ✗ swath overlaps bbox but all pixels cloud/land masked
  n21 20260528_1810 … ✗ swath overlaps bbox but all pixels cloud/land masked
  n21 20260528_1850 … ✗ swath overlaps bbox but all pixels cloud/land masked
  n21 20260528_1900 ✓ (cached)
  n21 20260528_1910 ✓ (cached)
  n21 20260528_1950 … ✗ swath overlaps bbox but all pixels cloud/land masked
  n21 20260528_2000 … ✗ swath overlaps bbox but all pixels cloud/land masked
  n21 20260528_2010 … ✗ swath overlaps bbox but all pixels cloud/land masked
  n21 20260528_2050 … ✗ swath overlaps bbox but all pixels cloud/land masked
  n21 20260528_2100 … ✗ swath overlaps bbox but all pixels cloud/land masked
  n21 20260528_2110 … ✗ swath overlaps bbox but all pixels cloud/land masked
  n21 20260528_2150 … ✗ swath overlaps bbox but all pixels cloud/land masked
  n21 20260528_2200 … ✗ swath overlaps bbox but all pixels cloud/land masked
  n21 20260528_2210 … ✗ swath overlaps bbox but all pixels cloud/land masked
  n21 20260528_2250 … ✗ swath overlaps bbox but all pixels cloud/land masked
  n21 20260528_2300 … ✗ swath overlaps bbox but all pixels cloud/land masked
  n21 20260528_2310 … ✗ swath overlaps bbox but all pixels cloud/land masked
  n21 20260528_2350 … ✗ swath overlaps bbox but all pixels cloud/land masked
  n21 20260529_0000 … ✗ swath overlaps bbox but all pixels cloud/land masked
  n21 20260529_0010 … ✗ swath overlaps bbox but all pixels cloud/land masked
  n21 20260529_0050 … ✗ swath overlaps bbox but all pixels cloud/land masked
  n21 20260529_0100 … ✗ swath overlaps bbox but all pixels cloud/land masked
  n21 20260529_0110 … ✗ swath overlaps bbox but all pixels cloud/land masked
  n21 20260529_0150 … ✗ swath overlaps bbox but all pixels cloud/land masked
  n21 20260529_0200 … ✗ swath overlaps bbox but all pixels cloud/land masked
  n21 20260529_0210 … ✗ swath overlaps bbox but all pixels cloud/land masked
  n21 20260529_0250 … ✗ swath overlaps bbox but all pixels cloud/land masked
  n21 20260529_0300 … ✗ swath overlaps bbox but all pixels cloud/land masked
  n21 20260529_0310 … ✗ swath overlaps bbox but all pixels cloud/land masked
  n21 20260529_0350 … ✗ swath overlaps bbox but all pixels cloud/land masked
  n21 20260529_0400 … ✗ swath overlaps bbox but all pixels cloud/land masked
  n21 20260529_0410 … ✗ swath overlaps bbox but all pixels cloud/land masked
  n21 20260529_0450 … ✗ swath overlaps bbox but all pixels cloud/land masked
  n21 20260529_0500 … ✗ swath overlaps bbox but all pixels cloud/land masked
  n21 20260529_0510 … ✗ swath overlaps bbox but all pixels cloud/land masked
  n21 20260529_0550 ✓ (cached)
  n21 20260529_0600 … ✗ swath overlaps bbox but all pixels cloud/land masked
  n21 20260529_0610 … ✗ swath overlaps bbox but all pixels cloud/land masked
  n21 20260529_0650 … ✗ swath overlaps bbox but all pixels cloud/land masked
  n21 20260529_0700 … ✗ swath overlaps bbox but all pixels cloud/land masked
  n21 20260529_0710 … ✗ swath overlaps bbox but all pixels cloud/land masked
  n21 20260529_0750 … ✗ swath overlaps bbox but all pixels cloud/land masked
  n21 20260529_0800 … ✗ swath overlaps bbox but all pixels cloud/land masked
  n21 20260529_0810 … ✗ swath overlaps bbox but all pixels cloud/land masked
  n21 20260529_0850 … ✗ swath overlaps bbox but all pixels cloud/land masked
  n21 20260529_0900 … ✗ swath overlaps bbox but all pixels cloud/land masked
  n21 20260529_0910 … ✗ swath overlaps bbox but all pixels cloud/land masked
  n21 20260529_0950 … ✗ swath overlaps bbox but all pixels cloud/land masked
  n21 20260529_1000 … ✗ swath overlaps bbox but all pixels cloud/land masked
  n21 20260529_1010 … ✗ swath overlaps bbox but all pixels cloud/land masked
  n21 20260529_1050 … ✗ swath overlaps bbox but all pixels cloud/land masked
  n21 20260529_1100 … ✗ swath overlaps bbox but all pixels cloud/land masked
  n21 20260529_1110 … ✗ swath overlaps bbox but all pixels cloud/land masked
  n21 20260529_1150 … ✗ swath overlaps bbox but all pixels cloud/land masked
  n21 20260529_1200 … ✗ swath overlaps bbox but all pixels cloud/land masked
  n21 20260529_1210 … ✗ swath overlaps bbox but all pixels cloud/land masked
  n21 20260529_1250 … ✗ swath overlaps bbox but all pixels cloud/land masked
  n21 20260529_1300 … ✗ swath overlaps bbox but all pixels cloud/land masked
  n21 20260529_1310 … ✗ swath overlaps bbox but all pixels cloud/land masked
  n21 20260529_1350 … ✗ swath overlaps bbox but all pixels cloud/land masked
  n21 20260529_1400 … ✗ swath overlaps bbox but all pixels cloud/land masked
  n21 20260529_1410 … ✗ swath overlaps bbox but all pixels cloud/land masked
  n21 20260529_1450 … ✗ swath overlaps bbox but all pixels cloud/land masked
  n21 20260529_1500 … ✗ swath overlaps bbox but all pixels cloud/land masked
  n21 20260529_1510 … ✗ swath overlaps bbox but all pixels cloud/land masked
  n21 20260529_1550 … ✗ swath overlaps bbox but all pixels cloud/land masked
  n21 20260529_1600 … ✗ swath overlaps bbox but all pixels cloud/land masked
  n21 20260529_1610 … ✗ swath overlaps bbox but all pixels cloud/land masked
  n21 20260529_1650 … ✗ swath overlaps bbox but all pixels cloud/land masked
  n21 20260529_1700 … ✗ swath overlaps bbox but all pixels cloud/land masked
  n21 20260529_1710 ✓ (cached)
  n21 20260529_1750 … ✗ swath overlaps bbox but all pixels cloud/land masked
  n21 20260529_1800 … ✗ swath overlaps bbox but all pixels cloud/land masked
  n21 20260529_1810 … ✗ swath overlaps bbox but all pixels cloud/land masked
  n21 20260529_1850 ✓ (cached)
  n21 20260529_1900 … ✗ swath overlaps bbox but all pixels cloud/land masked
  n21 20260529_1910 … ✗ swath overlaps bbox but all pixels cloud/land masked
  n21 20260529_1950 … ✗ swath overlaps bbox but all pixels cloud/land masked
  n21 20260529_2000 … ✗ swath overlaps bbox but all pixels cloud/land masked
  n21 20260529_2010 … ✗ swath overlaps bbox but all pixels cloud/land masked
  n21 20260529_2050 … ✗ swath overlaps bbox but all pixels cloud/land masked
  n21 20260529_2100 … ✗ swath overlaps bbox but all pixels cloud/land masked
  n21 20260529_2110 … ✗ swath overlaps bbox but all pixels cloud/land masked
  n21 20260529_2150 … ✗ swath overlaps bbox but all pixels cloud/land masked
  n21 20260529_2200 … ✗ swath overlaps bbox but all pixels cloud/land masked
  n21 20260529_2210 … ✗ swath overlaps bbox but all pixels cloud/land masked
  n21 20260529_2250 … ✗ swath overlaps bbox but all pixels cloud/land masked
  n21 20260529_2300 … ✗ swath overlaps bbox but all pixels cloud/land masked
  n21 20260529_2310 … ✗ swath overlaps bbox but all pixels cloud/land masked
  n21 20260529_2350 … ✗ swath overlaps bbox but all pixels cloud/land masked
  ⚠ dir listing failed n21 2026/150: HTTPSConnectionPool(host='www.star.nesdis.noaa.gov', port=443): Read timed out. (read timeout=30)

  VIIRS summary: 2 written, 8 cached, 381 miss/cloud, 583 outside windows.

=========================================================
✓ Pipeline complete
=========================================================
