=========================================================
SST PIPELINE
  UTC  : 2026-05-31 13:17:39
  Bbox : 33.7–39.0°N  -78.89–-72.21°E
=========================================================

── MUR daily composite (last 5 days) ──
  MUR 20260530 (coastwatch.noaa.gov) … ✗ RuntimeError
  MUR 20260530 (coastwatch.pfeg.noaa.gov) … ✗ RuntimeError
  MUR 20260530 (upwell.pfeg.noaa.gov) … ✗ RuntimeError
  ✗ MUR 20260530 — all mirrors failed. Last: upwell.pfeg.noaa.gov: RuntimeError: 403 Forbidden — blacklisted: Error {
    code=403;
    message="Forbidden: Access Forbidden -- Your IP address is on thi
  ✓ MUR 20260529 (cached)
  ✓ MUR 20260528 (cached)
  ✓ MUR 20260527 (cached)
  ✓ MUR 20260526 (cached)

── GOES-19 geo-polar blended daily composite ──
  Candidates: 4 (2 hosts × 2 dataset IDs)
  GOES 20260531 [noaa/noaacwBLENDEDsstDLDaily] … ✗ RuntimeError: 404 — no data for this date
  GOES 20260531 [noaa/noaacwBLENDEDsstDaily] … ✗ RuntimeError: 404 — no data for this date
  GOES 20260531 [pfeg/noaacwBLENDEDsstDLDaily] … skipped (host blacklisted)
  GOES 20260531 [pfeg/noaacwBLENDEDsstDaily] … skipped (host blacklisted)
  GOES 20260530 [noaa/noaacwBLENDEDsstDLDaily] … ✗ RuntimeError: 404 — no data for this date
  GOES 20260530 [noaa/noaacwBLENDEDsstDaily] … ✗ RuntimeError: 404 — no data for this date
  GOES 20260530 [pfeg/noaacwBLENDEDsstDLDaily] … skipped (host blacklisted)
  GOES 20260530 [pfeg/noaacwBLENDEDsstDaily] … skipped (host blacklisted)
  ✓ GOES composite 20260529 (cached)

── VIIRS multi-pass (last 48h — NPP/N20/N21) ──
  ✓ VIIRS NRT base: https://www.star.nesdis.noaa.gov/pub/socd2/coastwatch/sst/nrt/viirs
  Hourly windows : 48
  Window range   : 2026-05-29 13:50Z → 2026-05-31 13:10Z
  Half-width     : ±10 min per bucket
  npp 20260529_1350 … ✗ swath overlaps bbox but all pixels cloud/land masked
  npp 20260529_1400 … ✗ swath overlaps bbox but all pixels cloud/land masked
  npp 20260529_1410 … ✗ swath overlaps bbox but all pixels cloud/land masked
  npp 20260529_1450 … ✗ swath overlaps bbox but all pixels cloud/land masked
  npp 20260529_1500 … ✗ swath overlaps bbox but all pixels cloud/land masked
  npp 20260529_1510 … ✗ swath overlaps bbox but all pixels cloud/land masked
  npp 20260529_1550 … ✗ swath overlaps bbox but all pixels cloud/land masked
  npp 20260529_1600 … ✗ swath overlaps bbox but all pixels cloud/land masked
  npp 20260529_1610 … ✗ swath overlaps bbox but all pixels cloud/land masked
  npp 20260529_1650 … ✗ swath overlaps bbox but all pixels cloud/land masked
  npp 20260529_1700 … ✗ swath overlaps bbox but all pixels cloud/land masked
  npp 20260529_1710 … ✗ swath overlaps bbox but all pixels cloud/land masked
  npp 20260529_1750 … ✗ swath overlaps bbox but all pixels cloud/land masked
  npp 20260529_1800 … ✗ swath overlaps bbox but all pixels cloud/land masked
  npp 20260529_1810 … ✗ swath overlaps bbox but all pixels cloud/land masked
  npp 20260529_1850 … ✗ swath overlaps bbox but all pixels cloud/land masked
  npp 20260529_1900 … ✗ swath overlaps bbox but all pixels cloud/land masked
  npp 20260529_1910 … ✗ swath overlaps bbox but all pixels cloud/land masked
  npp 20260529_1950 … ✗ swath overlaps bbox but all pixels cloud/land masked
  npp 20260529_2000 … ✗ swath overlaps bbox but all pixels cloud/land masked
  npp 20260529_2010 … ✗ swath overlaps bbox but all pixels cloud/land masked
  npp 20260529_2050 … ✗ swath overlaps bbox but all pixels cloud/land masked
  npp 20260529_2100 … ✗ swath overlaps bbox but all pixels cloud/land masked
  npp 20260529_2110 … ✗ swath overlaps bbox but all pixels cloud/land masked
  npp 20260529_2150 … ✗ swath overlaps bbox but all pixels cloud/land masked
  npp 20260529_2200 … ✗ swath overlaps bbox but all pixels cloud/land masked
  npp 20260529_2210 … ✗ swath overlaps bbox but all pixels cloud/land masked
  npp 20260529_2250 … ✗ swath overlaps bbox but all pixels cloud/land masked
  npp 20260529_2300 … ✗ swath overlaps bbox but all pixels cloud/land masked
  npp 20260529_2310 … ✗ swath overlaps bbox but all pixels cloud/land masked
  npp 20260529_2350 … ✗ swath overlaps bbox but all pixels cloud/land masked
  npp 20260530_0000 … ✗ swath overlaps bbox but all pixels cloud/land masked
  npp 20260530_0010 … ✗ swath overlaps bbox but all pixels cloud/land masked
  npp 20260530_0050 … ✗ swath overlaps bbox but all pixels cloud/land masked
  npp 20260530_0100 … ✗ swath overlaps bbox but all pixels cloud/land masked
  npp 20260530_0110 … ✗ swath overlaps bbox but all pixels cloud/land masked
  npp 20260530_0150 … ✗ swath overlaps bbox but all pixels cloud/land masked
  npp 20260530_0200 … ✗ swath overlaps bbox but all pixels cloud/land masked
  npp 20260530_0210 … ✗ swath overlaps bbox but all pixels cloud/land masked
  npp 20260530_0250 … ✗ swath overlaps bbox but all pixels cloud/land masked
  npp 20260530_0300 … ✗ swath overlaps bbox but all pixels cloud/land masked
  npp 20260530_0310 … ✗ swath overlaps bbox but all pixels cloud/land masked
  npp 20260530_0350 … ✗ swath overlaps bbox but all pixels cloud/land masked
  npp 20260530_0400 … ✗ swath overlaps bbox but all pixels cloud/land masked
  npp 20260530_0410 … ✗ swath overlaps bbox but all pixels cloud/land masked
  npp 20260530_0450 … ✗ swath overlaps bbox but all pixels cloud/land masked
  npp 20260530_0500 … ✗ swath overlaps bbox but all pixels cloud/land masked
  npp 20260530_0510 … ✗ swath overlaps bbox but all pixels cloud/land masked
  npp 20260530_0550 … ✗ swath overlaps bbox but all pixels cloud/land masked
  npp 20260530_0600 ✓ (cached)
  npp 20260530_0610 … ✗ swath overlaps bbox but all pixels cloud/land masked
  npp 20260530_0650 … ✗ swath overlaps bbox but all pixels cloud/land masked
  npp 20260530_0700 … ✗ swath overlaps bbox but all pixels cloud/land masked
  npp 20260530_0710 … ✗ swath overlaps bbox but all pixels cloud/land masked
  npp 20260530_0750 … ✗ swath overlaps bbox but all pixels cloud/land masked
  npp 20260530_0800 … ✗ swath overlaps bbox but all pixels cloud/land masked
  npp 20260530_0810 … ✗ swath overlaps bbox but all pixels cloud/land masked
  npp 20260530_0850 … ✗ swath overlaps bbox but all pixels cloud/land masked
  npp 20260530_0900 … ✗ swath overlaps bbox but all pixels cloud/land masked
  npp 20260530_0910 … ✗ swath overlaps bbox but all pixels cloud/land masked
  npp 20260530_0950 … ✗ swath overlaps bbox but all pixels cloud/land masked
  npp 20260530_1000 … ✗ swath overlaps bbox but all pixels cloud/land masked
  npp 20260530_1010 … ✗ swath overlaps bbox but all pixels cloud/land masked
  npp 20260530_1050 … ✗ swath overlaps bbox but all pixels cloud/land masked
  npp 20260530_1100 … ✗ swath overlaps bbox but all pixels cloud/land masked
  npp 20260530_1110 … ✗ swath overlaps bbox but all pixels cloud/land masked
  npp 20260530_1150 … ✗ swath overlaps bbox but all pixels cloud/land masked
  npp 20260530_1200 … ✗ swath overlaps bbox but all pixels cloud/land masked
  npp 20260530_1210 … ✗ swath overlaps bbox but all pixels cloud/land masked
  npp 20260530_1250 … ✗ swath overlaps bbox but all pixels cloud/land masked
  npp 20260530_1300 … ✗ swath overlaps bbox but all pixels cloud/land masked
  npp 20260530_1310 … ✗ swath overlaps bbox but all pixels cloud/land masked
  npp 20260530_1350 … ✗ swath overlaps bbox but all pixels cloud/land masked
  npp 20260530_1400 … ✗ swath overlaps bbox but all pixels cloud/land masked
  npp 20260530_1410 … ✗ swath overlaps bbox but all pixels cloud/land masked
  npp 20260530_1450 … ✗ swath overlaps bbox but all pixels cloud/land masked
  npp 20260530_1500 … ✗ swath overlaps bbox but all pixels cloud/land masked
  npp 20260530_1510 … ✗ swath overlaps bbox but all pixels cloud/land masked
  npp 20260530_1550 … ✗ swath overlaps bbox but all pixels cloud/land masked
  npp 20260530_1600 … ✗ swath overlaps bbox but all pixels cloud/land masked
  npp 20260530_1610 … ✗ swath overlaps bbox but all pixels cloud/land masked
  npp 20260530_1650 … ✗ swath overlaps bbox but all pixels cloud/land masked
  npp 20260530_1700 … ✗ swath overlaps bbox but all pixels cloud/land masked
  npp 20260530_1710 … ✗ swath overlaps bbox but all pixels cloud/land masked
  npp 20260530_1750 … ✗ swath overlaps bbox but all pixels cloud/land masked
  npp 20260530_1800 … ✗ swath overlaps bbox but all pixels cloud/land masked
  npp 20260530_1810 … ✗ swath overlaps bbox but all pixels cloud/land masked
  npp 20260530_1850 … ✗ swath overlaps bbox but all pixels cloud/land masked
  npp 20260530_1900 ✓ (cached)
  npp 20260530_1910 … ✗ swath overlaps bbox but all pixels cloud/land masked
  npp 20260530_1950 … ✗ swath overlaps bbox but all pixels cloud/land masked
  npp 20260530_2000 … ✗ swath overlaps bbox but all pixels cloud/land masked
  npp 20260530_2010 … ✗ swath overlaps bbox but all pixels cloud/land masked
  npp 20260530_2050 … ✗ swath overlaps bbox but all pixels cloud/land masked
  npp 20260530_2100 … ✗ swath overlaps bbox but all pixels cloud/land masked
  npp 20260530_2110 … ✗ swath overlaps bbox but all pixels cloud/land masked
  npp 20260530_2150 … ✗ swath overlaps bbox but all pixels cloud/land masked
  npp 20260530_2200 … ✗ swath overlaps bbox but all pixels cloud/land masked
  npp 20260530_2210 … ✗ swath overlaps bbox but all pixels cloud/land masked
  npp 20260530_2250 … ✗ swath overlaps bbox but all pixels cloud/land masked
  npp 20260530_2300 … ✗ swath overlaps bbox but all pixels cloud/land masked
  npp 20260530_2310 … ✗ swath overlaps bbox but all pixels cloud/land masked
  npp 20260530_2350 … ✗ swath overlaps bbox but all pixels cloud/land masked
  npp 20260531_0000 … ✗ swath overlaps bbox but all pixels cloud/land masked
  npp 20260531_0010 … ✗ swath overlaps bbox but all pixels cloud/land masked
  npp 20260531_0050 … ✗ swath overlaps bbox but all pixels cloud/land masked
  npp 20260531_0100 … ✗ swath overlaps bbox but all pixels cloud/land masked
  npp 20260531_0110 … ✗ swath overlaps bbox but all pixels cloud/land masked
  npp 20260531_0150 … ✗ swath overlaps bbox but all pixels cloud/land masked
  npp 20260531_0200 … ✗ swath overlaps bbox but all pixels cloud/land masked
  npp 20260531_0210 … ✗ swath overlaps bbox but all pixels cloud/land masked
  npp 20260531_0250 … ✗ swath overlaps bbox but all pixels cloud/land masked
  npp 20260531_0300 … ✗ swath overlaps bbox but all pixels cloud/land masked
  npp 20260531_0310 … ✗ swath overlaps bbox but all pixels cloud/land masked
  npp 20260531_0350 … ✗ swath overlaps bbox but all pixels cloud/land masked
  npp 20260531_0400 … ✗ swath overlaps bbox but all pixels cloud/land masked
  npp 20260531_0410 … ✗ swath overlaps bbox but all pixels cloud/land masked
  npp 20260531_0450 … ✗ swath overlaps bbox but all pixels cloud/land masked
  npp 20260531_0500 … ✗ swath overlaps bbox but all pixels cloud/land masked
  npp 20260531_0510 … ✗ swath overlaps bbox but all pixels cloud/land masked
  npp 20260531_0550 … ✗ swath overlaps bbox but all pixels cloud/land masked
  npp 20260531_0600 … ✗ swath overlaps bbox but all pixels cloud/land masked
  npp 20260531_0610 … ✗ swath overlaps bbox but all pixels cloud/land masked
  npp 20260531_0650 … ✗ swath overlaps bbox but all pixels cloud/land masked
  npp 20260531_0700 … ✗ swath overlaps bbox but all pixels cloud/land masked
  npp 20260531_0710 … ✗ swath overlaps bbox but all pixels cloud/land masked
  npp 20260531_0750 … ✗ swath overlaps bbox but all pixels cloud/land masked
  npp 20260531_0800 … ✗ swath overlaps bbox but all pixels cloud/land masked
  npp 20260531_0810 … ✗ swath overlaps bbox but all pixels cloud/land masked
  npp 20260531_0850 … ✗ swath overlaps bbox but all pixels cloud/land masked
  npp 20260531_0900 … ✗ swath overlaps bbox but all pixels cloud/land masked
  npp 20260531_0910 … ✗ swath overlaps bbox but all pixels cloud/land masked
  npp 20260531_0950 … ✗ swath overlaps bbox but all pixels cloud/land masked
  npp 20260531_1000 … ✗ swath overlaps bbox but all pixels cloud/land masked
  npp 20260531_1010 … ✗ swath overlaps bbox but all pixels cloud/land masked
  npp 20260531_1050 … ✗ swath overlaps bbox but all pixels cloud/land masked
  npp 20260531_1100 … ✗ swath overlaps bbox but all pixels cloud/land masked
  npp 20260531_1110 … ✗ swath overlaps bbox but all pixels cloud/land masked
  npp 20260531_1150 … ✗ swath overlaps bbox but all pixels cloud/land masked
  npp 20260531_1200 … ✗ swath overlaps bbox but all pixels cloud/land masked
  n20 20260529_1350 … ✗ swath overlaps bbox but all pixels cloud/land masked
  n20 20260529_1400 … ✗ swath overlaps bbox but all pixels cloud/land masked
  n20 20260529_1410 … ✗ swath overlaps bbox but all pixels cloud/land masked
  n20 20260529_1450 … ✗ swath overlaps bbox but all pixels cloud/land masked
  n20 20260529_1500 … ✗ swath overlaps bbox but all pixels cloud/land masked
  n20 20260529_1510 … ✗ swath overlaps bbox but all pixels cloud/land masked
  n20 20260529_1550 … ✗ swath overlaps bbox but all pixels cloud/land masked
  n20 20260529_1600 … ✗ swath overlaps bbox but all pixels cloud/land masked
  n20 20260529_1610 … ✗ swath overlaps bbox but all pixels cloud/land masked
  n20 20260529_1650 … ✗ swath overlaps bbox but all pixels cloud/land masked
  n20 20260529_1700 … ✗ swath overlaps bbox but all pixels cloud/land masked
  n20 20260529_1710 … ✗ swath overlaps bbox but all pixels cloud/land masked
  n20 20260529_1750 … ✗ swath overlaps bbox but all pixels cloud/land masked
  n20 20260529_1800 ✓ (cached)
  n20 20260529_1810 … ✗ swath overlaps bbox but all pixels cloud/land masked
  n20 20260529_1850 … ✗ swath overlaps bbox but all pixels cloud/land masked
  n20 20260529_1900 … ✗ swath overlaps bbox but all pixels cloud/land masked
  n20 20260529_1910 … ✗ swath overlaps bbox but all pixels cloud/land masked
  n20 20260529_1950 … ✗ swath overlaps bbox but all pixels cloud/land masked
  n20 20260529_2000 … ✗ swath overlaps bbox but all pixels cloud/land masked
  n20 20260529_2010 … ✗ swath overlaps bbox but all pixels cloud/land masked
  n20 20260529_2050 … ✗ swath overlaps bbox but all pixels cloud/land masked
  n20 20260529_2100 … ✗ swath overlaps bbox but all pixels cloud/land masked
  n20 20260529_2110 … ✗ swath overlaps bbox but all pixels cloud/land masked
  n20 20260529_2150 … ✗ swath overlaps bbox but all pixels cloud/land masked
  n20 20260529_2200 … ✗ swath overlaps bbox but all pixels cloud/land masked
  n20 20260529_2210 … ✗ swath overlaps bbox but all pixels cloud/land masked
  n20 20260529_2250 … ✗ swath overlaps bbox but all pixels cloud/land masked
  n20 20260529_2300 … ✗ swath overlaps bbox but all pixels cloud/land masked
  n20 20260529_2310 … ✗ swath overlaps bbox but all pixels cloud/land masked
  n20 20260529_2350 … ✗ swath overlaps bbox but all pixels cloud/land masked
  n20 20260530_0000 … ✗ swath overlaps bbox but all pixels cloud/land masked
  n20 20260530_0010 … ✗ swath overlaps bbox but all pixels cloud/land masked
  n20 20260530_0050 … ✗ swath overlaps bbox but all pixels cloud/land masked
  n20 20260530_0100 … ✗ swath overlaps bbox but all pixels cloud/land masked
  n20 20260530_0110 … ✗ swath overlaps bbox but all pixels cloud/land masked
  n20 20260530_0150 … ✗ swath overlaps bbox but all pixels cloud/land masked
  n20 20260530_0200 … ✗ swath overlaps bbox but all pixels cloud/land masked
  n20 20260530_0210 … ✗ swath overlaps bbox but all pixels cloud/land masked
  n20 20260530_0250 … ✗ swath overlaps bbox but all pixels cloud/land masked
  n20 20260530_0300 … ✗ swath overlaps bbox but all pixels cloud/land masked
  n20 20260530_0310 … ✗ swath overlaps bbox but all pixels cloud/land masked
  n20 20260530_0350 … ✗ swath overlaps bbox but all pixels cloud/land masked
  n20 20260530_0400 … ✗ swath overlaps bbox but all pixels cloud/land masked
  n20 20260530_0410 … ✗ swath overlaps bbox but all pixels cloud/land masked
  n20 20260530_0450 … ✗ swath overlaps bbox but all pixels cloud/land masked
  n20 20260530_0500 … ✗ swath overlaps bbox but all pixels cloud/land masked
  n20 20260530_0510 … ✗ swath overlaps bbox but all pixels cloud/land masked
  n20 20260530_0550 … ✗ swath overlaps bbox but all pixels cloud/land masked
  n20 20260530_0600 … ✗ swath overlaps bbox but all pixels cloud/land masked
  n20 20260530_0610 … ✗ swath overlaps bbox but all pixels cloud/land masked
  n20 20260530_0650 … ✗ swath overlaps bbox but all pixels cloud/land masked
  n20 20260530_0700 … ✗ swath overlaps bbox but all pixels cloud/land masked
  n20 20260530_0710 … ✗ swath overlaps bbox but all pixels cloud/land masked
  n20 20260530_0750 … ✗ swath overlaps bbox but all pixels cloud/land masked
  n20 20260530_0800 ✓ (cached)
  n20 20260530_0810 … ✗ swath overlaps bbox but all pixels cloud/land masked
  n20 20260530_0850 … ✗ swath overlaps bbox but all pixels cloud/land masked
  n20 20260530_0900 … ✗ swath overlaps bbox but all pixels cloud/land masked
  n20 20260530_0910 … ✗ swath overlaps bbox but all pixels cloud/land masked
  n20 20260530_0950 … ✗ swath overlaps bbox but all pixels cloud/land masked
  n20 20260530_1000 … ✗ swath overlaps bbox but all pixels cloud/land masked
  n20 20260530_1010 … ✗ swath overlaps bbox but all pixels cloud/land masked
  n20 20260530_1050 … ✗ swath overlaps bbox but all pixels cloud/land masked
  n20 20260530_1100 … ✗ swath overlaps bbox but all pixels cloud/land masked
  n20 20260530_1110 … ✗ swath overlaps bbox but all pixels cloud/land masked
  n20 20260530_1150 … ✗ swath overlaps bbox but all pixels cloud/land masked
  n20 20260530_1200 … ✗ swath overlaps bbox but all pixels cloud/land masked
  n20 20260530_1210 … ✗ swath overlaps bbox but all pixels cloud/land masked
  n20 20260530_1250 … ✗ swath overlaps bbox but all pixels cloud/land masked
  n20 20260530_1300 … ✗ swath overlaps bbox but all pixels cloud/land masked
  n20 20260530_1310 … ✗ swath overlaps bbox but all pixels cloud/land masked
  n20 20260530_1350 … ✗ swath overlaps bbox but all pixels cloud/land masked
  n20 20260530_1400 … ✗ swath overlaps bbox but all pixels cloud/land masked
  n20 20260530_1410 … ✗ swath overlaps bbox but all pixels cloud/land masked
  n20 20260530_1450 … ✗ swath overlaps bbox but all pixels cloud/land masked
  n20 20260530_1500 … ✗ swath overlaps bbox but all pixels cloud/land masked
  n20 20260530_1510 … ✗ swath overlaps bbox but all pixels cloud/land masked
  n20 20260530_1550 … ✗ swath overlaps bbox but all pixels cloud/land masked
  n20 20260530_1600 … ✗ swath overlaps bbox but all pixels cloud/land masked
  n20 20260530_1610 … ✗ swath overlaps bbox but all pixels cloud/land masked
  n20 20260530_1650 … ✗ swath overlaps bbox but all pixels cloud/land masked
  n20 20260530_1700 … ✗ swath overlaps bbox but all pixels cloud/land masked
  n20 20260530_1710 … ✗ swath overlaps bbox but all pixels cloud/land masked
  n20 20260530_1750 … ✗ swath overlaps bbox but all pixels cloud/land masked
  n20 20260530_1800 … ✗ swath overlaps bbox but all pixels cloud/land masked
  n20 20260530_1810 … ✗ swath overlaps bbox but all pixels cloud/land masked
  n20 20260530_1850 … ✗ swath overlaps bbox but all pixels cloud/land masked
  n20 20260530_1900 … ✗ swath overlaps bbox but all pixels cloud/land masked
  n20 20260530_1910 … ✗ swath overlaps bbox but all pixels cloud/land masked
  n20 20260530_1950 … ✗ swath overlaps bbox but all pixels cloud/land masked
  n20 20260530_2000 … ✗ swath overlaps bbox but all pixels cloud/land masked
  n20 20260530_2010 … ✗ swath overlaps bbox but all pixels cloud/land masked
  n20 20260530_2050 … ✗ swath overlaps bbox but all pixels cloud/land masked
  n20 20260530_2100 … ✗ swath overlaps bbox but all pixels cloud/land masked
  n20 20260530_2110 … ✗ swath overlaps bbox but all pixels cloud/land masked
  n20 20260530_2150 … ✗ swath overlaps bbox but all pixels cloud/land masked
  n20 20260530_2200 … ✗ swath overlaps bbox but all pixels cloud/land masked
  n20 20260530_2210 … ✗ swath overlaps bbox but all pixels cloud/land masked
  n20 20260530_2250 … ✗ swath overlaps bbox but all pixels cloud/land masked
  n20 20260530_2300 … ✗ swath overlaps bbox but all pixels cloud/land masked
  n20 20260530_2310 … ✗ swath overlaps bbox but all pixels cloud/land masked
  n20 20260530_2350 … ✗ swath overlaps bbox but all pixels cloud/land masked
  n20 20260531_0000 … ✗ swath overlaps bbox but all pixels cloud/land masked
  n20 20260531_0010 … ✗ swath overlaps bbox but all pixels cloud/land masked
  n20 20260531_0050 … ✗ swath overlaps bbox but all pixels cloud/land masked
  n20 20260531_0100 … ✗ swath overlaps bbox but all pixels cloud/land masked
  n20 20260531_0110 … ✗ swath overlaps bbox but all pixels cloud/land masked
  n20 20260531_0150 … ✗ swath overlaps bbox but all pixels cloud/land masked
  n20 20260531_0200 … ✗ swath overlaps bbox but all pixels cloud/land masked
  n20 20260531_0210 … ✗ swath overlaps bbox but all pixels cloud/land masked
  n20 20260531_0250 … ✗ swath overlaps bbox but all pixels cloud/land masked
  n20 20260531_0300 … ✗ swath overlaps bbox but all pixels cloud/land masked
  n20 20260531_0310 … ✗ swath overlaps bbox but all pixels cloud/land masked
  n20 20260531_0350 … ✗ swath overlaps bbox but all pixels cloud/land masked
  n20 20260531_0400 … ✗ swath overlaps bbox but all pixels cloud/land masked
  n20 20260531_0410 … ✗ swath overlaps bbox but all pixels cloud/land masked
  n20 20260531_0450 … ✗ swath overlaps bbox but all pixels cloud/land masked
  n20 20260531_0500 … ✗ swath overlaps bbox but all pixels cloud/land masked
  n20 20260531_0510 … ✗ swath overlaps bbox but all pixels cloud/land masked
  n20 20260531_0550 … ✗ swath overlaps bbox but all pixels cloud/land masked
  n20 20260531_0600 ✓ (cached)
  n20 20260531_0610 … ✗ swath overlaps bbox but all pixels cloud/land masked
  n20 20260531_0650 … ✗ swath overlaps bbox but all pixels cloud/land masked
  n20 20260531_0700 … ✗ swath overlaps bbox but all pixels cloud/land masked
  n20 20260531_0710 … ✗ swath overlaps bbox but all pixels cloud/land masked
  n20 20260531_0750 … ✗ swath overlaps bbox but all pixels cloud/land masked
  n20 20260531_0800 … ✗ swath overlaps bbox but all pixels cloud/land masked
  n20 20260531_0810 … ✗ swath overlaps bbox but all pixels cloud/land masked
  n20 20260531_0850 … ✗ swath overlaps bbox but all pixels cloud/land masked
  n20 20260531_0900 … ✗ swath overlaps bbox but all pixels cloud/land masked
  n20 20260531_0910 … ✗ swath overlaps bbox but all pixels cloud/land masked
  n20 20260531_0950 … ✗ swath overlaps bbox but all pixels cloud/land masked
  n20 20260531_1000 … ✗ swath overlaps bbox but all pixels cloud/land masked
  n20 20260531_1010 … ✗ swath overlaps bbox but all pixels cloud/land masked
  n20 20260531_1050 … ✗ swath overlaps bbox but all pixels cloud/land masked
  n20 20260531_1100 … ✗ swath overlaps bbox but all pixels cloud/land masked
  n20 20260531_1110 … ✗ swath overlaps bbox but all pixels cloud/land masked
  n20 20260531_1150 … ✗ swath overlaps bbox but all pixels cloud/land masked
  n20 20260531_1200 … ✗ swath overlaps bbox but all pixels cloud/land masked
  n20 20260531_1210 … ✗ swath overlaps bbox but all pixels cloud/land masked
  n21 20260529_1350 … ✗ swath overlaps bbox but all pixels cloud/land masked
  n21 20260529_1400 … ✗ swath overlaps bbox but all pixels cloud/land masked
  n21 20260529_1410 … ✗ swath overlaps bbox but all pixels cloud/land masked
  n21 20260529_1450 … ✗ swath overlaps bbox but all pixels cloud/land masked
  n21 20260529_1500 … ✗ swath overlaps bbox but all pixels cloud/land masked
  n21 20260529_1510 … ✗ swath overlaps bbox but all pixels cloud/land masked
  n21 20260529_1550 … ✗ swath overlaps bbox but all pixels cloud/land masked
  n21 20260529_1600 … ✗ swath overlaps bbox but all pixels cloud/land masked
  n21 20260529_1610 … ✗ swath overlaps bbox but all pixels cloud/land masked
  n21 20260529_1650 … ✗ swath overlaps bbox but all pixels cloud/land masked
  n21 20260529_1700 … ✗ swath overlaps bbox but all pixels cloud/land masked
  n21 20260529_1710 ✓ (cached)
  n21 20260529_1750 … ✗ swath overlaps bbox but all pixels cloud/land masked
  n21 20260529_1800 … ✗ swath overlaps bbox but all pixels cloud/land masked
  n21 20260529_1810 … ✗ swath overlaps bbox but all pixels cloud/land masked
  n21 20260529_1850 ✓ (cached)
  n21 20260529_1900 … ✗ swath overlaps bbox but all pixels cloud/land masked
  n21 20260529_1910 … ✗ swath overlaps bbox but all pixels cloud/land masked
  n21 20260529_1950 … ✗ swath overlaps bbox but all pixels cloud/land masked
  n21 20260529_2000 … ✗ swath overlaps bbox but all pixels cloud/land masked
  n21 20260529_2010 … ✗ swath overlaps bbox but all pixels cloud/land masked
  n21 20260529_2050 … ✗ swath overlaps bbox but all pixels cloud/land masked
  n21 20260529_2100 … ✗ swath overlaps bbox but all pixels cloud/land masked
  n21 20260529_2110 … ✗ swath overlaps bbox but all pixels cloud/land masked
  n21 20260529_2150 … ✗ swath overlaps bbox but all pixels cloud/land masked
  n21 20260529_2200 … ✗ swath overlaps bbox but all pixels cloud/land masked
  n21 20260529_2210 … ✗ swath overlaps bbox but all pixels cloud/land masked
  n21 20260529_2250 … ✗ swath overlaps bbox but all pixels cloud/land masked
  n21 20260529_2300 … ✗ swath overlaps bbox but all pixels cloud/land masked
  n21 20260529_2310 … ✗ swath overlaps bbox but all pixels cloud/land masked
  n21 20260529_2350 … ✗ swath overlaps bbox but all pixels cloud/land masked
  n21 20260530_0000 … ✗ swath overlaps bbox but all pixels cloud/land masked
  n21 20260530_0010 … ✗ swath overlaps bbox but all pixels cloud/land masked
  n21 20260530_0050 … ✗ swath overlaps bbox but all pixels cloud/land masked
  n21 20260530_0100 … ✗ swath overlaps bbox but all pixels cloud/land masked
  n21 20260530_0110 … ✗ swath overlaps bbox but all pixels cloud/land masked
  n21 20260530_0150 … ✗ swath overlaps bbox but all pixels cloud/land masked
  n21 20260530_0200 … ✗ swath overlaps bbox but all pixels cloud/land masked
  n21 20260530_0210 … ✗ swath overlaps bbox but all pixels cloud/land masked
  n21 20260530_0250 … ✗ swath overlaps bbox but all pixels cloud/land masked
  n21 20260530_0300 … ✗ swath overlaps bbox but all pixels cloud/land masked
  n21 20260530_0310 … ✗ swath overlaps bbox but all pixels cloud/land masked
  n21 20260530_0350 … ✗ swath overlaps bbox but all pixels cloud/land masked
  n21 20260530_0400 … ✗ swath overlaps bbox but all pixels cloud/land masked
  n21 20260530_0410 … ✗ swath overlaps bbox but all pixels cloud/land masked
  n21 20260530_0450 … ✗ swath overlaps bbox but all pixels cloud/land masked
  n21 20260530_0500 … ✗ swath overlaps bbox but all pixels cloud/land masked
  n21 20260530_0510 … ✗ swath overlaps bbox but all pixels cloud/land masked
  n21 20260530_0550 … ✗ swath overlaps bbox but all pixels cloud/land masked
  n21 20260530_0600 … ✗ swath overlaps bbox but all pixels cloud/land masked
  n21 20260530_0610 … ✗ swath overlaps bbox but all pixels cloud/land masked
  n21 20260530_0650 … ✗ swath overlaps bbox but all pixels cloud/land masked
  n21 20260530_0700 … ✗ swath overlaps bbox but all pixels cloud/land masked
  n21 20260530_0710 ✓ (cached)
  n21 20260530_0750 … ✗ swath overlaps bbox but all pixels cloud/land masked
  n21 20260530_0800 … ✗ swath overlaps bbox but all pixels cloud/land masked
  n21 20260530_0810 … ✗ swath overlaps bbox but all pixels cloud/land masked
  n21 20260530_0850 … ✗ swath overlaps bbox but all pixels cloud/land masked
  n21 20260530_0900 … ✗ swath overlaps bbox but all pixels cloud/land masked
  n21 20260530_0910 … ✗ swath overlaps bbox but all pixels cloud/land masked
  n21 20260530_0950 … ✗ swath overlaps bbox but all pixels cloud/land masked
  n21 20260530_1000 … ✗ swath overlaps bbox but all pixels cloud/land masked
  n21 20260530_1010 … ✗ swath overlaps bbox but all pixels cloud/land masked
  n21 20260530_1050 … ✗ swath overlaps bbox but all pixels cloud/land masked
  n21 20260530_1100 … ✗ swath overlaps bbox but all pixels cloud/land masked
  n21 20260530_1110 … ✗ swath overlaps bbox but all pixels cloud/land masked
  n21 20260530_1150 … ✗ swath overlaps bbox but all pixels cloud/land masked
  n21 20260530_1200 … ✗ swath overlaps bbox but all pixels cloud/land masked
  n21 20260530_1210 … ✗ swath overlaps bbox but all pixels cloud/land masked
  n21 20260530_1250 … ✗ swath overlaps bbox but all pixels cloud/land masked
  n21 20260530_1300 … ✗ swath overlaps bbox but all pixels cloud/land masked
  n21 20260530_1310 … ✗ swath overlaps bbox but all pixels cloud/land masked
  n21 20260530_1350 … ✗ swath overlaps bbox but all pixels cloud/land masked
  n21 20260530_1400 … ✗ swath overlaps bbox but all pixels cloud/land masked
  n21 20260530_1410 … ✗ swath overlaps bbox but all pixels cloud/land masked
  n21 20260530_1450 … ✗ swath overlaps bbox but all pixels cloud/land masked
  n21 20260530_1500 … ✗ swath overlaps bbox but all pixels cloud/land masked
  n21 20260530_1510 … ✗ swath overlaps bbox but all pixels cloud/land masked
  n21 20260530_1550 … ✗ swath overlaps bbox but all pixels cloud/land masked
  n21 20260530_1600 … ✗ swath overlaps bbox but all pixels cloud/land masked
  n21 20260530_1610 … ✗ swath overlaps bbox but all pixels cloud/land masked
  n21 20260530_1650 ✓ (cached)
  n21 20260530_1700 … ✗ swath overlaps bbox but all pixels cloud/land masked
  n21 20260530_1710 … ✗ swath overlaps bbox but all pixels cloud/land masked
  n21 20260530_1750 … ✗ swath overlaps bbox but all pixels cloud/land masked
  n21 20260530_1800 … ✗ swath overlaps bbox but all pixels cloud/land masked
  n21 20260530_1810 … ✗ swath overlaps bbox but all pixels cloud/land masked
  n21 20260530_1850 … ✗ swath overlaps bbox but all pixels cloud/land masked
  n21 20260530_1900 … ✗ swath overlaps bbox but all pixels cloud/land masked
  n21 20260530_1910 … ✗ swath overlaps bbox but all pixels cloud/land masked
  n21 20260530_1950 … ✗ swath overlaps bbox but all pixels cloud/land masked
  n21 20260530_2000 … ✗ swath overlaps bbox but all pixels cloud/land masked
  n21 20260530_2010 … ✗ swath overlaps bbox but all pixels cloud/land masked
  n21 20260530_2050 … ✗ swath overlaps bbox but all pixels cloud/land masked
  n21 20260530_2100 … ✗ swath overlaps bbox but all pixels cloud/land masked
  n21 20260530_2110 … ✗ swath overlaps bbox but all pixels cloud/land masked
  n21 20260530_2150 … ✗ swath overlaps bbox but all pixels cloud/land masked
  n21 20260530_2200 … ✗ swath overlaps bbox but all pixels cloud/land masked
  n21 20260530_2210 … ✗ swath overlaps bbox but all pixels cloud/land masked
  n21 20260530_2250 … ✗ swath overlaps bbox but all pixels cloud/land masked
  n21 20260530_2300 … ✗ swath overlaps bbox but all pixels cloud/land masked
  n21 20260530_2310 … ✗ swath overlaps bbox but all pixels cloud/land masked
  n21 20260530_2350 … ✗ swath overlaps bbox but all pixels cloud/land masked
  n21 20260531_0000 … ✗ swath overlaps bbox but all pixels cloud/land masked
  n21 20260531_0010 … ✗ swath overlaps bbox but all pixels cloud/land masked
  n21 20260531_0050 … ✗ swath overlaps bbox but all pixels cloud/land masked
  n21 20260531_0100 … ✗ swath overlaps bbox but all pixels cloud/land masked
  n21 20260531_0110 … ✗ swath overlaps bbox but all pixels cloud/land masked
  n21 20260531_0150 … ✗ swath overlaps bbox but all pixels cloud/land masked
  n21 20260531_0200 … ✗ swath overlaps bbox but all pixels cloud/land masked
  n21 20260531_0210 … ✗ swath overlaps bbox but all pixels cloud/land masked
  n21 20260531_0250 … ✗ swath overlaps bbox but all pixels cloud/land masked
  n21 20260531_0300 … ✗ swath overlaps bbox but all pixels cloud/land masked
  n21 20260531_0310 … ✗ swath overlaps bbox but all pixels cloud/land masked
  n21 20260531_0350 … ✗ swath overlaps bbox but all pixels cloud/land masked
  n21 20260531_0400 … ✗ swath overlaps bbox but all pixels cloud/land masked
  n21 20260531_0410 … ✗ swath overlaps bbox but all pixels cloud/land masked
  n21 20260531_0450 … ✗ swath overlaps bbox but all pixels cloud/land masked
  n21 20260531_0500 … ✗ swath overlaps bbox but all pixels cloud/land masked
  n21 20260531_0510 … ✗ swath overlaps bbox but all pixels cloud/land masked
  n21 20260531_0550 … ✗ swath overlaps bbox but all pixels cloud/land masked
  n21 20260531_0600 … ✗ swath overlaps bbox but all pixels cloud/land masked
  n21 20260531_0610 … ✗ swath overlaps bbox but all pixels cloud/land masked
  n21 20260531_0650 ✓ (cached)
  n21 20260531_0700 … ✗ swath overlaps bbox but all pixels cloud/land masked
  n21 20260531_0710 … ✗ swath overlaps bbox but all pixels cloud/land masked
  n21 20260531_0750 … ✗ swath overlaps bbox but all pixels cloud/land masked
  n21 20260531_0800 … ✗ swath overlaps bbox but all pixels cloud/land masked
  n21 20260531_0810 … ✗ swath overlaps bbox but all pixels cloud/land masked
  n21 20260531_0850 … ✗ swath overlaps bbox but all pixels cloud/land masked
  n21 20260531_0900 … ✗ swath overlaps bbox but all pixels cloud/land masked
  n21 20260531_0910 … ✗ swath overlaps bbox but all pixels cloud/land masked
  n21 20260531_0950 … ✗ swath overlaps bbox but all pixels cloud/land masked
  n21 20260531_1000 … ✗ swath overlaps bbox but all pixels cloud/land masked
  n21 20260531_1010 … ✗ swath overlaps bbox but all pixels cloud/land masked
  n21 20260531_1100 … ✗ swath overlaps bbox but all pixels cloud/land masked
  n21 20260531_1110 … ✗ swath overlaps bbox but all pixels cloud/land masked
  n21 20260531_1150 … ✗ swath overlaps bbox but all pixels cloud/land masked
  n21 20260531_1200 … ✗ swath overlaps bbox but all pixels cloud/land masked
  n21 20260531_1210 … ✗ swath overlaps bbox but all pixels cloud/land masked

  VIIRS summary: 0 written, 10 cached, 411 miss/cloud, 664 outside windows.

=========================================================
✓ Pipeline complete
=========================================================
