2026-07-30T17:09:17 [INFO] === FishingHotspotAnalyzer  date=2026-07-30  month=July ===
2026-07-30T17:09:17 [INFO] Species to analyze: ['yellowfin', 'bluefin', 'mahi', 'wahoo', 'kingfish', 'white_marlin', 'blue_marlin']
2026-07-30T17:09:17 [INFO] Composite loaded: 266 lat × 335 lon, coverage 50.7%
2026-07-30T17:09:17 [INFO] Composite loaded: 45154 points  step=0.0200°
2026-07-30T17:09:18 [INFO] Bathymetry grid loaded: 1272 × 1604 cells
2026-07-30T17:09:20 [INFO] Bathy lookup: 217812 entries
2026-07-30T17:09:20 [INFO] Loaded CHL from CHL_20260729.json  (14055 valid points, 1 days old)
2026-07-30T17:09:20 [INFO] Loaded kd490 from SEACOLOR_20260729.json  (1749 valid points, 1 days old)
2026-07-30T17:09:20 [INFO]   Analyzing Yellowfin Tuna ...
2026-07-30T17:09:20 [INFO]     1414 / 1506 scored points above 0.65 threshold
2026-07-30T17:09:20 [INFO]     29 raw cluster(s) found
2026-07-30T17:09:20 [INFO]     Zone 1: habitat=0.929 × seasonal=0.80 → score=0.743  (prime)
2026-07-30T17:09:20 [INFO]     Zone 2: habitat=0.852 × seasonal=0.80 → score=0.682  (prime)
2026-07-30T17:09:20 [INFO]     Zone 3: habitat=0.845 × seasonal=0.80 → score=0.676  (prime)
2026-07-30T17:09:20 [INFO]     -> 3 zone(s) for Yellowfin Tuna  [seasonality: prime  mult=0.80]
2026-07-30T17:09:20 [INFO]   Analyzing Bluefin Tuna ...
2026-07-30T17:09:20 [INFO]     0 / 0 scored points above 0.60 threshold
2026-07-30T17:09:20 [INFO]     0 raw cluster(s) found
2026-07-30T17:09:20 [INFO]     -> 0 zone(s) for Bluefin Tuna  [seasonality: off-season  mult=0.45]
2026-07-30T17:09:20 [INFO]   Analyzing Mahi-Mahi ...
2026-07-30T17:09:20 [INFO]     490 / 500 scored points above 0.64 threshold
2026-07-30T17:09:20 [INFO]     66 raw cluster(s) found
2026-07-30T17:09:20 [INFO]     Zone 1: habitat=0.976 × seasonal=1.00 → score=0.976  (peak)
2026-07-30T17:09:20 [INFO]     Zone 2: habitat=0.939 × seasonal=1.00 → score=0.939  (peak)
2026-07-30T17:09:20 [INFO]     Zone 3: habitat=0.926 × seasonal=1.00 → score=0.926  (peak)
2026-07-30T17:09:20 [INFO]     -> 3 zone(s) for Mahi-Mahi  [seasonality: peak  mult=1.00]
2026-07-30T17:09:20 [INFO]   Analyzing Wahoo ...
2026-07-30T17:09:21 [INFO]     4524 / 4588 scored points above 0.58 threshold
2026-07-30T17:09:21 [INFO]     77 raw cluster(s) found
2026-07-30T17:09:21 [INFO]     Zone 1: habitat=0.928 × seasonal=0.80 → score=0.742  (prime)
2026-07-30T17:09:21 [INFO]     Zone 2: habitat=0.914 × seasonal=0.80 → score=0.731  (prime)
2026-07-30T17:09:21 [INFO]     Zone 3: habitat=0.912 × seasonal=0.80 → score=0.730  (prime)
2026-07-30T17:09:21 [INFO]     -> 3 zone(s) for Wahoo  [seasonality: prime  mult=0.80]
2026-07-30T17:09:21 [INFO]   Analyzing King Mackerel ...
2026-07-30T17:09:21 [INFO]     114 / 229 scored points above 0.60 threshold
2026-07-30T17:09:21 [INFO]     5 raw cluster(s) found
2026-07-30T17:09:21 [INFO]     Zone 1: habitat=0.700 × seasonal=0.80 → score=0.560  (prime)
2026-07-30T17:09:21 [INFO]     Zone 2: habitat=0.665 × seasonal=0.80 → score=0.532  (prime)
2026-07-30T17:09:21 [INFO]     -> 2 zone(s) for King Mackerel  [seasonality: prime  mult=0.80]
2026-07-30T17:09:21 [INFO]   Analyzing White Marlin ...
2026-07-30T17:09:21 [INFO]     1876 / 1905 scored points above 0.60 threshold
2026-07-30T17:09:21 [INFO]     22 raw cluster(s) found
2026-07-30T17:09:21 [INFO]     Zone 1: habitat=0.889 × seasonal=0.80 → score=0.711  (prime)
2026-07-30T17:09:21 [INFO]     Zone 2: habitat=0.869 × seasonal=0.80 → score=0.695  (prime)
2026-07-30T17:09:21 [INFO]     Zone 3: habitat=0.857 × seasonal=0.80 → score=0.686  (prime)
2026-07-30T17:09:21 [INFO]     -> 3 zone(s) for White Marlin  [seasonality: prime  mult=0.80]
2026-07-30T17:09:21 [INFO]   Analyzing Blue Marlin ...
2026-07-30T17:09:21 [INFO]     3819 / 4053 scored points above 0.58 threshold
2026-07-30T17:09:21 [INFO]     33 raw cluster(s) found
2026-07-30T17:09:21 [INFO]     Zone 1: habitat=0.943 × seasonal=1.00 → score=0.943  (peak)
2026-07-30T17:09:21 [INFO]     Zone 2: habitat=0.916 × seasonal=1.00 → score=0.916  (peak)
2026-07-30T17:09:21 [INFO]     Zone 3: habitat=0.913 × seasonal=1.00 → score=0.913  (peak)
2026-07-30T17:09:21 [INFO]     -> 3 zone(s) for Blue Marlin  [seasonality: peak  mult=1.00]
2026-07-30T17:09:21 [INFO] Purged old hotspot file: fishing_hotspots_2026-07-11.json
2026-07-30T17:09:21 [INFO] Purged old hotspot file: fishing_hotspots_2026-07-16.json
2026-07-30T17:09:21 [INFO] Purged old hotspot file: fishing_hotspots_2026-07-08.json
2026-07-30T17:09:21 [INFO] Purged old hotspot file: fishing_hotspots_2026-07-20.json
2026-07-30T17:09:21 [INFO] Purged old hotspot file: fishing_hotspots_2026-07-19.json
2026-07-30T17:09:21 [INFO] Purged old hotspot file: fishing_hotspots_2026-07-09.json
2026-07-30T17:09:21 [INFO] Purged old hotspot file: fishing_hotspots_2026-07-07.json
2026-07-30T17:09:21 [INFO] Purged old hotspot file: fishing_hotspots_2026-07-14.json
2026-07-30T17:09:21 [INFO] Purged old hotspot file: fishing_hotspots_2026-07-15.json
2026-07-30T17:09:21 [INFO] Purged old hotspot file: fishing_hotspots_2026-07-22.json
2026-07-30T17:09:21 [INFO] Purged old hotspot file: fishing_hotspots_2026-07-12.json
2026-07-30T17:09:21 [INFO] Purged old hotspot file: fishing_hotspots_2026-07-10.json
2026-07-30T17:09:21 [INFO] Purged old hotspot file: fishing_hotspots_2026-07-21.json
2026-07-30T17:09:21 [INFO] Purged old hotspot file: fishing_hotspots_2026-07-17.json
2026-07-30T17:09:21 [INFO] Purged old hotspot file: fishing_hotspots_2026-07-18.json
2026-07-30T17:09:21 [INFO] Purged old hotspot file: fishing_hotspots_2026-07-06.json
2026-07-30T17:09:21 [INFO] Purged old hotspot file: fishing_hotspots_2026-07-13.json
2026-07-30T17:09:21 [INFO] Wrote fishing_hotspots_2026-07-30.json  (16.0 KB)
2026-07-30T17:09:21 [INFO] === Done ===
