2026-06-22T19:01:16 [INFO] === FishingHotspotAnalyzer  date=2026-06-22  month=June ===
2026-06-22T19:01:16 [INFO] Species to analyze: ['yellowfin', 'bluefin', 'mahi', 'wahoo', 'kingfish', 'white_marlin', 'blue_marlin']
2026-06-22T19:01:16 [INFO] Composite loaded: 266 lat × 335 lon, coverage 47.3%
2026-06-22T19:01:16 [INFO] Composite loaded: 42193 points  step=0.0200°
2026-06-22T19:01:16 [INFO] Bathymetry grid loaded: 1273 × 1604 cells
2026-06-22T19:01:18 [INFO] Bathy lookup: 241969 entries
2026-06-22T19:01:18 [INFO] Loaded CHL from CHL_20260621.json  (25897 valid points, 1 days old)
2026-06-22T19:01:18 [INFO] Loaded kd490 from SEACOLOR_20260621.json  (2366 valid points, 1 days old)
2026-06-22T19:01:18 [INFO]   Analyzing Yellowfin Tuna ...
2026-06-22T19:01:18 [INFO]     260 / 661 scored points above 0.65 threshold
2026-06-22T19:01:18 [INFO]     16 raw cluster(s) found
2026-06-22T19:01:19 [INFO]     Zone 1: habitat=0.907 × seasonal=0.80 → score=0.726  (prime)
2026-06-22T19:01:19 [INFO]     Zone 2: habitat=0.878 × seasonal=0.80 → score=0.702  (prime)
2026-06-22T19:01:19 [INFO]     Zone 3: habitat=0.755 × seasonal=0.80 → score=0.604  (prime)
2026-06-22T19:01:19 [INFO]     -> 3 zone(s) for Yellowfin Tuna  [seasonality: prime  mult=0.80]
2026-06-22T19:01:19 [INFO]   Analyzing Bluefin Tuna ...
2026-06-22T19:01:19 [INFO]     330 / 367 scored points above 0.60 threshold
2026-06-22T19:01:19 [INFO]     14 raw cluster(s) found
2026-06-22T19:01:19 [INFO]     Zone 1: habitat=0.701 × seasonal=0.45 → score=0.315  (off-season)
2026-06-22T19:01:19 [INFO]     Zone 2: habitat=0.699 × seasonal=0.45 → score=0.315  (off-season)
2026-06-22T19:01:19 [INFO]     Zone 3: habitat=0.693 × seasonal=0.45 → score=0.312  (off-season)
2026-06-22T19:01:19 [INFO]     -> 3 zone(s) for Bluefin Tuna  [seasonality: off-season  mult=0.45]
2026-06-22T19:01:19 [INFO]   Analyzing Mahi-Mahi ...
2026-06-22T19:01:19 [INFO]     521 / 563 scored points above 0.54 threshold
2026-06-22T19:01:19 [INFO]     11 raw cluster(s) found
2026-06-22T19:01:19 [INFO]     Zone 1: habitat=0.854 × seasonal=1.00 → score=0.854  (peak)
2026-06-22T19:01:19 [INFO]     Zone 2: habitat=0.583 × seasonal=1.00 → score=0.583  (peak)
2026-06-22T19:01:19 [INFO]     Zone 3: habitat=0.578 × seasonal=1.00 → score=0.578  (peak)
2026-06-22T19:01:19 [INFO]     -> 3 zone(s) for Mahi-Mahi  [seasonality: peak  mult=1.00]
2026-06-22T19:01:19 [INFO]   Analyzing Wahoo ...
2026-06-22T19:01:19 [INFO]     3678 / 4475 scored points above 0.58 threshold
2026-06-22T19:01:19 [INFO]     88 raw cluster(s) found
2026-06-22T19:01:19 [INFO]     Zone 1: habitat=0.922 × seasonal=0.45 → score=0.415  (off-season)
2026-06-22T19:01:19 [INFO]     Zone 2: habitat=0.892 × seasonal=0.45 → score=0.401  (off-season)
2026-06-22T19:01:19 [INFO]     Zone 3: habitat=0.866 × seasonal=0.45 → score=0.390  (off-season)
2026-06-22T19:01:19 [INFO]     -> 3 zone(s) for Wahoo  [seasonality: off-season  mult=0.45]
2026-06-22T19:01:19 [INFO]   Analyzing King Mackerel ...
2026-06-22T19:01:19 [INFO]     1882 / 2530 scored points above 0.60 threshold
2026-06-22T19:01:19 [INFO]     55 raw cluster(s) found
2026-06-22T19:01:19 [INFO]     Zone 1: habitat=0.893 × seasonal=0.80 → score=0.714  (prime)
2026-06-22T19:01:19 [INFO]     Zone 2: habitat=0.880 × seasonal=0.80 → score=0.704  (prime)
2026-06-22T19:01:19 [INFO]     Zone 3: habitat=0.880 × seasonal=0.80 → score=0.704  (prime)
2026-06-22T19:01:19 [INFO]     -> 3 zone(s) for King Mackerel  [seasonality: prime  mult=0.80]
2026-06-22T19:01:19 [INFO]   Analyzing White Marlin ...
2026-06-22T19:01:19 [INFO]     324 / 355 scored points above 0.60 threshold
2026-06-22T19:01:19 [INFO]     8 raw cluster(s) found
2026-06-22T19:01:19 [INFO]     Zone 1: habitat=0.793 × seasonal=0.45 → score=0.357  (off-season)
2026-06-22T19:01:19 [INFO]     Zone 2: habitat=0.782 × seasonal=0.45 → score=0.352  (off-season)
2026-06-22T19:01:19 [INFO]     Zone 3: habitat=0.761 × seasonal=0.45 → score=0.342  (off-season)
2026-06-22T19:01:19 [INFO]     -> 3 zone(s) for White Marlin  [seasonality: off-season  mult=0.45]
2026-06-22T19:01:19 [INFO]   Analyzing Blue Marlin ...
2026-06-22T19:01:19 [INFO]     825 / 894 scored points above 0.58 threshold
2026-06-22T19:01:19 [INFO]     11 raw cluster(s) found
2026-06-22T19:01:19 [INFO]     Zone 1: habitat=0.806 × seasonal=0.80 → score=0.645  (prime)
2026-06-22T19:01:19 [INFO]     Zone 2: habitat=0.794 × seasonal=0.80 → score=0.635  (prime)
2026-06-22T19:01:19 [INFO]     Zone 3: habitat=0.774 × seasonal=0.80 → score=0.619  (prime)
2026-06-22T19:01:19 [INFO]     -> 3 zone(s) for Blue Marlin  [seasonality: prime  mult=0.80]
2026-06-22T19:01:19 [INFO] Purged old hotspot file: fishing_hotspots_2026-05-25.json
2026-06-22T19:01:19 [INFO] Purged old hotspot file: fishing_hotspots_2026-06-09.json
2026-06-22T19:01:19 [INFO] Purged old hotspot file: fishing_hotspots_2026-06-10.json
2026-06-22T19:01:19 [INFO] Purged old hotspot file: fishing_hotspots_2026-06-05.json
2026-06-22T19:01:19 [INFO] Purged old hotspot file: fishing_hotspots_2026-06-08.json
2026-06-22T19:01:19 [INFO] Purged old hotspot file: fishing_hotspots_2026-06-04.json
2026-06-22T19:01:19 [INFO] Purged old hotspot file: fishing_hotspots_2026-06-02.json
2026-06-22T19:01:19 [INFO] Purged old hotspot file: fishing_hotspots_2026-06-07.json
2026-06-22T19:01:19 [INFO] Purged old hotspot file: fishing_hotspots_2026-06-06.json
2026-06-22T19:01:19 [INFO] Purged old hotspot file: fishing_hotspots_2026-06-14.json
2026-06-22T19:01:19 [INFO] Purged old hotspot file: fishing_hotspots_2026-05-28.json
2026-06-22T19:01:19 [INFO] Purged old hotspot file: fishing_hotspots_2026-05-23.json
2026-06-22T19:01:19 [INFO] Purged old hotspot file: fishing_hotspots_2026-05-30.json
2026-06-22T19:01:19 [INFO] Purged old hotspot file: fishing_hotspots_2026-05-31.json
2026-06-22T19:01:19 [INFO] Purged old hotspot file: fishing_hotspots_2026-06-11.json
2026-06-22T19:01:19 [INFO] Purged old hotspot file: fishing_hotspots_2026-05-24.json
2026-06-22T19:01:19 [INFO] Purged old hotspot file: fishing_hotspots_2026-05-29.json
2026-06-22T19:01:19 [INFO] Purged old hotspot file: fishing_hotspots_2026-05-22.json
2026-06-22T19:01:19 [INFO] Purged old hotspot file: fishing_hotspots_2026-05-27.json
2026-06-22T19:01:19 [INFO] Purged old hotspot file: fishing_hotspots_2026-06-03.json
2026-06-22T19:01:19 [INFO] Purged old hotspot file: fishing_hotspots_2026-06-12.json
2026-06-22T19:01:19 [INFO] Purged old hotspot file: fishing_hotspots_2026-06-13.json
2026-06-22T19:01:19 [INFO] Purged old hotspot file: fishing_hotspots_2026-05-26.json
2026-06-22T19:01:19 [INFO] Purged old hotspot file: fishing_hotspots_2026-06-01.json
2026-06-22T19:01:19 [INFO] Wrote fishing_hotspots_2026-06-22.json  (20.6 KB)
2026-06-22T19:01:19 [INFO] === Done ===
