2026-07-15T20:40:55 [INFO] === FishingHotspotAnalyzer  date=2026-07-15  month=July ===
2026-07-15T20:40:55 [INFO] Species to analyze: ['yellowfin', 'bluefin', 'mahi', 'wahoo', 'kingfish', 'white_marlin', 'blue_marlin']
2026-07-15T20:40:55 [INFO] Composite loaded: 266 lat × 335 lon, coverage 57.1%
2026-07-15T20:40:55 [INFO] Composite loaded: 50869 points  step=0.0200°
2026-07-15T20:40:56 [INFO] Bathymetry grid loaded: 1272 × 1604 cells
2026-07-15T20:40:58 [INFO] Bathy lookup: 217812 entries
2026-07-15T20:40:58 [INFO] Loaded CHL from CHL_20260714.json  (22227 valid points, 1 days old)
2026-07-15T20:40:58 [INFO] Loaded kd490 from SEACOLOR_20260714.json  (1877 valid points, 1 days old)
2026-07-15T20:40:58 [INFO]   Analyzing Yellowfin Tuna ...
2026-07-15T20:40:58 [INFO]     1573 / 1639 scored points above 0.65 threshold
2026-07-15T20:40:58 [INFO]     28 raw cluster(s) found
2026-07-15T20:40:58 [INFO]     Zone 1: habitat=0.883 × seasonal=0.80 → score=0.706  (prime)
2026-07-15T20:40:58 [INFO]     Zone 2: habitat=0.855 × seasonal=0.80 → score=0.684  (prime)
2026-07-15T20:40:58 [INFO]     Zone 3: habitat=0.847 × seasonal=0.80 → score=0.678  (prime)
2026-07-15T20:40:58 [INFO]     -> 3 zone(s) for Yellowfin Tuna  [seasonality: prime  mult=0.80]
2026-07-15T20:40:58 [INFO]   Analyzing Bluefin Tuna ...
2026-07-15T20:40:58 [INFO]     0 / 0 scored points above 0.60 threshold
2026-07-15T20:40:58 [INFO]     0 raw cluster(s) found
2026-07-15T20:40:58 [INFO]     -> 0 zone(s) for Bluefin Tuna  [seasonality: off-season  mult=0.45]
2026-07-15T20:40:58 [INFO]   Analyzing Mahi-Mahi ...
2026-07-15T20:40:59 [INFO]     917 / 920 scored points above 0.64 threshold
2026-07-15T20:40:59 [INFO]     62 raw cluster(s) found
2026-07-15T20:40:59 [INFO]     Zone 1: habitat=0.996 × seasonal=1.00 → score=0.996  (peak)
2026-07-15T20:40:59 [INFO]     Zone 2: habitat=0.994 × seasonal=1.00 → score=0.994  (peak)
2026-07-15T20:40:59 [INFO]     Zone 3: habitat=0.993 × seasonal=1.00 → score=0.993  (peak)
2026-07-15T20:40:59 [INFO]     -> 3 zone(s) for Mahi-Mahi  [seasonality: peak  mult=1.00]
2026-07-15T20:40:59 [INFO]   Analyzing Wahoo ...
2026-07-15T20:40:59 [INFO]     4260 / 4363 scored points above 0.58 threshold
2026-07-15T20:40:59 [INFO]     72 raw cluster(s) found
2026-07-15T20:40:59 [INFO]     Zone 1: habitat=0.944 × seasonal=0.80 → score=0.755  (prime)
2026-07-15T20:40:59 [INFO]     Zone 2: habitat=0.940 × seasonal=0.80 → score=0.752  (prime)
2026-07-15T20:40:59 [INFO]     Zone 3: habitat=0.934 × seasonal=0.80 → score=0.747  (prime)
2026-07-15T20:40:59 [INFO]     -> 3 zone(s) for Wahoo  [seasonality: prime  mult=0.80]
2026-07-15T20:40:59 [INFO]   Analyzing King Mackerel ...
2026-07-15T20:40:59 [INFO]     43 / 118 scored points above 0.60 threshold
2026-07-15T20:40:59 [INFO]     11 raw cluster(s) found
2026-07-15T20:40:59 [INFO]     Zone 1: habitat=0.678 × seasonal=0.80 → score=0.542  (prime)
2026-07-15T20:40:59 [INFO]     Zone 2: habitat=0.671 × seasonal=0.80 → score=0.537  (prime)
2026-07-15T20:40:59 [INFO]     -> 2 zone(s) for King Mackerel  [seasonality: prime  mult=0.80]
2026-07-15T20:40:59 [INFO]   Analyzing White Marlin ...
2026-07-15T20:40:59 [INFO]     1815 / 1854 scored points above 0.60 threshold
2026-07-15T20:40:59 [INFO]     22 raw cluster(s) found
2026-07-15T20:40:59 [INFO]     Zone 1: habitat=0.856 × seasonal=0.80 → score=0.685  (prime)
2026-07-15T20:40:59 [INFO]     Zone 2: habitat=0.801 × seasonal=0.80 → score=0.641  (prime)
2026-07-15T20:40:59 [INFO]     Zone 3: habitat=0.792 × seasonal=0.80 → score=0.634  (prime)
2026-07-15T20:40:59 [INFO]     -> 3 zone(s) for White Marlin  [seasonality: prime  mult=0.80]
2026-07-15T20:40:59 [INFO]   Analyzing Blue Marlin ...
2026-07-15T20:40:59 [INFO]     3847 / 4269 scored points above 0.58 threshold
2026-07-15T20:40:59 [INFO]     25 raw cluster(s) found
2026-07-15T20:40:59 [INFO]     Zone 1: habitat=0.883 × seasonal=1.00 → score=0.883  (peak)
2026-07-15T20:40:59 [INFO]     Zone 2: habitat=0.881 × seasonal=1.00 → score=0.881  (peak)
2026-07-15T20:40:59 [INFO]     Zone 3: habitat=0.834 × seasonal=1.00 → score=0.834  (peak)
2026-07-15T20:40:59 [INFO]     -> 3 zone(s) for Blue Marlin  [seasonality: peak  mult=1.00]
2026-07-15T20:40:59 [INFO] Purged old hotspot file: fishing_hotspots_2026-07-07.json
2026-07-15T20:40:59 [INFO] Purged old hotspot file: fishing_hotspots_2026-07-06.json
2026-07-15T20:40:59 [INFO] Wrote fishing_hotspots_2026-07-15.json  (16.0 KB)
2026-07-15T20:40:59 [INFO] === Done ===
