2026-07-19T20:03:40 [INFO] === FishingHotspotAnalyzer  date=2026-07-19  month=July ===
2026-07-19T20:03:40 [INFO] Species to analyze: ['yellowfin', 'bluefin', 'mahi', 'wahoo', 'kingfish', 'white_marlin', 'blue_marlin']
2026-07-19T20:03:40 [INFO] Composite loaded: 266 lat × 335 lon, coverage 43.1%
2026-07-19T20:03:40 [INFO] Composite loaded: 38389 points  step=0.0200°
2026-07-19T20:03:40 [INFO] Bathymetry grid loaded: 1272 × 1604 cells
2026-07-19T20:03:42 [INFO] Bathy lookup: 217812 entries
2026-07-19T20:03:42 [INFO] Loaded CHL from CHL_20260718.json  (19249 valid points, 1 days old)
2026-07-19T20:03:42 [INFO] Loaded kd490 from SEACOLOR_20260718.json  (1791 valid points, 1 days old)
2026-07-19T20:03:42 [INFO]   Analyzing Yellowfin Tuna ...
2026-07-19T20:03:42 [INFO]     422 / 520 scored points above 0.65 threshold
2026-07-19T20:03:42 [INFO]     19 raw cluster(s) found
2026-07-19T20:03:43 [INFO]     Zone 1: habitat=0.890 × seasonal=0.80 → score=0.712  (prime)
2026-07-19T20:03:43 [INFO]     Zone 2: habitat=0.809 × seasonal=0.80 → score=0.647  (prime)
2026-07-19T20:03:43 [INFO]     Zone 3: habitat=0.798 × seasonal=0.80 → score=0.638  (prime)
2026-07-19T20:03:43 [INFO]     -> 3 zone(s) for Yellowfin Tuna  [seasonality: prime  mult=0.80]
2026-07-19T20:03:43 [INFO]   Analyzing Bluefin Tuna ...
2026-07-19T20:03:43 [INFO]     0 / 0 scored points above 0.60 threshold
2026-07-19T20:03:43 [INFO]     0 raw cluster(s) found
2026-07-19T20:03:43 [INFO]     -> 0 zone(s) for Bluefin Tuna  [seasonality: off-season  mult=0.45]
2026-07-19T20:03:43 [INFO]   Analyzing Mahi-Mahi ...
2026-07-19T20:03:43 [INFO]     28 / 28 scored points above 0.64 threshold
2026-07-19T20:03:43 [INFO]     7 raw cluster(s) found
2026-07-19T20:03:43 [INFO]     -> 0 zone(s) for Mahi-Mahi  [seasonality: peak  mult=1.00]
2026-07-19T20:03:43 [INFO]   Analyzing Wahoo ...
2026-07-19T20:03:43 [INFO]     2417 / 2696 scored points above 0.58 threshold
2026-07-19T20:03:43 [INFO]     52 raw cluster(s) found
2026-07-19T20:03:43 [INFO]     Zone 1: habitat=0.868 × seasonal=0.80 → score=0.694  (prime)
2026-07-19T20:03:43 [INFO]     Zone 2: habitat=0.867 × seasonal=0.80 → score=0.694  (prime)
2026-07-19T20:03:43 [INFO]     Zone 3: habitat=0.860 × seasonal=0.80 → score=0.688  (prime)
2026-07-19T20:03:43 [INFO]     -> 3 zone(s) for Wahoo  [seasonality: prime  mult=0.80]
2026-07-19T20:03:43 [INFO]   Analyzing King Mackerel ...
2026-07-19T20:03:43 [INFO]     34 / 73 scored points above 0.60 threshold
2026-07-19T20:03:43 [INFO]     1 raw cluster(s) found
2026-07-19T20:03:43 [INFO]     Zone 1: habitat=0.773 × seasonal=0.80 → score=0.618  (prime)
2026-07-19T20:03:43 [INFO]     -> 1 zone(s) for King Mackerel  [seasonality: prime  mult=0.80]
2026-07-19T20:03:43 [INFO]   Analyzing White Marlin ...
2026-07-19T20:03:43 [INFO]     1013 / 1072 scored points above 0.60 threshold
2026-07-19T20:03:43 [INFO]     18 raw cluster(s) found
2026-07-19T20:03:43 [INFO]     Zone 1: habitat=0.884 × seasonal=0.80 → score=0.707  (prime)
2026-07-19T20:03:43 [INFO]     Zone 2: habitat=0.850 × seasonal=0.80 → score=0.680  (prime)
2026-07-19T20:03:43 [INFO]     Zone 3: habitat=0.846 × seasonal=0.80 → score=0.677  (prime)
2026-07-19T20:03:43 [INFO]     -> 3 zone(s) for White Marlin  [seasonality: prime  mult=0.80]
2026-07-19T20:03:43 [INFO]   Analyzing Blue Marlin ...
2026-07-19T20:03:43 [INFO]     2830 / 3214 scored points above 0.58 threshold
2026-07-19T20:03:43 [INFO]     31 raw cluster(s) found
2026-07-19T20:03:43 [INFO]     Zone 1: habitat=0.912 × seasonal=1.00 → score=0.912  (peak)
2026-07-19T20:03:43 [INFO]     Zone 2: habitat=0.801 × seasonal=1.00 → score=0.801  (peak)
2026-07-19T20:03:43 [INFO]     Zone 3: habitat=0.789 × seasonal=1.00 → score=0.789  (peak)
2026-07-19T20:03:43 [INFO]     -> 3 zone(s) for Blue Marlin  [seasonality: peak  mult=1.00]
2026-07-19T20:03:43 [INFO] Purged old hotspot file: fishing_hotspots_2026-07-06.json
2026-07-19T20:03:43 [INFO] Purged old hotspot file: fishing_hotspots_2026-07-09.json
2026-07-19T20:03:43 [INFO] Purged old hotspot file: fishing_hotspots_2026-07-07.json
2026-07-19T20:03:43 [INFO] Purged old hotspot file: fishing_hotspots_2026-07-08.json
2026-07-19T20:03:43 [INFO] Purged old hotspot file: fishing_hotspots_2026-07-11.json
2026-07-19T20:03:43 [INFO] Purged old hotspot file: fishing_hotspots_2026-07-10.json
2026-07-19T20:03:43 [INFO] Wrote fishing_hotspots_2026-07-19.json  (12.6 KB)
2026-07-19T20:03:43 [INFO] === Done ===
