2026-07-31T05:33:07 [INFO] === FishingHotspotAnalyzer  date=2026-07-31  month=July ===
2026-07-31T05:33:07 [INFO] Species to analyze: ['yellowfin', 'bluefin', 'mahi', 'wahoo', 'kingfish', 'white_marlin', 'blue_marlin']
2026-07-31T05:33:07 [INFO] Composite loaded: 266 lat × 335 lon, coverage 55.4%
2026-07-31T05:33:07 [INFO] Composite loaded: 49361 points  step=0.0200°
2026-07-31T05:33:07 [INFO] Bathymetry grid loaded: 1272 × 1604 cells
2026-07-31T05:33:09 [INFO] Bathy lookup: 217812 entries
2026-07-31T05:33:09 [INFO] Loaded CHL from CHL_20260729.json  (14055 valid points, 2 days old)
2026-07-31T05:33:09 [INFO] Loaded kd490 from SEACOLOR_20260729.json  (1749 valid points, 2 days old)
2026-07-31T05:33:09 [INFO]   Analyzing Yellowfin Tuna ...
2026-07-31T05:33:09 [INFO]     1571 / 1663 scored points above 0.65 threshold
2026-07-31T05:33:09 [INFO]     30 raw cluster(s) found
2026-07-31T05:33:10 [INFO]     Zone 1: habitat=0.908 × seasonal=0.80 → score=0.726  (prime)
2026-07-31T05:33:10 [INFO]     Zone 2: habitat=0.895 × seasonal=0.80 → score=0.716  (prime)
2026-07-31T05:33:10 [INFO]     Zone 3: habitat=0.878 × seasonal=0.80 → score=0.702  (prime)
2026-07-31T05:33:10 [INFO]     -> 3 zone(s) for Yellowfin Tuna  [seasonality: prime  mult=0.80]
2026-07-31T05:33:10 [INFO]   Analyzing Bluefin Tuna ...
2026-07-31T05:33:10 [INFO]     0 / 0 scored points above 0.60 threshold
2026-07-31T05:33:10 [INFO]     0 raw cluster(s) found
2026-07-31T05:33:10 [INFO]     -> 0 zone(s) for Bluefin Tuna  [seasonality: off-season  mult=0.45]
2026-07-31T05:33:10 [INFO]   Analyzing Mahi-Mahi ...
2026-07-31T05:33:10 [INFO]     738 / 749 scored points above 0.64 threshold
2026-07-31T05:33:10 [INFO]     74 raw cluster(s) found
2026-07-31T05:33:10 [INFO]     Zone 1: habitat=0.992 × seasonal=1.00 → score=0.992  (peak)
2026-07-31T05:33:10 [INFO]     Zone 2: habitat=0.986 × seasonal=1.00 → score=0.986  (peak)
2026-07-31T05:33:10 [INFO]     Zone 3: habitat=0.982 × seasonal=1.00 → score=0.982  (peak)
2026-07-31T05:33:10 [INFO]     -> 3 zone(s) for Mahi-Mahi  [seasonality: peak  mult=1.00]
2026-07-31T05:33:10 [INFO]   Analyzing Wahoo ...
2026-07-31T05:33:10 [INFO]     4577 / 4601 scored points above 0.58 threshold
2026-07-31T05:33:10 [INFO]     74 raw cluster(s) found
2026-07-31T05:33:10 [INFO]     Zone 1: habitat=0.952 × seasonal=0.80 → score=0.762  (prime)
2026-07-31T05:33:10 [INFO]     Zone 2: habitat=0.946 × seasonal=0.80 → score=0.757  (prime)
2026-07-31T05:33:10 [INFO]     Zone 3: habitat=0.944 × seasonal=0.80 → score=0.755  (prime)
2026-07-31T05:33:10 [INFO]     -> 3 zone(s) for Wahoo  [seasonality: prime  mult=0.80]
2026-07-31T05:33:10 [INFO]   Analyzing King Mackerel ...
2026-07-31T05:33:10 [INFO]     121 / 234 scored points above 0.60 threshold
2026-07-31T05:33:10 [INFO]     5 raw cluster(s) found
2026-07-31T05:33:10 [INFO]     Zone 1: habitat=0.700 × seasonal=0.80 → score=0.560  (prime)
2026-07-31T05:33:10 [INFO]     Zone 2: habitat=0.672 × seasonal=0.80 → score=0.538  (prime)
2026-07-31T05:33:10 [INFO]     -> 2 zone(s) for King Mackerel  [seasonality: prime  mult=0.80]
2026-07-31T05:33:10 [INFO]   Analyzing White Marlin ...
2026-07-31T05:33:10 [INFO]     1880 / 1928 scored points above 0.60 threshold
2026-07-31T05:33:10 [INFO]     25 raw cluster(s) found
2026-07-31T05:33:10 [INFO]     Zone 1: habitat=0.876 × seasonal=0.80 → score=0.701  (prime)
2026-07-31T05:33:10 [INFO]     Zone 2: habitat=0.851 × seasonal=0.80 → score=0.681  (prime)
2026-07-31T05:33:10 [INFO]     Zone 3: habitat=0.846 × seasonal=0.80 → score=0.677  (prime)
2026-07-31T05:33:10 [INFO]     -> 3 zone(s) for White Marlin  [seasonality: prime  mult=0.80]
2026-07-31T05:33:10 [INFO]   Analyzing Blue Marlin ...
2026-07-31T05:33:10 [INFO]     3917 / 4118 scored points above 0.58 threshold
2026-07-31T05:33:10 [INFO]     30 raw cluster(s) found
2026-07-31T05:33:10 [INFO]     Zone 1: habitat=0.895 × seasonal=1.00 → score=0.895  (peak)
2026-07-31T05:33:10 [INFO]     Zone 2: habitat=0.889 × seasonal=1.00 → score=0.889  (peak)
2026-07-31T05:33:10 [INFO]     Zone 3: habitat=0.887 × seasonal=1.00 → score=0.887  (peak)
2026-07-31T05:33:10 [INFO]     -> 3 zone(s) for Blue Marlin  [seasonality: peak  mult=1.00]
2026-07-31T05:33:10 [INFO] Purged old hotspot file: fishing_hotspots_2026-07-11.json
2026-07-31T05:33:10 [INFO] Purged old hotspot file: fishing_hotspots_2026-07-16.json
2026-07-31T05:33:10 [INFO] Purged old hotspot file: fishing_hotspots_2026-07-08.json
2026-07-31T05:33:10 [INFO] Purged old hotspot file: fishing_hotspots_2026-07-20.json
2026-07-31T05:33:10 [INFO] Purged old hotspot file: fishing_hotspots_2026-07-19.json
2026-07-31T05:33:10 [INFO] Purged old hotspot file: fishing_hotspots_2026-07-09.json
2026-07-31T05:33:10 [INFO] Purged old hotspot file: fishing_hotspots_2026-07-07.json
2026-07-31T05:33:10 [INFO] Purged old hotspot file: fishing_hotspots_2026-07-14.json
2026-07-31T05:33:10 [INFO] Purged old hotspot file: fishing_hotspots_2026-07-15.json
2026-07-31T05:33:10 [INFO] Purged old hotspot file: fishing_hotspots_2026-07-22.json
2026-07-31T05:33:10 [INFO] Purged old hotspot file: fishing_hotspots_2026-07-12.json
2026-07-31T05:33:10 [INFO] Purged old hotspot file: fishing_hotspots_2026-07-10.json
2026-07-31T05:33:10 [INFO] Purged old hotspot file: fishing_hotspots_2026-07-21.json
2026-07-31T05:33:10 [INFO] Purged old hotspot file: fishing_hotspots_2026-07-17.json
2026-07-31T05:33:10 [INFO] Purged old hotspot file: fishing_hotspots_2026-07-18.json
2026-07-31T05:33:10 [INFO] Purged old hotspot file: fishing_hotspots_2026-07-06.json
2026-07-31T05:33:10 [INFO] Purged old hotspot file: fishing_hotspots_2026-07-13.json
2026-07-31T05:33:10 [INFO] Purged old hotspot file: fishing_hotspots_2026-07-23.json
2026-07-31T05:33:10 [INFO] Wrote fishing_hotspots_2026-07-31.json  (15.8 KB)
2026-07-31T05:33:10 [INFO] === Done ===
