2026-06-28T17:50:06 [INFO] === FishingHotspotAnalyzer  date=2026-06-28  month=June ===
2026-06-28T17:50:06 [INFO] Species to analyze: ['yellowfin', 'bluefin', 'mahi', 'wahoo', 'kingfish', 'white_marlin', 'blue_marlin']
2026-06-28T17:50:06 [INFO] Composite loaded: 266 lat × 335 lon, coverage 32.1%
2026-06-28T17:50:06 [INFO] Composite loaded: 28598 points  step=0.0200°
2026-06-28T17:50:06 [INFO] Bathymetry grid loaded: 1273 × 1604 cells
2026-06-28T17:50:08 [INFO] Bathy lookup: 241969 entries
2026-06-28T17:50:08 [INFO] Loaded CHL from CHL_20260627.json  (7190 valid points, 1 days old)
2026-06-28T17:50:08 [INFO] Loaded kd490 from SEACOLOR_20260627.json  (1270 valid points, 1 days old)
2026-06-28T17:50:08 [INFO]   Analyzing Yellowfin Tuna ...
2026-06-28T17:50:08 [INFO]     609 / 820 scored points above 0.65 threshold
2026-06-28T17:50:08 [INFO]     18 raw cluster(s) found
2026-06-28T17:50:09 [INFO]     Zone 1: habitat=0.858 × seasonal=0.80 → score=0.686  (prime)
2026-06-28T17:50:09 [INFO]     Zone 2: habitat=0.816 × seasonal=0.80 → score=0.653  (prime)
2026-06-28T17:50:09 [INFO]     Zone 3: habitat=0.814 × seasonal=0.80 → score=0.651  (prime)
2026-06-28T17:50:09 [INFO]     -> 3 zone(s) for Yellowfin Tuna  [seasonality: prime  mult=0.80]
2026-06-28T17:50:09 [INFO]   Analyzing Bluefin Tuna ...
2026-06-28T17:50:09 [INFO]     0 / 0 scored points above 0.60 threshold
2026-06-28T17:50:09 [INFO]     0 raw cluster(s) found
2026-06-28T17:50:09 [INFO]     -> 0 zone(s) for Bluefin Tuna  [seasonality: off-season  mult=0.45]
2026-06-28T17:50:09 [INFO]   Analyzing Mahi-Mahi ...
2026-06-28T17:50:09 [INFO]     1044 / 1355 scored points above 0.54 threshold
2026-06-28T17:50:09 [INFO]     14 raw cluster(s) found
2026-06-28T17:50:09 [INFO]     Zone 1: habitat=0.805 × seasonal=1.00 → score=0.805  (peak)
2026-06-28T17:50:09 [INFO]     Zone 2: habitat=0.635 × seasonal=1.00 → score=0.635  (peak)
2026-06-28T17:50:09 [INFO]     Zone 3: habitat=0.578 × seasonal=1.00 → score=0.578  (peak)
2026-06-28T17:50:09 [INFO]     -> 3 zone(s) for Mahi-Mahi  [seasonality: peak  mult=1.00]
2026-06-28T17:50:09 [INFO]   Analyzing Wahoo ...
2026-06-28T17:50:09 [INFO]     1608 / 1756 scored points above 0.58 threshold
2026-06-28T17:50:09 [INFO]     45 raw cluster(s) found
2026-06-28T17:50:09 [INFO]     Zone 1: habitat=0.917 × seasonal=0.45 → score=0.413  (off-season)
2026-06-28T17:50:09 [INFO]     Zone 2: habitat=0.892 × seasonal=0.45 → score=0.401  (off-season)
2026-06-28T17:50:09 [INFO]     Zone 3: habitat=0.890 × seasonal=0.45 → score=0.401  (off-season)
2026-06-28T17:50:09 [INFO]     -> 3 zone(s) for Wahoo  [seasonality: off-season  mult=0.45]
2026-06-28T17:50:09 [INFO]   Analyzing King Mackerel ...
2026-06-28T17:50:09 [INFO]     306 / 688 scored points above 0.60 threshold
2026-06-28T17:50:09 [INFO]     17 raw cluster(s) found
2026-06-28T17:50:09 [INFO]     Zone 1: habitat=0.782 × seasonal=0.80 → score=0.626  (prime)
2026-06-28T17:50:09 [INFO]     Zone 2: habitat=0.756 × seasonal=0.80 → score=0.605  (prime)
2026-06-28T17:50:09 [INFO]     Zone 3: habitat=0.712 × seasonal=0.80 → score=0.570  (prime)
2026-06-28T17:50:09 [INFO]     -> 3 zone(s) for King Mackerel  [seasonality: prime  mult=0.80]
2026-06-28T17:50:09 [INFO]   Analyzing White Marlin ...
2026-06-28T17:50:09 [INFO]     471 / 633 scored points above 0.60 threshold
2026-06-28T17:50:09 [INFO]     11 raw cluster(s) found
2026-06-28T17:50:09 [INFO]     Zone 1: habitat=0.858 × seasonal=0.45 → score=0.386  (off-season)
2026-06-28T17:50:09 [INFO]     Zone 2: habitat=0.809 × seasonal=0.45 → score=0.364  (off-season)
2026-06-28T17:50:09 [INFO]     Zone 3: habitat=0.730 × seasonal=0.45 → score=0.329  (off-season)
2026-06-28T17:50:09 [INFO]     -> 3 zone(s) for White Marlin  [seasonality: off-season  mult=0.45]
2026-06-28T17:50:09 [INFO]   Analyzing Blue Marlin ...
2026-06-28T17:50:09 [INFO]     2024 / 2527 scored points above 0.58 threshold
2026-06-28T17:50:09 [INFO]     26 raw cluster(s) found
2026-06-28T17:50:09 [INFO]     Zone 1: habitat=0.827 × seasonal=0.80 → score=0.662  (prime)
2026-06-28T17:50:09 [INFO]     Zone 2: habitat=0.808 × seasonal=0.80 → score=0.646  (prime)
2026-06-28T17:50:09 [INFO]     Zone 3: habitat=0.806 × seasonal=0.80 → score=0.645  (prime)
2026-06-28T17:50:09 [INFO]     -> 3 zone(s) for Blue Marlin  [seasonality: prime  mult=0.80]
2026-06-28T17:50:09 [INFO] Purged old hotspot file: fishing_hotspots_2026-05-25.json
2026-06-28T17:50:09 [INFO] Purged old hotspot file: fishing_hotspots_2026-06-09.json
2026-06-28T17:50:09 [INFO] Purged old hotspot file: fishing_hotspots_2026-06-10.json
2026-06-28T17:50:09 [INFO] Purged old hotspot file: fishing_hotspots_2026-06-05.json
2026-06-28T17:50:09 [INFO] Purged old hotspot file: fishing_hotspots_2026-06-08.json
2026-06-28T17:50:09 [INFO] Purged old hotspot file: fishing_hotspots_2026-06-04.json
2026-06-28T17:50:09 [INFO] Purged old hotspot file: fishing_hotspots_2026-06-02.json
2026-06-28T17:50:09 [INFO] Purged old hotspot file: fishing_hotspots_2026-06-07.json
2026-06-28T17:50:09 [INFO] Purged old hotspot file: fishing_hotspots_2026-06-20.json
2026-06-28T17:50:09 [INFO] Purged old hotspot file: fishing_hotspots_2026-06-18.json
2026-06-28T17:50:09 [INFO] Purged old hotspot file: fishing_hotspots_2026-06-06.json
2026-06-28T17:50:09 [INFO] Purged old hotspot file: fishing_hotspots_2026-06-14.json
2026-06-28T17:50:09 [INFO] Purged old hotspot file: fishing_hotspots_2026-05-28.json
2026-06-28T17:50:09 [INFO] Purged old hotspot file: fishing_hotspots_2026-05-23.json
2026-06-28T17:50:09 [INFO] Purged old hotspot file: fishing_hotspots_2026-06-15.json
2026-06-28T17:50:09 [INFO] Purged old hotspot file: fishing_hotspots_2026-06-17.json
2026-06-28T17:50:09 [INFO] Purged old hotspot file: fishing_hotspots_2026-05-30.json
2026-06-28T17:50:09 [INFO] Purged old hotspot file: fishing_hotspots_2026-05-31.json
2026-06-28T17:50:09 [INFO] Purged old hotspot file: fishing_hotspots_2026-06-11.json
2026-06-28T17:50:09 [INFO] Purged old hotspot file: fishing_hotspots_2026-05-24.json
2026-06-28T17:50:09 [INFO] Purged old hotspot file: fishing_hotspots_2026-05-29.json
2026-06-28T17:50:09 [INFO] Purged old hotspot file: fishing_hotspots_2026-05-22.json
2026-06-28T17:50:09 [INFO] Purged old hotspot file: fishing_hotspots_2026-05-27.json
2026-06-28T17:50:09 [INFO] Purged old hotspot file: fishing_hotspots_2026-06-16.json
2026-06-28T17:50:09 [INFO] Purged old hotspot file: fishing_hotspots_2026-06-03.json
2026-06-28T17:50:09 [INFO] Purged old hotspot file: fishing_hotspots_2026-06-12.json
2026-06-28T17:50:09 [INFO] Purged old hotspot file: fishing_hotspots_2026-06-13.json
2026-06-28T17:50:09 [INFO] Purged old hotspot file: fishing_hotspots_2026-05-26.json
2026-06-28T17:50:09 [INFO] Purged old hotspot file: fishing_hotspots_2026-06-01.json
2026-06-28T17:50:09 [INFO] Purged old hotspot file: fishing_hotspots_2026-06-19.json
2026-06-28T17:50:09 [INFO] Wrote fishing_hotspots_2026-06-28.json  (17.5 KB)
2026-06-28T17:50:09 [INFO] === Done ===
