2026-08-08T18:18:10 [INFO] === FishingHotspotAnalyzer  date=2026-08-08  month=August ===
2026-08-08T18:18:10 [INFO] Species to analyze: ['yellowfin', 'bluefin', 'mahi', 'wahoo', 'kingfish', 'white_marlin', 'blue_marlin']
2026-08-08T18:18:10 [INFO] Composite loaded: 266 lat × 335 lon, coverage 62.7%
2026-08-08T18:18:10 [INFO] Composite loaded: 55891 points  step=0.0200°
2026-08-08T18:18:11 [INFO] Bathymetry grid loaded: 1272 × 1604 cells
2026-08-08T18:18:13 [INFO] Bathy lookup: 217812 entries
2026-08-08T18:18:13 [INFO] Loaded CHL from CHL_20260807.json  (29022 valid points, 1 days old)
2026-08-08T18:18:13 [INFO] Loaded kd490 from SEACOLOR_20260807.json  (2391 valid points, 1 days old)
2026-08-08T18:18:13 [INFO]   Analyzing Yellowfin Tuna ...
2026-08-08T18:18:13 [INFO]     24 / 38 scored points above 0.65 threshold
2026-08-08T18:18:13 [INFO]     6 raw cluster(s) found
2026-08-08T18:18:13 [INFO]     Zone 1: habitat=0.809 × seasonal=0.80 → score=0.647  (prime)
2026-08-08T18:18:13 [INFO]     Zone 2: habitat=0.775 × seasonal=0.80 → score=0.620  (prime)
2026-08-08T18:18:13 [INFO]     -> 2 zone(s) for Yellowfin Tuna  [seasonality: prime  mult=0.80]
2026-08-08T18:18:13 [INFO]   Analyzing Bluefin Tuna ...
2026-08-08T18:18:13 [INFO]     0 / 0 scored points above 0.60 threshold
2026-08-08T18:18:13 [INFO]     0 raw cluster(s) found
2026-08-08T18:18:13 [INFO]     -> 0 zone(s) for Bluefin Tuna  [seasonality: off-season  mult=0.45]
2026-08-08T18:18:13 [INFO]   Analyzing Mahi-Mahi ...
2026-08-08T18:18:13 [INFO]     0 / 2 scored points above 0.64 threshold
2026-08-08T18:18:13 [INFO]     0 raw cluster(s) found
2026-08-08T18:18:13 [INFO]     -> 0 zone(s) for Mahi-Mahi  [seasonality: prime  mult=0.80]
2026-08-08T18:18:13 [INFO]   Analyzing Wahoo ...
2026-08-08T18:18:13 [INFO]     3075 / 3482 scored points above 0.58 threshold
2026-08-08T18:18:13 [INFO]     51 raw cluster(s) found
2026-08-08T18:18:13 [INFO]     Zone 1: habitat=0.805 × seasonal=0.80 → score=0.644  (prime)
2026-08-08T18:18:13 [INFO]     Zone 2: habitat=0.788 × seasonal=0.80 → score=0.630  (prime)
2026-08-08T18:18:13 [INFO]     Zone 3: habitat=0.788 × seasonal=0.80 → score=0.630  (prime)
2026-08-08T18:18:13 [INFO]     -> 3 zone(s) for Wahoo  [seasonality: prime  mult=0.80]
2026-08-08T18:18:13 [INFO]   Analyzing King Mackerel ...
2026-08-08T18:18:13 [INFO]     29 / 111 scored points above 0.60 threshold
2026-08-08T18:18:13 [INFO]     7 raw cluster(s) found
2026-08-08T18:18:13 [INFO]     Zone 1: habitat=0.709 × seasonal=0.80 → score=0.567  (prime)
2026-08-08T18:18:13 [INFO]     -> 1 zone(s) for King Mackerel  [seasonality: prime  mult=0.80]
2026-08-08T18:18:13 [INFO]   Analyzing White Marlin ...
2026-08-08T18:18:14 [INFO]     1870 / 1888 scored points above 0.60 threshold
2026-08-08T18:18:14 [INFO]     26 raw cluster(s) found
2026-08-08T18:18:14 [INFO]     Zone 1: habitat=0.869 × seasonal=1.00 → score=0.869  (peak)
2026-08-08T18:18:14 [INFO]     Zone 2: habitat=0.865 × seasonal=1.00 → score=0.865  (peak)
2026-08-08T18:18:14 [INFO]     Zone 3: habitat=0.861 × seasonal=1.00 → score=0.861  (peak)
2026-08-08T18:18:14 [INFO]     -> 3 zone(s) for White Marlin  [seasonality: peak  mult=1.00]
2026-08-08T18:18:14 [INFO]   Analyzing Blue Marlin ...
2026-08-08T18:18:14 [INFO]     4135 / 4362 scored points above 0.58 threshold
2026-08-08T18:18:14 [INFO]     30 raw cluster(s) found
2026-08-08T18:18:14 [INFO]     Zone 1: habitat=0.946 × seasonal=1.00 → score=0.946  (peak)
2026-08-08T18:18:14 [INFO]     Zone 2: habitat=0.928 × seasonal=1.00 → score=0.928  (peak)
2026-08-08T18:18:14 [INFO]     Zone 3: habitat=0.923 × seasonal=1.00 → score=0.923  (peak)
2026-08-08T18:18:14 [INFO]     -> 3 zone(s) for Blue Marlin  [seasonality: peak  mult=1.00]
2026-08-08T18:18:14 [INFO] Purged old hotspot file: fishing_hotspots_2026-07-11.json
2026-08-08T18:18:14 [INFO] Purged old hotspot file: fishing_hotspots_2026-07-16.json
2026-08-08T18:18:14 [INFO] Purged old hotspot file: fishing_hotspots_2026-07-08.json
2026-08-08T18:18:14 [INFO] Purged old hotspot file: fishing_hotspots_2026-07-20.json
2026-08-08T18:18:14 [INFO] Purged old hotspot file: fishing_hotspots_2026-07-19.json
2026-08-08T18:18:14 [INFO] Purged old hotspot file: fishing_hotspots_2026-07-27.json
2026-08-08T18:18:14 [INFO] Purged old hotspot file: fishing_hotspots_2026-07-09.json
2026-08-08T18:18:14 [INFO] Purged old hotspot file: fishing_hotspots_2026-07-29.json
2026-08-08T18:18:14 [INFO] Purged old hotspot file: fishing_hotspots_2026-07-24.json
2026-08-08T18:18:14 [INFO] Purged old hotspot file: fishing_hotspots_2026-07-30.json
2026-08-08T18:18:14 [INFO] Purged old hotspot file: fishing_hotspots_2026-07-07.json
2026-08-08T18:18:14 [INFO] Purged old hotspot file: fishing_hotspots_2026-07-14.json
2026-08-08T18:18:14 [INFO] Purged old hotspot file: fishing_hotspots_2026-07-15.json
2026-08-08T18:18:14 [INFO] Purged old hotspot file: fishing_hotspots_2026-07-22.json
2026-08-08T18:18:14 [INFO] Purged old hotspot file: fishing_hotspots_2026-07-12.json
2026-08-08T18:18:14 [INFO] Purged old hotspot file: fishing_hotspots_2026-07-10.json
2026-08-08T18:18:14 [INFO] Purged old hotspot file: fishing_hotspots_2026-07-26.json
2026-08-08T18:18:14 [INFO] Purged old hotspot file: fishing_hotspots_2026-07-21.json
2026-08-08T18:18:14 [INFO] Purged old hotspot file: fishing_hotspots_2026-07-17.json
2026-08-08T18:18:14 [INFO] Purged old hotspot file: fishing_hotspots_2026-07-31.json
2026-08-08T18:18:14 [INFO] Purged old hotspot file: fishing_hotspots_2026-07-18.json
2026-08-08T18:18:14 [INFO] Purged old hotspot file: fishing_hotspots_2026-07-06.json
2026-08-08T18:18:14 [INFO] Purged old hotspot file: fishing_hotspots_2026-07-25.json
2026-08-08T18:18:14 [INFO] Purged old hotspot file: fishing_hotspots_2026-07-13.json
2026-08-08T18:18:14 [INFO] Purged old hotspot file: fishing_hotspots_2026-07-23.json
2026-08-08T18:18:14 [INFO] Purged old hotspot file: fishing_hotspots_2026-07-28.json
2026-08-08T18:18:14 [INFO] Wrote fishing_hotspots_2026-08-08.json  (11.5 KB)
2026-08-08T18:18:14 [INFO] === Done ===
