2026-07-28T07:23:35 [INFO] === FishingHotspotAnalyzer  date=2026-07-28  month=July ===
2026-07-28T07:23:35 [INFO] Species to analyze: ['yellowfin', 'bluefin', 'mahi', 'wahoo', 'kingfish', 'white_marlin', 'blue_marlin']
2026-07-28T07:23:35 [INFO] Composite loaded: 266 lat × 335 lon, coverage 54.7%
2026-07-28T07:23:35 [INFO] Composite loaded: 48705 points  step=0.0200°
2026-07-28T07:23:35 [INFO] Bathymetry grid loaded: 1272 × 1604 cells
2026-07-28T07:23:37 [INFO] Bathy lookup: 217812 entries
2026-07-28T07:23:37 [INFO] Loaded CHL from CHL_20260726.json  (17007 valid points, 2 days old)
2026-07-28T07:23:37 [INFO] Loaded kd490 from SEACOLOR_20260726.json  (1388 valid points, 2 days old)
2026-07-28T07:23:37 [INFO]   Analyzing Yellowfin Tuna ...
2026-07-28T07:23:37 [INFO]     1362 / 1422 scored points above 0.65 threshold
2026-07-28T07:23:37 [INFO]     22 raw cluster(s) found
2026-07-28T07:23:38 [INFO]     Zone 1: habitat=0.901 × seasonal=0.80 → score=0.721  (prime)
2026-07-28T07:23:38 [INFO]     Zone 2: habitat=0.893 × seasonal=0.80 → score=0.714  (prime)
2026-07-28T07:23:38 [INFO]     Zone 3: habitat=0.866 × seasonal=0.80 → score=0.693  (prime)
2026-07-28T07:23:38 [INFO]     -> 3 zone(s) for Yellowfin Tuna  [seasonality: prime  mult=0.80]
2026-07-28T07:23:38 [INFO]   Analyzing Bluefin Tuna ...
2026-07-28T07:23:38 [INFO]     0 / 0 scored points above 0.60 threshold
2026-07-28T07:23:38 [INFO]     0 raw cluster(s) found
2026-07-28T07:23:38 [INFO]     -> 0 zone(s) for Bluefin Tuna  [seasonality: off-season  mult=0.45]
2026-07-28T07:23:38 [INFO]   Analyzing Mahi-Mahi ...
2026-07-28T07:23:38 [INFO]     831 / 838 scored points above 0.64 threshold
2026-07-28T07:23:38 [INFO]     81 raw cluster(s) found
2026-07-28T07:23:38 [INFO]     Zone 1: habitat=0.996 × seasonal=1.00 → score=0.996  (peak)
2026-07-28T07:23:38 [INFO]     Zone 2: habitat=0.996 × seasonal=1.00 → score=0.996  (peak)
2026-07-28T07:23:38 [INFO]     Zone 3: habitat=0.996 × seasonal=1.00 → score=0.996  (peak)
2026-07-28T07:23:38 [INFO]     -> 3 zone(s) for Mahi-Mahi  [seasonality: peak  mult=1.00]
2026-07-28T07:23:38 [INFO]   Analyzing Wahoo ...
2026-07-28T07:23:38 [INFO]     4081 / 4199 scored points above 0.58 threshold
2026-07-28T07:23:38 [INFO]     77 raw cluster(s) found
2026-07-28T07:23:38 [INFO]     Zone 1: habitat=0.940 × seasonal=0.80 → score=0.752  (prime)
2026-07-28T07:23:38 [INFO]     Zone 2: habitat=0.937 × seasonal=0.80 → score=0.750  (prime)
2026-07-28T07:23:38 [INFO]     Zone 3: habitat=0.934 × seasonal=0.80 → score=0.747  (prime)
2026-07-28T07:23:38 [INFO]     -> 3 zone(s) for Wahoo  [seasonality: prime  mult=0.80]
2026-07-28T07:23:38 [INFO]   Analyzing King Mackerel ...
2026-07-28T07:23:38 [INFO]     48 / 101 scored points above 0.60 threshold
2026-07-28T07:23:38 [INFO]     5 raw cluster(s) found
2026-07-28T07:23:38 [INFO]     Zone 1: habitat=0.696 × seasonal=0.80 → score=0.557  (prime)
2026-07-28T07:23:38 [INFO]     Zone 2: habitat=0.653 × seasonal=0.80 → score=0.522  (prime)
2026-07-28T07:23:38 [INFO]     -> 2 zone(s) for King Mackerel  [seasonality: prime  mult=0.80]
2026-07-28T07:23:38 [INFO]   Analyzing White Marlin ...
2026-07-28T07:23:38 [INFO]     1822 / 1911 scored points above 0.60 threshold
2026-07-28T07:23:38 [INFO]     31 raw cluster(s) found
2026-07-28T07:23:38 [INFO]     Zone 1: habitat=0.828 × seasonal=0.80 → score=0.662  (prime)
2026-07-28T07:23:38 [INFO]     Zone 2: habitat=0.826 × seasonal=0.80 → score=0.661  (prime)
2026-07-28T07:23:38 [INFO]     Zone 3: habitat=0.825 × seasonal=0.80 → score=0.660  (prime)
2026-07-28T07:23:38 [INFO]     -> 3 zone(s) for White Marlin  [seasonality: prime  mult=0.80]
2026-07-28T07:23:38 [INFO]   Analyzing Blue Marlin ...
2026-07-28T07:23:38 [INFO]     3892 / 4262 scored points above 0.58 threshold
2026-07-28T07:23:38 [INFO]     34 raw cluster(s) found
2026-07-28T07:23:38 [INFO]     Zone 1: habitat=0.892 × seasonal=1.00 → score=0.892  (peak)
2026-07-28T07:23:38 [INFO]     Zone 2: habitat=0.890 × seasonal=1.00 → score=0.890  (peak)
2026-07-28T07:23:38 [INFO]     Zone 3: habitat=0.842 × seasonal=1.00 → score=0.842  (peak)
2026-07-28T07:23:38 [INFO]     -> 3 zone(s) for Blue Marlin  [seasonality: peak  mult=1.00]
2026-07-28T07:23:38 [INFO] Purged old hotspot file: fishing_hotspots_2026-07-11.json
2026-07-28T07:23:38 [INFO] Purged old hotspot file: fishing_hotspots_2026-07-16.json
2026-07-28T07:23:38 [INFO] Purged old hotspot file: fishing_hotspots_2026-07-08.json
2026-07-28T07:23:38 [INFO] Purged old hotspot file: fishing_hotspots_2026-07-20.json
2026-07-28T07:23:38 [INFO] Purged old hotspot file: fishing_hotspots_2026-07-19.json
2026-07-28T07:23:38 [INFO] Purged old hotspot file: fishing_hotspots_2026-07-09.json
2026-07-28T07:23:38 [INFO] Purged old hotspot file: fishing_hotspots_2026-07-07.json
2026-07-28T07:23:38 [INFO] Purged old hotspot file: fishing_hotspots_2026-07-14.json
2026-07-28T07:23:38 [INFO] Purged old hotspot file: fishing_hotspots_2026-07-15.json
2026-07-28T07:23:38 [INFO] Purged old hotspot file: fishing_hotspots_2026-07-12.json
2026-07-28T07:23:38 [INFO] Purged old hotspot file: fishing_hotspots_2026-07-10.json
2026-07-28T07:23:38 [INFO] Purged old hotspot file: fishing_hotspots_2026-07-17.json
2026-07-28T07:23:38 [INFO] Purged old hotspot file: fishing_hotspots_2026-07-18.json
2026-07-28T07:23:38 [INFO] Purged old hotspot file: fishing_hotspots_2026-07-06.json
2026-07-28T07:23:38 [INFO] Purged old hotspot file: fishing_hotspots_2026-07-13.json
2026-07-28T07:23:38 [INFO] Wrote fishing_hotspots_2026-07-28.json  (15.9 KB)
2026-07-28T07:23:38 [INFO] === Done ===
