2026-06-12T13:03:47 [INFO] === FishingHotspotAnalyzer  date=2026-06-12  month=June ===
2026-06-12T13:03:47 [INFO] Species to analyze: ['yellowfin', 'bluefin', 'mahi', 'wahoo', 'kingfish', 'white_marlin', 'blue_marlin']
2026-06-12T13:03:47 [INFO] Composite loaded: 266 lat × 335 lon, coverage 40.9%
2026-06-12T13:03:47 [INFO] Composite loaded: 36454 points  step=0.0200°
2026-06-12T13:03:47 [INFO] Bathymetry grid loaded: 1273 × 1604 cells
2026-06-12T13:03:50 [INFO] Bathy lookup: 241969 entries
2026-06-12T13:03:50 [INFO] Loaded CHL from CHL_20260610.json  (3180 valid points, 2 days old)
2026-06-12T13:03:50 [INFO] Loaded kd490 from SEACOLOR_20260610.json  (266 valid points, 2 days old)
2026-06-12T13:03:50 [INFO]   Analyzing Yellowfin Tuna ...
2026-06-12T13:03:50 [INFO]     174 / 266 scored points above 0.65 threshold
2026-06-12T13:03:50 [INFO]     3 raw cluster(s) found
2026-06-12T13:03:50 [INFO]     Zone 1: habitat=0.756 × seasonal=0.80 → score=0.605  (prime)
2026-06-12T13:03:50 [INFO]     Zone 2: habitat=0.734 × seasonal=0.80 → score=0.587  (prime)
2026-06-12T13:03:50 [INFO]     -> 2 zone(s) for Yellowfin Tuna  [seasonality: prime  mult=0.80]
2026-06-12T13:03:50 [INFO]   Analyzing Bluefin Tuna ...
2026-06-12T13:03:50 [INFO]     63 / 109 scored points above 0.60 threshold
2026-06-12T13:03:50 [INFO]     5 raw cluster(s) found
2026-06-12T13:03:50 [INFO]     Zone 1: habitat=0.853 × seasonal=0.45 → score=0.384  (off-season)
2026-06-12T13:03:50 [INFO]     Zone 2: habitat=0.804 × seasonal=0.45 → score=0.362  (off-season)
2026-06-12T13:03:50 [INFO]     -> 2 zone(s) for Bluefin Tuna  [seasonality: off-season  mult=0.45]
2026-06-12T13:03:50 [INFO]   Analyzing Mahi-Mahi ...
2026-06-12T13:03:50 [INFO]     159 / 1531 scored points above 0.54 threshold
2026-06-12T13:03:50 [INFO]     6 raw cluster(s) found
2026-06-12T13:03:50 [INFO]     Zone 1: habitat=0.748 × seasonal=1.00 → score=0.748  (peak)
2026-06-12T13:03:50 [INFO]     Zone 2: habitat=0.548 × seasonal=1.00 → score=0.548  (peak)
2026-06-12T13:03:50 [INFO]     -> 2 zone(s) for Mahi-Mahi  [seasonality: peak  mult=1.00]
2026-06-12T13:03:50 [INFO]   Analyzing Wahoo ...
2026-06-12T13:03:50 [INFO]     607 / 746 scored points above 0.58 threshold
2026-06-12T13:03:50 [INFO]     9 raw cluster(s) found
2026-06-12T13:03:50 [INFO]     Zone 1: habitat=0.832 × seasonal=0.45 → score=0.374  (off-season)
2026-06-12T13:03:50 [INFO]     Zone 2: habitat=0.787 × seasonal=0.45 → score=0.354  (off-season)
2026-06-12T13:03:50 [INFO]     Zone 3: habitat=0.748 × seasonal=0.45 → score=0.337  (off-season)
2026-06-12T13:03:50 [INFO]     -> 3 zone(s) for Wahoo  [seasonality: off-season  mult=0.45]
2026-06-12T13:03:50 [INFO]   Analyzing King Mackerel ...
2026-06-12T13:03:50 [INFO]     905 / 1161 scored points above 0.60 threshold
2026-06-12T13:03:50 [INFO]     23 raw cluster(s) found
2026-06-12T13:03:50 [INFO]     Zone 1: habitat=0.852 × seasonal=0.80 → score=0.682  (prime)
2026-06-12T13:03:50 [INFO]     Zone 2: habitat=0.838 × seasonal=0.80 → score=0.670  (prime)
2026-06-12T13:03:50 [INFO]     Zone 3: habitat=0.828 × seasonal=0.80 → score=0.662  (prime)
2026-06-12T13:03:50 [INFO]     -> 3 zone(s) for King Mackerel  [seasonality: prime  mult=0.80]
2026-06-12T13:03:50 [INFO]   Analyzing White Marlin ...
2026-06-12T13:03:50 [INFO]     191 / 213 scored points above 0.60 threshold
2026-06-12T13:03:50 [INFO]     5 raw cluster(s) found
2026-06-12T13:03:50 [INFO]     Zone 1: habitat=0.787 × seasonal=0.45 → score=0.354  (off-season)
2026-06-12T13:03:50 [INFO]     Zone 2: habitat=0.707 × seasonal=0.45 → score=0.318  (off-season)
2026-06-12T13:03:50 [INFO]     -> 2 zone(s) for White Marlin  [seasonality: off-season  mult=0.45]
2026-06-12T13:03:50 [INFO]   Analyzing Blue Marlin ...
2026-06-12T13:03:51 [INFO]     1523 / 1771 scored points above 0.58 threshold
2026-06-12T13:03:51 [INFO]     10 raw cluster(s) found
2026-06-12T13:03:51 [INFO]     Zone 1: habitat=0.755 × seasonal=0.80 → score=0.604  (prime)
2026-06-12T13:03:51 [INFO]     Zone 2: habitat=0.736 × seasonal=0.80 → score=0.589  (prime)
2026-06-12T13:03:51 [INFO]     Zone 3: habitat=0.735 × seasonal=0.80 → score=0.588  (prime)
2026-06-12T13:03:51 [INFO]     -> 3 zone(s) for Blue Marlin  [seasonality: prime  mult=0.80]
2026-06-12T13:03:51 [INFO] Purged old hotspot file: fishing_hotspots_2026-05-25.json
2026-06-12T13:03:51 [INFO] Purged old hotspot file: fishing_hotspots_2026-06-04.json
2026-06-12T13:03:51 [INFO] Purged old hotspot file: fishing_hotspots_2026-06-02.json
2026-06-12T13:03:51 [INFO] Purged old hotspot file: fishing_hotspots_2026-05-28.json
2026-06-12T13:03:51 [INFO] Purged old hotspot file: fishing_hotspots_2026-05-23.json
2026-06-12T13:03:51 [INFO] Purged old hotspot file: fishing_hotspots_2026-05-30.json
2026-06-12T13:03:51 [INFO] Purged old hotspot file: fishing_hotspots_2026-05-31.json
2026-06-12T13:03:51 [INFO] Purged old hotspot file: fishing_hotspots_2026-05-24.json
2026-06-12T13:03:51 [INFO] Purged old hotspot file: fishing_hotspots_2026-05-29.json
2026-06-12T13:03:51 [INFO] Purged old hotspot file: fishing_hotspots_2026-05-22.json
2026-06-12T13:03:51 [INFO] Purged old hotspot file: fishing_hotspots_2026-05-27.json
2026-06-12T13:03:51 [INFO] Purged old hotspot file: fishing_hotspots_2026-06-03.json
2026-06-12T13:03:51 [INFO] Purged old hotspot file: fishing_hotspots_2026-05-26.json
2026-06-12T13:03:51 [INFO] Purged old hotspot file: fishing_hotspots_2026-06-01.json
2026-06-12T13:03:51 [INFO] Wrote fishing_hotspots_2026-06-12.json  (16.7 KB)
2026-06-12T13:03:51 [INFO] === Done ===
