2026-06-24T05:50:10 [INFO] === FishingHotspotAnalyzer  date=2026-06-24  month=June ===
2026-06-24T05:50:10 [INFO] Species to analyze: ['yellowfin', 'bluefin', 'mahi', 'wahoo', 'kingfish', 'white_marlin', 'blue_marlin']
2026-06-24T05:50:10 [INFO] Composite loaded: 266 lat × 335 lon, coverage 53.7%
2026-06-24T05:50:10 [INFO] Composite loaded: 47886 points  step=0.0200°
2026-06-24T05:50:10 [INFO] Bathymetry grid loaded: 1273 × 1604 cells
2026-06-24T05:50:12 [INFO] Bathy lookup: 241969 entries
2026-06-24T05:50:12 [INFO] Loaded CHL from CHL_20260621.json  (25897 valid points, 3 days old)
2026-06-24T05:50:12 [INFO] Loaded kd490 from SEACOLOR_20260621.json  (2366 valid points, 3 days old)
2026-06-24T05:50:12 [INFO]   Analyzing Yellowfin Tuna ...
2026-06-24T05:50:12 [INFO]     1528 / 1890 scored points above 0.65 threshold
2026-06-24T05:50:12 [INFO]     27 raw cluster(s) found
2026-06-24T05:50:13 [INFO]     Zone 1: habitat=0.937 × seasonal=0.80 → score=0.750  (prime)
2026-06-24T05:50:13 [INFO]     Zone 2: habitat=0.883 × seasonal=0.80 → score=0.706  (prime)
2026-06-24T05:50:13 [INFO]     Zone 3: habitat=0.837 × seasonal=0.80 → score=0.670  (prime)
2026-06-24T05:50:13 [INFO]     -> 3 zone(s) for Yellowfin Tuna  [seasonality: prime  mult=0.80]
2026-06-24T05:50:13 [INFO]   Analyzing Bluefin Tuna ...
2026-06-24T05:50:13 [INFO]     66 / 67 scored points above 0.60 threshold
2026-06-24T05:50:13 [INFO]     6 raw cluster(s) found
2026-06-24T05:50:13 [INFO]     Zone 1: habitat=0.758 × seasonal=0.45 → score=0.341  (off-season)
2026-06-24T05:50:13 [INFO]     -> 1 zone(s) for Bluefin Tuna  [seasonality: off-season  mult=0.45]
2026-06-24T05:50:13 [INFO]   Analyzing Mahi-Mahi ...
2026-06-24T05:50:13 [INFO]     1478 / 1588 scored points above 0.54 threshold
2026-06-24T05:50:13 [INFO]     11 raw cluster(s) found
2026-06-24T05:50:13 [INFO]     Zone 1: habitat=0.864 × seasonal=1.00 → score=0.864  (peak)
2026-06-24T05:50:13 [INFO]     Zone 2: habitat=0.665 × seasonal=1.00 → score=0.665  (peak)
2026-06-24T05:50:13 [INFO]     Zone 3: habitat=0.665 × seasonal=1.00 → score=0.665  (peak)
2026-06-24T05:50:13 [INFO]     -> 3 zone(s) for Mahi-Mahi  [seasonality: peak  mult=1.00]
2026-06-24T05:50:13 [INFO]   Analyzing Wahoo ...
2026-06-24T05:50:13 [INFO]     3048 / 3390 scored points above 0.58 threshold
2026-06-24T05:50:13 [INFO]     63 raw cluster(s) found
2026-06-24T05:50:13 [INFO]     Zone 1: habitat=0.909 × seasonal=0.45 → score=0.409  (off-season)
2026-06-24T05:50:13 [INFO]     Zone 2: habitat=0.905 × seasonal=0.45 → score=0.407  (off-season)
2026-06-24T05:50:13 [INFO]     Zone 3: habitat=0.895 × seasonal=0.45 → score=0.403  (off-season)
2026-06-24T05:50:13 [INFO]     -> 3 zone(s) for Wahoo  [seasonality: off-season  mult=0.45]
2026-06-24T05:50:13 [INFO]   Analyzing King Mackerel ...
2026-06-24T05:50:13 [INFO]     218 / 493 scored points above 0.60 threshold
2026-06-24T05:50:13 [INFO]     13 raw cluster(s) found
2026-06-24T05:50:13 [INFO]     Zone 1: habitat=0.760 × seasonal=0.80 → score=0.608  (prime)
2026-06-24T05:50:13 [INFO]     Zone 2: habitat=0.759 × seasonal=0.80 → score=0.607  (prime)
2026-06-24T05:50:13 [INFO]     Zone 3: habitat=0.724 × seasonal=0.80 → score=0.579  (prime)
2026-06-24T05:50:13 [INFO]     -> 3 zone(s) for King Mackerel  [seasonality: prime  mult=0.80]
2026-06-24T05:50:13 [INFO]   Analyzing White Marlin ...
2026-06-24T05:50:13 [INFO]     978 / 1286 scored points above 0.60 threshold
2026-06-24T05:50:13 [INFO]     19 raw cluster(s) found
2026-06-24T05:50:13 [INFO]     Zone 1: habitat=0.848 × seasonal=0.45 → score=0.382  (off-season)
2026-06-24T05:50:13 [INFO]     Zone 2: habitat=0.797 × seasonal=0.45 → score=0.359  (off-season)
2026-06-24T05:50:13 [INFO]     Zone 3: habitat=0.794 × seasonal=0.45 → score=0.357  (off-season)
2026-06-24T05:50:13 [INFO]     -> 3 zone(s) for White Marlin  [seasonality: off-season  mult=0.45]
2026-06-24T05:50:13 [INFO]   Analyzing Blue Marlin ...
2026-06-24T05:50:13 [INFO]     2486 / 3208 scored points above 0.58 threshold
2026-06-24T05:50:13 [INFO]     25 raw cluster(s) found
2026-06-24T05:50:13 [INFO]     Zone 1: habitat=0.833 × seasonal=0.80 → score=0.666  (prime)
2026-06-24T05:50:13 [INFO]     Zone 2: habitat=0.792 × seasonal=0.80 → score=0.634  (prime)
2026-06-24T05:50:13 [INFO]     Zone 3: habitat=0.788 × seasonal=0.80 → score=0.630  (prime)
2026-06-24T05:50:13 [INFO]     -> 3 zone(s) for Blue Marlin  [seasonality: prime  mult=0.80]
2026-06-24T05:50:13 [INFO] Purged old hotspot file: fishing_hotspots_2026-05-25.json
2026-06-24T05:50:13 [INFO] Purged old hotspot file: fishing_hotspots_2026-06-09.json
2026-06-24T05:50:13 [INFO] Purged old hotspot file: fishing_hotspots_2026-06-10.json
2026-06-24T05:50:13 [INFO] Purged old hotspot file: fishing_hotspots_2026-06-05.json
2026-06-24T05:50:13 [INFO] Purged old hotspot file: fishing_hotspots_2026-06-08.json
2026-06-24T05:50:13 [INFO] Purged old hotspot file: fishing_hotspots_2026-06-04.json
2026-06-24T05:50:13 [INFO] Purged old hotspot file: fishing_hotspots_2026-06-02.json
2026-06-24T05:50:13 [INFO] Purged old hotspot file: fishing_hotspots_2026-06-07.json
2026-06-24T05:50:13 [INFO] Purged old hotspot file: fishing_hotspots_2026-06-06.json
2026-06-24T05:50:13 [INFO] Purged old hotspot file: fishing_hotspots_2026-06-14.json
2026-06-24T05:50:13 [INFO] Purged old hotspot file: fishing_hotspots_2026-05-28.json
2026-06-24T05:50:13 [INFO] Purged old hotspot file: fishing_hotspots_2026-05-23.json
2026-06-24T05:50:13 [INFO] Purged old hotspot file: fishing_hotspots_2026-06-15.json
2026-06-24T05:50:13 [INFO] Purged old hotspot file: fishing_hotspots_2026-05-30.json
2026-06-24T05:50:13 [INFO] Purged old hotspot file: fishing_hotspots_2026-05-31.json
2026-06-24T05:50:13 [INFO] Purged old hotspot file: fishing_hotspots_2026-06-11.json
2026-06-24T05:50:13 [INFO] Purged old hotspot file: fishing_hotspots_2026-05-24.json
2026-06-24T05:50:13 [INFO] Purged old hotspot file: fishing_hotspots_2026-05-29.json
2026-06-24T05:50:13 [INFO] Purged old hotspot file: fishing_hotspots_2026-05-22.json
2026-06-24T05:50:13 [INFO] Purged old hotspot file: fishing_hotspots_2026-05-27.json
2026-06-24T05:50:13 [INFO] Purged old hotspot file: fishing_hotspots_2026-06-16.json
2026-06-24T05:50:13 [INFO] Purged old hotspot file: fishing_hotspots_2026-06-03.json
2026-06-24T05:50:13 [INFO] Purged old hotspot file: fishing_hotspots_2026-06-12.json
2026-06-24T05:50:13 [INFO] Purged old hotspot file: fishing_hotspots_2026-06-13.json
2026-06-24T05:50:13 [INFO] Purged old hotspot file: fishing_hotspots_2026-05-26.json
2026-06-24T05:50:13 [INFO] Purged old hotspot file: fishing_hotspots_2026-06-01.json
2026-06-24T05:50:13 [INFO] Wrote fishing_hotspots_2026-06-24.json  (18.5 KB)
2026-06-24T05:50:13 [INFO] === Done ===
