2026-07-23T16:15:31 [INFO] === FishingHotspotAnalyzer  date=2026-07-23  month=July ===
2026-07-23T16:15:31 [INFO] Species to analyze: ['yellowfin', 'bluefin', 'mahi', 'wahoo', 'kingfish', 'white_marlin', 'blue_marlin']
2026-07-23T16:15:31 [INFO] Composite loaded: 266 lat × 335 lon, coverage 35.7%
2026-07-23T16:15:31 [INFO] Composite loaded: 31786 points  step=0.0200°
2026-07-23T16:15:31 [INFO] Bathymetry grid loaded: 1272 × 1604 cells
2026-07-23T16:15:33 [INFO] Bathy lookup: 217812 entries
2026-07-23T16:15:33 [INFO] Loaded CHL from CHL_20260722.json  (7069 valid points, 1 days old)
2026-07-23T16:15:33 [INFO] Loaded kd490 from SEACOLOR_20260721.json  (237 valid points, 2 days old)
2026-07-23T16:15:33 [INFO]   Analyzing Yellowfin Tuna ...
2026-07-23T16:15:34 [INFO]     853 / 974 scored points above 0.65 threshold
2026-07-23T16:15:34 [INFO]     21 raw cluster(s) found
2026-07-23T16:15:34 [INFO]     Zone 1: habitat=0.898 × seasonal=0.80 → score=0.718  (prime)
2026-07-23T16:15:34 [INFO]     Zone 2: habitat=0.848 × seasonal=0.80 → score=0.678  (prime)
2026-07-23T16:15:34 [INFO]     Zone 3: habitat=0.821 × seasonal=0.80 → score=0.657  (prime)
2026-07-23T16:15:34 [INFO]     -> 3 zone(s) for Yellowfin Tuna  [seasonality: prime  mult=0.80]
2026-07-23T16:15:34 [INFO]   Analyzing Bluefin Tuna ...
2026-07-23T16:15:34 [INFO]     0 / 0 scored points above 0.60 threshold
2026-07-23T16:15:34 [INFO]     0 raw cluster(s) found
2026-07-23T16:15:34 [INFO]     -> 0 zone(s) for Bluefin Tuna  [seasonality: off-season  mult=0.45]
2026-07-23T16:15:34 [INFO]   Analyzing Mahi-Mahi ...
2026-07-23T16:15:34 [INFO]     117 / 117 scored points above 0.64 threshold
2026-07-23T16:15:34 [INFO]     10 raw cluster(s) found
2026-07-23T16:15:34 [INFO]     Zone 1: habitat=0.881 × seasonal=1.00 → score=0.881  (peak)
2026-07-23T16:15:34 [INFO]     Zone 2: habitat=0.879 × seasonal=1.00 → score=0.879  (peak)
2026-07-23T16:15:34 [INFO]     Zone 3: habitat=0.846 × seasonal=1.00 → score=0.846  (peak)
2026-07-23T16:15:34 [INFO]     -> 3 zone(s) for Mahi-Mahi  [seasonality: peak  mult=1.00]
2026-07-23T16:15:34 [INFO]   Analyzing Wahoo ...
2026-07-23T16:15:34 [INFO]     3063 / 3426 scored points above 0.58 threshold
2026-07-23T16:15:34 [INFO]     50 raw cluster(s) found
2026-07-23T16:15:34 [INFO]     Zone 1: habitat=0.876 × seasonal=0.80 → score=0.701  (prime)
2026-07-23T16:15:34 [INFO]     Zone 2: habitat=0.868 × seasonal=0.80 → score=0.694  (prime)
2026-07-23T16:15:34 [INFO]     Zone 3: habitat=0.862 × seasonal=0.80 → score=0.690  (prime)
2026-07-23T16:15:34 [INFO]     -> 3 zone(s) for Wahoo  [seasonality: prime  mult=0.80]
2026-07-23T16:15:34 [INFO]   Analyzing King Mackerel ...
2026-07-23T16:15:34 [INFO]     75 / 229 scored points above 0.60 threshold
2026-07-23T16:15:34 [INFO]     6 raw cluster(s) found
2026-07-23T16:15:34 [INFO]     Zone 1: habitat=0.706 × seasonal=0.80 → score=0.565  (prime)
2026-07-23T16:15:34 [INFO]     -> 1 zone(s) for King Mackerel  [seasonality: prime  mult=0.80]
2026-07-23T16:15:34 [INFO]   Analyzing White Marlin ...
2026-07-23T16:15:34 [INFO]     1486 / 1543 scored points above 0.60 threshold
2026-07-23T16:15:34 [INFO]     20 raw cluster(s) found
2026-07-23T16:15:34 [INFO]     Zone 1: habitat=0.842 × seasonal=0.80 → score=0.674  (prime)
2026-07-23T16:15:34 [INFO]     Zone 2: habitat=0.830 × seasonal=0.80 → score=0.664  (prime)
2026-07-23T16:15:34 [INFO]     Zone 3: habitat=0.826 × seasonal=0.80 → score=0.661  (prime)
2026-07-23T16:15:34 [INFO]     -> 3 zone(s) for White Marlin  [seasonality: prime  mult=0.80]
2026-07-23T16:15:34 [INFO]   Analyzing Blue Marlin ...
2026-07-23T16:15:34 [INFO]     2595 / 3149 scored points above 0.58 threshold
2026-07-23T16:15:34 [INFO]     39 raw cluster(s) found
2026-07-23T16:15:34 [INFO]     Zone 1: habitat=0.876 × seasonal=1.00 → score=0.876  (peak)
2026-07-23T16:15:34 [INFO]     Zone 2: habitat=0.805 × seasonal=1.00 → score=0.805  (peak)
2026-07-23T16:15:34 [INFO]     Zone 3: habitat=0.804 × seasonal=1.00 → score=0.804  (peak)
2026-07-23T16:15:34 [INFO]     -> 3 zone(s) for Blue Marlin  [seasonality: peak  mult=1.00]
2026-07-23T16:15:34 [INFO] Purged old hotspot file: fishing_hotspots_2026-07-06.json
2026-07-23T16:15:34 [INFO] Purged old hotspot file: fishing_hotspots_2026-07-14.json
2026-07-23T16:15:34 [INFO] Purged old hotspot file: fishing_hotspots_2026-07-13.json
2026-07-23T16:15:34 [INFO] Purged old hotspot file: fishing_hotspots_2026-07-09.json
2026-07-23T16:15:34 [INFO] Purged old hotspot file: fishing_hotspots_2026-07-12.json
2026-07-23T16:15:34 [INFO] Purged old hotspot file: fishing_hotspots_2026-07-07.json
2026-07-23T16:15:34 [INFO] Purged old hotspot file: fishing_hotspots_2026-07-08.json
2026-07-23T16:15:34 [INFO] Purged old hotspot file: fishing_hotspots_2026-07-15.json
2026-07-23T16:15:34 [INFO] Purged old hotspot file: fishing_hotspots_2026-07-11.json
2026-07-23T16:15:34 [INFO] Purged old hotspot file: fishing_hotspots_2026-07-10.json
2026-07-23T16:15:34 [INFO] Wrote fishing_hotspots_2026-07-23.json  (15.2 KB)
2026-07-23T16:15:34 [INFO] === Done ===
