2026-07-13T00:35:43 [INFO] === FishingHotspotAnalyzer  date=2026-07-13  month=July ===
2026-07-13T00:35:43 [INFO] Species to analyze: ['yellowfin', 'bluefin', 'mahi', 'wahoo', 'kingfish', 'white_marlin', 'blue_marlin']
2026-07-13T00:35:43 [INFO] Composite loaded: 266 lat × 335 lon, coverage 52.6%
2026-07-13T00:35:44 [INFO] Composite loaded: 46900 points  step=0.0200°
2026-07-13T00:35:44 [INFO] Bathymetry grid loaded: 1272 × 1604 cells
2026-07-13T00:35:46 [INFO] Bathy lookup: 217812 entries
2026-07-13T00:35:46 [INFO] Loaded CHL from CHL_20260711.json  (14490 valid points, 2 days old)
2026-07-13T00:35:46 [INFO] Loaded kd490 from SEACOLOR_20260711.json  (1385 valid points, 2 days old)
2026-07-13T00:35:46 [INFO]   Analyzing Yellowfin Tuna ...
2026-07-13T00:35:46 [INFO]     242 / 390 scored points above 0.65 threshold
2026-07-13T00:35:46 [INFO]     11 raw cluster(s) found
2026-07-13T00:35:46 [INFO]     Zone 1: habitat=0.774 × seasonal=0.80 → score=0.619  (prime)
2026-07-13T00:35:46 [INFO]     Zone 2: habitat=0.749 × seasonal=0.80 → score=0.599  (prime)
2026-07-13T00:35:46 [INFO]     Zone 3: habitat=0.736 × seasonal=0.80 → score=0.589  (prime)
2026-07-13T00:35:46 [INFO]     -> 3 zone(s) for Yellowfin Tuna  [seasonality: prime  mult=0.80]
2026-07-13T00:35:46 [INFO]   Analyzing Bluefin Tuna ...
2026-07-13T00:35:46 [INFO]     0 / 0 scored points above 0.60 threshold
2026-07-13T00:35:46 [INFO]     0 raw cluster(s) found
2026-07-13T00:35:46 [INFO]     -> 0 zone(s) for Bluefin Tuna  [seasonality: off-season  mult=0.45]
2026-07-13T00:35:46 [INFO]   Analyzing Mahi-Mahi ...
2026-07-13T00:35:46 [INFO]     0 / 0 scored points above 0.64 threshold
2026-07-13T00:35:46 [INFO]     0 raw cluster(s) found
2026-07-13T00:35:46 [INFO]     -> 0 zone(s) for Mahi-Mahi  [seasonality: peak  mult=1.00]
2026-07-13T00:35:46 [INFO]   Analyzing Wahoo ...
2026-07-13T00:35:47 [INFO]     1155 / 1388 scored points above 0.58 threshold
2026-07-13T00:35:47 [INFO]     32 raw cluster(s) found
2026-07-13T00:35:47 [INFO]     Zone 1: habitat=0.769 × seasonal=0.80 → score=0.615  (prime)
2026-07-13T00:35:47 [INFO]     Zone 2: habitat=0.769 × seasonal=0.80 → score=0.615  (prime)
2026-07-13T00:35:47 [INFO]     Zone 3: habitat=0.759 × seasonal=0.80 → score=0.607  (prime)
2026-07-13T00:35:47 [INFO]     -> 3 zone(s) for Wahoo  [seasonality: prime  mult=0.80]
2026-07-13T00:35:47 [INFO]   Analyzing King Mackerel ...
2026-07-13T00:35:47 [INFO]     0 / 2 scored points above 0.60 threshold
2026-07-13T00:35:47 [INFO]     0 raw cluster(s) found
2026-07-13T00:35:47 [INFO]     -> 0 zone(s) for King Mackerel  [seasonality: prime  mult=0.80]
2026-07-13T00:35:47 [INFO]   Analyzing White Marlin ...
2026-07-13T00:35:47 [INFO]     703 / 733 scored points above 0.60 threshold
2026-07-13T00:35:47 [INFO]     14 raw cluster(s) found
2026-07-13T00:35:47 [INFO]     Zone 1: habitat=0.813 × seasonal=0.80 → score=0.650  (prime)
2026-07-13T00:35:47 [INFO]     Zone 2: habitat=0.812 × seasonal=0.80 → score=0.650  (prime)
2026-07-13T00:35:47 [INFO]     Zone 3: habitat=0.811 × seasonal=0.80 → score=0.649  (prime)
2026-07-13T00:35:47 [INFO]     -> 3 zone(s) for White Marlin  [seasonality: prime  mult=0.80]
2026-07-13T00:35:47 [INFO]   Analyzing Blue Marlin ...
2026-07-13T00:35:47 [INFO]     3262 / 3584 scored points above 0.58 threshold
2026-07-13T00:35:47 [INFO]     23 raw cluster(s) found
2026-07-13T00:35:47 [INFO]     Zone 1: habitat=0.876 × seasonal=1.00 → score=0.876  (peak)
2026-07-13T00:35:47 [INFO]     Zone 2: habitat=0.812 × seasonal=1.00 → score=0.812  (peak)
2026-07-13T00:35:47 [INFO]     Zone 3: habitat=0.768 × seasonal=1.00 → score=0.768  (peak)
2026-07-13T00:35:47 [INFO]     -> 3 zone(s) for Blue Marlin  [seasonality: peak  mult=1.00]
2026-07-13T00:35:47 [INFO] Wrote fishing_hotspots_2026-07-13.json  (11.6 KB)
2026-07-13T00:35:47 [INFO] === Done ===
