2026-07-07T08:03:04 [INFO] === FishingHotspotAnalyzer  date=2026-07-07  month=July ===
2026-07-07T08:03:04 [INFO] Species to analyze: ['yellowfin', 'bluefin', 'mahi', 'wahoo', 'kingfish', 'white_marlin', 'blue_marlin']
2026-07-07T08:03:04 [INFO] Composite loaded: 266 lat × 335 lon, coverage 50.0%
2026-07-07T08:03:04 [INFO] Composite loaded: 44538 points  step=0.0200°
2026-07-07T08:03:04 [INFO] Bathymetry grid loaded: 1272 × 1604 cells
2026-07-07T08:03:06 [INFO] Bathy lookup: 217706 entries
2026-07-07T08:03:06 [INFO] Loaded CHL from CHL_20260704.json  (31584 valid points, 3 days old)
2026-07-07T08:03:06 [INFO] Loaded kd490 from SEACOLOR_20260705.json  (2081 valid points, 2 days old)
2026-07-07T08:03:06 [INFO]   Analyzing Yellowfin Tuna ...
2026-07-07T08:03:06 [INFO]     553 / 648 scored points above 0.65 threshold
2026-07-07T08:03:06 [INFO]     19 raw cluster(s) found
2026-07-07T08:03:07 [INFO]     Zone 1: habitat=0.914 × seasonal=0.80 → score=0.731  (prime)
2026-07-07T08:03:07 [INFO]     Zone 2: habitat=0.819 × seasonal=0.80 → score=0.655  (prime)
2026-07-07T08:03:07 [INFO]     Zone 3: habitat=0.811 × seasonal=0.80 → score=0.649  (prime)
2026-07-07T08:03:07 [INFO]     -> 3 zone(s) for Yellowfin Tuna  [seasonality: prime  mult=0.80]
2026-07-07T08:03:07 [INFO]   Analyzing Bluefin Tuna ...
2026-07-07T08:03:07 [INFO]     0 / 0 scored points above 0.60 threshold
2026-07-07T08:03:07 [INFO]     0 raw cluster(s) found
2026-07-07T08:03:07 [INFO]     -> 0 zone(s) for Bluefin Tuna  [seasonality: off-season  mult=0.45]
2026-07-07T08:03:07 [INFO]   Analyzing Mahi-Mahi ...
2026-07-07T08:03:07 [INFO]     60 / 61 scored points above 0.64 threshold
2026-07-07T08:03:07 [INFO]     12 raw cluster(s) found
2026-07-07T08:03:07 [INFO]     Zone 1: habitat=0.958 × seasonal=1.00 → score=0.958  (peak)
2026-07-07T08:03:07 [INFO]     Zone 2: habitat=0.955 × seasonal=1.00 → score=0.955  (peak)
2026-07-07T08:03:07 [INFO]     -> 2 zone(s) for Mahi-Mahi  [seasonality: peak  mult=1.00]
2026-07-07T08:03:07 [INFO]   Analyzing Wahoo ...
2026-07-07T08:03:07 [INFO]     1547 / 1716 scored points above 0.58 threshold
2026-07-07T08:03:07 [INFO]     39 raw cluster(s) found
2026-07-07T08:03:07 [INFO]     Zone 1: habitat=0.851 × seasonal=0.80 → score=0.681  (prime)
2026-07-07T08:03:07 [INFO]     Zone 2: habitat=0.826 × seasonal=0.80 → score=0.661  (prime)
2026-07-07T08:03:07 [INFO]     Zone 3: habitat=0.817 × seasonal=0.80 → score=0.654  (prime)
2026-07-07T08:03:07 [INFO]     -> 3 zone(s) for Wahoo  [seasonality: prime  mult=0.80]
2026-07-07T08:03:07 [INFO]   Analyzing King Mackerel ...
2026-07-07T08:03:07 [INFO]     0 / 0 scored points above 0.60 threshold
2026-07-07T08:03:07 [INFO]     0 raw cluster(s) found
2026-07-07T08:03:07 [INFO]     -> 0 zone(s) for King Mackerel  [seasonality: prime  mult=0.80]
2026-07-07T08:03:07 [INFO]   Analyzing White Marlin ...
2026-07-07T08:03:07 [INFO]     821 / 851 scored points above 0.60 threshold
2026-07-07T08:03:07 [INFO]     15 raw cluster(s) found
2026-07-07T08:03:07 [INFO]     Zone 1: habitat=0.875 × seasonal=0.80 → score=0.700  (prime)
2026-07-07T08:03:07 [INFO]     Zone 2: habitat=0.861 × seasonal=0.80 → score=0.689  (prime)
2026-07-07T08:03:07 [INFO]     Zone 3: habitat=0.859 × seasonal=0.80 → score=0.687  (prime)
2026-07-07T08:03:07 [INFO]     -> 3 zone(s) for White Marlin  [seasonality: prime  mult=0.80]
2026-07-07T08:03:07 [INFO]   Analyzing Blue Marlin ...
2026-07-07T08:03:07 [INFO]     3269 / 3579 scored points above 0.58 threshold
2026-07-07T08:03:07 [INFO]     24 raw cluster(s) found
2026-07-07T08:03:07 [INFO]     Zone 1: habitat=0.965 × seasonal=1.00 → score=0.965  (peak)
2026-07-07T08:03:07 [INFO]     Zone 2: habitat=0.940 × seasonal=1.00 → score=0.940  (peak)
2026-07-07T08:03:07 [INFO]     Zone 3: habitat=0.863 × seasonal=1.00 → score=0.863  (peak)
2026-07-07T08:03:07 [INFO]     -> 3 zone(s) for Blue Marlin  [seasonality: peak  mult=1.00]
2026-07-07T08:03:07 [INFO] Wrote fishing_hotspots_2026-07-07.json  (13.3 KB)
2026-07-07T08:03:07 [INFO] === Done ===
