2026-07-11T04:47:34 [INFO] === FishingHotspotAnalyzer  date=2026-07-11  month=July ===
2026-07-11T04:47:34 [INFO] Species to analyze: ['yellowfin', 'bluefin', 'mahi', 'wahoo', 'kingfish', 'white_marlin', 'blue_marlin']
2026-07-11T04:47:34 [INFO] Composite loaded: 266 lat × 335 lon, coverage 62.5%
2026-07-11T04:47:34 [INFO] Composite loaded: 55720 points  step=0.0200°
2026-07-11T04:47:34 [INFO] Bathymetry grid loaded: 1272 × 1604 cells
2026-07-11T04:47:36 [INFO] Bathy lookup: 217706 entries
2026-07-11T04:47:36 [INFO] Loaded CHL from CHL_20260709.json  (14672 valid points, 2 days old)
2026-07-11T04:47:36 [INFO] Loaded kd490 from SEACOLOR_20260709.json  (1744 valid points, 2 days old)
2026-07-11T04:47:36 [INFO]   Analyzing Yellowfin Tuna ...
2026-07-11T04:47:36 [INFO]     691 / 865 scored points above 0.65 threshold
2026-07-11T04:47:36 [INFO]     16 raw cluster(s) found
2026-07-11T04:47:36 [INFO]     Zone 1: habitat=0.926 × seasonal=0.80 → score=0.741  (prime)
2026-07-11T04:47:36 [INFO]     Zone 2: habitat=0.854 × seasonal=0.80 → score=0.683  (prime)
2026-07-11T04:47:36 [INFO]     Zone 3: habitat=0.851 × seasonal=0.80 → score=0.681  (prime)
2026-07-11T04:47:36 [INFO]     -> 3 zone(s) for Yellowfin Tuna  [seasonality: prime  mult=0.80]
2026-07-11T04:47:36 [INFO]   Analyzing Bluefin Tuna ...
2026-07-11T04:47:36 [INFO]     0 / 0 scored points above 0.60 threshold
2026-07-11T04:47:36 [INFO]     0 raw cluster(s) found
2026-07-11T04:47:36 [INFO]     -> 0 zone(s) for Bluefin Tuna  [seasonality: off-season  mult=0.45]
2026-07-11T04:47:36 [INFO]   Analyzing Mahi-Mahi ...
2026-07-11T04:47:36 [INFO]     393 / 393 scored points above 0.64 threshold
2026-07-11T04:47:36 [INFO]     33 raw cluster(s) found
2026-07-11T04:47:36 [INFO]     Zone 1: habitat=0.994 × seasonal=1.00 → score=0.994  (peak)
2026-07-11T04:47:36 [INFO]     Zone 2: habitat=0.993 × seasonal=1.00 → score=0.993  (peak)
2026-07-11T04:47:36 [INFO]     Zone 3: habitat=0.992 × seasonal=1.00 → score=0.992  (peak)
2026-07-11T04:47:36 [INFO]     -> 3 zone(s) for Mahi-Mahi  [seasonality: peak  mult=1.00]
2026-07-11T04:47:36 [INFO]   Analyzing Wahoo ...
2026-07-11T04:47:36 [INFO]     3462 / 3555 scored points above 0.58 threshold
2026-07-11T04:47:37 [INFO]     55 raw cluster(s) found
2026-07-11T04:47:37 [INFO]     Zone 1: habitat=0.936 × seasonal=0.80 → score=0.749  (prime)
2026-07-11T04:47:37 [INFO]     Zone 2: habitat=0.924 × seasonal=0.80 → score=0.739  (prime)
2026-07-11T04:47:37 [INFO]     Zone 3: habitat=0.923 × seasonal=0.80 → score=0.738  (prime)
2026-07-11T04:47:37 [INFO]     -> 3 zone(s) for Wahoo  [seasonality: prime  mult=0.80]
2026-07-11T04:47:37 [INFO]   Analyzing King Mackerel ...
2026-07-11T04:47:37 [INFO]     143 / 255 scored points above 0.60 threshold
2026-07-11T04:47:37 [INFO]     7 raw cluster(s) found
2026-07-11T04:47:37 [INFO]     Zone 1: habitat=0.756 × seasonal=0.80 → score=0.605  (prime)
2026-07-11T04:47:37 [INFO]     Zone 2: habitat=0.750 × seasonal=0.80 → score=0.600  (prime)
2026-07-11T04:47:37 [INFO]     -> 2 zone(s) for King Mackerel  [seasonality: prime  mult=0.80]
2026-07-11T04:47:37 [INFO]   Analyzing White Marlin ...
2026-07-11T04:47:37 [INFO]     1807 / 1842 scored points above 0.60 threshold
2026-07-11T04:47:37 [INFO]     23 raw cluster(s) found
2026-07-11T04:47:37 [INFO]     Zone 1: habitat=0.856 × seasonal=0.80 → score=0.685  (prime)
2026-07-11T04:47:37 [INFO]     Zone 2: habitat=0.856 × seasonal=0.80 → score=0.685  (prime)
2026-07-11T04:47:37 [INFO]     Zone 3: habitat=0.850 × seasonal=0.80 → score=0.680  (prime)
2026-07-11T04:47:37 [INFO]     -> 3 zone(s) for White Marlin  [seasonality: prime  mult=0.80]
2026-07-11T04:47:37 [INFO]   Analyzing Blue Marlin ...
2026-07-11T04:47:37 [INFO]     3877 / 4306 scored points above 0.58 threshold
2026-07-11T04:47:37 [INFO]     26 raw cluster(s) found
2026-07-11T04:47:37 [INFO]     Zone 1: habitat=0.948 × seasonal=1.00 → score=0.948  (peak)
2026-07-11T04:47:37 [INFO]     Zone 2: habitat=0.899 × seasonal=1.00 → score=0.899  (peak)
2026-07-11T04:47:37 [INFO]     Zone 3: habitat=0.844 × seasonal=1.00 → score=0.844  (peak)
2026-07-11T04:47:37 [INFO]     -> 3 zone(s) for Blue Marlin  [seasonality: peak  mult=1.00]
2026-07-11T04:47:37 [INFO] Wrote fishing_hotspots_2026-07-11.json  (16.2 KB)
2026-07-11T04:47:37 [INFO] === Done ===
