2026-08-06T11:06:50 [INFO] === FishingHotspotAnalyzer  date=2026-08-06  month=August ===
2026-08-06T11:06:50 [INFO] Species to analyze: ['yellowfin', 'bluefin', 'mahi', 'wahoo', 'kingfish', 'white_marlin', 'blue_marlin']
2026-08-06T11:06:50 [INFO] Composite loaded: 266 lat × 335 lon, coverage 54.1%
2026-08-06T11:06:50 [INFO] Composite loaded: 48223 points  step=0.0200°
2026-08-06T11:06:51 [INFO] Bathymetry grid loaded: 1272 × 1604 cells
2026-08-06T11:06:53 [INFO] Bathy lookup: 217812 entries
2026-08-06T11:06:53 [INFO] Loaded CHL from CHL_20260804.json  (8203 valid points, 2 days old)
2026-08-06T11:06:53 [INFO] Loaded kd490 from SEACOLOR_20260804.json  (961 valid points, 2 days old)
2026-08-06T11:06:53 [INFO]   Analyzing Yellowfin Tuna ...
2026-08-06T11:06:53 [INFO]     207 / 239 scored points above 0.65 threshold
2026-08-06T11:06:53 [INFO]     7 raw cluster(s) found
2026-08-06T11:06:53 [INFO]     Zone 1: habitat=0.767 × seasonal=0.80 → score=0.614  (prime)
2026-08-06T11:06:53 [INFO]     Zone 2: habitat=0.766 × seasonal=0.80 → score=0.613  (prime)
2026-08-06T11:06:53 [INFO]     Zone 3: habitat=0.737 × seasonal=0.80 → score=0.590  (prime)
2026-08-06T11:06:53 [INFO]     -> 3 zone(s) for Yellowfin Tuna  [seasonality: prime  mult=0.80]
2026-08-06T11:06:53 [INFO]   Analyzing Bluefin Tuna ...
2026-08-06T11:06:53 [INFO]     0 / 0 scored points above 0.60 threshold
2026-08-06T11:06:53 [INFO]     0 raw cluster(s) found
2026-08-06T11:06:53 [INFO]     -> 0 zone(s) for Bluefin Tuna  [seasonality: off-season  mult=0.45]
2026-08-06T11:06:53 [INFO]   Analyzing Mahi-Mahi ...
2026-08-06T11:06:53 [INFO]     47 / 55 scored points above 0.64 threshold
2026-08-06T11:06:53 [INFO]     6 raw cluster(s) found
2026-08-06T11:06:53 [INFO]     Zone 1: habitat=0.894 × seasonal=0.80 → score=0.715  (prime)
2026-08-06T11:06:53 [INFO]     Zone 2: habitat=0.815 × seasonal=0.80 → score=0.652  (prime)
2026-08-06T11:06:53 [INFO]     Zone 3: habitat=0.718 × seasonal=0.80 → score=0.574  (prime)
2026-08-06T11:06:53 [INFO]     -> 3 zone(s) for Mahi-Mahi  [seasonality: prime  mult=0.80]
2026-08-06T11:06:53 [INFO]   Analyzing Wahoo ...
2026-08-06T11:06:53 [INFO]     3814 / 4273 scored points above 0.58 threshold
2026-08-06T11:06:53 [INFO]     67 raw cluster(s) found
2026-08-06T11:06:53 [INFO]     Zone 1: habitat=0.850 × seasonal=0.80 → score=0.680  (prime)
2026-08-06T11:06:53 [INFO]     Zone 2: habitat=0.842 × seasonal=0.80 → score=0.674  (prime)
2026-08-06T11:06:53 [INFO]     Zone 3: habitat=0.840 × seasonal=0.80 → score=0.672  (prime)
2026-08-06T11:06:53 [INFO]     -> 3 zone(s) for Wahoo  [seasonality: prime  mult=0.80]
2026-08-06T11:06:53 [INFO]   Analyzing King Mackerel ...
2026-08-06T11:06:53 [INFO]     42 / 115 scored points above 0.60 threshold
2026-08-06T11:06:53 [INFO]     3 raw cluster(s) found
2026-08-06T11:06:53 [INFO]     Zone 1: habitat=0.673 × seasonal=0.80 → score=0.538  (prime)
2026-08-06T11:06:53 [INFO]     -> 1 zone(s) for King Mackerel  [seasonality: prime  mult=0.80]
2026-08-06T11:06:53 [INFO]   Analyzing White Marlin ...
2026-08-06T11:06:53 [INFO]     1869 / 1891 scored points above 0.60 threshold
2026-08-06T11:06:53 [INFO]     23 raw cluster(s) found
2026-08-06T11:06:53 [INFO]     Zone 1: habitat=0.889 × seasonal=1.00 → score=0.889  (peak)
2026-08-06T11:06:53 [INFO]     Zone 2: habitat=0.884 × seasonal=1.00 → score=0.884  (peak)
2026-08-06T11:06:53 [INFO]     Zone 3: habitat=0.884 × seasonal=1.00 → score=0.884  (peak)
2026-08-06T11:06:53 [INFO]     -> 3 zone(s) for White Marlin  [seasonality: peak  mult=1.00]
2026-08-06T11:06:53 [INFO]   Analyzing Blue Marlin ...
2026-08-06T11:06:54 [INFO]     2949 / 3173 scored points above 0.58 threshold
2026-08-06T11:06:54 [INFO]     22 raw cluster(s) found
2026-08-06T11:06:54 [INFO]     Zone 1: habitat=0.937 × seasonal=1.00 → score=0.937  (peak)
2026-08-06T11:06:54 [INFO]     Zone 2: habitat=0.929 × seasonal=1.00 → score=0.929  (peak)
2026-08-06T11:06:54 [INFO]     Zone 3: habitat=0.910 × seasonal=1.00 → score=0.910  (peak)
2026-08-06T11:06:54 [INFO]     -> 3 zone(s) for Blue Marlin  [seasonality: peak  mult=1.00]
2026-08-06T11:06:54 [INFO] Purged old hotspot file: fishing_hotspots_2026-07-12.json
2026-08-06T11:06:54 [INFO] Purged old hotspot file: fishing_hotspots_2026-07-20.json
2026-08-06T11:06:54 [INFO] Purged old hotspot file: fishing_hotspots_2026-07-10.json
2026-08-06T11:06:54 [INFO] Purged old hotspot file: fishing_hotspots_2026-07-19.json
2026-08-06T11:06:54 [INFO] Purged old hotspot file: fishing_hotspots_2026-07-21.json
2026-08-06T11:06:54 [INFO] Purged old hotspot file: fishing_hotspots_2026-07-06.json
2026-08-06T11:06:54 [INFO] Purged old hotspot file: fishing_hotspots_2026-07-18.json
2026-08-06T11:06:54 [INFO] Purged old hotspot file: fishing_hotspots_2026-07-08.json
2026-08-06T11:06:54 [INFO] Purged old hotspot file: fishing_hotspots_2026-07-29.json
2026-08-06T11:06:54 [INFO] Purged old hotspot file: fishing_hotspots_2026-07-28.json
2026-08-06T11:06:54 [INFO] Purged old hotspot file: fishing_hotspots_2026-07-24.json
2026-08-06T11:06:54 [INFO] Purged old hotspot file: fishing_hotspots_2026-07-07.json
2026-08-06T11:06:54 [INFO] Purged old hotspot file: fishing_hotspots_2026-07-27.json
2026-08-06T11:06:54 [INFO] Purged old hotspot file: fishing_hotspots_2026-07-23.json
2026-08-06T11:06:54 [INFO] Purged old hotspot file: fishing_hotspots_2026-07-09.json
2026-08-06T11:06:54 [INFO] Purged old hotspot file: fishing_hotspots_2026-07-17.json
2026-08-06T11:06:54 [INFO] Purged old hotspot file: fishing_hotspots_2026-07-11.json
2026-08-06T11:06:54 [INFO] Purged old hotspot file: fishing_hotspots_2026-07-16.json
2026-08-06T11:06:54 [INFO] Purged old hotspot file: fishing_hotspots_2026-07-22.json
2026-08-06T11:06:54 [INFO] Purged old hotspot file: fishing_hotspots_2026-07-15.json
2026-08-06T11:06:54 [INFO] Purged old hotspot file: fishing_hotspots_2026-07-13.json
2026-08-06T11:06:54 [INFO] Purged old hotspot file: fishing_hotspots_2026-07-26.json
2026-08-06T11:06:54 [INFO] Purged old hotspot file: fishing_hotspots_2026-07-14.json
2026-08-06T11:06:54 [INFO] Purged old hotspot file: fishing_hotspots_2026-07-25.json
2026-08-06T11:06:54 [INFO] Wrote fishing_hotspots_2026-08-06.json  (15.1 KB)
2026-08-06T11:06:54 [INFO] === Done ===
