2026-06-18T18:02:56 [INFO] === FishingHotspotAnalyzer  date=2026-06-18  month=June ===
2026-06-18T18:02:56 [INFO] Species to analyze: ['yellowfin', 'bluefin', 'mahi', 'wahoo', 'kingfish', 'white_marlin', 'blue_marlin']
2026-06-18T18:02:56 [INFO] Composite loaded: 266 lat × 335 lon, coverage 56.7%
2026-06-18T18:02:56 [INFO] Composite loaded: 50496 points  step=0.0200°
2026-06-18T18:02:56 [INFO] Bathymetry grid loaded: 1273 × 1604 cells
2026-06-18T18:02:58 [INFO] Bathy lookup: 241969 entries
2026-06-18T18:02:59 [INFO] Loaded CHL from CHL_20260615.json  (7568 valid points, 3 days old)
2026-06-18T18:02:59 [INFO] Loaded kd490 from SEACOLOR_20260616.json  (289 valid points, 2 days old)
2026-06-18T18:02:59 [INFO]   Analyzing Yellowfin Tuna ...
2026-06-18T18:02:59 [INFO]     384 / 849 scored points above 0.65 threshold
2026-06-18T18:02:59 [INFO]     7 raw cluster(s) found
2026-06-18T18:02:59 [INFO]     Zone 1: habitat=0.853 × seasonal=0.80 → score=0.682  (prime)
2026-06-18T18:02:59 [INFO]     Zone 2: habitat=0.805 × seasonal=0.80 → score=0.644  (prime)
2026-06-18T18:02:59 [INFO]     Zone 3: habitat=0.786 × seasonal=0.80 → score=0.629  (prime)
2026-06-18T18:02:59 [INFO]     -> 3 zone(s) for Yellowfin Tuna  [seasonality: prime  mult=0.80]
2026-06-18T18:02:59 [INFO]   Analyzing Bluefin Tuna ...
2026-06-18T18:02:59 [INFO]     562 / 607 scored points above 0.60 threshold
2026-06-18T18:02:59 [INFO]     15 raw cluster(s) found
2026-06-18T18:02:59 [INFO]     Zone 1: habitat=0.803 × seasonal=0.45 → score=0.361  (off-season)
2026-06-18T18:02:59 [INFO]     Zone 2: habitat=0.718 × seasonal=0.45 → score=0.323  (off-season)
2026-06-18T18:02:59 [INFO]     Zone 3: habitat=0.717 × seasonal=0.45 → score=0.323  (off-season)
2026-06-18T18:02:59 [INFO]     -> 3 zone(s) for Bluefin Tuna  [seasonality: off-season  mult=0.45]
2026-06-18T18:02:59 [INFO]   Analyzing Mahi-Mahi ...
2026-06-18T18:02:59 [INFO]     275 / 1605 scored points above 0.54 threshold
2026-06-18T18:02:59 [INFO]     16 raw cluster(s) found
2026-06-18T18:02:59 [INFO]     Zone 1: habitat=0.754 × seasonal=1.00 → score=0.754  (peak)
2026-06-18T18:02:59 [INFO]     Zone 2: habitat=0.705 × seasonal=1.00 → score=0.705  (peak)
2026-06-18T18:02:59 [INFO]     Zone 3: habitat=0.657 × seasonal=1.00 → score=0.657  (peak)
2026-06-18T18:02:59 [INFO]     -> 3 zone(s) for Mahi-Mahi  [seasonality: peak  mult=1.00]
2026-06-18T18:02:59 [INFO]   Analyzing Wahoo ...
2026-06-18T18:02:59 [INFO]     2297 / 3574 scored points above 0.58 threshold
2026-06-18T18:02:59 [INFO]     66 raw cluster(s) found
2026-06-18T18:02:59 [INFO]     Zone 1: habitat=0.835 × seasonal=0.45 → score=0.376  (off-season)
2026-06-18T18:02:59 [INFO]     Zone 2: habitat=0.819 × seasonal=0.45 → score=0.369  (off-season)
2026-06-18T18:02:59 [INFO]     Zone 3: habitat=0.807 × seasonal=0.45 → score=0.363  (off-season)
2026-06-18T18:02:59 [INFO]     -> 3 zone(s) for Wahoo  [seasonality: off-season  mult=0.45]
2026-06-18T18:02:59 [INFO]   Analyzing King Mackerel ...
2026-06-18T18:02:59 [INFO]     4806 / 5776 scored points above 0.60 threshold
2026-06-18T18:02:59 [INFO]     87 raw cluster(s) found
2026-06-18T18:02:59 [INFO]     Zone 1: habitat=0.906 × seasonal=0.80 → score=0.725  (prime)
2026-06-18T18:02:59 [INFO]     Zone 2: habitat=0.899 × seasonal=0.80 → score=0.719  (prime)
2026-06-18T18:02:59 [INFO]     Zone 3: habitat=0.897 × seasonal=0.80 → score=0.718  (prime)
2026-06-18T18:02:59 [INFO]     -> 3 zone(s) for King Mackerel  [seasonality: prime  mult=0.80]
2026-06-18T18:02:59 [INFO]   Analyzing White Marlin ...
2026-06-18T18:02:59 [INFO]     406 / 498 scored points above 0.60 threshold
2026-06-18T18:02:59 [INFO]     6 raw cluster(s) found
2026-06-18T18:02:59 [INFO]     Zone 1: habitat=0.716 × seasonal=0.45 → score=0.322  (off-season)
2026-06-18T18:02:59 [INFO]     Zone 2: habitat=0.701 × seasonal=0.45 → score=0.315  (off-season)
2026-06-18T18:02:59 [INFO]     Zone 3: habitat=0.683 × seasonal=0.45 → score=0.307  (off-season)
2026-06-18T18:02:59 [INFO]     -> 3 zone(s) for White Marlin  [seasonality: off-season  mult=0.45]
2026-06-18T18:02:59 [INFO]   Analyzing Blue Marlin ...
2026-06-18T18:03:00 [INFO]     1992 / 2283 scored points above 0.58 threshold
2026-06-18T18:03:00 [INFO]     12 raw cluster(s) found
2026-06-18T18:03:00 [INFO]     Zone 1: habitat=0.746 × seasonal=0.80 → score=0.597  (prime)
2026-06-18T18:03:00 [INFO]     Zone 2: habitat=0.742 × seasonal=0.80 → score=0.594  (prime)
2026-06-18T18:03:00 [INFO]     Zone 3: habitat=0.730 × seasonal=0.80 → score=0.584  (prime)
2026-06-18T18:03:00 [INFO]     -> 3 zone(s) for Blue Marlin  [seasonality: prime  mult=0.80]
2026-06-18T18:03:00 [INFO] Purged old hotspot file: fishing_hotspots_2026-05-25.json
2026-06-18T18:03:00 [INFO] Purged old hotspot file: fishing_hotspots_2026-06-09.json
2026-06-18T18:03:00 [INFO] Purged old hotspot file: fishing_hotspots_2026-06-10.json
2026-06-18T18:03:00 [INFO] Purged old hotspot file: fishing_hotspots_2026-06-05.json
2026-06-18T18:03:00 [INFO] Purged old hotspot file: fishing_hotspots_2026-06-08.json
2026-06-18T18:03:00 [INFO] Purged old hotspot file: fishing_hotspots_2026-06-04.json
2026-06-18T18:03:00 [INFO] Purged old hotspot file: fishing_hotspots_2026-06-02.json
2026-06-18T18:03:00 [INFO] Purged old hotspot file: fishing_hotspots_2026-06-07.json
2026-06-18T18:03:00 [INFO] Purged old hotspot file: fishing_hotspots_2026-06-06.json
2026-06-18T18:03:00 [INFO] Purged old hotspot file: fishing_hotspots_2026-05-28.json
2026-06-18T18:03:00 [INFO] Purged old hotspot file: fishing_hotspots_2026-05-23.json
2026-06-18T18:03:00 [INFO] Purged old hotspot file: fishing_hotspots_2026-05-30.json
2026-06-18T18:03:00 [INFO] Purged old hotspot file: fishing_hotspots_2026-05-31.json
2026-06-18T18:03:00 [INFO] Purged old hotspot file: fishing_hotspots_2026-05-24.json
2026-06-18T18:03:00 [INFO] Purged old hotspot file: fishing_hotspots_2026-05-29.json
2026-06-18T18:03:00 [INFO] Purged old hotspot file: fishing_hotspots_2026-05-22.json
2026-06-18T18:03:00 [INFO] Purged old hotspot file: fishing_hotspots_2026-05-27.json
2026-06-18T18:03:00 [INFO] Purged old hotspot file: fishing_hotspots_2026-06-03.json
2026-06-18T18:03:00 [INFO] Purged old hotspot file: fishing_hotspots_2026-05-26.json
2026-06-18T18:03:00 [INFO] Purged old hotspot file: fishing_hotspots_2026-06-01.json
2026-06-18T18:03:00 [INFO] Wrote fishing_hotspots_2026-06-18.json  (20.6 KB)
2026-06-18T18:03:00 [INFO] === Done ===
