2026-08-01T18:10:53 [INFO] === FishingHotspotAnalyzer  date=2026-08-01  month=August ===
2026-08-01T18:10:53 [INFO] Species to analyze: ['yellowfin', 'bluefin', 'mahi', 'wahoo', 'kingfish', 'white_marlin', 'blue_marlin']
2026-08-01T18:10:53 [INFO] Composite loaded: 266 lat × 335 lon, coverage 62.6%
2026-08-01T18:10:53 [INFO] Composite loaded: 55782 points  step=0.0200°
2026-08-01T18:10:53 [INFO] Bathymetry grid loaded: 1272 × 1604 cells
2026-08-01T18:10:55 [INFO] Bathy lookup: 217812 entries
2026-08-01T18:10:55 [INFO] Loaded CHL from CHL_20260731.json  (27751 valid points, 1 days old)
2026-08-01T18:10:55 [INFO] Loaded kd490 from SEACOLOR_20260731.json  (2340 valid points, 1 days old)
2026-08-01T18:10:55 [INFO]   Analyzing Yellowfin Tuna ...
2026-08-01T18:10:55 [INFO]     890 / 1150 scored points above 0.65 threshold
2026-08-01T18:10:55 [INFO]     23 raw cluster(s) found
2026-08-01T18:10:56 [INFO]     Zone 1: habitat=0.835 × seasonal=0.80 → score=0.668  (prime)
2026-08-01T18:10:56 [INFO]     Zone 2: habitat=0.820 × seasonal=0.80 → score=0.656  (prime)
2026-08-01T18:10:56 [INFO]     Zone 3: habitat=0.800 × seasonal=0.80 → score=0.640  (prime)
2026-08-01T18:10:56 [INFO]     -> 3 zone(s) for Yellowfin Tuna  [seasonality: prime  mult=0.80]
2026-08-01T18:10:56 [INFO]   Analyzing Bluefin Tuna ...
2026-08-01T18:10:56 [INFO]     0 / 0 scored points above 0.60 threshold
2026-08-01T18:10:56 [INFO]     0 raw cluster(s) found
2026-08-01T18:10:56 [INFO]     -> 0 zone(s) for Bluefin Tuna  [seasonality: off-season  mult=0.45]
2026-08-01T18:10:56 [INFO]   Analyzing Mahi-Mahi ...
2026-08-01T18:10:56 [INFO]     155 / 157 scored points above 0.64 threshold
2026-08-01T18:10:56 [INFO]     27 raw cluster(s) found
2026-08-01T18:10:56 [INFO]     Zone 1: habitat=0.969 × seasonal=0.80 → score=0.775  (prime)
2026-08-01T18:10:56 [INFO]     Zone 2: habitat=0.931 × seasonal=0.80 → score=0.745  (prime)
2026-08-01T18:10:56 [INFO]     Zone 3: habitat=0.855 × seasonal=0.80 → score=0.684  (prime)
2026-08-01T18:10:56 [INFO]     -> 3 zone(s) for Mahi-Mahi  [seasonality: prime  mult=0.80]
2026-08-01T18:10:56 [INFO]   Analyzing Wahoo ...
2026-08-01T18:10:56 [INFO]     4182 / 4361 scored points above 0.58 threshold
2026-08-01T18:10:56 [INFO]     77 raw cluster(s) found
2026-08-01T18:10:56 [INFO]     Zone 1: habitat=0.916 × seasonal=0.80 → score=0.733  (prime)
2026-08-01T18:10:56 [INFO]     Zone 2: habitat=0.913 × seasonal=0.80 → score=0.730  (prime)
2026-08-01T18:10:56 [INFO]     Zone 3: habitat=0.903 × seasonal=0.80 → score=0.722  (prime)
2026-08-01T18:10:56 [INFO]     -> 3 zone(s) for Wahoo  [seasonality: prime  mult=0.80]
2026-08-01T18:10:56 [INFO]   Analyzing King Mackerel ...
2026-08-01T18:10:56 [INFO]     2 / 10 scored points above 0.60 threshold
2026-08-01T18:10:56 [INFO]     2 raw cluster(s) found
2026-08-01T18:10:56 [INFO]     -> 0 zone(s) for King Mackerel  [seasonality: prime  mult=0.80]
2026-08-01T18:10:56 [INFO]   Analyzing White Marlin ...
2026-08-01T18:10:56 [INFO]     1877 / 1894 scored points above 0.60 threshold
2026-08-01T18:10:56 [INFO]     23 raw cluster(s) found
2026-08-01T18:10:56 [INFO]     Zone 1: habitat=0.885 × seasonal=1.00 → score=0.885  (peak)
2026-08-01T18:10:56 [INFO]     Zone 2: habitat=0.879 × seasonal=1.00 → score=0.879  (peak)
2026-08-01T18:10:56 [INFO]     Zone 3: habitat=0.878 × seasonal=1.00 → score=0.878  (peak)
2026-08-01T18:10:56 [INFO]     -> 3 zone(s) for White Marlin  [seasonality: peak  mult=1.00]
2026-08-01T18:10:56 [INFO]   Analyzing Blue Marlin ...
2026-08-01T18:10:56 [INFO]     3957 / 4332 scored points above 0.58 threshold
2026-08-01T18:10:56 [INFO]     24 raw cluster(s) found
2026-08-01T18:10:56 [INFO]     Zone 1: habitat=0.952 × seasonal=1.00 → score=0.952  (peak)
2026-08-01T18:10:56 [INFO]     Zone 2: habitat=0.933 × seasonal=1.00 → score=0.933  (peak)
2026-08-01T18:10:56 [INFO]     Zone 3: habitat=0.894 × seasonal=1.00 → score=0.894  (peak)
2026-08-01T18:10:56 [INFO]     -> 3 zone(s) for Blue Marlin  [seasonality: peak  mult=1.00]
2026-08-01T18:10:56 [INFO] Purged old hotspot file: fishing_hotspots_2026-07-11.json
2026-08-01T18:10:56 [INFO] Purged old hotspot file: fishing_hotspots_2026-07-16.json
2026-08-01T18:10:56 [INFO] Purged old hotspot file: fishing_hotspots_2026-07-08.json
2026-08-01T18:10:56 [INFO] Purged old hotspot file: fishing_hotspots_2026-07-20.json
2026-08-01T18:10:56 [INFO] Purged old hotspot file: fishing_hotspots_2026-07-19.json
2026-08-01T18:10:56 [INFO] Purged old hotspot file: fishing_hotspots_2026-07-09.json
2026-08-01T18:10:56 [INFO] Purged old hotspot file: fishing_hotspots_2026-07-24.json
2026-08-01T18:10:56 [INFO] Purged old hotspot file: fishing_hotspots_2026-07-07.json
2026-08-01T18:10:56 [INFO] Purged old hotspot file: fishing_hotspots_2026-07-14.json
2026-08-01T18:10:56 [INFO] Purged old hotspot file: fishing_hotspots_2026-07-15.json
2026-08-01T18:10:56 [INFO] Purged old hotspot file: fishing_hotspots_2026-07-22.json
2026-08-01T18:10:56 [INFO] Purged old hotspot file: fishing_hotspots_2026-07-12.json
2026-08-01T18:10:56 [INFO] Purged old hotspot file: fishing_hotspots_2026-07-10.json
2026-08-01T18:10:56 [INFO] Purged old hotspot file: fishing_hotspots_2026-07-21.json
2026-08-01T18:10:56 [INFO] Purged old hotspot file: fishing_hotspots_2026-07-17.json
2026-08-01T18:10:56 [INFO] Purged old hotspot file: fishing_hotspots_2026-07-18.json
2026-08-01T18:10:56 [INFO] Purged old hotspot file: fishing_hotspots_2026-07-06.json
2026-08-01T18:10:56 [INFO] Purged old hotspot file: fishing_hotspots_2026-07-13.json
2026-08-01T18:10:56 [INFO] Purged old hotspot file: fishing_hotspots_2026-07-23.json
2026-08-01T18:10:56 [INFO] Wrote fishing_hotspots_2026-08-01.json  (14.3 KB)
2026-08-01T18:10:56 [INFO] === Done ===
