2026-08-09T18:04:40 [INFO] === FishingHotspotAnalyzer  date=2026-08-09  month=August ===
2026-08-09T18:04:40 [INFO] Species to analyze: ['yellowfin', 'bluefin', 'mahi', 'wahoo', 'kingfish', 'white_marlin', 'blue_marlin']
2026-08-09T18:04:40 [INFO] Composite loaded: 266 lat × 335 lon, coverage 58.5%
2026-08-09T18:04:40 [INFO] Composite loaded: 52126 points  step=0.0200°
2026-08-09T18:04:41 [INFO] Bathymetry grid loaded: 1272 × 1604 cells
2026-08-09T18:04:43 [INFO] Bathy lookup: 217812 entries
2026-08-09T18:04:43 [INFO] Loaded CHL from CHL_20260808.json  (27843 valid points, 1 days old)
2026-08-09T18:04:43 [INFO] Loaded kd490 from SEACOLOR_20260808.json  (2390 valid points, 1 days old)
2026-08-09T18:04:43 [INFO]   Analyzing Yellowfin Tuna ...
2026-08-09T18:04:43 [INFO]     0 / 0 scored points above 0.65 threshold
2026-08-09T18:04:43 [INFO]     0 raw cluster(s) found
2026-08-09T18:04:43 [INFO]     -> 0 zone(s) for Yellowfin Tuna  [seasonality: prime  mult=0.80]
2026-08-09T18:04:43 [INFO]   Analyzing Bluefin Tuna ...
2026-08-09T18:04:43 [INFO]     0 / 0 scored points above 0.60 threshold
2026-08-09T18:04:43 [INFO]     0 raw cluster(s) found
2026-08-09T18:04:43 [INFO]     -> 0 zone(s) for Bluefin Tuna  [seasonality: off-season  mult=0.45]
2026-08-09T18:04:43 [INFO]   Analyzing Mahi-Mahi ...
2026-08-09T18:04:43 [INFO]     0 / 8 scored points above 0.64 threshold
2026-08-09T18:04:43 [INFO]     0 raw cluster(s) found
2026-08-09T18:04:43 [INFO]     -> 0 zone(s) for Mahi-Mahi  [seasonality: prime  mult=0.80]
2026-08-09T18:04:43 [INFO]   Analyzing Wahoo ...
2026-08-09T18:04:43 [INFO]     2393 / 2863 scored points above 0.58 threshold
2026-08-09T18:04:43 [INFO]     61 raw cluster(s) found
2026-08-09T18:04:43 [INFO]     Zone 1: habitat=0.752 × seasonal=0.80 → score=0.602  (prime)
2026-08-09T18:04:43 [INFO]     Zone 2: habitat=0.747 × seasonal=0.80 → score=0.598  (prime)
2026-08-09T18:04:43 [INFO]     Zone 3: habitat=0.743 × seasonal=0.80 → score=0.594  (prime)
2026-08-09T18:04:43 [INFO]     -> 3 zone(s) for Wahoo  [seasonality: prime  mult=0.80]
2026-08-09T18:04:43 [INFO]   Analyzing King Mackerel ...
2026-08-09T18:04:43 [INFO]     21 / 51 scored points above 0.60 threshold
2026-08-09T18:04:43 [INFO]     3 raw cluster(s) found
2026-08-09T18:04:43 [INFO]     Zone 1: habitat=0.706 × seasonal=0.80 → score=0.565  (prime)
2026-08-09T18:04:43 [INFO]     -> 1 zone(s) for King Mackerel  [seasonality: prime  mult=0.80]
2026-08-09T18:04:43 [INFO]   Analyzing White Marlin ...
2026-08-09T18:04:43 [INFO]     1839 / 1871 scored points above 0.60 threshold
2026-08-09T18:04:43 [INFO]     23 raw cluster(s) found
2026-08-09T18:04:43 [INFO]     Zone 1: habitat=0.866 × seasonal=1.00 → score=0.866  (peak)
2026-08-09T18:04:43 [INFO]     Zone 2: habitat=0.855 × seasonal=1.00 → score=0.855  (peak)
2026-08-09T18:04:43 [INFO]     Zone 3: habitat=0.843 × seasonal=1.00 → score=0.843  (peak)
2026-08-09T18:04:43 [INFO]     -> 3 zone(s) for White Marlin  [seasonality: peak  mult=1.00]
2026-08-09T18:04:43 [INFO]   Analyzing Blue Marlin ...
2026-08-09T18:04:44 [INFO]     3805 / 4089 scored points above 0.58 threshold
2026-08-09T18:04:44 [INFO]     27 raw cluster(s) found
2026-08-09T18:04:44 [INFO]     Zone 1: habitat=0.914 × seasonal=1.00 → score=0.914  (peak)
2026-08-09T18:04:44 [INFO]     Zone 2: habitat=0.910 × seasonal=1.00 → score=0.910  (peak)
2026-08-09T18:04:44 [INFO]     Zone 3: habitat=0.838 × seasonal=1.00 → score=0.838  (peak)
2026-08-09T18:04:44 [INFO]     -> 3 zone(s) for Blue Marlin  [seasonality: peak  mult=1.00]
2026-08-09T18:04:44 [INFO] Purged old hotspot file: fishing_hotspots_2026-07-11.json
2026-08-09T18:04:44 [INFO] Purged old hotspot file: fishing_hotspots_2026-07-16.json
2026-08-09T18:04:44 [INFO] Purged old hotspot file: fishing_hotspots_2026-07-08.json
2026-08-09T18:04:44 [INFO] Purged old hotspot file: fishing_hotspots_2026-07-20.json
2026-08-09T18:04:44 [INFO] Purged old hotspot file: fishing_hotspots_2026-07-19.json
2026-08-09T18:04:44 [INFO] Purged old hotspot file: fishing_hotspots_2026-07-27.json
2026-08-09T18:04:44 [INFO] Purged old hotspot file: fishing_hotspots_2026-07-09.json
2026-08-09T18:04:44 [INFO] Purged old hotspot file: fishing_hotspots_2026-07-29.json
2026-08-09T18:04:44 [INFO] Purged old hotspot file: fishing_hotspots_2026-07-24.json
2026-08-09T18:04:44 [INFO] Purged old hotspot file: fishing_hotspots_2026-07-30.json
2026-08-09T18:04:44 [INFO] Purged old hotspot file: fishing_hotspots_2026-07-07.json
2026-08-09T18:04:44 [INFO] Purged old hotspot file: fishing_hotspots_2026-07-14.json
2026-08-09T18:04:44 [INFO] Purged old hotspot file: fishing_hotspots_2026-07-15.json
2026-08-09T18:04:44 [INFO] Purged old hotspot file: fishing_hotspots_2026-07-22.json
2026-08-09T18:04:44 [INFO] Purged old hotspot file: fishing_hotspots_2026-07-12.json
2026-08-09T18:04:44 [INFO] Purged old hotspot file: fishing_hotspots_2026-07-10.json
2026-08-09T18:04:44 [INFO] Purged old hotspot file: fishing_hotspots_2026-07-26.json
2026-08-09T18:04:44 [INFO] Purged old hotspot file: fishing_hotspots_2026-07-21.json
2026-08-09T18:04:44 [INFO] Purged old hotspot file: fishing_hotspots_2026-07-17.json
2026-08-09T18:04:44 [INFO] Purged old hotspot file: fishing_hotspots_2026-07-31.json
2026-08-09T18:04:44 [INFO] Purged old hotspot file: fishing_hotspots_2026-07-18.json
2026-08-09T18:04:44 [INFO] Purged old hotspot file: fishing_hotspots_2026-07-06.json
2026-08-09T18:04:44 [INFO] Purged old hotspot file: fishing_hotspots_2026-08-01.json
2026-08-09T18:04:44 [INFO] Purged old hotspot file: fishing_hotspots_2026-07-25.json
2026-08-09T18:04:44 [INFO] Purged old hotspot file: fishing_hotspots_2026-07-13.json
2026-08-09T18:04:44 [INFO] Purged old hotspot file: fishing_hotspots_2026-07-23.json
2026-08-09T18:04:44 [INFO] Purged old hotspot file: fishing_hotspots_2026-07-28.json
2026-08-09T18:04:44 [INFO] Wrote fishing_hotspots_2026-08-09.json  (9.8 KB)
2026-08-09T18:04:44 [INFO] === Done ===
