2026-07-20T17:08:26 [INFO] === FishingHotspotAnalyzer  date=2026-07-20  month=July ===
2026-07-20T17:08:26 [INFO] Species to analyze: ['yellowfin', 'bluefin', 'mahi', 'wahoo', 'kingfish', 'white_marlin', 'blue_marlin']
2026-07-20T17:08:26 [INFO] Composite loaded: 266 lat × 335 lon, coverage 35.4%
2026-07-20T17:08:27 [INFO] Composite loaded: 31589 points  step=0.0200°
2026-07-20T17:08:27 [INFO] Bathymetry grid loaded: 1272 × 1604 cells
2026-07-20T17:08:29 [INFO] Bathy lookup: 217812 entries
2026-07-20T17:08:29 [INFO] Loaded CHL from CHL_20260719.json  (17218 valid points, 1 days old)
2026-07-20T17:08:29 [INFO] Loaded kd490 from SEACOLOR_20260719.json  (1658 valid points, 1 days old)
2026-07-20T17:08:29 [INFO]   Analyzing Yellowfin Tuna ...
2026-07-20T17:08:29 [INFO]     908 / 974 scored points above 0.65 threshold
2026-07-20T17:08:29 [INFO]     19 raw cluster(s) found
2026-07-20T17:08:29 [INFO]     Zone 1: habitat=0.875 × seasonal=0.80 → score=0.700  (prime)
2026-07-20T17:08:29 [INFO]     Zone 2: habitat=0.849 × seasonal=0.80 → score=0.679  (prime)
2026-07-20T17:08:29 [INFO]     Zone 3: habitat=0.846 × seasonal=0.80 → score=0.677  (prime)
2026-07-20T17:08:29 [INFO]     -> 3 zone(s) for Yellowfin Tuna  [seasonality: prime  mult=0.80]
2026-07-20T17:08:29 [INFO]   Analyzing Bluefin Tuna ...
2026-07-20T17:08:29 [INFO]     0 / 0 scored points above 0.60 threshold
2026-07-20T17:08:29 [INFO]     0 raw cluster(s) found
2026-07-20T17:08:29 [INFO]     -> 0 zone(s) for Bluefin Tuna  [seasonality: off-season  mult=0.45]
2026-07-20T17:08:29 [INFO]   Analyzing Mahi-Mahi ...
2026-07-20T17:08:29 [INFO]     187 / 188 scored points above 0.64 threshold
2026-07-20T17:08:29 [INFO]     23 raw cluster(s) found
2026-07-20T17:08:29 [INFO]     Zone 1: habitat=0.969 × seasonal=1.00 → score=0.969  (peak)
2026-07-20T17:08:29 [INFO]     Zone 2: habitat=0.961 × seasonal=1.00 → score=0.961  (peak)
2026-07-20T17:08:29 [INFO]     Zone 3: habitat=0.952 × seasonal=1.00 → score=0.952  (peak)
2026-07-20T17:08:29 [INFO]     -> 3 zone(s) for Mahi-Mahi  [seasonality: peak  mult=1.00]
2026-07-20T17:08:29 [INFO]   Analyzing Wahoo ...
2026-07-20T17:08:29 [INFO]     3243 / 3415 scored points above 0.58 threshold
2026-07-20T17:08:29 [INFO]     46 raw cluster(s) found
2026-07-20T17:08:29 [INFO]     Zone 1: habitat=0.919 × seasonal=0.80 → score=0.735  (prime)
2026-07-20T17:08:29 [INFO]     Zone 2: habitat=0.900 × seasonal=0.80 → score=0.720  (prime)
2026-07-20T17:08:29 [INFO]     Zone 3: habitat=0.887 × seasonal=0.80 → score=0.710  (prime)
2026-07-20T17:08:29 [INFO]     -> 3 zone(s) for Wahoo  [seasonality: prime  mult=0.80]
2026-07-20T17:08:29 [INFO]   Analyzing King Mackerel ...
2026-07-20T17:08:29 [INFO]     50 / 109 scored points above 0.60 threshold
2026-07-20T17:08:29 [INFO]     3 raw cluster(s) found
2026-07-20T17:08:29 [INFO]     Zone 1: habitat=0.723 × seasonal=0.80 → score=0.578  (prime)
2026-07-20T17:08:29 [INFO]     Zone 2: habitat=0.695 × seasonal=0.80 → score=0.556  (prime)
2026-07-20T17:08:29 [INFO]     -> 2 zone(s) for King Mackerel  [seasonality: prime  mult=0.80]
2026-07-20T17:08:29 [INFO]   Analyzing White Marlin ...
2026-07-20T17:08:30 [INFO]     1474 / 1532 scored points above 0.60 threshold
2026-07-20T17:08:30 [INFO]     23 raw cluster(s) found
2026-07-20T17:08:30 [INFO]     Zone 1: habitat=0.882 × seasonal=0.80 → score=0.706  (prime)
2026-07-20T17:08:30 [INFO]     Zone 2: habitat=0.870 × seasonal=0.80 → score=0.696  (prime)
2026-07-20T17:08:30 [INFO]     Zone 3: habitat=0.867 × seasonal=0.80 → score=0.694  (prime)
2026-07-20T17:08:30 [INFO]     -> 3 zone(s) for White Marlin  [seasonality: prime  mult=0.80]
2026-07-20T17:08:30 [INFO]   Analyzing Blue Marlin ...
2026-07-20T17:08:30 [INFO]     2825 / 3142 scored points above 0.58 threshold
2026-07-20T17:08:30 [INFO]     37 raw cluster(s) found
2026-07-20T17:08:30 [INFO]     Zone 1: habitat=0.937 × seasonal=1.00 → score=0.937  (peak)
2026-07-20T17:08:30 [INFO]     Zone 2: habitat=0.923 × seasonal=1.00 → score=0.923  (peak)
2026-07-20T17:08:30 [INFO]     Zone 3: habitat=0.834 × seasonal=1.00 → score=0.834  (peak)
2026-07-20T17:08:30 [INFO]     -> 3 zone(s) for Blue Marlin  [seasonality: peak  mult=1.00]
2026-07-20T17:08:30 [INFO] Purged old hotspot file: fishing_hotspots_2026-07-06.json
2026-07-20T17:08:30 [INFO] Purged old hotspot file: fishing_hotspots_2026-07-09.json
2026-07-20T17:08:30 [INFO] Purged old hotspot file: fishing_hotspots_2026-07-12.json
2026-07-20T17:08:30 [INFO] Purged old hotspot file: fishing_hotspots_2026-07-07.json
2026-07-20T17:08:30 [INFO] Purged old hotspot file: fishing_hotspots_2026-07-08.json
2026-07-20T17:08:30 [INFO] Purged old hotspot file: fishing_hotspots_2026-07-11.json
2026-07-20T17:08:30 [INFO] Purged old hotspot file: fishing_hotspots_2026-07-10.json
2026-07-20T17:08:30 [INFO] Wrote fishing_hotspots_2026-07-20.json  (16.2 KB)
2026-07-20T17:08:30 [INFO] === Done ===
