2026-07-14T18:46:56 [INFO] === FishingHotspotAnalyzer  date=2026-07-14  month=July ===
2026-07-14T18:46:56 [INFO] Species to analyze: ['yellowfin', 'bluefin', 'mahi', 'wahoo', 'kingfish', 'white_marlin', 'blue_marlin']
2026-07-14T18:46:56 [INFO] Composite loaded: 266 lat × 335 lon, coverage 52.6%
2026-07-14T18:46:56 [INFO] Composite loaded: 46900 points  step=0.0200°
2026-07-14T18:46:56 [INFO] Bathymetry grid loaded: 1272 × 1604 cells
2026-07-14T18:46:58 [INFO] Bathy lookup: 217812 entries
2026-07-14T18:46:58 [INFO] Loaded CHL from CHL_20260713.json  (7318 valid points, 1 days old)
2026-07-14T18:46:58 [INFO] Loaded kd490 from SEACOLOR_20260713.json  (993 valid points, 1 days old)
2026-07-14T18:46:58 [INFO]   Analyzing Yellowfin Tuna ...
2026-07-14T18:46:58 [INFO]     280 / 390 scored points above 0.65 threshold
2026-07-14T18:46:58 [INFO]     13 raw cluster(s) found
2026-07-14T18:46:59 [INFO]     Zone 1: habitat=0.802 × seasonal=0.80 → score=0.642  (prime)
2026-07-14T18:46:59 [INFO]     Zone 2: habitat=0.790 × seasonal=0.80 → score=0.632  (prime)
2026-07-14T18:46:59 [INFO]     Zone 3: habitat=0.767 × seasonal=0.80 → score=0.614  (prime)
2026-07-14T18:46:59 [INFO]     -> 3 zone(s) for Yellowfin Tuna  [seasonality: prime  mult=0.80]
2026-07-14T18:46:59 [INFO]   Analyzing Bluefin Tuna ...
2026-07-14T18:46:59 [INFO]     0 / 0 scored points above 0.60 threshold
2026-07-14T18:46:59 [INFO]     0 raw cluster(s) found
2026-07-14T18:46:59 [INFO]     -> 0 zone(s) for Bluefin Tuna  [seasonality: off-season  mult=0.45]
2026-07-14T18:46:59 [INFO]   Analyzing Mahi-Mahi ...
2026-07-14T18:46:59 [INFO]     29 / 29 scored points above 0.64 threshold
2026-07-14T18:46:59 [INFO]     6 raw cluster(s) found
2026-07-14T18:46:59 [INFO]     Zone 1: habitat=0.937 × seasonal=1.00 → score=0.937  (peak)
2026-07-14T18:46:59 [INFO]     Zone 2: habitat=0.895 × seasonal=1.00 → score=0.895  (peak)
2026-07-14T18:46:59 [INFO]     -> 2 zone(s) for Mahi-Mahi  [seasonality: peak  mult=1.00]
2026-07-14T18:46:59 [INFO]   Analyzing Wahoo ...
2026-07-14T18:46:59 [INFO]     1252 / 1388 scored points above 0.58 threshold
2026-07-14T18:46:59 [INFO]     31 raw cluster(s) found
2026-07-14T18:46:59 [INFO]     Zone 1: habitat=0.858 × seasonal=0.80 → score=0.686  (prime)
2026-07-14T18:46:59 [INFO]     Zone 2: habitat=0.831 × seasonal=0.80 → score=0.665  (prime)
2026-07-14T18:46:59 [INFO]     Zone 3: habitat=0.829 × seasonal=0.80 → score=0.663  (prime)
2026-07-14T18:46:59 [INFO]     -> 3 zone(s) for Wahoo  [seasonality: prime  mult=0.80]
2026-07-14T18:46:59 [INFO]   Analyzing King Mackerel ...
2026-07-14T18:46:59 [INFO]     0 / 2 scored points above 0.60 threshold
2026-07-14T18:46:59 [INFO]     0 raw cluster(s) found
2026-07-14T18:46:59 [INFO]     -> 0 zone(s) for King Mackerel  [seasonality: prime  mult=0.80]
2026-07-14T18:46:59 [INFO]   Analyzing White Marlin ...
2026-07-14T18:46:59 [INFO]     691 / 733 scored points above 0.60 threshold
2026-07-14T18:46:59 [INFO]     15 raw cluster(s) found
2026-07-14T18:46:59 [INFO]     Zone 1: habitat=0.856 × seasonal=0.80 → score=0.685  (prime)
2026-07-14T18:46:59 [INFO]     Zone 2: habitat=0.853 × seasonal=0.80 → score=0.682  (prime)
2026-07-14T18:46:59 [INFO]     Zone 3: habitat=0.839 × seasonal=0.80 → score=0.671  (prime)
2026-07-14T18:46:59 [INFO]     -> 3 zone(s) for White Marlin  [seasonality: prime  mult=0.80]
2026-07-14T18:46:59 [INFO]   Analyzing Blue Marlin ...
2026-07-14T18:46:59 [INFO]     3058 / 3584 scored points above 0.58 threshold
2026-07-14T18:46:59 [INFO]     24 raw cluster(s) found
2026-07-14T18:46:59 [INFO]     Zone 1: habitat=0.934 × seasonal=1.00 → score=0.934  (peak)
2026-07-14T18:46:59 [INFO]     Zone 2: habitat=0.929 × seasonal=1.00 → score=0.929  (peak)
2026-07-14T18:46:59 [INFO]     Zone 3: habitat=0.857 × seasonal=1.00 → score=0.857  (peak)
2026-07-14T18:46:59 [INFO]     -> 3 zone(s) for Blue Marlin  [seasonality: peak  mult=1.00]
2026-07-14T18:46:59 [INFO] Purged old hotspot file: fishing_hotspots_2026-07-06.json
2026-07-14T18:46:59 [INFO] Wrote fishing_hotspots_2026-07-14.json  (13.3 KB)
2026-07-14T18:46:59 [INFO] === Done ===
