2026-08-03T23:45:37 [INFO] === FishingHotspotAnalyzer  date=2026-08-03  month=August ===
2026-08-03T23:45:37 [INFO] Species to analyze: ['yellowfin', 'bluefin', 'mahi', 'wahoo', 'kingfish', 'white_marlin', 'blue_marlin']
2026-08-03T23:45:37 [INFO] Composite loaded: 266 lat × 335 lon, coverage 35.5%
2026-08-03T23:45:37 [INFO] Composite loaded: 31606 points  step=0.0200°
2026-08-03T23:45:37 [INFO] Bathymetry grid loaded: 1272 × 1604 cells
2026-08-03T23:45:39 [INFO] Bathy lookup: 217812 entries
2026-08-03T23:45:39 [INFO] Loaded CHL from CHL_20260802.json  (7849 valid points, 1 days old)
2026-08-03T23:45:39 [INFO] Loaded kd490 from SEACOLOR_20260802.json  (1139 valid points, 1 days old)
2026-08-03T23:45:39 [INFO]   Analyzing Yellowfin Tuna ...
2026-08-03T23:45:39 [INFO]     94 / 166 scored points above 0.65 threshold
2026-08-03T23:45:39 [INFO]     15 raw cluster(s) found
2026-08-03T23:45:40 [INFO]     Zone 1: habitat=0.817 × seasonal=0.80 → score=0.654  (prime)
2026-08-03T23:45:40 [INFO]     Zone 2: habitat=0.765 × seasonal=0.80 → score=0.612  (prime)
2026-08-03T23:45:40 [INFO]     Zone 3: habitat=0.730 × seasonal=0.80 → score=0.584  (prime)
2026-08-03T23:45:40 [INFO]     -> 3 zone(s) for Yellowfin Tuna  [seasonality: prime  mult=0.80]
2026-08-03T23:45:40 [INFO]   Analyzing Bluefin Tuna ...
2026-08-03T23:45:40 [INFO]     0 / 0 scored points above 0.60 threshold
2026-08-03T23:45:40 [INFO]     0 raw cluster(s) found
2026-08-03T23:45:40 [INFO]     -> 0 zone(s) for Bluefin Tuna  [seasonality: off-season  mult=0.45]
2026-08-03T23:45:40 [INFO]   Analyzing Mahi-Mahi ...
2026-08-03T23:45:40 [INFO]     22 / 22 scored points above 0.64 threshold
2026-08-03T23:45:40 [INFO]     10 raw cluster(s) found
2026-08-03T23:45:40 [INFO]     Zone 1: habitat=0.906 × seasonal=0.80 → score=0.725  (prime)
2026-08-03T23:45:40 [INFO]     -> 1 zone(s) for Mahi-Mahi  [seasonality: prime  mult=0.80]
2026-08-03T23:45:40 [INFO]   Analyzing Wahoo ...
2026-08-03T23:45:40 [INFO]     1223 / 1360 scored points above 0.58 threshold
2026-08-03T23:45:40 [INFO]     41 raw cluster(s) found
2026-08-03T23:45:40 [INFO]     Zone 1: habitat=0.874 × seasonal=0.80 → score=0.699  (prime)
2026-08-03T23:45:40 [INFO]     Zone 2: habitat=0.856 × seasonal=0.80 → score=0.685  (prime)
2026-08-03T23:45:40 [INFO]     Zone 3: habitat=0.830 × seasonal=0.80 → score=0.664  (prime)
2026-08-03T23:45:40 [INFO]     -> 3 zone(s) for Wahoo  [seasonality: prime  mult=0.80]
2026-08-03T23:45:40 [INFO]   Analyzing King Mackerel ...
2026-08-03T23:45:40 [INFO]     0 / 0 scored points above 0.60 threshold
2026-08-03T23:45:40 [INFO]     0 raw cluster(s) found
2026-08-03T23:45:40 [INFO]     -> 0 zone(s) for King Mackerel  [seasonality: prime  mult=0.80]
2026-08-03T23:45:40 [INFO]   Analyzing White Marlin ...
2026-08-03T23:45:40 [INFO]     698 / 771 scored points above 0.60 threshold
2026-08-03T23:45:40 [INFO]     16 raw cluster(s) found
2026-08-03T23:45:40 [INFO]     Zone 1: habitat=0.881 × seasonal=1.00 → score=0.881  (peak)
2026-08-03T23:45:40 [INFO]     Zone 2: habitat=0.881 × seasonal=1.00 → score=0.881  (peak)
2026-08-03T23:45:40 [INFO]     Zone 3: habitat=0.880 × seasonal=1.00 → score=0.880  (peak)
2026-08-03T23:45:40 [INFO]     -> 3 zone(s) for White Marlin  [seasonality: peak  mult=1.00]
2026-08-03T23:45:40 [INFO]   Analyzing Blue Marlin ...
2026-08-03T23:45:40 [INFO]     1507 / 1863 scored points above 0.58 threshold
2026-08-03T23:45:40 [INFO]     35 raw cluster(s) found
2026-08-03T23:45:40 [INFO]     Zone 1: habitat=0.909 × seasonal=1.00 → score=0.909  (peak)
2026-08-03T23:45:40 [INFO]     Zone 2: habitat=0.905 × seasonal=1.00 → score=0.905  (peak)
2026-08-03T23:45:40 [INFO]     Zone 3: habitat=0.868 × seasonal=1.00 → score=0.868  (peak)
2026-08-03T23:45:40 [INFO]     -> 3 zone(s) for Blue Marlin  [seasonality: peak  mult=1.00]
2026-08-03T23:45:40 [INFO] Purged old hotspot file: fishing_hotspots_2026-07-11.json
2026-08-03T23:45:40 [INFO] Purged old hotspot file: fishing_hotspots_2026-07-16.json
2026-08-03T23:45:40 [INFO] Purged old hotspot file: fishing_hotspots_2026-07-08.json
2026-08-03T23:45:40 [INFO] Purged old hotspot file: fishing_hotspots_2026-07-20.json
2026-08-03T23:45:40 [INFO] Purged old hotspot file: fishing_hotspots_2026-07-19.json
2026-08-03T23:45:40 [INFO] Purged old hotspot file: fishing_hotspots_2026-07-09.json
2026-08-03T23:45:40 [INFO] Purged old hotspot file: fishing_hotspots_2026-07-24.json
2026-08-03T23:45:40 [INFO] Purged old hotspot file: fishing_hotspots_2026-07-07.json
2026-08-03T23:45:40 [INFO] Purged old hotspot file: fishing_hotspots_2026-07-14.json
2026-08-03T23:45:40 [INFO] Purged old hotspot file: fishing_hotspots_2026-07-15.json
2026-08-03T23:45:40 [INFO] Purged old hotspot file: fishing_hotspots_2026-07-22.json
2026-08-03T23:45:40 [INFO] Purged old hotspot file: fishing_hotspots_2026-07-12.json
2026-08-03T23:45:40 [INFO] Purged old hotspot file: fishing_hotspots_2026-07-10.json
2026-08-03T23:45:40 [INFO] Purged old hotspot file: fishing_hotspots_2026-07-26.json
2026-08-03T23:45:40 [INFO] Purged old hotspot file: fishing_hotspots_2026-07-21.json
2026-08-03T23:45:40 [INFO] Purged old hotspot file: fishing_hotspots_2026-07-17.json
2026-08-03T23:45:40 [INFO] Purged old hotspot file: fishing_hotspots_2026-07-18.json
2026-08-03T23:45:40 [INFO] Purged old hotspot file: fishing_hotspots_2026-07-06.json
2026-08-03T23:45:40 [INFO] Purged old hotspot file: fishing_hotspots_2026-07-25.json
2026-08-03T23:45:40 [INFO] Purged old hotspot file: fishing_hotspots_2026-07-13.json
2026-08-03T23:45:40 [INFO] Purged old hotspot file: fishing_hotspots_2026-07-23.json
2026-08-03T23:45:40 [INFO] Wrote fishing_hotspots_2026-08-03.json  (12.5 KB)
2026-08-03T23:45:40 [INFO] === Done ===
