2026-08-10T15:37:00 [INFO] === FishingHotspotAnalyzer  date=2026-08-10  month=August ===
2026-08-10T15:37:00 [INFO] Species to analyze: ['yellowfin', 'bluefin', 'mahi', 'wahoo', 'kingfish', 'white_marlin', 'blue_marlin']
2026-08-10T15:37:00 [INFO] Composite loaded: 266 lat × 335 lon, coverage 55.9%
2026-08-10T15:37:00 [INFO] Composite loaded: 49773 points  step=0.0200°
2026-08-10T15:37:00 [INFO] Bathymetry grid loaded: 1272 × 1604 cells
2026-08-10T15:37:02 [INFO] Bathy lookup: 217812 entries
2026-08-10T15:37:02 [INFO] Loaded CHL from CHL_20260809.json  (12114 valid points, 1 days old)
2026-08-10T15:37:02 [INFO] Loaded kd490 from SEACOLOR_20260809.json  (1913 valid points, 1 days old)
2026-08-10T15:37:02 [INFO]   Analyzing Yellowfin Tuna ...
2026-08-10T15:37:02 [INFO]     14 / 24 scored points above 0.65 threshold
2026-08-10T15:37:02 [INFO]     5 raw cluster(s) found
2026-08-10T15:37:02 [INFO]     -> 0 zone(s) for Yellowfin Tuna  [seasonality: prime  mult=0.80]
2026-08-10T15:37:02 [INFO]   Analyzing Bluefin Tuna ...
2026-08-10T15:37:02 [INFO]     0 / 0 scored points above 0.60 threshold
2026-08-10T15:37:02 [INFO]     0 raw cluster(s) found
2026-08-10T15:37:02 [INFO]     -> 0 zone(s) for Bluefin Tuna  [seasonality: off-season  mult=0.45]
2026-08-10T15:37:02 [INFO]   Analyzing Mahi-Mahi ...
2026-08-10T15:37:02 [INFO]     0 / 0 scored points above 0.64 threshold
2026-08-10T15:37:02 [INFO]     0 raw cluster(s) found
2026-08-10T15:37:02 [INFO]     -> 0 zone(s) for Mahi-Mahi  [seasonality: prime  mult=0.80]
2026-08-10T15:37:02 [INFO]   Analyzing Wahoo ...
2026-08-10T15:37:03 [INFO]     920 / 1238 scored points above 0.58 threshold
2026-08-10T15:37:03 [INFO]     36 raw cluster(s) found
2026-08-10T15:37:04 [INFO]     Zone 1: habitat=0.765 × seasonal=0.80 → score=0.612  (prime)
2026-08-10T15:37:04 [INFO]     Zone 2: habitat=0.751 × seasonal=0.80 → score=0.601  (prime)
2026-08-10T15:37:04 [INFO]     Zone 3: habitat=0.750 × seasonal=0.80 → score=0.600  (prime)
2026-08-10T15:37:04 [INFO]     -> 3 zone(s) for Wahoo  [seasonality: prime  mult=0.80]
2026-08-10T15:37:04 [INFO]   Analyzing King Mackerel ...
2026-08-10T15:37:04 [INFO]     92 / 176 scored points above 0.60 threshold
2026-08-10T15:37:04 [INFO]     6 raw cluster(s) found
2026-08-10T15:37:04 [INFO]     Zone 1: habitat=0.786 × seasonal=0.80 → score=0.629  (prime)
2026-08-10T15:37:04 [INFO]     Zone 2: habitat=0.726 × seasonal=0.80 → score=0.581  (prime)
2026-08-10T15:37:04 [INFO]     Zone 3: habitat=0.668 × seasonal=0.80 → score=0.534  (prime)
2026-08-10T15:37:04 [INFO]     -> 3 zone(s) for King Mackerel  [seasonality: prime  mult=0.80]
2026-08-10T15:37:04 [INFO]   Analyzing White Marlin ...
2026-08-10T15:37:04 [INFO]     1789 / 1837 scored points above 0.60 threshold
2026-08-10T15:37:04 [INFO]     23 raw cluster(s) found
2026-08-10T15:37:04 [INFO]     Zone 1: habitat=0.853 × seasonal=1.00 → score=0.853  (peak)
2026-08-10T15:37:04 [INFO]     Zone 2: habitat=0.843 × seasonal=1.00 → score=0.843  (peak)
2026-08-10T15:37:04 [INFO]     Zone 3: habitat=0.820 × seasonal=1.00 → score=0.820  (peak)
2026-08-10T15:37:04 [INFO]     -> 3 zone(s) for White Marlin  [seasonality: peak  mult=1.00]
2026-08-10T15:37:04 [INFO]   Analyzing Blue Marlin ...
2026-08-10T15:37:04 [INFO]     3701 / 4072 scored points above 0.58 threshold
2026-08-10T15:37:04 [INFO]     31 raw cluster(s) found
2026-08-10T15:37:04 [INFO]     Zone 1: habitat=0.926 × seasonal=1.00 → score=0.926  (peak)
2026-08-10T15:37:04 [INFO]     Zone 2: habitat=0.915 × seasonal=1.00 → score=0.915  (peak)
2026-08-10T15:37:04 [INFO]     Zone 3: habitat=0.911 × seasonal=1.00 → score=0.911  (peak)
2026-08-10T15:37:04 [INFO]     -> 3 zone(s) for Blue Marlin  [seasonality: peak  mult=1.00]
2026-08-10T15:37:04 [INFO] Purged old hotspot file: fishing_hotspots_2026-07-11.json
2026-08-10T15:37:04 [INFO] Purged old hotspot file: fishing_hotspots_2026-07-16.json
2026-08-10T15:37:04 [INFO] Purged old hotspot file: fishing_hotspots_2026-07-08.json
2026-08-10T15:37:04 [INFO] Purged old hotspot file: fishing_hotspots_2026-07-20.json
2026-08-10T15:37:04 [INFO] Purged old hotspot file: fishing_hotspots_2026-07-19.json
2026-08-10T15:37:04 [INFO] Purged old hotspot file: fishing_hotspots_2026-07-27.json
2026-08-10T15:37:04 [INFO] Purged old hotspot file: fishing_hotspots_2026-07-09.json
2026-08-10T15:37:04 [INFO] Purged old hotspot file: fishing_hotspots_2026-07-29.json
2026-08-10T15:37:04 [INFO] Purged old hotspot file: fishing_hotspots_2026-07-24.json
2026-08-10T15:37:04 [INFO] Purged old hotspot file: fishing_hotspots_2026-07-30.json
2026-08-10T15:37:04 [INFO] Purged old hotspot file: fishing_hotspots_2026-08-02.json
2026-08-10T15:37:04 [INFO] Purged old hotspot file: fishing_hotspots_2026-07-07.json
2026-08-10T15:37:04 [INFO] Purged old hotspot file: fishing_hotspots_2026-07-14.json
2026-08-10T15:37:04 [INFO] Purged old hotspot file: fishing_hotspots_2026-07-15.json
2026-08-10T15:37:04 [INFO] Purged old hotspot file: fishing_hotspots_2026-07-22.json
2026-08-10T15:37:04 [INFO] Purged old hotspot file: fishing_hotspots_2026-07-12.json
2026-08-10T15:37:04 [INFO] Purged old hotspot file: fishing_hotspots_2026-07-10.json
2026-08-10T15:37:04 [INFO] Purged old hotspot file: fishing_hotspots_2026-07-26.json
2026-08-10T15:37:04 [INFO] Purged old hotspot file: fishing_hotspots_2026-07-21.json
2026-08-10T15:37:04 [INFO] Purged old hotspot file: fishing_hotspots_2026-07-17.json
2026-08-10T15:37:04 [INFO] Purged old hotspot file: fishing_hotspots_2026-07-31.json
2026-08-10T15:37:04 [INFO] Purged old hotspot file: fishing_hotspots_2026-07-18.json
2026-08-10T15:37:04 [INFO] Purged old hotspot file: fishing_hotspots_2026-07-06.json
2026-08-10T15:37:04 [INFO] Purged old hotspot file: fishing_hotspots_2026-08-01.json
2026-08-10T15:37:04 [INFO] Purged old hotspot file: fishing_hotspots_2026-07-25.json
2026-08-10T15:37:04 [INFO] Purged old hotspot file: fishing_hotspots_2026-07-13.json
2026-08-10T15:37:04 [INFO] Purged old hotspot file: fishing_hotspots_2026-07-23.json
2026-08-10T15:37:04 [INFO] Purged old hotspot file: fishing_hotspots_2026-07-28.json
2026-08-10T15:37:04 [INFO] Wrote fishing_hotspots_2026-08-10.json  (11.6 KB)
2026-08-10T15:37:04 [INFO] === Done ===
