2026-06-20T17:08:55 [INFO] === FishingHotspotAnalyzer  date=2026-06-20  month=June ===
2026-06-20T17:08:55 [INFO] Species to analyze: ['yellowfin', 'bluefin', 'mahi', 'wahoo', 'kingfish', 'white_marlin', 'blue_marlin']
2026-06-20T17:08:55 [INFO] Composite loaded: 266 lat × 335 lon, coverage 41.3%
2026-06-20T17:08:56 [INFO] Composite loaded: 36766 points  step=0.0200°
2026-06-20T17:08:56 [INFO] Bathymetry grid loaded: 1273 × 1604 cells
2026-06-20T17:08:58 [INFO] Bathy lookup: 241969 entries
2026-06-20T17:08:58 [INFO] Loaded CHL from CHL_20260619.json  (1695 valid points, 1 days old)
2026-06-20T17:08:58 [INFO] Loaded kd490 from SEACOLOR_20260619.json  (401 valid points, 1 days old)
2026-06-20T17:08:58 [INFO]   Analyzing Yellowfin Tuna ...
2026-06-20T17:08:58 [INFO]     10 / 33 scored points above 0.65 threshold
2026-06-20T17:08:58 [INFO]     3 raw cluster(s) found
2026-06-20T17:08:58 [INFO]     -> 0 zone(s) for Yellowfin Tuna  [seasonality: prime  mult=0.80]
2026-06-20T17:08:58 [INFO]   Analyzing Bluefin Tuna ...
2026-06-20T17:08:58 [INFO]     749 / 759 scored points above 0.60 threshold
2026-06-20T17:08:58 [INFO]     7 raw cluster(s) found
2026-06-20T17:08:58 [INFO]     Zone 1: habitat=0.797 × seasonal=0.45 → score=0.359  (off-season)
2026-06-20T17:08:58 [INFO]     Zone 2: habitat=0.785 × seasonal=0.45 → score=0.353  (off-season)
2026-06-20T17:08:58 [INFO]     Zone 3: habitat=0.776 × seasonal=0.45 → score=0.349  (off-season)
2026-06-20T17:08:58 [INFO]     -> 3 zone(s) for Bluefin Tuna  [seasonality: off-season  mult=0.45]
2026-06-20T17:08:58 [INFO]   Analyzing Mahi-Mahi ...
2026-06-20T17:08:58 [INFO]     120 / 451 scored points above 0.54 threshold
2026-06-20T17:08:58 [INFO]     14 raw cluster(s) found
2026-06-20T17:08:58 [INFO]     Zone 1: habitat=0.552 × seasonal=1.00 → score=0.552  (peak)
2026-06-20T17:08:58 [INFO]     Zone 2: habitat=0.548 × seasonal=1.00 → score=0.548  (peak)
2026-06-20T17:08:58 [INFO]     -> 2 zone(s) for Mahi-Mahi  [seasonality: peak  mult=1.00]
2026-06-20T17:08:58 [INFO]   Analyzing Wahoo ...
2026-06-20T17:08:58 [INFO]     1501 / 2567 scored points above 0.58 threshold
2026-06-20T17:08:58 [INFO]     41 raw cluster(s) found
2026-06-20T17:08:58 [INFO]     Zone 1: habitat=0.811 × seasonal=0.45 → score=0.365  (off-season)
2026-06-20T17:08:58 [INFO]     Zone 2: habitat=0.751 × seasonal=0.45 → score=0.338  (off-season)
2026-06-20T17:08:58 [INFO]     Zone 3: habitat=0.735 × seasonal=0.45 → score=0.331  (off-season)
2026-06-20T17:08:58 [INFO]     -> 3 zone(s) for Wahoo  [seasonality: off-season  mult=0.45]
2026-06-20T17:08:58 [INFO]   Analyzing King Mackerel ...
2026-06-20T17:08:58 [INFO]     2990 / 3749 scored points above 0.60 threshold
2026-06-20T17:08:58 [INFO]     65 raw cluster(s) found
2026-06-20T17:08:58 [INFO]     Zone 1: habitat=0.868 × seasonal=0.80 → score=0.694  (prime)
2026-06-20T17:08:58 [INFO]     Zone 2: habitat=0.859 × seasonal=0.80 → score=0.687  (prime)
2026-06-20T17:08:58 [INFO]     Zone 3: habitat=0.850 × seasonal=0.80 → score=0.680  (prime)
2026-06-20T17:08:58 [INFO]     -> 3 zone(s) for King Mackerel  [seasonality: prime  mult=0.80]
2026-06-20T17:08:58 [INFO]   Analyzing White Marlin ...
2026-06-20T17:08:59 [INFO]     220 / 255 scored points above 0.60 threshold
2026-06-20T17:08:59 [INFO]     5 raw cluster(s) found
2026-06-20T17:08:59 [INFO]     Zone 1: habitat=0.799 × seasonal=0.45 → score=0.360  (off-season)
2026-06-20T17:08:59 [INFO]     Zone 2: habitat=0.782 × seasonal=0.45 → score=0.352  (off-season)
2026-06-20T17:08:59 [INFO]     Zone 3: habitat=0.756 × seasonal=0.45 → score=0.340  (off-season)
2026-06-20T17:08:59 [INFO]     -> 3 zone(s) for White Marlin  [seasonality: off-season  mult=0.45]
2026-06-20T17:08:59 [INFO]   Analyzing Blue Marlin ...
2026-06-20T17:08:59 [INFO]     422 / 517 scored points above 0.58 threshold
2026-06-20T17:08:59 [INFO]     18 raw cluster(s) found
2026-06-20T17:08:59 [INFO]     Zone 1: habitat=0.775 × seasonal=0.80 → score=0.620  (prime)
2026-06-20T17:08:59 [INFO]     Zone 2: habitat=0.750 × seasonal=0.80 → score=0.600  (prime)
2026-06-20T17:08:59 [INFO]     Zone 3: habitat=0.736 × seasonal=0.80 → score=0.589  (prime)
2026-06-20T17:08:59 [INFO]     -> 3 zone(s) for Blue Marlin  [seasonality: prime  mult=0.80]
2026-06-20T17:08:59 [INFO] Purged old hotspot file: fishing_hotspots_2026-05-25.json
2026-06-20T17:08:59 [INFO] Purged old hotspot file: fishing_hotspots_2026-06-09.json
2026-06-20T17:08:59 [INFO] Purged old hotspot file: fishing_hotspots_2026-06-10.json
2026-06-20T17:08:59 [INFO] Purged old hotspot file: fishing_hotspots_2026-06-05.json
2026-06-20T17:08:59 [INFO] Purged old hotspot file: fishing_hotspots_2026-06-08.json
2026-06-20T17:08:59 [INFO] Purged old hotspot file: fishing_hotspots_2026-06-04.json
2026-06-20T17:08:59 [INFO] Purged old hotspot file: fishing_hotspots_2026-06-02.json
2026-06-20T17:08:59 [INFO] Purged old hotspot file: fishing_hotspots_2026-06-07.json
2026-06-20T17:08:59 [INFO] Purged old hotspot file: fishing_hotspots_2026-06-06.json
2026-06-20T17:08:59 [INFO] Purged old hotspot file: fishing_hotspots_2026-05-28.json
2026-06-20T17:08:59 [INFO] Purged old hotspot file: fishing_hotspots_2026-05-23.json
2026-06-20T17:08:59 [INFO] Purged old hotspot file: fishing_hotspots_2026-05-30.json
2026-06-20T17:08:59 [INFO] Purged old hotspot file: fishing_hotspots_2026-05-31.json
2026-06-20T17:08:59 [INFO] Purged old hotspot file: fishing_hotspots_2026-06-11.json
2026-06-20T17:08:59 [INFO] Purged old hotspot file: fishing_hotspots_2026-05-24.json
2026-06-20T17:08:59 [INFO] Purged old hotspot file: fishing_hotspots_2026-05-29.json
2026-06-20T17:08:59 [INFO] Purged old hotspot file: fishing_hotspots_2026-05-22.json
2026-06-20T17:08:59 [INFO] Purged old hotspot file: fishing_hotspots_2026-05-27.json
2026-06-20T17:08:59 [INFO] Purged old hotspot file: fishing_hotspots_2026-06-03.json
2026-06-20T17:08:59 [INFO] Purged old hotspot file: fishing_hotspots_2026-06-12.json
2026-06-20T17:08:59 [INFO] Purged old hotspot file: fishing_hotspots_2026-05-26.json
2026-06-20T17:08:59 [INFO] Purged old hotspot file: fishing_hotspots_2026-06-01.json
2026-06-20T17:08:59 [INFO] Wrote fishing_hotspots_2026-06-20.json  (16.7 KB)
2026-06-20T17:08:59 [INFO] === Done ===
