2026-07-26T11:08:09 [INFO] === FishingHotspotAnalyzer  date=2026-07-26  month=July ===
2026-07-26T11:08:09 [INFO] Species to analyze: ['yellowfin', 'bluefin', 'mahi', 'wahoo', 'kingfish', 'white_marlin', 'blue_marlin']
2026-07-26T11:08:09 [INFO] Composite loaded: 266 lat × 335 lon, coverage 35.7%
2026-07-26T11:08:09 [INFO] Composite loaded: 31786 points  step=0.0200°
2026-07-26T11:08:09 [INFO] Bathymetry grid loaded: 1272 × 1604 cells
2026-07-26T11:08:11 [INFO] Bathy lookup: 217812 entries
2026-07-26T11:08:11 [INFO] Loaded CHL from CHL_20260724.json  (7233 valid points, 2 days old)
2026-07-26T11:08:11 [INFO] Loaded kd490 from SEACOLOR_20260724.json  (674 valid points, 2 days old)
2026-07-26T11:08:11 [INFO]   Analyzing Yellowfin Tuna ...
2026-07-26T11:08:11 [INFO]     865 / 974 scored points above 0.65 threshold
2026-07-26T11:08:11 [INFO]     20 raw cluster(s) found
2026-07-26T11:08:12 [INFO]     Zone 1: habitat=0.922 × seasonal=0.80 → score=0.738  (prime)
2026-07-26T11:08:12 [INFO]     Zone 2: habitat=0.886 × seasonal=0.80 → score=0.709  (prime)
2026-07-26T11:08:12 [INFO]     Zone 3: habitat=0.844 × seasonal=0.80 → score=0.675  (prime)
2026-07-26T11:08:12 [INFO]     -> 3 zone(s) for Yellowfin Tuna  [seasonality: prime  mult=0.80]
2026-07-26T11:08:12 [INFO]   Analyzing Bluefin Tuna ...
2026-07-26T11:08:12 [INFO]     0 / 0 scored points above 0.60 threshold
2026-07-26T11:08:12 [INFO]     0 raw cluster(s) found
2026-07-26T11:08:12 [INFO]     -> 0 zone(s) for Bluefin Tuna  [seasonality: off-season  mult=0.45]
2026-07-26T11:08:12 [INFO]   Analyzing Mahi-Mahi ...
2026-07-26T11:08:12 [INFO]     377 / 393 scored points above 0.64 threshold
2026-07-26T11:08:12 [INFO]     32 raw cluster(s) found
2026-07-26T11:08:12 [INFO]     Zone 1: habitat=0.993 × seasonal=1.00 → score=0.993  (peak)
2026-07-26T11:08:12 [INFO]     Zone 2: habitat=0.980 × seasonal=1.00 → score=0.980  (peak)
2026-07-26T11:08:12 [INFO]     Zone 3: habitat=0.973 × seasonal=1.00 → score=0.973  (peak)
2026-07-26T11:08:12 [INFO]     -> 3 zone(s) for Mahi-Mahi  [seasonality: peak  mult=1.00]
2026-07-26T11:08:12 [INFO]   Analyzing Wahoo ...
2026-07-26T11:08:12 [INFO]     3166 / 3426 scored points above 0.58 threshold
2026-07-26T11:08:12 [INFO]     51 raw cluster(s) found
2026-07-26T11:08:12 [INFO]     Zone 1: habitat=0.905 × seasonal=0.80 → score=0.724  (prime)
2026-07-26T11:08:12 [INFO]     Zone 2: habitat=0.891 × seasonal=0.80 → score=0.713  (prime)
2026-07-26T11:08:12 [INFO]     Zone 3: habitat=0.880 × seasonal=0.80 → score=0.704  (prime)
2026-07-26T11:08:12 [INFO]     -> 3 zone(s) for Wahoo  [seasonality: prime  mult=0.80]
2026-07-26T11:08:12 [INFO]   Analyzing King Mackerel ...
2026-07-26T11:08:12 [INFO]     90 / 229 scored points above 0.60 threshold
2026-07-26T11:08:12 [INFO]     8 raw cluster(s) found
2026-07-26T11:08:12 [INFO]     Zone 1: habitat=0.722 × seasonal=0.80 → score=0.578  (prime)
2026-07-26T11:08:12 [INFO]     Zone 2: habitat=0.712 × seasonal=0.80 → score=0.570  (prime)
2026-07-26T11:08:12 [INFO]     -> 2 zone(s) for King Mackerel  [seasonality: prime  mult=0.80]
2026-07-26T11:08:12 [INFO]   Analyzing White Marlin ...
2026-07-26T11:08:12 [INFO]     1494 / 1543 scored points above 0.60 threshold
2026-07-26T11:08:12 [INFO]     21 raw cluster(s) found
2026-07-26T11:08:12 [INFO]     Zone 1: habitat=0.853 × seasonal=0.80 → score=0.682  (prime)
2026-07-26T11:08:12 [INFO]     Zone 2: habitat=0.836 × seasonal=0.80 → score=0.669  (prime)
2026-07-26T11:08:12 [INFO]     Zone 3: habitat=0.836 × seasonal=0.80 → score=0.669  (prime)
2026-07-26T11:08:12 [INFO]     -> 3 zone(s) for White Marlin  [seasonality: prime  mult=0.80]
2026-07-26T11:08:12 [INFO]   Analyzing Blue Marlin ...
2026-07-26T11:08:12 [INFO]     2631 / 3149 scored points above 0.58 threshold
2026-07-26T11:08:12 [INFO]     40 raw cluster(s) found
2026-07-26T11:08:12 [INFO]     Zone 1: habitat=0.875 × seasonal=1.00 → score=0.875  (peak)
2026-07-26T11:08:12 [INFO]     Zone 2: habitat=0.786 × seasonal=1.00 → score=0.786  (peak)
2026-07-26T11:08:12 [INFO]     Zone 3: habitat=0.780 × seasonal=1.00 → score=0.780  (peak)
2026-07-26T11:08:12 [INFO]     -> 3 zone(s) for Blue Marlin  [seasonality: peak  mult=1.00]
2026-07-26T11:08:12 [INFO] Purged old hotspot file: fishing_hotspots_2026-07-11.json
2026-07-26T11:08:12 [INFO] Purged old hotspot file: fishing_hotspots_2026-07-16.json
2026-07-26T11:08:12 [INFO] Purged old hotspot file: fishing_hotspots_2026-07-08.json
2026-07-26T11:08:12 [INFO] Purged old hotspot file: fishing_hotspots_2026-07-09.json
2026-07-26T11:08:12 [INFO] Purged old hotspot file: fishing_hotspots_2026-07-07.json
2026-07-26T11:08:12 [INFO] Purged old hotspot file: fishing_hotspots_2026-07-14.json
2026-07-26T11:08:12 [INFO] Purged old hotspot file: fishing_hotspots_2026-07-15.json
2026-07-26T11:08:12 [INFO] Purged old hotspot file: fishing_hotspots_2026-07-12.json
2026-07-26T11:08:12 [INFO] Purged old hotspot file: fishing_hotspots_2026-07-10.json
2026-07-26T11:08:12 [INFO] Purged old hotspot file: fishing_hotspots_2026-07-17.json
2026-07-26T11:08:12 [INFO] Purged old hotspot file: fishing_hotspots_2026-07-18.json
2026-07-26T11:08:12 [INFO] Purged old hotspot file: fishing_hotspots_2026-07-06.json
2026-07-26T11:08:12 [INFO] Purged old hotspot file: fishing_hotspots_2026-07-13.json
2026-07-26T11:08:12 [INFO] Wrote fishing_hotspots_2026-07-26.json  (16.1 KB)
2026-07-26T11:08:12 [INFO] === Done ===
