2026-07-17T20:00:01 [INFO] === FishingHotspotAnalyzer  date=2026-07-17  month=July ===
2026-07-17T20:00:01 [INFO] Species to analyze: ['yellowfin', 'bluefin', 'mahi', 'wahoo', 'kingfish', 'white_marlin', 'blue_marlin']
2026-07-17T20:00:01 [INFO] Composite loaded: 266 lat × 335 lon, coverage 51.8%
2026-07-17T20:00:01 [INFO] Composite loaded: 46149 points  step=0.0200°
2026-07-17T20:00:01 [INFO] Bathymetry grid loaded: 1272 × 1604 cells
2026-07-17T20:00:03 [INFO] Bathy lookup: 217812 entries
2026-07-17T20:00:03 [INFO] Loaded CHL from CHL_20260716.json  (5033 valid points, 1 days old)
2026-07-17T20:00:03 [INFO] Loaded kd490 from SEACOLOR_20260716.json  (654 valid points, 1 days old)
2026-07-17T20:00:03 [INFO]   Analyzing Yellowfin Tuna ...
2026-07-17T20:00:03 [INFO]     730 / 893 scored points above 0.65 threshold
2026-07-17T20:00:03 [INFO]     14 raw cluster(s) found
2026-07-17T20:00:04 [INFO]     Zone 1: habitat=0.829 × seasonal=0.80 → score=0.663  (prime)
2026-07-17T20:00:04 [INFO]     Zone 2: habitat=0.824 × seasonal=0.80 → score=0.659  (prime)
2026-07-17T20:00:04 [INFO]     Zone 3: habitat=0.816 × seasonal=0.80 → score=0.653  (prime)
2026-07-17T20:00:04 [INFO]     -> 3 zone(s) for Yellowfin Tuna  [seasonality: prime  mult=0.80]
2026-07-17T20:00:04 [INFO]   Analyzing Bluefin Tuna ...
2026-07-17T20:00:04 [INFO]     0 / 0 scored points above 0.60 threshold
2026-07-17T20:00:04 [INFO]     0 raw cluster(s) found
2026-07-17T20:00:04 [INFO]     -> 0 zone(s) for Bluefin Tuna  [seasonality: off-season  mult=0.45]
2026-07-17T20:00:04 [INFO]   Analyzing Mahi-Mahi ...
2026-07-17T20:00:04 [INFO]     0 / 0 scored points above 0.64 threshold
2026-07-17T20:00:04 [INFO]     0 raw cluster(s) found
2026-07-17T20:00:04 [INFO]     -> 0 zone(s) for Mahi-Mahi  [seasonality: peak  mult=1.00]
2026-07-17T20:00:04 [INFO]   Analyzing Wahoo ...
2026-07-17T20:00:04 [INFO]     2273 / 2734 scored points above 0.58 threshold
2026-07-17T20:00:04 [INFO]     48 raw cluster(s) found
2026-07-17T20:00:04 [INFO]     Zone 1: habitat=0.832 × seasonal=0.80 → score=0.666  (prime)
2026-07-17T20:00:04 [INFO]     Zone 2: habitat=0.827 × seasonal=0.80 → score=0.662  (prime)
2026-07-17T20:00:04 [INFO]     Zone 3: habitat=0.827 × seasonal=0.80 → score=0.662  (prime)
2026-07-17T20:00:04 [INFO]     -> 3 zone(s) for Wahoo  [seasonality: prime  mult=0.80]
2026-07-17T20:00:04 [INFO]   Analyzing King Mackerel ...
2026-07-17T20:00:04 [INFO]     0 / 0 scored points above 0.60 threshold
2026-07-17T20:00:04 [INFO]     0 raw cluster(s) found
2026-07-17T20:00:04 [INFO]     -> 0 zone(s) for King Mackerel  [seasonality: prime  mult=0.80]
2026-07-17T20:00:04 [INFO]   Analyzing White Marlin ...
2026-07-17T20:00:05 [INFO]     1446 / 1507 scored points above 0.60 threshold
2026-07-17T20:00:05 [INFO]     27 raw cluster(s) found
2026-07-17T20:00:05 [INFO]     Zone 1: habitat=0.828 × seasonal=0.80 → score=0.662  (prime)
2026-07-17T20:00:05 [INFO]     Zone 2: habitat=0.827 × seasonal=0.80 → score=0.662  (prime)
2026-07-17T20:00:05 [INFO]     Zone 3: habitat=0.806 × seasonal=0.80 → score=0.645  (prime)
2026-07-17T20:00:05 [INFO]     -> 3 zone(s) for White Marlin  [seasonality: prime  mult=0.80]
2026-07-17T20:00:05 [INFO]   Analyzing Blue Marlin ...
2026-07-17T20:00:05 [INFO]     3133 / 3615 scored points above 0.58 threshold
2026-07-17T20:00:05 [INFO]     25 raw cluster(s) found
2026-07-17T20:00:05 [INFO]     Zone 1: habitat=0.876 × seasonal=1.00 → score=0.876  (peak)
2026-07-17T20:00:05 [INFO]     Zone 2: habitat=0.770 × seasonal=1.00 → score=0.770  (peak)
2026-07-17T20:00:05 [INFO]     Zone 3: habitat=0.761 × seasonal=1.00 → score=0.761  (peak)
2026-07-17T20:00:05 [INFO]     -> 3 zone(s) for Blue Marlin  [seasonality: peak  mult=1.00]
2026-07-17T20:00:05 [INFO] Purged old hotspot file: fishing_hotspots_2026-07-06.json
2026-07-17T20:00:05 [INFO] Purged old hotspot file: fishing_hotspots_2026-07-09.json
2026-07-17T20:00:05 [INFO] Purged old hotspot file: fishing_hotspots_2026-07-07.json
2026-07-17T20:00:05 [INFO] Purged old hotspot file: fishing_hotspots_2026-07-08.json
2026-07-17T20:00:05 [INFO] Wrote fishing_hotspots_2026-07-17.json  (11.8 KB)
2026-07-17T20:00:05 [INFO] === Done ===
