2026-07-05T20:41:22 [INFO] === FishingHotspotAnalyzer  date=2026-07-05  month=July ===
2026-07-05T20:41:22 [INFO] Species to analyze: ['yellowfin', 'bluefin', 'mahi', 'wahoo', 'kingfish', 'white_marlin', 'blue_marlin']
2026-07-05T20:41:22 [INFO] Composite loaded: 266 lat × 335 lon, coverage 62.3%
2026-07-05T20:41:22 [INFO] Composite loaded: 55479 points  step=0.0200°
2026-07-05T20:41:22 [INFO] Bathymetry grid loaded: 1272 × 1604 cells
2026-07-05T20:41:24 [INFO] Bathy lookup: 217706 entries
2026-07-05T20:41:25 [INFO] Loaded CHL from CHL_20260704.json  (31584 valid points, 1 days old)
2026-07-05T20:41:25 [INFO] Loaded kd490 from SEACOLOR_20260704.json  (2371 valid points, 1 days old)
2026-07-05T20:41:25 [INFO]   Analyzing Yellowfin Tuna ...
2026-07-05T20:41:25 [INFO]     1636 / 1835 scored points above 0.65 threshold
2026-07-05T20:41:25 [INFO]     27 raw cluster(s) found
2026-07-05T20:41:25 [INFO]     Zone 1: habitat=0.836 × seasonal=0.45 → score=0.376  (off-season)
2026-07-05T20:41:25 [INFO]     Zone 2: habitat=0.836 × seasonal=0.45 → score=0.376  (off-season)
2026-07-05T20:41:25 [INFO]     Zone 3: habitat=0.820 × seasonal=0.45 → score=0.369  (off-season)
2026-07-05T20:41:25 [INFO]     -> 3 zone(s) for Yellowfin Tuna  [seasonality: off-season  mult=0.45]
2026-07-05T20:41:25 [INFO]   Analyzing Bluefin Tuna ...
2026-07-05T20:41:25 [INFO]     0 / 0 scored points above 0.60 threshold
2026-07-05T20:41:25 [INFO]     0 raw cluster(s) found
2026-07-05T20:41:25 [INFO]     -> 0 zone(s) for Bluefin Tuna  [seasonality: off-season  mult=0.45]
2026-07-05T20:41:25 [INFO]   Analyzing Mahi-Mahi ...
2026-07-05T20:41:25 [INFO]     1833 / 1848 scored points above 0.54 threshold
2026-07-05T20:41:25 [INFO]     22 raw cluster(s) found
2026-07-05T20:41:25 [INFO]     Zone 1: habitat=0.887 × seasonal=1.00 → score=0.887  (peak)
2026-07-05T20:41:25 [INFO]     Zone 2: habitat=0.878 × seasonal=1.00 → score=0.878  (peak)
2026-07-05T20:41:25 [INFO]     Zone 3: habitat=0.876 × seasonal=1.00 → score=0.876  (peak)
2026-07-05T20:41:25 [INFO]     -> 3 zone(s) for Mahi-Mahi  [seasonality: peak  mult=1.00]
2026-07-05T20:41:25 [INFO]   Analyzing Wahoo ...
2026-07-05T20:41:25 [INFO]     3434 / 3804 scored points above 0.58 threshold
2026-07-05T20:41:25 [INFO]     64 raw cluster(s) found
2026-07-05T20:41:25 [INFO]     Zone 1: habitat=0.892 × seasonal=0.80 → score=0.714  (prime)
2026-07-05T20:41:25 [INFO]     Zone 2: habitat=0.887 × seasonal=0.80 → score=0.710  (prime)
2026-07-05T20:41:25 [INFO]     Zone 3: habitat=0.863 × seasonal=0.80 → score=0.690  (prime)
2026-07-05T20:41:25 [INFO]     -> 3 zone(s) for Wahoo  [seasonality: prime  mult=0.80]
2026-07-05T20:41:25 [INFO]   Analyzing King Mackerel ...
2026-07-05T20:41:25 [INFO]     64 / 98 scored points above 0.60 threshold
2026-07-05T20:41:25 [INFO]     5 raw cluster(s) found
2026-07-05T20:41:25 [INFO]     Zone 1: habitat=0.774 × seasonal=0.80 → score=0.619  (prime)
2026-07-05T20:41:25 [INFO]     Zone 2: habitat=0.727 × seasonal=0.80 → score=0.582  (prime)
2026-07-05T20:41:25 [INFO]     Zone 3: habitat=0.712 × seasonal=0.80 → score=0.570  (prime)
2026-07-05T20:41:25 [INFO]     -> 3 zone(s) for King Mackerel  [seasonality: prime  mult=0.80]
2026-07-05T20:41:25 [INFO]   Analyzing White Marlin ...
2026-07-05T20:41:26 [INFO]     1870 / 1879 scored points above 0.60 threshold
2026-07-05T20:41:26 [INFO]     21 raw cluster(s) found
2026-07-05T20:41:26 [INFO]     Zone 1: habitat=0.881 × seasonal=0.80 → score=0.705  (prime)
2026-07-05T20:41:26 [INFO]     Zone 2: habitat=0.877 × seasonal=0.80 → score=0.702  (prime)
2026-07-05T20:41:26 [INFO]     Zone 3: habitat=0.869 × seasonal=0.80 → score=0.695  (prime)
2026-07-05T20:41:26 [INFO]     -> 3 zone(s) for White Marlin  [seasonality: prime  mult=0.80]
2026-07-05T20:41:26 [INFO]   Analyzing Blue Marlin ...
2026-07-05T20:41:26 [INFO]     4031 / 4358 scored points above 0.58 threshold
2026-07-05T20:41:26 [INFO]     27 raw cluster(s) found
2026-07-05T20:41:26 [INFO]     Zone 1: habitat=0.919 × seasonal=1.00 → score=0.919  (peak)
2026-07-05T20:41:26 [INFO]     Zone 2: habitat=0.916 × seasonal=1.00 → score=0.916  (peak)
2026-07-05T20:41:26 [INFO]     Zone 3: habitat=0.892 × seasonal=1.00 → score=0.892  (peak)
2026-07-05T20:41:26 [INFO]     -> 3 zone(s) for Blue Marlin  [seasonality: peak  mult=1.00]
2026-07-05T20:41:26 [INFO] Purged old hotspot file: fishing_hotspots_2026-05-25.json
2026-07-05T20:41:26 [INFO] Purged old hotspot file: fishing_hotspots_2026-06-09.json
2026-07-05T20:41:26 [INFO] Purged old hotspot file: fishing_hotspots_2026-06-21.json
2026-07-05T20:41:26 [INFO] Purged old hotspot file: fishing_hotspots_2026-06-10.json
2026-07-05T20:41:26 [INFO] Purged old hotspot file: fishing_hotspots_2026-06-05.json
2026-07-05T20:41:26 [INFO] Purged old hotspot file: fishing_hotspots_2026-06-08.json
2026-07-05T20:41:26 [INFO] Purged old hotspot file: fishing_hotspots_2026-06-04.json
2026-07-05T20:41:26 [INFO] Purged old hotspot file: fishing_hotspots_2026-06-24.json
2026-07-05T20:41:26 [INFO] Purged old hotspot file: fishing_hotspots_2026-06-02.json
2026-07-05T20:41:26 [INFO] Purged old hotspot file: fishing_hotspots_2026-06-23.json
2026-07-05T20:41:26 [INFO] Purged old hotspot file: fishing_hotspots_2026-06-07.json
2026-07-05T20:41:26 [INFO] Purged old hotspot file: fishing_hotspots_2026-06-20.json
2026-07-05T20:41:26 [INFO] Purged old hotspot file: fishing_hotspots_2026-06-18.json
2026-07-05T20:41:26 [INFO] Purged old hotspot file: fishing_hotspots_2026-06-06.json
2026-07-05T20:41:26 [INFO] Purged old hotspot file: fishing_hotspots_2026-06-27.json
2026-07-05T20:41:26 [INFO] Purged old hotspot file: fishing_hotspots_2026-06-14.json
2026-07-05T20:41:26 [INFO] Purged old hotspot file: fishing_hotspots_2026-05-28.json
2026-07-05T20:41:26 [INFO] Purged old hotspot file: fishing_hotspots_2026-05-23.json
2026-07-05T20:41:26 [INFO] Purged old hotspot file: fishing_hotspots_2026-06-15.json
2026-07-05T20:41:26 [INFO] Purged old hotspot file: fishing_hotspots_2026-06-17.json
2026-07-05T20:41:26 [INFO] Purged old hotspot file: fishing_hotspots_2026-05-30.json
2026-07-05T20:41:26 [INFO] Purged old hotspot file: fishing_hotspots_2026-05-31.json
2026-07-05T20:41:26 [INFO] Purged old hotspot file: fishing_hotspots_2026-06-11.json
2026-07-05T20:41:26 [INFO] Purged old hotspot file: fishing_hotspots_2026-06-26.json
2026-07-05T20:41:26 [INFO] Purged old hotspot file: fishing_hotspots_2026-05-24.json
2026-07-05T20:41:26 [INFO] Purged old hotspot file: fishing_hotspots_2026-05-29.json
2026-07-05T20:41:26 [INFO] Purged old hotspot file: fishing_hotspots_2026-05-22.json
2026-07-05T20:41:26 [INFO] Purged old hotspot file: fishing_hotspots_2026-05-27.json
2026-07-05T20:41:26 [INFO] Purged old hotspot file: fishing_hotspots_2026-06-16.json
2026-07-05T20:41:26 [INFO] Purged old hotspot file: fishing_hotspots_2026-06-03.json
2026-07-05T20:41:26 [INFO] Purged old hotspot file: fishing_hotspots_2026-06-12.json
2026-07-05T20:41:26 [INFO] Purged old hotspot file: fishing_hotspots_2026-06-13.json
2026-07-05T20:41:26 [INFO] Purged old hotspot file: fishing_hotspots_2026-05-26.json
2026-07-05T20:41:26 [INFO] Purged old hotspot file: fishing_hotspots_2026-06-25.json
2026-07-05T20:41:26 [INFO] Purged old hotspot file: fishing_hotspots_2026-06-01.json
2026-07-05T20:41:26 [INFO] Purged old hotspot file: fishing_hotspots_2026-06-19.json
2026-07-05T20:41:26 [INFO] Purged old hotspot file: fishing_hotspots_2026-06-22.json
2026-07-05T20:41:26 [INFO] Wrote fishing_hotspots_2026-07-05.json  (17.1 KB)
2026-07-05T20:41:26 [INFO] === Done ===
