2026-07-24T18:05:57 [INFO] === FishingHotspotAnalyzer  date=2026-07-24  month=July ===
2026-07-24T18:05:57 [INFO] Species to analyze: ['yellowfin', 'bluefin', 'mahi', 'wahoo', 'kingfish', 'white_marlin', 'blue_marlin']
2026-07-24T18:05:57 [INFO] Composite loaded: 266 lat × 335 lon, coverage 35.7%
2026-07-24T18:05:58 [INFO] Composite loaded: 31786 points  step=0.0200°
2026-07-24T18:05:58 [INFO] Bathymetry grid loaded: 1272 × 1604 cells
2026-07-24T18:06:00 [INFO] Bathy lookup: 217812 entries
2026-07-24T18:06:00 [INFO] Loaded CHL from CHL_20260722.json  (7069 valid points, 2 days old)
2026-07-24T18:06:00 [INFO] Loaded kd490 from SEACOLOR_20260723.json  (725 valid points, 1 days old)
2026-07-24T18:06:00 [INFO]   Analyzing Yellowfin Tuna ...
2026-07-24T18:06:00 [INFO]     847 / 974 scored points above 0.65 threshold
2026-07-24T18:06:00 [INFO]     20 raw cluster(s) found
2026-07-24T18:06:01 [INFO]     Zone 1: habitat=0.923 × seasonal=0.80 → score=0.738  (prime)
2026-07-24T18:06:01 [INFO]     Zone 2: habitat=0.848 × seasonal=0.80 → score=0.678  (prime)
2026-07-24T18:06:01 [INFO]     Zone 3: habitat=0.844 × seasonal=0.80 → score=0.675  (prime)
2026-07-24T18:06:01 [INFO]     -> 3 zone(s) for Yellowfin Tuna  [seasonality: prime  mult=0.80]
2026-07-24T18:06:01 [INFO]   Analyzing Bluefin Tuna ...
2026-07-24T18:06:01 [INFO]     0 / 0 scored points above 0.60 threshold
2026-07-24T18:06:01 [INFO]     0 raw cluster(s) found
2026-07-24T18:06:01 [INFO]     -> 0 zone(s) for Bluefin Tuna  [seasonality: off-season  mult=0.45]
2026-07-24T18:06:01 [INFO]   Analyzing Mahi-Mahi ...
2026-07-24T18:06:01 [INFO]     117 / 117 scored points above 0.64 threshold
2026-07-24T18:06:01 [INFO]     10 raw cluster(s) found
2026-07-24T18:06:01 [INFO]     Zone 1: habitat=0.951 × seasonal=1.00 → score=0.951  (peak)
2026-07-24T18:06:01 [INFO]     Zone 2: habitat=0.949 × seasonal=1.00 → score=0.949  (peak)
2026-07-24T18:06:01 [INFO]     Zone 3: habitat=0.916 × seasonal=1.00 → score=0.916  (peak)
2026-07-24T18:06:01 [INFO]     -> 3 zone(s) for Mahi-Mahi  [seasonality: peak  mult=1.00]
2026-07-24T18:06:01 [INFO]   Analyzing Wahoo ...
2026-07-24T18:06:01 [INFO]     3166 / 3426 scored points above 0.58 threshold
2026-07-24T18:06:01 [INFO]     52 raw cluster(s) found
2026-07-24T18:06:01 [INFO]     Zone 1: habitat=0.944 × seasonal=0.80 → score=0.755  (prime)
2026-07-24T18:06:01 [INFO]     Zone 2: habitat=0.942 × seasonal=0.80 → score=0.754  (prime)
2026-07-24T18:06:01 [INFO]     Zone 3: habitat=0.920 × seasonal=0.80 → score=0.736  (prime)
2026-07-24T18:06:01 [INFO]     -> 3 zone(s) for Wahoo  [seasonality: prime  mult=0.80]
2026-07-24T18:06:01 [INFO]   Analyzing King Mackerel ...
2026-07-24T18:06:01 [INFO]     86 / 229 scored points above 0.60 threshold
2026-07-24T18:06:01 [INFO]     7 raw cluster(s) found
2026-07-24T18:06:01 [INFO]     Zone 1: habitat=0.746 × seasonal=0.80 → score=0.597  (prime)
2026-07-24T18:06:01 [INFO]     Zone 2: habitat=0.718 × seasonal=0.80 → score=0.574  (prime)
2026-07-24T18:06:01 [INFO]     -> 2 zone(s) for King Mackerel  [seasonality: prime  mult=0.80]
2026-07-24T18:06:01 [INFO]   Analyzing White Marlin ...
2026-07-24T18:06:01 [INFO]     1498 / 1543 scored points above 0.60 threshold
2026-07-24T18:06:01 [INFO]     20 raw cluster(s) found
2026-07-24T18:06:01 [INFO]     Zone 1: habitat=0.865 × seasonal=0.80 → score=0.692  (prime)
2026-07-24T18:06:01 [INFO]     Zone 2: habitat=0.833 × seasonal=0.80 → score=0.666  (prime)
2026-07-24T18:06:01 [INFO]     Zone 3: habitat=0.826 × seasonal=0.80 → score=0.661  (prime)
2026-07-24T18:06:01 [INFO]     -> 3 zone(s) for White Marlin  [seasonality: prime  mult=0.80]
2026-07-24T18:06:01 [INFO]   Analyzing Blue Marlin ...
2026-07-24T18:06:01 [INFO]     2685 / 3149 scored points above 0.58 threshold
2026-07-24T18:06:01 [INFO]     41 raw cluster(s) found
2026-07-24T18:06:01 [INFO]     Zone 1: habitat=0.875 × seasonal=1.00 → score=0.875  (peak)
2026-07-24T18:06:01 [INFO]     Zone 2: habitat=0.801 × seasonal=1.00 → score=0.801  (peak)
2026-07-24T18:06:01 [INFO]     Zone 3: habitat=0.786 × seasonal=1.00 → score=0.786  (peak)
2026-07-24T18:06:01 [INFO]     -> 3 zone(s) for Blue Marlin  [seasonality: peak  mult=1.00]
2026-07-24T18:06:01 [INFO] Purged old hotspot file: fishing_hotspots_2026-07-11.json
2026-07-24T18:06:01 [INFO] Purged old hotspot file: fishing_hotspots_2026-07-16.json
2026-07-24T18:06:01 [INFO] Purged old hotspot file: fishing_hotspots_2026-07-08.json
2026-07-24T18:06:01 [INFO] Purged old hotspot file: fishing_hotspots_2026-07-09.json
2026-07-24T18:06:01 [INFO] Purged old hotspot file: fishing_hotspots_2026-07-07.json
2026-07-24T18:06:01 [INFO] Purged old hotspot file: fishing_hotspots_2026-07-14.json
2026-07-24T18:06:01 [INFO] Purged old hotspot file: fishing_hotspots_2026-07-15.json
2026-07-24T18:06:01 [INFO] Purged old hotspot file: fishing_hotspots_2026-07-12.json
2026-07-24T18:06:01 [INFO] Purged old hotspot file: fishing_hotspots_2026-07-10.json
2026-07-24T18:06:01 [INFO] Purged old hotspot file: fishing_hotspots_2026-07-06.json
2026-07-24T18:06:01 [INFO] Purged old hotspot file: fishing_hotspots_2026-07-13.json
2026-07-24T18:06:01 [INFO] Wrote fishing_hotspots_2026-07-24.json  (16.0 KB)
2026-07-24T18:06:01 [INFO] === Done ===
