2026-07-12T15:39:05 [INFO] === FishingHotspotAnalyzer  date=2026-07-12  month=July ===
2026-07-12T15:39:05 [INFO] Species to analyze: ['yellowfin', 'bluefin', 'mahi', 'wahoo', 'kingfish', 'white_marlin', 'blue_marlin']
2026-07-12T15:39:05 [INFO] Composite loaded: 266 lat × 335 lon, coverage 52.6%
2026-07-12T15:39:05 [INFO] Composite loaded: 46900 points  step=0.0200°
2026-07-12T15:39:06 [INFO] Bathymetry grid loaded: 1272 × 1604 cells
2026-07-12T15:39:08 [INFO] Bathy lookup: 217706 entries
2026-07-12T15:39:08 [INFO] Loaded CHL from CHL_20260710.json  (29709 valid points, 2 days old)
2026-07-12T15:39:08 [INFO] Loaded kd490 from SEACOLOR_20260711.json  (1385 valid points, 1 days old)
2026-07-12T15:39:08 [INFO]   Analyzing Yellowfin Tuna ...
2026-07-12T15:39:08 [INFO]     258 / 392 scored points above 0.65 threshold
2026-07-12T15:39:08 [INFO]     12 raw cluster(s) found
2026-07-12T15:39:08 [INFO]     Zone 1: habitat=0.776 × seasonal=0.80 → score=0.621  (prime)
2026-07-12T15:39:08 [INFO]     Zone 2: habitat=0.752 × seasonal=0.80 → score=0.602  (prime)
2026-07-12T15:39:08 [INFO]     Zone 3: habitat=0.749 × seasonal=0.80 → score=0.599  (prime)
2026-07-12T15:39:08 [INFO]     -> 3 zone(s) for Yellowfin Tuna  [seasonality: prime  mult=0.80]
2026-07-12T15:39:08 [INFO]   Analyzing Bluefin Tuna ...
2026-07-12T15:39:08 [INFO]     0 / 0 scored points above 0.60 threshold
2026-07-12T15:39:08 [INFO]     0 raw cluster(s) found
2026-07-12T15:39:08 [INFO]     -> 0 zone(s) for Bluefin Tuna  [seasonality: off-season  mult=0.45]
2026-07-12T15:39:08 [INFO]   Analyzing Mahi-Mahi ...
2026-07-12T15:39:08 [INFO]     37 / 38 scored points above 0.64 threshold
2026-07-12T15:39:08 [INFO]     6 raw cluster(s) found
2026-07-12T15:39:08 [INFO]     Zone 1: habitat=0.865 × seasonal=1.00 → score=0.865  (peak)
2026-07-12T15:39:08 [INFO]     Zone 2: habitat=0.825 × seasonal=1.00 → score=0.825  (peak)
2026-07-12T15:39:08 [INFO]     -> 2 zone(s) for Mahi-Mahi  [seasonality: peak  mult=1.00]
2026-07-12T15:39:08 [INFO]   Analyzing Wahoo ...
2026-07-12T15:39:08 [INFO]     1166 / 1382 scored points above 0.58 threshold
2026-07-12T15:39:08 [INFO]     31 raw cluster(s) found
2026-07-12T15:39:08 [INFO]     Zone 1: habitat=0.767 × seasonal=0.80 → score=0.614  (prime)
2026-07-12T15:39:08 [INFO]     Zone 2: habitat=0.764 × seasonal=0.80 → score=0.611  (prime)
2026-07-12T15:39:08 [INFO]     Zone 3: habitat=0.749 × seasonal=0.80 → score=0.599  (prime)
2026-07-12T15:39:08 [INFO]     -> 3 zone(s) for Wahoo  [seasonality: prime  mult=0.80]
2026-07-12T15:39:08 [INFO]   Analyzing King Mackerel ...
2026-07-12T15:39:08 [INFO]     0 / 2 scored points above 0.60 threshold
2026-07-12T15:39:08 [INFO]     0 raw cluster(s) found
2026-07-12T15:39:08 [INFO]     -> 0 zone(s) for King Mackerel  [seasonality: prime  mult=0.80]
2026-07-12T15:39:08 [INFO]   Analyzing White Marlin ...
2026-07-12T15:39:08 [INFO]     708 / 737 scored points above 0.60 threshold
2026-07-12T15:39:08 [INFO]     15 raw cluster(s) found
2026-07-12T15:39:08 [INFO]     Zone 1: habitat=0.809 × seasonal=0.80 → score=0.647  (prime)
2026-07-12T15:39:08 [INFO]     Zone 2: habitat=0.809 × seasonal=0.80 → score=0.647  (prime)
2026-07-12T15:39:08 [INFO]     Zone 3: habitat=0.807 × seasonal=0.80 → score=0.646  (prime)
2026-07-12T15:39:08 [INFO]     -> 3 zone(s) for White Marlin  [seasonality: prime  mult=0.80]
2026-07-12T15:39:08 [INFO]   Analyzing Blue Marlin ...
2026-07-12T15:39:08 [INFO]     3276 / 3587 scored points above 0.58 threshold
2026-07-12T15:39:08 [INFO]     25 raw cluster(s) found
2026-07-12T15:39:08 [INFO]     Zone 1: habitat=0.883 × seasonal=1.00 → score=0.883  (peak)
2026-07-12T15:39:08 [INFO]     Zone 2: habitat=0.881 × seasonal=1.00 → score=0.881  (peak)
2026-07-12T15:39:08 [INFO]     Zone 3: habitat=0.868 × seasonal=1.00 → score=0.868  (peak)
2026-07-12T15:39:08 [INFO]     -> 3 zone(s) for Blue Marlin  [seasonality: peak  mult=1.00]
2026-07-12T15:39:08 [INFO] Wrote fishing_hotspots_2026-07-12.json  (13.2 KB)
2026-07-12T15:39:08 [INFO] === Done ===
