2026-06-25T18:38:47 [INFO] === FishingHotspotAnalyzer  date=2026-06-25  month=June ===
2026-06-25T18:38:48 [INFO] Species to analyze: ['yellowfin', 'bluefin', 'mahi', 'wahoo', 'kingfish', 'white_marlin', 'blue_marlin']
2026-06-25T18:38:48 [INFO] Composite loaded: 266 lat × 335 lon, coverage 58.8%
2026-06-25T18:38:48 [INFO] Composite loaded: 52440 points  step=0.0200°
2026-06-25T18:38:48 [INFO] Bathymetry grid loaded: 1273 × 1604 cells
2026-06-25T18:38:50 [INFO] Bathy lookup: 241969 entries
2026-06-25T18:38:50 [INFO] Loaded CHL from CHL_20260623.json  (20063 valid points, 2 days old)
2026-06-25T18:38:50 [INFO] Loaded kd490 from SEACOLOR_20260624.json  (2021 valid points, 1 days old)
2026-06-25T18:38:50 [INFO]   Analyzing Yellowfin Tuna ...
2026-06-25T18:38:50 [INFO]     537 / 1459 scored points above 0.65 threshold
2026-06-25T18:38:50 [INFO]     24 raw cluster(s) found
2026-06-25T18:38:50 [INFO]     Zone 1: habitat=0.860 × seasonal=0.80 → score=0.688  (prime)
2026-06-25T18:38:50 [INFO]     Zone 2: habitat=0.775 × seasonal=0.80 → score=0.620  (prime)
2026-06-25T18:38:50 [INFO]     Zone 3: habitat=0.725 × seasonal=0.80 → score=0.580  (prime)
2026-06-25T18:38:50 [INFO]     -> 3 zone(s) for Yellowfin Tuna  [seasonality: prime  mult=0.80]
2026-06-25T18:38:50 [INFO]   Analyzing Bluefin Tuna ...
2026-06-25T18:38:50 [INFO]     88 / 103 scored points above 0.60 threshold
2026-06-25T18:38:50 [INFO]     7 raw cluster(s) found
2026-06-25T18:38:50 [INFO]     Zone 1: habitat=0.666 × seasonal=0.45 → score=0.300  (off-season)
2026-06-25T18:38:50 [INFO]     Zone 2: habitat=0.654 × seasonal=0.45 → score=0.294  (off-season)
2026-06-25T18:38:50 [INFO]     -> 2 zone(s) for Bluefin Tuna  [seasonality: off-season  mult=0.45]
2026-06-25T18:38:50 [INFO]   Analyzing Mahi-Mahi ...
2026-06-25T18:38:51 [INFO]     940 / 1224 scored points above 0.54 threshold
2026-06-25T18:38:51 [INFO]     13 raw cluster(s) found
2026-06-25T18:38:51 [INFO]     Zone 1: habitat=0.901 × seasonal=1.00 → score=0.901  (peak)
2026-06-25T18:38:51 [INFO]     Zone 2: habitat=0.650 × seasonal=1.00 → score=0.650  (peak)
2026-06-25T18:38:51 [INFO]     Zone 3: habitat=0.649 × seasonal=1.00 → score=0.649  (peak)
2026-06-25T18:38:51 [INFO]     -> 3 zone(s) for Mahi-Mahi  [seasonality: peak  mult=1.00]
2026-06-25T18:38:51 [INFO]   Analyzing Wahoo ...
2026-06-25T18:38:51 [INFO]     3911 / 4839 scored points above 0.58 threshold
2026-06-25T18:38:51 [INFO]     76 raw cluster(s) found
2026-06-25T18:38:51 [INFO]     Zone 1: habitat=0.875 × seasonal=0.45 → score=0.394  (off-season)
2026-06-25T18:38:51 [INFO]     Zone 2: habitat=0.856 × seasonal=0.45 → score=0.385  (off-season)
2026-06-25T18:38:51 [INFO]     Zone 3: habitat=0.778 × seasonal=0.45 → score=0.350  (off-season)
2026-06-25T18:38:51 [INFO]     -> 3 zone(s) for Wahoo  [seasonality: off-season  mult=0.45]
2026-06-25T18:38:51 [INFO]   Analyzing King Mackerel ...
2026-06-25T18:38:51 [INFO]     3600 / 4924 scored points above 0.60 threshold
2026-06-25T18:38:51 [INFO]     77 raw cluster(s) found
2026-06-25T18:38:51 [INFO]     Zone 1: habitat=0.893 × seasonal=0.80 → score=0.714  (prime)
2026-06-25T18:38:51 [INFO]     Zone 2: habitat=0.877 × seasonal=0.80 → score=0.702  (prime)
2026-06-25T18:38:51 [INFO]     Zone 3: habitat=0.866 × seasonal=0.80 → score=0.693  (prime)
2026-06-25T18:38:51 [INFO]     -> 3 zone(s) for King Mackerel  [seasonality: prime  mult=0.80]
2026-06-25T18:38:51 [INFO]   Analyzing White Marlin ...
2026-06-25T18:38:51 [INFO]     315 / 352 scored points above 0.60 threshold
2026-06-25T18:38:51 [INFO]     10 raw cluster(s) found
2026-06-25T18:38:51 [INFO]     Zone 1: habitat=0.818 × seasonal=0.45 → score=0.368  (off-season)
2026-06-25T18:38:51 [INFO]     Zone 2: habitat=0.784 × seasonal=0.45 → score=0.353  (off-season)
2026-06-25T18:38:51 [INFO]     Zone 3: habitat=0.712 × seasonal=0.45 → score=0.320  (off-season)
2026-06-25T18:38:51 [INFO]     -> 3 zone(s) for White Marlin  [seasonality: off-season  mult=0.45]
2026-06-25T18:38:51 [INFO]   Analyzing Blue Marlin ...
2026-06-25T18:38:51 [INFO]     1460 / 1554 scored points above 0.58 threshold
2026-06-25T18:38:51 [INFO]     15 raw cluster(s) found
2026-06-25T18:38:51 [INFO]     Zone 1: habitat=0.833 × seasonal=0.80 → score=0.666  (prime)
2026-06-25T18:38:51 [INFO]     Zone 2: habitat=0.817 × seasonal=0.80 → score=0.654  (prime)
2026-06-25T18:38:51 [INFO]     Zone 3: habitat=0.787 × seasonal=0.80 → score=0.630  (prime)
2026-06-25T18:38:51 [INFO]     -> 3 zone(s) for Blue Marlin  [seasonality: prime  mult=0.80]
2026-06-25T18:38:51 [INFO] Purged old hotspot file: fishing_hotspots_2026-05-25.json
2026-06-25T18:38:51 [INFO] Purged old hotspot file: fishing_hotspots_2026-06-09.json
2026-06-25T18:38:51 [INFO] Purged old hotspot file: fishing_hotspots_2026-06-10.json
2026-06-25T18:38:51 [INFO] Purged old hotspot file: fishing_hotspots_2026-06-05.json
2026-06-25T18:38:51 [INFO] Purged old hotspot file: fishing_hotspots_2026-06-08.json
2026-06-25T18:38:51 [INFO] Purged old hotspot file: fishing_hotspots_2026-06-04.json
2026-06-25T18:38:51 [INFO] Purged old hotspot file: fishing_hotspots_2026-06-02.json
2026-06-25T18:38:51 [INFO] Purged old hotspot file: fishing_hotspots_2026-06-07.json
2026-06-25T18:38:51 [INFO] Purged old hotspot file: fishing_hotspots_2026-06-06.json
2026-06-25T18:38:51 [INFO] Purged old hotspot file: fishing_hotspots_2026-06-14.json
2026-06-25T18:38:51 [INFO] Purged old hotspot file: fishing_hotspots_2026-05-28.json
2026-06-25T18:38:51 [INFO] Purged old hotspot file: fishing_hotspots_2026-05-23.json
2026-06-25T18:38:51 [INFO] Purged old hotspot file: fishing_hotspots_2026-06-15.json
2026-06-25T18:38:51 [INFO] Purged old hotspot file: fishing_hotspots_2026-06-17.json
2026-06-25T18:38:51 [INFO] Purged old hotspot file: fishing_hotspots_2026-05-30.json
2026-06-25T18:38:51 [INFO] Purged old hotspot file: fishing_hotspots_2026-05-31.json
2026-06-25T18:38:51 [INFO] Purged old hotspot file: fishing_hotspots_2026-06-11.json
2026-06-25T18:38:51 [INFO] Purged old hotspot file: fishing_hotspots_2026-05-24.json
2026-06-25T18:38:51 [INFO] Purged old hotspot file: fishing_hotspots_2026-05-29.json
2026-06-25T18:38:51 [INFO] Purged old hotspot file: fishing_hotspots_2026-05-22.json
2026-06-25T18:38:51 [INFO] Purged old hotspot file: fishing_hotspots_2026-05-27.json
2026-06-25T18:38:51 [INFO] Purged old hotspot file: fishing_hotspots_2026-06-16.json
2026-06-25T18:38:51 [INFO] Purged old hotspot file: fishing_hotspots_2026-06-03.json
2026-06-25T18:38:51 [INFO] Purged old hotspot file: fishing_hotspots_2026-06-12.json
2026-06-25T18:38:51 [INFO] Purged old hotspot file: fishing_hotspots_2026-06-13.json
2026-06-25T18:38:51 [INFO] Purged old hotspot file: fishing_hotspots_2026-05-26.json
2026-06-25T18:38:51 [INFO] Purged old hotspot file: fishing_hotspots_2026-06-01.json
2026-06-25T18:38:51 [INFO] Wrote fishing_hotspots_2026-06-25.json  (19.5 KB)
2026-06-25T18:38:51 [INFO] === Done ===
