2026-06-30T15:19:21 [INFO] === FishingHotspotAnalyzer  date=2026-06-30  month=June ===
2026-06-30T15:19:21 [INFO] Species to analyze: ['yellowfin', 'bluefin', 'mahi', 'wahoo', 'kingfish', 'white_marlin', 'blue_marlin']
2026-06-30T15:19:21 [INFO] Composite loaded: 266 lat × 335 lon, coverage 44.5%
2026-06-30T15:19:21 [INFO] Composite loaded: 39628 points  step=0.0200°
2026-06-30T15:19:21 [INFO] Bathymetry grid loaded: 1273 × 1604 cells
2026-06-30T15:19:23 [INFO] Bathy lookup: 241969 entries
2026-06-30T15:19:23 [INFO] Loaded CHL from CHL_20260627.json  (7190 valid points, 3 days old)
2026-06-30T15:19:23 [INFO] Loaded kd490 from SEACOLOR_20260628.json  (770 valid points, 2 days old)
2026-06-30T15:19:23 [INFO]   Analyzing Yellowfin Tuna ...
2026-06-30T15:19:23 [INFO]     1346 / 1919 scored points above 0.65 threshold
2026-06-30T15:19:23 [INFO]     29 raw cluster(s) found
2026-06-30T15:19:24 [INFO]     Zone 1: habitat=0.805 × seasonal=0.80 → score=0.644  (prime)
2026-06-30T15:19:24 [INFO]     Zone 2: habitat=0.789 × seasonal=0.80 → score=0.631  (prime)
2026-06-30T15:19:24 [INFO]     Zone 3: habitat=0.773 × seasonal=0.80 → score=0.618  (prime)
2026-06-30T15:19:24 [INFO]     -> 3 zone(s) for Yellowfin Tuna  [seasonality: prime  mult=0.80]
2026-06-30T15:19:24 [INFO]   Analyzing Bluefin Tuna ...
2026-06-30T15:19:24 [INFO]     0 / 0 scored points above 0.60 threshold
2026-06-30T15:19:24 [INFO]     0 raw cluster(s) found
2026-06-30T15:19:24 [INFO]     -> 0 zone(s) for Bluefin Tuna  [seasonality: off-season  mult=0.45]
2026-06-30T15:19:24 [INFO]   Analyzing Mahi-Mahi ...
2026-06-30T15:19:24 [INFO]     448 / 594 scored points above 0.54 threshold
2026-06-30T15:19:24 [INFO]     12 raw cluster(s) found
2026-06-30T15:19:24 [INFO]     Zone 1: habitat=0.766 × seasonal=1.00 → score=0.766  (peak)
2026-06-30T15:19:24 [INFO]     Zone 2: habitat=0.598 × seasonal=1.00 → score=0.598  (peak)
2026-06-30T15:19:24 [INFO]     Zone 3: habitat=0.552 × seasonal=1.00 → score=0.552  (peak)
2026-06-30T15:19:24 [INFO]     -> 3 zone(s) for Mahi-Mahi  [seasonality: peak  mult=1.00]
2026-06-30T15:19:24 [INFO]   Analyzing Wahoo ...
2026-06-30T15:19:24 [INFO]     4237 / 4652 scored points above 0.58 threshold
2026-06-30T15:19:24 [INFO]     87 raw cluster(s) found
2026-06-30T15:19:24 [INFO]     Zone 1: habitat=0.850 × seasonal=0.45 → score=0.383  (off-season)
2026-06-30T15:19:24 [INFO]     Zone 2: habitat=0.825 × seasonal=0.45 → score=0.371  (off-season)
2026-06-30T15:19:24 [INFO]     Zone 3: habitat=0.818 × seasonal=0.45 → score=0.368  (off-season)
2026-06-30T15:19:24 [INFO]     -> 3 zone(s) for Wahoo  [seasonality: off-season  mult=0.45]
2026-06-30T15:19:24 [INFO]   Analyzing King Mackerel ...
2026-06-30T15:19:24 [INFO]     932 / 3115 scored points above 0.60 threshold
2026-06-30T15:19:24 [INFO]     51 raw cluster(s) found
2026-06-30T15:19:24 [INFO]     Zone 1: habitat=0.814 × seasonal=0.80 → score=0.651  (prime)
2026-06-30T15:19:24 [INFO]     Zone 2: habitat=0.787 × seasonal=0.80 → score=0.630  (prime)
2026-06-30T15:19:24 [INFO]     Zone 3: habitat=0.764 × seasonal=0.80 → score=0.611  (prime)
2026-06-30T15:19:24 [INFO]     -> 3 zone(s) for King Mackerel  [seasonality: prime  mult=0.80]
2026-06-30T15:19:24 [INFO]   Analyzing White Marlin ...
2026-06-30T15:19:24 [INFO]     254 / 466 scored points above 0.60 threshold
2026-06-30T15:19:24 [INFO]     12 raw cluster(s) found
2026-06-30T15:19:24 [INFO]     Zone 1: habitat=0.867 × seasonal=0.45 → score=0.390  (off-season)
2026-06-30T15:19:24 [INFO]     Zone 2: habitat=0.853 × seasonal=0.45 → score=0.384  (off-season)
2026-06-30T15:19:24 [INFO]     Zone 3: habitat=0.713 × seasonal=0.45 → score=0.321  (off-season)
2026-06-30T15:19:24 [INFO]     -> 3 zone(s) for White Marlin  [seasonality: off-season  mult=0.45]
2026-06-30T15:19:24 [INFO]   Analyzing Blue Marlin ...
2026-06-30T15:19:24 [INFO]     1306 / 1936 scored points above 0.58 threshold
2026-06-30T15:19:24 [INFO]     36 raw cluster(s) found
2026-06-30T15:19:24 [INFO]     Zone 1: habitat=0.819 × seasonal=0.80 → score=0.655  (prime)
2026-06-30T15:19:24 [INFO]     Zone 2: habitat=0.781 × seasonal=0.80 → score=0.625  (prime)
2026-06-30T15:19:24 [INFO]     Zone 3: habitat=0.771 × seasonal=0.80 → score=0.617  (prime)
2026-06-30T15:19:24 [INFO]     -> 3 zone(s) for Blue Marlin  [seasonality: prime  mult=0.80]
2026-06-30T15:19:24 [INFO] Purged old hotspot file: fishing_hotspots_2026-05-25.json
2026-06-30T15:19:24 [INFO] Purged old hotspot file: fishing_hotspots_2026-06-09.json
2026-06-30T15:19:24 [INFO] Purged old hotspot file: fishing_hotspots_2026-06-21.json
2026-06-30T15:19:24 [INFO] Purged old hotspot file: fishing_hotspots_2026-06-10.json
2026-06-30T15:19:24 [INFO] Purged old hotspot file: fishing_hotspots_2026-06-05.json
2026-06-30T15:19:24 [INFO] Purged old hotspot file: fishing_hotspots_2026-06-08.json
2026-06-30T15:19:24 [INFO] Purged old hotspot file: fishing_hotspots_2026-06-04.json
2026-06-30T15:19:24 [INFO] Purged old hotspot file: fishing_hotspots_2026-06-02.json
2026-06-30T15:19:24 [INFO] Purged old hotspot file: fishing_hotspots_2026-06-07.json
2026-06-30T15:19:24 [INFO] Purged old hotspot file: fishing_hotspots_2026-06-20.json
2026-06-30T15:19:24 [INFO] Purged old hotspot file: fishing_hotspots_2026-06-18.json
2026-06-30T15:19:24 [INFO] Purged old hotspot file: fishing_hotspots_2026-06-06.json
2026-06-30T15:19:24 [INFO] Purged old hotspot file: fishing_hotspots_2026-06-14.json
2026-06-30T15:19:24 [INFO] Purged old hotspot file: fishing_hotspots_2026-05-28.json
2026-06-30T15:19:24 [INFO] Purged old hotspot file: fishing_hotspots_2026-05-23.json
2026-06-30T15:19:24 [INFO] Purged old hotspot file: fishing_hotspots_2026-06-15.json
2026-06-30T15:19:24 [INFO] Purged old hotspot file: fishing_hotspots_2026-06-17.json
2026-06-30T15:19:24 [INFO] Purged old hotspot file: fishing_hotspots_2026-05-30.json
2026-06-30T15:19:24 [INFO] Purged old hotspot file: fishing_hotspots_2026-05-31.json
2026-06-30T15:19:24 [INFO] Purged old hotspot file: fishing_hotspots_2026-06-11.json
2026-06-30T15:19:24 [INFO] Purged old hotspot file: fishing_hotspots_2026-05-24.json
2026-06-30T15:19:24 [INFO] Purged old hotspot file: fishing_hotspots_2026-05-29.json
2026-06-30T15:19:24 [INFO] Purged old hotspot file: fishing_hotspots_2026-05-22.json
2026-06-30T15:19:24 [INFO] Purged old hotspot file: fishing_hotspots_2026-05-27.json
2026-06-30T15:19:24 [INFO] Purged old hotspot file: fishing_hotspots_2026-06-16.json
2026-06-30T15:19:24 [INFO] Purged old hotspot file: fishing_hotspots_2026-06-03.json
2026-06-30T15:19:24 [INFO] Purged old hotspot file: fishing_hotspots_2026-06-12.json
2026-06-30T15:19:24 [INFO] Purged old hotspot file: fishing_hotspots_2026-06-13.json
2026-06-30T15:19:24 [INFO] Purged old hotspot file: fishing_hotspots_2026-05-26.json
2026-06-30T15:19:24 [INFO] Purged old hotspot file: fishing_hotspots_2026-06-01.json
2026-06-30T15:19:24 [INFO] Purged old hotspot file: fishing_hotspots_2026-06-19.json
2026-06-30T15:19:24 [INFO] Purged old hotspot file: fishing_hotspots_2026-06-22.json
2026-06-30T15:19:24 [INFO] Wrote fishing_hotspots_2026-06-30.json  (17.6 KB)
2026-06-30T15:19:24 [INFO] === Done ===
