2026-07-16T16:53:49 [INFO] === FishingHotspotAnalyzer  date=2026-07-16  month=July ===
2026-07-16T16:53:49 [INFO] Species to analyze: ['yellowfin', 'bluefin', 'mahi', 'wahoo', 'kingfish', 'white_marlin', 'blue_marlin']
2026-07-16T16:53:49 [INFO] Composite loaded: 266 lat × 335 lon, coverage 60.0%
2026-07-16T16:53:50 [INFO] Composite loaded: 53474 points  step=0.0200°
2026-07-16T16:53:50 [INFO] Bathymetry grid loaded: 1272 × 1604 cells
2026-07-16T16:53:52 [INFO] Bathy lookup: 217812 entries
2026-07-16T16:53:52 [INFO] Loaded CHL from CHL_20260715.json  (20845 valid points, 1 days old)
2026-07-16T16:53:52 [INFO] Loaded kd490 from SEACOLOR_20260715.json  (1616 valid points, 1 days old)
2026-07-16T16:53:52 [INFO]   Analyzing Yellowfin Tuna ...
2026-07-16T16:53:52 [INFO]     1285 / 1338 scored points above 0.65 threshold
2026-07-16T16:53:52 [INFO]     23 raw cluster(s) found
2026-07-16T16:53:53 [INFO]     Zone 1: habitat=0.904 × seasonal=0.80 → score=0.723  (prime)
2026-07-16T16:53:53 [INFO]     Zone 2: habitat=0.895 × seasonal=0.80 → score=0.716  (prime)
2026-07-16T16:53:53 [INFO]     Zone 3: habitat=0.845 × seasonal=0.80 → score=0.676  (prime)
2026-07-16T16:53:53 [INFO]     -> 3 zone(s) for Yellowfin Tuna  [seasonality: prime  mult=0.80]
2026-07-16T16:53:53 [INFO]   Analyzing Bluefin Tuna ...
2026-07-16T16:53:53 [INFO]     0 / 0 scored points above 0.60 threshold
2026-07-16T16:53:53 [INFO]     0 raw cluster(s) found
2026-07-16T16:53:53 [INFO]     -> 0 zone(s) for Bluefin Tuna  [seasonality: off-season  mult=0.45]
2026-07-16T16:53:53 [INFO]   Analyzing Mahi-Mahi ...
2026-07-16T16:53:53 [INFO]     810 / 816 scored points above 0.64 threshold
2026-07-16T16:53:53 [INFO]     49 raw cluster(s) found
2026-07-16T16:53:53 [INFO]     Zone 1: habitat=0.996 × seasonal=1.00 → score=0.996  (peak)
2026-07-16T16:53:53 [INFO]     Zone 2: habitat=0.994 × seasonal=1.00 → score=0.994  (peak)
2026-07-16T16:53:53 [INFO]     Zone 3: habitat=0.993 × seasonal=1.00 → score=0.993  (peak)
2026-07-16T16:53:53 [INFO]     -> 3 zone(s) for Mahi-Mahi  [seasonality: peak  mult=1.00]
2026-07-16T16:53:53 [INFO]   Analyzing Wahoo ...
2026-07-16T16:53:53 [INFO]     3968 / 4186 scored points above 0.58 threshold
2026-07-16T16:53:53 [INFO]     64 raw cluster(s) found
2026-07-16T16:53:53 [INFO]     Zone 1: habitat=0.934 × seasonal=0.80 → score=0.747  (prime)
2026-07-16T16:53:53 [INFO]     Zone 2: habitat=0.926 × seasonal=0.80 → score=0.741  (prime)
2026-07-16T16:53:53 [INFO]     Zone 3: habitat=0.923 × seasonal=0.80 → score=0.738  (prime)
2026-07-16T16:53:53 [INFO]     -> 3 zone(s) for Wahoo  [seasonality: prime  mult=0.80]
2026-07-16T16:53:53 [INFO]   Analyzing King Mackerel ...
2026-07-16T16:53:53 [INFO]     18 / 57 scored points above 0.60 threshold
2026-07-16T16:53:53 [INFO]     5 raw cluster(s) found
2026-07-16T16:53:53 [INFO]     Zone 1: habitat=0.671 × seasonal=0.80 → score=0.537  (prime)
2026-07-16T16:53:53 [INFO]     -> 1 zone(s) for King Mackerel  [seasonality: prime  mult=0.80]
2026-07-16T16:53:53 [INFO]   Analyzing White Marlin ...
2026-07-16T16:53:53 [INFO]     1765 / 1811 scored points above 0.60 threshold
2026-07-16T16:53:53 [INFO]     23 raw cluster(s) found
2026-07-16T16:53:53 [INFO]     Zone 1: habitat=0.810 × seasonal=0.80 → score=0.648  (prime)
2026-07-16T16:53:53 [INFO]     Zone 2: habitat=0.808 × seasonal=0.80 → score=0.646  (prime)
2026-07-16T16:53:53 [INFO]     Zone 3: habitat=0.799 × seasonal=0.80 → score=0.639  (prime)
2026-07-16T16:53:53 [INFO]     -> 3 zone(s) for White Marlin  [seasonality: prime  mult=0.80]
2026-07-16T16:53:53 [INFO]   Analyzing Blue Marlin ...
2026-07-16T16:53:53 [INFO]     3653 / 4292 scored points above 0.58 threshold
2026-07-16T16:53:53 [INFO]     27 raw cluster(s) found
2026-07-16T16:53:53 [INFO]     Zone 1: habitat=0.926 × seasonal=1.00 → score=0.926  (peak)
2026-07-16T16:53:53 [INFO]     Zone 2: habitat=0.887 × seasonal=1.00 → score=0.887  (peak)
2026-07-16T16:53:53 [INFO]     Zone 3: habitat=0.855 × seasonal=1.00 → score=0.855  (peak)
2026-07-16T16:53:53 [INFO]     -> 3 zone(s) for Blue Marlin  [seasonality: peak  mult=1.00]
2026-07-16T16:53:53 [INFO] Purged old hotspot file: fishing_hotspots_2026-07-06.json
2026-07-16T16:53:53 [INFO] Purged old hotspot file: fishing_hotspots_2026-07-07.json
2026-07-16T16:53:53 [INFO] Purged old hotspot file: fishing_hotspots_2026-07-08.json
2026-07-16T16:53:53 [INFO] Wrote fishing_hotspots_2026-07-16.json  (15.0 KB)
2026-07-16T16:53:53 [INFO] === Done ===
