2026-07-06T14:45:43 [INFO] === FishingHotspotAnalyzer  date=2026-07-06  month=July ===
2026-07-06T14:45:43 [INFO] Species to analyze: ['yellowfin', 'bluefin', 'mahi', 'wahoo', 'kingfish', 'white_marlin', 'blue_marlin']
2026-07-06T14:45:43 [INFO] Composite loaded: 266 lat × 335 lon, coverage 58.2%
2026-07-06T14:45:43 [INFO] Composite loaded: 51847 points  step=0.0200°
2026-07-06T14:45:43 [INFO] Bathymetry grid loaded: 1272 × 1604 cells
2026-07-06T14:45:45 [INFO] Bathy lookup: 217706 entries
2026-07-06T14:45:46 [INFO] Loaded CHL from CHL_20260704.json  (31584 valid points, 2 days old)
2026-07-06T14:45:46 [INFO] Loaded kd490 from SEACOLOR_20260704.json  (2371 valid points, 2 days old)
2026-07-06T14:45:46 [INFO]   Analyzing Yellowfin Tuna ...
2026-07-06T14:45:46 [INFO]     1047 / 1093 scored points above 0.65 threshold
2026-07-06T14:45:46 [INFO]     23 raw cluster(s) found
2026-07-06T14:45:46 [INFO]     Zone 1: habitat=0.898 × seasonal=0.80 → score=0.718  (prime)
2026-07-06T14:45:46 [INFO]     Zone 2: habitat=0.846 × seasonal=0.80 → score=0.677  (prime)
2026-07-06T14:45:46 [INFO]     Zone 3: habitat=0.834 × seasonal=0.80 → score=0.667  (prime)
2026-07-06T14:45:46 [INFO]     -> 3 zone(s) for Yellowfin Tuna  [seasonality: prime  mult=0.80]
2026-07-06T14:45:46 [INFO]   Analyzing Bluefin Tuna ...
2026-07-06T14:45:46 [INFO]     0 / 0 scored points above 0.60 threshold
2026-07-06T14:45:46 [INFO]     0 raw cluster(s) found
2026-07-06T14:45:46 [INFO]     -> 0 zone(s) for Bluefin Tuna  [seasonality: off-season  mult=0.45]
2026-07-06T14:45:46 [INFO]   Analyzing Mahi-Mahi ...
2026-07-06T14:45:46 [INFO]     273 / 274 scored points above 0.64 threshold
2026-07-06T14:45:46 [INFO]     41 raw cluster(s) found
2026-07-06T14:45:46 [INFO]     Zone 1: habitat=0.994 × seasonal=1.00 → score=0.994  (peak)
2026-07-06T14:45:46 [INFO]     Zone 2: habitat=0.993 × seasonal=1.00 → score=0.993  (peak)
2026-07-06T14:45:46 [INFO]     Zone 3: habitat=0.989 × seasonal=1.00 → score=0.989  (peak)
2026-07-06T14:45:46 [INFO]     -> 3 zone(s) for Mahi-Mahi  [seasonality: peak  mult=1.00]
2026-07-06T14:45:46 [INFO]   Analyzing Wahoo ...
2026-07-06T14:45:46 [INFO]     2836 / 3041 scored points above 0.58 threshold
2026-07-06T14:45:46 [INFO]     59 raw cluster(s) found
2026-07-06T14:45:46 [INFO]     Zone 1: habitat=0.912 × seasonal=0.80 → score=0.730  (prime)
2026-07-06T14:45:46 [INFO]     Zone 2: habitat=0.902 × seasonal=0.80 → score=0.722  (prime)
2026-07-06T14:45:46 [INFO]     Zone 3: habitat=0.899 × seasonal=0.80 → score=0.719  (prime)
2026-07-06T14:45:46 [INFO]     -> 3 zone(s) for Wahoo  [seasonality: prime  mult=0.80]
2026-07-06T14:45:46 [INFO]   Analyzing King Mackerel ...
2026-07-06T14:45:46 [INFO]     1 / 2 scored points above 0.60 threshold
2026-07-06T14:45:46 [INFO]     1 raw cluster(s) found
2026-07-06T14:45:46 [INFO]     -> 0 zone(s) for King Mackerel  [seasonality: prime  mult=0.80]
2026-07-06T14:45:46 [INFO]   Analyzing White Marlin ...
2026-07-06T14:45:46 [INFO]     1284 / 1361 scored points above 0.60 threshold
2026-07-06T14:45:46 [INFO]     25 raw cluster(s) found
2026-07-06T14:45:46 [INFO]     Zone 1: habitat=0.877 × seasonal=0.80 → score=0.702  (prime)
2026-07-06T14:45:46 [INFO]     Zone 2: habitat=0.877 × seasonal=0.80 → score=0.702  (prime)
2026-07-06T14:45:46 [INFO]     Zone 3: habitat=0.875 × seasonal=0.80 → score=0.700  (prime)
2026-07-06T14:45:46 [INFO]     -> 3 zone(s) for White Marlin  [seasonality: prime  mult=0.80]
2026-07-06T14:45:46 [INFO]   Analyzing Blue Marlin ...
2026-07-06T14:45:46 [INFO]     3643 / 3957 scored points above 0.58 threshold
2026-07-06T14:45:47 [INFO]     27 raw cluster(s) found
2026-07-06T14:45:47 [INFO]     Zone 1: habitat=0.932 × seasonal=1.00 → score=0.932  (peak)
2026-07-06T14:45:47 [INFO]     Zone 2: habitat=0.927 × seasonal=1.00 → score=0.927  (peak)
2026-07-06T14:45:47 [INFO]     Zone 3: habitat=0.881 × seasonal=1.00 → score=0.881  (peak)
2026-07-06T14:45:47 [INFO]     -> 3 zone(s) for Blue Marlin  [seasonality: peak  mult=1.00]
2026-07-06T14:45:47 [INFO] Wrote fishing_hotspots_2026-07-06.json  (14.3 KB)
2026-07-06T14:45:47 [INFO] === Done ===
