2026-07-18T19:49:29 [INFO] === FishingHotspotAnalyzer  date=2026-07-18  month=July ===
2026-07-18T19:49:29 [INFO] Species to analyze: ['yellowfin', 'bluefin', 'mahi', 'wahoo', 'kingfish', 'white_marlin', 'blue_marlin']
2026-07-18T19:49:29 [INFO] Composite loaded: 266 lat × 335 lon, coverage 59.5%
2026-07-18T19:49:29 [INFO] Composite loaded: 52985 points  step=0.0200°
2026-07-18T19:49:29 [INFO] Bathymetry grid loaded: 1272 × 1604 cells
2026-07-18T19:49:31 [INFO] Bathy lookup: 217812 entries
2026-07-18T19:49:31 [INFO] Loaded CHL from CHL_20260717.json  (2824 valid points, 1 days old)
2026-07-18T19:49:31 [INFO] Loaded kd490 from SEACOLOR_20260717.json  (1004 valid points, 1 days old)
2026-07-18T19:49:31 [INFO]   Analyzing Yellowfin Tuna ...
2026-07-18T19:49:31 [INFO]     1223 / 1406 scored points above 0.65 threshold
2026-07-18T19:49:31 [INFO]     20 raw cluster(s) found
2026-07-18T19:49:32 [INFO]     Zone 1: habitat=0.866 × seasonal=0.80 → score=0.693  (prime)
2026-07-18T19:49:32 [INFO]     Zone 2: habitat=0.819 × seasonal=0.80 → score=0.655  (prime)
2026-07-18T19:49:32 [INFO]     Zone 3: habitat=0.817 × seasonal=0.80 → score=0.654  (prime)
2026-07-18T19:49:32 [INFO]     -> 3 zone(s) for Yellowfin Tuna  [seasonality: prime  mult=0.80]
2026-07-18T19:49:32 [INFO]   Analyzing Bluefin Tuna ...
2026-07-18T19:49:32 [INFO]     0 / 0 scored points above 0.60 threshold
2026-07-18T19:49:32 [INFO]     0 raw cluster(s) found
2026-07-18T19:49:32 [INFO]     -> 0 zone(s) for Bluefin Tuna  [seasonality: off-season  mult=0.45]
2026-07-18T19:49:32 [INFO]   Analyzing Mahi-Mahi ...
2026-07-18T19:49:32 [INFO]     0 / 0 scored points above 0.64 threshold
2026-07-18T19:49:32 [INFO]     0 raw cluster(s) found
2026-07-18T19:49:32 [INFO]     -> 0 zone(s) for Mahi-Mahi  [seasonality: peak  mult=1.00]
2026-07-18T19:49:32 [INFO]   Analyzing Wahoo ...
2026-07-18T19:49:32 [INFO]     3468 / 3873 scored points above 0.58 threshold
2026-07-18T19:49:32 [INFO]     55 raw cluster(s) found
2026-07-18T19:49:32 [INFO]     Zone 1: habitat=0.865 × seasonal=0.80 → score=0.692  (prime)
2026-07-18T19:49:32 [INFO]     Zone 2: habitat=0.863 × seasonal=0.80 → score=0.690  (prime)
2026-07-18T19:49:32 [INFO]     Zone 3: habitat=0.860 × seasonal=0.80 → score=0.688  (prime)
2026-07-18T19:49:32 [INFO]     -> 3 zone(s) for Wahoo  [seasonality: prime  mult=0.80]
2026-07-18T19:49:32 [INFO]   Analyzing King Mackerel ...
2026-07-18T19:49:32 [INFO]     0 / 0 scored points above 0.60 threshold
2026-07-18T19:49:32 [INFO]     0 raw cluster(s) found
2026-07-18T19:49:32 [INFO]     -> 0 zone(s) for King Mackerel  [seasonality: prime  mult=0.80]
2026-07-18T19:49:32 [INFO]   Analyzing White Marlin ...
2026-07-18T19:49:32 [INFO]     1780 / 1860 scored points above 0.60 threshold
2026-07-18T19:49:32 [INFO]     24 raw cluster(s) found
2026-07-18T19:49:32 [INFO]     Zone 1: habitat=0.839 × seasonal=0.80 → score=0.671  (prime)
2026-07-18T19:49:32 [INFO]     Zone 2: habitat=0.839 × seasonal=0.80 → score=0.671  (prime)
2026-07-18T19:49:32 [INFO]     Zone 3: habitat=0.822 × seasonal=0.80 → score=0.658  (prime)
2026-07-18T19:49:32 [INFO]     -> 3 zone(s) for White Marlin  [seasonality: prime  mult=0.80]
2026-07-18T19:49:32 [INFO]   Analyzing Blue Marlin ...
2026-07-18T19:49:32 [INFO]     3675 / 4325 scored points above 0.58 threshold
2026-07-18T19:49:32 [INFO]     28 raw cluster(s) found
2026-07-18T19:49:32 [INFO]     Zone 1: habitat=0.853 × seasonal=1.00 → score=0.853  (peak)
2026-07-18T19:49:32 [INFO]     Zone 2: habitat=0.827 × seasonal=1.00 → score=0.827  (peak)
2026-07-18T19:49:32 [INFO]     Zone 3: habitat=0.789 × seasonal=1.00 → score=0.789  (peak)
2026-07-18T19:49:32 [INFO]     -> 3 zone(s) for Blue Marlin  [seasonality: peak  mult=1.00]
2026-07-18T19:49:32 [INFO] Purged old hotspot file: fishing_hotspots_2026-07-06.json
2026-07-18T19:49:32 [INFO] Purged old hotspot file: fishing_hotspots_2026-07-09.json
2026-07-18T19:49:32 [INFO] Purged old hotspot file: fishing_hotspots_2026-07-07.json
2026-07-18T19:49:32 [INFO] Purged old hotspot file: fishing_hotspots_2026-07-08.json
2026-07-18T19:49:32 [INFO] Purged old hotspot file: fishing_hotspots_2026-07-10.json
2026-07-18T19:49:32 [INFO] Wrote fishing_hotspots_2026-07-18.json  (11.7 KB)
2026-07-18T19:49:32 [INFO] === Done ===
