2026-06-26T21:51:43 [INFO] === FishingHotspotAnalyzer  date=2026-06-26  month=June ===
2026-06-26T21:51:43 [INFO] Species to analyze: ['yellowfin', 'bluefin', 'mahi', 'wahoo', 'kingfish', 'white_marlin', 'blue_marlin']
2026-06-26T21:51:43 [INFO] Composite loaded: 266 lat × 335 lon, coverage 45.0%
2026-06-26T21:51:44 [INFO] Composite loaded: 40124 points  step=0.0200°
2026-06-26T21:51:44 [INFO] Bathymetry grid loaded: 1273 × 1604 cells
2026-06-26T21:51:46 [INFO] Bathy lookup: 241969 entries
2026-06-26T21:51:46 [INFO] Loaded CHL from CHL_20260623.json  (20063 valid points, 3 days old)
2026-06-26T21:51:46 [INFO] Loaded kd490 from SEACOLOR_20260624.json  (2021 valid points, 2 days old)
2026-06-26T21:51:46 [INFO]   Analyzing Yellowfin Tuna ...
2026-06-26T21:51:46 [INFO]     295 / 540 scored points above 0.65 threshold
2026-06-26T21:51:46 [INFO]     9 raw cluster(s) found
2026-06-26T21:51:46 [INFO]     Zone 1: habitat=0.799 × seasonal=0.80 → score=0.639  (prime)
2026-06-26T21:51:46 [INFO]     Zone 2: habitat=0.708 × seasonal=0.80 → score=0.566  (prime)
2026-06-26T21:51:46 [INFO]     Zone 3: habitat=0.707 × seasonal=0.80 → score=0.566  (prime)
2026-06-26T21:51:46 [INFO]     -> 3 zone(s) for Yellowfin Tuna  [seasonality: prime  mult=0.80]
2026-06-26T21:51:46 [INFO]   Analyzing Bluefin Tuna ...
2026-06-26T21:51:46 [INFO]     0 / 5 scored points above 0.60 threshold
2026-06-26T21:51:46 [INFO]     0 raw cluster(s) found
2026-06-26T21:51:46 [INFO]     -> 0 zone(s) for Bluefin Tuna  [seasonality: off-season  mult=0.45]
2026-06-26T21:51:46 [INFO]   Analyzing Mahi-Mahi ...
2026-06-26T21:51:46 [INFO]     965 / 1083 scored points above 0.54 threshold
2026-06-26T21:51:46 [INFO]     8 raw cluster(s) found
2026-06-26T21:51:46 [INFO]     Zone 1: habitat=0.773 × seasonal=1.00 → score=0.773  (peak)
2026-06-26T21:51:46 [INFO]     Zone 2: habitat=0.650 × seasonal=1.00 → score=0.650  (peak)
2026-06-26T21:51:46 [INFO]     Zone 3: habitat=0.589 × seasonal=1.00 → score=0.589  (peak)
2026-06-26T21:51:46 [INFO]     -> 3 zone(s) for Mahi-Mahi  [seasonality: peak  mult=1.00]
2026-06-26T21:51:46 [INFO]   Analyzing Wahoo ...
2026-06-26T21:51:46 [INFO]     862 / 1128 scored points above 0.58 threshold
2026-06-26T21:51:46 [INFO]     33 raw cluster(s) found
2026-06-26T21:51:46 [INFO]     Zone 1: habitat=0.811 × seasonal=0.45 → score=0.365  (off-season)
2026-06-26T21:51:46 [INFO]     Zone 2: habitat=0.800 × seasonal=0.45 → score=0.360  (off-season)
2026-06-26T21:51:46 [INFO]     Zone 3: habitat=0.765 × seasonal=0.45 → score=0.344  (off-season)
2026-06-26T21:51:46 [INFO]     -> 3 zone(s) for Wahoo  [seasonality: off-season  mult=0.45]
2026-06-26T21:51:46 [INFO]   Analyzing King Mackerel ...
2026-06-26T21:51:46 [INFO]     596 / 1136 scored points above 0.60 threshold
2026-06-26T21:51:46 [INFO]     36 raw cluster(s) found
2026-06-26T21:51:46 [INFO]     Zone 1: habitat=0.865 × seasonal=0.80 → score=0.692  (prime)
2026-06-26T21:51:46 [INFO]     Zone 2: habitat=0.845 × seasonal=0.80 → score=0.676  (prime)
2026-06-26T21:51:46 [INFO]     Zone 3: habitat=0.832 × seasonal=0.80 → score=0.666  (prime)
2026-06-26T21:51:46 [INFO]     -> 3 zone(s) for King Mackerel  [seasonality: prime  mult=0.80]
2026-06-26T21:51:46 [INFO]   Analyzing White Marlin ...
2026-06-26T21:51:47 [INFO]     306 / 323 scored points above 0.60 threshold
2026-06-26T21:51:47 [INFO]     10 raw cluster(s) found
2026-06-26T21:51:47 [INFO]     Zone 1: habitat=0.847 × seasonal=0.45 → score=0.381  (off-season)
2026-06-26T21:51:47 [INFO]     Zone 2: habitat=0.799 × seasonal=0.45 → score=0.360  (off-season)
2026-06-26T21:51:47 [INFO]     Zone 3: habitat=0.729 × seasonal=0.45 → score=0.328  (off-season)
2026-06-26T21:51:47 [INFO]     -> 3 zone(s) for White Marlin  [seasonality: off-season  mult=0.45]
2026-06-26T21:51:47 [INFO]   Analyzing Blue Marlin ...
2026-06-26T21:51:47 [INFO]     1747 / 1956 scored points above 0.58 threshold
2026-06-26T21:51:47 [INFO]     10 raw cluster(s) found
2026-06-26T21:51:47 [INFO]     Zone 1: habitat=0.823 × seasonal=0.80 → score=0.658  (prime)
2026-06-26T21:51:47 [INFO]     Zone 2: habitat=0.804 × seasonal=0.80 → score=0.643  (prime)
2026-06-26T21:51:47 [INFO]     Zone 3: habitat=0.802 × seasonal=0.80 → score=0.642  (prime)
2026-06-26T21:51:47 [INFO]     -> 3 zone(s) for Blue Marlin  [seasonality: prime  mult=0.80]
2026-06-26T21:51:47 [INFO] Purged old hotspot file: fishing_hotspots_2026-05-25.json
2026-06-26T21:51:47 [INFO] Purged old hotspot file: fishing_hotspots_2026-06-09.json
2026-06-26T21:51:47 [INFO] Purged old hotspot file: fishing_hotspots_2026-06-10.json
2026-06-26T21:51:47 [INFO] Purged old hotspot file: fishing_hotspots_2026-06-05.json
2026-06-26T21:51:47 [INFO] Purged old hotspot file: fishing_hotspots_2026-06-08.json
2026-06-26T21:51:47 [INFO] Purged old hotspot file: fishing_hotspots_2026-06-04.json
2026-06-26T21:51:47 [INFO] Purged old hotspot file: fishing_hotspots_2026-06-02.json
2026-06-26T21:51:47 [INFO] Purged old hotspot file: fishing_hotspots_2026-06-07.json
2026-06-26T21:51:47 [INFO] Purged old hotspot file: fishing_hotspots_2026-06-18.json
2026-06-26T21:51:47 [INFO] Purged old hotspot file: fishing_hotspots_2026-06-06.json
2026-06-26T21:51:47 [INFO] Purged old hotspot file: fishing_hotspots_2026-06-14.json
2026-06-26T21:51:47 [INFO] Purged old hotspot file: fishing_hotspots_2026-05-28.json
2026-06-26T21:51:47 [INFO] Purged old hotspot file: fishing_hotspots_2026-05-23.json
2026-06-26T21:51:47 [INFO] Purged old hotspot file: fishing_hotspots_2026-06-15.json
2026-06-26T21:51:47 [INFO] Purged old hotspot file: fishing_hotspots_2026-06-17.json
2026-06-26T21:51:47 [INFO] Purged old hotspot file: fishing_hotspots_2026-05-30.json
2026-06-26T21:51:47 [INFO] Purged old hotspot file: fishing_hotspots_2026-05-31.json
2026-06-26T21:51:47 [INFO] Purged old hotspot file: fishing_hotspots_2026-06-11.json
2026-06-26T21:51:47 [INFO] Purged old hotspot file: fishing_hotspots_2026-05-24.json
2026-06-26T21:51:47 [INFO] Purged old hotspot file: fishing_hotspots_2026-05-29.json
2026-06-26T21:51:47 [INFO] Purged old hotspot file: fishing_hotspots_2026-05-22.json
2026-06-26T21:51:47 [INFO] Purged old hotspot file: fishing_hotspots_2026-05-27.json
2026-06-26T21:51:47 [INFO] Purged old hotspot file: fishing_hotspots_2026-06-16.json
2026-06-26T21:51:47 [INFO] Purged old hotspot file: fishing_hotspots_2026-06-03.json
2026-06-26T21:51:47 [INFO] Purged old hotspot file: fishing_hotspots_2026-06-12.json
2026-06-26T21:51:47 [INFO] Purged old hotspot file: fishing_hotspots_2026-06-13.json
2026-06-26T21:51:47 [INFO] Purged old hotspot file: fishing_hotspots_2026-05-26.json
2026-06-26T21:51:47 [INFO] Purged old hotspot file: fishing_hotspots_2026-06-01.json
2026-06-26T21:51:47 [INFO] Wrote fishing_hotspots_2026-06-26.json  (17.7 KB)
2026-06-26T21:51:47 [INFO] === Done ===
