2026-08-02T16:12:34 [INFO] === FishingHotspotAnalyzer  date=2026-08-02  month=August ===
2026-08-02T16:12:34 [INFO] Species to analyze: ['yellowfin', 'bluefin', 'mahi', 'wahoo', 'kingfish', 'white_marlin', 'blue_marlin']
2026-08-02T16:12:34 [INFO] Composite loaded: 266 lat × 335 lon, coverage 55.2%
2026-08-02T16:12:34 [INFO] Composite loaded: 49166 points  step=0.0200°
2026-08-02T16:12:34 [INFO] Bathymetry grid loaded: 1272 × 1604 cells
2026-08-02T16:12:36 [INFO] Bathy lookup: 217812 entries
2026-08-02T16:12:36 [INFO] Loaded CHL from CHL_20260731.json  (27751 valid points, 2 days old)
2026-08-02T16:12:36 [INFO] Loaded kd490 from SEACOLOR_20260801.json  (1511 valid points, 1 days old)
2026-08-02T16:12:36 [INFO]   Analyzing Yellowfin Tuna ...
2026-08-02T16:12:36 [INFO]     769 / 1097 scored points above 0.65 threshold
2026-08-02T16:12:36 [INFO]     21 raw cluster(s) found
2026-08-02T16:12:37 [INFO]     Zone 1: habitat=0.829 × seasonal=0.80 → score=0.663  (prime)
2026-08-02T16:12:37 [INFO]     Zone 2: habitat=0.809 × seasonal=0.80 → score=0.647  (prime)
2026-08-02T16:12:37 [INFO]     Zone 3: habitat=0.808 × seasonal=0.80 → score=0.646  (prime)
2026-08-02T16:12:37 [INFO]     -> 3 zone(s) for Yellowfin Tuna  [seasonality: prime  mult=0.80]
2026-08-02T16:12:37 [INFO]   Analyzing Bluefin Tuna ...
2026-08-02T16:12:37 [INFO]     0 / 0 scored points above 0.60 threshold
2026-08-02T16:12:37 [INFO]     0 raw cluster(s) found
2026-08-02T16:12:37 [INFO]     -> 0 zone(s) for Bluefin Tuna  [seasonality: off-season  mult=0.45]
2026-08-02T16:12:37 [INFO]   Analyzing Mahi-Mahi ...
2026-08-02T16:12:37 [INFO]     148 / 159 scored points above 0.64 threshold
2026-08-02T16:12:37 [INFO]     32 raw cluster(s) found
2026-08-02T16:12:37 [INFO]     Zone 1: habitat=0.958 × seasonal=0.80 → score=0.766  (prime)
2026-08-02T16:12:37 [INFO]     Zone 2: habitat=0.881 × seasonal=0.80 → score=0.705  (prime)
2026-08-02T16:12:37 [INFO]     Zone 3: habitat=0.785 × seasonal=0.80 → score=0.628  (prime)
2026-08-02T16:12:37 [INFO]     -> 3 zone(s) for Mahi-Mahi  [seasonality: prime  mult=0.80]
2026-08-02T16:12:37 [INFO]   Analyzing Wahoo ...
2026-08-02T16:12:37 [INFO]     3611 / 3901 scored points above 0.58 threshold
2026-08-02T16:12:37 [INFO]     65 raw cluster(s) found
2026-08-02T16:12:37 [INFO]     Zone 1: habitat=0.877 × seasonal=0.80 → score=0.702  (prime)
2026-08-02T16:12:37 [INFO]     Zone 2: habitat=0.870 × seasonal=0.80 → score=0.696  (prime)
2026-08-02T16:12:37 [INFO]     Zone 3: habitat=0.864 × seasonal=0.80 → score=0.691  (prime)
2026-08-02T16:12:37 [INFO]     -> 3 zone(s) for Wahoo  [seasonality: prime  mult=0.80]
2026-08-02T16:12:37 [INFO]   Analyzing King Mackerel ...
2026-08-02T16:12:37 [INFO]     0 / 0 scored points above 0.60 threshold
2026-08-02T16:12:37 [INFO]     0 raw cluster(s) found
2026-08-02T16:12:37 [INFO]     -> 0 zone(s) for King Mackerel  [seasonality: prime  mult=0.80]
2026-08-02T16:12:37 [INFO]   Analyzing White Marlin ...
2026-08-02T16:12:37 [INFO]     1710 / 1754 scored points above 0.60 threshold
2026-08-02T16:12:37 [INFO]     24 raw cluster(s) found
2026-08-02T16:12:37 [INFO]     Zone 1: habitat=0.874 × seasonal=1.00 → score=0.874  (peak)
2026-08-02T16:12:37 [INFO]     Zone 2: habitat=0.865 × seasonal=1.00 → score=0.865  (peak)
2026-08-02T16:12:37 [INFO]     Zone 3: habitat=0.864 × seasonal=1.00 → score=0.864  (peak)
2026-08-02T16:12:37 [INFO]     -> 3 zone(s) for White Marlin  [seasonality: peak  mult=1.00]
2026-08-02T16:12:37 [INFO]   Analyzing Blue Marlin ...
2026-08-02T16:12:37 [INFO]     3627 / 4073 scored points above 0.58 threshold
2026-08-02T16:12:37 [INFO]     31 raw cluster(s) found
2026-08-02T16:12:37 [INFO]     Zone 1: habitat=0.945 × seasonal=1.00 → score=0.945  (peak)
2026-08-02T16:12:37 [INFO]     Zone 2: habitat=0.914 × seasonal=1.00 → score=0.914  (peak)
2026-08-02T16:12:37 [INFO]     Zone 3: habitat=0.901 × seasonal=1.00 → score=0.901  (peak)
2026-08-02T16:12:37 [INFO]     -> 3 zone(s) for Blue Marlin  [seasonality: peak  mult=1.00]
2026-08-02T16:12:37 [INFO] Purged old hotspot file: fishing_hotspots_2026-07-11.json
2026-08-02T16:12:37 [INFO] Purged old hotspot file: fishing_hotspots_2026-07-16.json
2026-08-02T16:12:37 [INFO] Purged old hotspot file: fishing_hotspots_2026-07-08.json
2026-08-02T16:12:37 [INFO] Purged old hotspot file: fishing_hotspots_2026-07-20.json
2026-08-02T16:12:37 [INFO] Purged old hotspot file: fishing_hotspots_2026-07-19.json
2026-08-02T16:12:37 [INFO] Purged old hotspot file: fishing_hotspots_2026-07-09.json
2026-08-02T16:12:37 [INFO] Purged old hotspot file: fishing_hotspots_2026-07-24.json
2026-08-02T16:12:37 [INFO] Purged old hotspot file: fishing_hotspots_2026-07-07.json
2026-08-02T16:12:37 [INFO] Purged old hotspot file: fishing_hotspots_2026-07-14.json
2026-08-02T16:12:37 [INFO] Purged old hotspot file: fishing_hotspots_2026-07-15.json
2026-08-02T16:12:37 [INFO] Purged old hotspot file: fishing_hotspots_2026-07-22.json
2026-08-02T16:12:37 [INFO] Purged old hotspot file: fishing_hotspots_2026-07-12.json
2026-08-02T16:12:37 [INFO] Purged old hotspot file: fishing_hotspots_2026-07-10.json
2026-08-02T16:12:37 [INFO] Purged old hotspot file: fishing_hotspots_2026-07-21.json
2026-08-02T16:12:37 [INFO] Purged old hotspot file: fishing_hotspots_2026-07-17.json
2026-08-02T16:12:37 [INFO] Purged old hotspot file: fishing_hotspots_2026-07-18.json
2026-08-02T16:12:37 [INFO] Purged old hotspot file: fishing_hotspots_2026-07-06.json
2026-08-02T16:12:37 [INFO] Purged old hotspot file: fishing_hotspots_2026-07-25.json
2026-08-02T16:12:37 [INFO] Purged old hotspot file: fishing_hotspots_2026-07-13.json
2026-08-02T16:12:37 [INFO] Purged old hotspot file: fishing_hotspots_2026-07-23.json
2026-08-02T16:12:37 [INFO] Wrote fishing_hotspots_2026-08-02.json  (14.2 KB)
2026-08-02T16:12:37 [INFO] === Done ===
