2026-07-02T14:59:43 [INFO] === FishingHotspotAnalyzer  date=2026-07-02  month=July ===
2026-07-02T14:59:43 [INFO] Species to analyze: ['yellowfin', 'bluefin', 'mahi', 'wahoo', 'kingfish', 'white_marlin', 'blue_marlin']
2026-07-02T14:59:43 [INFO] Composite loaded: 266 lat × 335 lon, coverage 61.8%
2026-07-02T14:59:43 [INFO] Composite loaded: 55087 points  step=0.0200°
2026-07-02T14:59:44 [INFO] Bathymetry grid loaded: 1273 × 1604 cells
2026-07-02T14:59:46 [INFO] Bathy lookup: 235873 entries
2026-07-02T14:59:46 [INFO] Loaded CHL from CHL_20260630.json  (23595 valid points, 2 days old)
2026-07-02T14:59:46 [INFO] Loaded kd490 from SEACOLOR_20260630.json  (2084 valid points, 2 days old)
2026-07-02T14:59:46 [INFO]   Analyzing Yellowfin Tuna ...
2026-07-02T14:59:46 [INFO]     1883 / 1998 scored points above 0.65 threshold
2026-07-02T14:59:46 [INFO]     29 raw cluster(s) found
2026-07-02T14:59:46 [INFO]     Zone 1: habitat=0.938 × seasonal=0.45 → score=0.422  (off-season)
2026-07-02T14:59:46 [INFO]     Zone 2: habitat=0.916 × seasonal=0.45 → score=0.412  (off-season)
2026-07-02T14:59:46 [INFO]     Zone 3: habitat=0.888 × seasonal=0.45 → score=0.400  (off-season)
2026-07-02T14:59:46 [INFO]     -> 3 zone(s) for Yellowfin Tuna  [seasonality: off-season  mult=0.45]
2026-07-02T14:59:46 [INFO]   Analyzing Bluefin Tuna ...
2026-07-02T14:59:46 [INFO]     0 / 0 scored points above 0.60 threshold
2026-07-02T14:59:46 [INFO]     0 raw cluster(s) found
2026-07-02T14:59:46 [INFO]     -> 0 zone(s) for Bluefin Tuna  [seasonality: off-season  mult=0.45]
2026-07-02T14:59:46 [INFO]   Analyzing Mahi-Mahi ...
2026-07-02T14:59:46 [INFO]     1313 / 1383 scored points above 0.54 threshold
2026-07-02T14:59:47 [INFO]     18 raw cluster(s) found
2026-07-02T14:59:47 [INFO]     Zone 1: habitat=0.818 × seasonal=1.00 → score=0.818  (peak)
2026-07-02T14:59:47 [INFO]     Zone 2: habitat=0.727 × seasonal=1.00 → score=0.727  (peak)
2026-07-02T14:59:47 [INFO]     Zone 3: habitat=0.611 × seasonal=1.00 → score=0.611  (peak)
2026-07-02T14:59:47 [INFO]     -> 3 zone(s) for Mahi-Mahi  [seasonality: peak  mult=1.00]
2026-07-02T14:59:47 [INFO]   Analyzing Wahoo ...
2026-07-02T14:59:47 [INFO]     4462 / 4527 scored points above 0.58 threshold
2026-07-02T14:59:47 [INFO]     81 raw cluster(s) found
2026-07-02T14:59:47 [INFO]     Zone 1: habitat=0.929 × seasonal=0.80 → score=0.743  (prime)
2026-07-02T14:59:47 [INFO]     Zone 2: habitat=0.923 × seasonal=0.80 → score=0.738  (prime)
2026-07-02T14:59:47 [INFO]     Zone 3: habitat=0.916 × seasonal=0.80 → score=0.733  (prime)
2026-07-02T14:59:47 [INFO]     -> 3 zone(s) for Wahoo  [seasonality: prime  mult=0.80]
2026-07-02T14:59:47 [INFO]   Analyzing King Mackerel ...
2026-07-02T14:59:47 [INFO]     184 / 415 scored points above 0.60 threshold
2026-07-02T14:59:47 [INFO]     18 raw cluster(s) found
2026-07-02T14:59:47 [INFO]     Zone 1: habitat=0.839 × seasonal=0.80 → score=0.671  (prime)
2026-07-02T14:59:47 [INFO]     Zone 2: habitat=0.833 × seasonal=0.80 → score=0.666  (prime)
2026-07-02T14:59:47 [INFO]     Zone 3: habitat=0.747 × seasonal=0.80 → score=0.598  (prime)
2026-07-02T14:59:47 [INFO]     -> 3 zone(s) for King Mackerel  [seasonality: prime  mult=0.80]
2026-07-02T14:59:47 [INFO]   Analyzing White Marlin ...
2026-07-02T14:59:47 [INFO]     1215 / 1772 scored points above 0.60 threshold
2026-07-02T14:59:47 [INFO]     26 raw cluster(s) found
2026-07-02T14:59:47 [INFO]     Zone 1: habitat=0.849 × seasonal=0.80 → score=0.679  (prime)
2026-07-02T14:59:47 [INFO]     Zone 2: habitat=0.722 × seasonal=0.80 → score=0.578  (prime)
2026-07-02T14:59:47 [INFO]     Zone 3: habitat=0.715 × seasonal=0.80 → score=0.572  (prime)
2026-07-02T14:59:47 [INFO]     -> 3 zone(s) for White Marlin  [seasonality: prime  mult=0.80]
2026-07-02T14:59:47 [INFO]   Analyzing Blue Marlin ...
2026-07-02T14:59:47 [INFO]     3568 / 4411 scored points above 0.58 threshold
2026-07-02T14:59:47 [INFO]     30 raw cluster(s) found
2026-07-02T14:59:47 [INFO]     Zone 1: habitat=0.838 × seasonal=1.00 → score=0.838  (peak)
2026-07-02T14:59:47 [INFO]     Zone 2: habitat=0.814 × seasonal=1.00 → score=0.814  (peak)
2026-07-02T14:59:47 [INFO]     Zone 3: habitat=0.788 × seasonal=1.00 → score=0.788  (peak)
2026-07-02T14:59:47 [INFO]     -> 3 zone(s) for Blue Marlin  [seasonality: peak  mult=1.00]
2026-07-02T14:59:47 [INFO] Purged old hotspot file: fishing_hotspots_2026-05-25.json
2026-07-02T14:59:47 [INFO] Purged old hotspot file: fishing_hotspots_2026-06-09.json
2026-07-02T14:59:47 [INFO] Purged old hotspot file: fishing_hotspots_2026-06-21.json
2026-07-02T14:59:47 [INFO] Purged old hotspot file: fishing_hotspots_2026-06-10.json
2026-07-02T14:59:47 [INFO] Purged old hotspot file: fishing_hotspots_2026-06-05.json
2026-07-02T14:59:47 [INFO] Purged old hotspot file: fishing_hotspots_2026-06-08.json
2026-07-02T14:59:47 [INFO] Purged old hotspot file: fishing_hotspots_2026-06-04.json
2026-07-02T14:59:47 [INFO] Purged old hotspot file: fishing_hotspots_2026-06-24.json
2026-07-02T14:59:47 [INFO] Purged old hotspot file: fishing_hotspots_2026-06-02.json
2026-07-02T14:59:47 [INFO] Purged old hotspot file: fishing_hotspots_2026-06-23.json
2026-07-02T14:59:47 [INFO] Purged old hotspot file: fishing_hotspots_2026-06-07.json
2026-07-02T14:59:47 [INFO] Purged old hotspot file: fishing_hotspots_2026-06-20.json
2026-07-02T14:59:47 [INFO] Purged old hotspot file: fishing_hotspots_2026-06-18.json
2026-07-02T14:59:47 [INFO] Purged old hotspot file: fishing_hotspots_2026-06-06.json
2026-07-02T14:59:47 [INFO] Purged old hotspot file: fishing_hotspots_2026-06-14.json
2026-07-02T14:59:47 [INFO] Purged old hotspot file: fishing_hotspots_2026-05-28.json
2026-07-02T14:59:47 [INFO] Purged old hotspot file: fishing_hotspots_2026-05-23.json
2026-07-02T14:59:47 [INFO] Purged old hotspot file: fishing_hotspots_2026-06-15.json
2026-07-02T14:59:47 [INFO] Purged old hotspot file: fishing_hotspots_2026-06-17.json
2026-07-02T14:59:47 [INFO] Purged old hotspot file: fishing_hotspots_2026-05-30.json
2026-07-02T14:59:47 [INFO] Purged old hotspot file: fishing_hotspots_2026-05-31.json
2026-07-02T14:59:47 [INFO] Purged old hotspot file: fishing_hotspots_2026-06-11.json
2026-07-02T14:59:47 [INFO] Purged old hotspot file: fishing_hotspots_2026-05-24.json
2026-07-02T14:59:47 [INFO] Purged old hotspot file: fishing_hotspots_2026-05-29.json
2026-07-02T14:59:47 [INFO] Purged old hotspot file: fishing_hotspots_2026-05-22.json
2026-07-02T14:59:47 [INFO] Purged old hotspot file: fishing_hotspots_2026-05-27.json
2026-07-02T14:59:47 [INFO] Purged old hotspot file: fishing_hotspots_2026-06-16.json
2026-07-02T14:59:47 [INFO] Purged old hotspot file: fishing_hotspots_2026-06-03.json
2026-07-02T14:59:47 [INFO] Purged old hotspot file: fishing_hotspots_2026-06-12.json
2026-07-02T14:59:47 [INFO] Purged old hotspot file: fishing_hotspots_2026-06-13.json
2026-07-02T14:59:47 [INFO] Purged old hotspot file: fishing_hotspots_2026-05-26.json
2026-07-02T14:59:47 [INFO] Purged old hotspot file: fishing_hotspots_2026-06-01.json
2026-07-02T14:59:47 [INFO] Purged old hotspot file: fishing_hotspots_2026-06-19.json
2026-07-02T14:59:47 [INFO] Purged old hotspot file: fishing_hotspots_2026-06-22.json
2026-07-02T14:59:47 [INFO] Wrote fishing_hotspots_2026-07-02.json  (17.2 KB)
2026-07-02T14:59:47 [INFO] === Done ===
