2026-06-29T10:13:59 [INFO] === FishingHotspotAnalyzer  date=2026-06-29  month=June ===
2026-06-29T10:13:59 [INFO] Species to analyze: ['yellowfin', 'bluefin', 'mahi', 'wahoo', 'kingfish', 'white_marlin', 'blue_marlin']
2026-06-29T10:13:59 [INFO] Composite loaded: 266 lat × 335 lon, coverage 12.7%
2026-06-29T10:13:59 [INFO] Composite loaded: 11323 points  step=0.0200°
2026-06-29T10:14:00 [INFO] Bathymetry grid loaded: 1273 × 1604 cells
2026-06-29T10:14:02 [INFO] Bathy lookup: 241969 entries
2026-06-29T10:14:02 [INFO] Loaded CHL from CHL_20260627.json  (7190 valid points, 2 days old)
2026-06-29T10:14:02 [INFO] Loaded kd490 from SEACOLOR_20260627.json  (1270 valid points, 2 days old)
2026-06-29T10:14:02 [INFO]   Analyzing Yellowfin Tuna ...
2026-06-29T10:14:02 [INFO]     476 / 661 scored points above 0.65 threshold
2026-06-29T10:14:02 [INFO]     16 raw cluster(s) found
2026-06-29T10:14:02 [INFO]     Zone 1: habitat=0.871 × seasonal=0.80 → score=0.697  (prime)
2026-06-29T10:14:02 [INFO]     Zone 2: habitat=0.869 × seasonal=0.80 → score=0.695  (prime)
2026-06-29T10:14:02 [INFO]     Zone 3: habitat=0.840 × seasonal=0.80 → score=0.672  (prime)
2026-06-29T10:14:02 [INFO]     -> 3 zone(s) for Yellowfin Tuna  [seasonality: prime  mult=0.80]
2026-06-29T10:14:02 [INFO]   Analyzing Bluefin Tuna ...
2026-06-29T10:14:02 [INFO]     0 / 0 scored points above 0.60 threshold
2026-06-29T10:14:02 [INFO]     0 raw cluster(s) found
2026-06-29T10:14:02 [INFO]     -> 0 zone(s) for Bluefin Tuna  [seasonality: off-season  mult=0.45]
2026-06-29T10:14:02 [INFO]   Analyzing Mahi-Mahi ...
2026-06-29T10:14:02 [INFO]     626 / 904 scored points above 0.54 threshold
2026-06-29T10:14:02 [INFO]     14 raw cluster(s) found
2026-06-29T10:14:02 [INFO]     Zone 1: habitat=0.804 × seasonal=1.00 → score=0.804  (peak)
2026-06-29T10:14:02 [INFO]     Zone 2: habitat=0.656 × seasonal=1.00 → score=0.656  (peak)
2026-06-29T10:14:02 [INFO]     Zone 3: habitat=0.579 × seasonal=1.00 → score=0.579  (peak)
2026-06-29T10:14:02 [INFO]     -> 3 zone(s) for Mahi-Mahi  [seasonality: peak  mult=1.00]
2026-06-29T10:14:02 [INFO]   Analyzing Wahoo ...
2026-06-29T10:14:02 [INFO]     1122 / 1252 scored points above 0.58 threshold
2026-06-29T10:14:02 [INFO]     32 raw cluster(s) found
2026-06-29T10:14:02 [INFO]     Zone 1: habitat=0.865 × seasonal=0.45 → score=0.389  (off-season)
2026-06-29T10:14:02 [INFO]     Zone 2: habitat=0.833 × seasonal=0.45 → score=0.375  (off-season)
2026-06-29T10:14:02 [INFO]     Zone 3: habitat=0.828 × seasonal=0.45 → score=0.373  (off-season)
2026-06-29T10:14:02 [INFO]     -> 3 zone(s) for Wahoo  [seasonality: off-season  mult=0.45]
2026-06-29T10:14:02 [INFO]   Analyzing King Mackerel ...
2026-06-29T10:14:02 [INFO]     301 / 653 scored points above 0.60 threshold
2026-06-29T10:14:02 [INFO]     15 raw cluster(s) found
2026-06-29T10:14:02 [INFO]     Zone 1: habitat=0.782 × seasonal=0.80 → score=0.626  (prime)
2026-06-29T10:14:02 [INFO]     Zone 2: habitat=0.756 × seasonal=0.80 → score=0.605  (prime)
2026-06-29T10:14:02 [INFO]     Zone 3: habitat=0.712 × seasonal=0.80 → score=0.570  (prime)
2026-06-29T10:14:02 [INFO]     -> 3 zone(s) for King Mackerel  [seasonality: prime  mult=0.80]
2026-06-29T10:14:02 [INFO]   Analyzing White Marlin ...
2026-06-29T10:14:02 [INFO]     286 / 424 scored points above 0.60 threshold
2026-06-29T10:14:02 [INFO]     8 raw cluster(s) found
2026-06-29T10:14:02 [INFO]     Zone 1: habitat=0.868 × seasonal=0.45 → score=0.391  (off-season)
2026-06-29T10:14:02 [INFO]     Zone 2: habitat=0.810 × seasonal=0.45 → score=0.365  (off-season)
2026-06-29T10:14:02 [INFO]     Zone 3: habitat=0.732 × seasonal=0.45 → score=0.329  (off-season)
2026-06-29T10:14:02 [INFO]     -> 3 zone(s) for White Marlin  [seasonality: off-season  mult=0.45]
2026-06-29T10:14:02 [INFO]   Analyzing Blue Marlin ...
2026-06-29T10:14:02 [INFO]     1389 / 1760 scored points above 0.58 threshold
2026-06-29T10:14:02 [INFO]     18 raw cluster(s) found
2026-06-29T10:14:02 [INFO]     Zone 1: habitat=0.811 × seasonal=0.80 → score=0.649  (prime)
2026-06-29T10:14:02 [INFO]     Zone 2: habitat=0.799 × seasonal=0.80 → score=0.639  (prime)
2026-06-29T10:14:02 [INFO]     Zone 3: habitat=0.770 × seasonal=0.80 → score=0.616  (prime)
2026-06-29T10:14:02 [INFO]     -> 3 zone(s) for Blue Marlin  [seasonality: prime  mult=0.80]
2026-06-29T10:14:02 [INFO] Purged old hotspot file: fishing_hotspots_2026-05-25.json
2026-06-29T10:14:02 [INFO] Purged old hotspot file: fishing_hotspots_2026-06-09.json
2026-06-29T10:14:02 [INFO] Purged old hotspot file: fishing_hotspots_2026-06-21.json
2026-06-29T10:14:02 [INFO] Purged old hotspot file: fishing_hotspots_2026-06-10.json
2026-06-29T10:14:02 [INFO] Purged old hotspot file: fishing_hotspots_2026-06-05.json
2026-06-29T10:14:02 [INFO] Purged old hotspot file: fishing_hotspots_2026-06-08.json
2026-06-29T10:14:02 [INFO] Purged old hotspot file: fishing_hotspots_2026-06-04.json
2026-06-29T10:14:02 [INFO] Purged old hotspot file: fishing_hotspots_2026-06-02.json
2026-06-29T10:14:02 [INFO] Purged old hotspot file: fishing_hotspots_2026-06-07.json
2026-06-29T10:14:02 [INFO] Purged old hotspot file: fishing_hotspots_2026-06-20.json
2026-06-29T10:14:02 [INFO] Purged old hotspot file: fishing_hotspots_2026-06-18.json
2026-06-29T10:14:02 [INFO] Purged old hotspot file: fishing_hotspots_2026-06-06.json
2026-06-29T10:14:02 [INFO] Purged old hotspot file: fishing_hotspots_2026-06-14.json
2026-06-29T10:14:02 [INFO] Purged old hotspot file: fishing_hotspots_2026-05-28.json
2026-06-29T10:14:02 [INFO] Purged old hotspot file: fishing_hotspots_2026-05-23.json
2026-06-29T10:14:02 [INFO] Purged old hotspot file: fishing_hotspots_2026-06-15.json
2026-06-29T10:14:02 [INFO] Purged old hotspot file: fishing_hotspots_2026-06-17.json
2026-06-29T10:14:02 [INFO] Purged old hotspot file: fishing_hotspots_2026-05-30.json
2026-06-29T10:14:02 [INFO] Purged old hotspot file: fishing_hotspots_2026-05-31.json
2026-06-29T10:14:02 [INFO] Purged old hotspot file: fishing_hotspots_2026-06-11.json
2026-06-29T10:14:02 [INFO] Purged old hotspot file: fishing_hotspots_2026-05-24.json
2026-06-29T10:14:02 [INFO] Purged old hotspot file: fishing_hotspots_2026-05-29.json
2026-06-29T10:14:02 [INFO] Purged old hotspot file: fishing_hotspots_2026-05-22.json
2026-06-29T10:14:02 [INFO] Purged old hotspot file: fishing_hotspots_2026-05-27.json
2026-06-29T10:14:02 [INFO] Purged old hotspot file: fishing_hotspots_2026-06-16.json
2026-06-29T10:14:02 [INFO] Purged old hotspot file: fishing_hotspots_2026-06-03.json
2026-06-29T10:14:02 [INFO] Purged old hotspot file: fishing_hotspots_2026-06-12.json
2026-06-29T10:14:02 [INFO] Purged old hotspot file: fishing_hotspots_2026-06-13.json
2026-06-29T10:14:02 [INFO] Purged old hotspot file: fishing_hotspots_2026-05-26.json
2026-06-29T10:14:02 [INFO] Purged old hotspot file: fishing_hotspots_2026-06-01.json
2026-06-29T10:14:02 [INFO] Purged old hotspot file: fishing_hotspots_2026-06-19.json
2026-06-29T10:14:02 [INFO] Wrote fishing_hotspots_2026-06-29.json  (17.5 KB)
2026-06-29T10:14:02 [INFO] === Done ===
