2026-08-07T17:31:33 [INFO] === FishingHotspotAnalyzer  date=2026-08-07  month=August ===
2026-08-07T17:31:33 [INFO] Species to analyze: ['yellowfin', 'bluefin', 'mahi', 'wahoo', 'kingfish', 'white_marlin', 'blue_marlin']
2026-08-07T17:31:33 [INFO] Composite loaded: 266 lat × 335 lon, coverage 59.3%
2026-08-07T17:31:34 [INFO] Composite loaded: 52862 points  step=0.0200°
2026-08-07T17:31:34 [INFO] Bathymetry grid loaded: 1272 × 1604 cells
2026-08-07T17:31:35 [INFO] Bathy lookup: 217812 entries
2026-08-07T17:31:36 [INFO] Loaded CHL from CHL_20260806.json  (23680 valid points, 1 days old)
2026-08-07T17:31:36 [INFO] Loaded kd490 from SEACOLOR_20260805.json  (2372 valid points, 2 days old)
2026-08-07T17:31:36 [INFO]   Analyzing Yellowfin Tuna ...
2026-08-07T17:31:36 [INFO]     101 / 147 scored points above 0.65 threshold
2026-08-07T17:31:36 [INFO]     3 raw cluster(s) found
2026-08-07T17:31:36 [INFO]     Zone 1: habitat=0.736 × seasonal=0.80 → score=0.589  (prime)
2026-08-07T17:31:36 [INFO]     -> 1 zone(s) for Yellowfin Tuna  [seasonality: prime  mult=0.80]
2026-08-07T17:31:36 [INFO]   Analyzing Bluefin Tuna ...
2026-08-07T17:31:36 [INFO]     0 / 0 scored points above 0.60 threshold
2026-08-07T17:31:36 [INFO]     0 raw cluster(s) found
2026-08-07T17:31:36 [INFO]     -> 0 zone(s) for Bluefin Tuna  [seasonality: off-season  mult=0.45]
2026-08-07T17:31:36 [INFO]   Analyzing Mahi-Mahi ...
2026-08-07T17:31:36 [INFO]     2 / 20 scored points above 0.64 threshold
2026-08-07T17:31:36 [INFO]     1 raw cluster(s) found
2026-08-07T17:31:36 [INFO]     -> 0 zone(s) for Mahi-Mahi  [seasonality: prime  mult=0.80]
2026-08-07T17:31:36 [INFO]   Analyzing Wahoo ...
2026-08-07T17:31:36 [INFO]     3331 / 3725 scored points above 0.58 threshold
2026-08-07T17:31:36 [INFO]     54 raw cluster(s) found
2026-08-07T17:31:36 [INFO]     Zone 1: habitat=0.821 × seasonal=0.80 → score=0.657  (prime)
2026-08-07T17:31:36 [INFO]     Zone 2: habitat=0.800 × seasonal=0.80 → score=0.640  (prime)
2026-08-07T17:31:36 [INFO]     Zone 3: habitat=0.796 × seasonal=0.80 → score=0.637  (prime)
2026-08-07T17:31:36 [INFO]     -> 3 zone(s) for Wahoo  [seasonality: prime  mult=0.80]
2026-08-07T17:31:36 [INFO]   Analyzing King Mackerel ...
2026-08-07T17:31:36 [INFO]     84 / 173 scored points above 0.60 threshold
2026-08-07T17:31:36 [INFO]     9 raw cluster(s) found
2026-08-07T17:31:36 [INFO]     Zone 1: habitat=0.782 × seasonal=0.80 → score=0.626  (prime)
2026-08-07T17:31:36 [INFO]     -> 1 zone(s) for King Mackerel  [seasonality: prime  mult=0.80]
2026-08-07T17:31:36 [INFO]   Analyzing White Marlin ...
2026-08-07T17:31:36 [INFO]     1874 / 1892 scored points above 0.60 threshold
2026-08-07T17:31:36 [INFO]     22 raw cluster(s) found
2026-08-07T17:31:36 [INFO]     Zone 1: habitat=0.880 × seasonal=1.00 → score=0.880  (peak)
2026-08-07T17:31:36 [INFO]     Zone 2: habitat=0.877 × seasonal=1.00 → score=0.877  (peak)
2026-08-07T17:31:36 [INFO]     Zone 3: habitat=0.876 × seasonal=1.00 → score=0.876  (peak)
2026-08-07T17:31:36 [INFO]     -> 3 zone(s) for White Marlin  [seasonality: peak  mult=1.00]
2026-08-07T17:31:36 [INFO]   Analyzing Blue Marlin ...
2026-08-07T17:31:36 [INFO]     3874 / 4129 scored points above 0.58 threshold
2026-08-07T17:31:36 [INFO]     30 raw cluster(s) found
2026-08-07T17:31:36 [INFO]     Zone 1: habitat=0.932 × seasonal=1.00 → score=0.932  (peak)
2026-08-07T17:31:36 [INFO]     Zone 2: habitat=0.929 × seasonal=1.00 → score=0.929  (peak)
2026-08-07T17:31:36 [INFO]     Zone 3: habitat=0.924 × seasonal=1.00 → score=0.924  (peak)
2026-08-07T17:31:36 [INFO]     -> 3 zone(s) for Blue Marlin  [seasonality: peak  mult=1.00]
2026-08-07T17:31:36 [INFO] Purged old hotspot file: fishing_hotspots_2026-07-11.json
2026-08-07T17:31:36 [INFO] Purged old hotspot file: fishing_hotspots_2026-07-16.json
2026-08-07T17:31:36 [INFO] Purged old hotspot file: fishing_hotspots_2026-07-08.json
2026-08-07T17:31:36 [INFO] Purged old hotspot file: fishing_hotspots_2026-07-20.json
2026-08-07T17:31:36 [INFO] Purged old hotspot file: fishing_hotspots_2026-07-19.json
2026-08-07T17:31:36 [INFO] Purged old hotspot file: fishing_hotspots_2026-07-27.json
2026-08-07T17:31:36 [INFO] Purged old hotspot file: fishing_hotspots_2026-07-09.json
2026-08-07T17:31:36 [INFO] Purged old hotspot file: fishing_hotspots_2026-07-29.json
2026-08-07T17:31:36 [INFO] Purged old hotspot file: fishing_hotspots_2026-07-24.json
2026-08-07T17:31:36 [INFO] Purged old hotspot file: fishing_hotspots_2026-07-30.json
2026-08-07T17:31:36 [INFO] Purged old hotspot file: fishing_hotspots_2026-07-07.json
2026-08-07T17:31:36 [INFO] Purged old hotspot file: fishing_hotspots_2026-07-14.json
2026-08-07T17:31:36 [INFO] Purged old hotspot file: fishing_hotspots_2026-07-15.json
2026-08-07T17:31:36 [INFO] Purged old hotspot file: fishing_hotspots_2026-07-22.json
2026-08-07T17:31:36 [INFO] Purged old hotspot file: fishing_hotspots_2026-07-12.json
2026-08-07T17:31:36 [INFO] Purged old hotspot file: fishing_hotspots_2026-07-10.json
2026-08-07T17:31:36 [INFO] Purged old hotspot file: fishing_hotspots_2026-07-26.json
2026-08-07T17:31:36 [INFO] Purged old hotspot file: fishing_hotspots_2026-07-21.json
2026-08-07T17:31:36 [INFO] Purged old hotspot file: fishing_hotspots_2026-07-17.json
2026-08-07T17:31:36 [INFO] Purged old hotspot file: fishing_hotspots_2026-07-18.json
2026-08-07T17:31:36 [INFO] Purged old hotspot file: fishing_hotspots_2026-07-06.json
2026-08-07T17:31:36 [INFO] Purged old hotspot file: fishing_hotspots_2026-07-25.json
2026-08-07T17:31:36 [INFO] Purged old hotspot file: fishing_hotspots_2026-07-13.json
2026-08-07T17:31:36 [INFO] Purged old hotspot file: fishing_hotspots_2026-07-23.json
2026-08-07T17:31:36 [INFO] Purged old hotspot file: fishing_hotspots_2026-07-28.json
2026-08-07T17:31:36 [INFO] Wrote fishing_hotspots_2026-08-07.json  (10.7 KB)
2026-08-07T17:31:36 [INFO] === Done ===
