2026-06-06T15:09:44 [INFO] === FishingHotspotAnalyzer  date=2026-06-06  month=June ===
2026-06-06T15:09:44 [INFO] Species to analyze: ['yellowfin', 'bluefin', 'mahi', 'wahoo', 'kingfish', 'white_marlin', 'blue_marlin']
2026-06-06T15:09:44 [INFO] Composite loaded: 266 lat × 335 lon, coverage 62.3%
2026-06-06T15:09:44 [INFO] Composite loaded: 55511 points  step=0.0200°
2026-06-06T15:09:44 [INFO] Bathymetry grid loaded: 1273 × 1604 cells
2026-06-06T15:09:46 [INFO] Bathy lookup: 241969 entries
2026-06-06T15:09:46 [INFO] Loaded CHL from CHL_20260603.json  (29289 valid points, 3 days old)
2026-06-06T15:09:46 [INFO] Loaded kd490 from SEACOLOR_20260604.json  (702 valid points, 2 days old)
2026-06-06T15:09:46 [INFO]   Analyzing Yellowfin Tuna ...
2026-06-06T15:09:46 [INFO]     65 / 150 scored points above 0.65 threshold
2026-06-06T15:09:46 [INFO]     6 raw cluster(s) found
2026-06-06T15:09:47 [INFO]     Zone 1: habitat=0.792 × seasonal=0.80 → score=0.634  (prime)
2026-06-06T15:09:47 [INFO]     Zone 2: habitat=0.774 × seasonal=0.80 → score=0.619  (prime)
2026-06-06T15:09:47 [INFO]     -> 2 zone(s) for Yellowfin Tuna  [seasonality: prime  mult=0.80]
2026-06-06T15:09:47 [INFO]   Analyzing Bluefin Tuna ...
2026-06-06T15:09:47 [INFO]     941 / 947 scored points above 0.60 threshold
2026-06-06T15:09:47 [INFO]     10 raw cluster(s) found
2026-06-06T15:09:47 [INFO]     Zone 1: habitat=0.912 × seasonal=0.45 → score=0.410  (off-season)
2026-06-06T15:09:47 [INFO]     Zone 2: habitat=0.912 × seasonal=0.45 → score=0.410  (off-season)
2026-06-06T15:09:47 [INFO]     Zone 3: habitat=0.903 × seasonal=0.45 → score=0.406  (off-season)
2026-06-06T15:09:47 [INFO]     -> 3 zone(s) for Bluefin Tuna  [seasonality: off-season  mult=0.45]
2026-06-06T15:09:47 [INFO]   Analyzing Mahi-Mahi ...
2026-06-06T15:09:47 [INFO]     872 / 1457 scored points above 0.54 threshold
2026-06-06T15:09:47 [INFO]     16 raw cluster(s) found
2026-06-06T15:09:47 [INFO]     Zone 1: habitat=0.751 × seasonal=1.00 → score=0.751  (peak)
2026-06-06T15:09:47 [INFO]     Zone 2: habitat=0.725 × seasonal=1.00 → score=0.725  (peak)
2026-06-06T15:09:47 [INFO]     Zone 3: habitat=0.652 × seasonal=1.00 → score=0.652  (peak)
2026-06-06T15:09:47 [INFO]     -> 3 zone(s) for Mahi-Mahi  [seasonality: peak  mult=1.00]
2026-06-06T15:09:47 [INFO]   Analyzing Wahoo ...
2026-06-06T15:09:47 [INFO]     750 / 993 scored points above 0.58 threshold
2026-06-06T15:09:47 [INFO]     21 raw cluster(s) found
2026-06-06T15:09:47 [INFO]     Zone 1: habitat=0.763 × seasonal=0.45 → score=0.343  (off-season)
2026-06-06T15:09:47 [INFO]     Zone 2: habitat=0.739 × seasonal=0.45 → score=0.333  (off-season)
2026-06-06T15:09:47 [INFO]     Zone 3: habitat=0.724 × seasonal=0.45 → score=0.326  (off-season)
2026-06-06T15:09:47 [INFO]     -> 3 zone(s) for Wahoo  [seasonality: off-season  mult=0.45]
2026-06-06T15:09:47 [INFO]   Analyzing King Mackerel ...
2026-06-06T15:09:47 [INFO]     563 / 803 scored points above 0.60 threshold
2026-06-06T15:09:47 [INFO]     35 raw cluster(s) found
2026-06-06T15:09:47 [INFO]     Zone 1: habitat=0.841 × seasonal=0.80 → score=0.673  (prime)
2026-06-06T15:09:47 [INFO]     Zone 2: habitat=0.805 × seasonal=0.80 → score=0.644  (prime)
2026-06-06T15:09:47 [INFO]     Zone 3: habitat=0.771 × seasonal=0.80 → score=0.617  (prime)
2026-06-06T15:09:47 [INFO]     -> 3 zone(s) for King Mackerel  [seasonality: prime  mult=0.80]
2026-06-06T15:09:47 [INFO]   Analyzing White Marlin ...
2026-06-06T15:09:47 [INFO]     312 / 318 scored points above 0.60 threshold
2026-06-06T15:09:47 [INFO]     7 raw cluster(s) found
2026-06-06T15:09:47 [INFO]     Zone 1: habitat=0.838 × seasonal=0.45 → score=0.377  (off-season)
2026-06-06T15:09:47 [INFO]     Zone 2: habitat=0.809 × seasonal=0.45 → score=0.364  (off-season)
2026-06-06T15:09:47 [INFO]     Zone 3: habitat=0.793 × seasonal=0.45 → score=0.357  (off-season)
2026-06-06T15:09:47 [INFO]     -> 3 zone(s) for White Marlin  [seasonality: off-season  mult=0.45]
2026-06-06T15:09:47 [INFO]   Analyzing Blue Marlin ...
2026-06-06T15:09:47 [INFO]     1570 / 1672 scored points above 0.58 threshold
2026-06-06T15:09:47 [INFO]     10 raw cluster(s) found
2026-06-06T15:09:47 [INFO]     Zone 1: habitat=0.868 × seasonal=0.80 → score=0.694  (prime)
2026-06-06T15:09:47 [INFO]     Zone 2: habitat=0.836 × seasonal=0.80 → score=0.669  (prime)
2026-06-06T15:09:47 [INFO]     Zone 3: habitat=0.827 × seasonal=0.80 → score=0.662  (prime)
2026-06-06T15:09:47 [INFO]     -> 3 zone(s) for Blue Marlin  [seasonality: prime  mult=0.80]
2026-06-06T15:09:47 [INFO] Purged old hotspot file: fishing_hotspots_2026-05-26.json
2026-06-06T15:09:47 [INFO] Purged old hotspot file: fishing_hotspots_2026-05-23.json
2026-06-06T15:09:47 [INFO] Purged old hotspot file: fishing_hotspots_2026-05-27.json
2026-06-06T15:09:47 [INFO] Purged old hotspot file: fishing_hotspots_2026-05-24.json
2026-06-06T15:09:47 [INFO] Purged old hotspot file: fishing_hotspots_2026-05-25.json
2026-06-06T15:09:47 [INFO] Purged old hotspot file: fishing_hotspots_2026-05-29.json
2026-06-06T15:09:47 [INFO] Purged old hotspot file: fishing_hotspots_2026-05-22.json
2026-06-06T15:09:47 [INFO] Purged old hotspot file: fishing_hotspots_2026-05-28.json
2026-06-06T15:09:47 [INFO] Wrote fishing_hotspots_2026-06-06.json  (19.5 KB)
2026-06-06T15:09:47 [INFO] === Done ===
