2026-07-01T19:25:00 [INFO] === FishingHotspotAnalyzer  date=2026-07-01  month=July ===
2026-07-01T19:25:00 [INFO] Species to analyze: ['yellowfin', 'bluefin', 'mahi', 'wahoo', 'kingfish', 'white_marlin', 'blue_marlin']
2026-07-01T19:25:00 [INFO] Composite loaded: 266 lat × 335 lon, coverage 60.8%
2026-07-01T19:25:01 [INFO] Composite loaded: 54197 points  step=0.0200°
2026-07-01T19:25:01 [INFO] Bathymetry grid loaded: 1273 × 1604 cells
2026-07-01T19:25:03 [INFO] Bathy lookup: 241969 entries
2026-07-01T19:25:03 [INFO] Loaded CHL from CHL_20260630.json  (23595 valid points, 1 days old)
2026-07-01T19:25:03 [INFO] Loaded kd490 from SEACOLOR_20260630.json  (2084 valid points, 1 days old)
2026-07-01T19:25:03 [INFO]   Analyzing Yellowfin Tuna ...
2026-07-01T19:25:03 [INFO]     1801 / 1871 scored points above 0.65 threshold
2026-07-01T19:25:03 [INFO]     32 raw cluster(s) found
2026-07-01T19:25:03 [INFO]     Zone 1: habitat=0.928 × seasonal=0.45 → score=0.418  (off-season)
2026-07-01T19:25:03 [INFO]     Zone 2: habitat=0.906 × seasonal=0.45 → score=0.408  (off-season)
2026-07-01T19:25:03 [INFO]     Zone 3: habitat=0.884 × seasonal=0.45 → score=0.398  (off-season)
2026-07-01T19:25:03 [INFO]     -> 3 zone(s) for Yellowfin Tuna  [seasonality: off-season  mult=0.45]
2026-07-01T19:25:03 [INFO]   Analyzing Bluefin Tuna ...
2026-07-01T19:25:03 [INFO]     0 / 0 scored points above 0.60 threshold
2026-07-01T19:25:03 [INFO]     0 raw cluster(s) found
2026-07-01T19:25:03 [INFO]     -> 0 zone(s) for Bluefin Tuna  [seasonality: off-season  mult=0.45]
2026-07-01T19:25:03 [INFO]   Analyzing Mahi-Mahi ...
2026-07-01T19:25:03 [INFO]     1250 / 1399 scored points above 0.54 threshold
2026-07-01T19:25:03 [INFO]     12 raw cluster(s) found
2026-07-01T19:25:03 [INFO]     Zone 1: habitat=0.820 × seasonal=1.00 → score=0.820  (peak)
2026-07-01T19:25:03 [INFO]     Zone 2: habitat=0.685 × seasonal=1.00 → score=0.685  (peak)
2026-07-01T19:25:03 [INFO]     Zone 3: habitat=0.583 × seasonal=1.00 → score=0.583  (peak)
2026-07-01T19:25:03 [INFO]     -> 3 zone(s) for Mahi-Mahi  [seasonality: peak  mult=1.00]
2026-07-01T19:25:03 [INFO]   Analyzing Wahoo ...
2026-07-01T19:25:04 [INFO]     4592 / 4671 scored points above 0.58 threshold
2026-07-01T19:25:04 [INFO]     73 raw cluster(s) found
2026-07-01T19:25:04 [INFO]     Zone 1: habitat=0.898 × seasonal=0.80 → score=0.718  (prime)
2026-07-01T19:25:04 [INFO]     Zone 2: habitat=0.893 × seasonal=0.80 → score=0.714  (prime)
2026-07-01T19:25:04 [INFO]     Zone 3: habitat=0.884 × seasonal=0.80 → score=0.707  (prime)
2026-07-01T19:25:04 [INFO]     -> 3 zone(s) for Wahoo  [seasonality: prime  mult=0.80]
2026-07-01T19:25:04 [INFO]   Analyzing King Mackerel ...
2026-07-01T19:25:04 [INFO]     477 / 1218 scored points above 0.60 threshold
2026-07-01T19:25:04 [INFO]     36 raw cluster(s) found
2026-07-01T19:25:04 [INFO]     Zone 1: habitat=0.792 × seasonal=0.80 → score=0.634  (prime)
2026-07-01T19:25:04 [INFO]     Zone 2: habitat=0.750 × seasonal=0.80 → score=0.600  (prime)
2026-07-01T19:25:04 [INFO]     Zone 3: habitat=0.750 × seasonal=0.80 → score=0.600  (prime)
2026-07-01T19:25:04 [INFO]     -> 3 zone(s) for King Mackerel  [seasonality: prime  mult=0.80]
2026-07-01T19:25:04 [INFO]   Analyzing White Marlin ...
2026-07-01T19:25:04 [INFO]     1089 / 1690 scored points above 0.60 threshold
2026-07-01T19:25:04 [INFO]     24 raw cluster(s) found
2026-07-01T19:25:04 [INFO]     Zone 1: habitat=0.850 × seasonal=0.80 → score=0.680  (prime)
2026-07-01T19:25:04 [INFO]     Zone 2: habitat=0.742 × seasonal=0.80 → score=0.594  (prime)
2026-07-01T19:25:04 [INFO]     Zone 3: habitat=0.731 × seasonal=0.80 → score=0.585  (prime)
2026-07-01T19:25:04 [INFO]     -> 3 zone(s) for White Marlin  [seasonality: prime  mult=0.80]
2026-07-01T19:25:04 [INFO]   Analyzing Blue Marlin ...
2026-07-01T19:25:04 [INFO]     3284 / 4297 scored points above 0.58 threshold
2026-07-01T19:25:04 [INFO]     22 raw cluster(s) found
2026-07-01T19:25:04 [INFO]     Zone 1: habitat=0.797 × seasonal=1.00 → score=0.797  (peak)
2026-07-01T19:25:04 [INFO]     Zone 2: habitat=0.795 × seasonal=1.00 → score=0.795  (peak)
2026-07-01T19:25:04 [INFO]     Zone 3: habitat=0.793 × seasonal=1.00 → score=0.793  (peak)
2026-07-01T19:25:04 [INFO]     -> 3 zone(s) for Blue Marlin  [seasonality: peak  mult=1.00]
2026-07-01T19:25:04 [INFO] Purged old hotspot file: fishing_hotspots_2026-05-25.json
2026-07-01T19:25:04 [INFO] Purged old hotspot file: fishing_hotspots_2026-06-09.json
2026-07-01T19:25:04 [INFO] Purged old hotspot file: fishing_hotspots_2026-06-21.json
2026-07-01T19:25:04 [INFO] Purged old hotspot file: fishing_hotspots_2026-06-10.json
2026-07-01T19:25:04 [INFO] Purged old hotspot file: fishing_hotspots_2026-06-05.json
2026-07-01T19:25:04 [INFO] Purged old hotspot file: fishing_hotspots_2026-06-08.json
2026-07-01T19:25:04 [INFO] Purged old hotspot file: fishing_hotspots_2026-06-04.json
2026-07-01T19:25:04 [INFO] Purged old hotspot file: fishing_hotspots_2026-06-02.json
2026-07-01T19:25:04 [INFO] Purged old hotspot file: fishing_hotspots_2026-06-23.json
2026-07-01T19:25:04 [INFO] Purged old hotspot file: fishing_hotspots_2026-06-07.json
2026-07-01T19:25:04 [INFO] Purged old hotspot file: fishing_hotspots_2026-06-20.json
2026-07-01T19:25:04 [INFO] Purged old hotspot file: fishing_hotspots_2026-06-18.json
2026-07-01T19:25:04 [INFO] Purged old hotspot file: fishing_hotspots_2026-06-06.json
2026-07-01T19:25:04 [INFO] Purged old hotspot file: fishing_hotspots_2026-06-14.json
2026-07-01T19:25:04 [INFO] Purged old hotspot file: fishing_hotspots_2026-05-28.json
2026-07-01T19:25:04 [INFO] Purged old hotspot file: fishing_hotspots_2026-05-23.json
2026-07-01T19:25:04 [INFO] Purged old hotspot file: fishing_hotspots_2026-06-15.json
2026-07-01T19:25:04 [INFO] Purged old hotspot file: fishing_hotspots_2026-06-17.json
2026-07-01T19:25:04 [INFO] Purged old hotspot file: fishing_hotspots_2026-05-30.json
2026-07-01T19:25:04 [INFO] Purged old hotspot file: fishing_hotspots_2026-05-31.json
2026-07-01T19:25:04 [INFO] Purged old hotspot file: fishing_hotspots_2026-06-11.json
2026-07-01T19:25:04 [INFO] Purged old hotspot file: fishing_hotspots_2026-05-24.json
2026-07-01T19:25:04 [INFO] Purged old hotspot file: fishing_hotspots_2026-05-29.json
2026-07-01T19:25:04 [INFO] Purged old hotspot file: fishing_hotspots_2026-05-22.json
2026-07-01T19:25:04 [INFO] Purged old hotspot file: fishing_hotspots_2026-05-27.json
2026-07-01T19:25:04 [INFO] Purged old hotspot file: fishing_hotspots_2026-06-16.json
2026-07-01T19:25:04 [INFO] Purged old hotspot file: fishing_hotspots_2026-06-03.json
2026-07-01T19:25:04 [INFO] Purged old hotspot file: fishing_hotspots_2026-06-12.json
2026-07-01T19:25:04 [INFO] Purged old hotspot file: fishing_hotspots_2026-06-13.json
2026-07-01T19:25:04 [INFO] Purged old hotspot file: fishing_hotspots_2026-05-26.json
2026-07-01T19:25:04 [INFO] Purged old hotspot file: fishing_hotspots_2026-06-01.json
2026-07-01T19:25:04 [INFO] Purged old hotspot file: fishing_hotspots_2026-06-19.json
2026-07-01T19:25:04 [INFO] Purged old hotspot file: fishing_hotspots_2026-06-22.json
2026-07-01T19:25:04 [INFO] Wrote fishing_hotspots_2026-07-01.json  (17.3 KB)
2026-07-01T19:25:04 [INFO] === Done ===
