2026-06-09T09:59:55 [INFO] === FishingHotspotAnalyzer  date=2026-06-09  month=June ===
2026-06-09T09:59:55 [INFO] Species to analyze: ['yellowfin', 'bluefin', 'mahi', 'wahoo', 'kingfish', 'white_marlin', 'blue_marlin']
2026-06-09T09:59:55 [INFO] Composite loaded: 266 lat × 335 lon, coverage 57.6%
2026-06-09T09:59:55 [INFO] Composite loaded: 51296 points  step=0.0200°
2026-06-09T09:59:55 [INFO] Bathymetry grid loaded: 1273 × 1604 cells
2026-06-09T09:59:58 [INFO] Bathy lookup: 241969 entries
2026-06-09T09:59:58 [INFO] Loaded CHL from CHL_20260607.json  (19710 valid points, 2 days old)
2026-06-09T09:59:58 [INFO] Loaded kd490 from SEACOLOR_20260607.json  (582 valid points, 2 days old)
2026-06-09T09:59:58 [INFO]   Analyzing Yellowfin Tuna ...
2026-06-09T09:59:58 [INFO]     87 / 169 scored points above 0.65 threshold
2026-06-09T09:59:58 [INFO]     8 raw cluster(s) found
2026-06-09T09:59:58 [INFO]     Zone 1: habitat=0.751 × seasonal=0.80 → score=0.601  (prime)
2026-06-09T09:59:58 [INFO]     Zone 2: habitat=0.705 × seasonal=0.80 → score=0.564  (prime)
2026-06-09T09:59:58 [INFO]     -> 2 zone(s) for Yellowfin Tuna  [seasonality: prime  mult=0.80]
2026-06-09T09:59:58 [INFO]   Analyzing Bluefin Tuna ...
2026-06-09T09:59:58 [INFO]     904 / 915 scored points above 0.60 threshold
2026-06-09T09:59:58 [INFO]     11 raw cluster(s) found
2026-06-09T09:59:58 [INFO]     Zone 1: habitat=0.873 × seasonal=0.45 → score=0.393  (off-season)
2026-06-09T09:59:58 [INFO]     Zone 2: habitat=0.858 × seasonal=0.45 → score=0.386  (off-season)
2026-06-09T09:59:58 [INFO]     Zone 3: habitat=0.851 × seasonal=0.45 → score=0.383  (off-season)
2026-06-09T09:59:58 [INFO]     -> 3 zone(s) for Bluefin Tuna  [seasonality: off-season  mult=0.45]
2026-06-09T09:59:58 [INFO]   Analyzing Mahi-Mahi ...
2026-06-09T09:59:58 [INFO]     569 / 1167 scored points above 0.54 threshold
2026-06-09T09:59:58 [INFO]     13 raw cluster(s) found
2026-06-09T09:59:58 [INFO]     Zone 1: habitat=0.670 × seasonal=1.00 → score=0.670  (peak)
2026-06-09T09:59:58 [INFO]     Zone 2: habitat=0.643 × seasonal=1.00 → score=0.643  (peak)
2026-06-09T09:59:58 [INFO]     Zone 3: habitat=0.624 × seasonal=1.00 → score=0.624  (peak)
2026-06-09T09:59:58 [INFO]     -> 3 zone(s) for Mahi-Mahi  [seasonality: peak  mult=1.00]
2026-06-09T09:59:58 [INFO]   Analyzing Wahoo ...
2026-06-09T09:59:58 [INFO]     911 / 1083 scored points above 0.58 threshold
2026-06-09T09:59:58 [INFO]     19 raw cluster(s) found
2026-06-09T09:59:58 [INFO]     Zone 1: habitat=0.791 × seasonal=0.45 → score=0.356  (off-season)
2026-06-09T09:59:58 [INFO]     Zone 2: habitat=0.785 × seasonal=0.45 → score=0.353  (off-season)
2026-06-09T09:59:58 [INFO]     Zone 3: habitat=0.779 × seasonal=0.45 → score=0.351  (off-season)
2026-06-09T09:59:58 [INFO]     -> 3 zone(s) for Wahoo  [seasonality: off-season  mult=0.45]
2026-06-09T09:59:58 [INFO]   Analyzing King Mackerel ...
2026-06-09T09:59:58 [INFO]     1036 / 1230 scored points above 0.60 threshold
2026-06-09T09:59:58 [INFO]     31 raw cluster(s) found
2026-06-09T09:59:58 [INFO]     Zone 1: habitat=0.890 × seasonal=0.80 → score=0.712  (prime)
2026-06-09T09:59:58 [INFO]     Zone 2: habitat=0.845 × seasonal=0.80 → score=0.676  (prime)
2026-06-09T09:59:58 [INFO]     Zone 3: habitat=0.831 × seasonal=0.80 → score=0.665  (prime)
2026-06-09T09:59:58 [INFO]     -> 3 zone(s) for King Mackerel  [seasonality: prime  mult=0.80]
2026-06-09T09:59:58 [INFO]   Analyzing White Marlin ...
2026-06-09T09:59:58 [INFO]     314 / 332 scored points above 0.60 threshold
2026-06-09T09:59:58 [INFO]     7 raw cluster(s) found
2026-06-09T09:59:58 [INFO]     Zone 1: habitat=0.841 × seasonal=0.45 → score=0.378  (off-season)
2026-06-09T09:59:58 [INFO]     Zone 2: habitat=0.837 × seasonal=0.45 → score=0.377  (off-season)
2026-06-09T09:59:58 [INFO]     Zone 3: habitat=0.784 × seasonal=0.45 → score=0.353  (off-season)
2026-06-09T09:59:58 [INFO]     -> 3 zone(s) for White Marlin  [seasonality: off-season  mult=0.45]
2026-06-09T09:59:58 [INFO]   Analyzing Blue Marlin ...
2026-06-09T09:59:58 [INFO]     1239 / 1344 scored points above 0.58 threshold
2026-06-09T09:59:58 [INFO]     11 raw cluster(s) found
2026-06-09T09:59:59 [INFO]     Zone 1: habitat=0.841 × seasonal=0.80 → score=0.673  (prime)
2026-06-09T09:59:59 [INFO]     Zone 2: habitat=0.792 × seasonal=0.80 → score=0.634  (prime)
2026-06-09T09:59:59 [INFO]     Zone 3: habitat=0.754 × seasonal=0.80 → score=0.603  (prime)
2026-06-09T09:59:59 [INFO]     -> 3 zone(s) for Blue Marlin  [seasonality: prime  mult=0.80]
2026-06-09T09:59:59 [INFO] Purged old hotspot file: fishing_hotspots_2026-05-31.json
2026-06-09T09:59:59 [INFO] Purged old hotspot file: fishing_hotspots_2026-05-26.json
2026-06-09T09:59:59 [INFO] Purged old hotspot file: fishing_hotspots_2026-05-23.json
2026-06-09T09:59:59 [INFO] Purged old hotspot file: fishing_hotspots_2026-05-27.json
2026-06-09T09:59:59 [INFO] Purged old hotspot file: fishing_hotspots_2026-05-24.json
2026-06-09T09:59:59 [INFO] Purged old hotspot file: fishing_hotspots_2026-05-25.json
2026-06-09T09:59:59 [INFO] Purged old hotspot file: fishing_hotspots_2026-06-01.json
2026-06-09T09:59:59 [INFO] Purged old hotspot file: fishing_hotspots_2026-05-30.json
2026-06-09T09:59:59 [INFO] Purged old hotspot file: fishing_hotspots_2026-05-29.json
2026-06-09T09:59:59 [INFO] Purged old hotspot file: fishing_hotspots_2026-05-22.json
2026-06-09T09:59:59 [INFO] Purged old hotspot file: fishing_hotspots_2026-05-28.json
2026-06-09T09:59:59 [INFO] Wrote fishing_hotspots_2026-06-09.json  (19.5 KB)
2026-06-09T09:59:59 [INFO] === Done ===
