2026-07-03T13:17:16 [INFO] === FishingHotspotAnalyzer  date=2026-07-03  month=July ===
2026-07-03T13:17:16 [INFO] Species to analyze: ['yellowfin', 'bluefin', 'mahi', 'wahoo', 'kingfish', 'white_marlin', 'blue_marlin']
2026-07-03T13:17:16 [INFO] Composite loaded: 266 lat × 335 lon, coverage 58.5%
2026-07-03T13:17:17 [INFO] Composite loaded: 52173 points  step=0.0200°
2026-07-03T13:17:17 [INFO] Bathymetry grid loaded: 1273 × 1604 cells
2026-07-03T13:17:19 [INFO] Bathy lookup: 218662 entries
2026-07-03T13:17:19 [INFO] Loaded CHL from CHL_20260701.json  (25629 valid points, 2 days old)
2026-07-03T13:17:19 [INFO] Loaded kd490 from SEACOLOR_20260701.json  (2382 valid points, 2 days old)
2026-07-03T13:17:19 [INFO]   Analyzing Yellowfin Tuna ...
2026-07-03T13:17:19 [INFO]     1831 / 1912 scored points above 0.65 threshold
2026-07-03T13:17:19 [INFO]     27 raw cluster(s) found
2026-07-03T13:17:20 [INFO]     Zone 1: habitat=0.938 × seasonal=0.45 → score=0.422  (off-season)
2026-07-03T13:17:20 [INFO]     Zone 2: habitat=0.915 × seasonal=0.45 → score=0.412  (off-season)
2026-07-03T13:17:20 [INFO]     Zone 3: habitat=0.900 × seasonal=0.45 → score=0.405  (off-season)
2026-07-03T13:17:20 [INFO]     -> 3 zone(s) for Yellowfin Tuna  [seasonality: off-season  mult=0.45]
2026-07-03T13:17:20 [INFO]   Analyzing Bluefin Tuna ...
2026-07-03T13:17:20 [INFO]     0 / 0 scored points above 0.60 threshold
2026-07-03T13:17:20 [INFO]     0 raw cluster(s) found
2026-07-03T13:17:20 [INFO]     -> 0 zone(s) for Bluefin Tuna  [seasonality: off-season  mult=0.45]
2026-07-03T13:17:20 [INFO]   Analyzing Mahi-Mahi ...
2026-07-03T13:17:20 [INFO]     1311 / 1365 scored points above 0.54 threshold
2026-07-03T13:17:20 [INFO]     16 raw cluster(s) found
2026-07-03T13:17:20 [INFO]     Zone 1: habitat=0.859 × seasonal=1.00 → score=0.859  (peak)
2026-07-03T13:17:20 [INFO]     Zone 2: habitat=0.859 × seasonal=1.00 → score=0.859  (peak)
2026-07-03T13:17:20 [INFO]     Zone 3: habitat=0.614 × seasonal=1.00 → score=0.614  (peak)
2026-07-03T13:17:20 [INFO]     -> 3 zone(s) for Mahi-Mahi  [seasonality: peak  mult=1.00]
2026-07-03T13:17:20 [INFO]   Analyzing Wahoo ...
2026-07-03T13:17:20 [INFO]     4333 / 4381 scored points above 0.58 threshold
2026-07-03T13:17:20 [INFO]     70 raw cluster(s) found
2026-07-03T13:17:20 [INFO]     Zone 1: habitat=0.943 × seasonal=0.80 → score=0.754  (prime)
2026-07-03T13:17:20 [INFO]     Zone 2: habitat=0.942 × seasonal=0.80 → score=0.754  (prime)
2026-07-03T13:17:20 [INFO]     Zone 3: habitat=0.941 × seasonal=0.80 → score=0.753  (prime)
2026-07-03T13:17:20 [INFO]     -> 3 zone(s) for Wahoo  [seasonality: prime  mult=0.80]
2026-07-03T13:17:20 [INFO]   Analyzing King Mackerel ...
2026-07-03T13:17:20 [INFO]     6 / 11 scored points above 0.60 threshold
2026-07-03T13:17:20 [INFO]     1 raw cluster(s) found
2026-07-03T13:17:20 [INFO]     -> 0 zone(s) for King Mackerel  [seasonality: prime  mult=0.80]
2026-07-03T13:17:20 [INFO]   Analyzing White Marlin ...
2026-07-03T13:17:20 [INFO]     2028 / 2151 scored points above 0.60 threshold
2026-07-03T13:17:20 [INFO]     33 raw cluster(s) found
2026-07-03T13:17:20 [INFO]     Zone 1: habitat=0.821 × seasonal=0.80 → score=0.657  (prime)
2026-07-03T13:17:20 [INFO]     Zone 2: habitat=0.801 × seasonal=0.80 → score=0.641  (prime)
2026-07-03T13:17:20 [INFO]     Zone 3: habitat=0.783 × seasonal=0.80 → score=0.626  (prime)
2026-07-03T13:17:20 [INFO]     -> 3 zone(s) for White Marlin  [seasonality: prime  mult=0.80]
2026-07-03T13:17:20 [INFO]   Analyzing Blue Marlin ...
2026-07-03T13:17:20 [INFO]     3937 / 4210 scored points above 0.58 threshold
2026-07-03T13:17:20 [INFO]     31 raw cluster(s) found
2026-07-03T13:17:20 [INFO]     Zone 1: habitat=0.862 × seasonal=1.00 → score=0.862  (peak)
2026-07-03T13:17:20 [INFO]     Zone 2: habitat=0.852 × seasonal=1.00 → score=0.852  (peak)
2026-07-03T13:17:20 [INFO]     Zone 3: habitat=0.846 × seasonal=1.00 → score=0.846  (peak)
2026-07-03T13:17:20 [INFO]     -> 3 zone(s) for Blue Marlin  [seasonality: peak  mult=1.00]
2026-07-03T13:17:20 [INFO] Purged old hotspot file: fishing_hotspots_2026-05-25.json
2026-07-03T13:17:20 [INFO] Purged old hotspot file: fishing_hotspots_2026-06-09.json
2026-07-03T13:17:20 [INFO] Purged old hotspot file: fishing_hotspots_2026-06-21.json
2026-07-03T13:17:20 [INFO] Purged old hotspot file: fishing_hotspots_2026-06-10.json
2026-07-03T13:17:20 [INFO] Purged old hotspot file: fishing_hotspots_2026-06-05.json
2026-07-03T13:17:20 [INFO] Purged old hotspot file: fishing_hotspots_2026-06-08.json
2026-07-03T13:17:20 [INFO] Purged old hotspot file: fishing_hotspots_2026-06-04.json
2026-07-03T13:17:20 [INFO] Purged old hotspot file: fishing_hotspots_2026-06-24.json
2026-07-03T13:17:20 [INFO] Purged old hotspot file: fishing_hotspots_2026-06-02.json
2026-07-03T13:17:20 [INFO] Purged old hotspot file: fishing_hotspots_2026-06-23.json
2026-07-03T13:17:20 [INFO] Purged old hotspot file: fishing_hotspots_2026-06-07.json
2026-07-03T13:17:20 [INFO] Purged old hotspot file: fishing_hotspots_2026-06-20.json
2026-07-03T13:17:20 [INFO] Purged old hotspot file: fishing_hotspots_2026-06-18.json
2026-07-03T13:17:20 [INFO] Purged old hotspot file: fishing_hotspots_2026-06-06.json
2026-07-03T13:17:20 [INFO] Purged old hotspot file: fishing_hotspots_2026-06-14.json
2026-07-03T13:17:20 [INFO] Purged old hotspot file: fishing_hotspots_2026-05-28.json
2026-07-03T13:17:20 [INFO] Purged old hotspot file: fishing_hotspots_2026-05-23.json
2026-07-03T13:17:20 [INFO] Purged old hotspot file: fishing_hotspots_2026-06-15.json
2026-07-03T13:17:20 [INFO] Purged old hotspot file: fishing_hotspots_2026-06-17.json
2026-07-03T13:17:20 [INFO] Purged old hotspot file: fishing_hotspots_2026-05-30.json
2026-07-03T13:17:20 [INFO] Purged old hotspot file: fishing_hotspots_2026-05-31.json
2026-07-03T13:17:20 [INFO] Purged old hotspot file: fishing_hotspots_2026-06-11.json
2026-07-03T13:17:20 [INFO] Purged old hotspot file: fishing_hotspots_2026-05-24.json
2026-07-03T13:17:20 [INFO] Purged old hotspot file: fishing_hotspots_2026-05-29.json
2026-07-03T13:17:20 [INFO] Purged old hotspot file: fishing_hotspots_2026-05-22.json
2026-07-03T13:17:20 [INFO] Purged old hotspot file: fishing_hotspots_2026-05-27.json
2026-07-03T13:17:20 [INFO] Purged old hotspot file: fishing_hotspots_2026-06-16.json
2026-07-03T13:17:20 [INFO] Purged old hotspot file: fishing_hotspots_2026-06-03.json
2026-07-03T13:17:20 [INFO] Purged old hotspot file: fishing_hotspots_2026-06-12.json
2026-07-03T13:17:20 [INFO] Purged old hotspot file: fishing_hotspots_2026-06-13.json
2026-07-03T13:17:20 [INFO] Purged old hotspot file: fishing_hotspots_2026-05-26.json
2026-07-03T13:17:20 [INFO] Purged old hotspot file: fishing_hotspots_2026-06-25.json
2026-07-03T13:17:20 [INFO] Purged old hotspot file: fishing_hotspots_2026-06-01.json
2026-07-03T13:17:20 [INFO] Purged old hotspot file: fishing_hotspots_2026-06-19.json
2026-07-03T13:17:20 [INFO] Purged old hotspot file: fishing_hotspots_2026-06-22.json
2026-07-03T13:17:20 [INFO] Wrote fishing_hotspots_2026-07-03.json  (14.6 KB)
2026-07-03T13:17:20 [INFO] === Done ===
