2026-07-04T20:24:24 [INFO] === FishingHotspotAnalyzer  date=2026-07-04  month=July ===
2026-07-04T20:24:24 [INFO] Species to analyze: ['yellowfin', 'bluefin', 'mahi', 'wahoo', 'kingfish', 'white_marlin', 'blue_marlin']
2026-07-04T20:24:24 [INFO] Composite loaded: 266 lat × 335 lon, coverage 57.1%
2026-07-04T20:24:25 [INFO] Composite loaded: 50884 points  step=0.0200°
2026-07-04T20:24:25 [INFO] Bathymetry grid loaded: 1273 × 1604 cells
2026-07-04T20:24:27 [INFO] Bathy lookup: 218662 entries
2026-07-04T20:24:27 [INFO] Loaded CHL from CHL_20260703.json  (32382 valid points, 1 days old)
2026-07-04T20:24:27 [INFO] Loaded kd490 from SEACOLOR_20260703.json  (2413 valid points, 1 days old)
2026-07-04T20:24:27 [INFO]   Analyzing Yellowfin Tuna ...
2026-07-04T20:24:27 [INFO]     1483 / 1791 scored points above 0.65 threshold
2026-07-04T20:24:27 [INFO]     24 raw cluster(s) found
2026-07-04T20:24:28 [INFO]     Zone 1: habitat=0.978 × seasonal=0.45 → score=0.440  (off-season)
2026-07-04T20:24:28 [INFO]     Zone 2: habitat=0.950 × seasonal=0.45 → score=0.427  (off-season)
2026-07-04T20:24:28 [INFO]     Zone 3: habitat=0.907 × seasonal=0.45 → score=0.408  (off-season)
2026-07-04T20:24:28 [INFO]     -> 3 zone(s) for Yellowfin Tuna  [seasonality: off-season  mult=0.45]
2026-07-04T20:24:28 [INFO]   Analyzing Bluefin Tuna ...
2026-07-04T20:24:28 [INFO]     0 / 0 scored points above 0.60 threshold
2026-07-04T20:24:28 [INFO]     0 raw cluster(s) found
2026-07-04T20:24:28 [INFO]     -> 0 zone(s) for Bluefin Tuna  [seasonality: off-season  mult=0.45]
2026-07-04T20:24:28 [INFO]   Analyzing Mahi-Mahi ...
2026-07-04T20:24:28 [INFO]     1589 / 1645 scored points above 0.54 threshold
2026-07-04T20:24:28 [INFO]     21 raw cluster(s) found
2026-07-04T20:24:28 [INFO]     Zone 1: habitat=0.865 × seasonal=1.00 → score=0.865  (peak)
2026-07-04T20:24:28 [INFO]     Zone 2: habitat=0.827 × seasonal=1.00 → score=0.827  (peak)
2026-07-04T20:24:28 [INFO]     Zone 3: habitat=0.756 × seasonal=1.00 → score=0.756  (peak)
2026-07-04T20:24:28 [INFO]     -> 3 zone(s) for Mahi-Mahi  [seasonality: peak  mult=1.00]
2026-07-04T20:24:28 [INFO]   Analyzing Wahoo ...
2026-07-04T20:24:28 [INFO]     3353 / 3450 scored points above 0.58 threshold
2026-07-04T20:24:28 [INFO]     61 raw cluster(s) found
2026-07-04T20:24:28 [INFO]     Zone 1: habitat=0.953 × seasonal=0.80 → score=0.762  (prime)
2026-07-04T20:24:28 [INFO]     Zone 2: habitat=0.945 × seasonal=0.80 → score=0.756  (prime)
2026-07-04T20:24:28 [INFO]     Zone 3: habitat=0.930 × seasonal=0.80 → score=0.744  (prime)
2026-07-04T20:24:28 [INFO]     -> 3 zone(s) for Wahoo  [seasonality: prime  mult=0.80]
2026-07-04T20:24:28 [INFO]   Analyzing King Mackerel ...
2026-07-04T20:24:28 [INFO]     5 / 39 scored points above 0.60 threshold
2026-07-04T20:24:28 [INFO]     4 raw cluster(s) found
2026-07-04T20:24:28 [INFO]     -> 0 zone(s) for King Mackerel  [seasonality: prime  mult=0.80]
2026-07-04T20:24:28 [INFO]   Analyzing White Marlin ...
2026-07-04T20:24:28 [INFO]     1875 / 2028 scored points above 0.60 threshold
2026-07-04T20:24:28 [INFO]     22 raw cluster(s) found
2026-07-04T20:24:28 [INFO]     Zone 1: habitat=0.880 × seasonal=0.80 → score=0.704  (prime)
2026-07-04T20:24:28 [INFO]     Zone 2: habitat=0.878 × seasonal=0.80 → score=0.702  (prime)
2026-07-04T20:24:28 [INFO]     Zone 3: habitat=0.854 × seasonal=0.80 → score=0.683  (prime)
2026-07-04T20:24:28 [INFO]     -> 3 zone(s) for White Marlin  [seasonality: prime  mult=0.80]
2026-07-04T20:24:28 [INFO]   Analyzing Blue Marlin ...
2026-07-04T20:24:28 [INFO]     3988 / 4271 scored points above 0.58 threshold
2026-07-04T20:24:28 [INFO]     30 raw cluster(s) found
2026-07-04T20:24:28 [INFO]     Zone 1: habitat=0.907 × seasonal=1.00 → score=0.907  (peak)
2026-07-04T20:24:28 [INFO]     Zone 2: habitat=0.885 × seasonal=1.00 → score=0.885  (peak)
2026-07-04T20:24:28 [INFO]     Zone 3: habitat=0.815 × seasonal=1.00 → score=0.815  (peak)
2026-07-04T20:24:28 [INFO]     -> 3 zone(s) for Blue Marlin  [seasonality: peak  mult=1.00]
2026-07-04T20:24:28 [INFO] Purged old hotspot file: fishing_hotspots_2026-05-25.json
2026-07-04T20:24:28 [INFO] Purged old hotspot file: fishing_hotspots_2026-06-09.json
2026-07-04T20:24:28 [INFO] Purged old hotspot file: fishing_hotspots_2026-06-21.json
2026-07-04T20:24:28 [INFO] Purged old hotspot file: fishing_hotspots_2026-06-10.json
2026-07-04T20:24:28 [INFO] Purged old hotspot file: fishing_hotspots_2026-06-05.json
2026-07-04T20:24:28 [INFO] Purged old hotspot file: fishing_hotspots_2026-06-08.json
2026-07-04T20:24:28 [INFO] Purged old hotspot file: fishing_hotspots_2026-06-04.json
2026-07-04T20:24:28 [INFO] Purged old hotspot file: fishing_hotspots_2026-06-24.json
2026-07-04T20:24:28 [INFO] Purged old hotspot file: fishing_hotspots_2026-06-02.json
2026-07-04T20:24:28 [INFO] Purged old hotspot file: fishing_hotspots_2026-06-23.json
2026-07-04T20:24:28 [INFO] Purged old hotspot file: fishing_hotspots_2026-06-07.json
2026-07-04T20:24:28 [INFO] Purged old hotspot file: fishing_hotspots_2026-06-20.json
2026-07-04T20:24:28 [INFO] Purged old hotspot file: fishing_hotspots_2026-06-18.json
2026-07-04T20:24:28 [INFO] Purged old hotspot file: fishing_hotspots_2026-06-06.json
2026-07-04T20:24:28 [INFO] Purged old hotspot file: fishing_hotspots_2026-06-14.json
2026-07-04T20:24:28 [INFO] Purged old hotspot file: fishing_hotspots_2026-05-28.json
2026-07-04T20:24:28 [INFO] Purged old hotspot file: fishing_hotspots_2026-05-23.json
2026-07-04T20:24:28 [INFO] Purged old hotspot file: fishing_hotspots_2026-06-15.json
2026-07-04T20:24:28 [INFO] Purged old hotspot file: fishing_hotspots_2026-06-17.json
2026-07-04T20:24:28 [INFO] Purged old hotspot file: fishing_hotspots_2026-05-30.json
2026-07-04T20:24:28 [INFO] Purged old hotspot file: fishing_hotspots_2026-05-31.json
2026-07-04T20:24:28 [INFO] Purged old hotspot file: fishing_hotspots_2026-06-11.json
2026-07-04T20:24:28 [INFO] Purged old hotspot file: fishing_hotspots_2026-06-26.json
2026-07-04T20:24:28 [INFO] Purged old hotspot file: fishing_hotspots_2026-05-24.json
2026-07-04T20:24:28 [INFO] Purged old hotspot file: fishing_hotspots_2026-05-29.json
2026-07-04T20:24:28 [INFO] Purged old hotspot file: fishing_hotspots_2026-05-22.json
2026-07-04T20:24:28 [INFO] Purged old hotspot file: fishing_hotspots_2026-05-27.json
2026-07-04T20:24:28 [INFO] Purged old hotspot file: fishing_hotspots_2026-06-16.json
2026-07-04T20:24:28 [INFO] Purged old hotspot file: fishing_hotspots_2026-06-03.json
2026-07-04T20:24:28 [INFO] Purged old hotspot file: fishing_hotspots_2026-06-12.json
2026-07-04T20:24:28 [INFO] Purged old hotspot file: fishing_hotspots_2026-06-13.json
2026-07-04T20:24:28 [INFO] Purged old hotspot file: fishing_hotspots_2026-05-26.json
2026-07-04T20:24:28 [INFO] Purged old hotspot file: fishing_hotspots_2026-06-25.json
2026-07-04T20:24:28 [INFO] Purged old hotspot file: fishing_hotspots_2026-06-01.json
2026-07-04T20:24:28 [INFO] Purged old hotspot file: fishing_hotspots_2026-06-19.json
2026-07-04T20:24:28 [INFO] Purged old hotspot file: fishing_hotspots_2026-06-22.json
2026-07-04T20:24:28 [INFO] Wrote fishing_hotspots_2026-07-04.json  (14.5 KB)
2026-07-04T20:24:28 [INFO] === Done ===
