2026-06-07T05:31:20 [INFO] === FishingHotspotAnalyzer  date=2026-06-07  month=June ===
2026-06-07T05:31:20 [INFO] Species to analyze: ['yellowfin', 'bluefin', 'mahi', 'wahoo', 'kingfish', 'white_marlin', 'blue_marlin']
2026-06-07T05:31:20 [INFO] Composite loaded: 266 lat × 335 lon, coverage 53.1%
2026-06-07T05:31:20 [INFO] Composite loaded: 47341 points  step=0.0200°
2026-06-07T05:31:20 [INFO] Bathymetry grid loaded: 1273 × 1604 cells
2026-06-07T05:31:22 [INFO] Bathy lookup: 241969 entries
2026-06-07T05:31:22 [INFO] Loaded CHL from CHL_20260603.json  (29289 valid points, 4 days old)
2026-06-07T05:31:22 [INFO] Loaded kd490 from SEACOLOR_20260604.json  (702 valid points, 3 days old)
2026-06-07T05:31:22 [INFO]   Analyzing Yellowfin Tuna ...
2026-06-07T05:31:22 [INFO]     54 / 130 scored points above 0.65 threshold
2026-06-07T05:31:22 [INFO]     10 raw cluster(s) found
2026-06-07T05:31:23 [INFO]     Zone 1: habitat=0.796 × seasonal=0.80 → score=0.637  (prime)
2026-06-07T05:31:23 [INFO]     Zone 2: habitat=0.779 × seasonal=0.80 → score=0.623  (prime)
2026-06-07T05:31:23 [INFO]     Zone 3: habitat=0.768 × seasonal=0.80 → score=0.614  (prime)
2026-06-07T05:31:23 [INFO]     -> 3 zone(s) for Yellowfin Tuna  [seasonality: prime  mult=0.80]
2026-06-07T05:31:23 [INFO]   Analyzing Bluefin Tuna ...
2026-06-07T05:31:23 [INFO]     853 / 864 scored points above 0.60 threshold
2026-06-07T05:31:23 [INFO]     11 raw cluster(s) found
2026-06-07T05:31:23 [INFO]     Zone 1: habitat=0.909 × seasonal=0.45 → score=0.409  (off-season)
2026-06-07T05:31:23 [INFO]     Zone 2: habitat=0.907 × seasonal=0.45 → score=0.408  (off-season)
2026-06-07T05:31:23 [INFO]     Zone 3: habitat=0.906 × seasonal=0.45 → score=0.408  (off-season)
2026-06-07T05:31:23 [INFO]     -> 3 zone(s) for Bluefin Tuna  [seasonality: off-season  mult=0.45]
2026-06-07T05:31:23 [INFO]   Analyzing Mahi-Mahi ...
2026-06-07T05:31:23 [INFO]     881 / 1448 scored points above 0.54 threshold
2026-06-07T05:31:23 [INFO]     15 raw cluster(s) found
2026-06-07T05:31:23 [INFO]     Zone 1: habitat=0.747 × seasonal=1.00 → score=0.747  (peak)
2026-06-07T05:31:23 [INFO]     Zone 2: habitat=0.721 × seasonal=1.00 → score=0.721  (peak)
2026-06-07T05:31:23 [INFO]     Zone 3: habitat=0.652 × seasonal=1.00 → score=0.652  (peak)
2026-06-07T05:31:23 [INFO]     -> 3 zone(s) for Mahi-Mahi  [seasonality: peak  mult=1.00]
2026-06-07T05:31:23 [INFO]   Analyzing Wahoo ...
2026-06-07T05:31:23 [INFO]     739 / 976 scored points above 0.58 threshold
2026-06-07T05:31:23 [INFO]     19 raw cluster(s) found
2026-06-07T05:31:23 [INFO]     Zone 1: habitat=0.763 × seasonal=0.45 → score=0.343  (off-season)
2026-06-07T05:31:23 [INFO]     Zone 2: habitat=0.740 × seasonal=0.45 → score=0.333  (off-season)
2026-06-07T05:31:23 [INFO]     Zone 3: habitat=0.737 × seasonal=0.45 → score=0.332  (off-season)
2026-06-07T05:31:23 [INFO]     -> 3 zone(s) for Wahoo  [seasonality: off-season  mult=0.45]
2026-06-07T05:31:23 [INFO]   Analyzing King Mackerel ...
2026-06-07T05:31:23 [INFO]     891 / 1276 scored points above 0.60 threshold
2026-06-07T05:31:23 [INFO]     45 raw cluster(s) found
2026-06-07T05:31:23 [INFO]     Zone 1: habitat=0.828 × seasonal=0.80 → score=0.662  (prime)
2026-06-07T05:31:23 [INFO]     Zone 2: habitat=0.826 × seasonal=0.80 → score=0.661  (prime)
2026-06-07T05:31:23 [INFO]     Zone 3: habitat=0.822 × seasonal=0.80 → score=0.658  (prime)
2026-06-07T05:31:23 [INFO]     -> 3 zone(s) for King Mackerel  [seasonality: prime  mult=0.80]
2026-06-07T05:31:23 [INFO]   Analyzing White Marlin ...
2026-06-07T05:31:23 [INFO]     310 / 316 scored points above 0.60 threshold
2026-06-07T05:31:23 [INFO]     7 raw cluster(s) found
2026-06-07T05:31:23 [INFO]     Zone 1: habitat=0.838 × seasonal=0.45 → score=0.377  (off-season)
2026-06-07T05:31:23 [INFO]     Zone 2: habitat=0.813 × seasonal=0.45 → score=0.366  (off-season)
2026-06-07T05:31:23 [INFO]     Zone 3: habitat=0.802 × seasonal=0.45 → score=0.361  (off-season)
2026-06-07T05:31:23 [INFO]     -> 3 zone(s) for White Marlin  [seasonality: off-season  mult=0.45]
2026-06-07T05:31:23 [INFO]   Analyzing Blue Marlin ...
2026-06-07T05:31:23 [INFO]     1530 / 1628 scored points above 0.58 threshold
2026-06-07T05:31:23 [INFO]     10 raw cluster(s) found
2026-06-07T05:31:23 [INFO]     Zone 1: habitat=0.868 × seasonal=0.80 → score=0.694  (prime)
2026-06-07T05:31:23 [INFO]     Zone 2: habitat=0.839 × seasonal=0.80 → score=0.671  (prime)
2026-06-07T05:31:23 [INFO]     Zone 3: habitat=0.818 × seasonal=0.80 → score=0.654  (prime)
2026-06-07T05:31:23 [INFO]     -> 3 zone(s) for Blue Marlin  [seasonality: prime  mult=0.80]
2026-06-07T05:31:23 [INFO] Purged old hotspot file: fishing_hotspots_2026-05-26.json
2026-06-07T05:31:23 [INFO] Purged old hotspot file: fishing_hotspots_2026-05-23.json
2026-06-07T05:31:23 [INFO] Purged old hotspot file: fishing_hotspots_2026-05-27.json
2026-06-07T05:31:23 [INFO] Purged old hotspot file: fishing_hotspots_2026-05-24.json
2026-06-07T05:31:23 [INFO] Purged old hotspot file: fishing_hotspots_2026-05-25.json
2026-06-07T05:31:23 [INFO] Purged old hotspot file: fishing_hotspots_2026-05-30.json
2026-06-07T05:31:23 [INFO] Purged old hotspot file: fishing_hotspots_2026-05-29.json
2026-06-07T05:31:23 [INFO] Purged old hotspot file: fishing_hotspots_2026-05-22.json
2026-06-07T05:31:23 [INFO] Purged old hotspot file: fishing_hotspots_2026-05-28.json
2026-06-07T05:31:23 [INFO] Wrote fishing_hotspots_2026-06-07.json  (20.4 KB)
2026-06-07T05:31:23 [INFO] === Done ===
