2026-07-29T21:34:03 [INFO] === FishingHotspotAnalyzer  date=2026-07-29  month=July ===
2026-07-29T21:34:03 [INFO] Species to analyze: ['yellowfin', 'bluefin', 'mahi', 'wahoo', 'kingfish', 'white_marlin', 'blue_marlin']
2026-07-29T21:34:03 [INFO] Composite loaded: 266 lat × 335 lon, coverage 35.2%
2026-07-29T21:34:03 [INFO] Composite loaded: 31401 points  step=0.0200°
2026-07-29T21:34:04 [INFO] Bathymetry grid loaded: 1272 × 1604 cells
2026-07-29T21:34:06 [INFO] Bathy lookup: 217812 entries
2026-07-29T21:34:06 [INFO] Loaded CHL from CHL_20260728.json  (17832 valid points, 1 days old)
2026-07-29T21:34:06 [INFO] Loaded kd490 from SEACOLOR_20260728.json  (1814 valid points, 1 days old)
2026-07-29T21:34:06 [INFO]   Analyzing Yellowfin Tuna ...
2026-07-29T21:34:06 [INFO]     1299 / 1485 scored points above 0.65 threshold
2026-07-29T21:34:06 [INFO]     29 raw cluster(s) found
2026-07-29T21:34:06 [INFO]     Zone 1: habitat=0.863 × seasonal=0.80 → score=0.690  (prime)
2026-07-29T21:34:06 [INFO]     Zone 2: habitat=0.834 × seasonal=0.80 → score=0.667  (prime)
2026-07-29T21:34:06 [INFO]     Zone 3: habitat=0.831 × seasonal=0.80 → score=0.665  (prime)
2026-07-29T21:34:06 [INFO]     -> 3 zone(s) for Yellowfin Tuna  [seasonality: prime  mult=0.80]
2026-07-29T21:34:06 [INFO]   Analyzing Bluefin Tuna ...
2026-07-29T21:34:06 [INFO]     0 / 0 scored points above 0.60 threshold
2026-07-29T21:34:06 [INFO]     0 raw cluster(s) found
2026-07-29T21:34:06 [INFO]     -> 0 zone(s) for Bluefin Tuna  [seasonality: off-season  mult=0.45]
2026-07-29T21:34:06 [INFO]   Analyzing Mahi-Mahi ...
2026-07-29T21:34:06 [INFO]     572 / 572 scored points above 0.64 threshold
2026-07-29T21:34:06 [INFO]     71 raw cluster(s) found
2026-07-29T21:34:06 [INFO]     Zone 1: habitat=0.999 × seasonal=1.00 → score=0.999  (peak)
2026-07-29T21:34:06 [INFO]     Zone 2: habitat=0.989 × seasonal=1.00 → score=0.989  (peak)
2026-07-29T21:34:06 [INFO]     Zone 3: habitat=0.987 × seasonal=1.00 → score=0.987  (peak)
2026-07-29T21:34:06 [INFO]     -> 3 zone(s) for Mahi-Mahi  [seasonality: peak  mult=1.00]
2026-07-29T21:34:06 [INFO]   Analyzing Wahoo ...
2026-07-29T21:34:06 [INFO]     4546 / 4587 scored points above 0.58 threshold
2026-07-29T21:34:06 [INFO]     83 raw cluster(s) found
2026-07-29T21:34:06 [INFO]     Zone 1: habitat=0.955 × seasonal=0.80 → score=0.764  (prime)
2026-07-29T21:34:06 [INFO]     Zone 2: habitat=0.946 × seasonal=0.80 → score=0.757  (prime)
2026-07-29T21:34:06 [INFO]     Zone 3: habitat=0.944 × seasonal=0.80 → score=0.755  (prime)
2026-07-29T21:34:06 [INFO]     -> 3 zone(s) for Wahoo  [seasonality: prime  mult=0.80]
2026-07-29T21:34:06 [INFO]   Analyzing King Mackerel ...
2026-07-29T21:34:06 [INFO]     50 / 200 scored points above 0.60 threshold
2026-07-29T21:34:06 [INFO]     3 raw cluster(s) found
2026-07-29T21:34:06 [INFO]     Zone 1: habitat=0.754 × seasonal=0.80 → score=0.603  (prime)
2026-07-29T21:34:06 [INFO]     Zone 2: habitat=0.637 × seasonal=0.80 → score=0.510  (prime)
2026-07-29T21:34:06 [INFO]     -> 2 zone(s) for King Mackerel  [seasonality: prime  mult=0.80]
2026-07-29T21:34:06 [INFO]   Analyzing White Marlin ...
2026-07-29T21:34:06 [INFO]     1613 / 1800 scored points above 0.60 threshold
2026-07-29T21:34:06 [INFO]     28 raw cluster(s) found
2026-07-29T21:34:06 [INFO]     Zone 1: habitat=0.839 × seasonal=0.80 → score=0.671  (prime)
2026-07-29T21:34:06 [INFO]     Zone 2: habitat=0.833 × seasonal=0.80 → score=0.666  (prime)
2026-07-29T21:34:06 [INFO]     Zone 3: habitat=0.791 × seasonal=0.80 → score=0.633  (prime)
2026-07-29T21:34:06 [INFO]     -> 3 zone(s) for White Marlin  [seasonality: prime  mult=0.80]
2026-07-29T21:34:06 [INFO]   Analyzing Blue Marlin ...
2026-07-29T21:34:07 [INFO]     3322 / 3658 scored points above 0.58 threshold
2026-07-29T21:34:07 [INFO]     32 raw cluster(s) found
2026-07-29T21:34:07 [INFO]     Zone 1: habitat=0.842 × seasonal=1.00 → score=0.842  (peak)
2026-07-29T21:34:07 [INFO]     Zone 2: habitat=0.823 × seasonal=1.00 → score=0.823  (peak)
2026-07-29T21:34:07 [INFO]     Zone 3: habitat=0.806 × seasonal=1.00 → score=0.806  (peak)
2026-07-29T21:34:07 [INFO]     -> 3 zone(s) for Blue Marlin  [seasonality: peak  mult=1.00]
2026-07-29T21:34:07 [INFO] Purged old hotspot file: fishing_hotspots_2026-07-11.json
2026-07-29T21:34:07 [INFO] Purged old hotspot file: fishing_hotspots_2026-07-16.json
2026-07-29T21:34:07 [INFO] Purged old hotspot file: fishing_hotspots_2026-07-08.json
2026-07-29T21:34:07 [INFO] Purged old hotspot file: fishing_hotspots_2026-07-20.json
2026-07-29T21:34:07 [INFO] Purged old hotspot file: fishing_hotspots_2026-07-19.json
2026-07-29T21:34:07 [INFO] Purged old hotspot file: fishing_hotspots_2026-07-09.json
2026-07-29T21:34:07 [INFO] Purged old hotspot file: fishing_hotspots_2026-07-07.json
2026-07-29T21:34:07 [INFO] Purged old hotspot file: fishing_hotspots_2026-07-14.json
2026-07-29T21:34:07 [INFO] Purged old hotspot file: fishing_hotspots_2026-07-15.json
2026-07-29T21:34:07 [INFO] Purged old hotspot file: fishing_hotspots_2026-07-12.json
2026-07-29T21:34:07 [INFO] Purged old hotspot file: fishing_hotspots_2026-07-10.json
2026-07-29T21:34:07 [INFO] Purged old hotspot file: fishing_hotspots_2026-07-21.json
2026-07-29T21:34:07 [INFO] Purged old hotspot file: fishing_hotspots_2026-07-17.json
2026-07-29T21:34:07 [INFO] Purged old hotspot file: fishing_hotspots_2026-07-18.json
2026-07-29T21:34:07 [INFO] Purged old hotspot file: fishing_hotspots_2026-07-06.json
2026-07-29T21:34:07 [INFO] Purged old hotspot file: fishing_hotspots_2026-07-13.json
2026-07-29T21:34:07 [INFO] Wrote fishing_hotspots_2026-07-29.json  (16.1 KB)
2026-07-29T21:34:07 [INFO] === Done ===
