2026-07-21T17:33:21 [INFO] === FishingHotspotAnalyzer  date=2026-07-21  month=July ===
2026-07-21T17:33:21 [INFO] Species to analyze: ['yellowfin', 'bluefin', 'mahi', 'wahoo', 'kingfish', 'white_marlin', 'blue_marlin']
2026-07-21T17:33:21 [INFO] Composite loaded: 266 lat × 335 lon, coverage 35.7%
2026-07-21T17:33:21 [INFO] Composite loaded: 31786 points  step=0.0200°
2026-07-21T17:33:21 [INFO] Bathymetry grid loaded: 1272 × 1604 cells
2026-07-21T17:33:23 [INFO] Bathy lookup: 217812 entries
2026-07-21T17:33:23 [INFO] Loaded CHL from CHL_20260720.json  (10366 valid points, 1 days old)
2026-07-21T17:33:23 [INFO] Loaded kd490 from SEACOLOR_20260720.json  (1323 valid points, 1 days old)
2026-07-21T17:33:23 [INFO]   Analyzing Yellowfin Tuna ...
2026-07-21T17:33:23 [INFO]     888 / 974 scored points above 0.65 threshold
2026-07-21T17:33:23 [INFO]     21 raw cluster(s) found
2026-07-21T17:33:24 [INFO]     Zone 1: habitat=0.929 × seasonal=0.80 → score=0.743  (prime)
2026-07-21T17:33:24 [INFO]     Zone 2: habitat=0.846 × seasonal=0.80 → score=0.677  (prime)
2026-07-21T17:33:24 [INFO]     Zone 3: habitat=0.831 × seasonal=0.80 → score=0.665  (prime)
2026-07-21T17:33:24 [INFO]     -> 3 zone(s) for Yellowfin Tuna  [seasonality: prime  mult=0.80]
2026-07-21T17:33:24 [INFO]   Analyzing Bluefin Tuna ...
2026-07-21T17:33:24 [INFO]     0 / 0 scored points above 0.60 threshold
2026-07-21T17:33:24 [INFO]     0 raw cluster(s) found
2026-07-21T17:33:24 [INFO]     -> 0 zone(s) for Bluefin Tuna  [seasonality: off-season  mult=0.45]
2026-07-21T17:33:24 [INFO]   Analyzing Mahi-Mahi ...
2026-07-21T17:33:24 [INFO]     92 / 98 scored points above 0.64 threshold
2026-07-21T17:33:24 [INFO]     17 raw cluster(s) found
2026-07-21T17:33:24 [INFO]     Zone 1: habitat=0.939 × seasonal=1.00 → score=0.939  (peak)
2026-07-21T17:33:24 [INFO]     Zone 2: habitat=0.847 × seasonal=1.00 → score=0.847  (peak)
2026-07-21T17:33:24 [INFO]     Zone 3: habitat=0.808 × seasonal=1.00 → score=0.808  (peak)
2026-07-21T17:33:24 [INFO]     -> 3 zone(s) for Mahi-Mahi  [seasonality: peak  mult=1.00]
2026-07-21T17:33:24 [INFO]   Analyzing Wahoo ...
2026-07-21T17:33:24 [INFO]     3296 / 3426 scored points above 0.58 threshold
2026-07-21T17:33:24 [INFO]     45 raw cluster(s) found
2026-07-21T17:33:24 [INFO]     Zone 1: habitat=0.935 × seasonal=0.80 → score=0.748  (prime)
2026-07-21T17:33:24 [INFO]     Zone 2: habitat=0.930 × seasonal=0.80 → score=0.744  (prime)
2026-07-21T17:33:24 [INFO]     Zone 3: habitat=0.919 × seasonal=0.80 → score=0.735  (prime)
2026-07-21T17:33:24 [INFO]     -> 3 zone(s) for Wahoo  [seasonality: prime  mult=0.80]
2026-07-21T17:33:24 [INFO]   Analyzing King Mackerel ...
2026-07-21T17:33:24 [INFO]     98 / 229 scored points above 0.60 threshold
2026-07-21T17:33:24 [INFO]     9 raw cluster(s) found
2026-07-21T17:33:24 [INFO]     Zone 1: habitat=0.726 × seasonal=0.80 → score=0.581  (prime)
2026-07-21T17:33:24 [INFO]     Zone 2: habitat=0.724 × seasonal=0.80 → score=0.579  (prime)
2026-07-21T17:33:24 [INFO]     Zone 3: habitat=0.671 × seasonal=0.80 → score=0.537  (prime)
2026-07-21T17:33:24 [INFO]     -> 3 zone(s) for King Mackerel  [seasonality: prime  mult=0.80]
2026-07-21T17:33:24 [INFO]   Analyzing White Marlin ...
2026-07-21T17:33:24 [INFO]     1502 / 1543 scored points above 0.60 threshold
2026-07-21T17:33:24 [INFO]     21 raw cluster(s) found
2026-07-21T17:33:24 [INFO]     Zone 1: habitat=0.874 × seasonal=0.80 → score=0.699  (prime)
2026-07-21T17:33:24 [INFO]     Zone 2: habitat=0.873 × seasonal=0.80 → score=0.698  (prime)
2026-07-21T17:33:24 [INFO]     Zone 3: habitat=0.868 × seasonal=0.80 → score=0.694  (prime)
2026-07-21T17:33:24 [INFO]     -> 3 zone(s) for White Marlin  [seasonality: prime  mult=0.80]
2026-07-21T17:33:24 [INFO]   Analyzing Blue Marlin ...
2026-07-21T17:33:24 [INFO]     2766 / 3149 scored points above 0.58 threshold
2026-07-21T17:33:24 [INFO]     40 raw cluster(s) found
2026-07-21T17:33:24 [INFO]     Zone 1: habitat=0.933 × seasonal=1.00 → score=0.933  (peak)
2026-07-21T17:33:24 [INFO]     Zone 2: habitat=0.924 × seasonal=1.00 → score=0.924  (peak)
2026-07-21T17:33:24 [INFO]     Zone 3: habitat=0.923 × seasonal=1.00 → score=0.923  (peak)
2026-07-21T17:33:24 [INFO]     -> 3 zone(s) for Blue Marlin  [seasonality: peak  mult=1.00]
2026-07-21T17:33:24 [INFO] Purged old hotspot file: fishing_hotspots_2026-07-06.json
2026-07-21T17:33:24 [INFO] Purged old hotspot file: fishing_hotspots_2026-07-13.json
2026-07-21T17:33:24 [INFO] Purged old hotspot file: fishing_hotspots_2026-07-09.json
2026-07-21T17:33:24 [INFO] Purged old hotspot file: fishing_hotspots_2026-07-12.json
2026-07-21T17:33:24 [INFO] Purged old hotspot file: fishing_hotspots_2026-07-07.json
2026-07-21T17:33:24 [INFO] Purged old hotspot file: fishing_hotspots_2026-07-08.json
2026-07-21T17:33:24 [INFO] Purged old hotspot file: fishing_hotspots_2026-07-11.json
2026-07-21T17:33:24 [INFO] Purged old hotspot file: fishing_hotspots_2026-07-10.json
2026-07-21T17:33:24 [INFO] Wrote fishing_hotspots_2026-07-21.json  (16.9 KB)
2026-07-21T17:33:24 [INFO] === Done ===
