2026-07-08T18:11:11 [INFO] === FishingHotspotAnalyzer  date=2026-07-08  month=July ===
2026-07-08T18:11:11 [INFO] Species to analyze: ['yellowfin', 'bluefin', 'mahi', 'wahoo', 'kingfish', 'white_marlin', 'blue_marlin']
2026-07-08T18:11:11 [INFO] Composite loaded: 266 lat × 335 lon, coverage 41.6%
2026-07-08T18:11:11 [INFO] Composite loaded: 37111 points  step=0.0200°
2026-07-08T18:11:11 [INFO] Bathymetry grid loaded: 1272 × 1604 cells
2026-07-08T18:11:13 [INFO] Bathy lookup: 217706 entries
2026-07-08T18:11:13 [INFO] Loaded CHL from CHL_20260706.json  (7880 valid points, 2 days old)
2026-07-08T18:11:13 [INFO] Loaded kd490 from SEACOLOR_20260707.json  (1476 valid points, 1 days old)
2026-07-08T18:11:13 [INFO]   Analyzing Yellowfin Tuna ...
2026-07-08T18:11:13 [INFO]     535 / 674 scored points above 0.65 threshold
2026-07-08T18:11:13 [INFO]     26 raw cluster(s) found
2026-07-08T18:11:14 [INFO]     Zone 1: habitat=0.893 × seasonal=0.80 → score=0.714  (prime)
2026-07-08T18:11:14 [INFO]     Zone 2: habitat=0.804 × seasonal=0.80 → score=0.643  (prime)
2026-07-08T18:11:14 [INFO]     Zone 3: habitat=0.789 × seasonal=0.80 → score=0.631  (prime)
2026-07-08T18:11:14 [INFO]     -> 3 zone(s) for Yellowfin Tuna  [seasonality: prime  mult=0.80]
2026-07-08T18:11:14 [INFO]   Analyzing Bluefin Tuna ...
2026-07-08T18:11:14 [INFO]     0 / 0 scored points above 0.60 threshold
2026-07-08T18:11:14 [INFO]     0 raw cluster(s) found
2026-07-08T18:11:14 [INFO]     -> 0 zone(s) for Bluefin Tuna  [seasonality: off-season  mult=0.45]
2026-07-08T18:11:14 [INFO]   Analyzing Mahi-Mahi ...
2026-07-08T18:11:14 [INFO]     50 / 51 scored points above 0.64 threshold
2026-07-08T18:11:14 [INFO]     4 raw cluster(s) found
2026-07-08T18:11:14 [INFO]     Zone 1: habitat=0.871 × seasonal=1.00 → score=0.871  (peak)
2026-07-08T18:11:14 [INFO]     Zone 2: habitat=0.870 × seasonal=1.00 → score=0.870  (peak)
2026-07-08T18:11:14 [INFO]     Zone 3: habitat=0.758 × seasonal=1.00 → score=0.758  (peak)
2026-07-08T18:11:14 [INFO]     -> 3 zone(s) for Mahi-Mahi  [seasonality: peak  mult=1.00]
2026-07-08T18:11:14 [INFO]   Analyzing Wahoo ...
2026-07-08T18:11:14 [INFO]     1066 / 1252 scored points above 0.58 threshold
2026-07-08T18:11:14 [INFO]     41 raw cluster(s) found
2026-07-08T18:11:14 [INFO]     Zone 1: habitat=0.863 × seasonal=0.80 → score=0.690  (prime)
2026-07-08T18:11:14 [INFO]     Zone 2: habitat=0.845 × seasonal=0.80 → score=0.676  (prime)
2026-07-08T18:11:14 [INFO]     Zone 3: habitat=0.812 × seasonal=0.80 → score=0.650  (prime)
2026-07-08T18:11:14 [INFO]     -> 3 zone(s) for Wahoo  [seasonality: prime  mult=0.80]
2026-07-08T18:11:14 [INFO]   Analyzing King Mackerel ...
2026-07-08T18:11:14 [INFO]     0 / 0 scored points above 0.60 threshold
2026-07-08T18:11:14 [INFO]     0 raw cluster(s) found
2026-07-08T18:11:14 [INFO]     -> 0 zone(s) for King Mackerel  [seasonality: prime  mult=0.80]
2026-07-08T18:11:14 [INFO]   Analyzing White Marlin ...
2026-07-08T18:11:14 [INFO]     725 / 771 scored points above 0.60 threshold
2026-07-08T18:11:14 [INFO]     13 raw cluster(s) found
2026-07-08T18:11:14 [INFO]     Zone 1: habitat=0.924 × seasonal=0.80 → score=0.739  (prime)
2026-07-08T18:11:14 [INFO]     Zone 2: habitat=0.880 × seasonal=0.80 → score=0.704  (prime)
2026-07-08T18:11:14 [INFO]     Zone 3: habitat=0.873 × seasonal=0.80 → score=0.698  (prime)
2026-07-08T18:11:14 [INFO]     -> 3 zone(s) for White Marlin  [seasonality: prime  mult=0.80]
2026-07-08T18:11:14 [INFO]   Analyzing Blue Marlin ...
2026-07-08T18:11:14 [INFO]     3331 / 3656 scored points above 0.58 threshold
2026-07-08T18:11:14 [INFO]     24 raw cluster(s) found
2026-07-08T18:11:14 [INFO]     Zone 1: habitat=0.903 × seasonal=1.00 → score=0.903  (peak)
2026-07-08T18:11:14 [INFO]     Zone 2: habitat=0.849 × seasonal=1.00 → score=0.849  (peak)
2026-07-08T18:11:14 [INFO]     Zone 3: habitat=0.807 × seasonal=1.00 → score=0.807  (peak)
2026-07-08T18:11:14 [INFO]     -> 3 zone(s) for Blue Marlin  [seasonality: peak  mult=1.00]
2026-07-08T18:11:14 [INFO] Wrote fishing_hotspots_2026-07-08.json  (14.4 KB)
2026-07-08T18:11:14 [INFO] === Done ===
