2026-06-17T00:21:21 [INFO] === FishingHotspotAnalyzer  date=2026-06-17  month=June ===
2026-06-17T00:21:21 [INFO] Species to analyze: ['yellowfin', 'bluefin', 'mahi', 'wahoo', 'kingfish', 'white_marlin', 'blue_marlin']
2026-06-17T00:21:21 [INFO] Composite loaded: 266 lat × 335 lon, coverage 18.0%
2026-06-17T00:21:21 [INFO] Composite loaded: 16031 points  step=0.0200°
2026-06-17T00:21:21 [INFO] Bathymetry grid loaded: 1273 × 1604 cells
2026-06-17T00:21:23 [INFO] Bathy lookup: 241969 entries
2026-06-17T00:21:23 [INFO] Loaded CHL from CHL_20260611.json  (24697 valid points, 6 days old)
2026-06-17T00:21:23 [INFO] Loaded kd490 from SEACOLOR_20260611.json  (738 valid points, 6 days old)
2026-06-17T00:21:23 [INFO]   Analyzing Yellowfin Tuna ...
2026-06-17T00:21:23 [INFO]     32 / 136 scored points above 0.65 threshold
2026-06-17T00:21:23 [INFO]     3 raw cluster(s) found
2026-06-17T00:21:24 [INFO]     Zone 1: habitat=0.680 × seasonal=0.80 → score=0.544  (prime)
2026-06-17T00:21:24 [INFO]     Zone 2: habitat=0.665 × seasonal=0.80 → score=0.532  (prime)
2026-06-17T00:21:24 [INFO]     -> 2 zone(s) for Yellowfin Tuna  [seasonality: prime  mult=0.80]
2026-06-17T00:21:24 [INFO]   Analyzing Bluefin Tuna ...
2026-06-17T00:21:24 [INFO]     653 / 671 scored points above 0.60 threshold
2026-06-17T00:21:24 [INFO]     10 raw cluster(s) found
2026-06-17T00:21:24 [INFO]     Zone 1: habitat=0.822 × seasonal=0.45 → score=0.370  (off-season)
2026-06-17T00:21:24 [INFO]     Zone 2: habitat=0.795 × seasonal=0.45 → score=0.358  (off-season)
2026-06-17T00:21:24 [INFO]     Zone 3: habitat=0.784 × seasonal=0.45 → score=0.353  (off-season)
2026-06-17T00:21:24 [INFO]     -> 3 zone(s) for Bluefin Tuna  [seasonality: off-season  mult=0.45]
2026-06-17T00:21:24 [INFO]   Analyzing Mahi-Mahi ...
2026-06-17T00:21:24 [INFO]     0 / 0 scored points above 0.54 threshold
2026-06-17T00:21:24 [INFO]     0 raw cluster(s) found
2026-06-17T00:21:24 [INFO]     -> 0 zone(s) for Mahi-Mahi  [seasonality: peak  mult=1.00]
2026-06-17T00:21:24 [INFO]   Analyzing Wahoo ...
2026-06-17T00:21:24 [INFO]     406 / 824 scored points above 0.58 threshold
2026-06-17T00:21:24 [INFO]     12 raw cluster(s) found
2026-06-17T00:21:24 [INFO]     Zone 1: habitat=0.649 × seasonal=0.45 → score=0.292  (off-season)
2026-06-17T00:21:24 [INFO]     Zone 2: habitat=0.646 × seasonal=0.45 → score=0.291  (off-season)
2026-06-17T00:21:24 [INFO]     Zone 3: habitat=0.644 × seasonal=0.45 → score=0.290  (off-season)
2026-06-17T00:21:24 [INFO]     -> 3 zone(s) for Wahoo  [seasonality: off-season  mult=0.45]
2026-06-17T00:21:24 [INFO]   Analyzing King Mackerel ...
2026-06-17T00:21:24 [INFO]     2081 / 2527 scored points above 0.60 threshold
2026-06-17T00:21:24 [INFO]     53 raw cluster(s) found
2026-06-17T00:21:24 [INFO]     Zone 1: habitat=0.874 × seasonal=0.80 → score=0.699  (prime)
2026-06-17T00:21:24 [INFO]     Zone 2: habitat=0.845 × seasonal=0.80 → score=0.676  (prime)
2026-06-17T00:21:24 [INFO]     Zone 3: habitat=0.824 × seasonal=0.80 → score=0.659  (prime)
2026-06-17T00:21:24 [INFO]     -> 3 zone(s) for King Mackerel  [seasonality: prime  mult=0.80]
2026-06-17T00:21:24 [INFO]   Analyzing White Marlin ...
2026-06-17T00:21:24 [INFO]     0 / 0 scored points above 0.60 threshold
2026-06-17T00:21:24 [INFO]     0 raw cluster(s) found
2026-06-17T00:21:24 [INFO]     -> 0 zone(s) for White Marlin  [seasonality: off-season  mult=0.45]
2026-06-17T00:21:24 [INFO]   Analyzing Blue Marlin ...
2026-06-17T00:21:24 [INFO]     3 / 10 scored points above 0.58 threshold
2026-06-17T00:21:24 [INFO]     2 raw cluster(s) found
2026-06-17T00:21:24 [INFO]     -> 0 zone(s) for Blue Marlin  [seasonality: prime  mult=0.80]
2026-06-17T00:21:24 [INFO] Purged old hotspot file: fishing_hotspots_2026-05-25.json
2026-06-17T00:21:24 [INFO] Purged old hotspot file: fishing_hotspots_2026-06-09.json
2026-06-17T00:21:24 [INFO] Purged old hotspot file: fishing_hotspots_2026-06-05.json
2026-06-17T00:21:24 [INFO] Purged old hotspot file: fishing_hotspots_2026-06-08.json
2026-06-17T00:21:24 [INFO] Purged old hotspot file: fishing_hotspots_2026-06-04.json
2026-06-17T00:21:24 [INFO] Purged old hotspot file: fishing_hotspots_2026-06-02.json
2026-06-17T00:21:24 [INFO] Purged old hotspot file: fishing_hotspots_2026-06-07.json
2026-06-17T00:21:24 [INFO] Purged old hotspot file: fishing_hotspots_2026-06-06.json
2026-06-17T00:21:24 [INFO] Purged old hotspot file: fishing_hotspots_2026-05-28.json
2026-06-17T00:21:24 [INFO] Purged old hotspot file: fishing_hotspots_2026-05-23.json
2026-06-17T00:21:24 [INFO] Purged old hotspot file: fishing_hotspots_2026-05-30.json
2026-06-17T00:21:24 [INFO] Purged old hotspot file: fishing_hotspots_2026-05-31.json
2026-06-17T00:21:24 [INFO] Purged old hotspot file: fishing_hotspots_2026-05-24.json
2026-06-17T00:21:24 [INFO] Purged old hotspot file: fishing_hotspots_2026-05-29.json
2026-06-17T00:21:24 [INFO] Purged old hotspot file: fishing_hotspots_2026-05-22.json
2026-06-17T00:21:24 [INFO] Purged old hotspot file: fishing_hotspots_2026-05-27.json
2026-06-17T00:21:24 [INFO] Purged old hotspot file: fishing_hotspots_2026-06-03.json
2026-06-17T00:21:24 [INFO] Purged old hotspot file: fishing_hotspots_2026-05-26.json
2026-06-17T00:21:24 [INFO] Purged old hotspot file: fishing_hotspots_2026-06-01.json
2026-06-17T00:21:24 [INFO] Wrote fishing_hotspots_2026-06-17.json  (11.2 KB)
2026-06-17T00:21:24 [INFO] === Done ===
