2026-06-14T20:30:31 [INFO] === FishingHotspotAnalyzer  date=2026-06-14  month=June ===
2026-06-14T20:30:31 [INFO] Species to analyze: ['yellowfin', 'bluefin', 'mahi', 'wahoo', 'kingfish', 'white_marlin', 'blue_marlin']
2026-06-14T20:30:31 [INFO] Composite loaded: 266 lat × 335 lon, coverage 39.1%
2026-06-14T20:30:31 [INFO] Composite loaded: 34871 points  step=0.0200°
2026-06-14T20:30:31 [INFO] Bathymetry grid loaded: 1273 × 1604 cells
2026-06-14T20:30:34 [INFO] Bathy lookup: 241969 entries
2026-06-14T20:30:34 [INFO] Loaded CHL from CHL_20260611.json  (24697 valid points, 3 days old)
2026-06-14T20:30:34 [INFO] Loaded kd490 from SEACOLOR_20260611.json  (738 valid points, 3 days old)
2026-06-14T20:30:34 [INFO]   Analyzing Yellowfin Tuna ...
2026-06-14T20:30:34 [INFO]     188 / 266 scored points above 0.65 threshold
2026-06-14T20:30:34 [INFO]     3 raw cluster(s) found
2026-06-14T20:30:35 [INFO]     Zone 1: habitat=0.758 × seasonal=0.80 → score=0.606  (prime)
2026-06-14T20:30:35 [INFO]     Zone 2: habitat=0.751 × seasonal=0.80 → score=0.601  (prime)
2026-06-14T20:30:35 [INFO]     -> 2 zone(s) for Yellowfin Tuna  [seasonality: prime  mult=0.80]
2026-06-14T20:30:35 [INFO]   Analyzing Bluefin Tuna ...
2026-06-14T20:30:35 [INFO]     63 / 109 scored points above 0.60 threshold
2026-06-14T20:30:35 [INFO]     5 raw cluster(s) found
2026-06-14T20:30:35 [INFO]     Zone 1: habitat=0.862 × seasonal=0.45 → score=0.388  (off-season)
2026-06-14T20:30:35 [INFO]     Zone 2: habitat=0.802 × seasonal=0.45 → score=0.361  (off-season)
2026-06-14T20:30:35 [INFO]     -> 2 zone(s) for Bluefin Tuna  [seasonality: off-season  mult=0.45]
2026-06-14T20:30:35 [INFO]   Analyzing Mahi-Mahi ...
2026-06-14T20:30:35 [INFO]     787 / 1519 scored points above 0.54 threshold
2026-06-14T20:30:35 [INFO]     25 raw cluster(s) found
2026-06-14T20:30:35 [INFO]     Zone 1: habitat=0.764 × seasonal=1.00 → score=0.764  (peak)
2026-06-14T20:30:35 [INFO]     Zone 2: habitat=0.648 × seasonal=1.00 → score=0.648  (peak)
2026-06-14T20:30:35 [INFO]     Zone 3: habitat=0.616 × seasonal=1.00 → score=0.616  (peak)
2026-06-14T20:30:35 [INFO]     -> 3 zone(s) for Mahi-Mahi  [seasonality: peak  mult=1.00]
2026-06-14T20:30:35 [INFO]   Analyzing Wahoo ...
2026-06-14T20:30:35 [INFO]     626 / 745 scored points above 0.58 threshold
2026-06-14T20:30:35 [INFO]     13 raw cluster(s) found
2026-06-14T20:30:35 [INFO]     Zone 1: habitat=0.868 × seasonal=0.45 → score=0.391  (off-season)
2026-06-14T20:30:35 [INFO]     Zone 2: habitat=0.820 × seasonal=0.45 → score=0.369  (off-season)
2026-06-14T20:30:35 [INFO]     Zone 3: habitat=0.784 × seasonal=0.45 → score=0.353  (off-season)
2026-06-14T20:30:35 [INFO]     -> 3 zone(s) for Wahoo  [seasonality: off-season  mult=0.45]
2026-06-14T20:30:35 [INFO]   Analyzing King Mackerel ...
2026-06-14T20:30:35 [INFO]     949 / 1161 scored points above 0.60 threshold
2026-06-14T20:30:35 [INFO]     24 raw cluster(s) found
2026-06-14T20:30:35 [INFO]     Zone 1: habitat=0.875 × seasonal=0.80 → score=0.700  (prime)
2026-06-14T20:30:35 [INFO]     Zone 2: habitat=0.862 × seasonal=0.80 → score=0.690  (prime)
2026-06-14T20:30:35 [INFO]     Zone 3: habitat=0.849 × seasonal=0.80 → score=0.679  (prime)
2026-06-14T20:30:35 [INFO]     -> 3 zone(s) for King Mackerel  [seasonality: prime  mult=0.80]
2026-06-14T20:30:35 [INFO]   Analyzing White Marlin ...
2026-06-14T20:30:35 [INFO]     194 / 213 scored points above 0.60 threshold
2026-06-14T20:30:35 [INFO]     7 raw cluster(s) found
2026-06-14T20:30:35 [INFO]     Zone 1: habitat=0.803 × seasonal=0.45 → score=0.361  (off-season)
2026-06-14T20:30:35 [INFO]     Zone 2: habitat=0.751 × seasonal=0.45 → score=0.338  (off-season)
2026-06-14T20:30:35 [INFO]     -> 2 zone(s) for White Marlin  [seasonality: off-season  mult=0.45]
2026-06-14T20:30:35 [INFO]   Analyzing Blue Marlin ...
2026-06-14T20:30:35 [INFO]     1568 / 1755 scored points above 0.58 threshold
2026-06-14T20:30:35 [INFO]     10 raw cluster(s) found
2026-06-14T20:30:35 [INFO]     Zone 1: habitat=0.811 × seasonal=0.80 → score=0.649  (prime)
2026-06-14T20:30:35 [INFO]     Zone 2: habitat=0.773 × seasonal=0.80 → score=0.618  (prime)
2026-06-14T20:30:35 [INFO]     Zone 3: habitat=0.762 × seasonal=0.80 → score=0.610  (prime)
2026-06-14T20:30:35 [INFO]     -> 3 zone(s) for Blue Marlin  [seasonality: prime  mult=0.80]
2026-06-14T20:30:35 [INFO] Purged old hotspot file: fishing_hotspots_2026-05-25.json
2026-06-14T20:30:35 [INFO] Purged old hotspot file: fishing_hotspots_2026-06-05.json
2026-06-14T20:30:35 [INFO] Purged old hotspot file: fishing_hotspots_2026-06-04.json
2026-06-14T20:30:35 [INFO] Purged old hotspot file: fishing_hotspots_2026-06-02.json
2026-06-14T20:30:35 [INFO] Purged old hotspot file: fishing_hotspots_2026-06-06.json
2026-06-14T20:30:35 [INFO] Purged old hotspot file: fishing_hotspots_2026-05-28.json
2026-06-14T20:30:35 [INFO] Purged old hotspot file: fishing_hotspots_2026-05-23.json
2026-06-14T20:30:35 [INFO] Purged old hotspot file: fishing_hotspots_2026-05-30.json
2026-06-14T20:30:35 [INFO] Purged old hotspot file: fishing_hotspots_2026-05-31.json
2026-06-14T20:30:35 [INFO] Purged old hotspot file: fishing_hotspots_2026-05-24.json
2026-06-14T20:30:35 [INFO] Purged old hotspot file: fishing_hotspots_2026-05-29.json
2026-06-14T20:30:35 [INFO] Purged old hotspot file: fishing_hotspots_2026-05-22.json
2026-06-14T20:30:35 [INFO] Purged old hotspot file: fishing_hotspots_2026-05-27.json
2026-06-14T20:30:35 [INFO] Purged old hotspot file: fishing_hotspots_2026-06-03.json
2026-06-14T20:30:35 [INFO] Purged old hotspot file: fishing_hotspots_2026-05-26.json
2026-06-14T20:30:35 [INFO] Purged old hotspot file: fishing_hotspots_2026-06-01.json
2026-06-14T20:30:35 [INFO] Wrote fishing_hotspots_2026-06-14.json  (17.8 KB)
2026-06-14T20:30:35 [INFO] === Done ===
