2026-06-23T19:32:41 [INFO] === FishingHotspotAnalyzer  date=2026-06-23  month=June ===
2026-06-23T19:32:41 [INFO] Species to analyze: ['yellowfin', 'bluefin', 'mahi', 'wahoo', 'kingfish', 'white_marlin', 'blue_marlin']
2026-06-23T19:32:41 [INFO] Composite loaded: 266 lat × 335 lon, coverage 49.5%
2026-06-23T19:32:41 [INFO] Composite loaded: 44137 points  step=0.0200°
2026-06-23T19:32:41 [INFO] Bathymetry grid loaded: 1273 × 1604 cells
2026-06-23T19:32:44 [INFO] Bathy lookup: 241969 entries
2026-06-23T19:32:44 [INFO] Loaded CHL from CHL_20260621.json  (25897 valid points, 2 days old)
2026-06-23T19:32:44 [INFO] Loaded kd490 from SEACOLOR_20260621.json  (2366 valid points, 2 days old)
2026-06-23T19:32:44 [INFO]   Analyzing Yellowfin Tuna ...
2026-06-23T19:32:44 [INFO]     593 / 851 scored points above 0.65 threshold
2026-06-23T19:32:44 [INFO]     19 raw cluster(s) found
2026-06-23T19:32:44 [INFO]     Zone 1: habitat=0.843 × seasonal=0.80 → score=0.674  (prime)
2026-06-23T19:32:44 [INFO]     Zone 2: habitat=0.810 × seasonal=0.80 → score=0.648  (prime)
2026-06-23T19:32:44 [INFO]     Zone 3: habitat=0.806 × seasonal=0.80 → score=0.645  (prime)
2026-06-23T19:32:44 [INFO]     -> 3 zone(s) for Yellowfin Tuna  [seasonality: prime  mult=0.80]
2026-06-23T19:32:44 [INFO]   Analyzing Bluefin Tuna ...
2026-06-23T19:32:44 [INFO]     85 / 95 scored points above 0.60 threshold
2026-06-23T19:32:44 [INFO]     9 raw cluster(s) found
2026-06-23T19:32:44 [INFO]     Zone 1: habitat=0.809 × seasonal=0.45 → score=0.364  (off-season)
2026-06-23T19:32:44 [INFO]     Zone 2: habitat=0.758 × seasonal=0.45 → score=0.341  (off-season)
2026-06-23T19:32:44 [INFO]     -> 2 zone(s) for Bluefin Tuna  [seasonality: off-season  mult=0.45]
2026-06-23T19:32:44 [INFO]   Analyzing Mahi-Mahi ...
2026-06-23T19:32:44 [INFO]     1183 / 1244 scored points above 0.54 threshold
2026-06-23T19:32:45 [INFO]     18 raw cluster(s) found
2026-06-23T19:32:45 [INFO]     Zone 1: habitat=0.881 × seasonal=1.00 → score=0.881  (peak)
2026-06-23T19:32:45 [INFO]     Zone 2: habitat=0.666 × seasonal=1.00 → score=0.666  (peak)
2026-06-23T19:32:45 [INFO]     Zone 3: habitat=0.592 × seasonal=1.00 → score=0.592  (peak)
2026-06-23T19:32:45 [INFO]     -> 3 zone(s) for Mahi-Mahi  [seasonality: peak  mult=1.00]
2026-06-23T19:32:45 [INFO]   Analyzing Wahoo ...
2026-06-23T19:32:45 [INFO]     2115 / 2549 scored points above 0.58 threshold
2026-06-23T19:32:45 [INFO]     63 raw cluster(s) found
2026-06-23T19:32:45 [INFO]     Zone 1: habitat=0.884 × seasonal=0.45 → score=0.398  (off-season)
2026-06-23T19:32:45 [INFO]     Zone 2: habitat=0.832 × seasonal=0.45 → score=0.374  (off-season)
2026-06-23T19:32:45 [INFO]     Zone 3: habitat=0.831 × seasonal=0.45 → score=0.374  (off-season)
2026-06-23T19:32:45 [INFO]     -> 3 zone(s) for Wahoo  [seasonality: off-season  mult=0.45]
2026-06-23T19:32:45 [INFO]   Analyzing King Mackerel ...
2026-06-23T19:32:45 [INFO]     512 / 825 scored points above 0.60 threshold
2026-06-23T19:32:45 [INFO]     41 raw cluster(s) found
2026-06-23T19:32:45 [INFO]     Zone 1: habitat=0.892 × seasonal=0.80 → score=0.714  (prime)
2026-06-23T19:32:45 [INFO]     Zone 2: habitat=0.842 × seasonal=0.80 → score=0.674  (prime)
2026-06-23T19:32:45 [INFO]     Zone 3: habitat=0.789 × seasonal=0.80 → score=0.631  (prime)
2026-06-23T19:32:45 [INFO]     -> 3 zone(s) for King Mackerel  [seasonality: prime  mult=0.80]
2026-06-23T19:32:45 [INFO]   Analyzing White Marlin ...
2026-06-23T19:32:45 [INFO]     456 / 592 scored points above 0.60 threshold
2026-06-23T19:32:45 [INFO]     19 raw cluster(s) found
2026-06-23T19:32:45 [INFO]     Zone 1: habitat=0.799 × seasonal=0.45 → score=0.360  (off-season)
2026-06-23T19:32:45 [INFO]     Zone 2: habitat=0.792 × seasonal=0.45 → score=0.356  (off-season)
2026-06-23T19:32:45 [INFO]     Zone 3: habitat=0.773 × seasonal=0.45 → score=0.348  (off-season)
2026-06-23T19:32:45 [INFO]     -> 3 zone(s) for White Marlin  [seasonality: off-season  mult=0.45]
2026-06-23T19:32:45 [INFO]   Analyzing Blue Marlin ...
2026-06-23T19:32:45 [INFO]     2088 / 2313 scored points above 0.58 threshold
2026-06-23T19:32:45 [INFO]     21 raw cluster(s) found
2026-06-23T19:32:45 [INFO]     Zone 1: habitat=0.856 × seasonal=0.80 → score=0.685  (prime)
2026-06-23T19:32:45 [INFO]     Zone 2: habitat=0.827 × seasonal=0.80 → score=0.662  (prime)
2026-06-23T19:32:45 [INFO]     Zone 3: habitat=0.798 × seasonal=0.80 → score=0.638  (prime)
2026-06-23T19:32:45 [INFO]     -> 3 zone(s) for Blue Marlin  [seasonality: prime  mult=0.80]
2026-06-23T19:32:45 [INFO] Purged old hotspot file: fishing_hotspots_2026-05-25.json
2026-06-23T19:32:45 [INFO] Purged old hotspot file: fishing_hotspots_2026-06-09.json
2026-06-23T19:32:45 [INFO] Purged old hotspot file: fishing_hotspots_2026-06-10.json
2026-06-23T19:32:45 [INFO] Purged old hotspot file: fishing_hotspots_2026-06-05.json
2026-06-23T19:32:45 [INFO] Purged old hotspot file: fishing_hotspots_2026-06-08.json
2026-06-23T19:32:45 [INFO] Purged old hotspot file: fishing_hotspots_2026-06-04.json
2026-06-23T19:32:45 [INFO] Purged old hotspot file: fishing_hotspots_2026-06-02.json
2026-06-23T19:32:45 [INFO] Purged old hotspot file: fishing_hotspots_2026-06-07.json
2026-06-23T19:32:45 [INFO] Purged old hotspot file: fishing_hotspots_2026-06-06.json
2026-06-23T19:32:45 [INFO] Purged old hotspot file: fishing_hotspots_2026-06-14.json
2026-06-23T19:32:45 [INFO] Purged old hotspot file: fishing_hotspots_2026-05-28.json
2026-06-23T19:32:45 [INFO] Purged old hotspot file: fishing_hotspots_2026-05-23.json
2026-06-23T19:32:45 [INFO] Purged old hotspot file: fishing_hotspots_2026-06-15.json
2026-06-23T19:32:45 [INFO] Purged old hotspot file: fishing_hotspots_2026-05-30.json
2026-06-23T19:32:45 [INFO] Purged old hotspot file: fishing_hotspots_2026-05-31.json
2026-06-23T19:32:45 [INFO] Purged old hotspot file: fishing_hotspots_2026-06-11.json
2026-06-23T19:32:45 [INFO] Purged old hotspot file: fishing_hotspots_2026-05-24.json
2026-06-23T19:32:45 [INFO] Purged old hotspot file: fishing_hotspots_2026-05-29.json
2026-06-23T19:32:45 [INFO] Purged old hotspot file: fishing_hotspots_2026-05-22.json
2026-06-23T19:32:45 [INFO] Purged old hotspot file: fishing_hotspots_2026-05-27.json
2026-06-23T19:32:45 [INFO] Purged old hotspot file: fishing_hotspots_2026-06-03.json
2026-06-23T19:32:45 [INFO] Purged old hotspot file: fishing_hotspots_2026-06-12.json
2026-06-23T19:32:45 [INFO] Purged old hotspot file: fishing_hotspots_2026-06-13.json
2026-06-23T19:32:45 [INFO] Purged old hotspot file: fishing_hotspots_2026-05-26.json
2026-06-23T19:32:45 [INFO] Purged old hotspot file: fishing_hotspots_2026-06-01.json
2026-06-23T19:32:45 [INFO] Wrote fishing_hotspots_2026-06-23.json  (19.5 KB)
2026-06-23T19:32:45 [INFO] === Done ===
