2026-06-08T18:07:18 [INFO] === FishingHotspotAnalyzer  date=2026-06-08  month=June ===
2026-06-08T18:07:18 [INFO] Species to analyze: ['yellowfin', 'bluefin', 'mahi', 'wahoo', 'kingfish', 'white_marlin', 'blue_marlin']
2026-06-08T18:07:18 [INFO] Composite loaded: 266 lat × 335 lon, coverage 58.3%
2026-06-08T18:07:19 [INFO] Composite loaded: 51944 points  step=0.0200°
2026-06-08T18:07:19 [INFO] Bathymetry grid loaded: 1273 × 1604 cells
2026-06-08T18:07:21 [INFO] Bathy lookup: 241969 entries
2026-06-08T18:07:21 [INFO] Loaded CHL from CHL_20260607.json  (19710 valid points, 1 days old)
2026-06-08T18:07:21 [INFO] Loaded kd490 from SEACOLOR_20260607.json  (582 valid points, 1 days old)
2026-06-08T18:07:21 [INFO]   Analyzing Yellowfin Tuna ...
2026-06-08T18:07:21 [INFO]     36 / 58 scored points above 0.65 threshold
2026-06-08T18:07:21 [INFO]     2 raw cluster(s) found
2026-06-08T18:07:21 [INFO]     Zone 1: habitat=0.795 × seasonal=0.80 → score=0.636  (prime)
2026-06-08T18:07:21 [INFO]     Zone 2: habitat=0.768 × seasonal=0.80 → score=0.614  (prime)
2026-06-08T18:07:21 [INFO]     -> 2 zone(s) for Yellowfin Tuna  [seasonality: prime  mult=0.80]
2026-06-08T18:07:21 [INFO]   Analyzing Bluefin Tuna ...
2026-06-08T18:07:21 [INFO]     843 / 854 scored points above 0.60 threshold
2026-06-08T18:07:21 [INFO]     11 raw cluster(s) found
2026-06-08T18:07:21 [INFO]     Zone 1: habitat=0.904 × seasonal=0.45 → score=0.407  (off-season)
2026-06-08T18:07:21 [INFO]     Zone 2: habitat=0.898 × seasonal=0.45 → score=0.404  (off-season)
2026-06-08T18:07:21 [INFO]     Zone 3: habitat=0.897 × seasonal=0.45 → score=0.404  (off-season)
2026-06-08T18:07:21 [INFO]     -> 3 zone(s) for Bluefin Tuna  [seasonality: off-season  mult=0.45]
2026-06-08T18:07:21 [INFO]   Analyzing Mahi-Mahi ...
2026-06-08T18:07:22 [INFO]     470 / 1213 scored points above 0.54 threshold
2026-06-08T18:07:22 [INFO]     18 raw cluster(s) found
2026-06-08T18:07:22 [INFO]     Zone 1: habitat=0.643 × seasonal=1.00 → score=0.643  (peak)
2026-06-08T18:07:22 [INFO]     Zone 2: habitat=0.639 × seasonal=1.00 → score=0.639  (peak)
2026-06-08T18:07:22 [INFO]     Zone 3: habitat=0.621 × seasonal=1.00 → score=0.621  (peak)
2026-06-08T18:07:22 [INFO]     -> 3 zone(s) for Mahi-Mahi  [seasonality: peak  mult=1.00]
2026-06-08T18:07:22 [INFO]   Analyzing Wahoo ...
2026-06-08T18:07:22 [INFO]     1018 / 1218 scored points above 0.58 threshold
2026-06-08T18:07:22 [INFO]     23 raw cluster(s) found
2026-06-08T18:07:22 [INFO]     Zone 1: habitat=0.868 × seasonal=0.45 → score=0.391  (off-season)
2026-06-08T18:07:22 [INFO]     Zone 2: habitat=0.817 × seasonal=0.45 → score=0.368  (off-season)
2026-06-08T18:07:22 [INFO]     Zone 3: habitat=0.777 × seasonal=0.45 → score=0.350  (off-season)
2026-06-08T18:07:22 [INFO]     -> 3 zone(s) for Wahoo  [seasonality: off-season  mult=0.45]
2026-06-08T18:07:22 [INFO]   Analyzing King Mackerel ...
2026-06-08T18:07:22 [INFO]     1528 / 1690 scored points above 0.60 threshold
2026-06-08T18:07:22 [INFO]     46 raw cluster(s) found
2026-06-08T18:07:22 [INFO]     Zone 1: habitat=0.857 × seasonal=0.80 → score=0.686  (prime)
2026-06-08T18:07:22 [INFO]     Zone 2: habitat=0.854 × seasonal=0.80 → score=0.683  (prime)
2026-06-08T18:07:22 [INFO]     Zone 3: habitat=0.848 × seasonal=0.80 → score=0.678  (prime)
2026-06-08T18:07:22 [INFO]     -> 3 zone(s) for King Mackerel  [seasonality: prime  mult=0.80]
2026-06-08T18:07:22 [INFO]   Analyzing White Marlin ...
2026-06-08T18:07:22 [INFO]     338 / 376 scored points above 0.60 threshold
2026-06-08T18:07:22 [INFO]     10 raw cluster(s) found
2026-06-08T18:07:22 [INFO]     Zone 1: habitat=0.816 × seasonal=0.45 → score=0.367  (off-season)
2026-06-08T18:07:22 [INFO]     Zone 2: habitat=0.761 × seasonal=0.45 → score=0.342  (off-season)
2026-06-08T18:07:22 [INFO]     Zone 3: habitat=0.751 × seasonal=0.45 → score=0.338  (off-season)
2026-06-08T18:07:22 [INFO]     -> 3 zone(s) for White Marlin  [seasonality: off-season  mult=0.45]
2026-06-08T18:07:22 [INFO]   Analyzing Blue Marlin ...
2026-06-08T18:07:22 [INFO]     1249 / 1376 scored points above 0.58 threshold
2026-06-08T18:07:22 [INFO]     13 raw cluster(s) found
2026-06-08T18:07:22 [INFO]     Zone 1: habitat=0.809 × seasonal=0.80 → score=0.647  (prime)
2026-06-08T18:07:22 [INFO]     Zone 2: habitat=0.790 × seasonal=0.80 → score=0.632  (prime)
2026-06-08T18:07:22 [INFO]     Zone 3: habitat=0.767 × seasonal=0.80 → score=0.614  (prime)
2026-06-08T18:07:22 [INFO]     -> 3 zone(s) for Blue Marlin  [seasonality: prime  mult=0.80]
2026-06-08T18:07:22 [INFO] Purged old hotspot file: fishing_hotspots_2026-05-31.json
2026-06-08T18:07:22 [INFO] Purged old hotspot file: fishing_hotspots_2026-05-26.json
2026-06-08T18:07:22 [INFO] Purged old hotspot file: fishing_hotspots_2026-05-23.json
2026-06-08T18:07:22 [INFO] Purged old hotspot file: fishing_hotspots_2026-05-27.json
2026-06-08T18:07:22 [INFO] Purged old hotspot file: fishing_hotspots_2026-05-24.json
2026-06-08T18:07:22 [INFO] Purged old hotspot file: fishing_hotspots_2026-05-25.json
2026-06-08T18:07:22 [INFO] Purged old hotspot file: fishing_hotspots_2026-05-30.json
2026-06-08T18:07:22 [INFO] Purged old hotspot file: fishing_hotspots_2026-05-29.json
2026-06-08T18:07:22 [INFO] Purged old hotspot file: fishing_hotspots_2026-05-22.json
2026-06-08T18:07:22 [INFO] Purged old hotspot file: fishing_hotspots_2026-05-28.json
2026-06-08T18:07:22 [INFO] Wrote fishing_hotspots_2026-06-08.json  (19.5 KB)
2026-06-08T18:07:22 [INFO] === Done ===
