2026-06-21T19:06:44 [INFO] === FishingHotspotAnalyzer  date=2026-06-21  month=June ===
2026-06-21T19:06:44 [INFO] Species to analyze: ['yellowfin', 'bluefin', 'mahi', 'wahoo', 'kingfish', 'white_marlin', 'blue_marlin']
2026-06-21T19:06:44 [INFO] Composite loaded: 266 lat × 335 lon, coverage 56.0%
2026-06-21T19:06:44 [INFO] Composite loaded: 49926 points  step=0.0200°
2026-06-21T19:06:44 [INFO] Bathymetry grid loaded: 1273 × 1604 cells
2026-06-21T19:06:46 [INFO] Bathy lookup: 241969 entries
2026-06-21T19:06:46 [INFO] Loaded CHL from CHL_20260620.json  (4658 valid points, 1 days old)
2026-06-21T19:06:46 [INFO] Loaded kd490 from SEACOLOR_20260620.json  (1532 valid points, 1 days old)
2026-06-21T19:06:46 [INFO]   Analyzing Yellowfin Tuna ...
2026-06-21T19:06:46 [INFO]     449 / 868 scored points above 0.65 threshold
2026-06-21T19:06:46 [INFO]     12 raw cluster(s) found
2026-06-21T19:06:47 [INFO]     Zone 1: habitat=0.834 × seasonal=0.80 → score=0.667  (prime)
2026-06-21T19:06:47 [INFO]     Zone 2: habitat=0.822 × seasonal=0.80 → score=0.658  (prime)
2026-06-21T19:06:47 [INFO]     Zone 3: habitat=0.749 × seasonal=0.80 → score=0.599  (prime)
2026-06-21T19:06:47 [INFO]     -> 3 zone(s) for Yellowfin Tuna  [seasonality: prime  mult=0.80]
2026-06-21T19:06:47 [INFO]   Analyzing Bluefin Tuna ...
2026-06-21T19:06:47 [INFO]     535 / 552 scored points above 0.60 threshold
2026-06-21T19:06:47 [INFO]     8 raw cluster(s) found
2026-06-21T19:06:47 [INFO]     Zone 1: habitat=0.742 × seasonal=0.45 → score=0.334  (off-season)
2026-06-21T19:06:47 [INFO]     Zone 2: habitat=0.724 × seasonal=0.45 → score=0.326  (off-season)
2026-06-21T19:06:47 [INFO]     Zone 3: habitat=0.721 × seasonal=0.45 → score=0.324  (off-season)
2026-06-21T19:06:47 [INFO]     -> 3 zone(s) for Bluefin Tuna  [seasonality: off-season  mult=0.45]
2026-06-21T19:06:47 [INFO]   Analyzing Mahi-Mahi ...
2026-06-21T19:06:47 [INFO]     551 / 1029 scored points above 0.54 threshold
2026-06-21T19:06:47 [INFO]     9 raw cluster(s) found
2026-06-21T19:06:47 [INFO]     Zone 1: habitat=0.787 × seasonal=1.00 → score=0.787  (peak)
2026-06-21T19:06:47 [INFO]     Zone 2: habitat=0.666 × seasonal=1.00 → score=0.666  (peak)
2026-06-21T19:06:47 [INFO]     Zone 3: habitat=0.552 × seasonal=1.00 → score=0.552  (peak)
2026-06-21T19:06:47 [INFO]     -> 3 zone(s) for Mahi-Mahi  [seasonality: peak  mult=1.00]
2026-06-21T19:06:47 [INFO]   Analyzing Wahoo ...
2026-06-21T19:06:47 [INFO]     3369 / 4531 scored points above 0.58 threshold
2026-06-21T19:06:47 [INFO]     77 raw cluster(s) found
2026-06-21T19:06:47 [INFO]     Zone 1: habitat=0.901 × seasonal=0.45 → score=0.405  (off-season)
2026-06-21T19:06:47 [INFO]     Zone 2: habitat=0.871 × seasonal=0.45 → score=0.392  (off-season)
2026-06-21T19:06:47 [INFO]     Zone 3: habitat=0.831 × seasonal=0.45 → score=0.374  (off-season)
2026-06-21T19:06:47 [INFO]     -> 3 zone(s) for Wahoo  [seasonality: off-season  mult=0.45]
2026-06-21T19:06:47 [INFO]   Analyzing King Mackerel ...
2026-06-21T19:06:47 [INFO]     3265 / 4246 scored points above 0.60 threshold
2026-06-21T19:06:47 [INFO]     76 raw cluster(s) found
2026-06-21T19:06:47 [INFO]     Zone 1: habitat=0.887 × seasonal=0.80 → score=0.710  (prime)
2026-06-21T19:06:47 [INFO]     Zone 2: habitat=0.880 × seasonal=0.80 → score=0.704  (prime)
2026-06-21T19:06:47 [INFO]     Zone 3: habitat=0.870 × seasonal=0.80 → score=0.696  (prime)
2026-06-21T19:06:47 [INFO]     -> 3 zone(s) for King Mackerel  [seasonality: prime  mult=0.80]
2026-06-21T19:06:47 [INFO]   Analyzing White Marlin ...
2026-06-21T19:06:47 [INFO]     313 / 338 scored points above 0.60 threshold
2026-06-21T19:06:47 [INFO]     7 raw cluster(s) found
2026-06-21T19:06:47 [INFO]     Zone 1: habitat=0.838 × seasonal=0.45 → score=0.377  (off-season)
2026-06-21T19:06:47 [INFO]     Zone 2: habitat=0.777 × seasonal=0.45 → score=0.350  (off-season)
2026-06-21T19:06:47 [INFO]     Zone 3: habitat=0.771 × seasonal=0.45 → score=0.347  (off-season)
2026-06-21T19:06:47 [INFO]     -> 3 zone(s) for White Marlin  [seasonality: off-season  mult=0.45]
2026-06-21T19:06:47 [INFO]   Analyzing Blue Marlin ...
2026-06-21T19:06:47 [INFO]     1298 / 1502 scored points above 0.58 threshold
2026-06-21T19:06:48 [INFO]     11 raw cluster(s) found
2026-06-21T19:06:48 [INFO]     Zone 1: habitat=0.798 × seasonal=0.80 → score=0.638  (prime)
2026-06-21T19:06:48 [INFO]     Zone 2: habitat=0.773 × seasonal=0.80 → score=0.618  (prime)
2026-06-21T19:06:48 [INFO]     Zone 3: habitat=0.747 × seasonal=0.80 → score=0.598  (prime)
2026-06-21T19:06:48 [INFO]     -> 3 zone(s) for Blue Marlin  [seasonality: prime  mult=0.80]
2026-06-21T19:06:48 [INFO] Purged old hotspot file: fishing_hotspots_2026-05-25.json
2026-06-21T19:06:48 [INFO] Purged old hotspot file: fishing_hotspots_2026-06-09.json
2026-06-21T19:06:48 [INFO] Purged old hotspot file: fishing_hotspots_2026-06-10.json
2026-06-21T19:06:48 [INFO] Purged old hotspot file: fishing_hotspots_2026-06-05.json
2026-06-21T19:06:48 [INFO] Purged old hotspot file: fishing_hotspots_2026-06-08.json
2026-06-21T19:06:48 [INFO] Purged old hotspot file: fishing_hotspots_2026-06-04.json
2026-06-21T19:06:48 [INFO] Purged old hotspot file: fishing_hotspots_2026-06-02.json
2026-06-21T19:06:48 [INFO] Purged old hotspot file: fishing_hotspots_2026-06-07.json
2026-06-21T19:06:48 [INFO] Purged old hotspot file: fishing_hotspots_2026-06-06.json
2026-06-21T19:06:48 [INFO] Purged old hotspot file: fishing_hotspots_2026-05-28.json
2026-06-21T19:06:48 [INFO] Purged old hotspot file: fishing_hotspots_2026-05-23.json
2026-06-21T19:06:48 [INFO] Purged old hotspot file: fishing_hotspots_2026-05-30.json
2026-06-21T19:06:48 [INFO] Purged old hotspot file: fishing_hotspots_2026-05-31.json
2026-06-21T19:06:48 [INFO] Purged old hotspot file: fishing_hotspots_2026-06-11.json
2026-06-21T19:06:48 [INFO] Purged old hotspot file: fishing_hotspots_2026-05-24.json
2026-06-21T19:06:48 [INFO] Purged old hotspot file: fishing_hotspots_2026-05-29.json
2026-06-21T19:06:48 [INFO] Purged old hotspot file: fishing_hotspots_2026-05-22.json
2026-06-21T19:06:48 [INFO] Purged old hotspot file: fishing_hotspots_2026-05-27.json
2026-06-21T19:06:48 [INFO] Purged old hotspot file: fishing_hotspots_2026-06-03.json
2026-06-21T19:06:48 [INFO] Purged old hotspot file: fishing_hotspots_2026-06-12.json
2026-06-21T19:06:48 [INFO] Purged old hotspot file: fishing_hotspots_2026-06-13.json
2026-06-21T19:06:48 [INFO] Purged old hotspot file: fishing_hotspots_2026-05-26.json
2026-06-21T19:06:48 [INFO] Purged old hotspot file: fishing_hotspots_2026-06-01.json
2026-06-21T19:06:48 [INFO] Wrote fishing_hotspots_2026-06-21.json  (20.5 KB)
2026-06-21T19:06:48 [INFO] === Done ===
