2026-08-04T19:14:00 [INFO] === FishingHotspotAnalyzer  date=2026-08-04  month=August ===
2026-08-04T19:14:00 [INFO] Species to analyze: ['yellowfin', 'bluefin', 'mahi', 'wahoo', 'kingfish', 'white_marlin', 'blue_marlin']
2026-08-04T19:14:00 [INFO] Composite loaded: 266 lat × 335 lon, coverage 35.5%
2026-08-04T19:14:00 [INFO] Composite loaded: 31606 points  step=0.0200°
2026-08-04T19:14:00 [INFO] Bathymetry grid loaded: 1272 × 1604 cells
2026-08-04T19:14:02 [INFO] Bathy lookup: 217812 entries
2026-08-04T19:14:02 [INFO] Loaded CHL from CHL_20260803.json  (1869 valid points, 1 days old)
2026-08-04T19:14:02 [INFO] Loaded kd490 from SEACOLOR_20260803.json  (930 valid points, 1 days old)
2026-08-04T19:14:02 [INFO]   Analyzing Yellowfin Tuna ...
2026-08-04T19:14:02 [INFO]     87 / 166 scored points above 0.65 threshold
2026-08-04T19:14:02 [INFO]     14 raw cluster(s) found
2026-08-04T19:14:02 [INFO]     Zone 1: habitat=0.799 × seasonal=0.80 → score=0.639  (prime)
2026-08-04T19:14:02 [INFO]     Zone 2: habitat=0.765 × seasonal=0.80 → score=0.612  (prime)
2026-08-04T19:14:02 [INFO]     Zone 3: habitat=0.705 × seasonal=0.80 → score=0.564  (prime)
2026-08-04T19:14:02 [INFO]     -> 3 zone(s) for Yellowfin Tuna  [seasonality: prime  mult=0.80]
2026-08-04T19:14:02 [INFO]   Analyzing Bluefin Tuna ...
2026-08-04T19:14:02 [INFO]     0 / 0 scored points above 0.60 threshold
2026-08-04T19:14:02 [INFO]     0 raw cluster(s) found
2026-08-04T19:14:02 [INFO]     -> 0 zone(s) for Bluefin Tuna  [seasonality: off-season  mult=0.45]
2026-08-04T19:14:02 [INFO]   Analyzing Mahi-Mahi ...
2026-08-04T19:14:02 [INFO]     0 / 0 scored points above 0.64 threshold
2026-08-04T19:14:02 [INFO]     0 raw cluster(s) found
2026-08-04T19:14:02 [INFO]     -> 0 zone(s) for Mahi-Mahi  [seasonality: prime  mult=0.80]
2026-08-04T19:14:02 [INFO]   Analyzing Wahoo ...
2026-08-04T19:14:02 [INFO]     1202 / 1360 scored points above 0.58 threshold
2026-08-04T19:14:02 [INFO]     37 raw cluster(s) found
2026-08-04T19:14:02 [INFO]     Zone 1: habitat=0.887 × seasonal=0.80 → score=0.710  (prime)
2026-08-04T19:14:02 [INFO]     Zone 2: habitat=0.856 × seasonal=0.80 → score=0.685  (prime)
2026-08-04T19:14:02 [INFO]     Zone 3: habitat=0.826 × seasonal=0.80 → score=0.661  (prime)
2026-08-04T19:14:02 [INFO]     -> 3 zone(s) for Wahoo  [seasonality: prime  mult=0.80]
2026-08-04T19:14:02 [INFO]   Analyzing King Mackerel ...
2026-08-04T19:14:02 [INFO]     0 / 0 scored points above 0.60 threshold
2026-08-04T19:14:02 [INFO]     0 raw cluster(s) found
2026-08-04T19:14:02 [INFO]     -> 0 zone(s) for King Mackerel  [seasonality: prime  mult=0.80]
2026-08-04T19:14:02 [INFO]   Analyzing White Marlin ...
2026-08-04T19:14:02 [INFO]     696 / 771 scored points above 0.60 threshold
2026-08-04T19:14:02 [INFO]     16 raw cluster(s) found
2026-08-04T19:14:02 [INFO]     Zone 1: habitat=0.875 × seasonal=1.00 → score=0.875  (peak)
2026-08-04T19:14:02 [INFO]     Zone 2: habitat=0.841 × seasonal=1.00 → score=0.841  (peak)
2026-08-04T19:14:02 [INFO]     Zone 3: habitat=0.838 × seasonal=1.00 → score=0.838  (peak)
2026-08-04T19:14:02 [INFO]     -> 3 zone(s) for White Marlin  [seasonality: peak  mult=1.00]
2026-08-04T19:14:02 [INFO]   Analyzing Blue Marlin ...
2026-08-04T19:14:02 [INFO]     1465 / 1863 scored points above 0.58 threshold
2026-08-04T19:14:02 [INFO]     32 raw cluster(s) found
2026-08-04T19:14:02 [INFO]     Zone 1: habitat=0.903 × seasonal=1.00 → score=0.903  (peak)
2026-08-04T19:14:02 [INFO]     Zone 2: habitat=0.866 × seasonal=1.00 → score=0.866  (peak)
2026-08-04T19:14:02 [INFO]     Zone 3: habitat=0.854 × seasonal=1.00 → score=0.854  (peak)
2026-08-04T19:14:02 [INFO]     -> 3 zone(s) for Blue Marlin  [seasonality: peak  mult=1.00]
2026-08-04T19:14:02 [INFO] Purged old hotspot file: fishing_hotspots_2026-07-11.json
2026-08-04T19:14:02 [INFO] Purged old hotspot file: fishing_hotspots_2026-07-16.json
2026-08-04T19:14:02 [INFO] Purged old hotspot file: fishing_hotspots_2026-07-08.json
2026-08-04T19:14:02 [INFO] Purged old hotspot file: fishing_hotspots_2026-07-20.json
2026-08-04T19:14:02 [INFO] Purged old hotspot file: fishing_hotspots_2026-07-19.json
2026-08-04T19:14:02 [INFO] Purged old hotspot file: fishing_hotspots_2026-07-27.json
2026-08-04T19:14:02 [INFO] Purged old hotspot file: fishing_hotspots_2026-07-09.json
2026-08-04T19:14:02 [INFO] Purged old hotspot file: fishing_hotspots_2026-07-24.json
2026-08-04T19:14:02 [INFO] Purged old hotspot file: fishing_hotspots_2026-07-07.json
2026-08-04T19:14:02 [INFO] Purged old hotspot file: fishing_hotspots_2026-07-14.json
2026-08-04T19:14:02 [INFO] Purged old hotspot file: fishing_hotspots_2026-07-15.json
2026-08-04T19:14:02 [INFO] Purged old hotspot file: fishing_hotspots_2026-07-22.json
2026-08-04T19:14:02 [INFO] Purged old hotspot file: fishing_hotspots_2026-07-12.json
2026-08-04T19:14:02 [INFO] Purged old hotspot file: fishing_hotspots_2026-07-10.json
2026-08-04T19:14:02 [INFO] Purged old hotspot file: fishing_hotspots_2026-07-26.json
2026-08-04T19:14:02 [INFO] Purged old hotspot file: fishing_hotspots_2026-07-21.json
2026-08-04T19:14:02 [INFO] Purged old hotspot file: fishing_hotspots_2026-07-17.json
2026-08-04T19:14:02 [INFO] Purged old hotspot file: fishing_hotspots_2026-07-18.json
2026-08-04T19:14:02 [INFO] Purged old hotspot file: fishing_hotspots_2026-07-06.json
2026-08-04T19:14:02 [INFO] Purged old hotspot file: fishing_hotspots_2026-07-25.json
2026-08-04T19:14:02 [INFO] Purged old hotspot file: fishing_hotspots_2026-07-13.json
2026-08-04T19:14:02 [INFO] Purged old hotspot file: fishing_hotspots_2026-07-23.json
2026-08-04T19:14:02 [INFO] Wrote fishing_hotspots_2026-08-04.json  (11.7 KB)
2026-08-04T19:14:02 [INFO] === Done ===
