2026-06-27T18:28:14 [INFO] === FishingHotspotAnalyzer  date=2026-06-27  month=June ===
2026-06-27T18:28:14 [INFO] Species to analyze: ['yellowfin', 'bluefin', 'mahi', 'wahoo', 'kingfish', 'white_marlin', 'blue_marlin']
2026-06-27T18:28:14 [INFO] Composite loaded: 266 lat × 335 lon, coverage 38.5%
2026-06-27T18:28:14 [INFO] Composite loaded: 34317 points  step=0.0200°
2026-06-27T18:28:14 [INFO] Bathymetry grid loaded: 1273 × 1604 cells
2026-06-27T18:28:16 [INFO] Bathy lookup: 241969 entries
2026-06-27T18:28:16 [INFO] Loaded CHL from CHL_20260626.json  (20016 valid points, 1 days old)
2026-06-27T18:28:16 [INFO] Loaded kd490 from SEACOLOR_20260625.json  (1412 valid points, 2 days old)
2026-06-27T18:28:16 [INFO]   Analyzing Yellowfin Tuna ...
2026-06-27T18:28:16 [INFO]     341 / 482 scored points above 0.65 threshold
2026-06-27T18:28:16 [INFO]     9 raw cluster(s) found
2026-06-27T18:28:17 [INFO]     Zone 1: habitat=0.881 × seasonal=0.80 → score=0.705  (prime)
2026-06-27T18:28:17 [INFO]     Zone 2: habitat=0.793 × seasonal=0.80 → score=0.634  (prime)
2026-06-27T18:28:17 [INFO]     Zone 3: habitat=0.707 × seasonal=0.80 → score=0.566  (prime)
2026-06-27T18:28:17 [INFO]     -> 3 zone(s) for Yellowfin Tuna  [seasonality: prime  mult=0.80]
2026-06-27T18:28:17 [INFO]   Analyzing Bluefin Tuna ...
2026-06-27T18:28:17 [INFO]     0 / 0 scored points above 0.60 threshold
2026-06-27T18:28:17 [INFO]     0 raw cluster(s) found
2026-06-27T18:28:17 [INFO]     -> 0 zone(s) for Bluefin Tuna  [seasonality: off-season  mult=0.45]
2026-06-27T18:28:17 [INFO]   Analyzing Mahi-Mahi ...
2026-06-27T18:28:17 [INFO]     1228 / 1429 scored points above 0.54 threshold
2026-06-27T18:28:17 [INFO]     14 raw cluster(s) found
2026-06-27T18:28:17 [INFO]     Zone 1: habitat=0.788 × seasonal=1.00 → score=0.788  (peak)
2026-06-27T18:28:17 [INFO]     Zone 2: habitat=0.718 × seasonal=1.00 → score=0.718  (peak)
2026-06-27T18:28:17 [INFO]     Zone 3: habitat=0.646 × seasonal=1.00 → score=0.646  (peak)
2026-06-27T18:28:17 [INFO]     -> 3 zone(s) for Mahi-Mahi  [seasonality: peak  mult=1.00]
2026-06-27T18:28:17 [INFO]   Analyzing Wahoo ...
2026-06-27T18:28:17 [INFO]     854 / 986 scored points above 0.58 threshold
2026-06-27T18:28:17 [INFO]     23 raw cluster(s) found
2026-06-27T18:28:17 [INFO]     Zone 1: habitat=0.841 × seasonal=0.45 → score=0.378  (off-season)
2026-06-27T18:28:17 [INFO]     Zone 2: habitat=0.790 × seasonal=0.45 → score=0.356  (off-season)
2026-06-27T18:28:17 [INFO]     Zone 3: habitat=0.790 × seasonal=0.45 → score=0.356  (off-season)
2026-06-27T18:28:17 [INFO]     -> 3 zone(s) for Wahoo  [seasonality: off-season  mult=0.45]
2026-06-27T18:28:17 [INFO]   Analyzing King Mackerel ...
2026-06-27T18:28:17 [INFO]     98 / 527 scored points above 0.60 threshold
2026-06-27T18:28:17 [INFO]     19 raw cluster(s) found
2026-06-27T18:28:17 [INFO]     Zone 1: habitat=0.737 × seasonal=0.80 → score=0.590  (prime)
2026-06-27T18:28:17 [INFO]     Zone 2: habitat=0.691 × seasonal=0.80 → score=0.553  (prime)
2026-06-27T18:28:17 [INFO]     Zone 3: habitat=0.631 × seasonal=0.80 → score=0.505  (prime)
2026-06-27T18:28:17 [INFO]     -> 3 zone(s) for King Mackerel  [seasonality: prime  mult=0.80]
2026-06-27T18:28:17 [INFO]   Analyzing White Marlin ...
2026-06-27T18:28:17 [INFO]     338 / 374 scored points above 0.60 threshold
2026-06-27T18:28:17 [INFO]     12 raw cluster(s) found
2026-06-27T18:28:17 [INFO]     Zone 1: habitat=0.848 × seasonal=0.45 → score=0.382  (off-season)
2026-06-27T18:28:17 [INFO]     Zone 2: habitat=0.797 × seasonal=0.45 → score=0.359  (off-season)
2026-06-27T18:28:17 [INFO]     Zone 3: habitat=0.732 × seasonal=0.45 → score=0.329  (off-season)
2026-06-27T18:28:17 [INFO]     -> 3 zone(s) for White Marlin  [seasonality: off-season  mult=0.45]
2026-06-27T18:28:17 [INFO]   Analyzing Blue Marlin ...
2026-06-27T18:28:17 [INFO]     1861 / 2099 scored points above 0.58 threshold
2026-06-27T18:28:17 [INFO]     10 raw cluster(s) found
2026-06-27T18:28:17 [INFO]     Zone 1: habitat=0.837 × seasonal=0.80 → score=0.670  (prime)
2026-06-27T18:28:17 [INFO]     Zone 2: habitat=0.805 × seasonal=0.80 → score=0.644  (prime)
2026-06-27T18:28:17 [INFO]     Zone 3: habitat=0.797 × seasonal=0.80 → score=0.638  (prime)
2026-06-27T18:28:17 [INFO]     -> 3 zone(s) for Blue Marlin  [seasonality: prime  mult=0.80]
2026-06-27T18:28:17 [INFO] Purged old hotspot file: fishing_hotspots_2026-05-25.json
2026-06-27T18:28:17 [INFO] Purged old hotspot file: fishing_hotspots_2026-06-09.json
2026-06-27T18:28:17 [INFO] Purged old hotspot file: fishing_hotspots_2026-06-10.json
2026-06-27T18:28:17 [INFO] Purged old hotspot file: fishing_hotspots_2026-06-05.json
2026-06-27T18:28:17 [INFO] Purged old hotspot file: fishing_hotspots_2026-06-08.json
2026-06-27T18:28:17 [INFO] Purged old hotspot file: fishing_hotspots_2026-06-04.json
2026-06-27T18:28:17 [INFO] Purged old hotspot file: fishing_hotspots_2026-06-02.json
2026-06-27T18:28:17 [INFO] Purged old hotspot file: fishing_hotspots_2026-06-07.json
2026-06-27T18:28:17 [INFO] Purged old hotspot file: fishing_hotspots_2026-06-18.json
2026-06-27T18:28:17 [INFO] Purged old hotspot file: fishing_hotspots_2026-06-06.json
2026-06-27T18:28:17 [INFO] Purged old hotspot file: fishing_hotspots_2026-06-14.json
2026-06-27T18:28:17 [INFO] Purged old hotspot file: fishing_hotspots_2026-05-28.json
2026-06-27T18:28:17 [INFO] Purged old hotspot file: fishing_hotspots_2026-05-23.json
2026-06-27T18:28:17 [INFO] Purged old hotspot file: fishing_hotspots_2026-06-15.json
2026-06-27T18:28:17 [INFO] Purged old hotspot file: fishing_hotspots_2026-06-17.json
2026-06-27T18:28:17 [INFO] Purged old hotspot file: fishing_hotspots_2026-05-30.json
2026-06-27T18:28:17 [INFO] Purged old hotspot file: fishing_hotspots_2026-05-31.json
2026-06-27T18:28:17 [INFO] Purged old hotspot file: fishing_hotspots_2026-06-11.json
2026-06-27T18:28:17 [INFO] Purged old hotspot file: fishing_hotspots_2026-05-24.json
2026-06-27T18:28:17 [INFO] Purged old hotspot file: fishing_hotspots_2026-05-29.json
2026-06-27T18:28:17 [INFO] Purged old hotspot file: fishing_hotspots_2026-05-22.json
2026-06-27T18:28:17 [INFO] Purged old hotspot file: fishing_hotspots_2026-05-27.json
2026-06-27T18:28:17 [INFO] Purged old hotspot file: fishing_hotspots_2026-06-16.json
2026-06-27T18:28:17 [INFO] Purged old hotspot file: fishing_hotspots_2026-06-03.json
2026-06-27T18:28:17 [INFO] Purged old hotspot file: fishing_hotspots_2026-06-12.json
2026-06-27T18:28:17 [INFO] Purged old hotspot file: fishing_hotspots_2026-06-13.json
2026-06-27T18:28:17 [INFO] Purged old hotspot file: fishing_hotspots_2026-05-26.json
2026-06-27T18:28:17 [INFO] Purged old hotspot file: fishing_hotspots_2026-06-01.json
2026-06-27T18:28:17 [INFO] Purged old hotspot file: fishing_hotspots_2026-06-19.json
2026-06-27T18:28:17 [INFO] Wrote fishing_hotspots_2026-06-27.json  (17.5 KB)
2026-06-27T18:28:17 [INFO] === Done ===
