2026-07-10T19:03:44 [INFO] === FishingHotspotAnalyzer  date=2026-07-10  month=July ===
2026-07-10T19:03:44 [INFO] Species to analyze: ['yellowfin', 'bluefin', 'mahi', 'wahoo', 'kingfish', 'white_marlin', 'blue_marlin']
2026-07-10T19:03:44 [INFO] Composite loaded: 266 lat × 335 lon, coverage 62.1%
2026-07-10T19:03:44 [INFO] Composite loaded: 55349 points  step=0.0200°
2026-07-10T19:03:44 [INFO] Bathymetry grid loaded: 1272 × 1604 cells
2026-07-10T19:03:46 [INFO] Bathy lookup: 217706 entries
2026-07-10T19:03:46 [INFO] Loaded CHL from CHL_20260709.json  (14672 valid points, 1 days old)
2026-07-10T19:03:46 [INFO] Loaded kd490 from SEACOLOR_20260709.json  (1744 valid points, 1 days old)
2026-07-10T19:03:46 [INFO]   Analyzing Yellowfin Tuna ...
2026-07-10T19:03:46 [INFO]     1058 / 1208 scored points above 0.65 threshold
2026-07-10T19:03:46 [INFO]     18 raw cluster(s) found
2026-07-10T19:03:47 [INFO]     Zone 1: habitat=0.868 × seasonal=0.80 → score=0.694  (prime)
2026-07-10T19:03:47 [INFO]     Zone 2: habitat=0.855 × seasonal=0.80 → score=0.684  (prime)
2026-07-10T19:03:47 [INFO]     Zone 3: habitat=0.834 × seasonal=0.80 → score=0.667  (prime)
2026-07-10T19:03:47 [INFO]     -> 3 zone(s) for Yellowfin Tuna  [seasonality: prime  mult=0.80]
2026-07-10T19:03:47 [INFO]   Analyzing Bluefin Tuna ...
2026-07-10T19:03:47 [INFO]     0 / 0 scored points above 0.60 threshold
2026-07-10T19:03:47 [INFO]     0 raw cluster(s) found
2026-07-10T19:03:47 [INFO]     -> 0 zone(s) for Bluefin Tuna  [seasonality: off-season  mult=0.45]
2026-07-10T19:03:47 [INFO]   Analyzing Mahi-Mahi ...
2026-07-10T19:03:47 [INFO]     412 / 412 scored points above 0.64 threshold
2026-07-10T19:03:47 [INFO]     34 raw cluster(s) found
2026-07-10T19:03:47 [INFO]     Zone 1: habitat=0.994 × seasonal=1.00 → score=0.994  (peak)
2026-07-10T19:03:47 [INFO]     Zone 2: habitat=0.993 × seasonal=1.00 → score=0.993  (peak)
2026-07-10T19:03:47 [INFO]     Zone 3: habitat=0.992 × seasonal=1.00 → score=0.992  (peak)
2026-07-10T19:03:47 [INFO]     -> 3 zone(s) for Mahi-Mahi  [seasonality: peak  mult=1.00]
2026-07-10T19:03:47 [INFO]   Analyzing Wahoo ...
2026-07-10T19:03:47 [INFO]     3622 / 3789 scored points above 0.58 threshold
2026-07-10T19:03:47 [INFO]     62 raw cluster(s) found
2026-07-10T19:03:47 [INFO]     Zone 1: habitat=0.939 × seasonal=0.80 → score=0.751  (prime)
2026-07-10T19:03:47 [INFO]     Zone 2: habitat=0.936 × seasonal=0.80 → score=0.749  (prime)
2026-07-10T19:03:47 [INFO]     Zone 3: habitat=0.924 × seasonal=0.80 → score=0.739  (prime)
2026-07-10T19:03:47 [INFO]     -> 3 zone(s) for Wahoo  [seasonality: prime  mult=0.80]
2026-07-10T19:03:47 [INFO]   Analyzing King Mackerel ...
2026-07-10T19:03:47 [INFO]     143 / 255 scored points above 0.60 threshold
2026-07-10T19:03:47 [INFO]     7 raw cluster(s) found
2026-07-10T19:03:47 [INFO]     Zone 1: habitat=0.756 × seasonal=0.80 → score=0.605  (prime)
2026-07-10T19:03:47 [INFO]     Zone 2: habitat=0.750 × seasonal=0.80 → score=0.600  (prime)
2026-07-10T19:03:47 [INFO]     -> 2 zone(s) for King Mackerel  [seasonality: prime  mult=0.80]
2026-07-10T19:03:47 [INFO]   Analyzing White Marlin ...
2026-07-10T19:03:47 [INFO]     1856 / 1887 scored points above 0.60 threshold
2026-07-10T19:03:47 [INFO]     25 raw cluster(s) found
2026-07-10T19:03:47 [INFO]     Zone 1: habitat=0.878 × seasonal=0.80 → score=0.702  (prime)
2026-07-10T19:03:47 [INFO]     Zone 2: habitat=0.871 × seasonal=0.80 → score=0.697  (prime)
2026-07-10T19:03:47 [INFO]     Zone 3: habitat=0.846 × seasonal=0.80 → score=0.677  (prime)
2026-07-10T19:03:47 [INFO]     -> 3 zone(s) for White Marlin  [seasonality: prime  mult=0.80]
2026-07-10T19:03:47 [INFO]   Analyzing Blue Marlin ...
2026-07-10T19:03:47 [INFO]     3991 / 4360 scored points above 0.58 threshold
2026-07-10T19:03:47 [INFO]     26 raw cluster(s) found
2026-07-10T19:03:47 [INFO]     Zone 1: habitat=0.912 × seasonal=1.00 → score=0.912  (peak)
2026-07-10T19:03:47 [INFO]     Zone 2: habitat=0.906 × seasonal=1.00 → score=0.906  (peak)
2026-07-10T19:03:47 [INFO]     Zone 3: habitat=0.896 × seasonal=1.00 → score=0.896  (peak)
2026-07-10T19:03:47 [INFO]     -> 3 zone(s) for Blue Marlin  [seasonality: peak  mult=1.00]
2026-07-10T19:03:47 [INFO] Wrote fishing_hotspots_2026-07-10.json  (16.2 KB)
2026-07-10T19:03:47 [INFO] === Done ===
