============================================================
  Ocean Dynamics Fetcher — Currents + Altimetry
  Date      : 2026-06-24
  BBOX      : {'lat_min': 33.7, 'lat_max': 39.0, 'lon_min': -78.89, 'lon_max': -72.21}
  Output    : /home/runner/work/SSTv2/SSTv2/DailySST
============================================================

[1/3] HYCOM currents + SSH  (target: 2026-06-24)  ~1/12 deg
  HYCOM catalog https://tds.hycom.org/thredds/catalog/catalog.xml failed: HTTPSConnectionPool(host='tds.hycom.org', port=443): Max retries exceeded with url: /thredds/catalog/catalog.xml (Caused by ConnectTimeoutError(<HTTPSConnection(host='tds.hycom.org', port=443) at 0x7f9b2f4a7b90>, 'Connection to tds.hycom.org timed out. (connect timeout=8)'))
  HYCOM catalog https://tds.hycom.org/thredds/catalog/FMRC_ESPC-D-V02_uv3z/catalog.xml failed: HTTPSConnectionPool(host='tds.hycom.org', port=443): Max retries exceeded with url: /thredds/catalog/FMRC_ESPC-D-V02_uv3z/catalog.xml (Caused by ConnectTimeoutError(<HTTPSConnection(host='tds.hycom.org', port=443) at 0x7f9b2f4b1150>, 'Connection to tds.hycom.org timed out. (connect timeout=8)'))
  Using default HYCOM dataset: FMRC_ESPC-D-V02_uv3z
  Trying https://tds.hycom.org/thredds/ncss/FMRC_ESPC-D-V02_uv3z/runs/FMRC_ESPC-D-V02_uv3...
  HYCOM 2026-06-24 12Z failed: HTTPSConnectionPool(host='tds.hycom.org', port=443): Max retries exceeded with url: /thredds/ncss/FMRC_ESPC-D-V02_uv3z/runs/FMRC_ESPC-D-V02_uv3z_RUN_2026-06-24T12:00:00Z?var=water_u&var=water_v&var=surf_el&north=39.0&south=33.7&west=-78.89&east=-72.21&horizStride=1&vertCoord=0&disableLLSubset=on&disableProjSubset=on&time_start=2026-06-24T12:00:00Z&time_end=2026-06-24T12:00:00Z&accept=netcdf (Caused by ConnectTimeoutError(<HTTPSConnection(host='tds.hycom.org', port=443) at 0x7f9b2f4b2f90>, 'Connection to tds.hycom.org timed out. (connect timeout=8)'))
  Trying https://tds.hycom.org/thredds/ncss/FMRC_ESPC-D-V02_uv3z/FMRC_ESPC-D-V02_uv3z_bes...
  HYCOM 2026-06-24 12Z failed: HTTPSConnectionPool(host='tds.hycom.org', port=443): Max retries exceeded with url: /thredds/ncss/FMRC_ESPC-D-V02_uv3z/FMRC_ESPC-D-V02_uv3z_best.ncd?var=water_u&var=water_v&var=surf_el&north=39.0&south=33.7&west=-78.89&east=-72.21&horizStride=1&vertCoord=0&disableLLSubset=on&disableProjSubset=on&time_start=2026-06-24T12:00:00Z&time_end=2026-06-24T12:00:00Z&accept=netcdf (Caused by ConnectTimeoutError(<HTTPSConnection(host='tds.hycom.org', port=443) at 0x7f9b2f2c4510>, 'Connection to tds.hycom.org timed out. (connect timeout=8)'))
  Trying https://tds.hycom.org/thredds/ncss/FMRC_ESPC-D-V02_uv3z/runs/FMRC_ESPC-D-V02_uv3...
  HYCOM 2026-06-24 00Z failed: HTTPSConnectionPool(host='tds.hycom.org', port=443): Max retries exceeded with url: /thredds/ncss/FMRC_ESPC-D-V02_uv3z/runs/FMRC_ESPC-D-V02_uv3z_RUN_2026-06-24T00:00:00Z?var=water_u&var=water_v&var=surf_el&north=39.0&south=33.7&west=-78.89&east=-72.21&horizStride=1&vertCoord=0&disableLLSubset=on&disableProjSubset=on&time_start=2026-06-24T00:00:00Z&time_end=2026-06-24T00:00:00Z&accept=netcdf (Caused by ConnectTimeoutError(<HTTPSConnection(host='tds.hycom.org', port=443) at 0x7f9b2f2c5a90>, 'Connection to tds.hycom.org timed out. (connect timeout=8)'))
  Trying https://tds.hycom.org/thredds/ncss/FMRC_ESPC-D-V02_uv3z/FMRC_ESPC-D-V02_uv3z_bes...
  HYCOM 2026-06-24 00Z failed: HTTPSConnectionPool(host='tds.hycom.org', port=443): Max retries exceeded with url: /thredds/ncss/FMRC_ESPC-D-V02_uv3z/FMRC_ESPC-D-V02_uv3z_best.ncd?var=water_u&var=water_v&var=surf_el&north=39.0&south=33.7&west=-78.89&east=-72.21&horizStride=1&vertCoord=0&disableLLSubset=on&disableProjSubset=on&time_start=2026-06-24T00:00:00Z&time_end=2026-06-24T00:00:00Z&accept=netcdf (Caused by ConnectTimeoutError(<HTTPSConnection(host='tds.hycom.org', port=443) at 0x7f9b2f4b3c90>, 'Connection to tds.hycom.org timed out. (connect timeout=8)'))
  Trying https://tds.hycom.org/thredds/ncss/FMRC_ESPC-D-V02_uv3z/runs/FMRC_ESPC-D-V02_uv3...
  HYCOM 2026-06-23 12Z failed: HTTPSConnectionPool(host='tds.hycom.org', port=443): Max retries exceeded with url: /thredds/ncss/FMRC_ESPC-D-V02_uv3z/runs/FMRC_ESPC-D-V02_uv3z_RUN_2026-06-23T12:00:00Z?var=water_u&var=water_v&var=surf_el&north=39.0&south=33.7&west=-78.89&east=-72.21&horizStride=1&vertCoord=0&disableLLSubset=on&disableProjSubset=on&time_start=2026-06-23T12:00:00Z&time_end=2026-06-23T12:00:00Z&accept=netcdf (Caused by ConnectTimeoutError(<HTTPSConnection(host='tds.hycom.org', port=443) at 0x7f9b2f4b1c10>, 'Connection to tds.hycom.org timed out. (connect timeout=8)'))
  Trying https://tds.hycom.org/thredds/ncss/FMRC_ESPC-D-V02_uv3z/FMRC_ESPC-D-V02_uv3z_bes...
  HYCOM 2026-06-23 12Z failed: HTTPSConnectionPool(host='tds.hycom.org', port=443): Max retries exceeded with url: /thredds/ncss/FMRC_ESPC-D-V02_uv3z/FMRC_ESPC-D-V02_uv3z_best.ncd?var=water_u&var=water_v&var=surf_el&north=39.0&south=33.7&west=-78.89&east=-72.21&horizStride=1&vertCoord=0&disableLLSubset=on&disableProjSubset=on&time_start=2026-06-23T12:00:00Z&time_end=2026-06-23T12:00:00Z&accept=netcdf (Caused by ConnectTimeoutError(<HTTPSConnection(host='tds.hycom.org', port=443) at 0x7f9b2f491e90>, 'Connection to tds.hycom.org timed out. (connect timeout=8)'))
  Trying https://tds.hycom.org/thredds/ncss/FMRC_ESPC-D-V02_uv3z/runs/FMRC_ESPC-D-V02_uv3...
  HYCOM 2026-06-23 00Z failed: HTTPSConnectionPool(host='tds.hycom.org', port=443): Max retries exceeded with url: /thredds/ncss/FMRC_ESPC-D-V02_uv3z/runs/FMRC_ESPC-D-V02_uv3z_RUN_2026-06-23T00:00:00Z?var=water_u&var=water_v&var=surf_el&north=39.0&south=33.7&west=-78.89&east=-72.21&horizStride=1&vertCoord=0&disableLLSubset=on&disableProjSubset=on&time_start=2026-06-23T00:00:00Z&time_end=2026-06-23T00:00:00Z&accept=netcdf (Caused by ConnectTimeoutError(<HTTPSConnection(host='tds.hycom.org', port=443) at 0x7f9b2f2c49d0>, 'Connection to tds.hycom.org timed out. (connect timeout=8)'))
  Trying https://tds.hycom.org/thredds/ncss/FMRC_ESPC-D-V02_uv3z/FMRC_ESPC-D-V02_uv3z_bes...
  HYCOM 2026-06-23 00Z failed: HTTPSConnectionPool(host='tds.hycom.org', port=443): Max retries exceeded with url: /thredds/ncss/FMRC_ESPC-D-V02_uv3z/FMRC_ESPC-D-V02_uv3z_best.ncd?var=water_u&var=water_v&var=surf_el&north=39.0&south=33.7&west=-78.89&east=-72.21&horizStride=1&vertCoord=0&disableLLSubset=on&disableProjSubset=on&time_start=2026-06-23T00:00:00Z&time_end=2026-06-23T00:00:00Z&accept=netcdf (Caused by ConnectTimeoutError(<HTTPSConnection(host='tds.hycom.org', port=443) at 0x7f9b2f2c42d0>, 'Connection to tds.hycom.org timed out. (connect timeout=8)'))
  HYCOM: all attempts failed

[2/3] OSCAR currents  (target: 2026-06-24)  1/3 deg, 5-day composite
  Trying OSCAR_L4_OC_NRT_V2.1 @ coastwatch.pfeg.noaa.gov 2026-06-24 ...
  OSCAR_L4_OC_NRT_V2.1 @ coastwatch.pfeg.noaa.gov 2026-06-24: 403 Client Error:  for url: https://coastwatch.pfeg.noaa.gov/erddap/griddap/OSCAR_L4_OC_NRT_V2.1.nc?u%5B(2026-06-24T00:00:00Z)%5D%5B(0.0)%5D%5B(33.7):1:(39.0)%5D%5B(-78.89):1:(-72.21)%5D,v%5B(2026-06-24T00:00:00Z)%5D%5B(0.0)%5D%5B(33.7):1:(39.0)%5D%5B(-78.89):1:(-72.21)%5D
  Trying OSCAR_L4_OC_NRT_V2.1 @ upwell.pfeg.noaa.gov 2026-06-24 ...
  OSCAR_L4_OC_NRT_V2.1 @ upwell.pfeg.noaa.gov 2026-06-24: 403 Client Error:  for url: https://upwell.pfeg.noaa.gov/erddap/griddap/OSCAR_L4_OC_NRT_V2.1.nc?u%5B(2026-06-24T00:00:00Z)%5D%5B(0.0)%5D%5B(33.7):1:(39.0)%5D%5B(-78.89):1:(-72.21)%5D,v%5B(2026-06-24T00:00:00Z)%5D%5B(0.0)%5D%5B(33.7):1:(39.0)%5D%5B(-78.89):1:(-72.21)%5D
  Trying OSCAR_L4_OC_NRT_V2.1 @ coastwatch.pfeg.noaa.gov 2026-06-23 ...
  OSCAR_L4_OC_NRT_V2.1 @ coastwatch.pfeg.noaa.gov 2026-06-23: 403 Client Error:  for url: https://coastwatch.pfeg.noaa.gov/erddap/griddap/OSCAR_L4_OC_NRT_V2.1.nc?u%5B(2026-06-23T00:00:00Z)%5D%5B(0.0)%5D%5B(33.7):1:(39.0)%5D%5B(-78.89):1:(-72.21)%5D,v%5B(2026-06-23T00:00:00Z)%5D%5B(0.0)%5D%5B(33.7):1:(39.0)%5D%5B(-78.89):1:(-72.21)%5D
  Trying OSCAR_L4_OC_NRT_V2.1 @ upwell.pfeg.noaa.gov 2026-06-23 ...
  OSCAR_L4_OC_NRT_V2.1 @ upwell.pfeg.noaa.gov 2026-06-23: 403 Client Error:  for url: https://upwell.pfeg.noaa.gov/erddap/griddap/OSCAR_L4_OC_NRT_V2.1.nc?u%5B(2026-06-23T00:00:00Z)%5D%5B(0.0)%5D%5B(33.7):1:(39.0)%5D%5B(-78.89):1:(-72.21)%5D,v%5B(2026-06-23T00:00:00Z)%5D%5B(0.0)%5D%5B(33.7):1:(39.0)%5D%5B(-78.89):1:(-72.21)%5D
  Trying OSCAR_L4_OC_NRT_V2.1 @ coastwatch.pfeg.noaa.gov 2026-06-22 ...
  OSCAR_L4_OC_NRT_V2.1 @ coastwatch.pfeg.noaa.gov 2026-06-22: 403 Client Error:  for url: https://coastwatch.pfeg.noaa.gov/erddap/griddap/OSCAR_L4_OC_NRT_V2.1.nc?u%5B(2026-06-22T00:00:00Z)%5D%5B(0.0)%5D%5B(33.7):1:(39.0)%5D%5B(-78.89):1:(-72.21)%5D,v%5B(2026-06-22T00:00:00Z)%5D%5B(0.0)%5D%5B(33.7):1:(39.0)%5D%5B(-78.89):1:(-72.21)%5D
  Trying OSCAR_L4_OC_NRT_V2.1 @ upwell.pfeg.noaa.gov 2026-06-22 ...
  OSCAR_L4_OC_NRT_V2.1 @ upwell.pfeg.noaa.gov 2026-06-22: 403 Client Error:  for url: https://upwell.pfeg.noaa.gov/erddap/griddap/OSCAR_L4_OC_NRT_V2.1.nc?u%5B(2026-06-22T00:00:00Z)%5D%5B(0.0)%5D%5B(33.7):1:(39.0)%5D%5B(-78.89):1:(-72.21)%5D,v%5B(2026-06-22T00:00:00Z)%5D%5B(0.0)%5D%5B(33.7):1:(39.0)%5D%5B(-78.89):1:(-72.21)%5D
  Trying OSCAR_L4_OC_NRT_V2.1 @ coastwatch.pfeg.noaa.gov 2026-06-21 ...
  OSCAR_L4_OC_NRT_V2.1 @ coastwatch.pfeg.noaa.gov 2026-06-21: 403 Client Error:  for url: https://coastwatch.pfeg.noaa.gov/erddap/griddap/OSCAR_L4_OC_NRT_V2.1.nc?u%5B(2026-06-21T00:00:00Z)%5D%5B(0.0)%5D%5B(33.7):1:(39.0)%5D%5B(-78.89):1:(-72.21)%5D,v%5B(2026-06-21T00:00:00Z)%5D%5B(0.0)%5D%5B(33.7):1:(39.0)%5D%5B(-78.89):1:(-72.21)%5D
  Trying OSCAR_L4_OC_NRT_V2.1 @ upwell.pfeg.noaa.gov 2026-06-21 ...
  OSCAR_L4_OC_NRT_V2.1 @ upwell.pfeg.noaa.gov 2026-06-21: 403 Client Error:  for url: https://upwell.pfeg.noaa.gov/erddap/griddap/OSCAR_L4_OC_NRT_V2.1.nc?u%5B(2026-06-21T00:00:00Z)%5D%5B(0.0)%5D%5B(33.7):1:(39.0)%5D%5B(-78.89):1:(-72.21)%5D,v%5B(2026-06-21T00:00:00Z)%5D%5B(0.0)%5D%5B(33.7):1:(39.0)%5D%5B(-78.89):1:(-72.21)%5D
  Trying OSCAR_L4_OC_NRT_V2.1 @ coastwatch.pfeg.noaa.gov 2026-06-20 ...
  OSCAR_L4_OC_NRT_V2.1 @ coastwatch.pfeg.noaa.gov 2026-06-20: 403 Client Error:  for url: https://coastwatch.pfeg.noaa.gov/erddap/griddap/OSCAR_L4_OC_NRT_V2.1.nc?u%5B(2026-06-20T00:00:00Z)%5D%5B(0.0)%5D%5B(33.7):1:(39.0)%5D%5B(-78.89):1:(-72.21)%5D,v%5B(2026-06-20T00:00:00Z)%5D%5B(0.0)%5D%5B(33.7):1:(39.0)%5D%5B(-78.89):1:(-72.21)%5D
  Trying OSCAR_L4_OC_NRT_V2.1 @ upwell.pfeg.noaa.gov 2026-06-20 ...
  OSCAR_L4_OC_NRT_V2.1 @ upwell.pfeg.noaa.gov 2026-06-20: 403 Client Error:  for url: https://upwell.pfeg.noaa.gov/erddap/griddap/OSCAR_L4_OC_NRT_V2.1.nc?u%5B(2026-06-20T00:00:00Z)%5D%5B(0.0)%5D%5B(33.7):1:(39.0)%5D%5B(-78.89):1:(-72.21)%5D,v%5B(2026-06-20T00:00:00Z)%5D%5B(0.0)%5D%5B(33.7):1:(39.0)%5D%5B(-78.89):1:(-72.21)%5D
  Trying OSCAR_L4_OC_NRT_V2.1 @ coastwatch.pfeg.noaa.gov 2026-06-19 ...
  OSCAR_L4_OC_NRT_V2.1 @ coastwatch.pfeg.noaa.gov 2026-06-19: 403 Client Error:  for url: https://coastwatch.pfeg.noaa.gov/erddap/griddap/OSCAR_L4_OC_NRT_V2.1.nc?u%5B(2026-06-19T00:00:00Z)%5D%5B(0.0)%5D%5B(33.7):1:(39.0)%5D%5B(-78.89):1:(-72.21)%5D,v%5B(2026-06-19T00:00:00Z)%5D%5B(0.0)%5D%5B(33.7):1:(39.0)%5D%5B(-78.89):1:(-72.21)%5D
  Trying OSCAR_L4_OC_NRT_V2.1 @ upwell.pfeg.noaa.gov 2026-06-19 ...
  OSCAR_L4_OC_NRT_V2.1 @ upwell.pfeg.noaa.gov 2026-06-19: 403 Client Error:  for url: https://upwell.pfeg.noaa.gov/erddap/griddap/OSCAR_L4_OC_NRT_V2.1.nc?u%5B(2026-06-19T00:00:00Z)%5D%5B(0.0)%5D%5B(33.7):1:(39.0)%5D%5B(-78.89):1:(-72.21)%5D,v%5B(2026-06-19T00:00:00Z)%5D%5B(0.0)%5D%5B(33.7):1:(39.0)%5D%5B(-78.89):1:(-72.21)%5D
  Trying OSCAR_L4_OC_NRT_V2.0 @ coastwatch.pfeg.noaa.gov 2026-06-24 ...
  OSCAR_L4_OC_NRT_V2.0 @ coastwatch.pfeg.noaa.gov 2026-06-24: 403 Client Error:  for url: https://coastwatch.pfeg.noaa.gov/erddap/griddap/OSCAR_L4_OC_NRT_V2.0.nc?u%5B(2026-06-24T00:00:00Z)%5D%5B(0.0)%5D%5B(33.7):1:(39.0)%5D%5B(-78.89):1:(-72.21)%5D,v%5B(2026-06-24T00:00:00Z)%5D%5B(0.0)%5D%5B(33.7):1:(39.0)%5D%5B(-78.89):1:(-72.21)%5D
  Trying OSCAR_L4_OC_NRT_V2.0 @ upwell.pfeg.noaa.gov 2026-06-24 ...
  OSCAR_L4_OC_NRT_V2.0 @ upwell.pfeg.noaa.gov 2026-06-24: 403 Client Error:  for url: https://upwell.pfeg.noaa.gov/erddap/griddap/OSCAR_L4_OC_NRT_V2.0.nc?u%5B(2026-06-24T00:00:00Z)%5D%5B(0.0)%5D%5B(33.7):1:(39.0)%5D%5B(-78.89):1:(-72.21)%5D,v%5B(2026-06-24T00:00:00Z)%5D%5B(0.0)%5D%5B(33.7):1:(39.0)%5D%5B(-78.89):1:(-72.21)%5D
  Trying OSCAR_L4_OC_NRT_V2.0 @ coastwatch.pfeg.noaa.gov 2026-06-23 ...
  OSCAR_L4_OC_NRT_V2.0 @ coastwatch.pfeg.noaa.gov 2026-06-23: 403 Client Error:  for url: https://coastwatch.pfeg.noaa.gov/erddap/griddap/OSCAR_L4_OC_NRT_V2.0.nc?u%5B(2026-06-23T00:00:00Z)%5D%5B(0.0)%5D%5B(33.7):1:(39.0)%5D%5B(-78.89):1:(-72.21)%5D,v%5B(2026-06-23T00:00:00Z)%5D%5B(0.0)%5D%5B(33.7):1:(39.0)%5D%5B(-78.89):1:(-72.21)%5D
  Trying OSCAR_L4_OC_NRT_V2.0 @ upwell.pfeg.noaa.gov 2026-06-23 ...
  OSCAR_L4_OC_NRT_V2.0 @ upwell.pfeg.noaa.gov 2026-06-23: 403 Client Error:  for url: https://upwell.pfeg.noaa.gov/erddap/griddap/OSCAR_L4_OC_NRT_V2.0.nc?u%5B(2026-06-23T00:00:00Z)%5D%5B(0.0)%5D%5B(33.7):1:(39.0)%5D%5B(-78.89):1:(-72.21)%5D,v%5B(2026-06-23T00:00:00Z)%5D%5B(0.0)%5D%5B(33.7):1:(39.0)%5D%5B(-78.89):1:(-72.21)%5D
  Trying OSCAR_L4_OC_NRT_V2.0 @ coastwatch.pfeg.noaa.gov 2026-06-22 ...
  OSCAR_L4_OC_NRT_V2.0 @ coastwatch.pfeg.noaa.gov 2026-06-22: 403 Client Error:  for url: https://coastwatch.pfeg.noaa.gov/erddap/griddap/OSCAR_L4_OC_NRT_V2.0.nc?u%5B(2026-06-22T00:00:00Z)%5D%5B(0.0)%5D%5B(33.7):1:(39.0)%5D%5B(-78.89):1:(-72.21)%5D,v%5B(2026-06-22T00:00:00Z)%5D%5B(0.0)%5D%5B(33.7):1:(39.0)%5D%5B(-78.89):1:(-72.21)%5D
  Trying OSCAR_L4_OC_NRT_V2.0 @ upwell.pfeg.noaa.gov 2026-06-22 ...
  OSCAR_L4_OC_NRT_V2.0 @ upwell.pfeg.noaa.gov 2026-06-22: 403 Client Error:  for url: https://upwell.pfeg.noaa.gov/erddap/griddap/OSCAR_L4_OC_NRT_V2.0.nc?u%5B(2026-06-22T00:00:00Z)%5D%5B(0.0)%5D%5B(33.7):1:(39.0)%5D%5B(-78.89):1:(-72.21)%5D,v%5B(2026-06-22T00:00:00Z)%5D%5B(0.0)%5D%5B(33.7):1:(39.0)%5D%5B(-78.89):1:(-72.21)%5D
  Trying OSCAR_L4_OC_NRT_V2.0 @ coastwatch.pfeg.noaa.gov 2026-06-21 ...
  OSCAR_L4_OC_NRT_V2.0 @ coastwatch.pfeg.noaa.gov 2026-06-21: 403 Client Error:  for url: https://coastwatch.pfeg.noaa.gov/erddap/griddap/OSCAR_L4_OC_NRT_V2.0.nc?u%5B(2026-06-21T00:00:00Z)%5D%5B(0.0)%5D%5B(33.7):1:(39.0)%5D%5B(-78.89):1:(-72.21)%5D,v%5B(2026-06-21T00:00:00Z)%5D%5B(0.0)%5D%5B(33.7):1:(39.0)%5D%5B(-78.89):1:(-72.21)%5D
  Trying OSCAR_L4_OC_NRT_V2.0 @ upwell.pfeg.noaa.gov 2026-06-21 ...
  OSCAR_L4_OC_NRT_V2.0 @ upwell.pfeg.noaa.gov 2026-06-21: 403 Client Error:  for url: https://upwell.pfeg.noaa.gov/erddap/griddap/OSCAR_L4_OC_NRT_V2.0.nc?u%5B(2026-06-21T00:00:00Z)%5D%5B(0.0)%5D%5B(33.7):1:(39.0)%5D%5B(-78.89):1:(-72.21)%5D,v%5B(2026-06-21T00:00:00Z)%5D%5B(0.0)%5D%5B(33.7):1:(39.0)%5D%5B(-78.89):1:(-72.21)%5D
  Trying OSCAR_L4_OC_NRT_V2.0 @ coastwatch.pfeg.noaa.gov 2026-06-20 ...
  OSCAR_L4_OC_NRT_V2.0 @ coastwatch.pfeg.noaa.gov 2026-06-20: 403 Client Error:  for url: https://coastwatch.pfeg.noaa.gov/erddap/griddap/OSCAR_L4_OC_NRT_V2.0.nc?u%5B(2026-06-20T00:00:00Z)%5D%5B(0.0)%5D%5B(33.7):1:(39.0)%5D%5B(-78.89):1:(-72.21)%5D,v%5B(2026-06-20T00:00:00Z)%5D%5B(0.0)%5D%5B(33.7):1:(39.0)%5D%5B(-78.89):1:(-72.21)%5D
  Trying OSCAR_L4_OC_NRT_V2.0 @ upwell.pfeg.noaa.gov 2026-06-20 ...
  OSCAR_L4_OC_NRT_V2.0 @ upwell.pfeg.noaa.gov 2026-06-20: 403 Client Error:  for url: https://upwell.pfeg.noaa.gov/erddap/griddap/OSCAR_L4_OC_NRT_V2.0.nc?u%5B(2026-06-20T00:00:00Z)%5D%5B(0.0)%5D%5B(33.7):1:(39.0)%5D%5B(-78.89):1:(-72.21)%5D,v%5B(2026-06-20T00:00:00Z)%5D%5B(0.0)%5D%5B(33.7):1:(39.0)%5D%5B(-78.89):1:(-72.21)%5D
  Trying OSCAR_L4_OC_NRT_V2.0 @ coastwatch.pfeg.noaa.gov 2026-06-19 ...
  OSCAR_L4_OC_NRT_V2.0 @ coastwatch.pfeg.noaa.gov 2026-06-19: 403 Client Error:  for url: https://coastwatch.pfeg.noaa.gov/erddap/griddap/OSCAR_L4_OC_NRT_V2.0.nc?u%5B(2026-06-19T00:00:00Z)%5D%5B(0.0)%5D%5B(33.7):1:(39.0)%5D%5B(-78.89):1:(-72.21)%5D,v%5B(2026-06-19T00:00:00Z)%5D%5B(0.0)%5D%5B(33.7):1:(39.0)%5D%5B(-78.89):1:(-72.21)%5D
  Trying OSCAR_L4_OC_NRT_V2.0 @ upwell.pfeg.noaa.gov 2026-06-19 ...
  OSCAR_L4_OC_NRT_V2.0 @ upwell.pfeg.noaa.gov 2026-06-19: 403 Client Error:  for url: https://upwell.pfeg.noaa.gov/erddap/griddap/OSCAR_L4_OC_NRT_V2.0.nc?u%5B(2026-06-19T00:00:00Z)%5D%5B(0.0)%5D%5B(33.7):1:(39.0)%5D%5B(-78.89):1:(-72.21)%5D,v%5B(2026-06-19T00:00:00Z)%5D%5B(0.0)%5D%5B(33.7):1:(39.0)%5D%5B(-78.89):1:(-72.21)%5D
  Trying jplOscarV2NRT5day @ coastwatch.pfeg.noaa.gov 2026-06-24 ...
  jplOscarV2NRT5day @ coastwatch.pfeg.noaa.gov 2026-06-24: 403 Client Error:  for url: https://coastwatch.pfeg.noaa.gov/erddap/griddap/jplOscarV2NRT5day.nc?u%5B(2026-06-24T00:00:00Z)%5D%5B(0.0)%5D%5B(33.7):1:(39.0)%5D%5B(-78.89):1:(-72.21)%5D,v%5B(2026-06-24T00:00:00Z)%5D%5B(0.0)%5D%5B(33.7):1:(39.0)%5D%5B(-78.89):1:(-72.21)%5D
  Trying jplOscarV2NRT5day @ upwell.pfeg.noaa.gov 2026-06-24 ...
  jplOscarV2NRT5day @ upwell.pfeg.noaa.gov 2026-06-24: 403 Client Error:  for url: https://upwell.pfeg.noaa.gov/erddap/griddap/jplOscarV2NRT5day.nc?u%5B(2026-06-24T00:00:00Z)%5D%5B(0.0)%5D%5B(33.7):1:(39.0)%5D%5B(-78.89):1:(-72.21)%5D,v%5B(2026-06-24T00:00:00Z)%5D%5B(0.0)%5D%5B(33.7):1:(39.0)%5D%5B(-78.89):1:(-72.21)%5D
  Trying jplOscarV2NRT5day @ coastwatch.pfeg.noaa.gov 2026-06-23 ...
  jplOscarV2NRT5day @ coastwatch.pfeg.noaa.gov 2026-06-23: 403 Client Error:  for url: https://coastwatch.pfeg.noaa.gov/erddap/griddap/jplOscarV2NRT5day.nc?u%5B(2026-06-23T00:00:00Z)%5D%5B(0.0)%5D%5B(33.7):1:(39.0)%5D%5B(-78.89):1:(-72.21)%5D,v%5B(2026-06-23T00:00:00Z)%5D%5B(0.0)%5D%5B(33.7):1:(39.0)%5D%5B(-78.89):1:(-72.21)%5D
  Trying jplOscarV2NRT5day @ upwell.pfeg.noaa.gov 2026-06-23 ...
  jplOscarV2NRT5day @ upwell.pfeg.noaa.gov 2026-06-23: 403 Client Error:  for url: https://upwell.pfeg.noaa.gov/erddap/griddap/jplOscarV2NRT5day.nc?u%5B(2026-06-23T00:00:00Z)%5D%5B(0.0)%5D%5B(33.7):1:(39.0)%5D%5B(-78.89):1:(-72.21)%5D,v%5B(2026-06-23T00:00:00Z)%5D%5B(0.0)%5D%5B(33.7):1:(39.0)%5D%5B(-78.89):1:(-72.21)%5D
  Trying jplOscarV2NRT5day @ coastwatch.pfeg.noaa.gov 2026-06-22 ...
  jplOscarV2NRT5day @ coastwatch.pfeg.noaa.gov 2026-06-22: 403 Client Error:  for url: https://coastwatch.pfeg.noaa.gov/erddap/griddap/jplOscarV2NRT5day.nc?u%5B(2026-06-22T00:00:00Z)%5D%5B(0.0)%5D%5B(33.7):1:(39.0)%5D%5B(-78.89):1:(-72.21)%5D,v%5B(2026-06-22T00:00:00Z)%5D%5B(0.0)%5D%5B(33.7):1:(39.0)%5D%5B(-78.89):1:(-72.21)%5D
  Trying jplOscarV2NRT5day @ upwell.pfeg.noaa.gov 2026-06-22 ...
  jplOscarV2NRT5day @ upwell.pfeg.noaa.gov 2026-06-22: 403 Client Error:  for url: https://upwell.pfeg.noaa.gov/erddap/griddap/jplOscarV2NRT5day.nc?u%5B(2026-06-22T00:00:00Z)%5D%5B(0.0)%5D%5B(33.7):1:(39.0)%5D%5B(-78.89):1:(-72.21)%5D,v%5B(2026-06-22T00:00:00Z)%5D%5B(0.0)%5D%5B(33.7):1:(39.0)%5D%5B(-78.89):1:(-72.21)%5D
  Trying jplOscarV2NRT5day @ coastwatch.pfeg.noaa.gov 2026-06-21 ...
  jplOscarV2NRT5day @ coastwatch.pfeg.noaa.gov 2026-06-21: 403 Client Error:  for url: https://coastwatch.pfeg.noaa.gov/erddap/griddap/jplOscarV2NRT5day.nc?u%5B(2026-06-21T00:00:00Z)%5D%5B(0.0)%5D%5B(33.7):1:(39.0)%5D%5B(-78.89):1:(-72.21)%5D,v%5B(2026-06-21T00:00:00Z)%5D%5B(0.0)%5D%5B(33.7):1:(39.0)%5D%5B(-78.89):1:(-72.21)%5D
  Trying jplOscarV2NRT5day @ upwell.pfeg.noaa.gov 2026-06-21 ...
  jplOscarV2NRT5day @ upwell.pfeg.noaa.gov 2026-06-21: 403 Client Error:  for url: https://upwell.pfeg.noaa.gov/erddap/griddap/jplOscarV2NRT5day.nc?u%5B(2026-06-21T00:00:00Z)%5D%5B(0.0)%5D%5B(33.7):1:(39.0)%5D%5B(-78.89):1:(-72.21)%5D,v%5B(2026-06-21T00:00:00Z)%5D%5B(0.0)%5D%5B(33.7):1:(39.0)%5D%5B(-78.89):1:(-72.21)%5D
  Trying jplOscarV2NRT5day @ coastwatch.pfeg.noaa.gov 2026-06-20 ...
  jplOscarV2NRT5day @ coastwatch.pfeg.noaa.gov 2026-06-20: 403 Client Error:  for url: https://coastwatch.pfeg.noaa.gov/erddap/griddap/jplOscarV2NRT5day.nc?u%5B(2026-06-20T00:00:00Z)%5D%5B(0.0)%5D%5B(33.7):1:(39.0)%5D%5B(-78.89):1:(-72.21)%5D,v%5B(2026-06-20T00:00:00Z)%5D%5B(0.0)%5D%5B(33.7):1:(39.0)%5D%5B(-78.89):1:(-72.21)%5D
  Trying jplOscarV2NRT5day @ upwell.pfeg.noaa.gov 2026-06-20 ...
  jplOscarV2NRT5day @ upwell.pfeg.noaa.gov 2026-06-20: 403 Client Error:  for url: https://upwell.pfeg.noaa.gov/erddap/griddap/jplOscarV2NRT5day.nc?u%5B(2026-06-20T00:00:00Z)%5D%5B(0.0)%5D%5B(33.7):1:(39.0)%5D%5B(-78.89):1:(-72.21)%5D,v%5B(2026-06-20T00:00:00Z)%5D%5B(0.0)%5D%5B(33.7):1:(39.0)%5D%5B(-78.89):1:(-72.21)%5D
  Trying jplOscarV2NRT5day @ coastwatch.pfeg.noaa.gov 2026-06-19 ...
  jplOscarV2NRT5day @ coastwatch.pfeg.noaa.gov 2026-06-19: 403 Client Error:  for url: https://coastwatch.pfeg.noaa.gov/erddap/griddap/jplOscarV2NRT5day.nc?u%5B(2026-06-19T00:00:00Z)%5D%5B(0.0)%5D%5B(33.7):1:(39.0)%5D%5B(-78.89):1:(-72.21)%5D,v%5B(2026-06-19T00:00:00Z)%5D%5B(0.0)%5D%5B(33.7):1:(39.0)%5D%5B(-78.89):1:(-72.21)%5D
  Trying jplOscarV2NRT5day @ upwell.pfeg.noaa.gov 2026-06-19 ...
  jplOscarV2NRT5day @ upwell.pfeg.noaa.gov 2026-06-19: 403 Client Error:  for url: https://upwell.pfeg.noaa.gov/erddap/griddap/jplOscarV2NRT5day.nc?u%5B(2026-06-19T00:00:00Z)%5D%5B(0.0)%5D%5B(33.7):1:(39.0)%5D%5B(-78.89):1:(-72.21)%5D,v%5B(2026-06-19T00:00:00Z)%5D%5B(0.0)%5D%5B(33.7):1:(39.0)%5D%5B(-78.89):1:(-72.21)%5D
  Trying jplOscar1day @ coastwatch.pfeg.noaa.gov 2026-06-24 ...
  jplOscar1day @ coastwatch.pfeg.noaa.gov 2026-06-24: 403 Client Error:  for url: https://coastwatch.pfeg.noaa.gov/erddap/griddap/jplOscar1day.nc?u%5B(2026-06-24T00:00:00Z)%5D%5B(0.0)%5D%5B(33.7):1:(39.0)%5D%5B(-78.89):1:(-72.21)%5D,v%5B(2026-06-24T00:00:00Z)%5D%5B(0.0)%5D%5B(33.7):1:(39.0)%5D%5B(-78.89):1:(-72.21)%5D
  Trying jplOscar1day @ upwell.pfeg.noaa.gov 2026-06-24 ...
  jplOscar1day @ upwell.pfeg.noaa.gov 2026-06-24: 403 Client Error:  for url: https://upwell.pfeg.noaa.gov/erddap/griddap/jplOscar1day.nc?u%5B(2026-06-24T00:00:00Z)%5D%5B(0.0)%5D%5B(33.7):1:(39.0)%5D%5B(-78.89):1:(-72.21)%5D,v%5B(2026-06-24T00:00:00Z)%5D%5B(0.0)%5D%5B(33.7):1:(39.0)%5D%5B(-78.89):1:(-72.21)%5D
  Trying jplOscar1day @ coastwatch.pfeg.noaa.gov 2026-06-23 ...
  jplOscar1day @ coastwatch.pfeg.noaa.gov 2026-06-23: 403 Client Error:  for url: https://coastwatch.pfeg.noaa.gov/erddap/griddap/jplOscar1day.nc?u%5B(2026-06-23T00:00:00Z)%5D%5B(0.0)%5D%5B(33.7):1:(39.0)%5D%5B(-78.89):1:(-72.21)%5D,v%5B(2026-06-23T00:00:00Z)%5D%5B(0.0)%5D%5B(33.7):1:(39.0)%5D%5B(-78.89):1:(-72.21)%5D
  Trying jplOscar1day @ upwell.pfeg.noaa.gov 2026-06-23 ...
  jplOscar1day @ upwell.pfeg.noaa.gov 2026-06-23: 403 Client Error:  for url: https://upwell.pfeg.noaa.gov/erddap/griddap/jplOscar1day.nc?u%5B(2026-06-23T00:00:00Z)%5D%5B(0.0)%5D%5B(33.7):1:(39.0)%5D%5B(-78.89):1:(-72.21)%5D,v%5B(2026-06-23T00:00:00Z)%5D%5B(0.0)%5D%5B(33.7):1:(39.0)%5D%5B(-78.89):1:(-72.21)%5D
  Trying jplOscar1day @ coastwatch.pfeg.noaa.gov 2026-06-22 ...
  jplOscar1day @ coastwatch.pfeg.noaa.gov 2026-06-22: 403 Client Error:  for url: https://coastwatch.pfeg.noaa.gov/erddap/griddap/jplOscar1day.nc?u%5B(2026-06-22T00:00:00Z)%5D%5B(0.0)%5D%5B(33.7):1:(39.0)%5D%5B(-78.89):1:(-72.21)%5D,v%5B(2026-06-22T00:00:00Z)%5D%5B(0.0)%5D%5B(33.7):1:(39.0)%5D%5B(-78.89):1:(-72.21)%5D
  Trying jplOscar1day @ upwell.pfeg.noaa.gov 2026-06-22 ...
  jplOscar1day @ upwell.pfeg.noaa.gov 2026-06-22: 403 Client Error:  for url: https://upwell.pfeg.noaa.gov/erddap/griddap/jplOscar1day.nc?u%5B(2026-06-22T00:00:00Z)%5D%5B(0.0)%5D%5B(33.7):1:(39.0)%5D%5B(-78.89):1:(-72.21)%5D,v%5B(2026-06-22T00:00:00Z)%5D%5B(0.0)%5D%5B(33.7):1:(39.0)%5D%5B(-78.89):1:(-72.21)%5D
  Trying jplOscar1day @ coastwatch.pfeg.noaa.gov 2026-06-21 ...
  jplOscar1day @ coastwatch.pfeg.noaa.gov 2026-06-21: 403 Client Error:  for url: https://coastwatch.pfeg.noaa.gov/erddap/griddap/jplOscar1day.nc?u%5B(2026-06-21T00:00:00Z)%5D%5B(0.0)%5D%5B(33.7):1:(39.0)%5D%5B(-78.89):1:(-72.21)%5D,v%5B(2026-06-21T00:00:00Z)%5D%5B(0.0)%5D%5B(33.7):1:(39.0)%5D%5B(-78.89):1:(-72.21)%5D
  Trying jplOscar1day @ upwell.pfeg.noaa.gov 2026-06-21 ...
  jplOscar1day @ upwell.pfeg.noaa.gov 2026-06-21: 403 Client Error:  for url: https://upwell.pfeg.noaa.gov/erddap/griddap/jplOscar1day.nc?u%5B(2026-06-21T00:00:00Z)%5D%5B(0.0)%5D%5B(33.7):1:(39.0)%5D%5B(-78.89):1:(-72.21)%5D,v%5B(2026-06-21T00:00:00Z)%5D%5B(0.0)%5D%5B(33.7):1:(39.0)%5D%5B(-78.89):1:(-72.21)%5D
  Trying jplOscar1day @ coastwatch.pfeg.noaa.gov 2026-06-20 ...
  jplOscar1day @ coastwatch.pfeg.noaa.gov 2026-06-20: 403 Client Error:  for url: https://coastwatch.pfeg.noaa.gov/erddap/griddap/jplOscar1day.nc?u%5B(2026-06-20T00:00:00Z)%5D%5B(0.0)%5D%5B(33.7):1:(39.0)%5D%5B(-78.89):1:(-72.21)%5D,v%5B(2026-06-20T00:00:00Z)%5D%5B(0.0)%5D%5B(33.7):1:(39.0)%5D%5B(-78.89):1:(-72.21)%5D
  Trying jplOscar1day @ upwell.pfeg.noaa.gov 2026-06-20 ...
  jplOscar1day @ upwell.pfeg.noaa.gov 2026-06-20: 403 Client Error:  for url: https://upwell.pfeg.noaa.gov/erddap/griddap/jplOscar1day.nc?u%5B(2026-06-20T00:00:00Z)%5D%5B(0.0)%5D%5B(33.7):1:(39.0)%5D%5B(-78.89):1:(-72.21)%5D,v%5B(2026-06-20T00:00:00Z)%5D%5B(0.0)%5D%5B(33.7):1:(39.0)%5D%5B(-78.89):1:(-72.21)%5D
  Trying jplOscar1day @ coastwatch.pfeg.noaa.gov 2026-06-19 ...
  jplOscar1day @ coastwatch.pfeg.noaa.gov 2026-06-19: 403 Client Error:  for url: https://coastwatch.pfeg.noaa.gov/erddap/griddap/jplOscar1day.nc?u%5B(2026-06-19T00:00:00Z)%5D%5B(0.0)%5D%5B(33.7):1:(39.0)%5D%5B(-78.89):1:(-72.21)%5D,v%5B(2026-06-19T00:00:00Z)%5D%5B(0.0)%5D%5B(33.7):1:(39.0)%5D%5B(-78.89):1:(-72.21)%5D
  Trying jplOscar1day @ upwell.pfeg.noaa.gov 2026-06-19 ...
  jplOscar1day @ upwell.pfeg.noaa.gov 2026-06-19: 403 Client Error:  for url: https://upwell.pfeg.noaa.gov/erddap/griddap/jplOscar1day.nc?u%5B(2026-06-19T00:00:00Z)%5D%5B(0.0)%5D%5B(33.7):1:(39.0)%5D%5B(-78.89):1:(-72.21)%5D,v%5B(2026-06-19T00:00:00Z)%5D%5B(0.0)%5D%5B(33.7):1:(39.0)%5D%5B(-78.89):1:(-72.21)%5D
  Trying erdQCkm1day @ coastwatch.pfeg.noaa.gov 2026-06-24 ...
  erdQCkm1day @ coastwatch.pfeg.noaa.gov 2026-06-24: 403 Client Error:  for url: https://coastwatch.pfeg.noaa.gov/erddap/griddap/erdQCkm1day.nc?u%5B(2026-06-24T00:00:00Z)%5D%5B(0.0)%5D%5B(33.7):1:(39.0)%5D%5B(-78.89):1:(-72.21)%5D,v%5B(2026-06-24T00:00:00Z)%5D%5B(0.0)%5D%5B(33.7):1:(39.0)%5D%5B(-78.89):1:(-72.21)%5D
  Trying erdQCkm1day @ upwell.pfeg.noaa.gov 2026-06-24 ...
  erdQCkm1day @ upwell.pfeg.noaa.gov 2026-06-24: 403 Client Error:  for url: https://upwell.pfeg.noaa.gov/erddap/griddap/erdQCkm1day.nc?u%5B(2026-06-24T00:00:00Z)%5D%5B(0.0)%5D%5B(33.7):1:(39.0)%5D%5B(-78.89):1:(-72.21)%5D,v%5B(2026-06-24T00:00:00Z)%5D%5B(0.0)%5D%5B(33.7):1:(39.0)%5D%5B(-78.89):1:(-72.21)%5D
  Trying erdQCkm1day @ coastwatch.pfeg.noaa.gov 2026-06-23 ...
  erdQCkm1day @ coastwatch.pfeg.noaa.gov 2026-06-23: 403 Client Error:  for url: https://coastwatch.pfeg.noaa.gov/erddap/griddap/erdQCkm1day.nc?u%5B(2026-06-23T00:00:00Z)%5D%5B(0.0)%5D%5B(33.7):1:(39.0)%5D%5B(-78.89):1:(-72.21)%5D,v%5B(2026-06-23T00:00:00Z)%5D%5B(0.0)%5D%5B(33.7):1:(39.0)%5D%5B(-78.89):1:(-72.21)%5D
  Trying erdQCkm1day @ upwell.pfeg.noaa.gov 2026-06-23 ...
  erdQCkm1day @ upwell.pfeg.noaa.gov 2026-06-23: 403 Client Error:  for url: https://upwell.pfeg.noaa.gov/erddap/griddap/erdQCkm1day.nc?u%5B(2026-06-23T00:00:00Z)%5D%5B(0.0)%5D%5B(33.7):1:(39.0)%5D%5B(-78.89):1:(-72.21)%5D,v%5B(2026-06-23T00:00:00Z)%5D%5B(0.0)%5D%5B(33.7):1:(39.0)%5D%5B(-78.89):1:(-72.21)%5D
  Trying erdQCkm1day @ coastwatch.pfeg.noaa.gov 2026-06-22 ...
  erdQCkm1day @ coastwatch.pfeg.noaa.gov 2026-06-22: 403 Client Error:  for url: https://coastwatch.pfeg.noaa.gov/erddap/griddap/erdQCkm1day.nc?u%5B(2026-06-22T00:00:00Z)%5D%5B(0.0)%5D%5B(33.7):1:(39.0)%5D%5B(-78.89):1:(-72.21)%5D,v%5B(2026-06-22T00:00:00Z)%5D%5B(0.0)%5D%5B(33.7):1:(39.0)%5D%5B(-78.89):1:(-72.21)%5D
  Trying erdQCkm1day @ upwell.pfeg.noaa.gov 2026-06-22 ...
  erdQCkm1day @ upwell.pfeg.noaa.gov 2026-06-22: 403 Client Error:  for url: https://upwell.pfeg.noaa.gov/erddap/griddap/erdQCkm1day.nc?u%5B(2026-06-22T00:00:00Z)%5D%5B(0.0)%5D%5B(33.7):1:(39.0)%5D%5B(-78.89):1:(-72.21)%5D,v%5B(2026-06-22T00:00:00Z)%5D%5B(0.0)%5D%5B(33.7):1:(39.0)%5D%5B(-78.89):1:(-72.21)%5D
  Trying erdQCkm1day @ coastwatch.pfeg.noaa.gov 2026-06-21 ...
  erdQCkm1day @ coastwatch.pfeg.noaa.gov 2026-06-21: 403 Client Error:  for url: https://coastwatch.pfeg.noaa.gov/erddap/griddap/erdQCkm1day.nc?u%5B(2026-06-21T00:00:00Z)%5D%5B(0.0)%5D%5B(33.7):1:(39.0)%5D%5B(-78.89):1:(-72.21)%5D,v%5B(2026-06-21T00:00:00Z)%5D%5B(0.0)%5D%5B(33.7):1:(39.0)%5D%5B(-78.89):1:(-72.21)%5D
  Trying erdQCkm1day @ upwell.pfeg.noaa.gov 2026-06-21 ...
  erdQCkm1day @ upwell.pfeg.noaa.gov 2026-06-21: 403 Client Error:  for url: https://upwell.pfeg.noaa.gov/erddap/griddap/erdQCkm1day.nc?u%5B(2026-06-21T00:00:00Z)%5D%5B(0.0)%5D%5B(33.7):1:(39.0)%5D%5B(-78.89):1:(-72.21)%5D,v%5B(2026-06-21T00:00:00Z)%5D%5B(0.0)%5D%5B(33.7):1:(39.0)%5D%5B(-78.89):1:(-72.21)%5D
  Trying erdQCkm1day @ coastwatch.pfeg.noaa.gov 2026-06-20 ...
  erdQCkm1day @ coastwatch.pfeg.noaa.gov 2026-06-20: 403 Client Error:  for url: https://coastwatch.pfeg.noaa.gov/erddap/griddap/erdQCkm1day.nc?u%5B(2026-06-20T00:00:00Z)%5D%5B(0.0)%5D%5B(33.7):1:(39.0)%5D%5B(-78.89):1:(-72.21)%5D,v%5B(2026-06-20T00:00:00Z)%5D%5B(0.0)%5D%5B(33.7):1:(39.0)%5D%5B(-78.89):1:(-72.21)%5D
  Trying erdQCkm1day @ upwell.pfeg.noaa.gov 2026-06-20 ...
  erdQCkm1day @ upwell.pfeg.noaa.gov 2026-06-20: 403 Client Error:  for url: https://upwell.pfeg.noaa.gov/erddap/griddap/erdQCkm1day.nc?u%5B(2026-06-20T00:00:00Z)%5D%5B(0.0)%5D%5B(33.7):1:(39.0)%5D%5B(-78.89):1:(-72.21)%5D,v%5B(2026-06-20T00:00:00Z)%5D%5B(0.0)%5D%5B(33.7):1:(39.0)%5D%5B(-78.89):1:(-72.21)%5D
  Trying erdQCkm1day @ coastwatch.pfeg.noaa.gov 2026-06-19 ...
  erdQCkm1day @ coastwatch.pfeg.noaa.gov 2026-06-19: 403 Client Error:  for url: https://coastwatch.pfeg.noaa.gov/erddap/griddap/erdQCkm1day.nc?u%5B(2026-06-19T00:00:00Z)%5D%5B(0.0)%5D%5B(33.7):1:(39.0)%5D%5B(-78.89):1:(-72.21)%5D,v%5B(2026-06-19T00:00:00Z)%5D%5B(0.0)%5D%5B(33.7):1:(39.0)%5D%5B(-78.89):1:(-72.21)%5D
  Trying erdQCkm1day @ upwell.pfeg.noaa.gov 2026-06-19 ...
  erdQCkm1day @ upwell.pfeg.noaa.gov 2026-06-19: 403 Client Error:  for url: https://upwell.pfeg.noaa.gov/erddap/griddap/erdQCkm1day.nc?u%5B(2026-06-19T00:00:00Z)%5D%5B(0.0)%5D%5B(33.7):1:(39.0)%5D%5B(-78.89):1:(-72.21)%5D,v%5B(2026-06-19T00:00:00Z)%5D%5B(0.0)%5D%5B(33.7):1:(39.0)%5D%5B(-78.89):1:(-72.21)%5D
  OSCAR: all attempts failed

[CMEMS] Currents  (2026-06-24)  0.083 deg, daily
  CMEMS currents failed: 

[CMEMS] Altimetry  (2026-06-24)  0.125 deg, daily
