============================================================
  Ocean Dynamics Fetcher — Currents + Altimetry
  Date      : 2026-08-22
  BBOX      : {'lat_min': 37.26, 'lat_max': 41.51, 'lon_min': -77.46, 'lon_max': -68.97}
  Output    : /home/runner/work/SSTv2/SSTv2/DailySST
============================================================

[1/3] HYCOM currents + SSH  (target: 2026-08-22)  ~1/12 deg
  HYCOM catalog found dataset: FMRC_ESPC-D-V02_uv3z
  Trying https://tds.hycom.org/thredds/ncss/FMRC_ESPC-D-V02_uv3z/runs/FMRC_ESPC-D-V02_uv3...
  HYCOM 2026-08-22 12Z failed: 400 Client Error: 400 for url: https://tds.hycom.org/thredds/ncss/FMRC_ESPC-D-V02_uv3z/runs/FMRC_ESPC-D-V02_uv3z_RUN_2026-08-22T12:00:00Z?var=water_u&var=water_v&var=surf_el&north=41.51&south=37.26&west=-77.46&east=-68.97&horizStride=1&vertCoord=0&disableLLSubset=on&disableProjSubset=on&time_start=2026-08-22T12:00:00Z&time_end=2026-08-22T12:00:00Z&accept=netcdf
  Trying https://tds.hycom.org/thredds/ncss/FMRC_ESPC-D-V02_uv3z/FMRC_ESPC-D-V02_uv3z_bes...
  HYCOM 2026-08-22 12Z failed: 400 Client Error: 400 for url: https://tds.hycom.org/thredds/ncss/FMRC_ESPC-D-V02_uv3z/FMRC_ESPC-D-V02_uv3z_best.ncd?var=water_u&var=water_v&var=surf_el&north=41.51&south=37.26&west=-77.46&east=-68.97&horizStride=1&vertCoord=0&disableLLSubset=on&disableProjSubset=on&time_start=2026-08-22T12:00:00Z&time_end=2026-08-22T12:00:00Z&accept=netcdf
  Trying https://tds.hycom.org/thredds/ncss/FMRC_ESPC-D-V02_uv3z/runs/FMRC_ESPC-D-V02_uv3...
  HYCOM 2026-08-22 00Z failed: 404 Client Error: 404 for url: https://tds.hycom.org/thredds/ncss/FMRC_ESPC-D-V02_uv3z/runs/FMRC_ESPC-D-V02_uv3z_RUN_2026-08-22T00:00:00Z?var=water_u&var=water_v&var=surf_el&north=41.51&south=37.26&west=-77.46&east=-68.97&horizStride=1&vertCoord=0&disableLLSubset=on&disableProjSubset=on&time_start=2026-08-22T00:00:00Z&time_end=2026-08-22T00:00:00Z&accept=netcdf
  Trying https://tds.hycom.org/thredds/ncss/FMRC_ESPC-D-V02_uv3z/FMRC_ESPC-D-V02_uv3z_bes...
  HYCOM 2026-08-22 00Z failed: 400 Client Error: 400 for url: https://tds.hycom.org/thredds/ncss/FMRC_ESPC-D-V02_uv3z/FMRC_ESPC-D-V02_uv3z_best.ncd?var=water_u&var=water_v&var=surf_el&north=41.51&south=37.26&west=-77.46&east=-68.97&horizStride=1&vertCoord=0&disableLLSubset=on&disableProjSubset=on&time_start=2026-08-22T00:00:00Z&time_end=2026-08-22T00:00:00Z&accept=netcdf
  Trying https://tds.hycom.org/thredds/ncss/FMRC_ESPC-D-V02_uv3z/runs/FMRC_ESPC-D-V02_uv3...
  HYCOM 2026-08-21 12Z failed: 400 Client Error: 400 for url: https://tds.hycom.org/thredds/ncss/FMRC_ESPC-D-V02_uv3z/runs/FMRC_ESPC-D-V02_uv3z_RUN_2026-08-21T12:00:00Z?var=water_u&var=water_v&var=surf_el&north=41.51&south=37.26&west=-77.46&east=-68.97&horizStride=1&vertCoord=0&disableLLSubset=on&disableProjSubset=on&time_start=2026-08-21T12:00:00Z&time_end=2026-08-21T12:00:00Z&accept=netcdf
  Trying https://tds.hycom.org/thredds/ncss/FMRC_ESPC-D-V02_uv3z/FMRC_ESPC-D-V02_uv3z_bes...
  HYCOM 2026-08-21 12Z failed: 400 Client Error: 400 for url: https://tds.hycom.org/thredds/ncss/FMRC_ESPC-D-V02_uv3z/FMRC_ESPC-D-V02_uv3z_best.ncd?var=water_u&var=water_v&var=surf_el&north=41.51&south=37.26&west=-77.46&east=-68.97&horizStride=1&vertCoord=0&disableLLSubset=on&disableProjSubset=on&time_start=2026-08-21T12:00:00Z&time_end=2026-08-21T12:00:00Z&accept=netcdf
  Trying https://tds.hycom.org/thredds/ncss/FMRC_ESPC-D-V02_uv3z/runs/FMRC_ESPC-D-V02_uv3...
  HYCOM 2026-08-21 00Z failed: 404 Client Error: 404 for url: https://tds.hycom.org/thredds/ncss/FMRC_ESPC-D-V02_uv3z/runs/FMRC_ESPC-D-V02_uv3z_RUN_2026-08-21T00:00:00Z?var=water_u&var=water_v&var=surf_el&north=41.51&south=37.26&west=-77.46&east=-68.97&horizStride=1&vertCoord=0&disableLLSubset=on&disableProjSubset=on&time_start=2026-08-21T00:00:00Z&time_end=2026-08-21T00:00:00Z&accept=netcdf
  Trying https://tds.hycom.org/thredds/ncss/FMRC_ESPC-D-V02_uv3z/FMRC_ESPC-D-V02_uv3z_bes...
  HYCOM 2026-08-21 00Z failed: 400 Client Error: 400 for url: https://tds.hycom.org/thredds/ncss/FMRC_ESPC-D-V02_uv3z/FMRC_ESPC-D-V02_uv3z_best.ncd?var=water_u&var=water_v&var=surf_el&north=41.51&south=37.26&west=-77.46&east=-68.97&horizStride=1&vertCoord=0&disableLLSubset=on&disableProjSubset=on&time_start=2026-08-21T00:00:00Z&time_end=2026-08-21T00:00:00Z&accept=netcdf
  Trying https://tds.hycom.org/thredds/ncss/FMRC_ESPC-D-V02_uv3z/runs/FMRC_ESPC-D-V02_uv3...
  HYCOM 2026-08-20 12Z failed: 400 Client Error: 400 for url: https://tds.hycom.org/thredds/ncss/FMRC_ESPC-D-V02_uv3z/runs/FMRC_ESPC-D-V02_uv3z_RUN_2026-08-20T12:00:00Z?var=water_u&var=water_v&var=surf_el&north=41.51&south=37.26&west=-77.46&east=-68.97&horizStride=1&vertCoord=0&disableLLSubset=on&disableProjSubset=on&time_start=2026-08-20T12:00:00Z&time_end=2026-08-20T12:00:00Z&accept=netcdf
  Trying https://tds.hycom.org/thredds/ncss/FMRC_ESPC-D-V02_uv3z/FMRC_ESPC-D-V02_uv3z_bes...
  HYCOM 2026-08-20 12Z failed: 400 Client Error: 400 for url: https://tds.hycom.org/thredds/ncss/FMRC_ESPC-D-V02_uv3z/FMRC_ESPC-D-V02_uv3z_best.ncd?var=water_u&var=water_v&var=surf_el&north=41.51&south=37.26&west=-77.46&east=-68.97&horizStride=1&vertCoord=0&disableLLSubset=on&disableProjSubset=on&time_start=2026-08-20T12:00:00Z&time_end=2026-08-20T12:00:00Z&accept=netcdf
  Trying https://tds.hycom.org/thredds/ncss/FMRC_ESPC-D-V02_uv3z/runs/FMRC_ESPC-D-V02_uv3...
  HYCOM 2026-08-20 00Z failed: 404 Client Error: 404 for url: https://tds.hycom.org/thredds/ncss/FMRC_ESPC-D-V02_uv3z/runs/FMRC_ESPC-D-V02_uv3z_RUN_2026-08-20T00:00:00Z?var=water_u&var=water_v&var=surf_el&north=41.51&south=37.26&west=-77.46&east=-68.97&horizStride=1&vertCoord=0&disableLLSubset=on&disableProjSubset=on&time_start=2026-08-20T00:00:00Z&time_end=2026-08-20T00:00:00Z&accept=netcdf
  Trying https://tds.hycom.org/thredds/ncss/FMRC_ESPC-D-V02_uv3z/FMRC_ESPC-D-V02_uv3z_bes...
  HYCOM 2026-08-20 00Z failed: 400 Client Error: 400 for url: https://tds.hycom.org/thredds/ncss/FMRC_ESPC-D-V02_uv3z/FMRC_ESPC-D-V02_uv3z_best.ncd?var=water_u&var=water_v&var=surf_el&north=41.51&south=37.26&west=-77.46&east=-68.97&horizStride=1&vertCoord=0&disableLLSubset=on&disableProjSubset=on&time_start=2026-08-20T00:00:00Z&time_end=2026-08-20T00:00:00Z&accept=netcdf
  Trying https://tds.hycom.org/thredds/ncss/FMRC_ESPC-D-V02_uv3z/runs/FMRC_ESPC-D-V02_uv3...
  HYCOM 2026-08-19 12Z failed: 400 Client Error: 400 for url: https://tds.hycom.org/thredds/ncss/FMRC_ESPC-D-V02_uv3z/runs/FMRC_ESPC-D-V02_uv3z_RUN_2026-08-19T12:00:00Z?var=water_u&var=water_v&var=surf_el&north=41.51&south=37.26&west=-77.46&east=-68.97&horizStride=1&vertCoord=0&disableLLSubset=on&disableProjSubset=on&time_start=2026-08-19T12:00:00Z&time_end=2026-08-19T12:00:00Z&accept=netcdf
  Trying https://tds.hycom.org/thredds/ncss/FMRC_ESPC-D-V02_uv3z/FMRC_ESPC-D-V02_uv3z_bes...
  HYCOM 2026-08-19 12Z failed: 400 Client Error: 400 for url: https://tds.hycom.org/thredds/ncss/FMRC_ESPC-D-V02_uv3z/FMRC_ESPC-D-V02_uv3z_best.ncd?var=water_u&var=water_v&var=surf_el&north=41.51&south=37.26&west=-77.46&east=-68.97&horizStride=1&vertCoord=0&disableLLSubset=on&disableProjSubset=on&time_start=2026-08-19T12:00:00Z&time_end=2026-08-19T12:00:00Z&accept=netcdf
  Trying https://tds.hycom.org/thredds/ncss/FMRC_ESPC-D-V02_uv3z/runs/FMRC_ESPC-D-V02_uv3...
  HYCOM 2026-08-19 00Z failed: 404 Client Error: 404 for url: https://tds.hycom.org/thredds/ncss/FMRC_ESPC-D-V02_uv3z/runs/FMRC_ESPC-D-V02_uv3z_RUN_2026-08-19T00:00:00Z?var=water_u&var=water_v&var=surf_el&north=41.51&south=37.26&west=-77.46&east=-68.97&horizStride=1&vertCoord=0&disableLLSubset=on&disableProjSubset=on&time_start=2026-08-19T00:00:00Z&time_end=2026-08-19T00:00:00Z&accept=netcdf
  Trying https://tds.hycom.org/thredds/ncss/FMRC_ESPC-D-V02_uv3z/FMRC_ESPC-D-V02_uv3z_bes...
  HYCOM 2026-08-19 00Z failed: 400 Client Error: 400 for url: https://tds.hycom.org/thredds/ncss/FMRC_ESPC-D-V02_uv3z/FMRC_ESPC-D-V02_uv3z_best.ncd?var=water_u&var=water_v&var=surf_el&north=41.51&south=37.26&west=-77.46&east=-68.97&horizStride=1&vertCoord=0&disableLLSubset=on&disableProjSubset=on&time_start=2026-08-19T00:00:00Z&time_end=2026-08-19T00:00:00Z&accept=netcdf
  HYCOM: all attempts failed

[2/3] OSCAR currents  (target: 2026-08-22)  1/3 deg, 5-day composite
  Trying OSCAR_L4_OC_NRT_V2.1 @ coastwatch.pfeg.noaa.gov 2026-08-22 ...
  OSCAR_L4_OC_NRT_V2.1 @ coastwatch.pfeg.noaa.gov 2026-08-22: HTTPSConnectionPool(host='coastwatch.pfeg.noaa.gov', port=443): Max retries exceeded with url: /erddap/griddap/OSCAR_L4_OC_NRT_V2.1.nc?u%5B(2026-08-22T00:00:00Z)%5D%5B(0.0)%5D%5B(37.26):1:(41.51)%5D%5B(-77.46):1:(-68.97)%5D,v%5B(2026-08-22T00:00:00Z)%5D%5B(0.0)%5D%5B(37.26):1:(41.51)%5D%5B(-77.46):1:(-68.97)%5D (Caused by ProtocolError('Connection aborted.', ConnectionResetError(104, 'Connection reset by peer')))
  Trying OSCAR_L4_OC_NRT_V2.1 @ upwell.pfeg.noaa.gov 2026-08-22 ...
  OSCAR_L4_OC_NRT_V2.1 @ upwell.pfeg.noaa.gov 2026-08-22: 403 Client Error:  for url: https://upwell.pfeg.noaa.gov/erddap/griddap/OSCAR_L4_OC_NRT_V2.1.nc?u%5B(2026-08-22T00:00:00Z)%5D%5B(0.0)%5D%5B(37.26):1:(41.51)%5D%5B(-77.46):1:(-68.97)%5D,v%5B(2026-08-22T00:00:00Z)%5D%5B(0.0)%5D%5B(37.26):1:(41.51)%5D%5B(-77.46):1:(-68.97)%5D
  Trying OSCAR_L4_OC_NRT_V2.1 @ coastwatch.pfeg.noaa.gov 2026-08-21 ...
  OSCAR_L4_OC_NRT_V2.1 @ coastwatch.pfeg.noaa.gov 2026-08-21: HTTPSConnectionPool(host='coastwatch.pfeg.noaa.gov', port=443): Max retries exceeded with url: /erddap/griddap/OSCAR_L4_OC_NRT_V2.1.nc?u%5B(2026-08-21T00:00:00Z)%5D%5B(0.0)%5D%5B(37.26):1:(41.51)%5D%5B(-77.46):1:(-68.97)%5D,v%5B(2026-08-21T00:00:00Z)%5D%5B(0.0)%5D%5B(37.26):1:(41.51)%5D%5B(-77.46):1:(-68.97)%5D (Caused by ProtocolError('Connection aborted.', ConnectionResetError(104, 'Connection reset by peer')))
  Trying OSCAR_L4_OC_NRT_V2.1 @ upwell.pfeg.noaa.gov 2026-08-21 ...
  OSCAR_L4_OC_NRT_V2.1 @ upwell.pfeg.noaa.gov 2026-08-21: 403 Client Error:  for url: https://upwell.pfeg.noaa.gov/erddap/griddap/OSCAR_L4_OC_NRT_V2.1.nc?u%5B(2026-08-21T00:00:00Z)%5D%5B(0.0)%5D%5B(37.26):1:(41.51)%5D%5B(-77.46):1:(-68.97)%5D,v%5B(2026-08-21T00:00:00Z)%5D%5B(0.0)%5D%5B(37.26):1:(41.51)%5D%5B(-77.46):1:(-68.97)%5D
  Trying OSCAR_L4_OC_NRT_V2.1 @ coastwatch.pfeg.noaa.gov 2026-08-20 ...
  OSCAR_L4_OC_NRT_V2.1 @ coastwatch.pfeg.noaa.gov 2026-08-20: HTTPSConnectionPool(host='coastwatch.pfeg.noaa.gov', port=443): Max retries exceeded with url: /erddap/griddap/OSCAR_L4_OC_NRT_V2.1.nc?u%5B(2026-08-20T00:00:00Z)%5D%5B(0.0)%5D%5B(37.26):1:(41.51)%5D%5B(-77.46):1:(-68.97)%5D,v%5B(2026-08-20T00:00:00Z)%5D%5B(0.0)%5D%5B(37.26):1:(41.51)%5D%5B(-77.46):1:(-68.97)%5D (Caused by ProtocolError('Connection aborted.', ConnectionResetError(104, 'Connection reset by peer')))
  Trying OSCAR_L4_OC_NRT_V2.1 @ upwell.pfeg.noaa.gov 2026-08-20 ...
  OSCAR_L4_OC_NRT_V2.1 @ upwell.pfeg.noaa.gov 2026-08-20: 403 Client Error:  for url: https://upwell.pfeg.noaa.gov/erddap/griddap/OSCAR_L4_OC_NRT_V2.1.nc?u%5B(2026-08-20T00:00:00Z)%5D%5B(0.0)%5D%5B(37.26):1:(41.51)%5D%5B(-77.46):1:(-68.97)%5D,v%5B(2026-08-20T00:00:00Z)%5D%5B(0.0)%5D%5B(37.26):1:(41.51)%5D%5B(-77.46):1:(-68.97)%5D
  Trying OSCAR_L4_OC_NRT_V2.1 @ coastwatch.pfeg.noaa.gov 2026-08-19 ...
  OSCAR_L4_OC_NRT_V2.1 @ coastwatch.pfeg.noaa.gov 2026-08-19: HTTPSConnectionPool(host='coastwatch.pfeg.noaa.gov', port=443): Max retries exceeded with url: /erddap/griddap/OSCAR_L4_OC_NRT_V2.1.nc?u%5B(2026-08-19T00:00:00Z)%5D%5B(0.0)%5D%5B(37.26):1:(41.51)%5D%5B(-77.46):1:(-68.97)%5D,v%5B(2026-08-19T00:00:00Z)%5D%5B(0.0)%5D%5B(37.26):1:(41.51)%5D%5B(-77.46):1:(-68.97)%5D (Caused by ProtocolError('Connection aborted.', ConnectionResetError(104, 'Connection reset by peer')))
  Trying OSCAR_L4_OC_NRT_V2.1 @ upwell.pfeg.noaa.gov 2026-08-19 ...
  OSCAR_L4_OC_NRT_V2.1 @ upwell.pfeg.noaa.gov 2026-08-19: 403 Client Error:  for url: https://upwell.pfeg.noaa.gov/erddap/griddap/OSCAR_L4_OC_NRT_V2.1.nc?u%5B(2026-08-19T00:00:00Z)%5D%5B(0.0)%5D%5B(37.26):1:(41.51)%5D%5B(-77.46):1:(-68.97)%5D,v%5B(2026-08-19T00:00:00Z)%5D%5B(0.0)%5D%5B(37.26):1:(41.51)%5D%5B(-77.46):1:(-68.97)%5D
  Trying OSCAR_L4_OC_NRT_V2.1 @ coastwatch.pfeg.noaa.gov 2026-08-18 ...
  OSCAR_L4_OC_NRT_V2.1 @ coastwatch.pfeg.noaa.gov 2026-08-18: HTTPSConnectionPool(host='coastwatch.pfeg.noaa.gov', port=443): Max retries exceeded with url: /erddap/griddap/OSCAR_L4_OC_NRT_V2.1.nc?u%5B(2026-08-18T00:00:00Z)%5D%5B(0.0)%5D%5B(37.26):1:(41.51)%5D%5B(-77.46):1:(-68.97)%5D,v%5B(2026-08-18T00:00:00Z)%5D%5B(0.0)%5D%5B(37.26):1:(41.51)%5D%5B(-77.46):1:(-68.97)%5D (Caused by ProtocolError('Connection aborted.', ConnectionResetError(104, 'Connection reset by peer')))
  Trying OSCAR_L4_OC_NRT_V2.1 @ upwell.pfeg.noaa.gov 2026-08-18 ...
  OSCAR_L4_OC_NRT_V2.1 @ upwell.pfeg.noaa.gov 2026-08-18: 403 Client Error:  for url: https://upwell.pfeg.noaa.gov/erddap/griddap/OSCAR_L4_OC_NRT_V2.1.nc?u%5B(2026-08-18T00:00:00Z)%5D%5B(0.0)%5D%5B(37.26):1:(41.51)%5D%5B(-77.46):1:(-68.97)%5D,v%5B(2026-08-18T00:00:00Z)%5D%5B(0.0)%5D%5B(37.26):1:(41.51)%5D%5B(-77.46):1:(-68.97)%5D
  Trying OSCAR_L4_OC_NRT_V2.1 @ coastwatch.pfeg.noaa.gov 2026-08-17 ...
  OSCAR_L4_OC_NRT_V2.1 @ coastwatch.pfeg.noaa.gov 2026-08-17: HTTPSConnectionPool(host='coastwatch.pfeg.noaa.gov', port=443): Max retries exceeded with url: /erddap/griddap/OSCAR_L4_OC_NRT_V2.1.nc?u%5B(2026-08-17T00:00:00Z)%5D%5B(0.0)%5D%5B(37.26):1:(41.51)%5D%5B(-77.46):1:(-68.97)%5D,v%5B(2026-08-17T00:00:00Z)%5D%5B(0.0)%5D%5B(37.26):1:(41.51)%5D%5B(-77.46):1:(-68.97)%5D (Caused by ProtocolError('Connection aborted.', ConnectionResetError(104, 'Connection reset by peer')))
  Trying OSCAR_L4_OC_NRT_V2.1 @ upwell.pfeg.noaa.gov 2026-08-17 ...
  OSCAR_L4_OC_NRT_V2.1 @ upwell.pfeg.noaa.gov 2026-08-17: 403 Client Error:  for url: https://upwell.pfeg.noaa.gov/erddap/griddap/OSCAR_L4_OC_NRT_V2.1.nc?u%5B(2026-08-17T00:00:00Z)%5D%5B(0.0)%5D%5B(37.26):1:(41.51)%5D%5B(-77.46):1:(-68.97)%5D,v%5B(2026-08-17T00:00:00Z)%5D%5B(0.0)%5D%5B(37.26):1:(41.51)%5D%5B(-77.46):1:(-68.97)%5D
  Trying OSCAR_L4_OC_NRT_V2.0 @ coastwatch.pfeg.noaa.gov 2026-08-22 ...
  OSCAR_L4_OC_NRT_V2.0 @ coastwatch.pfeg.noaa.gov 2026-08-22: HTTPSConnectionPool(host='coastwatch.pfeg.noaa.gov', port=443): Max retries exceeded with url: /erddap/griddap/OSCAR_L4_OC_NRT_V2.0.nc?u%5B(2026-08-22T00:00:00Z)%5D%5B(0.0)%5D%5B(37.26):1:(41.51)%5D%5B(-77.46):1:(-68.97)%5D,v%5B(2026-08-22T00:00:00Z)%5D%5B(0.0)%5D%5B(37.26):1:(41.51)%5D%5B(-77.46):1:(-68.97)%5D (Caused by ProtocolError('Connection aborted.', ConnectionResetError(104, 'Connection reset by peer')))
  Trying OSCAR_L4_OC_NRT_V2.0 @ upwell.pfeg.noaa.gov 2026-08-22 ...
  OSCAR_L4_OC_NRT_V2.0 @ upwell.pfeg.noaa.gov 2026-08-22: 403 Client Error:  for url: https://upwell.pfeg.noaa.gov/erddap/griddap/OSCAR_L4_OC_NRT_V2.0.nc?u%5B(2026-08-22T00:00:00Z)%5D%5B(0.0)%5D%5B(37.26):1:(41.51)%5D%5B(-77.46):1:(-68.97)%5D,v%5B(2026-08-22T00:00:00Z)%5D%5B(0.0)%5D%5B(37.26):1:(41.51)%5D%5B(-77.46):1:(-68.97)%5D
  Trying OSCAR_L4_OC_NRT_V2.0 @ coastwatch.pfeg.noaa.gov 2026-08-21 ...
  OSCAR_L4_OC_NRT_V2.0 @ coastwatch.pfeg.noaa.gov 2026-08-21: HTTPSConnectionPool(host='coastwatch.pfeg.noaa.gov', port=443): Max retries exceeded with url: /erddap/griddap/OSCAR_L4_OC_NRT_V2.0.nc?u%5B(2026-08-21T00:00:00Z)%5D%5B(0.0)%5D%5B(37.26):1:(41.51)%5D%5B(-77.46):1:(-68.97)%5D,v%5B(2026-08-21T00:00:00Z)%5D%5B(0.0)%5D%5B(37.26):1:(41.51)%5D%5B(-77.46):1:(-68.97)%5D (Caused by ProtocolError('Connection aborted.', ConnectionResetError(104, 'Connection reset by peer')))
  Trying OSCAR_L4_OC_NRT_V2.0 @ upwell.pfeg.noaa.gov 2026-08-21 ...
  OSCAR_L4_OC_NRT_V2.0 @ upwell.pfeg.noaa.gov 2026-08-21: 403 Client Error:  for url: https://upwell.pfeg.noaa.gov/erddap/griddap/OSCAR_L4_OC_NRT_V2.0.nc?u%5B(2026-08-21T00:00:00Z)%5D%5B(0.0)%5D%5B(37.26):1:(41.51)%5D%5B(-77.46):1:(-68.97)%5D,v%5B(2026-08-21T00:00:00Z)%5D%5B(0.0)%5D%5B(37.26):1:(41.51)%5D%5B(-77.46):1:(-68.97)%5D
  Trying OSCAR_L4_OC_NRT_V2.0 @ coastwatch.pfeg.noaa.gov 2026-08-20 ...
  OSCAR_L4_OC_NRT_V2.0 @ coastwatch.pfeg.noaa.gov 2026-08-20: HTTPSConnectionPool(host='coastwatch.pfeg.noaa.gov', port=443): Max retries exceeded with url: /erddap/griddap/OSCAR_L4_OC_NRT_V2.0.nc?u%5B(2026-08-20T00:00:00Z)%5D%5B(0.0)%5D%5B(37.26):1:(41.51)%5D%5B(-77.46):1:(-68.97)%5D,v%5B(2026-08-20T00:00:00Z)%5D%5B(0.0)%5D%5B(37.26):1:(41.51)%5D%5B(-77.46):1:(-68.97)%5D (Caused by ProtocolError('Connection aborted.', ConnectionResetError(104, 'Connection reset by peer')))
  Trying OSCAR_L4_OC_NRT_V2.0 @ upwell.pfeg.noaa.gov 2026-08-20 ...
  OSCAR_L4_OC_NRT_V2.0 @ upwell.pfeg.noaa.gov 2026-08-20: 403 Client Error:  for url: https://upwell.pfeg.noaa.gov/erddap/griddap/OSCAR_L4_OC_NRT_V2.0.nc?u%5B(2026-08-20T00:00:00Z)%5D%5B(0.0)%5D%5B(37.26):1:(41.51)%5D%5B(-77.46):1:(-68.97)%5D,v%5B(2026-08-20T00:00:00Z)%5D%5B(0.0)%5D%5B(37.26):1:(41.51)%5D%5B(-77.46):1:(-68.97)%5D
  Trying OSCAR_L4_OC_NRT_V2.0 @ coastwatch.pfeg.noaa.gov 2026-08-19 ...
  OSCAR_L4_OC_NRT_V2.0 @ coastwatch.pfeg.noaa.gov 2026-08-19: HTTPSConnectionPool(host='coastwatch.pfeg.noaa.gov', port=443): Max retries exceeded with url: /erddap/griddap/OSCAR_L4_OC_NRT_V2.0.nc?u%5B(2026-08-19T00:00:00Z)%5D%5B(0.0)%5D%5B(37.26):1:(41.51)%5D%5B(-77.46):1:(-68.97)%5D,v%5B(2026-08-19T00:00:00Z)%5D%5B(0.0)%5D%5B(37.26):1:(41.51)%5D%5B(-77.46):1:(-68.97)%5D (Caused by ProtocolError('Connection aborted.', ConnectionResetError(104, 'Connection reset by peer')))
  Trying OSCAR_L4_OC_NRT_V2.0 @ upwell.pfeg.noaa.gov 2026-08-19 ...
  OSCAR_L4_OC_NRT_V2.0 @ upwell.pfeg.noaa.gov 2026-08-19: 403 Client Error:  for url: https://upwell.pfeg.noaa.gov/erddap/griddap/OSCAR_L4_OC_NRT_V2.0.nc?u%5B(2026-08-19T00:00:00Z)%5D%5B(0.0)%5D%5B(37.26):1:(41.51)%5D%5B(-77.46):1:(-68.97)%5D,v%5B(2026-08-19T00:00:00Z)%5D%5B(0.0)%5D%5B(37.26):1:(41.51)%5D%5B(-77.46):1:(-68.97)%5D
  Trying OSCAR_L4_OC_NRT_V2.0 @ coastwatch.pfeg.noaa.gov 2026-08-18 ...
  OSCAR_L4_OC_NRT_V2.0 @ coastwatch.pfeg.noaa.gov 2026-08-18: HTTPSConnectionPool(host='coastwatch.pfeg.noaa.gov', port=443): Max retries exceeded with url: /erddap/griddap/OSCAR_L4_OC_NRT_V2.0.nc?u%5B(2026-08-18T00:00:00Z)%5D%5B(0.0)%5D%5B(37.26):1:(41.51)%5D%5B(-77.46):1:(-68.97)%5D,v%5B(2026-08-18T00:00:00Z)%5D%5B(0.0)%5D%5B(37.26):1:(41.51)%5D%5B(-77.46):1:(-68.97)%5D (Caused by ProtocolError('Connection aborted.', ConnectionResetError(104, 'Connection reset by peer')))
  Trying OSCAR_L4_OC_NRT_V2.0 @ upwell.pfeg.noaa.gov 2026-08-18 ...
  OSCAR_L4_OC_NRT_V2.0 @ upwell.pfeg.noaa.gov 2026-08-18: 403 Client Error:  for url: https://upwell.pfeg.noaa.gov/erddap/griddap/OSCAR_L4_OC_NRT_V2.0.nc?u%5B(2026-08-18T00:00:00Z)%5D%5B(0.0)%5D%5B(37.26):1:(41.51)%5D%5B(-77.46):1:(-68.97)%5D,v%5B(2026-08-18T00:00:00Z)%5D%5B(0.0)%5D%5B(37.26):1:(41.51)%5D%5B(-77.46):1:(-68.97)%5D
  Trying OSCAR_L4_OC_NRT_V2.0 @ coastwatch.pfeg.noaa.gov 2026-08-17 ...
  OSCAR_L4_OC_NRT_V2.0 @ coastwatch.pfeg.noaa.gov 2026-08-17: HTTPSConnectionPool(host='coastwatch.pfeg.noaa.gov', port=443): Max retries exceeded with url: /erddap/griddap/OSCAR_L4_OC_NRT_V2.0.nc?u%5B(2026-08-17T00:00:00Z)%5D%5B(0.0)%5D%5B(37.26):1:(41.51)%5D%5B(-77.46):1:(-68.97)%5D,v%5B(2026-08-17T00:00:00Z)%5D%5B(0.0)%5D%5B(37.26):1:(41.51)%5D%5B(-77.46):1:(-68.97)%5D (Caused by ProtocolError('Connection aborted.', ConnectionResetError(104, 'Connection reset by peer')))
  Trying OSCAR_L4_OC_NRT_V2.0 @ upwell.pfeg.noaa.gov 2026-08-17 ...
  OSCAR_L4_OC_NRT_V2.0 @ upwell.pfeg.noaa.gov 2026-08-17: 403 Client Error:  for url: https://upwell.pfeg.noaa.gov/erddap/griddap/OSCAR_L4_OC_NRT_V2.0.nc?u%5B(2026-08-17T00:00:00Z)%5D%5B(0.0)%5D%5B(37.26):1:(41.51)%5D%5B(-77.46):1:(-68.97)%5D,v%5B(2026-08-17T00:00:00Z)%5D%5B(0.0)%5D%5B(37.26):1:(41.51)%5D%5B(-77.46):1:(-68.97)%5D
  Trying jplOscarV2NRT5day @ coastwatch.pfeg.noaa.gov 2026-08-22 ...
  jplOscarV2NRT5day @ coastwatch.pfeg.noaa.gov 2026-08-22: HTTPSConnectionPool(host='coastwatch.pfeg.noaa.gov', port=443): Max retries exceeded with url: /erddap/griddap/jplOscarV2NRT5day.nc?u%5B(2026-08-22T00:00:00Z)%5D%5B(0.0)%5D%5B(37.26):1:(41.51)%5D%5B(-77.46):1:(-68.97)%5D,v%5B(2026-08-22T00:00:00Z)%5D%5B(0.0)%5D%5B(37.26):1:(41.51)%5D%5B(-77.46):1:(-68.97)%5D (Caused by ProtocolError('Connection aborted.', ConnectionResetError(104, 'Connection reset by peer')))
  Trying jplOscarV2NRT5day @ upwell.pfeg.noaa.gov 2026-08-22 ...
  jplOscarV2NRT5day @ upwell.pfeg.noaa.gov 2026-08-22: 403 Client Error:  for url: https://upwell.pfeg.noaa.gov/erddap/griddap/jplOscarV2NRT5day.nc?u%5B(2026-08-22T00:00:00Z)%5D%5B(0.0)%5D%5B(37.26):1:(41.51)%5D%5B(-77.46):1:(-68.97)%5D,v%5B(2026-08-22T00:00:00Z)%5D%5B(0.0)%5D%5B(37.26):1:(41.51)%5D%5B(-77.46):1:(-68.97)%5D
  Trying jplOscarV2NRT5day @ coastwatch.pfeg.noaa.gov 2026-08-21 ...
  jplOscarV2NRT5day @ coastwatch.pfeg.noaa.gov 2026-08-21: HTTPSConnectionPool(host='coastwatch.pfeg.noaa.gov', port=443): Max retries exceeded with url: /erddap/griddap/jplOscarV2NRT5day.nc?u%5B(2026-08-21T00:00:00Z)%5D%5B(0.0)%5D%5B(37.26):1:(41.51)%5D%5B(-77.46):1:(-68.97)%5D,v%5B(2026-08-21T00:00:00Z)%5D%5B(0.0)%5D%5B(37.26):1:(41.51)%5D%5B(-77.46):1:(-68.97)%5D (Caused by ProtocolError('Connection aborted.', ConnectionResetError(104, 'Connection reset by peer')))
  Trying jplOscarV2NRT5day @ upwell.pfeg.noaa.gov 2026-08-21 ...
  jplOscarV2NRT5day @ upwell.pfeg.noaa.gov 2026-08-21: 403 Client Error:  for url: https://upwell.pfeg.noaa.gov/erddap/griddap/jplOscarV2NRT5day.nc?u%5B(2026-08-21T00:00:00Z)%5D%5B(0.0)%5D%5B(37.26):1:(41.51)%5D%5B(-77.46):1:(-68.97)%5D,v%5B(2026-08-21T00:00:00Z)%5D%5B(0.0)%5D%5B(37.26):1:(41.51)%5D%5B(-77.46):1:(-68.97)%5D
  Trying jplOscarV2NRT5day @ coastwatch.pfeg.noaa.gov 2026-08-20 ...
  jplOscarV2NRT5day @ coastwatch.pfeg.noaa.gov 2026-08-20: HTTPSConnectionPool(host='coastwatch.pfeg.noaa.gov', port=443): Max retries exceeded with url: /erddap/griddap/jplOscarV2NRT5day.nc?u%5B(2026-08-20T00:00:00Z)%5D%5B(0.0)%5D%5B(37.26):1:(41.51)%5D%5B(-77.46):1:(-68.97)%5D,v%5B(2026-08-20T00:00:00Z)%5D%5B(0.0)%5D%5B(37.26):1:(41.51)%5D%5B(-77.46):1:(-68.97)%5D (Caused by ProtocolError('Connection aborted.', ConnectionResetError(104, 'Connection reset by peer')))
  Trying jplOscarV2NRT5day @ upwell.pfeg.noaa.gov 2026-08-20 ...
  jplOscarV2NRT5day @ upwell.pfeg.noaa.gov 2026-08-20: 403 Client Error:  for url: https://upwell.pfeg.noaa.gov/erddap/griddap/jplOscarV2NRT5day.nc?u%5B(2026-08-20T00:00:00Z)%5D%5B(0.0)%5D%5B(37.26):1:(41.51)%5D%5B(-77.46):1:(-68.97)%5D,v%5B(2026-08-20T00:00:00Z)%5D%5B(0.0)%5D%5B(37.26):1:(41.51)%5D%5B(-77.46):1:(-68.97)%5D
  Trying jplOscarV2NRT5day @ coastwatch.pfeg.noaa.gov 2026-08-19 ...
  jplOscarV2NRT5day @ coastwatch.pfeg.noaa.gov 2026-08-19: HTTPSConnectionPool(host='coastwatch.pfeg.noaa.gov', port=443): Max retries exceeded with url: /erddap/griddap/jplOscarV2NRT5day.nc?u%5B(2026-08-19T00:00:00Z)%5D%5B(0.0)%5D%5B(37.26):1:(41.51)%5D%5B(-77.46):1:(-68.97)%5D,v%5B(2026-08-19T00:00:00Z)%5D%5B(0.0)%5D%5B(37.26):1:(41.51)%5D%5B(-77.46):1:(-68.97)%5D (Caused by ProtocolError('Connection aborted.', ConnectionResetError(104, 'Connection reset by peer')))
  Trying jplOscarV2NRT5day @ upwell.pfeg.noaa.gov 2026-08-19 ...
  jplOscarV2NRT5day @ upwell.pfeg.noaa.gov 2026-08-19: 403 Client Error:  for url: https://upwell.pfeg.noaa.gov/erddap/griddap/jplOscarV2NRT5day.nc?u%5B(2026-08-19T00:00:00Z)%5D%5B(0.0)%5D%5B(37.26):1:(41.51)%5D%5B(-77.46):1:(-68.97)%5D,v%5B(2026-08-19T00:00:00Z)%5D%5B(0.0)%5D%5B(37.26):1:(41.51)%5D%5B(-77.46):1:(-68.97)%5D
  Trying jplOscarV2NRT5day @ coastwatch.pfeg.noaa.gov 2026-08-18 ...
  jplOscarV2NRT5day @ coastwatch.pfeg.noaa.gov 2026-08-18: HTTPSConnectionPool(host='coastwatch.pfeg.noaa.gov', port=443): Max retries exceeded with url: /erddap/griddap/jplOscarV2NRT5day.nc?u%5B(2026-08-18T00:00:00Z)%5D%5B(0.0)%5D%5B(37.26):1:(41.51)%5D%5B(-77.46):1:(-68.97)%5D,v%5B(2026-08-18T00:00:00Z)%5D%5B(0.0)%5D%5B(37.26):1:(41.51)%5D%5B(-77.46):1:(-68.97)%5D (Caused by ProtocolError('Connection aborted.', ConnectionResetError(104, 'Connection reset by peer')))
  Trying jplOscarV2NRT5day @ upwell.pfeg.noaa.gov 2026-08-18 ...
  jplOscarV2NRT5day @ upwell.pfeg.noaa.gov 2026-08-18: 403 Client Error:  for url: https://upwell.pfeg.noaa.gov/erddap/griddap/jplOscarV2NRT5day.nc?u%5B(2026-08-18T00:00:00Z)%5D%5B(0.0)%5D%5B(37.26):1:(41.51)%5D%5B(-77.46):1:(-68.97)%5D,v%5B(2026-08-18T00:00:00Z)%5D%5B(0.0)%5D%5B(37.26):1:(41.51)%5D%5B(-77.46):1:(-68.97)%5D
  Trying jplOscarV2NRT5day @ coastwatch.pfeg.noaa.gov 2026-08-17 ...
  jplOscarV2NRT5day @ coastwatch.pfeg.noaa.gov 2026-08-17: HTTPSConnectionPool(host='coastwatch.pfeg.noaa.gov', port=443): Max retries exceeded with url: /erddap/griddap/jplOscarV2NRT5day.nc?u%5B(2026-08-17T00:00:00Z)%5D%5B(0.0)%5D%5B(37.26):1:(41.51)%5D%5B(-77.46):1:(-68.97)%5D,v%5B(2026-08-17T00:00:00Z)%5D%5B(0.0)%5D%5B(37.26):1:(41.51)%5D%5B(-77.46):1:(-68.97)%5D (Caused by ProtocolError('Connection aborted.', ConnectionResetError(104, 'Connection reset by peer')))
  Trying jplOscarV2NRT5day @ upwell.pfeg.noaa.gov 2026-08-17 ...
  jplOscarV2NRT5day @ upwell.pfeg.noaa.gov 2026-08-17: 403 Client Error:  for url: https://upwell.pfeg.noaa.gov/erddap/griddap/jplOscarV2NRT5day.nc?u%5B(2026-08-17T00:00:00Z)%5D%5B(0.0)%5D%5B(37.26):1:(41.51)%5D%5B(-77.46):1:(-68.97)%5D,v%5B(2026-08-17T00:00:00Z)%5D%5B(0.0)%5D%5B(37.26):1:(41.51)%5D%5B(-77.46):1:(-68.97)%5D
  Trying jplOscar1day @ coastwatch.pfeg.noaa.gov 2026-08-22 ...
  jplOscar1day @ coastwatch.pfeg.noaa.gov 2026-08-22: HTTPSConnectionPool(host='coastwatch.pfeg.noaa.gov', port=443): Max retries exceeded with url: /erddap/griddap/jplOscar1day.nc?u%5B(2026-08-22T00:00:00Z)%5D%5B(0.0)%5D%5B(37.26):1:(41.51)%5D%5B(-77.46):1:(-68.97)%5D,v%5B(2026-08-22T00:00:00Z)%5D%5B(0.0)%5D%5B(37.26):1:(41.51)%5D%5B(-77.46):1:(-68.97)%5D (Caused by ProtocolError('Connection aborted.', ConnectionResetError(104, 'Connection reset by peer')))
  Trying jplOscar1day @ upwell.pfeg.noaa.gov 2026-08-22 ...
  jplOscar1day @ upwell.pfeg.noaa.gov 2026-08-22: 403 Client Error:  for url: https://upwell.pfeg.noaa.gov/erddap/griddap/jplOscar1day.nc?u%5B(2026-08-22T00:00:00Z)%5D%5B(0.0)%5D%5B(37.26):1:(41.51)%5D%5B(-77.46):1:(-68.97)%5D,v%5B(2026-08-22T00:00:00Z)%5D%5B(0.0)%5D%5B(37.26):1:(41.51)%5D%5B(-77.46):1:(-68.97)%5D
  Trying jplOscar1day @ coastwatch.pfeg.noaa.gov 2026-08-21 ...
  jplOscar1day @ coastwatch.pfeg.noaa.gov 2026-08-21: HTTPSConnectionPool(host='coastwatch.pfeg.noaa.gov', port=443): Max retries exceeded with url: /erddap/griddap/jplOscar1day.nc?u%5B(2026-08-21T00:00:00Z)%5D%5B(0.0)%5D%5B(37.26):1:(41.51)%5D%5B(-77.46):1:(-68.97)%5D,v%5B(2026-08-21T00:00:00Z)%5D%5B(0.0)%5D%5B(37.26):1:(41.51)%5D%5B(-77.46):1:(-68.97)%5D (Caused by ProtocolError('Connection aborted.', ConnectionResetError(104, 'Connection reset by peer')))
  Trying jplOscar1day @ upwell.pfeg.noaa.gov 2026-08-21 ...
  jplOscar1day @ upwell.pfeg.noaa.gov 2026-08-21: 403 Client Error:  for url: https://upwell.pfeg.noaa.gov/erddap/griddap/jplOscar1day.nc?u%5B(2026-08-21T00:00:00Z)%5D%5B(0.0)%5D%5B(37.26):1:(41.51)%5D%5B(-77.46):1:(-68.97)%5D,v%5B(2026-08-21T00:00:00Z)%5D%5B(0.0)%5D%5B(37.26):1:(41.51)%5D%5B(-77.46):1:(-68.97)%5D
  Trying jplOscar1day @ coastwatch.pfeg.noaa.gov 2026-08-20 ...
  jplOscar1day @ coastwatch.pfeg.noaa.gov 2026-08-20: HTTPSConnectionPool(host='coastwatch.pfeg.noaa.gov', port=443): Max retries exceeded with url: /erddap/griddap/jplOscar1day.nc?u%5B(2026-08-20T00:00:00Z)%5D%5B(0.0)%5D%5B(37.26):1:(41.51)%5D%5B(-77.46):1:(-68.97)%5D,v%5B(2026-08-20T00:00:00Z)%5D%5B(0.0)%5D%5B(37.26):1:(41.51)%5D%5B(-77.46):1:(-68.97)%5D (Caused by ProtocolError('Connection aborted.', ConnectionResetError(104, 'Connection reset by peer')))
  Trying jplOscar1day @ upwell.pfeg.noaa.gov 2026-08-20 ...
  jplOscar1day @ upwell.pfeg.noaa.gov 2026-08-20: 403 Client Error:  for url: https://upwell.pfeg.noaa.gov/erddap/griddap/jplOscar1day.nc?u%5B(2026-08-20T00:00:00Z)%5D%5B(0.0)%5D%5B(37.26):1:(41.51)%5D%5B(-77.46):1:(-68.97)%5D,v%5B(2026-08-20T00:00:00Z)%5D%5B(0.0)%5D%5B(37.26):1:(41.51)%5D%5B(-77.46):1:(-68.97)%5D
  Trying jplOscar1day @ coastwatch.pfeg.noaa.gov 2026-08-19 ...
  jplOscar1day @ coastwatch.pfeg.noaa.gov 2026-08-19: HTTPSConnectionPool(host='coastwatch.pfeg.noaa.gov', port=443): Max retries exceeded with url: /erddap/griddap/jplOscar1day.nc?u%5B(2026-08-19T00:00:00Z)%5D%5B(0.0)%5D%5B(37.26):1:(41.51)%5D%5B(-77.46):1:(-68.97)%5D,v%5B(2026-08-19T00:00:00Z)%5D%5B(0.0)%5D%5B(37.26):1:(41.51)%5D%5B(-77.46):1:(-68.97)%5D (Caused by ProtocolError('Connection aborted.', ConnectionResetError(104, 'Connection reset by peer')))
  Trying jplOscar1day @ upwell.pfeg.noaa.gov 2026-08-19 ...
  jplOscar1day @ upwell.pfeg.noaa.gov 2026-08-19: 403 Client Error:  for url: https://upwell.pfeg.noaa.gov/erddap/griddap/jplOscar1day.nc?u%5B(2026-08-19T00:00:00Z)%5D%5B(0.0)%5D%5B(37.26):1:(41.51)%5D%5B(-77.46):1:(-68.97)%5D,v%5B(2026-08-19T00:00:00Z)%5D%5B(0.0)%5D%5B(37.26):1:(41.51)%5D%5B(-77.46):1:(-68.97)%5D
  Trying jplOscar1day @ coastwatch.pfeg.noaa.gov 2026-08-18 ...
  jplOscar1day @ coastwatch.pfeg.noaa.gov 2026-08-18: HTTPSConnectionPool(host='coastwatch.pfeg.noaa.gov', port=443): Max retries exceeded with url: /erddap/griddap/jplOscar1day.nc?u%5B(2026-08-18T00:00:00Z)%5D%5B(0.0)%5D%5B(37.26):1:(41.51)%5D%5B(-77.46):1:(-68.97)%5D,v%5B(2026-08-18T00:00:00Z)%5D%5B(0.0)%5D%5B(37.26):1:(41.51)%5D%5B(-77.46):1:(-68.97)%5D (Caused by ProtocolError('Connection aborted.', ConnectionResetError(104, 'Connection reset by peer')))
  Trying jplOscar1day @ upwell.pfeg.noaa.gov 2026-08-18 ...
  jplOscar1day @ upwell.pfeg.noaa.gov 2026-08-18: 403 Client Error:  for url: https://upwell.pfeg.noaa.gov/erddap/griddap/jplOscar1day.nc?u%5B(2026-08-18T00:00:00Z)%5D%5B(0.0)%5D%5B(37.26):1:(41.51)%5D%5B(-77.46):1:(-68.97)%5D,v%5B(2026-08-18T00:00:00Z)%5D%5B(0.0)%5D%5B(37.26):1:(41.51)%5D%5B(-77.46):1:(-68.97)%5D
  Trying jplOscar1day @ coastwatch.pfeg.noaa.gov 2026-08-17 ...
  jplOscar1day @ coastwatch.pfeg.noaa.gov 2026-08-17: HTTPSConnectionPool(host='coastwatch.pfeg.noaa.gov', port=443): Max retries exceeded with url: /erddap/griddap/jplOscar1day.nc?u%5B(2026-08-17T00:00:00Z)%5D%5B(0.0)%5D%5B(37.26):1:(41.51)%5D%5B(-77.46):1:(-68.97)%5D,v%5B(2026-08-17T00:00:00Z)%5D%5B(0.0)%5D%5B(37.26):1:(41.51)%5D%5B(-77.46):1:(-68.97)%5D (Caused by ProtocolError('Connection aborted.', ConnectionResetError(104, 'Connection reset by peer')))
  Trying jplOscar1day @ upwell.pfeg.noaa.gov 2026-08-17 ...
  jplOscar1day @ upwell.pfeg.noaa.gov 2026-08-17: 403 Client Error:  for url: https://upwell.pfeg.noaa.gov/erddap/griddap/jplOscar1day.nc?u%5B(2026-08-17T00:00:00Z)%5D%5B(0.0)%5D%5B(37.26):1:(41.51)%5D%5B(-77.46):1:(-68.97)%5D,v%5B(2026-08-17T00:00:00Z)%5D%5B(0.0)%5D%5B(37.26):1:(41.51)%5D%5B(-77.46):1:(-68.97)%5D
  Trying erdQCkm1day @ coastwatch.pfeg.noaa.gov 2026-08-22 ...
  erdQCkm1day @ coastwatch.pfeg.noaa.gov 2026-08-22: HTTPSConnectionPool(host='coastwatch.pfeg.noaa.gov', port=443): Max retries exceeded with url: /erddap/griddap/erdQCkm1day.nc?u%5B(2026-08-22T00:00:00Z)%5D%5B(0.0)%5D%5B(37.26):1:(41.51)%5D%5B(-77.46):1:(-68.97)%5D,v%5B(2026-08-22T00:00:00Z)%5D%5B(0.0)%5D%5B(37.26):1:(41.51)%5D%5B(-77.46):1:(-68.97)%5D (Caused by ProtocolError('Connection aborted.', ConnectionResetError(104, 'Connection reset by peer')))
  Trying erdQCkm1day @ upwell.pfeg.noaa.gov 2026-08-22 ...
  erdQCkm1day @ upwell.pfeg.noaa.gov 2026-08-22: 403 Client Error:  for url: https://upwell.pfeg.noaa.gov/erddap/griddap/erdQCkm1day.nc?u%5B(2026-08-22T00:00:00Z)%5D%5B(0.0)%5D%5B(37.26):1:(41.51)%5D%5B(-77.46):1:(-68.97)%5D,v%5B(2026-08-22T00:00:00Z)%5D%5B(0.0)%5D%5B(37.26):1:(41.51)%5D%5B(-77.46):1:(-68.97)%5D
  Trying erdQCkm1day @ coastwatch.pfeg.noaa.gov 2026-08-21 ...
  erdQCkm1day @ coastwatch.pfeg.noaa.gov 2026-08-21: HTTPSConnectionPool(host='coastwatch.pfeg.noaa.gov', port=443): Max retries exceeded with url: /erddap/griddap/erdQCkm1day.nc?u%5B(2026-08-21T00:00:00Z)%5D%5B(0.0)%5D%5B(37.26):1:(41.51)%5D%5B(-77.46):1:(-68.97)%5D,v%5B(2026-08-21T00:00:00Z)%5D%5B(0.0)%5D%5B(37.26):1:(41.51)%5D%5B(-77.46):1:(-68.97)%5D (Caused by ProtocolError('Connection aborted.', ConnectionResetError(104, 'Connection reset by peer')))
  Trying erdQCkm1day @ upwell.pfeg.noaa.gov 2026-08-21 ...
  erdQCkm1day @ upwell.pfeg.noaa.gov 2026-08-21: 403 Client Error:  for url: https://upwell.pfeg.noaa.gov/erddap/griddap/erdQCkm1day.nc?u%5B(2026-08-21T00:00:00Z)%5D%5B(0.0)%5D%5B(37.26):1:(41.51)%5D%5B(-77.46):1:(-68.97)%5D,v%5B(2026-08-21T00:00:00Z)%5D%5B(0.0)%5D%5B(37.26):1:(41.51)%5D%5B(-77.46):1:(-68.97)%5D
  Trying erdQCkm1day @ coastwatch.pfeg.noaa.gov 2026-08-20 ...
  erdQCkm1day @ coastwatch.pfeg.noaa.gov 2026-08-20: HTTPSConnectionPool(host='coastwatch.pfeg.noaa.gov', port=443): Max retries exceeded with url: /erddap/griddap/erdQCkm1day.nc?u%5B(2026-08-20T00:00:00Z)%5D%5B(0.0)%5D%5B(37.26):1:(41.51)%5D%5B(-77.46):1:(-68.97)%5D,v%5B(2026-08-20T00:00:00Z)%5D%5B(0.0)%5D%5B(37.26):1:(41.51)%5D%5B(-77.46):1:(-68.97)%5D (Caused by ProtocolError('Connection aborted.', ConnectionResetError(104, 'Connection reset by peer')))
  Trying erdQCkm1day @ upwell.pfeg.noaa.gov 2026-08-20 ...
  erdQCkm1day @ upwell.pfeg.noaa.gov 2026-08-20: 403 Client Error:  for url: https://upwell.pfeg.noaa.gov/erddap/griddap/erdQCkm1day.nc?u%5B(2026-08-20T00:00:00Z)%5D%5B(0.0)%5D%5B(37.26):1:(41.51)%5D%5B(-77.46):1:(-68.97)%5D,v%5B(2026-08-20T00:00:00Z)%5D%5B(0.0)%5D%5B(37.26):1:(41.51)%5D%5B(-77.46):1:(-68.97)%5D
  Trying erdQCkm1day @ coastwatch.pfeg.noaa.gov 2026-08-19 ...
  erdQCkm1day @ coastwatch.pfeg.noaa.gov 2026-08-19: HTTPSConnectionPool(host='coastwatch.pfeg.noaa.gov', port=443): Max retries exceeded with url: /erddap/griddap/erdQCkm1day.nc?u%5B(2026-08-19T00:00:00Z)%5D%5B(0.0)%5D%5B(37.26):1:(41.51)%5D%5B(-77.46):1:(-68.97)%5D,v%5B(2026-08-19T00:00:00Z)%5D%5B(0.0)%5D%5B(37.26):1:(41.51)%5D%5B(-77.46):1:(-68.97)%5D (Caused by ProtocolError('Connection aborted.', ConnectionResetError(104, 'Connection reset by peer')))
  Trying erdQCkm1day @ upwell.pfeg.noaa.gov 2026-08-19 ...
  erdQCkm1day @ upwell.pfeg.noaa.gov 2026-08-19: 403 Client Error:  for url: https://upwell.pfeg.noaa.gov/erddap/griddap/erdQCkm1day.nc?u%5B(2026-08-19T00:00:00Z)%5D%5B(0.0)%5D%5B(37.26):1:(41.51)%5D%5B(-77.46):1:(-68.97)%5D,v%5B(2026-08-19T00:00:00Z)%5D%5B(0.0)%5D%5B(37.26):1:(41.51)%5D%5B(-77.46):1:(-68.97)%5D
  Trying erdQCkm1day @ coastwatch.pfeg.noaa.gov 2026-08-18 ...
  erdQCkm1day @ coastwatch.pfeg.noaa.gov 2026-08-18: HTTPSConnectionPool(host='coastwatch.pfeg.noaa.gov', port=443): Max retries exceeded with url: /erddap/griddap/erdQCkm1day.nc?u%5B(2026-08-18T00:00:00Z)%5D%5B(0.0)%5D%5B(37.26):1:(41.51)%5D%5B(-77.46):1:(-68.97)%5D,v%5B(2026-08-18T00:00:00Z)%5D%5B(0.0)%5D%5B(37.26):1:(41.51)%5D%5B(-77.46):1:(-68.97)%5D (Caused by ProtocolError('Connection aborted.', ConnectionResetError(104, 'Connection reset by peer')))
  Trying erdQCkm1day @ upwell.pfeg.noaa.gov 2026-08-18 ...
  erdQCkm1day @ upwell.pfeg.noaa.gov 2026-08-18: 403 Client Error:  for url: https://upwell.pfeg.noaa.gov/erddap/griddap/erdQCkm1day.nc?u%5B(2026-08-18T00:00:00Z)%5D%5B(0.0)%5D%5B(37.26):1:(41.51)%5D%5B(-77.46):1:(-68.97)%5D,v%5B(2026-08-18T00:00:00Z)%5D%5B(0.0)%5D%5B(37.26):1:(41.51)%5D%5B(-77.46):1:(-68.97)%5D
  Trying erdQCkm1day @ coastwatch.pfeg.noaa.gov 2026-08-17 ...
  erdQCkm1day @ coastwatch.pfeg.noaa.gov 2026-08-17: HTTPSConnectionPool(host='coastwatch.pfeg.noaa.gov', port=443): Max retries exceeded with url: /erddap/griddap/erdQCkm1day.nc?u%5B(2026-08-17T00:00:00Z)%5D%5B(0.0)%5D%5B(37.26):1:(41.51)%5D%5B(-77.46):1:(-68.97)%5D,v%5B(2026-08-17T00:00:00Z)%5D%5B(0.0)%5D%5B(37.26):1:(41.51)%5D%5B(-77.46):1:(-68.97)%5D (Caused by ProtocolError('Connection aborted.', ConnectionResetError(104, 'Connection reset by peer')))
  Trying erdQCkm1day @ upwell.pfeg.noaa.gov 2026-08-17 ...
  erdQCkm1day @ upwell.pfeg.noaa.gov 2026-08-17: 403 Client Error:  for url: https://upwell.pfeg.noaa.gov/erddap/griddap/erdQCkm1day.nc?u%5B(2026-08-17T00:00:00Z)%5D%5B(0.0)%5D%5B(37.26):1:(41.51)%5D%5B(-77.46):1:(-68.97)%5D,v%5B(2026-08-17T00:00:00Z)%5D%5B(0.0)%5D%5B(37.26):1:(41.51)%5D%5B(-77.46):1:(-68.97)%5D
  OSCAR: all attempts failed

[CMEMS] Currents  (2026-08-22)  0.083 deg, daily
INFO - 2026-08-23T05:26:29Z - Selected dataset version: "202406"
INFO - 2026-08-23T05:26:29Z - Selected dataset part: "default"
WARNING - 2026-08-23T05:26:29Z - Some of your subset selection [0.0, 1.0] for the depth dimension exceed the dataset coordinates [0.49402499198913574, 5727.9169921875]
INFO - 2026-08-23T05:26:33Z - Total size of the download: 53.97 KB.
  CMEMS currents: 3,448 pts  0.002–2.206 m/s

[CMEMS] Altimetry  (2026-08-22)  0.125 deg, daily
INFO - 2026-08-23T05:26:36Z - Selected dataset version: "202506"
INFO - 2026-08-23T05:26:36Z - Selected dataset part: "default"
INFO - 2026-08-23T05:26:40Z - Total size of the download: 49.46 KB.
  Altimetry: 1,658 pts  SLA -0.530–0.651 m
  Geostrophic currents: 1,658 pts  0.003–1.580 m/s

============================================================
  Exporting ...
    Currents JSON → DailySST/Currents/va_ri/currents_20260822.json  (361 KB)
    Currents CSV  → DailySST/Currents/va_ri/currents_20260822.csv  (3,448 rows, 213 KB)
    Altimetry CSV  → DailySST/Altimetry/va_ri/altimetry_20260822.csv  (1,658 rows, 97 KB)
    Altimetry grid → DailySST/Altimetry/va_ri/altimetry_20260822_grid.json  (30 KB)

============================================================
  Currents  (CMEMS): 3,448 pts  speed 0.002–2.206 m/s  p98=1.588 m/s
  Altimetry (CMEMS_ALT): 1,658 pts  SSH -0.333–0.434 m
============================================================

  Files → /home/runner/work/SSTv2/SSTv2/DailySST/Currents/va_ri
         → /home/runner/work/SSTv2/SSTv2/DailySST/Altimetry/va_ri
