============================================================
  Ocean Dynamics Fetcher — Currents + Altimetry
  Date      : 2026-06-20
  BBOX      : {'lat_min': 33.7, 'lat_max': 39.0, 'lon_min': -78.89, 'lon_max': -72.21}
  Output    : /home/runner/work/SSTv2/SSTv2/DailySST
============================================================

[1/3] HYCOM currents + SSH  (target: 2026-06-20)  ~1/12 deg
  HYCOM catalog https://tds.hycom.org/thredds/catalog/catalog.xml failed: HTTPSConnectionPool(host='tds.hycom.org', port=443): Max retries exceeded with url: /thredds/catalog/catalog.xml (Caused by ConnectTimeoutError(<HTTPSConnection(host='tds.hycom.org', port=443) at 0x7ff28525fa50>, 'Connection to tds.hycom.org timed out. (connect timeout=8)'))
  HYCOM catalog https://tds.hycom.org/thredds/catalog/FMRC_ESPC-D-V02_uv3z/catalog.xml failed: HTTPSConnectionPool(host='tds.hycom.org', port=443): Max retries exceeded with url: /thredds/catalog/FMRC_ESPC-D-V02_uv3z/catalog.xml (Caused by ConnectTimeoutError(<HTTPSConnection(host='tds.hycom.org', port=443) at 0x7ff285071010>, 'Connection to tds.hycom.org timed out. (connect timeout=8)'))
  Using default HYCOM dataset: FMRC_ESPC-D-V02_uv3z
  Trying https://tds.hycom.org/thredds/ncss/FMRC_ESPC-D-V02_uv3z/runs/FMRC_ESPC-D-V02_uv3...
  HYCOM 2026-06-20 12Z failed: HTTPSConnectionPool(host='tds.hycom.org', port=443): Max retries exceeded with url: /thredds/ncss/FMRC_ESPC-D-V02_uv3z/runs/FMRC_ESPC-D-V02_uv3z_RUN_2026-06-20T12:00:00Z?var=water_u&var=water_v&var=surf_el&north=39.0&south=33.7&west=-78.89&east=-72.21&horizStride=1&vertCoord=0&disableLLSubset=on&disableProjSubset=on&time_start=2026-06-20T12:00:00Z&time_end=2026-06-20T12:00:00Z&accept=netcdf (Caused by ConnectTimeoutError(<HTTPSConnection(host='tds.hycom.org', port=443) at 0x7ff285072e90>, 'Connection to tds.hycom.org timed out. (connect timeout=8)'))
  Trying https://tds.hycom.org/thredds/ncss/FMRC_ESPC-D-V02_uv3z/FMRC_ESPC-D-V02_uv3z_bes...
  HYCOM 2026-06-20 12Z failed: HTTPSConnectionPool(host='tds.hycom.org', port=443): Max retries exceeded with url: /thredds/ncss/FMRC_ESPC-D-V02_uv3z/FMRC_ESPC-D-V02_uv3z_best.ncd?var=water_u&var=water_v&var=surf_el&north=39.0&south=33.7&west=-78.89&east=-72.21&horizStride=1&vertCoord=0&disableLLSubset=on&disableProjSubset=on&time_start=2026-06-20T12:00:00Z&time_end=2026-06-20T12:00:00Z&accept=netcdf (Caused by ConnectTimeoutError(<HTTPSConnection(host='tds.hycom.org', port=443) at 0x7ff28507c410>, 'Connection to tds.hycom.org timed out. (connect timeout=8)'))
  Trying https://tds.hycom.org/thredds/ncss/FMRC_ESPC-D-V02_uv3z/runs/FMRC_ESPC-D-V02_uv3...
  HYCOM 2026-06-20 00Z failed: HTTPSConnectionPool(host='tds.hycom.org', port=443): Max retries exceeded with url: /thredds/ncss/FMRC_ESPC-D-V02_uv3z/runs/FMRC_ESPC-D-V02_uv3z_RUN_2026-06-20T00:00:00Z?var=water_u&var=water_v&var=surf_el&north=39.0&south=33.7&west=-78.89&east=-72.21&horizStride=1&vertCoord=0&disableLLSubset=on&disableProjSubset=on&time_start=2026-06-20T00:00:00Z&time_end=2026-06-20T00:00:00Z&accept=netcdf (Caused by ConnectTimeoutError(<HTTPSConnection(host='tds.hycom.org', port=443) at 0x7ff28507d990>, 'Connection to tds.hycom.org timed out. (connect timeout=8)'))
  Trying https://tds.hycom.org/thredds/ncss/FMRC_ESPC-D-V02_uv3z/FMRC_ESPC-D-V02_uv3z_bes...
  HYCOM 2026-06-20 00Z failed: HTTPSConnectionPool(host='tds.hycom.org', port=443): Max retries exceeded with url: /thredds/ncss/FMRC_ESPC-D-V02_uv3z/FMRC_ESPC-D-V02_uv3z_best.ncd?var=water_u&var=water_v&var=surf_el&north=39.0&south=33.7&west=-78.89&east=-72.21&horizStride=1&vertCoord=0&disableLLSubset=on&disableProjSubset=on&time_start=2026-06-20T00:00:00Z&time_end=2026-06-20T00:00:00Z&accept=netcdf (Caused by ConnectTimeoutError(<HTTPSConnection(host='tds.hycom.org', port=443) at 0x7ff285073d50>, 'Connection to tds.hycom.org timed out. (connect timeout=8)'))
  Trying https://tds.hycom.org/thredds/ncss/FMRC_ESPC-D-V02_uv3z/runs/FMRC_ESPC-D-V02_uv3...
  HYCOM 2026-06-19 12Z failed: HTTPSConnectionPool(host='tds.hycom.org', port=443): Max retries exceeded with url: /thredds/ncss/FMRC_ESPC-D-V02_uv3z/runs/FMRC_ESPC-D-V02_uv3z_RUN_2026-06-19T12:00:00Z?var=water_u&var=water_v&var=surf_el&north=39.0&south=33.7&west=-78.89&east=-72.21&horizStride=1&vertCoord=0&disableLLSubset=on&disableProjSubset=on&time_start=2026-06-19T12:00:00Z&time_end=2026-06-19T12:00:00Z&accept=netcdf (Caused by ConnectTimeoutError(<HTTPSConnection(host='tds.hycom.org', port=443) at 0x7ff285071650>, 'Connection to tds.hycom.org timed out. (connect timeout=8)'))
  Trying https://tds.hycom.org/thredds/ncss/FMRC_ESPC-D-V02_uv3z/FMRC_ESPC-D-V02_uv3z_bes...
  HYCOM 2026-06-19 12Z failed: HTTPSConnectionPool(host='tds.hycom.org', port=443): Max retries exceeded with url: /thredds/ncss/FMRC_ESPC-D-V02_uv3z/FMRC_ESPC-D-V02_uv3z_best.ncd?var=water_u&var=water_v&var=surf_el&north=39.0&south=33.7&west=-78.89&east=-72.21&horizStride=1&vertCoord=0&disableLLSubset=on&disableProjSubset=on&time_start=2026-06-19T12:00:00Z&time_end=2026-06-19T12:00:00Z&accept=netcdf (Caused by ConnectTimeoutError(<HTTPSConnection(host='tds.hycom.org', port=443) at 0x7ff285249710>, 'Connection to tds.hycom.org timed out. (connect timeout=8)'))
  Trying https://tds.hycom.org/thredds/ncss/FMRC_ESPC-D-V02_uv3z/runs/FMRC_ESPC-D-V02_uv3...
  HYCOM 2026-06-19 00Z failed: HTTPSConnectionPool(host='tds.hycom.org', port=443): Max retries exceeded with url: /thredds/ncss/FMRC_ESPC-D-V02_uv3z/runs/FMRC_ESPC-D-V02_uv3z_RUN_2026-06-19T00:00:00Z?var=water_u&var=water_v&var=surf_el&north=39.0&south=33.7&west=-78.89&east=-72.21&horizStride=1&vertCoord=0&disableLLSubset=on&disableProjSubset=on&time_start=2026-06-19T00:00:00Z&time_end=2026-06-19T00:00:00Z&accept=netcdf (Caused by ConnectTimeoutError(<HTTPSConnection(host='tds.hycom.org', port=443) at 0x7ff28507e250>, 'Connection to tds.hycom.org timed out. (connect timeout=8)'))
  Trying https://tds.hycom.org/thredds/ncss/FMRC_ESPC-D-V02_uv3z/FMRC_ESPC-D-V02_uv3z_bes...
  HYCOM 2026-06-19 00Z failed: HTTPSConnectionPool(host='tds.hycom.org', port=443): Max retries exceeded with url: /thredds/ncss/FMRC_ESPC-D-V02_uv3z/FMRC_ESPC-D-V02_uv3z_best.ncd?var=water_u&var=water_v&var=surf_el&north=39.0&south=33.7&west=-78.89&east=-72.21&horizStride=1&vertCoord=0&disableLLSubset=on&disableProjSubset=on&time_start=2026-06-19T00:00:00Z&time_end=2026-06-19T00:00:00Z&accept=netcdf (Caused by ConnectTimeoutError(<HTTPSConnection(host='tds.hycom.org', port=443) at 0x7ff28507c3d0>, 'Connection to tds.hycom.org timed out. (connect timeout=8)'))
  HYCOM: all attempts failed

[2/3] OSCAR currents  (target: 2026-06-20)  1/3 deg, 5-day composite
  Trying OSCAR_L4_OC_NRT_V2.1 @ coastwatch.pfeg.noaa.gov 2026-06-20 ...
  OSCAR_L4_OC_NRT_V2.1 @ coastwatch.pfeg.noaa.gov 2026-06-20: HTTPSConnectionPool(host='coastwatch.pfeg.noaa.gov', port=443): Max retries exceeded with url: /erddap/griddap/OSCAR_L4_OC_NRT_V2.1.nc?u%5B(2026-06-20T00:00:00Z)%5D%5B(0.0)%5D%5B(33.7):1:(39.0)%5D%5B(-78.89):1:(-72.21)%5D,v%5B(2026-06-20T00:00:00Z)%5D%5B(0.0)%5D%5B(33.7):1:(39.0)%5D%5B(-78.89):1:(-72.21)%5D (Caused by NewConnectionError("HTTPSConnection(host='coastwatch.pfeg.noaa.gov', port=443): Failed to establish a new connection: [Errno 101] Network is unreachable"))
  Trying OSCAR_L4_OC_NRT_V2.1 @ upwell.pfeg.noaa.gov 2026-06-20 ...
  OSCAR_L4_OC_NRT_V2.1 @ upwell.pfeg.noaa.gov 2026-06-20: HTTPSConnectionPool(host='upwell.pfeg.noaa.gov', port=443): Max retries exceeded with url: /erddap/griddap/OSCAR_L4_OC_NRT_V2.1.nc?u%5B(2026-06-20T00:00:00Z)%5D%5B(0.0)%5D%5B(33.7):1:(39.0)%5D%5B(-78.89):1:(-72.21)%5D,v%5B(2026-06-20T00:00:00Z)%5D%5B(0.0)%5D%5B(33.7):1:(39.0)%5D%5B(-78.89):1:(-72.21)%5D (Caused by ConnectTimeoutError(<HTTPSConnection(host='upwell.pfeg.noaa.gov', port=443) at 0x7ff2850891d0>, 'Connection to upwell.pfeg.noaa.gov timed out. (connect timeout=8)'))
  Trying OSCAR_L4_OC_NRT_V2.1 @ coastwatch.pfeg.noaa.gov 2026-06-19 ...
  OSCAR_L4_OC_NRT_V2.1 @ coastwatch.pfeg.noaa.gov 2026-06-19: HTTPSConnectionPool(host='coastwatch.pfeg.noaa.gov', port=443): Max retries exceeded with url: /erddap/griddap/OSCAR_L4_OC_NRT_V2.1.nc?u%5B(2026-06-19T00:00:00Z)%5D%5B(0.0)%5D%5B(33.7):1:(39.0)%5D%5B(-78.89):1:(-72.21)%5D,v%5B(2026-06-19T00:00:00Z)%5D%5B(0.0)%5D%5B(33.7):1:(39.0)%5D%5B(-78.89):1:(-72.21)%5D (Caused by NewConnectionError("HTTPSConnection(host='coastwatch.pfeg.noaa.gov', port=443): Failed to establish a new connection: [Errno 101] Network is unreachable"))
  Trying OSCAR_L4_OC_NRT_V2.1 @ upwell.pfeg.noaa.gov 2026-06-19 ...
  OSCAR_L4_OC_NRT_V2.1 @ upwell.pfeg.noaa.gov 2026-06-19: HTTPSConnectionPool(host='upwell.pfeg.noaa.gov', port=443): Max retries exceeded with url: /erddap/griddap/OSCAR_L4_OC_NRT_V2.1.nc?u%5B(2026-06-19T00:00:00Z)%5D%5B(0.0)%5D%5B(33.7):1:(39.0)%5D%5B(-78.89):1:(-72.21)%5D,v%5B(2026-06-19T00:00:00Z)%5D%5B(0.0)%5D%5B(33.7):1:(39.0)%5D%5B(-78.89):1:(-72.21)%5D (Caused by ConnectTimeoutError(<HTTPSConnection(host='upwell.pfeg.noaa.gov', port=443) at 0x7ff28525ffd0>, 'Connection to upwell.pfeg.noaa.gov timed out. (connect timeout=8)'))
  Trying OSCAR_L4_OC_NRT_V2.1 @ coastwatch.pfeg.noaa.gov 2026-06-18 ...
  OSCAR_L4_OC_NRT_V2.1 @ coastwatch.pfeg.noaa.gov 2026-06-18: HTTPSConnectionPool(host='coastwatch.pfeg.noaa.gov', port=443): Max retries exceeded with url: /erddap/griddap/OSCAR_L4_OC_NRT_V2.1.nc?u%5B(2026-06-18T00:00:00Z)%5D%5B(0.0)%5D%5B(33.7):1:(39.0)%5D%5B(-78.89):1:(-72.21)%5D,v%5B(2026-06-18T00:00:00Z)%5D%5B(0.0)%5D%5B(33.7):1:(39.0)%5D%5B(-78.89):1:(-72.21)%5D (Caused by NewConnectionError("HTTPSConnection(host='coastwatch.pfeg.noaa.gov', port=443): Failed to establish a new connection: [Errno 101] Network is unreachable"))
  Trying OSCAR_L4_OC_NRT_V2.1 @ upwell.pfeg.noaa.gov 2026-06-18 ...
  OSCAR_L4_OC_NRT_V2.1 @ upwell.pfeg.noaa.gov 2026-06-18: HTTPSConnectionPool(host='upwell.pfeg.noaa.gov', port=443): Max retries exceeded with url: /erddap/griddap/OSCAR_L4_OC_NRT_V2.1.nc?u%5B(2026-06-18T00:00:00Z)%5D%5B(0.0)%5D%5B(33.7):1:(39.0)%5D%5B(-78.89):1:(-72.21)%5D,v%5B(2026-06-18T00:00:00Z)%5D%5B(0.0)%5D%5B(33.7):1:(39.0)%5D%5B(-78.89):1:(-72.21)%5D (Caused by ConnectTimeoutError(<HTTPSConnection(host='upwell.pfeg.noaa.gov', port=443) at 0x7ff28507d210>, 'Connection to upwell.pfeg.noaa.gov timed out. (connect timeout=8)'))
  Trying OSCAR_L4_OC_NRT_V2.1 @ coastwatch.pfeg.noaa.gov 2026-06-17 ...
  OSCAR_L4_OC_NRT_V2.1 @ coastwatch.pfeg.noaa.gov 2026-06-17: HTTPSConnectionPool(host='coastwatch.pfeg.noaa.gov', port=443): Max retries exceeded with url: /erddap/griddap/OSCAR_L4_OC_NRT_V2.1.nc?u%5B(2026-06-17T00:00:00Z)%5D%5B(0.0)%5D%5B(33.7):1:(39.0)%5D%5B(-78.89):1:(-72.21)%5D,v%5B(2026-06-17T00:00:00Z)%5D%5B(0.0)%5D%5B(33.7):1:(39.0)%5D%5B(-78.89):1:(-72.21)%5D (Caused by NewConnectionError("HTTPSConnection(host='coastwatch.pfeg.noaa.gov', port=443): Failed to establish a new connection: [Errno 101] Network is unreachable"))
  Trying OSCAR_L4_OC_NRT_V2.1 @ upwell.pfeg.noaa.gov 2026-06-17 ...
  OSCAR_L4_OC_NRT_V2.1 @ upwell.pfeg.noaa.gov 2026-06-17: HTTPSConnectionPool(host='upwell.pfeg.noaa.gov', port=443): Max retries exceeded with url: /erddap/griddap/OSCAR_L4_OC_NRT_V2.1.nc?u%5B(2026-06-17T00:00:00Z)%5D%5B(0.0)%5D%5B(33.7):1:(39.0)%5D%5B(-78.89):1:(-72.21)%5D,v%5B(2026-06-17T00:00:00Z)%5D%5B(0.0)%5D%5B(33.7):1:(39.0)%5D%5B(-78.89):1:(-72.21)%5D (Caused by ConnectTimeoutError(<HTTPSConnection(host='upwell.pfeg.noaa.gov', port=443) at 0x7ff285072a50>, 'Connection to upwell.pfeg.noaa.gov timed out. (connect timeout=8)'))
  Trying OSCAR_L4_OC_NRT_V2.1 @ coastwatch.pfeg.noaa.gov 2026-06-16 ...
  OSCAR_L4_OC_NRT_V2.1 @ coastwatch.pfeg.noaa.gov 2026-06-16: HTTPSConnectionPool(host='coastwatch.pfeg.noaa.gov', port=443): Max retries exceeded with url: /erddap/griddap/OSCAR_L4_OC_NRT_V2.1.nc?u%5B(2026-06-16T00:00:00Z)%5D%5B(0.0)%5D%5B(33.7):1:(39.0)%5D%5B(-78.89):1:(-72.21)%5D,v%5B(2026-06-16T00:00:00Z)%5D%5B(0.0)%5D%5B(33.7):1:(39.0)%5D%5B(-78.89):1:(-72.21)%5D (Caused by NewConnectionError("HTTPSConnection(host='coastwatch.pfeg.noaa.gov', port=443): Failed to establish a new connection: [Errno 101] Network is unreachable"))
  Trying OSCAR_L4_OC_NRT_V2.1 @ upwell.pfeg.noaa.gov 2026-06-16 ...
  OSCAR_L4_OC_NRT_V2.1 @ upwell.pfeg.noaa.gov 2026-06-16: HTTPSConnectionPool(host='upwell.pfeg.noaa.gov', port=443): Max retries exceeded with url: /erddap/griddap/OSCAR_L4_OC_NRT_V2.1.nc?u%5B(2026-06-16T00:00:00Z)%5D%5B(0.0)%5D%5B(33.7):1:(39.0)%5D%5B(-78.89):1:(-72.21)%5D,v%5B(2026-06-16T00:00:00Z)%5D%5B(0.0)%5D%5B(33.7):1:(39.0)%5D%5B(-78.89):1:(-72.21)%5D (Caused by ConnectTimeoutError(<HTTPSConnection(host='upwell.pfeg.noaa.gov', port=443) at 0x7ff285088390>, 'Connection to upwell.pfeg.noaa.gov timed out. (connect timeout=8)'))
  Trying OSCAR_L4_OC_NRT_V2.1 @ coastwatch.pfeg.noaa.gov 2026-06-15 ...
  OSCAR_L4_OC_NRT_V2.1 @ coastwatch.pfeg.noaa.gov 2026-06-15: HTTPSConnectionPool(host='coastwatch.pfeg.noaa.gov', port=443): Max retries exceeded with url: /erddap/griddap/OSCAR_L4_OC_NRT_V2.1.nc?u%5B(2026-06-15T00:00:00Z)%5D%5B(0.0)%5D%5B(33.7):1:(39.0)%5D%5B(-78.89):1:(-72.21)%5D,v%5B(2026-06-15T00:00:00Z)%5D%5B(0.0)%5D%5B(33.7):1:(39.0)%5D%5B(-78.89):1:(-72.21)%5D (Caused by NewConnectionError("HTTPSConnection(host='coastwatch.pfeg.noaa.gov', port=443): Failed to establish a new connection: [Errno 101] Network is unreachable"))
  Trying OSCAR_L4_OC_NRT_V2.1 @ upwell.pfeg.noaa.gov 2026-06-15 ...
  OSCAR_L4_OC_NRT_V2.1 @ upwell.pfeg.noaa.gov 2026-06-15: HTTPSConnectionPool(host='upwell.pfeg.noaa.gov', port=443): Max retries exceeded with url: /erddap/griddap/OSCAR_L4_OC_NRT_V2.1.nc?u%5B(2026-06-15T00:00:00Z)%5D%5B(0.0)%5D%5B(33.7):1:(39.0)%5D%5B(-78.89):1:(-72.21)%5D,v%5B(2026-06-15T00:00:00Z)%5D%5B(0.0)%5D%5B(33.7):1:(39.0)%5D%5B(-78.89):1:(-72.21)%5D (Caused by ConnectTimeoutError(<HTTPSConnection(host='upwell.pfeg.noaa.gov', port=443) at 0x7ff2850730d0>, 'Connection to upwell.pfeg.noaa.gov timed out. (connect timeout=8)'))
  Trying OSCAR_L4_OC_NRT_V2.0 @ coastwatch.pfeg.noaa.gov 2026-06-20 ...
  OSCAR_L4_OC_NRT_V2.0 @ coastwatch.pfeg.noaa.gov 2026-06-20: HTTPSConnectionPool(host='coastwatch.pfeg.noaa.gov', port=443): Max retries exceeded with url: /erddap/griddap/OSCAR_L4_OC_NRT_V2.0.nc?u%5B(2026-06-20T00:00:00Z)%5D%5B(0.0)%5D%5B(33.7):1:(39.0)%5D%5B(-78.89):1:(-72.21)%5D,v%5B(2026-06-20T00:00:00Z)%5D%5B(0.0)%5D%5B(33.7):1:(39.0)%5D%5B(-78.89):1:(-72.21)%5D (Caused by NewConnectionError("HTTPSConnection(host='coastwatch.pfeg.noaa.gov', port=443): Failed to establish a new connection: [Errno 101] Network is unreachable"))
  Trying OSCAR_L4_OC_NRT_V2.0 @ upwell.pfeg.noaa.gov 2026-06-20 ...
  OSCAR_L4_OC_NRT_V2.0 @ upwell.pfeg.noaa.gov 2026-06-20: HTTPSConnectionPool(host='upwell.pfeg.noaa.gov', port=443): Max retries exceeded with url: /erddap/griddap/OSCAR_L4_OC_NRT_V2.0.nc?u%5B(2026-06-20T00:00:00Z)%5D%5B(0.0)%5D%5B(33.7):1:(39.0)%5D%5B(-78.89):1:(-72.21)%5D,v%5B(2026-06-20T00:00:00Z)%5D%5B(0.0)%5D%5B(33.7):1:(39.0)%5D%5B(-78.89):1:(-72.21)%5D (Caused by ConnectTimeoutError(<HTTPSConnection(host='upwell.pfeg.noaa.gov', port=443) at 0x7ff28508ba50>, 'Connection to upwell.pfeg.noaa.gov timed out. (connect timeout=8)'))
  Trying OSCAR_L4_OC_NRT_V2.0 @ coastwatch.pfeg.noaa.gov 2026-06-19 ...
  OSCAR_L4_OC_NRT_V2.0 @ coastwatch.pfeg.noaa.gov 2026-06-19: HTTPSConnectionPool(host='coastwatch.pfeg.noaa.gov', port=443): Max retries exceeded with url: /erddap/griddap/OSCAR_L4_OC_NRT_V2.0.nc?u%5B(2026-06-19T00:00:00Z)%5D%5B(0.0)%5D%5B(33.7):1:(39.0)%5D%5B(-78.89):1:(-72.21)%5D,v%5B(2026-06-19T00:00:00Z)%5D%5B(0.0)%5D%5B(33.7):1:(39.0)%5D%5B(-78.89):1:(-72.21)%5D (Caused by NewConnectionError("HTTPSConnection(host='coastwatch.pfeg.noaa.gov', port=443): Failed to establish a new connection: [Errno 101] Network is unreachable"))
  Trying OSCAR_L4_OC_NRT_V2.0 @ upwell.pfeg.noaa.gov 2026-06-19 ...
  OSCAR_L4_OC_NRT_V2.0 @ upwell.pfeg.noaa.gov 2026-06-19: HTTPSConnectionPool(host='upwell.pfeg.noaa.gov', port=443): Max retries exceeded with url: /erddap/griddap/OSCAR_L4_OC_NRT_V2.0.nc?u%5B(2026-06-19T00:00:00Z)%5D%5B(0.0)%5D%5B(33.7):1:(39.0)%5D%5B(-78.89):1:(-72.21)%5D,v%5B(2026-06-19T00:00:00Z)%5D%5B(0.0)%5D%5B(33.7):1:(39.0)%5D%5B(-78.89):1:(-72.21)%5D (Caused by ConnectTimeoutError(<HTTPSConnection(host='upwell.pfeg.noaa.gov', port=443) at 0x7ff285089890>, 'Connection to upwell.pfeg.noaa.gov timed out. (connect timeout=8)'))
  Trying OSCAR_L4_OC_NRT_V2.0 @ coastwatch.pfeg.noaa.gov 2026-06-18 ...
  OSCAR_L4_OC_NRT_V2.0 @ coastwatch.pfeg.noaa.gov 2026-06-18: HTTPSConnectionPool(host='coastwatch.pfeg.noaa.gov', port=443): Max retries exceeded with url: /erddap/griddap/OSCAR_L4_OC_NRT_V2.0.nc?u%5B(2026-06-18T00:00:00Z)%5D%5B(0.0)%5D%5B(33.7):1:(39.0)%5D%5B(-78.89):1:(-72.21)%5D,v%5B(2026-06-18T00:00:00Z)%5D%5B(0.0)%5D%5B(33.7):1:(39.0)%5D%5B(-78.89):1:(-72.21)%5D (Caused by NewConnectionError("HTTPSConnection(host='coastwatch.pfeg.noaa.gov', port=443): Failed to establish a new connection: [Errno 101] Network is unreachable"))
  Trying OSCAR_L4_OC_NRT_V2.0 @ upwell.pfeg.noaa.gov 2026-06-18 ...
  OSCAR_L4_OC_NRT_V2.0 @ upwell.pfeg.noaa.gov 2026-06-18: HTTPSConnectionPool(host='upwell.pfeg.noaa.gov', port=443): Max retries exceeded with url: /erddap/griddap/OSCAR_L4_OC_NRT_V2.0.nc?u%5B(2026-06-18T00:00:00Z)%5D%5B(0.0)%5D%5B(33.7):1:(39.0)%5D%5B(-78.89):1:(-72.21)%5D,v%5B(2026-06-18T00:00:00Z)%5D%5B(0.0)%5D%5B(33.7):1:(39.0)%5D%5B(-78.89):1:(-72.21)%5D (Caused by ConnectTimeoutError(<HTTPSConnection(host='upwell.pfeg.noaa.gov', port=443) at 0x7ff28507f990>, 'Connection to upwell.pfeg.noaa.gov timed out. (connect timeout=8)'))
  Trying OSCAR_L4_OC_NRT_V2.0 @ coastwatch.pfeg.noaa.gov 2026-06-17 ...
  OSCAR_L4_OC_NRT_V2.0 @ coastwatch.pfeg.noaa.gov 2026-06-17: HTTPSConnectionPool(host='coastwatch.pfeg.noaa.gov', port=443): Max retries exceeded with url: /erddap/griddap/OSCAR_L4_OC_NRT_V2.0.nc?u%5B(2026-06-17T00:00:00Z)%5D%5B(0.0)%5D%5B(33.7):1:(39.0)%5D%5B(-78.89):1:(-72.21)%5D,v%5B(2026-06-17T00:00:00Z)%5D%5B(0.0)%5D%5B(33.7):1:(39.0)%5D%5B(-78.89):1:(-72.21)%5D (Caused by NewConnectionError("HTTPSConnection(host='coastwatch.pfeg.noaa.gov', port=443): Failed to establish a new connection: [Errno 101] Network is unreachable"))
  Trying OSCAR_L4_OC_NRT_V2.0 @ upwell.pfeg.noaa.gov 2026-06-17 ...
  OSCAR_L4_OC_NRT_V2.0 @ upwell.pfeg.noaa.gov 2026-06-17: HTTPSConnectionPool(host='upwell.pfeg.noaa.gov', port=443): Max retries exceeded with url: /erddap/griddap/OSCAR_L4_OC_NRT_V2.0.nc?u%5B(2026-06-17T00:00:00Z)%5D%5B(0.0)%5D%5B(33.7):1:(39.0)%5D%5B(-78.89):1:(-72.21)%5D,v%5B(2026-06-17T00:00:00Z)%5D%5B(0.0)%5D%5B(33.7):1:(39.0)%5D%5B(-78.89):1:(-72.21)%5D (Caused by ConnectTimeoutError(<HTTPSConnection(host='upwell.pfeg.noaa.gov', port=443) at 0x7ff285096690>, 'Connection to upwell.pfeg.noaa.gov timed out. (connect timeout=8)'))
  Trying OSCAR_L4_OC_NRT_V2.0 @ coastwatch.pfeg.noaa.gov 2026-06-16 ...
  OSCAR_L4_OC_NRT_V2.0 @ coastwatch.pfeg.noaa.gov 2026-06-16: HTTPSConnectionPool(host='coastwatch.pfeg.noaa.gov', port=443): Max retries exceeded with url: /erddap/griddap/OSCAR_L4_OC_NRT_V2.0.nc?u%5B(2026-06-16T00:00:00Z)%5D%5B(0.0)%5D%5B(33.7):1:(39.0)%5D%5B(-78.89):1:(-72.21)%5D,v%5B(2026-06-16T00:00:00Z)%5D%5B(0.0)%5D%5B(33.7):1:(39.0)%5D%5B(-78.89):1:(-72.21)%5D (Caused by ProtocolError('Connection aborted.', ConnectionResetError(104, 'Connection reset by peer')))
  Trying OSCAR_L4_OC_NRT_V2.0 @ upwell.pfeg.noaa.gov 2026-06-16 ...
  OSCAR_L4_OC_NRT_V2.0 @ upwell.pfeg.noaa.gov 2026-06-16: HTTPSConnectionPool(host='upwell.pfeg.noaa.gov', port=443): Max retries exceeded with url: /erddap/griddap/OSCAR_L4_OC_NRT_V2.0.nc?u%5B(2026-06-16T00:00:00Z)%5D%5B(0.0)%5D%5B(33.7):1:(39.0)%5D%5B(-78.89):1:(-72.21)%5D,v%5B(2026-06-16T00:00:00Z)%5D%5B(0.0)%5D%5B(33.7):1:(39.0)%5D%5B(-78.89):1:(-72.21)%5D (Caused by ConnectTimeoutError(<HTTPSConnection(host='upwell.pfeg.noaa.gov', port=443) at 0x7ff28507c2d0>, 'Connection to upwell.pfeg.noaa.gov timed out. (connect timeout=8)'))
  Trying OSCAR_L4_OC_NRT_V2.0 @ coastwatch.pfeg.noaa.gov 2026-06-15 ...
  OSCAR_L4_OC_NRT_V2.0 @ coastwatch.pfeg.noaa.gov 2026-06-15: HTTPSConnectionPool(host='coastwatch.pfeg.noaa.gov', port=443): Max retries exceeded with url: /erddap/griddap/OSCAR_L4_OC_NRT_V2.0.nc?u%5B(2026-06-15T00:00:00Z)%5D%5B(0.0)%5D%5B(33.7):1:(39.0)%5D%5B(-78.89):1:(-72.21)%5D,v%5B(2026-06-15T00:00:00Z)%5D%5B(0.0)%5D%5B(33.7):1:(39.0)%5D%5B(-78.89):1:(-72.21)%5D (Caused by ProtocolError('Connection aborted.', ConnectionResetError(104, 'Connection reset by peer')))
  Trying OSCAR_L4_OC_NRT_V2.0 @ upwell.pfeg.noaa.gov 2026-06-15 ...
  OSCAR_L4_OC_NRT_V2.0 @ upwell.pfeg.noaa.gov 2026-06-15: HTTPSConnectionPool(host='upwell.pfeg.noaa.gov', port=443): Max retries exceeded with url: /erddap/griddap/OSCAR_L4_OC_NRT_V2.0.nc?u%5B(2026-06-15T00:00:00Z)%5D%5B(0.0)%5D%5B(33.7):1:(39.0)%5D%5B(-78.89):1:(-72.21)%5D,v%5B(2026-06-15T00:00:00Z)%5D%5B(0.0)%5D%5B(33.7):1:(39.0)%5D%5B(-78.89):1:(-72.21)%5D (Caused by ConnectTimeoutError(<HTTPSConnection(host='upwell.pfeg.noaa.gov', port=443) at 0x7ff28508ad50>, 'Connection to upwell.pfeg.noaa.gov timed out. (connect timeout=8)'))
  Trying jplOscarV2NRT5day @ coastwatch.pfeg.noaa.gov 2026-06-20 ...
  jplOscarV2NRT5day @ coastwatch.pfeg.noaa.gov 2026-06-20: HTTPSConnectionPool(host='coastwatch.pfeg.noaa.gov', port=443): Max retries exceeded with url: /erddap/griddap/jplOscarV2NRT5day.nc?u%5B(2026-06-20T00:00:00Z)%5D%5B(0.0)%5D%5B(33.7):1:(39.0)%5D%5B(-78.89):1:(-72.21)%5D,v%5B(2026-06-20T00:00:00Z)%5D%5B(0.0)%5D%5B(33.7):1:(39.0)%5D%5B(-78.89):1:(-72.21)%5D (Caused by NewConnectionError("HTTPSConnection(host='coastwatch.pfeg.noaa.gov', port=443): Failed to establish a new connection: [Errno 101] Network is unreachable"))
  Trying jplOscarV2NRT5day @ upwell.pfeg.noaa.gov 2026-06-20 ...
  jplOscarV2NRT5day @ upwell.pfeg.noaa.gov 2026-06-20: HTTPSConnectionPool(host='upwell.pfeg.noaa.gov', port=443): Max retries exceeded with url: /erddap/griddap/jplOscarV2NRT5day.nc?u%5B(2026-06-20T00:00:00Z)%5D%5B(0.0)%5D%5B(33.7):1:(39.0)%5D%5B(-78.89):1:(-72.21)%5D,v%5B(2026-06-20T00:00:00Z)%5D%5B(0.0)%5D%5B(33.7):1:(39.0)%5D%5B(-78.89):1:(-72.21)%5D (Caused by ConnectTimeoutError(<HTTPSConnection(host='upwell.pfeg.noaa.gov', port=443) at 0x7ff2850712d0>, 'Connection to upwell.pfeg.noaa.gov timed out. (connect timeout=8)'))
  Trying jplOscarV2NRT5day @ coastwatch.pfeg.noaa.gov 2026-06-19 ...
  jplOscarV2NRT5day @ coastwatch.pfeg.noaa.gov 2026-06-19: HTTPSConnectionPool(host='coastwatch.pfeg.noaa.gov', port=443): Max retries exceeded with url: /erddap/griddap/jplOscarV2NRT5day.nc?u%5B(2026-06-19T00:00:00Z)%5D%5B(0.0)%5D%5B(33.7):1:(39.0)%5D%5B(-78.89):1:(-72.21)%5D,v%5B(2026-06-19T00:00:00Z)%5D%5B(0.0)%5D%5B(33.7):1:(39.0)%5D%5B(-78.89):1:(-72.21)%5D (Caused by ProtocolError('Connection aborted.', ConnectionResetError(104, 'Connection reset by peer')))
  Trying jplOscarV2NRT5day @ upwell.pfeg.noaa.gov 2026-06-19 ...
  jplOscarV2NRT5day @ upwell.pfeg.noaa.gov 2026-06-19: HTTPSConnectionPool(host='upwell.pfeg.noaa.gov', port=443): Max retries exceeded with url: /erddap/griddap/jplOscarV2NRT5day.nc?u%5B(2026-06-19T00:00:00Z)%5D%5B(0.0)%5D%5B(33.7):1:(39.0)%5D%5B(-78.89):1:(-72.21)%5D,v%5B(2026-06-19T00:00:00Z)%5D%5B(0.0)%5D%5B(33.7):1:(39.0)%5D%5B(-78.89):1:(-72.21)%5D (Caused by ConnectTimeoutError(<HTTPSConnection(host='upwell.pfeg.noaa.gov', port=443) at 0x7ff285096e90>, 'Connection to upwell.pfeg.noaa.gov timed out. (connect timeout=8)'))
  Trying jplOscarV2NRT5day @ coastwatch.pfeg.noaa.gov 2026-06-18 ...
  jplOscarV2NRT5day @ coastwatch.pfeg.noaa.gov 2026-06-18: HTTPSConnectionPool(host='coastwatch.pfeg.noaa.gov', port=443): Max retries exceeded with url: /erddap/griddap/jplOscarV2NRT5day.nc?u%5B(2026-06-18T00:00:00Z)%5D%5B(0.0)%5D%5B(33.7):1:(39.0)%5D%5B(-78.89):1:(-72.21)%5D,v%5B(2026-06-18T00:00:00Z)%5D%5B(0.0)%5D%5B(33.7):1:(39.0)%5D%5B(-78.89):1:(-72.21)%5D (Caused by NewConnectionError("HTTPSConnection(host='coastwatch.pfeg.noaa.gov', port=443): Failed to establish a new connection: [Errno 101] Network is unreachable"))
  Trying jplOscarV2NRT5day @ upwell.pfeg.noaa.gov 2026-06-18 ...
  jplOscarV2NRT5day @ upwell.pfeg.noaa.gov 2026-06-18: HTTPSConnectionPool(host='upwell.pfeg.noaa.gov', port=443): Max retries exceeded with url: /erddap/griddap/jplOscarV2NRT5day.nc?u%5B(2026-06-18T00:00:00Z)%5D%5B(0.0)%5D%5B(33.7):1:(39.0)%5D%5B(-78.89):1:(-72.21)%5D,v%5B(2026-06-18T00:00:00Z)%5D%5B(0.0)%5D%5B(33.7):1:(39.0)%5D%5B(-78.89):1:(-72.21)%5D (Caused by ConnectTimeoutError(<HTTPSConnection(host='upwell.pfeg.noaa.gov', port=443) at 0x7ff285072ad0>, 'Connection to upwell.pfeg.noaa.gov timed out. (connect timeout=8)'))
  Trying jplOscarV2NRT5day @ coastwatch.pfeg.noaa.gov 2026-06-17 ...
  jplOscarV2NRT5day @ coastwatch.pfeg.noaa.gov 2026-06-17: HTTPSConnectionPool(host='coastwatch.pfeg.noaa.gov', port=443): Max retries exceeded with url: /erddap/griddap/jplOscarV2NRT5day.nc?u%5B(2026-06-17T00:00:00Z)%5D%5B(0.0)%5D%5B(33.7):1:(39.0)%5D%5B(-78.89):1:(-72.21)%5D,v%5B(2026-06-17T00:00:00Z)%5D%5B(0.0)%5D%5B(33.7):1:(39.0)%5D%5B(-78.89):1:(-72.21)%5D (Caused by ProtocolError('Connection aborted.', ConnectionResetError(104, 'Connection reset by peer')))
  Trying jplOscarV2NRT5day @ upwell.pfeg.noaa.gov 2026-06-17 ...
  jplOscarV2NRT5day @ upwell.pfeg.noaa.gov 2026-06-17: HTTPSConnectionPool(host='upwell.pfeg.noaa.gov', port=443): Max retries exceeded with url: /erddap/griddap/jplOscarV2NRT5day.nc?u%5B(2026-06-17T00:00:00Z)%5D%5B(0.0)%5D%5B(33.7):1:(39.0)%5D%5B(-78.89):1:(-72.21)%5D,v%5B(2026-06-17T00:00:00Z)%5D%5B(0.0)%5D%5B(33.7):1:(39.0)%5D%5B(-78.89):1:(-72.21)%5D (Caused by ProtocolError('Connection aborted.', ConnectionResetError(104, 'Connection reset by peer')))
  Trying jplOscarV2NRT5day @ coastwatch.pfeg.noaa.gov 2026-06-16 ...
  jplOscarV2NRT5day @ coastwatch.pfeg.noaa.gov 2026-06-16: HTTPSConnectionPool(host='coastwatch.pfeg.noaa.gov', port=443): Max retries exceeded with url: /erddap/griddap/jplOscarV2NRT5day.nc?u%5B(2026-06-16T00:00:00Z)%5D%5B(0.0)%5D%5B(33.7):1:(39.0)%5D%5B(-78.89):1:(-72.21)%5D,v%5B(2026-06-16T00:00:00Z)%5D%5B(0.0)%5D%5B(33.7):1:(39.0)%5D%5B(-78.89):1:(-72.21)%5D (Caused by ProtocolError('Connection aborted.', ConnectionResetError(104, 'Connection reset by peer')))
  Trying jplOscarV2NRT5day @ upwell.pfeg.noaa.gov 2026-06-16 ...
  jplOscarV2NRT5day @ upwell.pfeg.noaa.gov 2026-06-16: HTTPSConnectionPool(host='upwell.pfeg.noaa.gov', port=443): Max retries exceeded with url: /erddap/griddap/jplOscarV2NRT5day.nc?u%5B(2026-06-16T00:00:00Z)%5D%5B(0.0)%5D%5B(33.7):1:(39.0)%5D%5B(-78.89):1:(-72.21)%5D,v%5B(2026-06-16T00:00:00Z)%5D%5B(0.0)%5D%5B(33.7):1:(39.0)%5D%5B(-78.89):1:(-72.21)%5D (Caused by ProtocolError('Connection aborted.', ConnectionResetError(104, 'Connection reset by peer')))
  Trying jplOscarV2NRT5day @ coastwatch.pfeg.noaa.gov 2026-06-15 ...
  jplOscarV2NRT5day @ coastwatch.pfeg.noaa.gov 2026-06-15: HTTPSConnectionPool(host='coastwatch.pfeg.noaa.gov', port=443): Max retries exceeded with url: /erddap/griddap/jplOscarV2NRT5day.nc?u%5B(2026-06-15T00:00:00Z)%5D%5B(0.0)%5D%5B(33.7):1:(39.0)%5D%5B(-78.89):1:(-72.21)%5D,v%5B(2026-06-15T00:00:00Z)%5D%5B(0.0)%5D%5B(33.7):1:(39.0)%5D%5B(-78.89):1:(-72.21)%5D (Caused by ProtocolError('Connection aborted.', ConnectionResetError(104, 'Connection reset by peer')))
  Trying jplOscarV2NRT5day @ upwell.pfeg.noaa.gov 2026-06-15 ...
  jplOscarV2NRT5day @ upwell.pfeg.noaa.gov 2026-06-15: HTTPSConnectionPool(host='upwell.pfeg.noaa.gov', port=443): Max retries exceeded with url: /erddap/griddap/jplOscarV2NRT5day.nc?u%5B(2026-06-15T00:00:00Z)%5D%5B(0.0)%5D%5B(33.7):1:(39.0)%5D%5B(-78.89):1:(-72.21)%5D,v%5B(2026-06-15T00:00:00Z)%5D%5B(0.0)%5D%5B(33.7):1:(39.0)%5D%5B(-78.89):1:(-72.21)%5D (Caused by ProtocolError('Connection aborted.', ConnectionResetError(104, 'Connection reset by peer')))
  Trying jplOscar1day @ coastwatch.pfeg.noaa.gov 2026-06-20 ...
  jplOscar1day @ coastwatch.pfeg.noaa.gov 2026-06-20: HTTPSConnectionPool(host='coastwatch.pfeg.noaa.gov', port=443): Max retries exceeded with url: /erddap/griddap/jplOscar1day.nc?u%5B(2026-06-20T00:00:00Z)%5D%5B(0.0)%5D%5B(33.7):1:(39.0)%5D%5B(-78.89):1:(-72.21)%5D,v%5B(2026-06-20T00:00:00Z)%5D%5B(0.0)%5D%5B(33.7):1:(39.0)%5D%5B(-78.89):1:(-72.21)%5D (Caused by ProtocolError('Connection aborted.', ConnectionResetError(104, 'Connection reset by peer')))
  Trying jplOscar1day @ upwell.pfeg.noaa.gov 2026-06-20 ...
  jplOscar1day @ upwell.pfeg.noaa.gov 2026-06-20: HTTPSConnectionPool(host='upwell.pfeg.noaa.gov', port=443): Max retries exceeded with url: /erddap/griddap/jplOscar1day.nc?u%5B(2026-06-20T00:00:00Z)%5D%5B(0.0)%5D%5B(33.7):1:(39.0)%5D%5B(-78.89):1:(-72.21)%5D,v%5B(2026-06-20T00:00:00Z)%5D%5B(0.0)%5D%5B(33.7):1:(39.0)%5D%5B(-78.89):1:(-72.21)%5D (Caused by ConnectTimeoutError(<HTTPSConnection(host='upwell.pfeg.noaa.gov', port=443) at 0x7ff28507d490>, 'Connection to upwell.pfeg.noaa.gov timed out. (connect timeout=8)'))
  Trying jplOscar1day @ coastwatch.pfeg.noaa.gov 2026-06-19 ...
  jplOscar1day @ coastwatch.pfeg.noaa.gov 2026-06-19: HTTPSConnectionPool(host='coastwatch.pfeg.noaa.gov', port=443): Max retries exceeded with url: /erddap/griddap/jplOscar1day.nc?u%5B(2026-06-19T00:00:00Z)%5D%5B(0.0)%5D%5B(33.7):1:(39.0)%5D%5B(-78.89):1:(-72.21)%5D,v%5B(2026-06-19T00:00:00Z)%5D%5B(0.0)%5D%5B(33.7):1:(39.0)%5D%5B(-78.89):1:(-72.21)%5D (Caused by ProtocolError('Connection aborted.', ConnectionResetError(104, 'Connection reset by peer')))
  Trying jplOscar1day @ upwell.pfeg.noaa.gov 2026-06-19 ...
  jplOscar1day @ upwell.pfeg.noaa.gov 2026-06-19: HTTPSConnectionPool(host='upwell.pfeg.noaa.gov', port=443): Max retries exceeded with url: /erddap/griddap/jplOscar1day.nc?u%5B(2026-06-19T00:00:00Z)%5D%5B(0.0)%5D%5B(33.7):1:(39.0)%5D%5B(-78.89):1:(-72.21)%5D,v%5B(2026-06-19T00:00:00Z)%5D%5B(0.0)%5D%5B(33.7):1:(39.0)%5D%5B(-78.89):1:(-72.21)%5D (Caused by ProtocolError('Connection aborted.', ConnectionResetError(104, 'Connection reset by peer')))
  Trying jplOscar1day @ coastwatch.pfeg.noaa.gov 2026-06-18 ...
  jplOscar1day @ coastwatch.pfeg.noaa.gov 2026-06-18: HTTPSConnectionPool(host='coastwatch.pfeg.noaa.gov', port=443): Max retries exceeded with url: /erddap/griddap/jplOscar1day.nc?u%5B(2026-06-18T00:00:00Z)%5D%5B(0.0)%5D%5B(33.7):1:(39.0)%5D%5B(-78.89):1:(-72.21)%5D,v%5B(2026-06-18T00:00:00Z)%5D%5B(0.0)%5D%5B(33.7):1:(39.0)%5D%5B(-78.89):1:(-72.21)%5D (Caused by ProtocolError('Connection aborted.', ConnectionResetError(104, 'Connection reset by peer')))
  Trying jplOscar1day @ upwell.pfeg.noaa.gov 2026-06-18 ...
  jplOscar1day @ upwell.pfeg.noaa.gov 2026-06-18: HTTPSConnectionPool(host='upwell.pfeg.noaa.gov', port=443): Max retries exceeded with url: /erddap/griddap/jplOscar1day.nc?u%5B(2026-06-18T00:00:00Z)%5D%5B(0.0)%5D%5B(33.7):1:(39.0)%5D%5B(-78.89):1:(-72.21)%5D,v%5B(2026-06-18T00:00:00Z)%5D%5B(0.0)%5D%5B(33.7):1:(39.0)%5D%5B(-78.89):1:(-72.21)%5D (Caused by ProtocolError('Connection aborted.', ConnectionResetError(104, 'Connection reset by peer')))
  Trying jplOscar1day @ coastwatch.pfeg.noaa.gov 2026-06-17 ...
  jplOscar1day @ coastwatch.pfeg.noaa.gov 2026-06-17: HTTPSConnectionPool(host='coastwatch.pfeg.noaa.gov', port=443): Max retries exceeded with url: /erddap/griddap/jplOscar1day.nc?u%5B(2026-06-17T00:00:00Z)%5D%5B(0.0)%5D%5B(33.7):1:(39.0)%5D%5B(-78.89):1:(-72.21)%5D,v%5B(2026-06-17T00:00:00Z)%5D%5B(0.0)%5D%5B(33.7):1:(39.0)%5D%5B(-78.89):1:(-72.21)%5D (Caused by ProtocolError('Connection aborted.', ConnectionResetError(104, 'Connection reset by peer')))
  Trying jplOscar1day @ upwell.pfeg.noaa.gov 2026-06-17 ...
  jplOscar1day @ upwell.pfeg.noaa.gov 2026-06-17: HTTPSConnectionPool(host='upwell.pfeg.noaa.gov', port=443): Max retries exceeded with url: /erddap/griddap/jplOscar1day.nc?u%5B(2026-06-17T00:00:00Z)%5D%5B(0.0)%5D%5B(33.7):1:(39.0)%5D%5B(-78.89):1:(-72.21)%5D,v%5B(2026-06-17T00:00:00Z)%5D%5B(0.0)%5D%5B(33.7):1:(39.0)%5D%5B(-78.89):1:(-72.21)%5D (Caused by ConnectTimeoutError(<HTTPSConnection(host='upwell.pfeg.noaa.gov', port=443) at 0x7ff285072dd0>, 'Connection to upwell.pfeg.noaa.gov timed out. (connect timeout=8)'))
  Trying jplOscar1day @ coastwatch.pfeg.noaa.gov 2026-06-16 ...
  jplOscar1day @ coastwatch.pfeg.noaa.gov 2026-06-16: HTTPSConnectionPool(host='coastwatch.pfeg.noaa.gov', port=443): Max retries exceeded with url: /erddap/griddap/jplOscar1day.nc?u%5B(2026-06-16T00:00:00Z)%5D%5B(0.0)%5D%5B(33.7):1:(39.0)%5D%5B(-78.89):1:(-72.21)%5D,v%5B(2026-06-16T00:00:00Z)%5D%5B(0.0)%5D%5B(33.7):1:(39.0)%5D%5B(-78.89):1:(-72.21)%5D (Caused by ProtocolError('Connection aborted.', ConnectionResetError(104, 'Connection reset by peer')))
  Trying jplOscar1day @ upwell.pfeg.noaa.gov 2026-06-16 ...
  jplOscar1day @ upwell.pfeg.noaa.gov 2026-06-16: HTTPSConnectionPool(host='upwell.pfeg.noaa.gov', port=443): Max retries exceeded with url: /erddap/griddap/jplOscar1day.nc?u%5B(2026-06-16T00:00:00Z)%5D%5B(0.0)%5D%5B(33.7):1:(39.0)%5D%5B(-78.89):1:(-72.21)%5D,v%5B(2026-06-16T00:00:00Z)%5D%5B(0.0)%5D%5B(33.7):1:(39.0)%5D%5B(-78.89):1:(-72.21)%5D (Caused by ProtocolError('Connection aborted.', ConnectionResetError(104, 'Connection reset by peer')))
  Trying jplOscar1day @ coastwatch.pfeg.noaa.gov 2026-06-15 ...
  jplOscar1day @ coastwatch.pfeg.noaa.gov 2026-06-15: HTTPSConnectionPool(host='coastwatch.pfeg.noaa.gov', port=443): Max retries exceeded with url: /erddap/griddap/jplOscar1day.nc?u%5B(2026-06-15T00:00:00Z)%5D%5B(0.0)%5D%5B(33.7):1:(39.0)%5D%5B(-78.89):1:(-72.21)%5D,v%5B(2026-06-15T00:00:00Z)%5D%5B(0.0)%5D%5B(33.7):1:(39.0)%5D%5B(-78.89):1:(-72.21)%5D (Caused by NewConnectionError("HTTPSConnection(host='coastwatch.pfeg.noaa.gov', port=443): Failed to establish a new connection: [Errno 101] Network is unreachable"))
  Trying jplOscar1day @ upwell.pfeg.noaa.gov 2026-06-15 ...
  jplOscar1day @ upwell.pfeg.noaa.gov 2026-06-15: HTTPSConnectionPool(host='upwell.pfeg.noaa.gov', port=443): Max retries exceeded with url: /erddap/griddap/jplOscar1day.nc?u%5B(2026-06-15T00:00:00Z)%5D%5B(0.0)%5D%5B(33.7):1:(39.0)%5D%5B(-78.89):1:(-72.21)%5D,v%5B(2026-06-15T00:00:00Z)%5D%5B(0.0)%5D%5B(33.7):1:(39.0)%5D%5B(-78.89):1:(-72.21)%5D (Caused by ProtocolError('Connection aborted.', ConnectionResetError(104, 'Connection reset by peer')))
  Trying erdQCkm1day @ coastwatch.pfeg.noaa.gov 2026-06-20 ...
  erdQCkm1day @ coastwatch.pfeg.noaa.gov 2026-06-20: HTTPSConnectionPool(host='coastwatch.pfeg.noaa.gov', port=443): Max retries exceeded with url: /erddap/griddap/erdQCkm1day.nc?u%5B(2026-06-20T00:00:00Z)%5D%5B(0.0)%5D%5B(33.7):1:(39.0)%5D%5B(-78.89):1:(-72.21)%5D,v%5B(2026-06-20T00:00:00Z)%5D%5B(0.0)%5D%5B(33.7):1:(39.0)%5D%5B(-78.89):1:(-72.21)%5D (Caused by NewConnectionError("HTTPSConnection(host='coastwatch.pfeg.noaa.gov', port=443): Failed to establish a new connection: [Errno 101] Network is unreachable"))
  Trying erdQCkm1day @ upwell.pfeg.noaa.gov 2026-06-20 ...
  erdQCkm1day @ upwell.pfeg.noaa.gov 2026-06-20: HTTPSConnectionPool(host='upwell.pfeg.noaa.gov', port=443): Max retries exceeded with url: /erddap/griddap/erdQCkm1day.nc?u%5B(2026-06-20T00:00:00Z)%5D%5B(0.0)%5D%5B(33.7):1:(39.0)%5D%5B(-78.89):1:(-72.21)%5D,v%5B(2026-06-20T00:00:00Z)%5D%5B(0.0)%5D%5B(33.7):1:(39.0)%5D%5B(-78.89):1:(-72.21)%5D (Caused by ProtocolError('Connection aborted.', ConnectionResetError(104, 'Connection reset by peer')))
  Trying erdQCkm1day @ coastwatch.pfeg.noaa.gov 2026-06-19 ...
  erdQCkm1day @ coastwatch.pfeg.noaa.gov 2026-06-19: HTTPSConnectionPool(host='coastwatch.pfeg.noaa.gov', port=443): Max retries exceeded with url: /erddap/griddap/erdQCkm1day.nc?u%5B(2026-06-19T00:00:00Z)%5D%5B(0.0)%5D%5B(33.7):1:(39.0)%5D%5B(-78.89):1:(-72.21)%5D,v%5B(2026-06-19T00:00:00Z)%5D%5B(0.0)%5D%5B(33.7):1:(39.0)%5D%5B(-78.89):1:(-72.21)%5D (Caused by ProtocolError('Connection aborted.', ConnectionResetError(104, 'Connection reset by peer')))
  Trying erdQCkm1day @ upwell.pfeg.noaa.gov 2026-06-19 ...
  erdQCkm1day @ upwell.pfeg.noaa.gov 2026-06-19: HTTPSConnectionPool(host='upwell.pfeg.noaa.gov', port=443): Max retries exceeded with url: /erddap/griddap/erdQCkm1day.nc?u%5B(2026-06-19T00:00:00Z)%5D%5B(0.0)%5D%5B(33.7):1:(39.0)%5D%5B(-78.89):1:(-72.21)%5D,v%5B(2026-06-19T00:00:00Z)%5D%5B(0.0)%5D%5B(33.7):1:(39.0)%5D%5B(-78.89):1:(-72.21)%5D (Caused by ConnectTimeoutError(<HTTPSConnection(host='upwell.pfeg.noaa.gov', port=443) at 0x7ff28507dc90>, 'Connection to upwell.pfeg.noaa.gov timed out. (connect timeout=8)'))
  Trying erdQCkm1day @ coastwatch.pfeg.noaa.gov 2026-06-18 ...
  erdQCkm1day @ coastwatch.pfeg.noaa.gov 2026-06-18: HTTPSConnectionPool(host='coastwatch.pfeg.noaa.gov', port=443): Max retries exceeded with url: /erddap/griddap/erdQCkm1day.nc?u%5B(2026-06-18T00:00:00Z)%5D%5B(0.0)%5D%5B(33.7):1:(39.0)%5D%5B(-78.89):1:(-72.21)%5D,v%5B(2026-06-18T00:00:00Z)%5D%5B(0.0)%5D%5B(33.7):1:(39.0)%5D%5B(-78.89):1:(-72.21)%5D (Caused by ProtocolError('Connection aborted.', ConnectionResetError(104, 'Connection reset by peer')))
  Trying erdQCkm1day @ upwell.pfeg.noaa.gov 2026-06-18 ...
  erdQCkm1day @ upwell.pfeg.noaa.gov 2026-06-18: HTTPSConnectionPool(host='upwell.pfeg.noaa.gov', port=443): Max retries exceeded with url: /erddap/griddap/erdQCkm1day.nc?u%5B(2026-06-18T00:00:00Z)%5D%5B(0.0)%5D%5B(33.7):1:(39.0)%5D%5B(-78.89):1:(-72.21)%5D,v%5B(2026-06-18T00:00:00Z)%5D%5B(0.0)%5D%5B(33.7):1:(39.0)%5D%5B(-78.89):1:(-72.21)%5D (Caused by ConnectTimeoutError(<HTTPSConnection(host='upwell.pfeg.noaa.gov', port=443) at 0x7ff28508b050>, 'Connection to upwell.pfeg.noaa.gov timed out. (connect timeout=8)'))
  Trying erdQCkm1day @ coastwatch.pfeg.noaa.gov 2026-06-17 ...
  erdQCkm1day @ coastwatch.pfeg.noaa.gov 2026-06-17: HTTPSConnectionPool(host='coastwatch.pfeg.noaa.gov', port=443): Max retries exceeded with url: /erddap/griddap/erdQCkm1day.nc?u%5B(2026-06-17T00:00:00Z)%5D%5B(0.0)%5D%5B(33.7):1:(39.0)%5D%5B(-78.89):1:(-72.21)%5D,v%5B(2026-06-17T00:00:00Z)%5D%5B(0.0)%5D%5B(33.7):1:(39.0)%5D%5B(-78.89):1:(-72.21)%5D (Caused by ProtocolError('Connection aborted.', ConnectionResetError(104, 'Connection reset by peer')))
  Trying erdQCkm1day @ upwell.pfeg.noaa.gov 2026-06-17 ...
  erdQCkm1day @ upwell.pfeg.noaa.gov 2026-06-17: HTTPSConnectionPool(host='upwell.pfeg.noaa.gov', port=443): Max retries exceeded with url: /erddap/griddap/erdQCkm1day.nc?u%5B(2026-06-17T00:00:00Z)%5D%5B(0.0)%5D%5B(33.7):1:(39.0)%5D%5B(-78.89):1:(-72.21)%5D,v%5B(2026-06-17T00:00:00Z)%5D%5B(0.0)%5D%5B(33.7):1:(39.0)%5D%5B(-78.89):1:(-72.21)%5D (Caused by ConnectTimeoutError(<HTTPSConnection(host='upwell.pfeg.noaa.gov', port=443) at 0x7ff285097290>, 'Connection to upwell.pfeg.noaa.gov timed out. (connect timeout=8)'))
  Trying erdQCkm1day @ coastwatch.pfeg.noaa.gov 2026-06-16 ...
  erdQCkm1day @ coastwatch.pfeg.noaa.gov 2026-06-16: HTTPSConnectionPool(host='coastwatch.pfeg.noaa.gov', port=443): Max retries exceeded with url: /erddap/griddap/erdQCkm1day.nc?u%5B(2026-06-16T00:00:00Z)%5D%5B(0.0)%5D%5B(33.7):1:(39.0)%5D%5B(-78.89):1:(-72.21)%5D,v%5B(2026-06-16T00:00:00Z)%5D%5B(0.0)%5D%5B(33.7):1:(39.0)%5D%5B(-78.89):1:(-72.21)%5D (Caused by ProtocolError('Connection aborted.', ConnectionResetError(104, 'Connection reset by peer')))
  Trying erdQCkm1day @ upwell.pfeg.noaa.gov 2026-06-16 ...
  erdQCkm1day @ upwell.pfeg.noaa.gov 2026-06-16: HTTPSConnectionPool(host='upwell.pfeg.noaa.gov', port=443): Max retries exceeded with url: /erddap/griddap/erdQCkm1day.nc?u%5B(2026-06-16T00:00:00Z)%5D%5B(0.0)%5D%5B(33.7):1:(39.0)%5D%5B(-78.89):1:(-72.21)%5D,v%5B(2026-06-16T00:00:00Z)%5D%5B(0.0)%5D%5B(33.7):1:(39.0)%5D%5B(-78.89):1:(-72.21)%5D (Caused by ProtocolError('Connection aborted.', ConnectionResetError(104, 'Connection reset by peer')))
  Trying erdQCkm1day @ coastwatch.pfeg.noaa.gov 2026-06-15 ...
  erdQCkm1day @ coastwatch.pfeg.noaa.gov 2026-06-15: HTTPSConnectionPool(host='coastwatch.pfeg.noaa.gov', port=443): Max retries exceeded with url: /erddap/griddap/erdQCkm1day.nc?u%5B(2026-06-15T00:00:00Z)%5D%5B(0.0)%5D%5B(33.7):1:(39.0)%5D%5B(-78.89):1:(-72.21)%5D,v%5B(2026-06-15T00:00:00Z)%5D%5B(0.0)%5D%5B(33.7):1:(39.0)%5D%5B(-78.89):1:(-72.21)%5D (Caused by NewConnectionError("HTTPSConnection(host='coastwatch.pfeg.noaa.gov', port=443): Failed to establish a new connection: [Errno 101] Network is unreachable"))
  Trying erdQCkm1day @ upwell.pfeg.noaa.gov 2026-06-15 ...
  erdQCkm1day @ upwell.pfeg.noaa.gov 2026-06-15: HTTPSConnectionPool(host='upwell.pfeg.noaa.gov', port=443): Max retries exceeded with url: /erddap/griddap/erdQCkm1day.nc?u%5B(2026-06-15T00:00:00Z)%5D%5B(0.0)%5D%5B(33.7):1:(39.0)%5D%5B(-78.89):1:(-72.21)%5D,v%5B(2026-06-15T00:00:00Z)%5D%5B(0.0)%5D%5B(33.7):1:(39.0)%5D%5B(-78.89):1:(-72.21)%5D (Caused by ProtocolError('Connection aborted.', ConnectionResetError(104, 'Connection reset by peer')))
  OSCAR: all attempts failed

[CMEMS] Currents  (2026-06-20)  0.083 deg, daily
INFO - 2026-06-21T22:15:53Z - Selected dataset version: "202406"
INFO - 2026-06-21T22:15:53Z - Selected dataset part: "default"
WARNING - 2026-06-21T22:15:53Z - Some of your subset selection [0.0, 1.0] for the depth dimension exceed the dataset coordinates [0.49402499198913574, 5727.9169921875]
INFO - 2026-06-21T22:15:58Z - Total size of the download: 53.33 KB.
  CMEMS currents: 3,209 pts  0.002–1.876 m/s

[CMEMS] Altimetry  (2026-06-20)  0.125 deg, daily
INFO - 2026-06-21T22:16:02Z - Selected dataset version: "202506"
INFO - 2026-06-21T22:16:02Z - Selected dataset part: "default"
INFO - 2026-06-21T22:16:07Z - Total size of the download: 48.11 KB.
  Altimetry: 1,503 pts  SLA -0.156–0.556 m
  Geostrophic currents: 1,503 pts  0.004–1.672 m/s

============================================================
  Exporting ...
    Currents JSON → DailySST/Currents/currents_20260620.json  (338 KB)
    Currents CSV  → DailySST/Currents/currents_20260620.csv  (3,209 rows, 196 KB)
    Altimetry CSV  → DailySST/Altimetry/altimetry_20260620.csv  (1,503 rows, 87 KB)
    Altimetry grid → DailySST/Altimetry/altimetry_20260620_grid.json  (29 KB)

============================================================
  Currents  (CMEMS): 3,209 pts  speed 0.002–1.876 m/s  p98=1.578 m/s
  Altimetry (CMEMS_ALT): 1,503 pts  SSH -0.365–1.124 m
============================================================

  Files → /home/runner/work/SSTv2/SSTv2/DailySST/Currents
         → /home/runner/work/SSTv2/SSTv2/DailySST/Altimetry
