============================================================
  Ocean Dynamics Fetcher — Currents + Altimetry
  Date      : 2026-08-13
  BBOX      : {'lat_min': 22.15, 'lat_max': 27.47, 'lon_min': -83.16, 'lon_max': -76.14}
  Output    : /home/runner/work/SSTv2/SSTv2/DailySST
============================================================

[1/3] HYCOM currents + SSH  (target: 2026-08-13)  ~1/12 deg
  HYCOM catalog found dataset: FMRC_ESPC-D-V02_uv3z
  Trying https://tds.hycom.org/thredds/ncss/FMRC_ESPC-D-V02_uv3z/runs/FMRC_ESPC-D-V02_uv3...
  HYCOM 2026-08-13 12Z failed: 400 Client Error: 400 for url: https://tds.hycom.org/thredds/ncss/FMRC_ESPC-D-V02_uv3z/runs/FMRC_ESPC-D-V02_uv3z_RUN_2026-08-13T12:00:00Z?var=water_u&var=water_v&var=surf_el&north=27.47&south=22.15&west=-83.16&east=-76.14&horizStride=1&vertCoord=0&disableLLSubset=on&disableProjSubset=on&time_start=2026-08-13T12:00:00Z&time_end=2026-08-13T12:00:00Z&accept=netcdf
  Trying https://tds.hycom.org/thredds/ncss/FMRC_ESPC-D-V02_uv3z/FMRC_ESPC-D-V02_uv3z_bes...
  HYCOM 2026-08-13 12Z failed: 400 Client Error: 400 for url: https://tds.hycom.org/thredds/ncss/FMRC_ESPC-D-V02_uv3z/FMRC_ESPC-D-V02_uv3z_best.ncd?var=water_u&var=water_v&var=surf_el&north=27.47&south=22.15&west=-83.16&east=-76.14&horizStride=1&vertCoord=0&disableLLSubset=on&disableProjSubset=on&time_start=2026-08-13T12:00:00Z&time_end=2026-08-13T12:00:00Z&accept=netcdf
  Trying https://tds.hycom.org/thredds/ncss/FMRC_ESPC-D-V02_uv3z/runs/FMRC_ESPC-D-V02_uv3...
  HYCOM 2026-08-13 00Z failed: 404 Client Error: 404 for url: https://tds.hycom.org/thredds/ncss/FMRC_ESPC-D-V02_uv3z/runs/FMRC_ESPC-D-V02_uv3z_RUN_2026-08-13T00:00:00Z?var=water_u&var=water_v&var=surf_el&north=27.47&south=22.15&west=-83.16&east=-76.14&horizStride=1&vertCoord=0&disableLLSubset=on&disableProjSubset=on&time_start=2026-08-13T00:00:00Z&time_end=2026-08-13T00:00:00Z&accept=netcdf
  Trying https://tds.hycom.org/thredds/ncss/FMRC_ESPC-D-V02_uv3z/FMRC_ESPC-D-V02_uv3z_bes...
  HYCOM 2026-08-13 00Z failed: 400 Client Error: 400 for url: https://tds.hycom.org/thredds/ncss/FMRC_ESPC-D-V02_uv3z/FMRC_ESPC-D-V02_uv3z_best.ncd?var=water_u&var=water_v&var=surf_el&north=27.47&south=22.15&west=-83.16&east=-76.14&horizStride=1&vertCoord=0&disableLLSubset=on&disableProjSubset=on&time_start=2026-08-13T00:00:00Z&time_end=2026-08-13T00:00:00Z&accept=netcdf
  Trying https://tds.hycom.org/thredds/ncss/FMRC_ESPC-D-V02_uv3z/runs/FMRC_ESPC-D-V02_uv3...
  HYCOM 2026-08-12 12Z failed: 400 Client Error: 400 for url: https://tds.hycom.org/thredds/ncss/FMRC_ESPC-D-V02_uv3z/runs/FMRC_ESPC-D-V02_uv3z_RUN_2026-08-12T12:00:00Z?var=water_u&var=water_v&var=surf_el&north=27.47&south=22.15&west=-83.16&east=-76.14&horizStride=1&vertCoord=0&disableLLSubset=on&disableProjSubset=on&time_start=2026-08-12T12:00:00Z&time_end=2026-08-12T12:00:00Z&accept=netcdf
  Trying https://tds.hycom.org/thredds/ncss/FMRC_ESPC-D-V02_uv3z/FMRC_ESPC-D-V02_uv3z_bes...
  HYCOM 2026-08-12 12Z failed: 400 Client Error: 400 for url: https://tds.hycom.org/thredds/ncss/FMRC_ESPC-D-V02_uv3z/FMRC_ESPC-D-V02_uv3z_best.ncd?var=water_u&var=water_v&var=surf_el&north=27.47&south=22.15&west=-83.16&east=-76.14&horizStride=1&vertCoord=0&disableLLSubset=on&disableProjSubset=on&time_start=2026-08-12T12:00:00Z&time_end=2026-08-12T12:00:00Z&accept=netcdf
  Trying https://tds.hycom.org/thredds/ncss/FMRC_ESPC-D-V02_uv3z/runs/FMRC_ESPC-D-V02_uv3...
  HYCOM 2026-08-12 00Z failed: 404 Client Error: 404 for url: https://tds.hycom.org/thredds/ncss/FMRC_ESPC-D-V02_uv3z/runs/FMRC_ESPC-D-V02_uv3z_RUN_2026-08-12T00:00:00Z?var=water_u&var=water_v&var=surf_el&north=27.47&south=22.15&west=-83.16&east=-76.14&horizStride=1&vertCoord=0&disableLLSubset=on&disableProjSubset=on&time_start=2026-08-12T00:00:00Z&time_end=2026-08-12T00:00:00Z&accept=netcdf
  Trying https://tds.hycom.org/thredds/ncss/FMRC_ESPC-D-V02_uv3z/FMRC_ESPC-D-V02_uv3z_bes...
  HYCOM 2026-08-12 00Z failed: 400 Client Error: 400 for url: https://tds.hycom.org/thredds/ncss/FMRC_ESPC-D-V02_uv3z/FMRC_ESPC-D-V02_uv3z_best.ncd?var=water_u&var=water_v&var=surf_el&north=27.47&south=22.15&west=-83.16&east=-76.14&horizStride=1&vertCoord=0&disableLLSubset=on&disableProjSubset=on&time_start=2026-08-12T00:00:00Z&time_end=2026-08-12T00:00:00Z&accept=netcdf
  Trying https://tds.hycom.org/thredds/ncss/FMRC_ESPC-D-V02_uv3z/runs/FMRC_ESPC-D-V02_uv3...
  HYCOM 2026-08-11 12Z failed: 400 Client Error: 400 for url: https://tds.hycom.org/thredds/ncss/FMRC_ESPC-D-V02_uv3z/runs/FMRC_ESPC-D-V02_uv3z_RUN_2026-08-11T12:00:00Z?var=water_u&var=water_v&var=surf_el&north=27.47&south=22.15&west=-83.16&east=-76.14&horizStride=1&vertCoord=0&disableLLSubset=on&disableProjSubset=on&time_start=2026-08-11T12:00:00Z&time_end=2026-08-11T12:00:00Z&accept=netcdf
  Trying https://tds.hycom.org/thredds/ncss/FMRC_ESPC-D-V02_uv3z/FMRC_ESPC-D-V02_uv3z_bes...
  HYCOM 2026-08-11 12Z failed: 400 Client Error: 400 for url: https://tds.hycom.org/thredds/ncss/FMRC_ESPC-D-V02_uv3z/FMRC_ESPC-D-V02_uv3z_best.ncd?var=water_u&var=water_v&var=surf_el&north=27.47&south=22.15&west=-83.16&east=-76.14&horizStride=1&vertCoord=0&disableLLSubset=on&disableProjSubset=on&time_start=2026-08-11T12:00:00Z&time_end=2026-08-11T12:00:00Z&accept=netcdf
  Trying https://tds.hycom.org/thredds/ncss/FMRC_ESPC-D-V02_uv3z/runs/FMRC_ESPC-D-V02_uv3...
  HYCOM 2026-08-11 00Z failed: 404 Client Error: 404 for url: https://tds.hycom.org/thredds/ncss/FMRC_ESPC-D-V02_uv3z/runs/FMRC_ESPC-D-V02_uv3z_RUN_2026-08-11T00:00:00Z?var=water_u&var=water_v&var=surf_el&north=27.47&south=22.15&west=-83.16&east=-76.14&horizStride=1&vertCoord=0&disableLLSubset=on&disableProjSubset=on&time_start=2026-08-11T00:00:00Z&time_end=2026-08-11T00:00:00Z&accept=netcdf
  Trying https://tds.hycom.org/thredds/ncss/FMRC_ESPC-D-V02_uv3z/FMRC_ESPC-D-V02_uv3z_bes...
  HYCOM 2026-08-11 00Z failed: 400 Client Error: 400 for url: https://tds.hycom.org/thredds/ncss/FMRC_ESPC-D-V02_uv3z/FMRC_ESPC-D-V02_uv3z_best.ncd?var=water_u&var=water_v&var=surf_el&north=27.47&south=22.15&west=-83.16&east=-76.14&horizStride=1&vertCoord=0&disableLLSubset=on&disableProjSubset=on&time_start=2026-08-11T00:00:00Z&time_end=2026-08-11T00:00:00Z&accept=netcdf
  Trying https://tds.hycom.org/thredds/ncss/FMRC_ESPC-D-V02_uv3z/runs/FMRC_ESPC-D-V02_uv3...
  HYCOM 2026-08-10 12Z failed: 400 Client Error: 400 for url: https://tds.hycom.org/thredds/ncss/FMRC_ESPC-D-V02_uv3z/runs/FMRC_ESPC-D-V02_uv3z_RUN_2026-08-10T12:00:00Z?var=water_u&var=water_v&var=surf_el&north=27.47&south=22.15&west=-83.16&east=-76.14&horizStride=1&vertCoord=0&disableLLSubset=on&disableProjSubset=on&time_start=2026-08-10T12:00:00Z&time_end=2026-08-10T12:00:00Z&accept=netcdf
  Trying https://tds.hycom.org/thredds/ncss/FMRC_ESPC-D-V02_uv3z/FMRC_ESPC-D-V02_uv3z_bes...
  HYCOM 2026-08-10 12Z failed: 400 Client Error: 400 for url: https://tds.hycom.org/thredds/ncss/FMRC_ESPC-D-V02_uv3z/FMRC_ESPC-D-V02_uv3z_best.ncd?var=water_u&var=water_v&var=surf_el&north=27.47&south=22.15&west=-83.16&east=-76.14&horizStride=1&vertCoord=0&disableLLSubset=on&disableProjSubset=on&time_start=2026-08-10T12:00:00Z&time_end=2026-08-10T12:00:00Z&accept=netcdf
  Trying https://tds.hycom.org/thredds/ncss/FMRC_ESPC-D-V02_uv3z/runs/FMRC_ESPC-D-V02_uv3...
  HYCOM 2026-08-10 00Z failed: 404 Client Error: 404 for url: https://tds.hycom.org/thredds/ncss/FMRC_ESPC-D-V02_uv3z/runs/FMRC_ESPC-D-V02_uv3z_RUN_2026-08-10T00:00:00Z?var=water_u&var=water_v&var=surf_el&north=27.47&south=22.15&west=-83.16&east=-76.14&horizStride=1&vertCoord=0&disableLLSubset=on&disableProjSubset=on&time_start=2026-08-10T00:00:00Z&time_end=2026-08-10T00:00:00Z&accept=netcdf
  Trying https://tds.hycom.org/thredds/ncss/FMRC_ESPC-D-V02_uv3z/FMRC_ESPC-D-V02_uv3z_bes...
  HYCOM 2026-08-10 00Z failed: 400 Client Error: 400 for url: https://tds.hycom.org/thredds/ncss/FMRC_ESPC-D-V02_uv3z/FMRC_ESPC-D-V02_uv3z_best.ncd?var=water_u&var=water_v&var=surf_el&north=27.47&south=22.15&west=-83.16&east=-76.14&horizStride=1&vertCoord=0&disableLLSubset=on&disableProjSubset=on&time_start=2026-08-10T00:00:00Z&time_end=2026-08-10T00:00:00Z&accept=netcdf
  HYCOM: all attempts failed

[2/3] OSCAR currents  (target: 2026-08-13)  1/3 deg, 5-day composite
  Trying OSCAR_L4_OC_NRT_V2.1 @ coastwatch.pfeg.noaa.gov 2026-08-13 ...
  OSCAR_L4_OC_NRT_V2.1 @ coastwatch.pfeg.noaa.gov 2026-08-13: 404 Client Error:  for url: https://coastwatch.pfeg.noaa.gov/erddap/griddap/OSCAR_L4_OC_NRT_V2.1.nc?u%5B(2026-08-13T00:00:00Z)%5D%5B(0.0)%5D%5B(22.15):1:(27.47)%5D%5B(-83.16):1:(-76.14)%5D,v%5B(2026-08-13T00:00:00Z)%5D%5B(0.0)%5D%5B(22.15):1:(27.47)%5D%5B(-83.16):1:(-76.14)%5D
  Trying OSCAR_L4_OC_NRT_V2.1 @ upwell.pfeg.noaa.gov 2026-08-13 ...
  OSCAR_L4_OC_NRT_V2.1 @ upwell.pfeg.noaa.gov 2026-08-13: 404 Client Error:  for url: https://upwell.pfeg.noaa.gov/erddap/griddap/OSCAR_L4_OC_NRT_V2.1.nc?u%5B(2026-08-13T00:00:00Z)%5D%5B(0.0)%5D%5B(22.15):1:(27.47)%5D%5B(-83.16):1:(-76.14)%5D,v%5B(2026-08-13T00:00:00Z)%5D%5B(0.0)%5D%5B(22.15):1:(27.47)%5D%5B(-83.16):1:(-76.14)%5D
  Trying OSCAR_L4_OC_NRT_V2.1 @ coastwatch.pfeg.noaa.gov 2026-08-12 ...
  OSCAR_L4_OC_NRT_V2.1 @ coastwatch.pfeg.noaa.gov 2026-08-12: 404 Client Error:  for url: https://coastwatch.pfeg.noaa.gov/erddap/griddap/OSCAR_L4_OC_NRT_V2.1.nc?u%5B(2026-08-12T00:00:00Z)%5D%5B(0.0)%5D%5B(22.15):1:(27.47)%5D%5B(-83.16):1:(-76.14)%5D,v%5B(2026-08-12T00:00:00Z)%5D%5B(0.0)%5D%5B(22.15):1:(27.47)%5D%5B(-83.16):1:(-76.14)%5D
  Trying OSCAR_L4_OC_NRT_V2.1 @ upwell.pfeg.noaa.gov 2026-08-12 ...
  OSCAR_L4_OC_NRT_V2.1 @ upwell.pfeg.noaa.gov 2026-08-12: 404 Client Error:  for url: https://upwell.pfeg.noaa.gov/erddap/griddap/OSCAR_L4_OC_NRT_V2.1.nc?u%5B(2026-08-12T00:00:00Z)%5D%5B(0.0)%5D%5B(22.15):1:(27.47)%5D%5B(-83.16):1:(-76.14)%5D,v%5B(2026-08-12T00:00:00Z)%5D%5B(0.0)%5D%5B(22.15):1:(27.47)%5D%5B(-83.16):1:(-76.14)%5D
  Trying OSCAR_L4_OC_NRT_V2.1 @ coastwatch.pfeg.noaa.gov 2026-08-11 ...
  OSCAR_L4_OC_NRT_V2.1 @ coastwatch.pfeg.noaa.gov 2026-08-11: 404 Client Error:  for url: https://coastwatch.pfeg.noaa.gov/erddap/griddap/OSCAR_L4_OC_NRT_V2.1.nc?u%5B(2026-08-11T00:00:00Z)%5D%5B(0.0)%5D%5B(22.15):1:(27.47)%5D%5B(-83.16):1:(-76.14)%5D,v%5B(2026-08-11T00:00:00Z)%5D%5B(0.0)%5D%5B(22.15):1:(27.47)%5D%5B(-83.16):1:(-76.14)%5D
  Trying OSCAR_L4_OC_NRT_V2.1 @ upwell.pfeg.noaa.gov 2026-08-11 ...
  OSCAR_L4_OC_NRT_V2.1 @ upwell.pfeg.noaa.gov 2026-08-11: 404 Client Error:  for url: https://upwell.pfeg.noaa.gov/erddap/griddap/OSCAR_L4_OC_NRT_V2.1.nc?u%5B(2026-08-11T00:00:00Z)%5D%5B(0.0)%5D%5B(22.15):1:(27.47)%5D%5B(-83.16):1:(-76.14)%5D,v%5B(2026-08-11T00:00:00Z)%5D%5B(0.0)%5D%5B(22.15):1:(27.47)%5D%5B(-83.16):1:(-76.14)%5D
  Trying OSCAR_L4_OC_NRT_V2.1 @ coastwatch.pfeg.noaa.gov 2026-08-10 ...
  OSCAR_L4_OC_NRT_V2.1 @ coastwatch.pfeg.noaa.gov 2026-08-10: 404 Client Error:  for url: https://coastwatch.pfeg.noaa.gov/erddap/griddap/OSCAR_L4_OC_NRT_V2.1.nc?u%5B(2026-08-10T00:00:00Z)%5D%5B(0.0)%5D%5B(22.15):1:(27.47)%5D%5B(-83.16):1:(-76.14)%5D,v%5B(2026-08-10T00:00:00Z)%5D%5B(0.0)%5D%5B(22.15):1:(27.47)%5D%5B(-83.16):1:(-76.14)%5D
  Trying OSCAR_L4_OC_NRT_V2.1 @ upwell.pfeg.noaa.gov 2026-08-10 ...
  OSCAR_L4_OC_NRT_V2.1 @ upwell.pfeg.noaa.gov 2026-08-10: 404 Client Error:  for url: https://upwell.pfeg.noaa.gov/erddap/griddap/OSCAR_L4_OC_NRT_V2.1.nc?u%5B(2026-08-10T00:00:00Z)%5D%5B(0.0)%5D%5B(22.15):1:(27.47)%5D%5B(-83.16):1:(-76.14)%5D,v%5B(2026-08-10T00:00:00Z)%5D%5B(0.0)%5D%5B(22.15):1:(27.47)%5D%5B(-83.16):1:(-76.14)%5D
  Trying OSCAR_L4_OC_NRT_V2.1 @ coastwatch.pfeg.noaa.gov 2026-08-09 ...
  OSCAR_L4_OC_NRT_V2.1 @ coastwatch.pfeg.noaa.gov 2026-08-09: 404 Client Error:  for url: https://coastwatch.pfeg.noaa.gov/erddap/griddap/OSCAR_L4_OC_NRT_V2.1.nc?u%5B(2026-08-09T00:00:00Z)%5D%5B(0.0)%5D%5B(22.15):1:(27.47)%5D%5B(-83.16):1:(-76.14)%5D,v%5B(2026-08-09T00:00:00Z)%5D%5B(0.0)%5D%5B(22.15):1:(27.47)%5D%5B(-83.16):1:(-76.14)%5D
  Trying OSCAR_L4_OC_NRT_V2.1 @ upwell.pfeg.noaa.gov 2026-08-09 ...
  OSCAR_L4_OC_NRT_V2.1 @ upwell.pfeg.noaa.gov 2026-08-09: 404 Client Error:  for url: https://upwell.pfeg.noaa.gov/erddap/griddap/OSCAR_L4_OC_NRT_V2.1.nc?u%5B(2026-08-09T00:00:00Z)%5D%5B(0.0)%5D%5B(22.15):1:(27.47)%5D%5B(-83.16):1:(-76.14)%5D,v%5B(2026-08-09T00:00:00Z)%5D%5B(0.0)%5D%5B(22.15):1:(27.47)%5D%5B(-83.16):1:(-76.14)%5D
  Trying OSCAR_L4_OC_NRT_V2.1 @ coastwatch.pfeg.noaa.gov 2026-08-08 ...
  OSCAR_L4_OC_NRT_V2.1 @ coastwatch.pfeg.noaa.gov 2026-08-08: 404 Client Error:  for url: https://coastwatch.pfeg.noaa.gov/erddap/griddap/OSCAR_L4_OC_NRT_V2.1.nc?u%5B(2026-08-08T00:00:00Z)%5D%5B(0.0)%5D%5B(22.15):1:(27.47)%5D%5B(-83.16):1:(-76.14)%5D,v%5B(2026-08-08T00:00:00Z)%5D%5B(0.0)%5D%5B(22.15):1:(27.47)%5D%5B(-83.16):1:(-76.14)%5D
  Trying OSCAR_L4_OC_NRT_V2.1 @ upwell.pfeg.noaa.gov 2026-08-08 ...
  OSCAR_L4_OC_NRT_V2.1 @ upwell.pfeg.noaa.gov 2026-08-08: 404 Client Error:  for url: https://upwell.pfeg.noaa.gov/erddap/griddap/OSCAR_L4_OC_NRT_V2.1.nc?u%5B(2026-08-08T00:00:00Z)%5D%5B(0.0)%5D%5B(22.15):1:(27.47)%5D%5B(-83.16):1:(-76.14)%5D,v%5B(2026-08-08T00:00:00Z)%5D%5B(0.0)%5D%5B(22.15):1:(27.47)%5D%5B(-83.16):1:(-76.14)%5D
  Trying OSCAR_L4_OC_NRT_V2.0 @ coastwatch.pfeg.noaa.gov 2026-08-13 ...
  OSCAR_L4_OC_NRT_V2.0 @ coastwatch.pfeg.noaa.gov 2026-08-13: 404 Client Error:  for url: https://coastwatch.pfeg.noaa.gov/erddap/griddap/OSCAR_L4_OC_NRT_V2.0.nc?u%5B(2026-08-13T00:00:00Z)%5D%5B(0.0)%5D%5B(22.15):1:(27.47)%5D%5B(-83.16):1:(-76.14)%5D,v%5B(2026-08-13T00:00:00Z)%5D%5B(0.0)%5D%5B(22.15):1:(27.47)%5D%5B(-83.16):1:(-76.14)%5D
  Trying OSCAR_L4_OC_NRT_V2.0 @ upwell.pfeg.noaa.gov 2026-08-13 ...
  OSCAR_L4_OC_NRT_V2.0 @ upwell.pfeg.noaa.gov 2026-08-13: 404 Client Error:  for url: https://upwell.pfeg.noaa.gov/erddap/griddap/OSCAR_L4_OC_NRT_V2.0.nc?u%5B(2026-08-13T00:00:00Z)%5D%5B(0.0)%5D%5B(22.15):1:(27.47)%5D%5B(-83.16):1:(-76.14)%5D,v%5B(2026-08-13T00:00:00Z)%5D%5B(0.0)%5D%5B(22.15):1:(27.47)%5D%5B(-83.16):1:(-76.14)%5D
  Trying OSCAR_L4_OC_NRT_V2.0 @ coastwatch.pfeg.noaa.gov 2026-08-12 ...
  OSCAR_L4_OC_NRT_V2.0 @ coastwatch.pfeg.noaa.gov 2026-08-12: 404 Client Error:  for url: https://coastwatch.pfeg.noaa.gov/erddap/griddap/OSCAR_L4_OC_NRT_V2.0.nc?u%5B(2026-08-12T00:00:00Z)%5D%5B(0.0)%5D%5B(22.15):1:(27.47)%5D%5B(-83.16):1:(-76.14)%5D,v%5B(2026-08-12T00:00:00Z)%5D%5B(0.0)%5D%5B(22.15):1:(27.47)%5D%5B(-83.16):1:(-76.14)%5D
  Trying OSCAR_L4_OC_NRT_V2.0 @ upwell.pfeg.noaa.gov 2026-08-12 ...
  OSCAR_L4_OC_NRT_V2.0 @ upwell.pfeg.noaa.gov 2026-08-12: 404 Client Error:  for url: https://upwell.pfeg.noaa.gov/erddap/griddap/OSCAR_L4_OC_NRT_V2.0.nc?u%5B(2026-08-12T00:00:00Z)%5D%5B(0.0)%5D%5B(22.15):1:(27.47)%5D%5B(-83.16):1:(-76.14)%5D,v%5B(2026-08-12T00:00:00Z)%5D%5B(0.0)%5D%5B(22.15):1:(27.47)%5D%5B(-83.16):1:(-76.14)%5D
  Trying OSCAR_L4_OC_NRT_V2.0 @ coastwatch.pfeg.noaa.gov 2026-08-11 ...
  OSCAR_L4_OC_NRT_V2.0 @ coastwatch.pfeg.noaa.gov 2026-08-11: 404 Client Error:  for url: https://coastwatch.pfeg.noaa.gov/erddap/griddap/OSCAR_L4_OC_NRT_V2.0.nc?u%5B(2026-08-11T00:00:00Z)%5D%5B(0.0)%5D%5B(22.15):1:(27.47)%5D%5B(-83.16):1:(-76.14)%5D,v%5B(2026-08-11T00:00:00Z)%5D%5B(0.0)%5D%5B(22.15):1:(27.47)%5D%5B(-83.16):1:(-76.14)%5D
  Trying OSCAR_L4_OC_NRT_V2.0 @ upwell.pfeg.noaa.gov 2026-08-11 ...
  OSCAR_L4_OC_NRT_V2.0 @ upwell.pfeg.noaa.gov 2026-08-11: 404 Client Error:  for url: https://upwell.pfeg.noaa.gov/erddap/griddap/OSCAR_L4_OC_NRT_V2.0.nc?u%5B(2026-08-11T00:00:00Z)%5D%5B(0.0)%5D%5B(22.15):1:(27.47)%5D%5B(-83.16):1:(-76.14)%5D,v%5B(2026-08-11T00:00:00Z)%5D%5B(0.0)%5D%5B(22.15):1:(27.47)%5D%5B(-83.16):1:(-76.14)%5D
  Trying OSCAR_L4_OC_NRT_V2.0 @ coastwatch.pfeg.noaa.gov 2026-08-10 ...
  OSCAR_L4_OC_NRT_V2.0 @ coastwatch.pfeg.noaa.gov 2026-08-10: 404 Client Error:  for url: https://coastwatch.pfeg.noaa.gov/erddap/griddap/OSCAR_L4_OC_NRT_V2.0.nc?u%5B(2026-08-10T00:00:00Z)%5D%5B(0.0)%5D%5B(22.15):1:(27.47)%5D%5B(-83.16):1:(-76.14)%5D,v%5B(2026-08-10T00:00:00Z)%5D%5B(0.0)%5D%5B(22.15):1:(27.47)%5D%5B(-83.16):1:(-76.14)%5D
  Trying OSCAR_L4_OC_NRT_V2.0 @ upwell.pfeg.noaa.gov 2026-08-10 ...
  OSCAR_L4_OC_NRT_V2.0 @ upwell.pfeg.noaa.gov 2026-08-10: 404 Client Error:  for url: https://upwell.pfeg.noaa.gov/erddap/griddap/OSCAR_L4_OC_NRT_V2.0.nc?u%5B(2026-08-10T00:00:00Z)%5D%5B(0.0)%5D%5B(22.15):1:(27.47)%5D%5B(-83.16):1:(-76.14)%5D,v%5B(2026-08-10T00:00:00Z)%5D%5B(0.0)%5D%5B(22.15):1:(27.47)%5D%5B(-83.16):1:(-76.14)%5D
  Trying OSCAR_L4_OC_NRT_V2.0 @ coastwatch.pfeg.noaa.gov 2026-08-09 ...
  OSCAR_L4_OC_NRT_V2.0 @ coastwatch.pfeg.noaa.gov 2026-08-09: 404 Client Error:  for url: https://coastwatch.pfeg.noaa.gov/erddap/griddap/OSCAR_L4_OC_NRT_V2.0.nc?u%5B(2026-08-09T00:00:00Z)%5D%5B(0.0)%5D%5B(22.15):1:(27.47)%5D%5B(-83.16):1:(-76.14)%5D,v%5B(2026-08-09T00:00:00Z)%5D%5B(0.0)%5D%5B(22.15):1:(27.47)%5D%5B(-83.16):1:(-76.14)%5D
  Trying OSCAR_L4_OC_NRT_V2.0 @ upwell.pfeg.noaa.gov 2026-08-09 ...
  OSCAR_L4_OC_NRT_V2.0 @ upwell.pfeg.noaa.gov 2026-08-09: 404 Client Error:  for url: https://upwell.pfeg.noaa.gov/erddap/griddap/OSCAR_L4_OC_NRT_V2.0.nc?u%5B(2026-08-09T00:00:00Z)%5D%5B(0.0)%5D%5B(22.15):1:(27.47)%5D%5B(-83.16):1:(-76.14)%5D,v%5B(2026-08-09T00:00:00Z)%5D%5B(0.0)%5D%5B(22.15):1:(27.47)%5D%5B(-83.16):1:(-76.14)%5D
  Trying OSCAR_L4_OC_NRT_V2.0 @ coastwatch.pfeg.noaa.gov 2026-08-08 ...
  OSCAR_L4_OC_NRT_V2.0 @ coastwatch.pfeg.noaa.gov 2026-08-08: 404 Client Error:  for url: https://coastwatch.pfeg.noaa.gov/erddap/griddap/OSCAR_L4_OC_NRT_V2.0.nc?u%5B(2026-08-08T00:00:00Z)%5D%5B(0.0)%5D%5B(22.15):1:(27.47)%5D%5B(-83.16):1:(-76.14)%5D,v%5B(2026-08-08T00:00:00Z)%5D%5B(0.0)%5D%5B(22.15):1:(27.47)%5D%5B(-83.16):1:(-76.14)%5D
  Trying OSCAR_L4_OC_NRT_V2.0 @ upwell.pfeg.noaa.gov 2026-08-08 ...
  OSCAR_L4_OC_NRT_V2.0 @ upwell.pfeg.noaa.gov 2026-08-08: 404 Client Error:  for url: https://upwell.pfeg.noaa.gov/erddap/griddap/OSCAR_L4_OC_NRT_V2.0.nc?u%5B(2026-08-08T00:00:00Z)%5D%5B(0.0)%5D%5B(22.15):1:(27.47)%5D%5B(-83.16):1:(-76.14)%5D,v%5B(2026-08-08T00:00:00Z)%5D%5B(0.0)%5D%5B(22.15):1:(27.47)%5D%5B(-83.16):1:(-76.14)%5D
  Trying jplOscarV2NRT5day @ coastwatch.pfeg.noaa.gov 2026-08-13 ...
  jplOscarV2NRT5day @ coastwatch.pfeg.noaa.gov 2026-08-13: 404 Client Error:  for url: https://coastwatch.pfeg.noaa.gov/erddap/griddap/jplOscarV2NRT5day.nc?u%5B(2026-08-13T00:00:00Z)%5D%5B(0.0)%5D%5B(22.15):1:(27.47)%5D%5B(-83.16):1:(-76.14)%5D,v%5B(2026-08-13T00:00:00Z)%5D%5B(0.0)%5D%5B(22.15):1:(27.47)%5D%5B(-83.16):1:(-76.14)%5D
  Trying jplOscarV2NRT5day @ upwell.pfeg.noaa.gov 2026-08-13 ...
  jplOscarV2NRT5day @ upwell.pfeg.noaa.gov 2026-08-13: 404 Client Error:  for url: https://upwell.pfeg.noaa.gov/erddap/griddap/jplOscarV2NRT5day.nc?u%5B(2026-08-13T00:00:00Z)%5D%5B(0.0)%5D%5B(22.15):1:(27.47)%5D%5B(-83.16):1:(-76.14)%5D,v%5B(2026-08-13T00:00:00Z)%5D%5B(0.0)%5D%5B(22.15):1:(27.47)%5D%5B(-83.16):1:(-76.14)%5D
  Trying jplOscarV2NRT5day @ coastwatch.pfeg.noaa.gov 2026-08-12 ...
  jplOscarV2NRT5day @ coastwatch.pfeg.noaa.gov 2026-08-12: 404 Client Error:  for url: https://coastwatch.pfeg.noaa.gov/erddap/griddap/jplOscarV2NRT5day.nc?u%5B(2026-08-12T00:00:00Z)%5D%5B(0.0)%5D%5B(22.15):1:(27.47)%5D%5B(-83.16):1:(-76.14)%5D,v%5B(2026-08-12T00:00:00Z)%5D%5B(0.0)%5D%5B(22.15):1:(27.47)%5D%5B(-83.16):1:(-76.14)%5D
  Trying jplOscarV2NRT5day @ upwell.pfeg.noaa.gov 2026-08-12 ...
  jplOscarV2NRT5day @ upwell.pfeg.noaa.gov 2026-08-12: 404 Client Error:  for url: https://upwell.pfeg.noaa.gov/erddap/griddap/jplOscarV2NRT5day.nc?u%5B(2026-08-12T00:00:00Z)%5D%5B(0.0)%5D%5B(22.15):1:(27.47)%5D%5B(-83.16):1:(-76.14)%5D,v%5B(2026-08-12T00:00:00Z)%5D%5B(0.0)%5D%5B(22.15):1:(27.47)%5D%5B(-83.16):1:(-76.14)%5D
  Trying jplOscarV2NRT5day @ coastwatch.pfeg.noaa.gov 2026-08-11 ...
  jplOscarV2NRT5day @ coastwatch.pfeg.noaa.gov 2026-08-11: 404 Client Error:  for url: https://coastwatch.pfeg.noaa.gov/erddap/griddap/jplOscarV2NRT5day.nc?u%5B(2026-08-11T00:00:00Z)%5D%5B(0.0)%5D%5B(22.15):1:(27.47)%5D%5B(-83.16):1:(-76.14)%5D,v%5B(2026-08-11T00:00:00Z)%5D%5B(0.0)%5D%5B(22.15):1:(27.47)%5D%5B(-83.16):1:(-76.14)%5D
  Trying jplOscarV2NRT5day @ upwell.pfeg.noaa.gov 2026-08-11 ...
  jplOscarV2NRT5day @ upwell.pfeg.noaa.gov 2026-08-11: 404 Client Error:  for url: https://upwell.pfeg.noaa.gov/erddap/griddap/jplOscarV2NRT5day.nc?u%5B(2026-08-11T00:00:00Z)%5D%5B(0.0)%5D%5B(22.15):1:(27.47)%5D%5B(-83.16):1:(-76.14)%5D,v%5B(2026-08-11T00:00:00Z)%5D%5B(0.0)%5D%5B(22.15):1:(27.47)%5D%5B(-83.16):1:(-76.14)%5D
  Trying jplOscarV2NRT5day @ coastwatch.pfeg.noaa.gov 2026-08-10 ...
  jplOscarV2NRT5day @ coastwatch.pfeg.noaa.gov 2026-08-10: 404 Client Error:  for url: https://coastwatch.pfeg.noaa.gov/erddap/griddap/jplOscarV2NRT5day.nc?u%5B(2026-08-10T00:00:00Z)%5D%5B(0.0)%5D%5B(22.15):1:(27.47)%5D%5B(-83.16):1:(-76.14)%5D,v%5B(2026-08-10T00:00:00Z)%5D%5B(0.0)%5D%5B(22.15):1:(27.47)%5D%5B(-83.16):1:(-76.14)%5D
  Trying jplOscarV2NRT5day @ upwell.pfeg.noaa.gov 2026-08-10 ...
  jplOscarV2NRT5day @ upwell.pfeg.noaa.gov 2026-08-10: 404 Client Error:  for url: https://upwell.pfeg.noaa.gov/erddap/griddap/jplOscarV2NRT5day.nc?u%5B(2026-08-10T00:00:00Z)%5D%5B(0.0)%5D%5B(22.15):1:(27.47)%5D%5B(-83.16):1:(-76.14)%5D,v%5B(2026-08-10T00:00:00Z)%5D%5B(0.0)%5D%5B(22.15):1:(27.47)%5D%5B(-83.16):1:(-76.14)%5D
  Trying jplOscarV2NRT5day @ coastwatch.pfeg.noaa.gov 2026-08-09 ...
  jplOscarV2NRT5day @ coastwatch.pfeg.noaa.gov 2026-08-09: 404 Client Error:  for url: https://coastwatch.pfeg.noaa.gov/erddap/griddap/jplOscarV2NRT5day.nc?u%5B(2026-08-09T00:00:00Z)%5D%5B(0.0)%5D%5B(22.15):1:(27.47)%5D%5B(-83.16):1:(-76.14)%5D,v%5B(2026-08-09T00:00:00Z)%5D%5B(0.0)%5D%5B(22.15):1:(27.47)%5D%5B(-83.16):1:(-76.14)%5D
  Trying jplOscarV2NRT5day @ upwell.pfeg.noaa.gov 2026-08-09 ...
  jplOscarV2NRT5day @ upwell.pfeg.noaa.gov 2026-08-09: 404 Client Error:  for url: https://upwell.pfeg.noaa.gov/erddap/griddap/jplOscarV2NRT5day.nc?u%5B(2026-08-09T00:00:00Z)%5D%5B(0.0)%5D%5B(22.15):1:(27.47)%5D%5B(-83.16):1:(-76.14)%5D,v%5B(2026-08-09T00:00:00Z)%5D%5B(0.0)%5D%5B(22.15):1:(27.47)%5D%5B(-83.16):1:(-76.14)%5D
  Trying jplOscarV2NRT5day @ coastwatch.pfeg.noaa.gov 2026-08-08 ...
  jplOscarV2NRT5day @ coastwatch.pfeg.noaa.gov 2026-08-08: 404 Client Error:  for url: https://coastwatch.pfeg.noaa.gov/erddap/griddap/jplOscarV2NRT5day.nc?u%5B(2026-08-08T00:00:00Z)%5D%5B(0.0)%5D%5B(22.15):1:(27.47)%5D%5B(-83.16):1:(-76.14)%5D,v%5B(2026-08-08T00:00:00Z)%5D%5B(0.0)%5D%5B(22.15):1:(27.47)%5D%5B(-83.16):1:(-76.14)%5D
  Trying jplOscarV2NRT5day @ upwell.pfeg.noaa.gov 2026-08-08 ...
  jplOscarV2NRT5day @ upwell.pfeg.noaa.gov 2026-08-08: 404 Client Error:  for url: https://upwell.pfeg.noaa.gov/erddap/griddap/jplOscarV2NRT5day.nc?u%5B(2026-08-08T00:00:00Z)%5D%5B(0.0)%5D%5B(22.15):1:(27.47)%5D%5B(-83.16):1:(-76.14)%5D,v%5B(2026-08-08T00:00:00Z)%5D%5B(0.0)%5D%5B(22.15):1:(27.47)%5D%5B(-83.16):1:(-76.14)%5D
  Trying jplOscar1day @ coastwatch.pfeg.noaa.gov 2026-08-13 ...
  jplOscar1day @ coastwatch.pfeg.noaa.gov 2026-08-13: 404 Client Error:  for url: https://coastwatch.pfeg.noaa.gov/erddap/griddap/jplOscar1day.nc?u%5B(2026-08-13T00:00:00Z)%5D%5B(0.0)%5D%5B(22.15):1:(27.47)%5D%5B(-83.16):1:(-76.14)%5D,v%5B(2026-08-13T00:00:00Z)%5D%5B(0.0)%5D%5B(22.15):1:(27.47)%5D%5B(-83.16):1:(-76.14)%5D
  Trying jplOscar1day @ upwell.pfeg.noaa.gov 2026-08-13 ...
  jplOscar1day @ upwell.pfeg.noaa.gov 2026-08-13: 404 Client Error:  for url: https://upwell.pfeg.noaa.gov/erddap/griddap/jplOscar1day.nc?u%5B(2026-08-13T00:00:00Z)%5D%5B(0.0)%5D%5B(22.15):1:(27.47)%5D%5B(-83.16):1:(-76.14)%5D,v%5B(2026-08-13T00:00:00Z)%5D%5B(0.0)%5D%5B(22.15):1:(27.47)%5D%5B(-83.16):1:(-76.14)%5D
  Trying jplOscar1day @ coastwatch.pfeg.noaa.gov 2026-08-12 ...
  jplOscar1day @ coastwatch.pfeg.noaa.gov 2026-08-12: 404 Client Error:  for url: https://coastwatch.pfeg.noaa.gov/erddap/griddap/jplOscar1day.nc?u%5B(2026-08-12T00:00:00Z)%5D%5B(0.0)%5D%5B(22.15):1:(27.47)%5D%5B(-83.16):1:(-76.14)%5D,v%5B(2026-08-12T00:00:00Z)%5D%5B(0.0)%5D%5B(22.15):1:(27.47)%5D%5B(-83.16):1:(-76.14)%5D
  Trying jplOscar1day @ upwell.pfeg.noaa.gov 2026-08-12 ...
  jplOscar1day @ upwell.pfeg.noaa.gov 2026-08-12: 404 Client Error:  for url: https://upwell.pfeg.noaa.gov/erddap/griddap/jplOscar1day.nc?u%5B(2026-08-12T00:00:00Z)%5D%5B(0.0)%5D%5B(22.15):1:(27.47)%5D%5B(-83.16):1:(-76.14)%5D,v%5B(2026-08-12T00:00:00Z)%5D%5B(0.0)%5D%5B(22.15):1:(27.47)%5D%5B(-83.16):1:(-76.14)%5D
  Trying jplOscar1day @ coastwatch.pfeg.noaa.gov 2026-08-11 ...
  jplOscar1day @ coastwatch.pfeg.noaa.gov 2026-08-11: 404 Client Error:  for url: https://coastwatch.pfeg.noaa.gov/erddap/griddap/jplOscar1day.nc?u%5B(2026-08-11T00:00:00Z)%5D%5B(0.0)%5D%5B(22.15):1:(27.47)%5D%5B(-83.16):1:(-76.14)%5D,v%5B(2026-08-11T00:00:00Z)%5D%5B(0.0)%5D%5B(22.15):1:(27.47)%5D%5B(-83.16):1:(-76.14)%5D
  Trying jplOscar1day @ upwell.pfeg.noaa.gov 2026-08-11 ...
  jplOscar1day @ upwell.pfeg.noaa.gov 2026-08-11: 404 Client Error:  for url: https://upwell.pfeg.noaa.gov/erddap/griddap/jplOscar1day.nc?u%5B(2026-08-11T00:00:00Z)%5D%5B(0.0)%5D%5B(22.15):1:(27.47)%5D%5B(-83.16):1:(-76.14)%5D,v%5B(2026-08-11T00:00:00Z)%5D%5B(0.0)%5D%5B(22.15):1:(27.47)%5D%5B(-83.16):1:(-76.14)%5D
  Trying jplOscar1day @ coastwatch.pfeg.noaa.gov 2026-08-10 ...
  jplOscar1day @ coastwatch.pfeg.noaa.gov 2026-08-10: 404 Client Error:  for url: https://coastwatch.pfeg.noaa.gov/erddap/griddap/jplOscar1day.nc?u%5B(2026-08-10T00:00:00Z)%5D%5B(0.0)%5D%5B(22.15):1:(27.47)%5D%5B(-83.16):1:(-76.14)%5D,v%5B(2026-08-10T00:00:00Z)%5D%5B(0.0)%5D%5B(22.15):1:(27.47)%5D%5B(-83.16):1:(-76.14)%5D
  Trying jplOscar1day @ upwell.pfeg.noaa.gov 2026-08-10 ...
  jplOscar1day @ upwell.pfeg.noaa.gov 2026-08-10: 404 Client Error:  for url: https://upwell.pfeg.noaa.gov/erddap/griddap/jplOscar1day.nc?u%5B(2026-08-10T00:00:00Z)%5D%5B(0.0)%5D%5B(22.15):1:(27.47)%5D%5B(-83.16):1:(-76.14)%5D,v%5B(2026-08-10T00:00:00Z)%5D%5B(0.0)%5D%5B(22.15):1:(27.47)%5D%5B(-83.16):1:(-76.14)%5D
  Trying jplOscar1day @ coastwatch.pfeg.noaa.gov 2026-08-09 ...
  jplOscar1day @ coastwatch.pfeg.noaa.gov 2026-08-09: 404 Client Error:  for url: https://coastwatch.pfeg.noaa.gov/erddap/griddap/jplOscar1day.nc?u%5B(2026-08-09T00:00:00Z)%5D%5B(0.0)%5D%5B(22.15):1:(27.47)%5D%5B(-83.16):1:(-76.14)%5D,v%5B(2026-08-09T00:00:00Z)%5D%5B(0.0)%5D%5B(22.15):1:(27.47)%5D%5B(-83.16):1:(-76.14)%5D
  Trying jplOscar1day @ upwell.pfeg.noaa.gov 2026-08-09 ...
  jplOscar1day @ upwell.pfeg.noaa.gov 2026-08-09: 404 Client Error:  for url: https://upwell.pfeg.noaa.gov/erddap/griddap/jplOscar1day.nc?u%5B(2026-08-09T00:00:00Z)%5D%5B(0.0)%5D%5B(22.15):1:(27.47)%5D%5B(-83.16):1:(-76.14)%5D,v%5B(2026-08-09T00:00:00Z)%5D%5B(0.0)%5D%5B(22.15):1:(27.47)%5D%5B(-83.16):1:(-76.14)%5D
  Trying jplOscar1day @ coastwatch.pfeg.noaa.gov 2026-08-08 ...
  jplOscar1day @ coastwatch.pfeg.noaa.gov 2026-08-08: 404 Client Error:  for url: https://coastwatch.pfeg.noaa.gov/erddap/griddap/jplOscar1day.nc?u%5B(2026-08-08T00:00:00Z)%5D%5B(0.0)%5D%5B(22.15):1:(27.47)%5D%5B(-83.16):1:(-76.14)%5D,v%5B(2026-08-08T00:00:00Z)%5D%5B(0.0)%5D%5B(22.15):1:(27.47)%5D%5B(-83.16):1:(-76.14)%5D
  Trying jplOscar1day @ upwell.pfeg.noaa.gov 2026-08-08 ...
  jplOscar1day @ upwell.pfeg.noaa.gov 2026-08-08: 404 Client Error:  for url: https://upwell.pfeg.noaa.gov/erddap/griddap/jplOscar1day.nc?u%5B(2026-08-08T00:00:00Z)%5D%5B(0.0)%5D%5B(22.15):1:(27.47)%5D%5B(-83.16):1:(-76.14)%5D,v%5B(2026-08-08T00:00:00Z)%5D%5B(0.0)%5D%5B(22.15):1:(27.47)%5D%5B(-83.16):1:(-76.14)%5D
  Trying erdQCkm1day @ coastwatch.pfeg.noaa.gov 2026-08-13 ...
  erdQCkm1day @ coastwatch.pfeg.noaa.gov 2026-08-13: 404 Client Error:  for url: https://coastwatch.pfeg.noaa.gov/erddap/griddap/erdQCkm1day.nc?u%5B(2026-08-13T00:00:00Z)%5D%5B(0.0)%5D%5B(22.15):1:(27.47)%5D%5B(-83.16):1:(-76.14)%5D,v%5B(2026-08-13T00:00:00Z)%5D%5B(0.0)%5D%5B(22.15):1:(27.47)%5D%5B(-83.16):1:(-76.14)%5D
  Trying erdQCkm1day @ upwell.pfeg.noaa.gov 2026-08-13 ...
  erdQCkm1day @ upwell.pfeg.noaa.gov 2026-08-13: 404 Client Error:  for url: https://upwell.pfeg.noaa.gov/erddap/griddap/erdQCkm1day.nc?u%5B(2026-08-13T00:00:00Z)%5D%5B(0.0)%5D%5B(22.15):1:(27.47)%5D%5B(-83.16):1:(-76.14)%5D,v%5B(2026-08-13T00:00:00Z)%5D%5B(0.0)%5D%5B(22.15):1:(27.47)%5D%5B(-83.16):1:(-76.14)%5D
  Trying erdQCkm1day @ coastwatch.pfeg.noaa.gov 2026-08-12 ...
  erdQCkm1day @ coastwatch.pfeg.noaa.gov 2026-08-12: 404 Client Error:  for url: https://coastwatch.pfeg.noaa.gov/erddap/griddap/erdQCkm1day.nc?u%5B(2026-08-12T00:00:00Z)%5D%5B(0.0)%5D%5B(22.15):1:(27.47)%5D%5B(-83.16):1:(-76.14)%5D,v%5B(2026-08-12T00:00:00Z)%5D%5B(0.0)%5D%5B(22.15):1:(27.47)%5D%5B(-83.16):1:(-76.14)%5D
  Trying erdQCkm1day @ upwell.pfeg.noaa.gov 2026-08-12 ...
  erdQCkm1day @ upwell.pfeg.noaa.gov 2026-08-12: 404 Client Error:  for url: https://upwell.pfeg.noaa.gov/erddap/griddap/erdQCkm1day.nc?u%5B(2026-08-12T00:00:00Z)%5D%5B(0.0)%5D%5B(22.15):1:(27.47)%5D%5B(-83.16):1:(-76.14)%5D,v%5B(2026-08-12T00:00:00Z)%5D%5B(0.0)%5D%5B(22.15):1:(27.47)%5D%5B(-83.16):1:(-76.14)%5D
  Trying erdQCkm1day @ coastwatch.pfeg.noaa.gov 2026-08-11 ...
  erdQCkm1day @ coastwatch.pfeg.noaa.gov 2026-08-11: 404 Client Error:  for url: https://coastwatch.pfeg.noaa.gov/erddap/griddap/erdQCkm1day.nc?u%5B(2026-08-11T00:00:00Z)%5D%5B(0.0)%5D%5B(22.15):1:(27.47)%5D%5B(-83.16):1:(-76.14)%5D,v%5B(2026-08-11T00:00:00Z)%5D%5B(0.0)%5D%5B(22.15):1:(27.47)%5D%5B(-83.16):1:(-76.14)%5D
  Trying erdQCkm1day @ upwell.pfeg.noaa.gov 2026-08-11 ...
  erdQCkm1day @ upwell.pfeg.noaa.gov 2026-08-11: 404 Client Error:  for url: https://upwell.pfeg.noaa.gov/erddap/griddap/erdQCkm1day.nc?u%5B(2026-08-11T00:00:00Z)%5D%5B(0.0)%5D%5B(22.15):1:(27.47)%5D%5B(-83.16):1:(-76.14)%5D,v%5B(2026-08-11T00:00:00Z)%5D%5B(0.0)%5D%5B(22.15):1:(27.47)%5D%5B(-83.16):1:(-76.14)%5D
  Trying erdQCkm1day @ coastwatch.pfeg.noaa.gov 2026-08-10 ...
  erdQCkm1day @ coastwatch.pfeg.noaa.gov 2026-08-10: 404 Client Error:  for url: https://coastwatch.pfeg.noaa.gov/erddap/griddap/erdQCkm1day.nc?u%5B(2026-08-10T00:00:00Z)%5D%5B(0.0)%5D%5B(22.15):1:(27.47)%5D%5B(-83.16):1:(-76.14)%5D,v%5B(2026-08-10T00:00:00Z)%5D%5B(0.0)%5D%5B(22.15):1:(27.47)%5D%5B(-83.16):1:(-76.14)%5D
  Trying erdQCkm1day @ upwell.pfeg.noaa.gov 2026-08-10 ...
  erdQCkm1day @ upwell.pfeg.noaa.gov 2026-08-10: 404 Client Error:  for url: https://upwell.pfeg.noaa.gov/erddap/griddap/erdQCkm1day.nc?u%5B(2026-08-10T00:00:00Z)%5D%5B(0.0)%5D%5B(22.15):1:(27.47)%5D%5B(-83.16):1:(-76.14)%5D,v%5B(2026-08-10T00:00:00Z)%5D%5B(0.0)%5D%5B(22.15):1:(27.47)%5D%5B(-83.16):1:(-76.14)%5D
  Trying erdQCkm1day @ coastwatch.pfeg.noaa.gov 2026-08-09 ...
  erdQCkm1day @ coastwatch.pfeg.noaa.gov 2026-08-09: 404 Client Error:  for url: https://coastwatch.pfeg.noaa.gov/erddap/griddap/erdQCkm1day.nc?u%5B(2026-08-09T00:00:00Z)%5D%5B(0.0)%5D%5B(22.15):1:(27.47)%5D%5B(-83.16):1:(-76.14)%5D,v%5B(2026-08-09T00:00:00Z)%5D%5B(0.0)%5D%5B(22.15):1:(27.47)%5D%5B(-83.16):1:(-76.14)%5D
  Trying erdQCkm1day @ upwell.pfeg.noaa.gov 2026-08-09 ...
  erdQCkm1day @ upwell.pfeg.noaa.gov 2026-08-09: 404 Client Error:  for url: https://upwell.pfeg.noaa.gov/erddap/griddap/erdQCkm1day.nc?u%5B(2026-08-09T00:00:00Z)%5D%5B(0.0)%5D%5B(22.15):1:(27.47)%5D%5B(-83.16):1:(-76.14)%5D,v%5B(2026-08-09T00:00:00Z)%5D%5B(0.0)%5D%5B(22.15):1:(27.47)%5D%5B(-83.16):1:(-76.14)%5D
  Trying erdQCkm1day @ coastwatch.pfeg.noaa.gov 2026-08-08 ...
  erdQCkm1day @ coastwatch.pfeg.noaa.gov 2026-08-08: 404 Client Error:  for url: https://coastwatch.pfeg.noaa.gov/erddap/griddap/erdQCkm1day.nc?u%5B(2026-08-08T00:00:00Z)%5D%5B(0.0)%5D%5B(22.15):1:(27.47)%5D%5B(-83.16):1:(-76.14)%5D,v%5B(2026-08-08T00:00:00Z)%5D%5B(0.0)%5D%5B(22.15):1:(27.47)%5D%5B(-83.16):1:(-76.14)%5D
  Trying erdQCkm1day @ upwell.pfeg.noaa.gov 2026-08-08 ...
  erdQCkm1day @ upwell.pfeg.noaa.gov 2026-08-08: 404 Client Error:  for url: https://upwell.pfeg.noaa.gov/erddap/griddap/erdQCkm1day.nc?u%5B(2026-08-08T00:00:00Z)%5D%5B(0.0)%5D%5B(22.15):1:(27.47)%5D%5B(-83.16):1:(-76.14)%5D,v%5B(2026-08-08T00:00:00Z)%5D%5B(0.0)%5D%5B(22.15):1:(27.47)%5D%5B(-83.16):1:(-76.14)%5D
  OSCAR: all attempts failed

[CMEMS] Currents  (2026-08-13)  0.083 deg, daily
INFO - 2026-08-14T22:34:20Z - Selected dataset version: "202406"
INFO - 2026-08-14T22:34:20Z - Selected dataset part: "default"
WARNING - 2026-08-14T22:34:20Z - Some of your subset selection [0.0, 1.0] for the depth dimension exceed the dataset coordinates [0.49402499198913574, 5727.9169921875]
INFO - 2026-08-14T22:34:25Z - Total size of the download: 55.34 KB.
  CMEMS currents: 4,332 pts  0.001–1.805 m/s

[CMEMS] Altimetry  (2026-08-13)  0.125 deg, daily
INFO - 2026-08-14T22:34:28Z - Selected dataset version: "202506"
INFO - 2026-08-14T22:34:28Z - Selected dataset part: "default"
INFO - 2026-08-14T22:34:33Z - Total size of the download: 50.96 KB.
  Altimetry: 2,043 pts  SLA -0.065–0.347 m
  Geostrophic currents: 2,043 pts  0.002–1.901 m/s

============================================================
  Exporting ...
    Currents JSON → DailySST/Currents/s_fl/currents_20260813.json  (442 KB)
    Currents CSV  → DailySST/Currents/s_fl/currents_20260813.csv  (4,332 rows, 266 KB)
    Altimetry CSV  → DailySST/Altimetry/s_fl/altimetry_20260813.csv  (2,043 rows, 117 KB)
    Altimetry grid → DailySST/Altimetry/s_fl/altimetry_20260813_grid.json  (32 KB)

============================================================
  Currents  (CMEMS): 4,332 pts  speed 0.001–1.805 m/s  p98=1.428 m/s
  Altimetry (CMEMS_ALT): 2,043 pts  SSH 0.110–1.034 m
============================================================

  Files → /home/runner/work/SSTv2/SSTv2/DailySST/Currents/s_fl
         → /home/runner/work/SSTv2/SSTv2/DailySST/Altimetry/s_fl
