============================================================
  Ocean Dynamics Fetcher — Currents + Altimetry
  Date      : 2026-08-01
  BBOX      : {'lat_min': 22.15, 'lat_max': 27.47, 'lon_min': -83.16, 'lon_max': -76.14}
  Output    : /home/runner/work/SSTv2/SSTv2/DailySST
============================================================

[1/3] HYCOM currents + SSH  (target: 2026-08-01)  ~1/12 deg
  HYCOM catalog found dataset: FMRC_ESPC-D-V02_uv3z
  Trying https://tds.hycom.org/thredds/ncss/FMRC_ESPC-D-V02_uv3z/runs/FMRC_ESPC-D-V02_uv3...
  HYCOM 2026-08-01 12Z failed: 404 Client Error: 404 for url: https://tds.hycom.org/thredds/ncss/FMRC_ESPC-D-V02_uv3z/runs/FMRC_ESPC-D-V02_uv3z_RUN_2026-08-01T12:00:00Z?var=water_u&var=water_v&var=surf_el&north=27.47&south=22.15&west=-83.16&east=-76.14&horizStride=1&vertCoord=0&disableLLSubset=on&disableProjSubset=on&time_start=2026-08-01T12:00:00Z&time_end=2026-08-01T12:00:00Z&accept=netcdf
  Trying https://tds.hycom.org/thredds/ncss/FMRC_ESPC-D-V02_uv3z/FMRC_ESPC-D-V02_uv3z_bes...
  HYCOM 2026-08-01 12Z failed: 400 Client Error: 400 for url: https://tds.hycom.org/thredds/ncss/FMRC_ESPC-D-V02_uv3z/FMRC_ESPC-D-V02_uv3z_best.ncd?var=water_u&var=water_v&var=surf_el&north=27.47&south=22.15&west=-83.16&east=-76.14&horizStride=1&vertCoord=0&disableLLSubset=on&disableProjSubset=on&time_start=2026-08-01T12:00:00Z&time_end=2026-08-01T12:00:00Z&accept=netcdf
  Trying https://tds.hycom.org/thredds/ncss/FMRC_ESPC-D-V02_uv3z/runs/FMRC_ESPC-D-V02_uv3...
  HYCOM 2026-08-01 00Z failed: 404 Client Error: 404 for url: https://tds.hycom.org/thredds/ncss/FMRC_ESPC-D-V02_uv3z/runs/FMRC_ESPC-D-V02_uv3z_RUN_2026-08-01T00:00:00Z?var=water_u&var=water_v&var=surf_el&north=27.47&south=22.15&west=-83.16&east=-76.14&horizStride=1&vertCoord=0&disableLLSubset=on&disableProjSubset=on&time_start=2026-08-01T00:00:00Z&time_end=2026-08-01T00:00:00Z&accept=netcdf
  Trying https://tds.hycom.org/thredds/ncss/FMRC_ESPC-D-V02_uv3z/FMRC_ESPC-D-V02_uv3z_bes...
  HYCOM 2026-08-01 00Z failed: 400 Client Error: 400 for url: https://tds.hycom.org/thredds/ncss/FMRC_ESPC-D-V02_uv3z/FMRC_ESPC-D-V02_uv3z_best.ncd?var=water_u&var=water_v&var=surf_el&north=27.47&south=22.15&west=-83.16&east=-76.14&horizStride=1&vertCoord=0&disableLLSubset=on&disableProjSubset=on&time_start=2026-08-01T00:00:00Z&time_end=2026-08-01T00:00:00Z&accept=netcdf
  Trying https://tds.hycom.org/thredds/ncss/FMRC_ESPC-D-V02_uv3z/runs/FMRC_ESPC-D-V02_uv3...
  HYCOM 2026-07-31 12Z failed: 400 Client Error: 400 for url: https://tds.hycom.org/thredds/ncss/FMRC_ESPC-D-V02_uv3z/runs/FMRC_ESPC-D-V02_uv3z_RUN_2026-07-31T12:00:00Z?var=water_u&var=water_v&var=surf_el&north=27.47&south=22.15&west=-83.16&east=-76.14&horizStride=1&vertCoord=0&disableLLSubset=on&disableProjSubset=on&time_start=2026-07-31T12:00:00Z&time_end=2026-07-31T12:00:00Z&accept=netcdf
  Trying https://tds.hycom.org/thredds/ncss/FMRC_ESPC-D-V02_uv3z/FMRC_ESPC-D-V02_uv3z_bes...
  HYCOM 2026-07-31 12Z failed: 400 Client Error: 400 for url: https://tds.hycom.org/thredds/ncss/FMRC_ESPC-D-V02_uv3z/FMRC_ESPC-D-V02_uv3z_best.ncd?var=water_u&var=water_v&var=surf_el&north=27.47&south=22.15&west=-83.16&east=-76.14&horizStride=1&vertCoord=0&disableLLSubset=on&disableProjSubset=on&time_start=2026-07-31T12:00:00Z&time_end=2026-07-31T12:00:00Z&accept=netcdf
  Trying https://tds.hycom.org/thredds/ncss/FMRC_ESPC-D-V02_uv3z/runs/FMRC_ESPC-D-V02_uv3...
  HYCOM 2026-07-31 00Z failed: 404 Client Error: 404 for url: https://tds.hycom.org/thredds/ncss/FMRC_ESPC-D-V02_uv3z/runs/FMRC_ESPC-D-V02_uv3z_RUN_2026-07-31T00:00:00Z?var=water_u&var=water_v&var=surf_el&north=27.47&south=22.15&west=-83.16&east=-76.14&horizStride=1&vertCoord=0&disableLLSubset=on&disableProjSubset=on&time_start=2026-07-31T00:00:00Z&time_end=2026-07-31T00:00:00Z&accept=netcdf
  Trying https://tds.hycom.org/thredds/ncss/FMRC_ESPC-D-V02_uv3z/FMRC_ESPC-D-V02_uv3z_bes...
  HYCOM 2026-07-31 00Z failed: 400 Client Error: 400 for url: https://tds.hycom.org/thredds/ncss/FMRC_ESPC-D-V02_uv3z/FMRC_ESPC-D-V02_uv3z_best.ncd?var=water_u&var=water_v&var=surf_el&north=27.47&south=22.15&west=-83.16&east=-76.14&horizStride=1&vertCoord=0&disableLLSubset=on&disableProjSubset=on&time_start=2026-07-31T00:00:00Z&time_end=2026-07-31T00:00:00Z&accept=netcdf
  Trying https://tds.hycom.org/thredds/ncss/FMRC_ESPC-D-V02_uv3z/runs/FMRC_ESPC-D-V02_uv3...
  HYCOM 2026-07-30 12Z failed: 400 Client Error: 400 for url: https://tds.hycom.org/thredds/ncss/FMRC_ESPC-D-V02_uv3z/runs/FMRC_ESPC-D-V02_uv3z_RUN_2026-07-30T12:00:00Z?var=water_u&var=water_v&var=surf_el&north=27.47&south=22.15&west=-83.16&east=-76.14&horizStride=1&vertCoord=0&disableLLSubset=on&disableProjSubset=on&time_start=2026-07-30T12:00:00Z&time_end=2026-07-30T12:00:00Z&accept=netcdf
  Trying https://tds.hycom.org/thredds/ncss/FMRC_ESPC-D-V02_uv3z/FMRC_ESPC-D-V02_uv3z_bes...
  HYCOM 2026-07-30 12Z failed: 400 Client Error: 400 for url: https://tds.hycom.org/thredds/ncss/FMRC_ESPC-D-V02_uv3z/FMRC_ESPC-D-V02_uv3z_best.ncd?var=water_u&var=water_v&var=surf_el&north=27.47&south=22.15&west=-83.16&east=-76.14&horizStride=1&vertCoord=0&disableLLSubset=on&disableProjSubset=on&time_start=2026-07-30T12:00:00Z&time_end=2026-07-30T12:00:00Z&accept=netcdf
  Trying https://tds.hycom.org/thredds/ncss/FMRC_ESPC-D-V02_uv3z/runs/FMRC_ESPC-D-V02_uv3...
  HYCOM 2026-07-30 00Z failed: 404 Client Error: 404 for url: https://tds.hycom.org/thredds/ncss/FMRC_ESPC-D-V02_uv3z/runs/FMRC_ESPC-D-V02_uv3z_RUN_2026-07-30T00:00:00Z?var=water_u&var=water_v&var=surf_el&north=27.47&south=22.15&west=-83.16&east=-76.14&horizStride=1&vertCoord=0&disableLLSubset=on&disableProjSubset=on&time_start=2026-07-30T00:00:00Z&time_end=2026-07-30T00:00:00Z&accept=netcdf
  Trying https://tds.hycom.org/thredds/ncss/FMRC_ESPC-D-V02_uv3z/FMRC_ESPC-D-V02_uv3z_bes...
  HYCOM 2026-07-30 00Z failed: 400 Client Error: 400 for url: https://tds.hycom.org/thredds/ncss/FMRC_ESPC-D-V02_uv3z/FMRC_ESPC-D-V02_uv3z_best.ncd?var=water_u&var=water_v&var=surf_el&north=27.47&south=22.15&west=-83.16&east=-76.14&horizStride=1&vertCoord=0&disableLLSubset=on&disableProjSubset=on&time_start=2026-07-30T00:00:00Z&time_end=2026-07-30T00:00:00Z&accept=netcdf
  Trying https://tds.hycom.org/thredds/ncss/FMRC_ESPC-D-V02_uv3z/runs/FMRC_ESPC-D-V02_uv3...
  HYCOM 2026-07-29 12Z failed: 400 Client Error: 400 for url: https://tds.hycom.org/thredds/ncss/FMRC_ESPC-D-V02_uv3z/runs/FMRC_ESPC-D-V02_uv3z_RUN_2026-07-29T12:00:00Z?var=water_u&var=water_v&var=surf_el&north=27.47&south=22.15&west=-83.16&east=-76.14&horizStride=1&vertCoord=0&disableLLSubset=on&disableProjSubset=on&time_start=2026-07-29T12:00:00Z&time_end=2026-07-29T12:00:00Z&accept=netcdf
  Trying https://tds.hycom.org/thredds/ncss/FMRC_ESPC-D-V02_uv3z/FMRC_ESPC-D-V02_uv3z_bes...
  HYCOM 2026-07-29 12Z failed: 400 Client Error: 400 for url: https://tds.hycom.org/thredds/ncss/FMRC_ESPC-D-V02_uv3z/FMRC_ESPC-D-V02_uv3z_best.ncd?var=water_u&var=water_v&var=surf_el&north=27.47&south=22.15&west=-83.16&east=-76.14&horizStride=1&vertCoord=0&disableLLSubset=on&disableProjSubset=on&time_start=2026-07-29T12:00:00Z&time_end=2026-07-29T12:00:00Z&accept=netcdf
  Trying https://tds.hycom.org/thredds/ncss/FMRC_ESPC-D-V02_uv3z/runs/FMRC_ESPC-D-V02_uv3...
  HYCOM 2026-07-29 00Z failed: 404 Client Error: 404 for url: https://tds.hycom.org/thredds/ncss/FMRC_ESPC-D-V02_uv3z/runs/FMRC_ESPC-D-V02_uv3z_RUN_2026-07-29T00:00:00Z?var=water_u&var=water_v&var=surf_el&north=27.47&south=22.15&west=-83.16&east=-76.14&horizStride=1&vertCoord=0&disableLLSubset=on&disableProjSubset=on&time_start=2026-07-29T00:00:00Z&time_end=2026-07-29T00:00:00Z&accept=netcdf
  Trying https://tds.hycom.org/thredds/ncss/FMRC_ESPC-D-V02_uv3z/FMRC_ESPC-D-V02_uv3z_bes...
  HYCOM 2026-07-29 00Z failed: 400 Client Error: 400 for url: https://tds.hycom.org/thredds/ncss/FMRC_ESPC-D-V02_uv3z/FMRC_ESPC-D-V02_uv3z_best.ncd?var=water_u&var=water_v&var=surf_el&north=27.47&south=22.15&west=-83.16&east=-76.14&horizStride=1&vertCoord=0&disableLLSubset=on&disableProjSubset=on&time_start=2026-07-29T00:00:00Z&time_end=2026-07-29T00:00:00Z&accept=netcdf
  HYCOM: all attempts failed

[2/3] OSCAR currents  (target: 2026-08-01)  1/3 deg, 5-day composite
  Trying OSCAR_L4_OC_NRT_V2.1 @ coastwatch.pfeg.noaa.gov 2026-08-01 ...
  OSCAR_L4_OC_NRT_V2.1 @ coastwatch.pfeg.noaa.gov 2026-08-01: 403 Client Error:  for url: https://coastwatch.pfeg.noaa.gov/erddap/griddap/OSCAR_L4_OC_NRT_V2.1.nc?u%5B(2026-08-01T00:00:00Z)%5D%5B(0.0)%5D%5B(22.15):1:(27.47)%5D%5B(-83.16):1:(-76.14)%5D,v%5B(2026-08-01T00:00:00Z)%5D%5B(0.0)%5D%5B(22.15):1:(27.47)%5D%5B(-83.16):1:(-76.14)%5D
  Trying OSCAR_L4_OC_NRT_V2.1 @ upwell.pfeg.noaa.gov 2026-08-01 ...
  OSCAR_L4_OC_NRT_V2.1 @ upwell.pfeg.noaa.gov 2026-08-01: HTTPSConnectionPool(host='upwell.pfeg.noaa.gov', port=443): Max retries exceeded with url: /erddap/griddap/OSCAR_L4_OC_NRT_V2.1.nc?u%5B(2026-08-01T00:00:00Z)%5D%5B(0.0)%5D%5B(22.15):1:(27.47)%5D%5B(-83.16):1:(-76.14)%5D,v%5B(2026-08-01T00:00:00Z)%5D%5B(0.0)%5D%5B(22.15):1:(27.47)%5D%5B(-83.16):1:(-76.14)%5D (Caused by NewConnectionError("HTTPSConnection(host='upwell.pfeg.noaa.gov', port=443): Failed to establish a new connection: [Errno 111] Connection refused"))
  Trying OSCAR_L4_OC_NRT_V2.1 @ coastwatch.pfeg.noaa.gov 2026-07-31 ...
  OSCAR_L4_OC_NRT_V2.1 @ coastwatch.pfeg.noaa.gov 2026-07-31: 403 Client Error:  for url: https://coastwatch.pfeg.noaa.gov/erddap/griddap/OSCAR_L4_OC_NRT_V2.1.nc?u%5B(2026-07-31T00:00:00Z)%5D%5B(0.0)%5D%5B(22.15):1:(27.47)%5D%5B(-83.16):1:(-76.14)%5D,v%5B(2026-07-31T00:00:00Z)%5D%5B(0.0)%5D%5B(22.15):1:(27.47)%5D%5B(-83.16):1:(-76.14)%5D
  Trying OSCAR_L4_OC_NRT_V2.1 @ upwell.pfeg.noaa.gov 2026-07-31 ...
  OSCAR_L4_OC_NRT_V2.1 @ upwell.pfeg.noaa.gov 2026-07-31: HTTPSConnectionPool(host='upwell.pfeg.noaa.gov', port=443): Max retries exceeded with url: /erddap/griddap/OSCAR_L4_OC_NRT_V2.1.nc?u%5B(2026-07-31T00:00:00Z)%5D%5B(0.0)%5D%5B(22.15):1:(27.47)%5D%5B(-83.16):1:(-76.14)%5D,v%5B(2026-07-31T00:00:00Z)%5D%5B(0.0)%5D%5B(22.15):1:(27.47)%5D%5B(-83.16):1:(-76.14)%5D (Caused by NewConnectionError("HTTPSConnection(host='upwell.pfeg.noaa.gov', port=443): Failed to establish a new connection: [Errno 111] Connection refused"))
  Trying OSCAR_L4_OC_NRT_V2.1 @ coastwatch.pfeg.noaa.gov 2026-07-30 ...
  OSCAR_L4_OC_NRT_V2.1 @ coastwatch.pfeg.noaa.gov 2026-07-30: 403 Client Error:  for url: https://coastwatch.pfeg.noaa.gov/erddap/griddap/OSCAR_L4_OC_NRT_V2.1.nc?u%5B(2026-07-30T00:00:00Z)%5D%5B(0.0)%5D%5B(22.15):1:(27.47)%5D%5B(-83.16):1:(-76.14)%5D,v%5B(2026-07-30T00:00:00Z)%5D%5B(0.0)%5D%5B(22.15):1:(27.47)%5D%5B(-83.16):1:(-76.14)%5D
  Trying OSCAR_L4_OC_NRT_V2.1 @ upwell.pfeg.noaa.gov 2026-07-30 ...
  OSCAR_L4_OC_NRT_V2.1 @ upwell.pfeg.noaa.gov 2026-07-30: HTTPSConnectionPool(host='upwell.pfeg.noaa.gov', port=443): Max retries exceeded with url: /erddap/griddap/OSCAR_L4_OC_NRT_V2.1.nc?u%5B(2026-07-30T00:00:00Z)%5D%5B(0.0)%5D%5B(22.15):1:(27.47)%5D%5B(-83.16):1:(-76.14)%5D,v%5B(2026-07-30T00:00:00Z)%5D%5B(0.0)%5D%5B(22.15):1:(27.47)%5D%5B(-83.16):1:(-76.14)%5D (Caused by NewConnectionError("HTTPSConnection(host='upwell.pfeg.noaa.gov', port=443): Failed to establish a new connection: [Errno 111] Connection refused"))
  Trying OSCAR_L4_OC_NRT_V2.1 @ coastwatch.pfeg.noaa.gov 2026-07-29 ...
  OSCAR_L4_OC_NRT_V2.1 @ coastwatch.pfeg.noaa.gov 2026-07-29: 403 Client Error:  for url: https://coastwatch.pfeg.noaa.gov/erddap/griddap/OSCAR_L4_OC_NRT_V2.1.nc?u%5B(2026-07-29T00:00:00Z)%5D%5B(0.0)%5D%5B(22.15):1:(27.47)%5D%5B(-83.16):1:(-76.14)%5D,v%5B(2026-07-29T00:00:00Z)%5D%5B(0.0)%5D%5B(22.15):1:(27.47)%5D%5B(-83.16):1:(-76.14)%5D
  Trying OSCAR_L4_OC_NRT_V2.1 @ upwell.pfeg.noaa.gov 2026-07-29 ...
  OSCAR_L4_OC_NRT_V2.1 @ upwell.pfeg.noaa.gov 2026-07-29: HTTPSConnectionPool(host='upwell.pfeg.noaa.gov', port=443): Max retries exceeded with url: /erddap/griddap/OSCAR_L4_OC_NRT_V2.1.nc?u%5B(2026-07-29T00:00:00Z)%5D%5B(0.0)%5D%5B(22.15):1:(27.47)%5D%5B(-83.16):1:(-76.14)%5D,v%5B(2026-07-29T00:00:00Z)%5D%5B(0.0)%5D%5B(22.15):1:(27.47)%5D%5B(-83.16):1:(-76.14)%5D (Caused by NewConnectionError("HTTPSConnection(host='upwell.pfeg.noaa.gov', port=443): Failed to establish a new connection: [Errno 111] Connection refused"))
  Trying OSCAR_L4_OC_NRT_V2.1 @ coastwatch.pfeg.noaa.gov 2026-07-28 ...
  OSCAR_L4_OC_NRT_V2.1 @ coastwatch.pfeg.noaa.gov 2026-07-28: 403 Client Error:  for url: https://coastwatch.pfeg.noaa.gov/erddap/griddap/OSCAR_L4_OC_NRT_V2.1.nc?u%5B(2026-07-28T00:00:00Z)%5D%5B(0.0)%5D%5B(22.15):1:(27.47)%5D%5B(-83.16):1:(-76.14)%5D,v%5B(2026-07-28T00:00:00Z)%5D%5B(0.0)%5D%5B(22.15):1:(27.47)%5D%5B(-83.16):1:(-76.14)%5D
  Trying OSCAR_L4_OC_NRT_V2.1 @ upwell.pfeg.noaa.gov 2026-07-28 ...
  OSCAR_L4_OC_NRT_V2.1 @ upwell.pfeg.noaa.gov 2026-07-28: HTTPSConnectionPool(host='upwell.pfeg.noaa.gov', port=443): Max retries exceeded with url: /erddap/griddap/OSCAR_L4_OC_NRT_V2.1.nc?u%5B(2026-07-28T00:00:00Z)%5D%5B(0.0)%5D%5B(22.15):1:(27.47)%5D%5B(-83.16):1:(-76.14)%5D,v%5B(2026-07-28T00:00:00Z)%5D%5B(0.0)%5D%5B(22.15):1:(27.47)%5D%5B(-83.16):1:(-76.14)%5D (Caused by NewConnectionError("HTTPSConnection(host='upwell.pfeg.noaa.gov', port=443): Failed to establish a new connection: [Errno 111] Connection refused"))
  Trying OSCAR_L4_OC_NRT_V2.1 @ coastwatch.pfeg.noaa.gov 2026-07-27 ...
  OSCAR_L4_OC_NRT_V2.1 @ coastwatch.pfeg.noaa.gov 2026-07-27: 403 Client Error:  for url: https://coastwatch.pfeg.noaa.gov/erddap/griddap/OSCAR_L4_OC_NRT_V2.1.nc?u%5B(2026-07-27T00:00:00Z)%5D%5B(0.0)%5D%5B(22.15):1:(27.47)%5D%5B(-83.16):1:(-76.14)%5D,v%5B(2026-07-27T00:00:00Z)%5D%5B(0.0)%5D%5B(22.15):1:(27.47)%5D%5B(-83.16):1:(-76.14)%5D
  Trying OSCAR_L4_OC_NRT_V2.1 @ upwell.pfeg.noaa.gov 2026-07-27 ...
  OSCAR_L4_OC_NRT_V2.1 @ upwell.pfeg.noaa.gov 2026-07-27: HTTPSConnectionPool(host='upwell.pfeg.noaa.gov', port=443): Max retries exceeded with url: /erddap/griddap/OSCAR_L4_OC_NRT_V2.1.nc?u%5B(2026-07-27T00:00:00Z)%5D%5B(0.0)%5D%5B(22.15):1:(27.47)%5D%5B(-83.16):1:(-76.14)%5D,v%5B(2026-07-27T00:00:00Z)%5D%5B(0.0)%5D%5B(22.15):1:(27.47)%5D%5B(-83.16):1:(-76.14)%5D (Caused by NewConnectionError("HTTPSConnection(host='upwell.pfeg.noaa.gov', port=443): Failed to establish a new connection: [Errno 111] Connection refused"))
  Trying OSCAR_L4_OC_NRT_V2.0 @ coastwatch.pfeg.noaa.gov 2026-08-01 ...
  OSCAR_L4_OC_NRT_V2.0 @ coastwatch.pfeg.noaa.gov 2026-08-01: 403 Client Error:  for url: https://coastwatch.pfeg.noaa.gov/erddap/griddap/OSCAR_L4_OC_NRT_V2.0.nc?u%5B(2026-08-01T00:00:00Z)%5D%5B(0.0)%5D%5B(22.15):1:(27.47)%5D%5B(-83.16):1:(-76.14)%5D,v%5B(2026-08-01T00:00:00Z)%5D%5B(0.0)%5D%5B(22.15):1:(27.47)%5D%5B(-83.16):1:(-76.14)%5D
  Trying OSCAR_L4_OC_NRT_V2.0 @ upwell.pfeg.noaa.gov 2026-08-01 ...
  OSCAR_L4_OC_NRT_V2.0 @ upwell.pfeg.noaa.gov 2026-08-01: HTTPSConnectionPool(host='upwell.pfeg.noaa.gov', port=443): Max retries exceeded with url: /erddap/griddap/OSCAR_L4_OC_NRT_V2.0.nc?u%5B(2026-08-01T00:00:00Z)%5D%5B(0.0)%5D%5B(22.15):1:(27.47)%5D%5B(-83.16):1:(-76.14)%5D,v%5B(2026-08-01T00:00:00Z)%5D%5B(0.0)%5D%5B(22.15):1:(27.47)%5D%5B(-83.16):1:(-76.14)%5D (Caused by NewConnectionError("HTTPSConnection(host='upwell.pfeg.noaa.gov', port=443): Failed to establish a new connection: [Errno 111] Connection refused"))
  Trying OSCAR_L4_OC_NRT_V2.0 @ coastwatch.pfeg.noaa.gov 2026-07-31 ...
  OSCAR_L4_OC_NRT_V2.0 @ coastwatch.pfeg.noaa.gov 2026-07-31: 403 Client Error:  for url: https://coastwatch.pfeg.noaa.gov/erddap/griddap/OSCAR_L4_OC_NRT_V2.0.nc?u%5B(2026-07-31T00:00:00Z)%5D%5B(0.0)%5D%5B(22.15):1:(27.47)%5D%5B(-83.16):1:(-76.14)%5D,v%5B(2026-07-31T00:00:00Z)%5D%5B(0.0)%5D%5B(22.15):1:(27.47)%5D%5B(-83.16):1:(-76.14)%5D
  Trying OSCAR_L4_OC_NRT_V2.0 @ upwell.pfeg.noaa.gov 2026-07-31 ...
  OSCAR_L4_OC_NRT_V2.0 @ upwell.pfeg.noaa.gov 2026-07-31: HTTPSConnectionPool(host='upwell.pfeg.noaa.gov', port=443): Max retries exceeded with url: /erddap/griddap/OSCAR_L4_OC_NRT_V2.0.nc?u%5B(2026-07-31T00:00:00Z)%5D%5B(0.0)%5D%5B(22.15):1:(27.47)%5D%5B(-83.16):1:(-76.14)%5D,v%5B(2026-07-31T00:00:00Z)%5D%5B(0.0)%5D%5B(22.15):1:(27.47)%5D%5B(-83.16):1:(-76.14)%5D (Caused by NewConnectionError("HTTPSConnection(host='upwell.pfeg.noaa.gov', port=443): Failed to establish a new connection: [Errno 111] Connection refused"))
  Trying OSCAR_L4_OC_NRT_V2.0 @ coastwatch.pfeg.noaa.gov 2026-07-30 ...
  OSCAR_L4_OC_NRT_V2.0 @ coastwatch.pfeg.noaa.gov 2026-07-30: 403 Client Error:  for url: https://coastwatch.pfeg.noaa.gov/erddap/griddap/OSCAR_L4_OC_NRT_V2.0.nc?u%5B(2026-07-30T00:00:00Z)%5D%5B(0.0)%5D%5B(22.15):1:(27.47)%5D%5B(-83.16):1:(-76.14)%5D,v%5B(2026-07-30T00:00:00Z)%5D%5B(0.0)%5D%5B(22.15):1:(27.47)%5D%5B(-83.16):1:(-76.14)%5D
  Trying OSCAR_L4_OC_NRT_V2.0 @ upwell.pfeg.noaa.gov 2026-07-30 ...
  OSCAR_L4_OC_NRT_V2.0 @ upwell.pfeg.noaa.gov 2026-07-30: HTTPSConnectionPool(host='upwell.pfeg.noaa.gov', port=443): Max retries exceeded with url: /erddap/griddap/OSCAR_L4_OC_NRT_V2.0.nc?u%5B(2026-07-30T00:00:00Z)%5D%5B(0.0)%5D%5B(22.15):1:(27.47)%5D%5B(-83.16):1:(-76.14)%5D,v%5B(2026-07-30T00:00:00Z)%5D%5B(0.0)%5D%5B(22.15):1:(27.47)%5D%5B(-83.16):1:(-76.14)%5D (Caused by NewConnectionError("HTTPSConnection(host='upwell.pfeg.noaa.gov', port=443): Failed to establish a new connection: [Errno 111] Connection refused"))
  Trying OSCAR_L4_OC_NRT_V2.0 @ coastwatch.pfeg.noaa.gov 2026-07-29 ...
  OSCAR_L4_OC_NRT_V2.0 @ coastwatch.pfeg.noaa.gov 2026-07-29: 403 Client Error:  for url: https://coastwatch.pfeg.noaa.gov/erddap/griddap/OSCAR_L4_OC_NRT_V2.0.nc?u%5B(2026-07-29T00:00:00Z)%5D%5B(0.0)%5D%5B(22.15):1:(27.47)%5D%5B(-83.16):1:(-76.14)%5D,v%5B(2026-07-29T00:00:00Z)%5D%5B(0.0)%5D%5B(22.15):1:(27.47)%5D%5B(-83.16):1:(-76.14)%5D
  Trying OSCAR_L4_OC_NRT_V2.0 @ upwell.pfeg.noaa.gov 2026-07-29 ...
  OSCAR_L4_OC_NRT_V2.0 @ upwell.pfeg.noaa.gov 2026-07-29: HTTPSConnectionPool(host='upwell.pfeg.noaa.gov', port=443): Max retries exceeded with url: /erddap/griddap/OSCAR_L4_OC_NRT_V2.0.nc?u%5B(2026-07-29T00:00:00Z)%5D%5B(0.0)%5D%5B(22.15):1:(27.47)%5D%5B(-83.16):1:(-76.14)%5D,v%5B(2026-07-29T00:00:00Z)%5D%5B(0.0)%5D%5B(22.15):1:(27.47)%5D%5B(-83.16):1:(-76.14)%5D (Caused by NewConnectionError("HTTPSConnection(host='upwell.pfeg.noaa.gov', port=443): Failed to establish a new connection: [Errno 111] Connection refused"))
  Trying OSCAR_L4_OC_NRT_V2.0 @ coastwatch.pfeg.noaa.gov 2026-07-28 ...
  OSCAR_L4_OC_NRT_V2.0 @ coastwatch.pfeg.noaa.gov 2026-07-28: 403 Client Error:  for url: https://coastwatch.pfeg.noaa.gov/erddap/griddap/OSCAR_L4_OC_NRT_V2.0.nc?u%5B(2026-07-28T00:00:00Z)%5D%5B(0.0)%5D%5B(22.15):1:(27.47)%5D%5B(-83.16):1:(-76.14)%5D,v%5B(2026-07-28T00:00:00Z)%5D%5B(0.0)%5D%5B(22.15):1:(27.47)%5D%5B(-83.16):1:(-76.14)%5D
  Trying OSCAR_L4_OC_NRT_V2.0 @ upwell.pfeg.noaa.gov 2026-07-28 ...
  OSCAR_L4_OC_NRT_V2.0 @ upwell.pfeg.noaa.gov 2026-07-28: HTTPSConnectionPool(host='upwell.pfeg.noaa.gov', port=443): Max retries exceeded with url: /erddap/griddap/OSCAR_L4_OC_NRT_V2.0.nc?u%5B(2026-07-28T00:00:00Z)%5D%5B(0.0)%5D%5B(22.15):1:(27.47)%5D%5B(-83.16):1:(-76.14)%5D,v%5B(2026-07-28T00:00:00Z)%5D%5B(0.0)%5D%5B(22.15):1:(27.47)%5D%5B(-83.16):1:(-76.14)%5D (Caused by NewConnectionError("HTTPSConnection(host='upwell.pfeg.noaa.gov', port=443): Failed to establish a new connection: [Errno 111] Connection refused"))
  Trying OSCAR_L4_OC_NRT_V2.0 @ coastwatch.pfeg.noaa.gov 2026-07-27 ...
  OSCAR_L4_OC_NRT_V2.0 @ coastwatch.pfeg.noaa.gov 2026-07-27: 403 Client Error:  for url: https://coastwatch.pfeg.noaa.gov/erddap/griddap/OSCAR_L4_OC_NRT_V2.0.nc?u%5B(2026-07-27T00:00:00Z)%5D%5B(0.0)%5D%5B(22.15):1:(27.47)%5D%5B(-83.16):1:(-76.14)%5D,v%5B(2026-07-27T00:00:00Z)%5D%5B(0.0)%5D%5B(22.15):1:(27.47)%5D%5B(-83.16):1:(-76.14)%5D
  Trying OSCAR_L4_OC_NRT_V2.0 @ upwell.pfeg.noaa.gov 2026-07-27 ...
  OSCAR_L4_OC_NRT_V2.0 @ upwell.pfeg.noaa.gov 2026-07-27: HTTPSConnectionPool(host='upwell.pfeg.noaa.gov', port=443): Max retries exceeded with url: /erddap/griddap/OSCAR_L4_OC_NRT_V2.0.nc?u%5B(2026-07-27T00:00:00Z)%5D%5B(0.0)%5D%5B(22.15):1:(27.47)%5D%5B(-83.16):1:(-76.14)%5D,v%5B(2026-07-27T00:00:00Z)%5D%5B(0.0)%5D%5B(22.15):1:(27.47)%5D%5B(-83.16):1:(-76.14)%5D (Caused by NewConnectionError("HTTPSConnection(host='upwell.pfeg.noaa.gov', port=443): Failed to establish a new connection: [Errno 111] Connection refused"))
  Trying jplOscarV2NRT5day @ coastwatch.pfeg.noaa.gov 2026-08-01 ...
  jplOscarV2NRT5day @ coastwatch.pfeg.noaa.gov 2026-08-01: 403 Client Error:  for url: https://coastwatch.pfeg.noaa.gov/erddap/griddap/jplOscarV2NRT5day.nc?u%5B(2026-08-01T00:00:00Z)%5D%5B(0.0)%5D%5B(22.15):1:(27.47)%5D%5B(-83.16):1:(-76.14)%5D,v%5B(2026-08-01T00:00:00Z)%5D%5B(0.0)%5D%5B(22.15):1:(27.47)%5D%5B(-83.16):1:(-76.14)%5D
  Trying jplOscarV2NRT5day @ upwell.pfeg.noaa.gov 2026-08-01 ...
  jplOscarV2NRT5day @ upwell.pfeg.noaa.gov 2026-08-01: HTTPSConnectionPool(host='upwell.pfeg.noaa.gov', port=443): Max retries exceeded with url: /erddap/griddap/jplOscarV2NRT5day.nc?u%5B(2026-08-01T00:00:00Z)%5D%5B(0.0)%5D%5B(22.15):1:(27.47)%5D%5B(-83.16):1:(-76.14)%5D,v%5B(2026-08-01T00:00:00Z)%5D%5B(0.0)%5D%5B(22.15):1:(27.47)%5D%5B(-83.16):1:(-76.14)%5D (Caused by NewConnectionError("HTTPSConnection(host='upwell.pfeg.noaa.gov', port=443): Failed to establish a new connection: [Errno 111] Connection refused"))
  Trying jplOscarV2NRT5day @ coastwatch.pfeg.noaa.gov 2026-07-31 ...
  jplOscarV2NRT5day @ coastwatch.pfeg.noaa.gov 2026-07-31: 403 Client Error:  for url: https://coastwatch.pfeg.noaa.gov/erddap/griddap/jplOscarV2NRT5day.nc?u%5B(2026-07-31T00:00:00Z)%5D%5B(0.0)%5D%5B(22.15):1:(27.47)%5D%5B(-83.16):1:(-76.14)%5D,v%5B(2026-07-31T00:00:00Z)%5D%5B(0.0)%5D%5B(22.15):1:(27.47)%5D%5B(-83.16):1:(-76.14)%5D
  Trying jplOscarV2NRT5day @ upwell.pfeg.noaa.gov 2026-07-31 ...
  jplOscarV2NRT5day @ upwell.pfeg.noaa.gov 2026-07-31: HTTPSConnectionPool(host='upwell.pfeg.noaa.gov', port=443): Max retries exceeded with url: /erddap/griddap/jplOscarV2NRT5day.nc?u%5B(2026-07-31T00:00:00Z)%5D%5B(0.0)%5D%5B(22.15):1:(27.47)%5D%5B(-83.16):1:(-76.14)%5D,v%5B(2026-07-31T00:00:00Z)%5D%5B(0.0)%5D%5B(22.15):1:(27.47)%5D%5B(-83.16):1:(-76.14)%5D (Caused by NewConnectionError("HTTPSConnection(host='upwell.pfeg.noaa.gov', port=443): Failed to establish a new connection: [Errno 111] Connection refused"))
  Trying jplOscarV2NRT5day @ coastwatch.pfeg.noaa.gov 2026-07-30 ...
  jplOscarV2NRT5day @ coastwatch.pfeg.noaa.gov 2026-07-30: 403 Client Error:  for url: https://coastwatch.pfeg.noaa.gov/erddap/griddap/jplOscarV2NRT5day.nc?u%5B(2026-07-30T00:00:00Z)%5D%5B(0.0)%5D%5B(22.15):1:(27.47)%5D%5B(-83.16):1:(-76.14)%5D,v%5B(2026-07-30T00:00:00Z)%5D%5B(0.0)%5D%5B(22.15):1:(27.47)%5D%5B(-83.16):1:(-76.14)%5D
  Trying jplOscarV2NRT5day @ upwell.pfeg.noaa.gov 2026-07-30 ...
  jplOscarV2NRT5day @ upwell.pfeg.noaa.gov 2026-07-30: HTTPSConnectionPool(host='upwell.pfeg.noaa.gov', port=443): Max retries exceeded with url: /erddap/griddap/jplOscarV2NRT5day.nc?u%5B(2026-07-30T00:00:00Z)%5D%5B(0.0)%5D%5B(22.15):1:(27.47)%5D%5B(-83.16):1:(-76.14)%5D,v%5B(2026-07-30T00:00:00Z)%5D%5B(0.0)%5D%5B(22.15):1:(27.47)%5D%5B(-83.16):1:(-76.14)%5D (Caused by NewConnectionError("HTTPSConnection(host='upwell.pfeg.noaa.gov', port=443): Failed to establish a new connection: [Errno 111] Connection refused"))
  Trying jplOscarV2NRT5day @ coastwatch.pfeg.noaa.gov 2026-07-29 ...
  jplOscarV2NRT5day @ coastwatch.pfeg.noaa.gov 2026-07-29: 403 Client Error:  for url: https://coastwatch.pfeg.noaa.gov/erddap/griddap/jplOscarV2NRT5day.nc?u%5B(2026-07-29T00:00:00Z)%5D%5B(0.0)%5D%5B(22.15):1:(27.47)%5D%5B(-83.16):1:(-76.14)%5D,v%5B(2026-07-29T00:00:00Z)%5D%5B(0.0)%5D%5B(22.15):1:(27.47)%5D%5B(-83.16):1:(-76.14)%5D
  Trying jplOscarV2NRT5day @ upwell.pfeg.noaa.gov 2026-07-29 ...
  jplOscarV2NRT5day @ upwell.pfeg.noaa.gov 2026-07-29: HTTPSConnectionPool(host='upwell.pfeg.noaa.gov', port=443): Max retries exceeded with url: /erddap/griddap/jplOscarV2NRT5day.nc?u%5B(2026-07-29T00:00:00Z)%5D%5B(0.0)%5D%5B(22.15):1:(27.47)%5D%5B(-83.16):1:(-76.14)%5D,v%5B(2026-07-29T00:00:00Z)%5D%5B(0.0)%5D%5B(22.15):1:(27.47)%5D%5B(-83.16):1:(-76.14)%5D (Caused by NewConnectionError("HTTPSConnection(host='upwell.pfeg.noaa.gov', port=443): Failed to establish a new connection: [Errno 111] Connection refused"))
  Trying jplOscarV2NRT5day @ coastwatch.pfeg.noaa.gov 2026-07-28 ...
  jplOscarV2NRT5day @ coastwatch.pfeg.noaa.gov 2026-07-28: 403 Client Error:  for url: https://coastwatch.pfeg.noaa.gov/erddap/griddap/jplOscarV2NRT5day.nc?u%5B(2026-07-28T00:00:00Z)%5D%5B(0.0)%5D%5B(22.15):1:(27.47)%5D%5B(-83.16):1:(-76.14)%5D,v%5B(2026-07-28T00:00:00Z)%5D%5B(0.0)%5D%5B(22.15):1:(27.47)%5D%5B(-83.16):1:(-76.14)%5D
  Trying jplOscarV2NRT5day @ upwell.pfeg.noaa.gov 2026-07-28 ...
  jplOscarV2NRT5day @ upwell.pfeg.noaa.gov 2026-07-28: HTTPSConnectionPool(host='upwell.pfeg.noaa.gov', port=443): Max retries exceeded with url: /erddap/griddap/jplOscarV2NRT5day.nc?u%5B(2026-07-28T00:00:00Z)%5D%5B(0.0)%5D%5B(22.15):1:(27.47)%5D%5B(-83.16):1:(-76.14)%5D,v%5B(2026-07-28T00:00:00Z)%5D%5B(0.0)%5D%5B(22.15):1:(27.47)%5D%5B(-83.16):1:(-76.14)%5D (Caused by NewConnectionError("HTTPSConnection(host='upwell.pfeg.noaa.gov', port=443): Failed to establish a new connection: [Errno 111] Connection refused"))
  Trying jplOscarV2NRT5day @ coastwatch.pfeg.noaa.gov 2026-07-27 ...
  jplOscarV2NRT5day @ coastwatch.pfeg.noaa.gov 2026-07-27: 403 Client Error:  for url: https://coastwatch.pfeg.noaa.gov/erddap/griddap/jplOscarV2NRT5day.nc?u%5B(2026-07-27T00:00:00Z)%5D%5B(0.0)%5D%5B(22.15):1:(27.47)%5D%5B(-83.16):1:(-76.14)%5D,v%5B(2026-07-27T00:00:00Z)%5D%5B(0.0)%5D%5B(22.15):1:(27.47)%5D%5B(-83.16):1:(-76.14)%5D
  Trying jplOscarV2NRT5day @ upwell.pfeg.noaa.gov 2026-07-27 ...
  jplOscarV2NRT5day @ upwell.pfeg.noaa.gov 2026-07-27: HTTPSConnectionPool(host='upwell.pfeg.noaa.gov', port=443): Max retries exceeded with url: /erddap/griddap/jplOscarV2NRT5day.nc?u%5B(2026-07-27T00:00:00Z)%5D%5B(0.0)%5D%5B(22.15):1:(27.47)%5D%5B(-83.16):1:(-76.14)%5D,v%5B(2026-07-27T00:00:00Z)%5D%5B(0.0)%5D%5B(22.15):1:(27.47)%5D%5B(-83.16):1:(-76.14)%5D (Caused by NewConnectionError("HTTPSConnection(host='upwell.pfeg.noaa.gov', port=443): Failed to establish a new connection: [Errno 111] Connection refused"))
  Trying jplOscar1day @ coastwatch.pfeg.noaa.gov 2026-08-01 ...
  jplOscar1day @ coastwatch.pfeg.noaa.gov 2026-08-01: 403 Client Error:  for url: https://coastwatch.pfeg.noaa.gov/erddap/griddap/jplOscar1day.nc?u%5B(2026-08-01T00:00:00Z)%5D%5B(0.0)%5D%5B(22.15):1:(27.47)%5D%5B(-83.16):1:(-76.14)%5D,v%5B(2026-08-01T00:00:00Z)%5D%5B(0.0)%5D%5B(22.15):1:(27.47)%5D%5B(-83.16):1:(-76.14)%5D
  Trying jplOscar1day @ upwell.pfeg.noaa.gov 2026-08-01 ...
  jplOscar1day @ upwell.pfeg.noaa.gov 2026-08-01: HTTPSConnectionPool(host='upwell.pfeg.noaa.gov', port=443): Max retries exceeded with url: /erddap/griddap/jplOscar1day.nc?u%5B(2026-08-01T00:00:00Z)%5D%5B(0.0)%5D%5B(22.15):1:(27.47)%5D%5B(-83.16):1:(-76.14)%5D,v%5B(2026-08-01T00:00:00Z)%5D%5B(0.0)%5D%5B(22.15):1:(27.47)%5D%5B(-83.16):1:(-76.14)%5D (Caused by NewConnectionError("HTTPSConnection(host='upwell.pfeg.noaa.gov', port=443): Failed to establish a new connection: [Errno 111] Connection refused"))
  Trying jplOscar1day @ coastwatch.pfeg.noaa.gov 2026-07-31 ...
  jplOscar1day @ coastwatch.pfeg.noaa.gov 2026-07-31: 403 Client Error:  for url: https://coastwatch.pfeg.noaa.gov/erddap/griddap/jplOscar1day.nc?u%5B(2026-07-31T00:00:00Z)%5D%5B(0.0)%5D%5B(22.15):1:(27.47)%5D%5B(-83.16):1:(-76.14)%5D,v%5B(2026-07-31T00:00:00Z)%5D%5B(0.0)%5D%5B(22.15):1:(27.47)%5D%5B(-83.16):1:(-76.14)%5D
  Trying jplOscar1day @ upwell.pfeg.noaa.gov 2026-07-31 ...
  jplOscar1day @ upwell.pfeg.noaa.gov 2026-07-31: HTTPSConnectionPool(host='upwell.pfeg.noaa.gov', port=443): Max retries exceeded with url: /erddap/griddap/jplOscar1day.nc?u%5B(2026-07-31T00:00:00Z)%5D%5B(0.0)%5D%5B(22.15):1:(27.47)%5D%5B(-83.16):1:(-76.14)%5D,v%5B(2026-07-31T00:00:00Z)%5D%5B(0.0)%5D%5B(22.15):1:(27.47)%5D%5B(-83.16):1:(-76.14)%5D (Caused by NewConnectionError("HTTPSConnection(host='upwell.pfeg.noaa.gov', port=443): Failed to establish a new connection: [Errno 111] Connection refused"))
  Trying jplOscar1day @ coastwatch.pfeg.noaa.gov 2026-07-30 ...
  jplOscar1day @ coastwatch.pfeg.noaa.gov 2026-07-30: 403 Client Error:  for url: https://coastwatch.pfeg.noaa.gov/erddap/griddap/jplOscar1day.nc?u%5B(2026-07-30T00:00:00Z)%5D%5B(0.0)%5D%5B(22.15):1:(27.47)%5D%5B(-83.16):1:(-76.14)%5D,v%5B(2026-07-30T00:00:00Z)%5D%5B(0.0)%5D%5B(22.15):1:(27.47)%5D%5B(-83.16):1:(-76.14)%5D
  Trying jplOscar1day @ upwell.pfeg.noaa.gov 2026-07-30 ...
  jplOscar1day @ upwell.pfeg.noaa.gov 2026-07-30: HTTPSConnectionPool(host='upwell.pfeg.noaa.gov', port=443): Max retries exceeded with url: /erddap/griddap/jplOscar1day.nc?u%5B(2026-07-30T00:00:00Z)%5D%5B(0.0)%5D%5B(22.15):1:(27.47)%5D%5B(-83.16):1:(-76.14)%5D,v%5B(2026-07-30T00:00:00Z)%5D%5B(0.0)%5D%5B(22.15):1:(27.47)%5D%5B(-83.16):1:(-76.14)%5D (Caused by NewConnectionError("HTTPSConnection(host='upwell.pfeg.noaa.gov', port=443): Failed to establish a new connection: [Errno 111] Connection refused"))
  Trying jplOscar1day @ coastwatch.pfeg.noaa.gov 2026-07-29 ...
  jplOscar1day @ coastwatch.pfeg.noaa.gov 2026-07-29: 403 Client Error:  for url: https://coastwatch.pfeg.noaa.gov/erddap/griddap/jplOscar1day.nc?u%5B(2026-07-29T00:00:00Z)%5D%5B(0.0)%5D%5B(22.15):1:(27.47)%5D%5B(-83.16):1:(-76.14)%5D,v%5B(2026-07-29T00:00:00Z)%5D%5B(0.0)%5D%5B(22.15):1:(27.47)%5D%5B(-83.16):1:(-76.14)%5D
  Trying jplOscar1day @ upwell.pfeg.noaa.gov 2026-07-29 ...
  jplOscar1day @ upwell.pfeg.noaa.gov 2026-07-29: HTTPSConnectionPool(host='upwell.pfeg.noaa.gov', port=443): Max retries exceeded with url: /erddap/griddap/jplOscar1day.nc?u%5B(2026-07-29T00:00:00Z)%5D%5B(0.0)%5D%5B(22.15):1:(27.47)%5D%5B(-83.16):1:(-76.14)%5D,v%5B(2026-07-29T00:00:00Z)%5D%5B(0.0)%5D%5B(22.15):1:(27.47)%5D%5B(-83.16):1:(-76.14)%5D (Caused by NewConnectionError("HTTPSConnection(host='upwell.pfeg.noaa.gov', port=443): Failed to establish a new connection: [Errno 111] Connection refused"))
  Trying jplOscar1day @ coastwatch.pfeg.noaa.gov 2026-07-28 ...
  jplOscar1day @ coastwatch.pfeg.noaa.gov 2026-07-28: 403 Client Error:  for url: https://coastwatch.pfeg.noaa.gov/erddap/griddap/jplOscar1day.nc?u%5B(2026-07-28T00:00:00Z)%5D%5B(0.0)%5D%5B(22.15):1:(27.47)%5D%5B(-83.16):1:(-76.14)%5D,v%5B(2026-07-28T00:00:00Z)%5D%5B(0.0)%5D%5B(22.15):1:(27.47)%5D%5B(-83.16):1:(-76.14)%5D
  Trying jplOscar1day @ upwell.pfeg.noaa.gov 2026-07-28 ...
  jplOscar1day @ upwell.pfeg.noaa.gov 2026-07-28: HTTPSConnectionPool(host='upwell.pfeg.noaa.gov', port=443): Max retries exceeded with url: /erddap/griddap/jplOscar1day.nc?u%5B(2026-07-28T00:00:00Z)%5D%5B(0.0)%5D%5B(22.15):1:(27.47)%5D%5B(-83.16):1:(-76.14)%5D,v%5B(2026-07-28T00:00:00Z)%5D%5B(0.0)%5D%5B(22.15):1:(27.47)%5D%5B(-83.16):1:(-76.14)%5D (Caused by NewConnectionError("HTTPSConnection(host='upwell.pfeg.noaa.gov', port=443): Failed to establish a new connection: [Errno 111] Connection refused"))
  Trying jplOscar1day @ coastwatch.pfeg.noaa.gov 2026-07-27 ...
  jplOscar1day @ coastwatch.pfeg.noaa.gov 2026-07-27: 403 Client Error:  for url: https://coastwatch.pfeg.noaa.gov/erddap/griddap/jplOscar1day.nc?u%5B(2026-07-27T00:00:00Z)%5D%5B(0.0)%5D%5B(22.15):1:(27.47)%5D%5B(-83.16):1:(-76.14)%5D,v%5B(2026-07-27T00:00:00Z)%5D%5B(0.0)%5D%5B(22.15):1:(27.47)%5D%5B(-83.16):1:(-76.14)%5D
  Trying jplOscar1day @ upwell.pfeg.noaa.gov 2026-07-27 ...
  jplOscar1day @ upwell.pfeg.noaa.gov 2026-07-27: HTTPSConnectionPool(host='upwell.pfeg.noaa.gov', port=443): Max retries exceeded with url: /erddap/griddap/jplOscar1day.nc?u%5B(2026-07-27T00:00:00Z)%5D%5B(0.0)%5D%5B(22.15):1:(27.47)%5D%5B(-83.16):1:(-76.14)%5D,v%5B(2026-07-27T00:00:00Z)%5D%5B(0.0)%5D%5B(22.15):1:(27.47)%5D%5B(-83.16):1:(-76.14)%5D (Caused by NewConnectionError("HTTPSConnection(host='upwell.pfeg.noaa.gov', port=443): Failed to establish a new connection: [Errno 111] Connection refused"))
  Trying erdQCkm1day @ coastwatch.pfeg.noaa.gov 2026-08-01 ...
  erdQCkm1day @ coastwatch.pfeg.noaa.gov 2026-08-01: 403 Client Error:  for url: https://coastwatch.pfeg.noaa.gov/erddap/griddap/erdQCkm1day.nc?u%5B(2026-08-01T00:00:00Z)%5D%5B(0.0)%5D%5B(22.15):1:(27.47)%5D%5B(-83.16):1:(-76.14)%5D,v%5B(2026-08-01T00:00:00Z)%5D%5B(0.0)%5D%5B(22.15):1:(27.47)%5D%5B(-83.16):1:(-76.14)%5D
  Trying erdQCkm1day @ upwell.pfeg.noaa.gov 2026-08-01 ...
  erdQCkm1day @ upwell.pfeg.noaa.gov 2026-08-01: HTTPSConnectionPool(host='upwell.pfeg.noaa.gov', port=443): Max retries exceeded with url: /erddap/griddap/erdQCkm1day.nc?u%5B(2026-08-01T00:00:00Z)%5D%5B(0.0)%5D%5B(22.15):1:(27.47)%5D%5B(-83.16):1:(-76.14)%5D,v%5B(2026-08-01T00:00:00Z)%5D%5B(0.0)%5D%5B(22.15):1:(27.47)%5D%5B(-83.16):1:(-76.14)%5D (Caused by NewConnectionError("HTTPSConnection(host='upwell.pfeg.noaa.gov', port=443): Failed to establish a new connection: [Errno 111] Connection refused"))
  Trying erdQCkm1day @ coastwatch.pfeg.noaa.gov 2026-07-31 ...
  erdQCkm1day @ coastwatch.pfeg.noaa.gov 2026-07-31: 403 Client Error:  for url: https://coastwatch.pfeg.noaa.gov/erddap/griddap/erdQCkm1day.nc?u%5B(2026-07-31T00:00:00Z)%5D%5B(0.0)%5D%5B(22.15):1:(27.47)%5D%5B(-83.16):1:(-76.14)%5D,v%5B(2026-07-31T00:00:00Z)%5D%5B(0.0)%5D%5B(22.15):1:(27.47)%5D%5B(-83.16):1:(-76.14)%5D
  Trying erdQCkm1day @ upwell.pfeg.noaa.gov 2026-07-31 ...
  erdQCkm1day @ upwell.pfeg.noaa.gov 2026-07-31: HTTPSConnectionPool(host='upwell.pfeg.noaa.gov', port=443): Max retries exceeded with url: /erddap/griddap/erdQCkm1day.nc?u%5B(2026-07-31T00:00:00Z)%5D%5B(0.0)%5D%5B(22.15):1:(27.47)%5D%5B(-83.16):1:(-76.14)%5D,v%5B(2026-07-31T00:00:00Z)%5D%5B(0.0)%5D%5B(22.15):1:(27.47)%5D%5B(-83.16):1:(-76.14)%5D (Caused by NewConnectionError("HTTPSConnection(host='upwell.pfeg.noaa.gov', port=443): Failed to establish a new connection: [Errno 111] Connection refused"))
  Trying erdQCkm1day @ coastwatch.pfeg.noaa.gov 2026-07-30 ...
  erdQCkm1day @ coastwatch.pfeg.noaa.gov 2026-07-30: 403 Client Error:  for url: https://coastwatch.pfeg.noaa.gov/erddap/griddap/erdQCkm1day.nc?u%5B(2026-07-30T00:00:00Z)%5D%5B(0.0)%5D%5B(22.15):1:(27.47)%5D%5B(-83.16):1:(-76.14)%5D,v%5B(2026-07-30T00:00:00Z)%5D%5B(0.0)%5D%5B(22.15):1:(27.47)%5D%5B(-83.16):1:(-76.14)%5D
  Trying erdQCkm1day @ upwell.pfeg.noaa.gov 2026-07-30 ...
  erdQCkm1day @ upwell.pfeg.noaa.gov 2026-07-30: HTTPSConnectionPool(host='upwell.pfeg.noaa.gov', port=443): Max retries exceeded with url: /erddap/griddap/erdQCkm1day.nc?u%5B(2026-07-30T00:00:00Z)%5D%5B(0.0)%5D%5B(22.15):1:(27.47)%5D%5B(-83.16):1:(-76.14)%5D,v%5B(2026-07-30T00:00:00Z)%5D%5B(0.0)%5D%5B(22.15):1:(27.47)%5D%5B(-83.16):1:(-76.14)%5D (Caused by NewConnectionError("HTTPSConnection(host='upwell.pfeg.noaa.gov', port=443): Failed to establish a new connection: [Errno 111] Connection refused"))
  Trying erdQCkm1day @ coastwatch.pfeg.noaa.gov 2026-07-29 ...
  erdQCkm1day @ coastwatch.pfeg.noaa.gov 2026-07-29: 403 Client Error:  for url: https://coastwatch.pfeg.noaa.gov/erddap/griddap/erdQCkm1day.nc?u%5B(2026-07-29T00:00:00Z)%5D%5B(0.0)%5D%5B(22.15):1:(27.47)%5D%5B(-83.16):1:(-76.14)%5D,v%5B(2026-07-29T00:00:00Z)%5D%5B(0.0)%5D%5B(22.15):1:(27.47)%5D%5B(-83.16):1:(-76.14)%5D
  Trying erdQCkm1day @ upwell.pfeg.noaa.gov 2026-07-29 ...
  erdQCkm1day @ upwell.pfeg.noaa.gov 2026-07-29: HTTPSConnectionPool(host='upwell.pfeg.noaa.gov', port=443): Max retries exceeded with url: /erddap/griddap/erdQCkm1day.nc?u%5B(2026-07-29T00:00:00Z)%5D%5B(0.0)%5D%5B(22.15):1:(27.47)%5D%5B(-83.16):1:(-76.14)%5D,v%5B(2026-07-29T00:00:00Z)%5D%5B(0.0)%5D%5B(22.15):1:(27.47)%5D%5B(-83.16):1:(-76.14)%5D (Caused by NewConnectionError("HTTPSConnection(host='upwell.pfeg.noaa.gov', port=443): Failed to establish a new connection: [Errno 111] Connection refused"))
  Trying erdQCkm1day @ coastwatch.pfeg.noaa.gov 2026-07-28 ...
  erdQCkm1day @ coastwatch.pfeg.noaa.gov 2026-07-28: 403 Client Error:  for url: https://coastwatch.pfeg.noaa.gov/erddap/griddap/erdQCkm1day.nc?u%5B(2026-07-28T00:00:00Z)%5D%5B(0.0)%5D%5B(22.15):1:(27.47)%5D%5B(-83.16):1:(-76.14)%5D,v%5B(2026-07-28T00:00:00Z)%5D%5B(0.0)%5D%5B(22.15):1:(27.47)%5D%5B(-83.16):1:(-76.14)%5D
  Trying erdQCkm1day @ upwell.pfeg.noaa.gov 2026-07-28 ...
  erdQCkm1day @ upwell.pfeg.noaa.gov 2026-07-28: HTTPSConnectionPool(host='upwell.pfeg.noaa.gov', port=443): Max retries exceeded with url: /erddap/griddap/erdQCkm1day.nc?u%5B(2026-07-28T00:00:00Z)%5D%5B(0.0)%5D%5B(22.15):1:(27.47)%5D%5B(-83.16):1:(-76.14)%5D,v%5B(2026-07-28T00:00:00Z)%5D%5B(0.0)%5D%5B(22.15):1:(27.47)%5D%5B(-83.16):1:(-76.14)%5D (Caused by NewConnectionError("HTTPSConnection(host='upwell.pfeg.noaa.gov', port=443): Failed to establish a new connection: [Errno 111] Connection refused"))
  Trying erdQCkm1day @ coastwatch.pfeg.noaa.gov 2026-07-27 ...
  erdQCkm1day @ coastwatch.pfeg.noaa.gov 2026-07-27: 403 Client Error:  for url: https://coastwatch.pfeg.noaa.gov/erddap/griddap/erdQCkm1day.nc?u%5B(2026-07-27T00:00:00Z)%5D%5B(0.0)%5D%5B(22.15):1:(27.47)%5D%5B(-83.16):1:(-76.14)%5D,v%5B(2026-07-27T00:00:00Z)%5D%5B(0.0)%5D%5B(22.15):1:(27.47)%5D%5B(-83.16):1:(-76.14)%5D
  Trying erdQCkm1day @ upwell.pfeg.noaa.gov 2026-07-27 ...
  erdQCkm1day @ upwell.pfeg.noaa.gov 2026-07-27: HTTPSConnectionPool(host='upwell.pfeg.noaa.gov', port=443): Max retries exceeded with url: /erddap/griddap/erdQCkm1day.nc?u%5B(2026-07-27T00:00:00Z)%5D%5B(0.0)%5D%5B(22.15):1:(27.47)%5D%5B(-83.16):1:(-76.14)%5D,v%5B(2026-07-27T00:00:00Z)%5D%5B(0.0)%5D%5B(22.15):1:(27.47)%5D%5B(-83.16):1:(-76.14)%5D (Caused by NewConnectionError("HTTPSConnection(host='upwell.pfeg.noaa.gov', port=443): Failed to establish a new connection: [Errno 111] Connection refused"))
  OSCAR: all attempts failed

[CMEMS] Currents  (2026-08-01)  0.083 deg, daily
INFO - 2026-08-02T00:09:08Z - Selected dataset version: "202406"
INFO - 2026-08-02T00:09:08Z - Selected dataset part: "default"
WARNING - 2026-08-02T00:09:08Z - Some of your subset selection [0.0, 1.0] for the depth dimension exceed the dataset coordinates [0.49402499198913574, 5727.9169921875]
INFO - 2026-08-02T00:09:12Z - Total size of the download: 55.34 KB.
  CMEMS currents: 4,332 pts  0.003–1.709 m/s

[CMEMS] Altimetry  (2026-08-01)  0.125 deg, daily
INFO - 2026-08-02T00:09:15Z - Selected dataset version: "202506"
INFO - 2026-08-02T00:09:15Z - Selected dataset part: "default"
WARNING - 2026-08-02T00:09:15Z - Some of your subset selection [2026-08-01 00:00:00+00:00, 2026-08-01 23:59:59+00:00] for the time dimension exceed the dataset coordinates [2024-07-01 00:00:00+00:00, 2026-08-01 00:00:00+00:00]
INFO - 2026-08-02T00:09:19Z - Total size of the download: 50.96 KB.
  Altimetry: 2,043 pts  SLA -0.008–0.296 m
  Geostrophic currents: 2,043 pts  0.004–1.878 m/s

============================================================
  Exporting ...
    Currents JSON → DailySST/Currents/s_fl/currents_20260801.json  (442 KB)
    Currents CSV  → DailySST/Currents/s_fl/currents_20260801.csv  (4,332 rows, 265 KB)
    Altimetry CSV  → DailySST/Altimetry/s_fl/altimetry_20260801.csv  (2,043 rows, 117 KB)
    Altimetry grid → DailySST/Altimetry/s_fl/altimetry_20260801_grid.json  (32 KB)

============================================================
  Currents  (CMEMS): 4,332 pts  speed 0.003–1.709 m/s  p98=1.406 m/s
  Altimetry (CMEMS_ALT): 2,043 pts  SSH 0.032–0.939 m
============================================================

  Files → /home/runner/work/SSTv2/SSTv2/DailySST/Currents/s_fl
         → /home/runner/work/SSTv2/SSTv2/DailySST/Altimetry/s_fl
