============================================================
  Ocean Dynamics Fetcher — Currents + Altimetry
  Date      : 2026-07-09
  BBOX      : {'lat_min': 29.8, 'lat_max': 35.2, 'lon_min': -82.0, 'lon_max': -75.2}
  Output    : /home/runner/work/SSTv2/SSTv2/DailySST
============================================================

[1/3] HYCOM currents + SSH  (target: 2026-07-09)  ~1/12 deg
  HYCOM catalog found dataset: FMRC_ESPC-D-V02_uv3z
  Trying https://tds.hycom.org/thredds/ncss/FMRC_ESPC-D-V02_uv3z/runs/FMRC_ESPC-D-V02_uv3...
  HYCOM 2026-07-09 12Z failed: 400 Client Error: 400 for url: https://tds.hycom.org/thredds/ncss/FMRC_ESPC-D-V02_uv3z/runs/FMRC_ESPC-D-V02_uv3z_RUN_2026-07-09T12:00:00Z?var=water_u&var=water_v&var=surf_el&north=35.2&south=29.8&west=-82.0&east=-75.2&horizStride=1&vertCoord=0&disableLLSubset=on&disableProjSubset=on&time_start=2026-07-09T12:00:00Z&time_end=2026-07-09T12:00:00Z&accept=netcdf
  Trying https://tds.hycom.org/thredds/ncss/FMRC_ESPC-D-V02_uv3z/FMRC_ESPC-D-V02_uv3z_bes...
  HYCOM 2026-07-09 12Z failed: 400 Client Error: 400 for url: https://tds.hycom.org/thredds/ncss/FMRC_ESPC-D-V02_uv3z/FMRC_ESPC-D-V02_uv3z_best.ncd?var=water_u&var=water_v&var=surf_el&north=35.2&south=29.8&west=-82.0&east=-75.2&horizStride=1&vertCoord=0&disableLLSubset=on&disableProjSubset=on&time_start=2026-07-09T12:00:00Z&time_end=2026-07-09T12:00:00Z&accept=netcdf
  Trying https://tds.hycom.org/thredds/ncss/FMRC_ESPC-D-V02_uv3z/runs/FMRC_ESPC-D-V02_uv3...
  HYCOM 2026-07-09 00Z failed: 404 Client Error: 404 for url: https://tds.hycom.org/thredds/ncss/FMRC_ESPC-D-V02_uv3z/runs/FMRC_ESPC-D-V02_uv3z_RUN_2026-07-09T00:00:00Z?var=water_u&var=water_v&var=surf_el&north=35.2&south=29.8&west=-82.0&east=-75.2&horizStride=1&vertCoord=0&disableLLSubset=on&disableProjSubset=on&time_start=2026-07-09T00:00:00Z&time_end=2026-07-09T00:00:00Z&accept=netcdf
  Trying https://tds.hycom.org/thredds/ncss/FMRC_ESPC-D-V02_uv3z/FMRC_ESPC-D-V02_uv3z_bes...
  HYCOM 2026-07-09 00Z failed: 400 Client Error: 400 for url: https://tds.hycom.org/thredds/ncss/FMRC_ESPC-D-V02_uv3z/FMRC_ESPC-D-V02_uv3z_best.ncd?var=water_u&var=water_v&var=surf_el&north=35.2&south=29.8&west=-82.0&east=-75.2&horizStride=1&vertCoord=0&disableLLSubset=on&disableProjSubset=on&time_start=2026-07-09T00:00:00Z&time_end=2026-07-09T00:00:00Z&accept=netcdf
  Trying https://tds.hycom.org/thredds/ncss/FMRC_ESPC-D-V02_uv3z/runs/FMRC_ESPC-D-V02_uv3...
  HYCOM 2026-07-08 12Z failed: 400 Client Error: 400 for url: https://tds.hycom.org/thredds/ncss/FMRC_ESPC-D-V02_uv3z/runs/FMRC_ESPC-D-V02_uv3z_RUN_2026-07-08T12:00:00Z?var=water_u&var=water_v&var=surf_el&north=35.2&south=29.8&west=-82.0&east=-75.2&horizStride=1&vertCoord=0&disableLLSubset=on&disableProjSubset=on&time_start=2026-07-08T12:00:00Z&time_end=2026-07-08T12:00:00Z&accept=netcdf
  Trying https://tds.hycom.org/thredds/ncss/FMRC_ESPC-D-V02_uv3z/FMRC_ESPC-D-V02_uv3z_bes...
  HYCOM 2026-07-08 12Z failed: 400 Client Error: 400 for url: https://tds.hycom.org/thredds/ncss/FMRC_ESPC-D-V02_uv3z/FMRC_ESPC-D-V02_uv3z_best.ncd?var=water_u&var=water_v&var=surf_el&north=35.2&south=29.8&west=-82.0&east=-75.2&horizStride=1&vertCoord=0&disableLLSubset=on&disableProjSubset=on&time_start=2026-07-08T12:00:00Z&time_end=2026-07-08T12:00:00Z&accept=netcdf
  Trying https://tds.hycom.org/thredds/ncss/FMRC_ESPC-D-V02_uv3z/runs/FMRC_ESPC-D-V02_uv3...
  HYCOM 2026-07-08 00Z failed: 404 Client Error: 404 for url: https://tds.hycom.org/thredds/ncss/FMRC_ESPC-D-V02_uv3z/runs/FMRC_ESPC-D-V02_uv3z_RUN_2026-07-08T00:00:00Z?var=water_u&var=water_v&var=surf_el&north=35.2&south=29.8&west=-82.0&east=-75.2&horizStride=1&vertCoord=0&disableLLSubset=on&disableProjSubset=on&time_start=2026-07-08T00:00:00Z&time_end=2026-07-08T00:00:00Z&accept=netcdf
  Trying https://tds.hycom.org/thredds/ncss/FMRC_ESPC-D-V02_uv3z/FMRC_ESPC-D-V02_uv3z_bes...
  HYCOM 2026-07-08 00Z failed: 400 Client Error: 400 for url: https://tds.hycom.org/thredds/ncss/FMRC_ESPC-D-V02_uv3z/FMRC_ESPC-D-V02_uv3z_best.ncd?var=water_u&var=water_v&var=surf_el&north=35.2&south=29.8&west=-82.0&east=-75.2&horizStride=1&vertCoord=0&disableLLSubset=on&disableProjSubset=on&time_start=2026-07-08T00:00:00Z&time_end=2026-07-08T00:00:00Z&accept=netcdf
  Trying https://tds.hycom.org/thredds/ncss/FMRC_ESPC-D-V02_uv3z/runs/FMRC_ESPC-D-V02_uv3...
  HYCOM 2026-07-07 12Z failed: 400 Client Error: 400 for url: https://tds.hycom.org/thredds/ncss/FMRC_ESPC-D-V02_uv3z/runs/FMRC_ESPC-D-V02_uv3z_RUN_2026-07-07T12:00:00Z?var=water_u&var=water_v&var=surf_el&north=35.2&south=29.8&west=-82.0&east=-75.2&horizStride=1&vertCoord=0&disableLLSubset=on&disableProjSubset=on&time_start=2026-07-07T12:00:00Z&time_end=2026-07-07T12:00:00Z&accept=netcdf
  Trying https://tds.hycom.org/thredds/ncss/FMRC_ESPC-D-V02_uv3z/FMRC_ESPC-D-V02_uv3z_bes...
  HYCOM 2026-07-07 12Z failed: 400 Client Error: 400 for url: https://tds.hycom.org/thredds/ncss/FMRC_ESPC-D-V02_uv3z/FMRC_ESPC-D-V02_uv3z_best.ncd?var=water_u&var=water_v&var=surf_el&north=35.2&south=29.8&west=-82.0&east=-75.2&horizStride=1&vertCoord=0&disableLLSubset=on&disableProjSubset=on&time_start=2026-07-07T12:00:00Z&time_end=2026-07-07T12:00:00Z&accept=netcdf
  Trying https://tds.hycom.org/thredds/ncss/FMRC_ESPC-D-V02_uv3z/runs/FMRC_ESPC-D-V02_uv3...
  HYCOM 2026-07-07 00Z failed: 404 Client Error: 404 for url: https://tds.hycom.org/thredds/ncss/FMRC_ESPC-D-V02_uv3z/runs/FMRC_ESPC-D-V02_uv3z_RUN_2026-07-07T00:00:00Z?var=water_u&var=water_v&var=surf_el&north=35.2&south=29.8&west=-82.0&east=-75.2&horizStride=1&vertCoord=0&disableLLSubset=on&disableProjSubset=on&time_start=2026-07-07T00:00:00Z&time_end=2026-07-07T00:00:00Z&accept=netcdf
  Trying https://tds.hycom.org/thredds/ncss/FMRC_ESPC-D-V02_uv3z/FMRC_ESPC-D-V02_uv3z_bes...
  HYCOM 2026-07-07 00Z failed: 400 Client Error: 400 for url: https://tds.hycom.org/thredds/ncss/FMRC_ESPC-D-V02_uv3z/FMRC_ESPC-D-V02_uv3z_best.ncd?var=water_u&var=water_v&var=surf_el&north=35.2&south=29.8&west=-82.0&east=-75.2&horizStride=1&vertCoord=0&disableLLSubset=on&disableProjSubset=on&time_start=2026-07-07T00:00:00Z&time_end=2026-07-07T00:00:00Z&accept=netcdf
  Trying https://tds.hycom.org/thredds/ncss/FMRC_ESPC-D-V02_uv3z/runs/FMRC_ESPC-D-V02_uv3...
  HYCOM 2026-07-06 12Z failed: 400 Client Error: 400 for url: https://tds.hycom.org/thredds/ncss/FMRC_ESPC-D-V02_uv3z/runs/FMRC_ESPC-D-V02_uv3z_RUN_2026-07-06T12:00:00Z?var=water_u&var=water_v&var=surf_el&north=35.2&south=29.8&west=-82.0&east=-75.2&horizStride=1&vertCoord=0&disableLLSubset=on&disableProjSubset=on&time_start=2026-07-06T12:00:00Z&time_end=2026-07-06T12:00:00Z&accept=netcdf
  Trying https://tds.hycom.org/thredds/ncss/FMRC_ESPC-D-V02_uv3z/FMRC_ESPC-D-V02_uv3z_bes...
  HYCOM 2026-07-06 12Z failed: 400 Client Error: 400 for url: https://tds.hycom.org/thredds/ncss/FMRC_ESPC-D-V02_uv3z/FMRC_ESPC-D-V02_uv3z_best.ncd?var=water_u&var=water_v&var=surf_el&north=35.2&south=29.8&west=-82.0&east=-75.2&horizStride=1&vertCoord=0&disableLLSubset=on&disableProjSubset=on&time_start=2026-07-06T12:00:00Z&time_end=2026-07-06T12:00:00Z&accept=netcdf
  Trying https://tds.hycom.org/thredds/ncss/FMRC_ESPC-D-V02_uv3z/runs/FMRC_ESPC-D-V02_uv3...
  HYCOM 2026-07-06 00Z failed: 404 Client Error: 404 for url: https://tds.hycom.org/thredds/ncss/FMRC_ESPC-D-V02_uv3z/runs/FMRC_ESPC-D-V02_uv3z_RUN_2026-07-06T00:00:00Z?var=water_u&var=water_v&var=surf_el&north=35.2&south=29.8&west=-82.0&east=-75.2&horizStride=1&vertCoord=0&disableLLSubset=on&disableProjSubset=on&time_start=2026-07-06T00:00:00Z&time_end=2026-07-06T00:00:00Z&accept=netcdf
  Trying https://tds.hycom.org/thredds/ncss/FMRC_ESPC-D-V02_uv3z/FMRC_ESPC-D-V02_uv3z_bes...
  HYCOM 2026-07-06 00Z failed: 400 Client Error: 400 for url: https://tds.hycom.org/thredds/ncss/FMRC_ESPC-D-V02_uv3z/FMRC_ESPC-D-V02_uv3z_best.ncd?var=water_u&var=water_v&var=surf_el&north=35.2&south=29.8&west=-82.0&east=-75.2&horizStride=1&vertCoord=0&disableLLSubset=on&disableProjSubset=on&time_start=2026-07-06T00:00:00Z&time_end=2026-07-06T00:00:00Z&accept=netcdf
  HYCOM: all attempts failed

[2/3] OSCAR currents  (target: 2026-07-09)  1/3 deg, 5-day composite
  Trying OSCAR_L4_OC_NRT_V2.1 @ coastwatch.pfeg.noaa.gov 2026-07-09 ...
  OSCAR_L4_OC_NRT_V2.1 @ coastwatch.pfeg.noaa.gov 2026-07-09: 404 Client Error:  for url: https://coastwatch.pfeg.noaa.gov/erddap/griddap/OSCAR_L4_OC_NRT_V2.1.nc?u%5B(2026-07-09T00:00:00Z)%5D%5B(0.0)%5D%5B(29.8):1:(35.2)%5D%5B(-82.0):1:(-75.2)%5D,v%5B(2026-07-09T00:00:00Z)%5D%5B(0.0)%5D%5B(29.8):1:(35.2)%5D%5B(-82.0):1:(-75.2)%5D
  Trying OSCAR_L4_OC_NRT_V2.1 @ upwell.pfeg.noaa.gov 2026-07-09 ...
  OSCAR_L4_OC_NRT_V2.1 @ upwell.pfeg.noaa.gov 2026-07-09: HTTPSConnectionPool(host='upwell.pfeg.noaa.gov', port=443): Max retries exceeded with url: /erddap/griddap/OSCAR_L4_OC_NRT_V2.1.nc?u%5B(2026-07-09T00:00:00Z)%5D%5B(0.0)%5D%5B(29.8):1:(35.2)%5D%5B(-82.0):1:(-75.2)%5D,v%5B(2026-07-09T00:00:00Z)%5D%5B(0.0)%5D%5B(29.8):1:(35.2)%5D%5B(-82.0):1:(-75.2)%5D (Caused by ProtocolError('Connection aborted.', ConnectionResetError(104, 'Connection reset by peer')))
  Trying OSCAR_L4_OC_NRT_V2.1 @ coastwatch.pfeg.noaa.gov 2026-07-08 ...
  OSCAR_L4_OC_NRT_V2.1 @ coastwatch.pfeg.noaa.gov 2026-07-08: 404 Client Error:  for url: https://coastwatch.pfeg.noaa.gov/erddap/griddap/OSCAR_L4_OC_NRT_V2.1.nc?u%5B(2026-07-08T00:00:00Z)%5D%5B(0.0)%5D%5B(29.8):1:(35.2)%5D%5B(-82.0):1:(-75.2)%5D,v%5B(2026-07-08T00:00:00Z)%5D%5B(0.0)%5D%5B(29.8):1:(35.2)%5D%5B(-82.0):1:(-75.2)%5D
  Trying OSCAR_L4_OC_NRT_V2.1 @ upwell.pfeg.noaa.gov 2026-07-08 ...
  OSCAR_L4_OC_NRT_V2.1 @ upwell.pfeg.noaa.gov 2026-07-08: HTTPSConnectionPool(host='upwell.pfeg.noaa.gov', port=443): Max retries exceeded with url: /erddap/griddap/OSCAR_L4_OC_NRT_V2.1.nc?u%5B(2026-07-08T00:00:00Z)%5D%5B(0.0)%5D%5B(29.8):1:(35.2)%5D%5B(-82.0):1:(-75.2)%5D,v%5B(2026-07-08T00:00:00Z)%5D%5B(0.0)%5D%5B(29.8):1:(35.2)%5D%5B(-82.0):1:(-75.2)%5D (Caused by ConnectTimeoutError(<HTTPSConnection(host='upwell.pfeg.noaa.gov', port=443) at 0x7fbde3842650>, 'Connection to upwell.pfeg.noaa.gov timed out. (connect timeout=180)'))
  Trying OSCAR_L4_OC_NRT_V2.1 @ coastwatch.pfeg.noaa.gov 2026-07-07 ...
  OSCAR_L4_OC_NRT_V2.1 @ coastwatch.pfeg.noaa.gov 2026-07-07: 404 Client Error:  for url: https://coastwatch.pfeg.noaa.gov/erddap/griddap/OSCAR_L4_OC_NRT_V2.1.nc?u%5B(2026-07-07T00:00:00Z)%5D%5B(0.0)%5D%5B(29.8):1:(35.2)%5D%5B(-82.0):1:(-75.2)%5D,v%5B(2026-07-07T00:00:00Z)%5D%5B(0.0)%5D%5B(29.8):1:(35.2)%5D%5B(-82.0):1:(-75.2)%5D
  Trying OSCAR_L4_OC_NRT_V2.1 @ upwell.pfeg.noaa.gov 2026-07-07 ...
  OSCAR_L4_OC_NRT_V2.1 @ upwell.pfeg.noaa.gov 2026-07-07: HTTPSConnectionPool(host='upwell.pfeg.noaa.gov', port=443): Max retries exceeded with url: /erddap/griddap/OSCAR_L4_OC_NRT_V2.1.nc?u%5B(2026-07-07T00:00:00Z)%5D%5B(0.0)%5D%5B(29.8):1:(35.2)%5D%5B(-82.0):1:(-75.2)%5D,v%5B(2026-07-07T00:00:00Z)%5D%5B(0.0)%5D%5B(29.8):1:(35.2)%5D%5B(-82.0):1:(-75.2)%5D (Caused by ConnectTimeoutError(<HTTPSConnection(host='upwell.pfeg.noaa.gov', port=443) at 0x7fbde3826ed0>, 'Connection to upwell.pfeg.noaa.gov timed out. (connect timeout=180)'))
  Trying OSCAR_L4_OC_NRT_V2.1 @ coastwatch.pfeg.noaa.gov 2026-07-06 ...
  OSCAR_L4_OC_NRT_V2.1 @ coastwatch.pfeg.noaa.gov 2026-07-06: 404 Client Error:  for url: https://coastwatch.pfeg.noaa.gov/erddap/griddap/OSCAR_L4_OC_NRT_V2.1.nc?u%5B(2026-07-06T00:00:00Z)%5D%5B(0.0)%5D%5B(29.8):1:(35.2)%5D%5B(-82.0):1:(-75.2)%5D,v%5B(2026-07-06T00:00:00Z)%5D%5B(0.0)%5D%5B(29.8):1:(35.2)%5D%5B(-82.0):1:(-75.2)%5D
  Trying OSCAR_L4_OC_NRT_V2.1 @ upwell.pfeg.noaa.gov 2026-07-06 ...
  OSCAR_L4_OC_NRT_V2.1 @ upwell.pfeg.noaa.gov 2026-07-06: HTTPSConnectionPool(host='upwell.pfeg.noaa.gov', port=443): Max retries exceeded with url: /erddap/griddap/OSCAR_L4_OC_NRT_V2.1.nc?u%5B(2026-07-06T00:00:00Z)%5D%5B(0.0)%5D%5B(29.8):1:(35.2)%5D%5B(-82.0):1:(-75.2)%5D,v%5B(2026-07-06T00:00:00Z)%5D%5B(0.0)%5D%5B(29.8):1:(35.2)%5D%5B(-82.0):1:(-75.2)%5D (Caused by ConnectTimeoutError(<HTTPSConnection(host='upwell.pfeg.noaa.gov', port=443) at 0x7fbde3840450>, 'Connection to upwell.pfeg.noaa.gov timed out. (connect timeout=180)'))
  Trying OSCAR_L4_OC_NRT_V2.1 @ coastwatch.pfeg.noaa.gov 2026-07-05 ...
  OSCAR_L4_OC_NRT_V2.1 @ coastwatch.pfeg.noaa.gov 2026-07-05: 404 Client Error:  for url: https://coastwatch.pfeg.noaa.gov/erddap/griddap/OSCAR_L4_OC_NRT_V2.1.nc?u%5B(2026-07-05T00:00:00Z)%5D%5B(0.0)%5D%5B(29.8):1:(35.2)%5D%5B(-82.0):1:(-75.2)%5D,v%5B(2026-07-05T00:00:00Z)%5D%5B(0.0)%5D%5B(29.8):1:(35.2)%5D%5B(-82.0):1:(-75.2)%5D
  Trying OSCAR_L4_OC_NRT_V2.1 @ upwell.pfeg.noaa.gov 2026-07-05 ...
  OSCAR_L4_OC_NRT_V2.1 @ upwell.pfeg.noaa.gov 2026-07-05: HTTPSConnectionPool(host='upwell.pfeg.noaa.gov', port=443): Max retries exceeded with url: /erddap/griddap/OSCAR_L4_OC_NRT_V2.1.nc?u%5B(2026-07-05T00:00:00Z)%5D%5B(0.0)%5D%5B(29.8):1:(35.2)%5D%5B(-82.0):1:(-75.2)%5D,v%5B(2026-07-05T00:00:00Z)%5D%5B(0.0)%5D%5B(29.8):1:(35.2)%5D%5B(-82.0):1:(-75.2)%5D (Caused by ConnectTimeoutError(<HTTPSConnection(host='upwell.pfeg.noaa.gov', port=443) at 0x7fbde384fe50>, 'Connection to upwell.pfeg.noaa.gov timed out. (connect timeout=180)'))
  Trying OSCAR_L4_OC_NRT_V2.1 @ coastwatch.pfeg.noaa.gov 2026-07-04 ...
  OSCAR_L4_OC_NRT_V2.1 @ coastwatch.pfeg.noaa.gov 2026-07-04: 404 Client Error:  for url: https://coastwatch.pfeg.noaa.gov/erddap/griddap/OSCAR_L4_OC_NRT_V2.1.nc?u%5B(2026-07-04T00:00:00Z)%5D%5B(0.0)%5D%5B(29.8):1:(35.2)%5D%5B(-82.0):1:(-75.2)%5D,v%5B(2026-07-04T00:00:00Z)%5D%5B(0.0)%5D%5B(29.8):1:(35.2)%5D%5B(-82.0):1:(-75.2)%5D
  Trying OSCAR_L4_OC_NRT_V2.1 @ upwell.pfeg.noaa.gov 2026-07-04 ...
  OSCAR_L4_OC_NRT_V2.1 @ upwell.pfeg.noaa.gov 2026-07-04: HTTPSConnectionPool(host='upwell.pfeg.noaa.gov', port=443): Max retries exceeded with url: /erddap/griddap/OSCAR_L4_OC_NRT_V2.1.nc?u%5B(2026-07-04T00:00:00Z)%5D%5B(0.0)%5D%5B(29.8):1:(35.2)%5D%5B(-82.0):1:(-75.2)%5D,v%5B(2026-07-04T00:00:00Z)%5D%5B(0.0)%5D%5B(29.8):1:(35.2)%5D%5B(-82.0):1:(-75.2)%5D (Caused by ConnectTimeoutError(<HTTPSConnection(host='upwell.pfeg.noaa.gov', port=443) at 0x7fbde3840150>, 'Connection to upwell.pfeg.noaa.gov timed out. (connect timeout=180)'))
  Trying OSCAR_L4_OC_NRT_V2.0 @ coastwatch.pfeg.noaa.gov 2026-07-09 ...
  OSCAR_L4_OC_NRT_V2.0 @ coastwatch.pfeg.noaa.gov 2026-07-09: 404 Client Error:  for url: https://coastwatch.pfeg.noaa.gov/erddap/griddap/OSCAR_L4_OC_NRT_V2.0.nc?u%5B(2026-07-09T00:00:00Z)%5D%5B(0.0)%5D%5B(29.8):1:(35.2)%5D%5B(-82.0):1:(-75.2)%5D,v%5B(2026-07-09T00:00:00Z)%5D%5B(0.0)%5D%5B(29.8):1:(35.2)%5D%5B(-82.0):1:(-75.2)%5D
  Trying OSCAR_L4_OC_NRT_V2.0 @ upwell.pfeg.noaa.gov 2026-07-09 ...
  OSCAR_L4_OC_NRT_V2.0 @ upwell.pfeg.noaa.gov 2026-07-09: HTTPSConnectionPool(host='upwell.pfeg.noaa.gov', port=443): Max retries exceeded with url: /erddap/griddap/OSCAR_L4_OC_NRT_V2.0.nc?u%5B(2026-07-09T00:00:00Z)%5D%5B(0.0)%5D%5B(29.8):1:(35.2)%5D%5B(-82.0):1:(-75.2)%5D,v%5B(2026-07-09T00:00:00Z)%5D%5B(0.0)%5D%5B(29.8):1:(35.2)%5D%5B(-82.0):1:(-75.2)%5D (Caused by ConnectTimeoutError(<HTTPSConnection(host='upwell.pfeg.noaa.gov', port=443) at 0x7fbde3827690>, 'Connection to upwell.pfeg.noaa.gov timed out. (connect timeout=180)'))
  Trying OSCAR_L4_OC_NRT_V2.0 @ coastwatch.pfeg.noaa.gov 2026-07-08 ...
  OSCAR_L4_OC_NRT_V2.0 @ coastwatch.pfeg.noaa.gov 2026-07-08: 404 Client Error:  for url: https://coastwatch.pfeg.noaa.gov/erddap/griddap/OSCAR_L4_OC_NRT_V2.0.nc?u%5B(2026-07-08T00:00:00Z)%5D%5B(0.0)%5D%5B(29.8):1:(35.2)%5D%5B(-82.0):1:(-75.2)%5D,v%5B(2026-07-08T00:00:00Z)%5D%5B(0.0)%5D%5B(29.8):1:(35.2)%5D%5B(-82.0):1:(-75.2)%5D
  Trying OSCAR_L4_OC_NRT_V2.0 @ upwell.pfeg.noaa.gov 2026-07-08 ...
