============================================================
  Ocean Dynamics Fetcher — Currents + Altimetry
  Date      : 2026-08-31
  BBOX      : {'lat_min': 37.26, 'lat_max': 41.51, 'lon_min': -77.46, 'lon_max': -68.97}
  Output    : /home/runner/work/SSTv2/SSTv2/DailySST
============================================================

[1/3] HYCOM currents + SSH  (target: 2026-08-31)  ~1/12 deg
  HYCOM catalog found dataset: FMRC_ESPC-D-V02_uv3z
  Trying https://tds.hycom.org/thredds/ncss/FMRC_ESPC-D-V02_uv3z/runs/FMRC_ESPC-D-V02_uv3...
  HYCOM 2026-08-31 12Z failed: 404 Client Error: 404 for url: https://tds.hycom.org/thredds/ncss/FMRC_ESPC-D-V02_uv3z/runs/FMRC_ESPC-D-V02_uv3z_RUN_2026-08-31T12:00:00Z?var=water_u&var=water_v&var=surf_el&north=41.51&south=37.26&west=-77.46&east=-68.97&horizStride=1&vertCoord=0&disableLLSubset=on&disableProjSubset=on&time_start=2026-08-31T12:00:00Z&time_end=2026-08-31T12:00:00Z&accept=netcdf
  Trying https://tds.hycom.org/thredds/ncss/FMRC_ESPC-D-V02_uv3z/FMRC_ESPC-D-V02_uv3z_bes...
  HYCOM 2026-08-31 12Z failed: 400 Client Error: 400 for url: https://tds.hycom.org/thredds/ncss/FMRC_ESPC-D-V02_uv3z/FMRC_ESPC-D-V02_uv3z_best.ncd?var=water_u&var=water_v&var=surf_el&north=41.51&south=37.26&west=-77.46&east=-68.97&horizStride=1&vertCoord=0&disableLLSubset=on&disableProjSubset=on&time_start=2026-08-31T12:00:00Z&time_end=2026-08-31T12:00:00Z&accept=netcdf
  Trying https://tds.hycom.org/thredds/ncss/FMRC_ESPC-D-V02_uv3z/runs/FMRC_ESPC-D-V02_uv3...
  HYCOM 2026-08-31 00Z failed: 404 Client Error: 404 for url: https://tds.hycom.org/thredds/ncss/FMRC_ESPC-D-V02_uv3z/runs/FMRC_ESPC-D-V02_uv3z_RUN_2026-08-31T00:00:00Z?var=water_u&var=water_v&var=surf_el&north=41.51&south=37.26&west=-77.46&east=-68.97&horizStride=1&vertCoord=0&disableLLSubset=on&disableProjSubset=on&time_start=2026-08-31T00:00:00Z&time_end=2026-08-31T00:00:00Z&accept=netcdf
  Trying https://tds.hycom.org/thredds/ncss/FMRC_ESPC-D-V02_uv3z/FMRC_ESPC-D-V02_uv3z_bes...
  HYCOM 2026-08-31 00Z failed: 400 Client Error: 400 for url: https://tds.hycom.org/thredds/ncss/FMRC_ESPC-D-V02_uv3z/FMRC_ESPC-D-V02_uv3z_best.ncd?var=water_u&var=water_v&var=surf_el&north=41.51&south=37.26&west=-77.46&east=-68.97&horizStride=1&vertCoord=0&disableLLSubset=on&disableProjSubset=on&time_start=2026-08-31T00:00:00Z&time_end=2026-08-31T00:00:00Z&accept=netcdf
  Trying https://tds.hycom.org/thredds/ncss/FMRC_ESPC-D-V02_uv3z/runs/FMRC_ESPC-D-V02_uv3...
  HYCOM 2026-08-30 12Z failed: 400 Client Error: 400 for url: https://tds.hycom.org/thredds/ncss/FMRC_ESPC-D-V02_uv3z/runs/FMRC_ESPC-D-V02_uv3z_RUN_2026-08-30T12:00:00Z?var=water_u&var=water_v&var=surf_el&north=41.51&south=37.26&west=-77.46&east=-68.97&horizStride=1&vertCoord=0&disableLLSubset=on&disableProjSubset=on&time_start=2026-08-30T12:00:00Z&time_end=2026-08-30T12:00:00Z&accept=netcdf
  Trying https://tds.hycom.org/thredds/ncss/FMRC_ESPC-D-V02_uv3z/FMRC_ESPC-D-V02_uv3z_bes...
  HYCOM 2026-08-30 12Z failed: 400 Client Error: 400 for url: https://tds.hycom.org/thredds/ncss/FMRC_ESPC-D-V02_uv3z/FMRC_ESPC-D-V02_uv3z_best.ncd?var=water_u&var=water_v&var=surf_el&north=41.51&south=37.26&west=-77.46&east=-68.97&horizStride=1&vertCoord=0&disableLLSubset=on&disableProjSubset=on&time_start=2026-08-30T12:00:00Z&time_end=2026-08-30T12:00:00Z&accept=netcdf
  Trying https://tds.hycom.org/thredds/ncss/FMRC_ESPC-D-V02_uv3z/runs/FMRC_ESPC-D-V02_uv3...
  HYCOM 2026-08-30 00Z failed: 404 Client Error: 404 for url: https://tds.hycom.org/thredds/ncss/FMRC_ESPC-D-V02_uv3z/runs/FMRC_ESPC-D-V02_uv3z_RUN_2026-08-30T00:00:00Z?var=water_u&var=water_v&var=surf_el&north=41.51&south=37.26&west=-77.46&east=-68.97&horizStride=1&vertCoord=0&disableLLSubset=on&disableProjSubset=on&time_start=2026-08-30T00:00:00Z&time_end=2026-08-30T00:00:00Z&accept=netcdf
  Trying https://tds.hycom.org/thredds/ncss/FMRC_ESPC-D-V02_uv3z/FMRC_ESPC-D-V02_uv3z_bes...
  HYCOM 2026-08-30 00Z failed: 400 Client Error: 400 for url: https://tds.hycom.org/thredds/ncss/FMRC_ESPC-D-V02_uv3z/FMRC_ESPC-D-V02_uv3z_best.ncd?var=water_u&var=water_v&var=surf_el&north=41.51&south=37.26&west=-77.46&east=-68.97&horizStride=1&vertCoord=0&disableLLSubset=on&disableProjSubset=on&time_start=2026-08-30T00:00:00Z&time_end=2026-08-30T00:00:00Z&accept=netcdf
  Trying https://tds.hycom.org/thredds/ncss/FMRC_ESPC-D-V02_uv3z/runs/FMRC_ESPC-D-V02_uv3...
  HYCOM 2026-08-29 12Z failed: 400 Client Error: 400 for url: https://tds.hycom.org/thredds/ncss/FMRC_ESPC-D-V02_uv3z/runs/FMRC_ESPC-D-V02_uv3z_RUN_2026-08-29T12:00:00Z?var=water_u&var=water_v&var=surf_el&north=41.51&south=37.26&west=-77.46&east=-68.97&horizStride=1&vertCoord=0&disableLLSubset=on&disableProjSubset=on&time_start=2026-08-29T12:00:00Z&time_end=2026-08-29T12:00:00Z&accept=netcdf
  Trying https://tds.hycom.org/thredds/ncss/FMRC_ESPC-D-V02_uv3z/FMRC_ESPC-D-V02_uv3z_bes...
  HYCOM 2026-08-29 12Z failed: 400 Client Error: 400 for url: https://tds.hycom.org/thredds/ncss/FMRC_ESPC-D-V02_uv3z/FMRC_ESPC-D-V02_uv3z_best.ncd?var=water_u&var=water_v&var=surf_el&north=41.51&south=37.26&west=-77.46&east=-68.97&horizStride=1&vertCoord=0&disableLLSubset=on&disableProjSubset=on&time_start=2026-08-29T12:00:00Z&time_end=2026-08-29T12:00:00Z&accept=netcdf
  Trying https://tds.hycom.org/thredds/ncss/FMRC_ESPC-D-V02_uv3z/runs/FMRC_ESPC-D-V02_uv3...
  HYCOM 2026-08-29 00Z failed: 404 Client Error: 404 for url: https://tds.hycom.org/thredds/ncss/FMRC_ESPC-D-V02_uv3z/runs/FMRC_ESPC-D-V02_uv3z_RUN_2026-08-29T00:00:00Z?var=water_u&var=water_v&var=surf_el&north=41.51&south=37.26&west=-77.46&east=-68.97&horizStride=1&vertCoord=0&disableLLSubset=on&disableProjSubset=on&time_start=2026-08-29T00:00:00Z&time_end=2026-08-29T00:00:00Z&accept=netcdf
  Trying https://tds.hycom.org/thredds/ncss/FMRC_ESPC-D-V02_uv3z/FMRC_ESPC-D-V02_uv3z_bes...
  HYCOM 2026-08-29 00Z failed: 400 Client Error: 400 for url: https://tds.hycom.org/thredds/ncss/FMRC_ESPC-D-V02_uv3z/FMRC_ESPC-D-V02_uv3z_best.ncd?var=water_u&var=water_v&var=surf_el&north=41.51&south=37.26&west=-77.46&east=-68.97&horizStride=1&vertCoord=0&disableLLSubset=on&disableProjSubset=on&time_start=2026-08-29T00:00:00Z&time_end=2026-08-29T00:00:00Z&accept=netcdf
  Trying https://tds.hycom.org/thredds/ncss/FMRC_ESPC-D-V02_uv3z/runs/FMRC_ESPC-D-V02_uv3...
  HYCOM 2026-08-28 12Z failed: 400 Client Error: 400 for url: https://tds.hycom.org/thredds/ncss/FMRC_ESPC-D-V02_uv3z/runs/FMRC_ESPC-D-V02_uv3z_RUN_2026-08-28T12:00:00Z?var=water_u&var=water_v&var=surf_el&north=41.51&south=37.26&west=-77.46&east=-68.97&horizStride=1&vertCoord=0&disableLLSubset=on&disableProjSubset=on&time_start=2026-08-28T12:00:00Z&time_end=2026-08-28T12:00:00Z&accept=netcdf
  Trying https://tds.hycom.org/thredds/ncss/FMRC_ESPC-D-V02_uv3z/FMRC_ESPC-D-V02_uv3z_bes...
  HYCOM 2026-08-28 12Z failed: 400 Client Error: 400 for url: https://tds.hycom.org/thredds/ncss/FMRC_ESPC-D-V02_uv3z/FMRC_ESPC-D-V02_uv3z_best.ncd?var=water_u&var=water_v&var=surf_el&north=41.51&south=37.26&west=-77.46&east=-68.97&horizStride=1&vertCoord=0&disableLLSubset=on&disableProjSubset=on&time_start=2026-08-28T12:00:00Z&time_end=2026-08-28T12:00:00Z&accept=netcdf
  Trying https://tds.hycom.org/thredds/ncss/FMRC_ESPC-D-V02_uv3z/runs/FMRC_ESPC-D-V02_uv3...
  HYCOM 2026-08-28 00Z failed: 404 Client Error: 404 for url: https://tds.hycom.org/thredds/ncss/FMRC_ESPC-D-V02_uv3z/runs/FMRC_ESPC-D-V02_uv3z_RUN_2026-08-28T00:00:00Z?var=water_u&var=water_v&var=surf_el&north=41.51&south=37.26&west=-77.46&east=-68.97&horizStride=1&vertCoord=0&disableLLSubset=on&disableProjSubset=on&time_start=2026-08-28T00:00:00Z&time_end=2026-08-28T00:00:00Z&accept=netcdf
  Trying https://tds.hycom.org/thredds/ncss/FMRC_ESPC-D-V02_uv3z/FMRC_ESPC-D-V02_uv3z_bes...
  HYCOM 2026-08-28 00Z failed: 400 Client Error: 400 for url: https://tds.hycom.org/thredds/ncss/FMRC_ESPC-D-V02_uv3z/FMRC_ESPC-D-V02_uv3z_best.ncd?var=water_u&var=water_v&var=surf_el&north=41.51&south=37.26&west=-77.46&east=-68.97&horizStride=1&vertCoord=0&disableLLSubset=on&disableProjSubset=on&time_start=2026-08-28T00:00:00Z&time_end=2026-08-28T00:00:00Z&accept=netcdf
  HYCOM: all attempts failed

[2/3] OSCAR currents  (target: 2026-08-31)  1/3 deg, 5-day composite
  Trying OSCAR_L4_OC_NRT_V2.1 @ coastwatch.pfeg.noaa.gov 2026-08-31 ...
  OSCAR_L4_OC_NRT_V2.1 @ coastwatch.pfeg.noaa.gov 2026-08-31: HTTPSConnectionPool(host='coastwatch.pfeg.noaa.gov', port=443): Max retries exceeded with url: /erddap/griddap/OSCAR_L4_OC_NRT_V2.1.nc?u%5B(2026-08-31T00:00:00Z)%5D%5B(0.0)%5D%5B(37.26):1:(41.51)%5D%5B(-77.46):1:(-68.97)%5D,v%5B(2026-08-31T00:00:00Z)%5D%5B(0.0)%5D%5B(37.26):1:(41.51)%5D%5B(-77.46):1:(-68.97)%5D (Caused by NewConnectionError("HTTPSConnection(host='coastwatch.pfeg.noaa.gov', port=443): Failed to establish a new connection: [Errno 101] Network is unreachable"))
  Trying OSCAR_L4_OC_NRT_V2.1 @ upwell.pfeg.noaa.gov 2026-08-31 ...
  OSCAR_L4_OC_NRT_V2.1 @ upwell.pfeg.noaa.gov 2026-08-31: HTTPSConnectionPool(host='upwell.pfeg.noaa.gov', port=443): Max retries exceeded with url: /erddap/griddap/OSCAR_L4_OC_NRT_V2.1.nc?u%5B(2026-08-31T00:00:00Z)%5D%5B(0.0)%5D%5B(37.26):1:(41.51)%5D%5B(-77.46):1:(-68.97)%5D,v%5B(2026-08-31T00:00:00Z)%5D%5B(0.0)%5D%5B(37.26):1:(41.51)%5D%5B(-77.46):1:(-68.97)%5D (Caused by ProtocolError('Connection aborted.', ConnectionResetError(104, 'Connection reset by peer')))
  Trying OSCAR_L4_OC_NRT_V2.1 @ coastwatch.pfeg.noaa.gov 2026-08-30 ...
  OSCAR_L4_OC_NRT_V2.1 @ coastwatch.pfeg.noaa.gov 2026-08-30: HTTPSConnectionPool(host='coastwatch.pfeg.noaa.gov', port=443): Max retries exceeded with url: /erddap/griddap/OSCAR_L4_OC_NRT_V2.1.nc?u%5B(2026-08-30T00:00:00Z)%5D%5B(0.0)%5D%5B(37.26):1:(41.51)%5D%5B(-77.46):1:(-68.97)%5D,v%5B(2026-08-30T00:00:00Z)%5D%5B(0.0)%5D%5B(37.26):1:(41.51)%5D%5B(-77.46):1:(-68.97)%5D (Caused by ProtocolError('Connection aborted.', ConnectionResetError(104, 'Connection reset by peer')))
  Trying OSCAR_L4_OC_NRT_V2.1 @ upwell.pfeg.noaa.gov 2026-08-30 ...
  OSCAR_L4_OC_NRT_V2.1 @ upwell.pfeg.noaa.gov 2026-08-30: HTTPSConnectionPool(host='upwell.pfeg.noaa.gov', port=443): Max retries exceeded with url: /erddap/griddap/OSCAR_L4_OC_NRT_V2.1.nc?u%5B(2026-08-30T00:00:00Z)%5D%5B(0.0)%5D%5B(37.26):1:(41.51)%5D%5B(-77.46):1:(-68.97)%5D,v%5B(2026-08-30T00:00:00Z)%5D%5B(0.0)%5D%5B(37.26):1:(41.51)%5D%5B(-77.46):1:(-68.97)%5D (Caused by ProtocolError('Connection aborted.', ConnectionResetError(104, 'Connection reset by peer')))
  Trying OSCAR_L4_OC_NRT_V2.1 @ coastwatch.pfeg.noaa.gov 2026-08-29 ...
  OSCAR_L4_OC_NRT_V2.1 @ coastwatch.pfeg.noaa.gov 2026-08-29: HTTPSConnectionPool(host='coastwatch.pfeg.noaa.gov', port=443): Max retries exceeded with url: /erddap/griddap/OSCAR_L4_OC_NRT_V2.1.nc?u%5B(2026-08-29T00:00:00Z)%5D%5B(0.0)%5D%5B(37.26):1:(41.51)%5D%5B(-77.46):1:(-68.97)%5D,v%5B(2026-08-29T00:00:00Z)%5D%5B(0.0)%5D%5B(37.26):1:(41.51)%5D%5B(-77.46):1:(-68.97)%5D (Caused by ProtocolError('Connection aborted.', ConnectionResetError(104, 'Connection reset by peer')))
  Trying OSCAR_L4_OC_NRT_V2.1 @ upwell.pfeg.noaa.gov 2026-08-29 ...
  OSCAR_L4_OC_NRT_V2.1 @ upwell.pfeg.noaa.gov 2026-08-29: HTTPSConnectionPool(host='upwell.pfeg.noaa.gov', port=443): Max retries exceeded with url: /erddap/griddap/OSCAR_L4_OC_NRT_V2.1.nc?u%5B(2026-08-29T00:00:00Z)%5D%5B(0.0)%5D%5B(37.26):1:(41.51)%5D%5B(-77.46):1:(-68.97)%5D,v%5B(2026-08-29T00:00:00Z)%5D%5B(0.0)%5D%5B(37.26):1:(41.51)%5D%5B(-77.46):1:(-68.97)%5D (Caused by ProtocolError('Connection aborted.', ConnectionResetError(104, 'Connection reset by peer')))
  Trying OSCAR_L4_OC_NRT_V2.1 @ coastwatch.pfeg.noaa.gov 2026-08-28 ...
  OSCAR_L4_OC_NRT_V2.1 @ coastwatch.pfeg.noaa.gov 2026-08-28: HTTPSConnectionPool(host='coastwatch.pfeg.noaa.gov', port=443): Max retries exceeded with url: /erddap/griddap/OSCAR_L4_OC_NRT_V2.1.nc?u%5B(2026-08-28T00:00:00Z)%5D%5B(0.0)%5D%5B(37.26):1:(41.51)%5D%5B(-77.46):1:(-68.97)%5D,v%5B(2026-08-28T00:00:00Z)%5D%5B(0.0)%5D%5B(37.26):1:(41.51)%5D%5B(-77.46):1:(-68.97)%5D (Caused by ProtocolError('Connection aborted.', ConnectionResetError(104, 'Connection reset by peer')))
  Trying OSCAR_L4_OC_NRT_V2.1 @ upwell.pfeg.noaa.gov 2026-08-28 ...
  OSCAR_L4_OC_NRT_V2.1 @ upwell.pfeg.noaa.gov 2026-08-28: HTTPSConnectionPool(host='upwell.pfeg.noaa.gov', port=443): Max retries exceeded with url: /erddap/griddap/OSCAR_L4_OC_NRT_V2.1.nc?u%5B(2026-08-28T00:00:00Z)%5D%5B(0.0)%5D%5B(37.26):1:(41.51)%5D%5B(-77.46):1:(-68.97)%5D,v%5B(2026-08-28T00:00:00Z)%5D%5B(0.0)%5D%5B(37.26):1:(41.51)%5D%5B(-77.46):1:(-68.97)%5D (Caused by ProtocolError('Connection aborted.', ConnectionResetError(104, 'Connection reset by peer')))
  Trying OSCAR_L4_OC_NRT_V2.1 @ coastwatch.pfeg.noaa.gov 2026-08-27 ...
  OSCAR_L4_OC_NRT_V2.1 @ coastwatch.pfeg.noaa.gov 2026-08-27: HTTPSConnectionPool(host='coastwatch.pfeg.noaa.gov', port=443): Max retries exceeded with url: /erddap/griddap/OSCAR_L4_OC_NRT_V2.1.nc?u%5B(2026-08-27T00:00:00Z)%5D%5B(0.0)%5D%5B(37.26):1:(41.51)%5D%5B(-77.46):1:(-68.97)%5D,v%5B(2026-08-27T00:00:00Z)%5D%5B(0.0)%5D%5B(37.26):1:(41.51)%5D%5B(-77.46):1:(-68.97)%5D (Caused by ProtocolError('Connection aborted.', ConnectionResetError(104, 'Connection reset by peer')))
  Trying OSCAR_L4_OC_NRT_V2.1 @ upwell.pfeg.noaa.gov 2026-08-27 ...
  OSCAR_L4_OC_NRT_V2.1 @ upwell.pfeg.noaa.gov 2026-08-27: HTTPSConnectionPool(host='upwell.pfeg.noaa.gov', port=443): Max retries exceeded with url: /erddap/griddap/OSCAR_L4_OC_NRT_V2.1.nc?u%5B(2026-08-27T00:00:00Z)%5D%5B(0.0)%5D%5B(37.26):1:(41.51)%5D%5B(-77.46):1:(-68.97)%5D,v%5B(2026-08-27T00:00:00Z)%5D%5B(0.0)%5D%5B(37.26):1:(41.51)%5D%5B(-77.46):1:(-68.97)%5D (Caused by ProtocolError('Connection aborted.', ConnectionResetError(104, 'Connection reset by peer')))
  Trying OSCAR_L4_OC_NRT_V2.1 @ coastwatch.pfeg.noaa.gov 2026-08-26 ...
  OSCAR_L4_OC_NRT_V2.1 @ coastwatch.pfeg.noaa.gov 2026-08-26: HTTPSConnectionPool(host='coastwatch.pfeg.noaa.gov', port=443): Max retries exceeded with url: /erddap/griddap/OSCAR_L4_OC_NRT_V2.1.nc?u%5B(2026-08-26T00:00:00Z)%5D%5B(0.0)%5D%5B(37.26):1:(41.51)%5D%5B(-77.46):1:(-68.97)%5D,v%5B(2026-08-26T00:00:00Z)%5D%5B(0.0)%5D%5B(37.26):1:(41.51)%5D%5B(-77.46):1:(-68.97)%5D (Caused by ProtocolError('Connection aborted.', ConnectionResetError(104, 'Connection reset by peer')))
  Trying OSCAR_L4_OC_NRT_V2.1 @ upwell.pfeg.noaa.gov 2026-08-26 ...
  OSCAR_L4_OC_NRT_V2.1 @ upwell.pfeg.noaa.gov 2026-08-26: HTTPSConnectionPool(host='upwell.pfeg.noaa.gov', port=443): Max retries exceeded with url: /erddap/griddap/OSCAR_L4_OC_NRT_V2.1.nc?u%5B(2026-08-26T00:00:00Z)%5D%5B(0.0)%5D%5B(37.26):1:(41.51)%5D%5B(-77.46):1:(-68.97)%5D,v%5B(2026-08-26T00:00:00Z)%5D%5B(0.0)%5D%5B(37.26):1:(41.51)%5D%5B(-77.46):1:(-68.97)%5D (Caused by ProtocolError('Connection aborted.', ConnectionResetError(104, 'Connection reset by peer')))
  Trying OSCAR_L4_OC_NRT_V2.0 @ coastwatch.pfeg.noaa.gov 2026-08-31 ...
  OSCAR_L4_OC_NRT_V2.0 @ coastwatch.pfeg.noaa.gov 2026-08-31: HTTPSConnectionPool(host='coastwatch.pfeg.noaa.gov', port=443): Max retries exceeded with url: /erddap/griddap/OSCAR_L4_OC_NRT_V2.0.nc?u%5B(2026-08-31T00:00:00Z)%5D%5B(0.0)%5D%5B(37.26):1:(41.51)%5D%5B(-77.46):1:(-68.97)%5D,v%5B(2026-08-31T00:00:00Z)%5D%5B(0.0)%5D%5B(37.26):1:(41.51)%5D%5B(-77.46):1:(-68.97)%5D (Caused by ProtocolError('Connection aborted.', ConnectionResetError(104, 'Connection reset by peer')))
  Trying OSCAR_L4_OC_NRT_V2.0 @ upwell.pfeg.noaa.gov 2026-08-31 ...
  OSCAR_L4_OC_NRT_V2.0 @ upwell.pfeg.noaa.gov 2026-08-31: HTTPSConnectionPool(host='upwell.pfeg.noaa.gov', port=443): Max retries exceeded with url: /erddap/griddap/OSCAR_L4_OC_NRT_V2.0.nc?u%5B(2026-08-31T00:00:00Z)%5D%5B(0.0)%5D%5B(37.26):1:(41.51)%5D%5B(-77.46):1:(-68.97)%5D,v%5B(2026-08-31T00:00:00Z)%5D%5B(0.0)%5D%5B(37.26):1:(41.51)%5D%5B(-77.46):1:(-68.97)%5D (Caused by ProtocolError('Connection aborted.', ConnectionResetError(104, 'Connection reset by peer')))
  Trying OSCAR_L4_OC_NRT_V2.0 @ coastwatch.pfeg.noaa.gov 2026-08-30 ...
  OSCAR_L4_OC_NRT_V2.0 @ coastwatch.pfeg.noaa.gov 2026-08-30: HTTPSConnectionPool(host='coastwatch.pfeg.noaa.gov', port=443): Max retries exceeded with url: /erddap/griddap/OSCAR_L4_OC_NRT_V2.0.nc?u%5B(2026-08-30T00:00:00Z)%5D%5B(0.0)%5D%5B(37.26):1:(41.51)%5D%5B(-77.46):1:(-68.97)%5D,v%5B(2026-08-30T00:00:00Z)%5D%5B(0.0)%5D%5B(37.26):1:(41.51)%5D%5B(-77.46):1:(-68.97)%5D (Caused by ProtocolError('Connection aborted.', ConnectionResetError(104, 'Connection reset by peer')))
  Trying OSCAR_L4_OC_NRT_V2.0 @ upwell.pfeg.noaa.gov 2026-08-30 ...
  OSCAR_L4_OC_NRT_V2.0 @ upwell.pfeg.noaa.gov 2026-08-30: HTTPSConnectionPool(host='upwell.pfeg.noaa.gov', port=443): Max retries exceeded with url: /erddap/griddap/OSCAR_L4_OC_NRT_V2.0.nc?u%5B(2026-08-30T00:00:00Z)%5D%5B(0.0)%5D%5B(37.26):1:(41.51)%5D%5B(-77.46):1:(-68.97)%5D,v%5B(2026-08-30T00:00:00Z)%5D%5B(0.0)%5D%5B(37.26):1:(41.51)%5D%5B(-77.46):1:(-68.97)%5D (Caused by ProtocolError('Connection aborted.', ConnectionResetError(104, 'Connection reset by peer')))
  Trying OSCAR_L4_OC_NRT_V2.0 @ coastwatch.pfeg.noaa.gov 2026-08-29 ...
  OSCAR_L4_OC_NRT_V2.0 @ coastwatch.pfeg.noaa.gov 2026-08-29: HTTPSConnectionPool(host='coastwatch.pfeg.noaa.gov', port=443): Max retries exceeded with url: /erddap/griddap/OSCAR_L4_OC_NRT_V2.0.nc?u%5B(2026-08-29T00:00:00Z)%5D%5B(0.0)%5D%5B(37.26):1:(41.51)%5D%5B(-77.46):1:(-68.97)%5D,v%5B(2026-08-29T00:00:00Z)%5D%5B(0.0)%5D%5B(37.26):1:(41.51)%5D%5B(-77.46):1:(-68.97)%5D (Caused by ProtocolError('Connection aborted.', ConnectionResetError(104, 'Connection reset by peer')))
  Trying OSCAR_L4_OC_NRT_V2.0 @ upwell.pfeg.noaa.gov 2026-08-29 ...
  OSCAR_L4_OC_NRT_V2.0 @ upwell.pfeg.noaa.gov 2026-08-29: HTTPSConnectionPool(host='upwell.pfeg.noaa.gov', port=443): Max retries exceeded with url: /erddap/griddap/OSCAR_L4_OC_NRT_V2.0.nc?u%5B(2026-08-29T00:00:00Z)%5D%5B(0.0)%5D%5B(37.26):1:(41.51)%5D%5B(-77.46):1:(-68.97)%5D,v%5B(2026-08-29T00:00:00Z)%5D%5B(0.0)%5D%5B(37.26):1:(41.51)%5D%5B(-77.46):1:(-68.97)%5D (Caused by ProtocolError('Connection aborted.', ConnectionResetError(104, 'Connection reset by peer')))
  Trying OSCAR_L4_OC_NRT_V2.0 @ coastwatch.pfeg.noaa.gov 2026-08-28 ...
  OSCAR_L4_OC_NRT_V2.0 @ coastwatch.pfeg.noaa.gov 2026-08-28: HTTPSConnectionPool(host='coastwatch.pfeg.noaa.gov', port=443): Max retries exceeded with url: /erddap/griddap/OSCAR_L4_OC_NRT_V2.0.nc?u%5B(2026-08-28T00:00:00Z)%5D%5B(0.0)%5D%5B(37.26):1:(41.51)%5D%5B(-77.46):1:(-68.97)%5D,v%5B(2026-08-28T00:00:00Z)%5D%5B(0.0)%5D%5B(37.26):1:(41.51)%5D%5B(-77.46):1:(-68.97)%5D (Caused by ProtocolError('Connection aborted.', ConnectionResetError(104, 'Connection reset by peer')))
  Trying OSCAR_L4_OC_NRT_V2.0 @ upwell.pfeg.noaa.gov 2026-08-28 ...
  OSCAR_L4_OC_NRT_V2.0 @ upwell.pfeg.noaa.gov 2026-08-28: HTTPSConnectionPool(host='upwell.pfeg.noaa.gov', port=443): Max retries exceeded with url: /erddap/griddap/OSCAR_L4_OC_NRT_V2.0.nc?u%5B(2026-08-28T00:00:00Z)%5D%5B(0.0)%5D%5B(37.26):1:(41.51)%5D%5B(-77.46):1:(-68.97)%5D,v%5B(2026-08-28T00:00:00Z)%5D%5B(0.0)%5D%5B(37.26):1:(41.51)%5D%5B(-77.46):1:(-68.97)%5D (Caused by ProtocolError('Connection aborted.', ConnectionResetError(104, 'Connection reset by peer')))
  Trying OSCAR_L4_OC_NRT_V2.0 @ coastwatch.pfeg.noaa.gov 2026-08-27 ...
  OSCAR_L4_OC_NRT_V2.0 @ coastwatch.pfeg.noaa.gov 2026-08-27: HTTPSConnectionPool(host='coastwatch.pfeg.noaa.gov', port=443): Max retries exceeded with url: /erddap/griddap/OSCAR_L4_OC_NRT_V2.0.nc?u%5B(2026-08-27T00:00:00Z)%5D%5B(0.0)%5D%5B(37.26):1:(41.51)%5D%5B(-77.46):1:(-68.97)%5D,v%5B(2026-08-27T00:00:00Z)%5D%5B(0.0)%5D%5B(37.26):1:(41.51)%5D%5B(-77.46):1:(-68.97)%5D (Caused by ProtocolError('Connection aborted.', ConnectionResetError(104, 'Connection reset by peer')))
  Trying OSCAR_L4_OC_NRT_V2.0 @ upwell.pfeg.noaa.gov 2026-08-27 ...
  OSCAR_L4_OC_NRT_V2.0 @ upwell.pfeg.noaa.gov 2026-08-27: HTTPSConnectionPool(host='upwell.pfeg.noaa.gov', port=443): Max retries exceeded with url: /erddap/griddap/OSCAR_L4_OC_NRT_V2.0.nc?u%5B(2026-08-27T00:00:00Z)%5D%5B(0.0)%5D%5B(37.26):1:(41.51)%5D%5B(-77.46):1:(-68.97)%5D,v%5B(2026-08-27T00:00:00Z)%5D%5B(0.0)%5D%5B(37.26):1:(41.51)%5D%5B(-77.46):1:(-68.97)%5D (Caused by ConnectTimeoutError(<HTTPSConnection(host='upwell.pfeg.noaa.gov', port=443) at 0x7fe8ee42e190>, 'Connection to upwell.pfeg.noaa.gov timed out. (connect timeout=180)'))
  Trying OSCAR_L4_OC_NRT_V2.0 @ coastwatch.pfeg.noaa.gov 2026-08-26 ...
  OSCAR_L4_OC_NRT_V2.0 @ coastwatch.pfeg.noaa.gov 2026-08-26: HTTPSConnectionPool(host='coastwatch.pfeg.noaa.gov', port=443): Max retries exceeded with url: /erddap/griddap/OSCAR_L4_OC_NRT_V2.0.nc?u%5B(2026-08-26T00:00:00Z)%5D%5B(0.0)%5D%5B(37.26):1:(41.51)%5D%5B(-77.46):1:(-68.97)%5D,v%5B(2026-08-26T00:00:00Z)%5D%5B(0.0)%5D%5B(37.26):1:(41.51)%5D%5B(-77.46):1:(-68.97)%5D (Caused by ProtocolError('Connection aborted.', ConnectionResetError(104, 'Connection reset by peer')))
  Trying OSCAR_L4_OC_NRT_V2.0 @ upwell.pfeg.noaa.gov 2026-08-26 ...
  OSCAR_L4_OC_NRT_V2.0 @ upwell.pfeg.noaa.gov 2026-08-26: HTTPSConnectionPool(host='upwell.pfeg.noaa.gov', port=443): Max retries exceeded with url: /erddap/griddap/OSCAR_L4_OC_NRT_V2.0.nc?u%5B(2026-08-26T00:00:00Z)%5D%5B(0.0)%5D%5B(37.26):1:(41.51)%5D%5B(-77.46):1:(-68.97)%5D,v%5B(2026-08-26T00:00:00Z)%5D%5B(0.0)%5D%5B(37.26):1:(41.51)%5D%5B(-77.46):1:(-68.97)%5D (Caused by ProtocolError('Connection aborted.', ConnectionResetError(104, 'Connection reset by peer')))
  Trying jplOscarV2NRT5day @ coastwatch.pfeg.noaa.gov 2026-08-31 ...
  jplOscarV2NRT5day @ coastwatch.pfeg.noaa.gov 2026-08-31: HTTPSConnectionPool(host='coastwatch.pfeg.noaa.gov', port=443): Max retries exceeded with url: /erddap/griddap/jplOscarV2NRT5day.nc?u%5B(2026-08-31T00:00:00Z)%5D%5B(0.0)%5D%5B(37.26):1:(41.51)%5D%5B(-77.46):1:(-68.97)%5D,v%5B(2026-08-31T00:00:00Z)%5D%5B(0.0)%5D%5B(37.26):1:(41.51)%5D%5B(-77.46):1:(-68.97)%5D (Caused by ProtocolError('Connection aborted.', ConnectionResetError(104, 'Connection reset by peer')))
  Trying jplOscarV2NRT5day @ upwell.pfeg.noaa.gov 2026-08-31 ...
  jplOscarV2NRT5day @ upwell.pfeg.noaa.gov 2026-08-31: HTTPSConnectionPool(host='upwell.pfeg.noaa.gov', port=443): Max retries exceeded with url: /erddap/griddap/jplOscarV2NRT5day.nc?u%5B(2026-08-31T00:00:00Z)%5D%5B(0.0)%5D%5B(37.26):1:(41.51)%5D%5B(-77.46):1:(-68.97)%5D,v%5B(2026-08-31T00:00:00Z)%5D%5B(0.0)%5D%5B(37.26):1:(41.51)%5D%5B(-77.46):1:(-68.97)%5D (Caused by ProtocolError('Connection aborted.', ConnectionResetError(104, 'Connection reset by peer')))
  Trying jplOscarV2NRT5day @ coastwatch.pfeg.noaa.gov 2026-08-30 ...
  jplOscarV2NRT5day @ coastwatch.pfeg.noaa.gov 2026-08-30: HTTPSConnectionPool(host='coastwatch.pfeg.noaa.gov', port=443): Max retries exceeded with url: /erddap/griddap/jplOscarV2NRT5day.nc?u%5B(2026-08-30T00:00:00Z)%5D%5B(0.0)%5D%5B(37.26):1:(41.51)%5D%5B(-77.46):1:(-68.97)%5D,v%5B(2026-08-30T00:00:00Z)%5D%5B(0.0)%5D%5B(37.26):1:(41.51)%5D%5B(-77.46):1:(-68.97)%5D (Caused by ProtocolError('Connection aborted.', ConnectionResetError(104, 'Connection reset by peer')))
  Trying jplOscarV2NRT5day @ upwell.pfeg.noaa.gov 2026-08-30 ...
  jplOscarV2NRT5day @ upwell.pfeg.noaa.gov 2026-08-30: HTTPSConnectionPool(host='upwell.pfeg.noaa.gov', port=443): Max retries exceeded with url: /erddap/griddap/jplOscarV2NRT5day.nc?u%5B(2026-08-30T00:00:00Z)%5D%5B(0.0)%5D%5B(37.26):1:(41.51)%5D%5B(-77.46):1:(-68.97)%5D,v%5B(2026-08-30T00:00:00Z)%5D%5B(0.0)%5D%5B(37.26):1:(41.51)%5D%5B(-77.46):1:(-68.97)%5D (Caused by ProtocolError('Connection aborted.', ConnectionResetError(104, 'Connection reset by peer')))
  Trying jplOscarV2NRT5day @ coastwatch.pfeg.noaa.gov 2026-08-29 ...
  jplOscarV2NRT5day @ coastwatch.pfeg.noaa.gov 2026-08-29: HTTPSConnectionPool(host='coastwatch.pfeg.noaa.gov', port=443): Max retries exceeded with url: /erddap/griddap/jplOscarV2NRT5day.nc?u%5B(2026-08-29T00:00:00Z)%5D%5B(0.0)%5D%5B(37.26):1:(41.51)%5D%5B(-77.46):1:(-68.97)%5D,v%5B(2026-08-29T00:00:00Z)%5D%5B(0.0)%5D%5B(37.26):1:(41.51)%5D%5B(-77.46):1:(-68.97)%5D (Caused by ProtocolError('Connection aborted.', ConnectionResetError(104, 'Connection reset by peer')))
  Trying jplOscarV2NRT5day @ upwell.pfeg.noaa.gov 2026-08-29 ...
  jplOscarV2NRT5day @ upwell.pfeg.noaa.gov 2026-08-29: HTTPSConnectionPool(host='upwell.pfeg.noaa.gov', port=443): Max retries exceeded with url: /erddap/griddap/jplOscarV2NRT5day.nc?u%5B(2026-08-29T00:00:00Z)%5D%5B(0.0)%5D%5B(37.26):1:(41.51)%5D%5B(-77.46):1:(-68.97)%5D,v%5B(2026-08-29T00:00:00Z)%5D%5B(0.0)%5D%5B(37.26):1:(41.51)%5D%5B(-77.46):1:(-68.97)%5D (Caused by ProtocolError('Connection aborted.', ConnectionResetError(104, 'Connection reset by peer')))
  Trying jplOscarV2NRT5day @ coastwatch.pfeg.noaa.gov 2026-08-28 ...
  jplOscarV2NRT5day @ coastwatch.pfeg.noaa.gov 2026-08-28: HTTPSConnectionPool(host='coastwatch.pfeg.noaa.gov', port=443): Max retries exceeded with url: /erddap/griddap/jplOscarV2NRT5day.nc?u%5B(2026-08-28T00:00:00Z)%5D%5B(0.0)%5D%5B(37.26):1:(41.51)%5D%5B(-77.46):1:(-68.97)%5D,v%5B(2026-08-28T00:00:00Z)%5D%5B(0.0)%5D%5B(37.26):1:(41.51)%5D%5B(-77.46):1:(-68.97)%5D (Caused by ProtocolError('Connection aborted.', ConnectionResetError(104, 'Connection reset by peer')))
  Trying jplOscarV2NRT5day @ upwell.pfeg.noaa.gov 2026-08-28 ...
  jplOscarV2NRT5day @ upwell.pfeg.noaa.gov 2026-08-28: HTTPSConnectionPool(host='upwell.pfeg.noaa.gov', port=443): Max retries exceeded with url: /erddap/griddap/jplOscarV2NRT5day.nc?u%5B(2026-08-28T00:00:00Z)%5D%5B(0.0)%5D%5B(37.26):1:(41.51)%5D%5B(-77.46):1:(-68.97)%5D,v%5B(2026-08-28T00:00:00Z)%5D%5B(0.0)%5D%5B(37.26):1:(41.51)%5D%5B(-77.46):1:(-68.97)%5D (Caused by ProtocolError('Connection aborted.', ConnectionResetError(104, 'Connection reset by peer')))
  Trying jplOscarV2NRT5day @ coastwatch.pfeg.noaa.gov 2026-08-27 ...
  jplOscarV2NRT5day @ coastwatch.pfeg.noaa.gov 2026-08-27: HTTPSConnectionPool(host='coastwatch.pfeg.noaa.gov', port=443): Max retries exceeded with url: /erddap/griddap/jplOscarV2NRT5day.nc?u%5B(2026-08-27T00:00:00Z)%5D%5B(0.0)%5D%5B(37.26):1:(41.51)%5D%5B(-77.46):1:(-68.97)%5D,v%5B(2026-08-27T00:00:00Z)%5D%5B(0.0)%5D%5B(37.26):1:(41.51)%5D%5B(-77.46):1:(-68.97)%5D (Caused by ProtocolError('Connection aborted.', ConnectionResetError(104, 'Connection reset by peer')))
  Trying jplOscarV2NRT5day @ upwell.pfeg.noaa.gov 2026-08-27 ...
  jplOscarV2NRT5day @ upwell.pfeg.noaa.gov 2026-08-27: HTTPSConnectionPool(host='upwell.pfeg.noaa.gov', port=443): Max retries exceeded with url: /erddap/griddap/jplOscarV2NRT5day.nc?u%5B(2026-08-27T00:00:00Z)%5D%5B(0.0)%5D%5B(37.26):1:(41.51)%5D%5B(-77.46):1:(-68.97)%5D,v%5B(2026-08-27T00:00:00Z)%5D%5B(0.0)%5D%5B(37.26):1:(41.51)%5D%5B(-77.46):1:(-68.97)%5D (Caused by ProtocolError('Connection aborted.', ConnectionResetError(104, 'Connection reset by peer')))
  Trying jplOscarV2NRT5day @ coastwatch.pfeg.noaa.gov 2026-08-26 ...
  jplOscarV2NRT5day @ coastwatch.pfeg.noaa.gov 2026-08-26: HTTPSConnectionPool(host='coastwatch.pfeg.noaa.gov', port=443): Max retries exceeded with url: /erddap/griddap/jplOscarV2NRT5day.nc?u%5B(2026-08-26T00:00:00Z)%5D%5B(0.0)%5D%5B(37.26):1:(41.51)%5D%5B(-77.46):1:(-68.97)%5D,v%5B(2026-08-26T00:00:00Z)%5D%5B(0.0)%5D%5B(37.26):1:(41.51)%5D%5B(-77.46):1:(-68.97)%5D (Caused by ProtocolError('Connection aborted.', ConnectionResetError(104, 'Connection reset by peer')))
  Trying jplOscarV2NRT5day @ upwell.pfeg.noaa.gov 2026-08-26 ...
  jplOscarV2NRT5day @ upwell.pfeg.noaa.gov 2026-08-26: HTTPSConnectionPool(host='upwell.pfeg.noaa.gov', port=443): Max retries exceeded with url: /erddap/griddap/jplOscarV2NRT5day.nc?u%5B(2026-08-26T00:00:00Z)%5D%5B(0.0)%5D%5B(37.26):1:(41.51)%5D%5B(-77.46):1:(-68.97)%5D,v%5B(2026-08-26T00:00:00Z)%5D%5B(0.0)%5D%5B(37.26):1:(41.51)%5D%5B(-77.46):1:(-68.97)%5D (Caused by ProtocolError('Connection aborted.', ConnectionResetError(104, 'Connection reset by peer')))
  Trying jplOscar1day @ coastwatch.pfeg.noaa.gov 2026-08-31 ...
  jplOscar1day @ coastwatch.pfeg.noaa.gov 2026-08-31: HTTPSConnectionPool(host='coastwatch.pfeg.noaa.gov', port=443): Max retries exceeded with url: /erddap/griddap/jplOscar1day.nc?u%5B(2026-08-31T00:00:00Z)%5D%5B(0.0)%5D%5B(37.26):1:(41.51)%5D%5B(-77.46):1:(-68.97)%5D,v%5B(2026-08-31T00:00:00Z)%5D%5B(0.0)%5D%5B(37.26):1:(41.51)%5D%5B(-77.46):1:(-68.97)%5D (Caused by NewConnectionError("HTTPSConnection(host='coastwatch.pfeg.noaa.gov', port=443): Failed to establish a new connection: [Errno 101] Network is unreachable"))
  Trying jplOscar1day @ upwell.pfeg.noaa.gov 2026-08-31 ...
  jplOscar1day @ upwell.pfeg.noaa.gov 2026-08-31: HTTPSConnectionPool(host='upwell.pfeg.noaa.gov', port=443): Max retries exceeded with url: /erddap/griddap/jplOscar1day.nc?u%5B(2026-08-31T00:00:00Z)%5D%5B(0.0)%5D%5B(37.26):1:(41.51)%5D%5B(-77.46):1:(-68.97)%5D,v%5B(2026-08-31T00:00:00Z)%5D%5B(0.0)%5D%5B(37.26):1:(41.51)%5D%5B(-77.46):1:(-68.97)%5D (Caused by ProtocolError('Connection aborted.', ConnectionResetError(104, 'Connection reset by peer')))
  Trying jplOscar1day @ coastwatch.pfeg.noaa.gov 2026-08-30 ...
  jplOscar1day @ coastwatch.pfeg.noaa.gov 2026-08-30: HTTPSConnectionPool(host='coastwatch.pfeg.noaa.gov', port=443): Max retries exceeded with url: /erddap/griddap/jplOscar1day.nc?u%5B(2026-08-30T00:00:00Z)%5D%5B(0.0)%5D%5B(37.26):1:(41.51)%5D%5B(-77.46):1:(-68.97)%5D,v%5B(2026-08-30T00:00:00Z)%5D%5B(0.0)%5D%5B(37.26):1:(41.51)%5D%5B(-77.46):1:(-68.97)%5D (Caused by ProtocolError('Connection aborted.', ConnectionResetError(104, 'Connection reset by peer')))
  Trying jplOscar1day @ upwell.pfeg.noaa.gov 2026-08-30 ...
  jplOscar1day @ upwell.pfeg.noaa.gov 2026-08-30: HTTPSConnectionPool(host='upwell.pfeg.noaa.gov', port=443): Max retries exceeded with url: /erddap/griddap/jplOscar1day.nc?u%5B(2026-08-30T00:00:00Z)%5D%5B(0.0)%5D%5B(37.26):1:(41.51)%5D%5B(-77.46):1:(-68.97)%5D,v%5B(2026-08-30T00:00:00Z)%5D%5B(0.0)%5D%5B(37.26):1:(41.51)%5D%5B(-77.46):1:(-68.97)%5D (Caused by ProtocolError('Connection aborted.', ConnectionResetError(104, 'Connection reset by peer')))
  Trying jplOscar1day @ coastwatch.pfeg.noaa.gov 2026-08-29 ...
  jplOscar1day @ coastwatch.pfeg.noaa.gov 2026-08-29: HTTPSConnectionPool(host='coastwatch.pfeg.noaa.gov', port=443): Max retries exceeded with url: /erddap/griddap/jplOscar1day.nc?u%5B(2026-08-29T00:00:00Z)%5D%5B(0.0)%5D%5B(37.26):1:(41.51)%5D%5B(-77.46):1:(-68.97)%5D,v%5B(2026-08-29T00:00:00Z)%5D%5B(0.0)%5D%5B(37.26):1:(41.51)%5D%5B(-77.46):1:(-68.97)%5D (Caused by ProtocolError('Connection aborted.', ConnectionResetError(104, 'Connection reset by peer')))
  Trying jplOscar1day @ upwell.pfeg.noaa.gov 2026-08-29 ...
