============================================================
  Ocean Dynamics Fetcher — Currents + Altimetry
  Date      : 2026-09-17
  BBOX      : {'lat_min': 33.7, 'lat_max': 39.0, 'lon_min': -78.89, 'lon_max': -72.21}
  Output    : /home/runner/work/SSTv2/SSTv2/DailySST
============================================================

[1/3] HYCOM currents + SSH  (target: 2026-09-17)  ~1/12 deg
  HYCOM catalog found dataset: FMRC_ESPC-D-V02_uv3z
  Trying https://tds.hycom.org/thredds/ncss/FMRC_ESPC-D-V02_uv3z/runs/FMRC_ESPC-D-V02_uv3...
  HYCOM 2026-09-17 12Z failed: 400 Client Error: 400 for url: https://tds.hycom.org/thredds/ncss/FMRC_ESPC-D-V02_uv3z/runs/FMRC_ESPC-D-V02_uv3z_RUN_2026-09-17T12:00:00Z?var=water_u&var=water_v&var=surf_el&north=39.0&south=33.7&west=-78.89&east=-72.21&horizStride=1&vertCoord=0&disableLLSubset=on&disableProjSubset=on&time_start=2026-09-17T12:00:00Z&time_end=2026-09-17T12:00:00Z&accept=netcdf
  Trying https://tds.hycom.org/thredds/ncss/FMRC_ESPC-D-V02_uv3z/FMRC_ESPC-D-V02_uv3z_bes...
  HYCOM 2026-09-17 12Z failed: 400 Client Error: 400 for url: https://tds.hycom.org/thredds/ncss/FMRC_ESPC-D-V02_uv3z/FMRC_ESPC-D-V02_uv3z_best.ncd?var=water_u&var=water_v&var=surf_el&north=39.0&south=33.7&west=-78.89&east=-72.21&horizStride=1&vertCoord=0&disableLLSubset=on&disableProjSubset=on&time_start=2026-09-17T12:00:00Z&time_end=2026-09-17T12:00:00Z&accept=netcdf
  Trying https://tds.hycom.org/thredds/ncss/FMRC_ESPC-D-V02_uv3z/runs/FMRC_ESPC-D-V02_uv3...
  HYCOM 2026-09-17 00Z failed: 404 Client Error: 404 for url: https://tds.hycom.org/thredds/ncss/FMRC_ESPC-D-V02_uv3z/runs/FMRC_ESPC-D-V02_uv3z_RUN_2026-09-17T00:00:00Z?var=water_u&var=water_v&var=surf_el&north=39.0&south=33.7&west=-78.89&east=-72.21&horizStride=1&vertCoord=0&disableLLSubset=on&disableProjSubset=on&time_start=2026-09-17T00:00:00Z&time_end=2026-09-17T00:00:00Z&accept=netcdf
  Trying https://tds.hycom.org/thredds/ncss/FMRC_ESPC-D-V02_uv3z/FMRC_ESPC-D-V02_uv3z_bes...
  HYCOM 2026-09-17 00Z failed: 400 Client Error: 400 for url: https://tds.hycom.org/thredds/ncss/FMRC_ESPC-D-V02_uv3z/FMRC_ESPC-D-V02_uv3z_best.ncd?var=water_u&var=water_v&var=surf_el&north=39.0&south=33.7&west=-78.89&east=-72.21&horizStride=1&vertCoord=0&disableLLSubset=on&disableProjSubset=on&time_start=2026-09-17T00:00:00Z&time_end=2026-09-17T00:00:00Z&accept=netcdf
  Trying https://tds.hycom.org/thredds/ncss/FMRC_ESPC-D-V02_uv3z/runs/FMRC_ESPC-D-V02_uv3...
  HYCOM 2026-09-16 12Z failed: 400 Client Error: 400 for url: https://tds.hycom.org/thredds/ncss/FMRC_ESPC-D-V02_uv3z/runs/FMRC_ESPC-D-V02_uv3z_RUN_2026-09-16T12:00:00Z?var=water_u&var=water_v&var=surf_el&north=39.0&south=33.7&west=-78.89&east=-72.21&horizStride=1&vertCoord=0&disableLLSubset=on&disableProjSubset=on&time_start=2026-09-16T12:00:00Z&time_end=2026-09-16T12:00:00Z&accept=netcdf
  Trying https://tds.hycom.org/thredds/ncss/FMRC_ESPC-D-V02_uv3z/FMRC_ESPC-D-V02_uv3z_bes...
  HYCOM 2026-09-16 12Z failed: 400 Client Error: 400 for url: https://tds.hycom.org/thredds/ncss/FMRC_ESPC-D-V02_uv3z/FMRC_ESPC-D-V02_uv3z_best.ncd?var=water_u&var=water_v&var=surf_el&north=39.0&south=33.7&west=-78.89&east=-72.21&horizStride=1&vertCoord=0&disableLLSubset=on&disableProjSubset=on&time_start=2026-09-16T12:00:00Z&time_end=2026-09-16T12:00:00Z&accept=netcdf
  Trying https://tds.hycom.org/thredds/ncss/FMRC_ESPC-D-V02_uv3z/runs/FMRC_ESPC-D-V02_uv3...
  HYCOM 2026-09-16 00Z failed: 404 Client Error: 404 for url: https://tds.hycom.org/thredds/ncss/FMRC_ESPC-D-V02_uv3z/runs/FMRC_ESPC-D-V02_uv3z_RUN_2026-09-16T00:00:00Z?var=water_u&var=water_v&var=surf_el&north=39.0&south=33.7&west=-78.89&east=-72.21&horizStride=1&vertCoord=0&disableLLSubset=on&disableProjSubset=on&time_start=2026-09-16T00:00:00Z&time_end=2026-09-16T00:00:00Z&accept=netcdf
  Trying https://tds.hycom.org/thredds/ncss/FMRC_ESPC-D-V02_uv3z/FMRC_ESPC-D-V02_uv3z_bes...
  HYCOM 2026-09-16 00Z failed: 400 Client Error: 400 for url: https://tds.hycom.org/thredds/ncss/FMRC_ESPC-D-V02_uv3z/FMRC_ESPC-D-V02_uv3z_best.ncd?var=water_u&var=water_v&var=surf_el&north=39.0&south=33.7&west=-78.89&east=-72.21&horizStride=1&vertCoord=0&disableLLSubset=on&disableProjSubset=on&time_start=2026-09-16T00:00:00Z&time_end=2026-09-16T00:00:00Z&accept=netcdf
  Trying https://tds.hycom.org/thredds/ncss/FMRC_ESPC-D-V02_uv3z/runs/FMRC_ESPC-D-V02_uv3...
  HYCOM 2026-09-15 12Z failed: 400 Client Error: 400 for url: https://tds.hycom.org/thredds/ncss/FMRC_ESPC-D-V02_uv3z/runs/FMRC_ESPC-D-V02_uv3z_RUN_2026-09-15T12:00:00Z?var=water_u&var=water_v&var=surf_el&north=39.0&south=33.7&west=-78.89&east=-72.21&horizStride=1&vertCoord=0&disableLLSubset=on&disableProjSubset=on&time_start=2026-09-15T12:00:00Z&time_end=2026-09-15T12:00:00Z&accept=netcdf
  Trying https://tds.hycom.org/thredds/ncss/FMRC_ESPC-D-V02_uv3z/FMRC_ESPC-D-V02_uv3z_bes...
  HYCOM 2026-09-15 12Z failed: 400 Client Error: 400 for url: https://tds.hycom.org/thredds/ncss/FMRC_ESPC-D-V02_uv3z/FMRC_ESPC-D-V02_uv3z_best.ncd?var=water_u&var=water_v&var=surf_el&north=39.0&south=33.7&west=-78.89&east=-72.21&horizStride=1&vertCoord=0&disableLLSubset=on&disableProjSubset=on&time_start=2026-09-15T12:00:00Z&time_end=2026-09-15T12:00:00Z&accept=netcdf
  Trying https://tds.hycom.org/thredds/ncss/FMRC_ESPC-D-V02_uv3z/runs/FMRC_ESPC-D-V02_uv3...
  HYCOM 2026-09-15 00Z failed: 404 Client Error: 404 for url: https://tds.hycom.org/thredds/ncss/FMRC_ESPC-D-V02_uv3z/runs/FMRC_ESPC-D-V02_uv3z_RUN_2026-09-15T00:00:00Z?var=water_u&var=water_v&var=surf_el&north=39.0&south=33.7&west=-78.89&east=-72.21&horizStride=1&vertCoord=0&disableLLSubset=on&disableProjSubset=on&time_start=2026-09-15T00:00:00Z&time_end=2026-09-15T00:00:00Z&accept=netcdf
  Trying https://tds.hycom.org/thredds/ncss/FMRC_ESPC-D-V02_uv3z/FMRC_ESPC-D-V02_uv3z_bes...
  HYCOM 2026-09-15 00Z failed: 400 Client Error: 400 for url: https://tds.hycom.org/thredds/ncss/FMRC_ESPC-D-V02_uv3z/FMRC_ESPC-D-V02_uv3z_best.ncd?var=water_u&var=water_v&var=surf_el&north=39.0&south=33.7&west=-78.89&east=-72.21&horizStride=1&vertCoord=0&disableLLSubset=on&disableProjSubset=on&time_start=2026-09-15T00:00:00Z&time_end=2026-09-15T00:00:00Z&accept=netcdf
  Trying https://tds.hycom.org/thredds/ncss/FMRC_ESPC-D-V02_uv3z/runs/FMRC_ESPC-D-V02_uv3...
  HYCOM 2026-09-14 12Z failed: 400 Client Error: 400 for url: https://tds.hycom.org/thredds/ncss/FMRC_ESPC-D-V02_uv3z/runs/FMRC_ESPC-D-V02_uv3z_RUN_2026-09-14T12:00:00Z?var=water_u&var=water_v&var=surf_el&north=39.0&south=33.7&west=-78.89&east=-72.21&horizStride=1&vertCoord=0&disableLLSubset=on&disableProjSubset=on&time_start=2026-09-14T12:00:00Z&time_end=2026-09-14T12:00:00Z&accept=netcdf
  Trying https://tds.hycom.org/thredds/ncss/FMRC_ESPC-D-V02_uv3z/FMRC_ESPC-D-V02_uv3z_bes...
  HYCOM 2026-09-14 12Z failed: 400 Client Error: 400 for url: https://tds.hycom.org/thredds/ncss/FMRC_ESPC-D-V02_uv3z/FMRC_ESPC-D-V02_uv3z_best.ncd?var=water_u&var=water_v&var=surf_el&north=39.0&south=33.7&west=-78.89&east=-72.21&horizStride=1&vertCoord=0&disableLLSubset=on&disableProjSubset=on&time_start=2026-09-14T12:00:00Z&time_end=2026-09-14T12:00:00Z&accept=netcdf
  Trying https://tds.hycom.org/thredds/ncss/FMRC_ESPC-D-V02_uv3z/runs/FMRC_ESPC-D-V02_uv3...
  HYCOM 2026-09-14 00Z failed: 404 Client Error: 404 for url: https://tds.hycom.org/thredds/ncss/FMRC_ESPC-D-V02_uv3z/runs/FMRC_ESPC-D-V02_uv3z_RUN_2026-09-14T00:00:00Z?var=water_u&var=water_v&var=surf_el&north=39.0&south=33.7&west=-78.89&east=-72.21&horizStride=1&vertCoord=0&disableLLSubset=on&disableProjSubset=on&time_start=2026-09-14T00:00:00Z&time_end=2026-09-14T00:00:00Z&accept=netcdf
  Trying https://tds.hycom.org/thredds/ncss/FMRC_ESPC-D-V02_uv3z/FMRC_ESPC-D-V02_uv3z_bes...
  HYCOM 2026-09-14 00Z failed: 400 Client Error: 400 for url: https://tds.hycom.org/thredds/ncss/FMRC_ESPC-D-V02_uv3z/FMRC_ESPC-D-V02_uv3z_best.ncd?var=water_u&var=water_v&var=surf_el&north=39.0&south=33.7&west=-78.89&east=-72.21&horizStride=1&vertCoord=0&disableLLSubset=on&disableProjSubset=on&time_start=2026-09-14T00:00:00Z&time_end=2026-09-14T00:00:00Z&accept=netcdf
  HYCOM: all attempts failed

[2/3] OSCAR currents  (target: 2026-09-17)  1/3 deg, 5-day composite
  Trying OSCAR_L4_OC_NRT_V2.1 @ coastwatch.pfeg.noaa.gov 2026-09-17 ...
  OSCAR_L4_OC_NRT_V2.1 @ coastwatch.pfeg.noaa.gov 2026-09-17: HTTPSConnectionPool(host='coastwatch.pfeg.noaa.gov', port=443): Max retries exceeded with url: /erddap/griddap/OSCAR_L4_OC_NRT_V2.1.nc?u%5B(2026-09-17T00:00:00Z)%5D%5B(0.0)%5D%5B(33.7):1:(39.0)%5D%5B(-78.89):1:(-72.21)%5D,v%5B(2026-09-17T00:00:00Z)%5D%5B(0.0)%5D%5B(33.7):1:(39.0)%5D%5B(-78.89):1:(-72.21)%5D (Caused by NewConnectionError("HTTPSConnection(host='coastwatch.pfeg.noaa.gov', port=443): Failed to establish a new connection: [Errno 101] Network is unreachable"))
  Trying OSCAR_L4_OC_NRT_V2.1 @ upwell.pfeg.noaa.gov 2026-09-17 ...
  OSCAR_L4_OC_NRT_V2.1 @ upwell.pfeg.noaa.gov 2026-09-17: HTTPSConnectionPool(host='upwell.pfeg.noaa.gov', port=443): Max retries exceeded with url: /erddap/griddap/OSCAR_L4_OC_NRT_V2.1.nc?u%5B(2026-09-17T00:00:00Z)%5D%5B(0.0)%5D%5B(33.7):1:(39.0)%5D%5B(-78.89):1:(-72.21)%5D,v%5B(2026-09-17T00:00:00Z)%5D%5B(0.0)%5D%5B(33.7):1:(39.0)%5D%5B(-78.89):1:(-72.21)%5D (Caused by ProtocolError('Connection aborted.', ConnectionResetError(104, 'Connection reset by peer')))
  Trying OSCAR_L4_OC_NRT_V2.1 @ coastwatch.pfeg.noaa.gov 2026-09-16 ...
  OSCAR_L4_OC_NRT_V2.1 @ coastwatch.pfeg.noaa.gov 2026-09-16: HTTPSConnectionPool(host='coastwatch.pfeg.noaa.gov', port=443): Max retries exceeded with url: /erddap/griddap/OSCAR_L4_OC_NRT_V2.1.nc?u%5B(2026-09-16T00:00:00Z)%5D%5B(0.0)%5D%5B(33.7):1:(39.0)%5D%5B(-78.89):1:(-72.21)%5D,v%5B(2026-09-16T00:00:00Z)%5D%5B(0.0)%5D%5B(33.7):1:(39.0)%5D%5B(-78.89):1:(-72.21)%5D (Caused by ProtocolError('Connection aborted.', ConnectionResetError(104, 'Connection reset by peer')))
  Trying OSCAR_L4_OC_NRT_V2.1 @ upwell.pfeg.noaa.gov 2026-09-16 ...
  OSCAR_L4_OC_NRT_V2.1 @ upwell.pfeg.noaa.gov 2026-09-16: HTTPSConnectionPool(host='upwell.pfeg.noaa.gov', port=443): Max retries exceeded with url: /erddap/griddap/OSCAR_L4_OC_NRT_V2.1.nc?u%5B(2026-09-16T00:00:00Z)%5D%5B(0.0)%5D%5B(33.7):1:(39.0)%5D%5B(-78.89):1:(-72.21)%5D,v%5B(2026-09-16T00:00:00Z)%5D%5B(0.0)%5D%5B(33.7):1:(39.0)%5D%5B(-78.89):1:(-72.21)%5D (Caused by ConnectTimeoutError(<HTTPSConnection(host='upwell.pfeg.noaa.gov', port=443) at 0x7f7a6227a450>, 'Connection to upwell.pfeg.noaa.gov timed out. (connect timeout=180)'))
  Trying OSCAR_L4_OC_NRT_V2.1 @ coastwatch.pfeg.noaa.gov 2026-09-15 ...
  OSCAR_L4_OC_NRT_V2.1 @ coastwatch.pfeg.noaa.gov 2026-09-15: HTTPSConnectionPool(host='coastwatch.pfeg.noaa.gov', port=443): Max retries exceeded with url: /erddap/griddap/OSCAR_L4_OC_NRT_V2.1.nc?u%5B(2026-09-15T00:00:00Z)%5D%5B(0.0)%5D%5B(33.7):1:(39.0)%5D%5B(-78.89):1:(-72.21)%5D,v%5B(2026-09-15T00:00:00Z)%5D%5B(0.0)%5D%5B(33.7):1:(39.0)%5D%5B(-78.89):1:(-72.21)%5D (Caused by ProtocolError('Connection aborted.', ConnectionResetError(104, 'Connection reset by peer')))
  Trying OSCAR_L4_OC_NRT_V2.1 @ upwell.pfeg.noaa.gov 2026-09-15 ...
  OSCAR_L4_OC_NRT_V2.1 @ upwell.pfeg.noaa.gov 2026-09-15: HTTPSConnectionPool(host='upwell.pfeg.noaa.gov', port=443): Max retries exceeded with url: /erddap/griddap/OSCAR_L4_OC_NRT_V2.1.nc?u%5B(2026-09-15T00:00:00Z)%5D%5B(0.0)%5D%5B(33.7):1:(39.0)%5D%5B(-78.89):1:(-72.21)%5D,v%5B(2026-09-15T00:00:00Z)%5D%5B(0.0)%5D%5B(33.7):1:(39.0)%5D%5B(-78.89):1:(-72.21)%5D (Caused by ConnectTimeoutError(<HTTPSConnection(host='upwell.pfeg.noaa.gov', port=443) at 0x7f7a6228a090>, 'Connection to upwell.pfeg.noaa.gov timed out. (connect timeout=180)'))
  Trying OSCAR_L4_OC_NRT_V2.1 @ coastwatch.pfeg.noaa.gov 2026-09-14 ...
  OSCAR_L4_OC_NRT_V2.1 @ coastwatch.pfeg.noaa.gov 2026-09-14: HTTPSConnectionPool(host='coastwatch.pfeg.noaa.gov', port=443): Max retries exceeded with url: /erddap/griddap/OSCAR_L4_OC_NRT_V2.1.nc?u%5B(2026-09-14T00:00:00Z)%5D%5B(0.0)%5D%5B(33.7):1:(39.0)%5D%5B(-78.89):1:(-72.21)%5D,v%5B(2026-09-14T00:00:00Z)%5D%5B(0.0)%5D%5B(33.7):1:(39.0)%5D%5B(-78.89):1:(-72.21)%5D (Caused by NewConnectionError("HTTPSConnection(host='coastwatch.pfeg.noaa.gov', port=443): Failed to establish a new connection: [Errno 101] Network is unreachable"))
  Trying OSCAR_L4_OC_NRT_V2.1 @ upwell.pfeg.noaa.gov 2026-09-14 ...
  OSCAR_L4_OC_NRT_V2.1 @ upwell.pfeg.noaa.gov 2026-09-14: HTTPSConnectionPool(host='upwell.pfeg.noaa.gov', port=443): Max retries exceeded with url: /erddap/griddap/OSCAR_L4_OC_NRT_V2.1.nc?u%5B(2026-09-14T00:00:00Z)%5D%5B(0.0)%5D%5B(33.7):1:(39.0)%5D%5B(-78.89):1:(-72.21)%5D,v%5B(2026-09-14T00:00:00Z)%5D%5B(0.0)%5D%5B(33.7):1:(39.0)%5D%5B(-78.89):1:(-72.21)%5D (Caused by ProtocolError('Connection aborted.', ConnectionResetError(104, 'Connection reset by peer')))
  Trying OSCAR_L4_OC_NRT_V2.1 @ coastwatch.pfeg.noaa.gov 2026-09-13 ...
  OSCAR_L4_OC_NRT_V2.1 @ coastwatch.pfeg.noaa.gov 2026-09-13: HTTPSConnectionPool(host='coastwatch.pfeg.noaa.gov', port=443): Max retries exceeded with url: /erddap/griddap/OSCAR_L4_OC_NRT_V2.1.nc?u%5B(2026-09-13T00:00:00Z)%5D%5B(0.0)%5D%5B(33.7):1:(39.0)%5D%5B(-78.89):1:(-72.21)%5D,v%5B(2026-09-13T00:00:00Z)%5D%5B(0.0)%5D%5B(33.7):1:(39.0)%5D%5B(-78.89):1:(-72.21)%5D (Caused by NewConnectionError("HTTPSConnection(host='coastwatch.pfeg.noaa.gov', port=443): Failed to establish a new connection: [Errno 101] Network is unreachable"))
  Trying OSCAR_L4_OC_NRT_V2.1 @ upwell.pfeg.noaa.gov 2026-09-13 ...
  OSCAR_L4_OC_NRT_V2.1 @ upwell.pfeg.noaa.gov 2026-09-13: HTTPSConnectionPool(host='upwell.pfeg.noaa.gov', port=443): Max retries exceeded with url: /erddap/griddap/OSCAR_L4_OC_NRT_V2.1.nc?u%5B(2026-09-13T00:00:00Z)%5D%5B(0.0)%5D%5B(33.7):1:(39.0)%5D%5B(-78.89):1:(-72.21)%5D,v%5B(2026-09-13T00:00:00Z)%5D%5B(0.0)%5D%5B(33.7):1:(39.0)%5D%5B(-78.89):1:(-72.21)%5D (Caused by ProtocolError('Connection aborted.', ConnectionResetError(104, 'Connection reset by peer')))
  Trying OSCAR_L4_OC_NRT_V2.1 @ coastwatch.pfeg.noaa.gov 2026-09-12 ...
  OSCAR_L4_OC_NRT_V2.1 @ coastwatch.pfeg.noaa.gov 2026-09-12: HTTPSConnectionPool(host='coastwatch.pfeg.noaa.gov', port=443): Max retries exceeded with url: /erddap/griddap/OSCAR_L4_OC_NRT_V2.1.nc?u%5B(2026-09-12T00:00:00Z)%5D%5B(0.0)%5D%5B(33.7):1:(39.0)%5D%5B(-78.89):1:(-72.21)%5D,v%5B(2026-09-12T00:00:00Z)%5D%5B(0.0)%5D%5B(33.7):1:(39.0)%5D%5B(-78.89):1:(-72.21)%5D (Caused by NewConnectionError("HTTPSConnection(host='coastwatch.pfeg.noaa.gov', port=443): Failed to establish a new connection: [Errno 101] Network is unreachable"))
  Trying OSCAR_L4_OC_NRT_V2.1 @ upwell.pfeg.noaa.gov 2026-09-12 ...
  OSCAR_L4_OC_NRT_V2.1 @ upwell.pfeg.noaa.gov 2026-09-12: HTTPSConnectionPool(host='upwell.pfeg.noaa.gov', port=443): Max retries exceeded with url: /erddap/griddap/OSCAR_L4_OC_NRT_V2.1.nc?u%5B(2026-09-12T00:00:00Z)%5D%5B(0.0)%5D%5B(33.7):1:(39.0)%5D%5B(-78.89):1:(-72.21)%5D,v%5B(2026-09-12T00:00:00Z)%5D%5B(0.0)%5D%5B(33.7):1:(39.0)%5D%5B(-78.89):1:(-72.21)%5D (Caused by ProtocolError('Connection aborted.', ConnectionResetError(104, 'Connection reset by peer')))
  Trying OSCAR_L4_OC_NRT_V2.0 @ coastwatch.pfeg.noaa.gov 2026-09-17 ...
  OSCAR_L4_OC_NRT_V2.0 @ coastwatch.pfeg.noaa.gov 2026-09-17: HTTPSConnectionPool(host='coastwatch.pfeg.noaa.gov', port=443): Max retries exceeded with url: /erddap/griddap/OSCAR_L4_OC_NRT_V2.0.nc?u%5B(2026-09-17T00:00:00Z)%5D%5B(0.0)%5D%5B(33.7):1:(39.0)%5D%5B(-78.89):1:(-72.21)%5D,v%5B(2026-09-17T00:00:00Z)%5D%5B(0.0)%5D%5B(33.7):1:(39.0)%5D%5B(-78.89):1:(-72.21)%5D (Caused by NewConnectionError("HTTPSConnection(host='coastwatch.pfeg.noaa.gov', port=443): Failed to establish a new connection: [Errno 101] Network is unreachable"))
  Trying OSCAR_L4_OC_NRT_V2.0 @ upwell.pfeg.noaa.gov 2026-09-17 ...
  OSCAR_L4_OC_NRT_V2.0 @ upwell.pfeg.noaa.gov 2026-09-17: 404 Client Error:  for url: https://upwell.pfeg.noaa.gov/erddap/griddap/OSCAR_L4_OC_NRT_V2.0.nc?u%5B(2026-09-17T00:00:00Z)%5D%5B(0.0)%5D%5B(33.7):1:(39.0)%5D%5B(-78.89):1:(-72.21)%5D,v%5B(2026-09-17T00:00:00Z)%5D%5B(0.0)%5D%5B(33.7):1:(39.0)%5D%5B(-78.89):1:(-72.21)%5D
  Trying OSCAR_L4_OC_NRT_V2.0 @ coastwatch.pfeg.noaa.gov 2026-09-16 ...
  OSCAR_L4_OC_NRT_V2.0 @ coastwatch.pfeg.noaa.gov 2026-09-16: 404 Client Error:  for url: https://coastwatch.pfeg.noaa.gov/erddap/griddap/OSCAR_L4_OC_NRT_V2.0.nc?u%5B(2026-09-16T00:00:00Z)%5D%5B(0.0)%5D%5B(33.7):1:(39.0)%5D%5B(-78.89):1:(-72.21)%5D,v%5B(2026-09-16T00:00:00Z)%5D%5B(0.0)%5D%5B(33.7):1:(39.0)%5D%5B(-78.89):1:(-72.21)%5D
  Trying OSCAR_L4_OC_NRT_V2.0 @ upwell.pfeg.noaa.gov 2026-09-16 ...
  OSCAR_L4_OC_NRT_V2.0 @ upwell.pfeg.noaa.gov 2026-09-16: 404 Client Error:  for url: https://upwell.pfeg.noaa.gov/erddap/griddap/OSCAR_L4_OC_NRT_V2.0.nc?u%5B(2026-09-16T00:00:00Z)%5D%5B(0.0)%5D%5B(33.7):1:(39.0)%5D%5B(-78.89):1:(-72.21)%5D,v%5B(2026-09-16T00:00:00Z)%5D%5B(0.0)%5D%5B(33.7):1:(39.0)%5D%5B(-78.89):1:(-72.21)%5D
  Trying OSCAR_L4_OC_NRT_V2.0 @ coastwatch.pfeg.noaa.gov 2026-09-15 ...
  OSCAR_L4_OC_NRT_V2.0 @ coastwatch.pfeg.noaa.gov 2026-09-15: 404 Client Error:  for url: https://coastwatch.pfeg.noaa.gov/erddap/griddap/OSCAR_L4_OC_NRT_V2.0.nc?u%5B(2026-09-15T00:00:00Z)%5D%5B(0.0)%5D%5B(33.7):1:(39.0)%5D%5B(-78.89):1:(-72.21)%5D,v%5B(2026-09-15T00:00:00Z)%5D%5B(0.0)%5D%5B(33.7):1:(39.0)%5D%5B(-78.89):1:(-72.21)%5D
  Trying OSCAR_L4_OC_NRT_V2.0 @ upwell.pfeg.noaa.gov 2026-09-15 ...
  OSCAR_L4_OC_NRT_V2.0 @ upwell.pfeg.noaa.gov 2026-09-15: 404 Client Error:  for url: https://upwell.pfeg.noaa.gov/erddap/griddap/OSCAR_L4_OC_NRT_V2.0.nc?u%5B(2026-09-15T00:00:00Z)%5D%5B(0.0)%5D%5B(33.7):1:(39.0)%5D%5B(-78.89):1:(-72.21)%5D,v%5B(2026-09-15T00:00:00Z)%5D%5B(0.0)%5D%5B(33.7):1:(39.0)%5D%5B(-78.89):1:(-72.21)%5D
  Trying OSCAR_L4_OC_NRT_V2.0 @ coastwatch.pfeg.noaa.gov 2026-09-14 ...
  OSCAR_L4_OC_NRT_V2.0 @ coastwatch.pfeg.noaa.gov 2026-09-14: 404 Client Error:  for url: https://coastwatch.pfeg.noaa.gov/erddap/griddap/OSCAR_L4_OC_NRT_V2.0.nc?u%5B(2026-09-14T00:00:00Z)%5D%5B(0.0)%5D%5B(33.7):1:(39.0)%5D%5B(-78.89):1:(-72.21)%5D,v%5B(2026-09-14T00:00:00Z)%5D%5B(0.0)%5D%5B(33.7):1:(39.0)%5D%5B(-78.89):1:(-72.21)%5D
  Trying OSCAR_L4_OC_NRT_V2.0 @ upwell.pfeg.noaa.gov 2026-09-14 ...
  OSCAR_L4_OC_NRT_V2.0 @ upwell.pfeg.noaa.gov 2026-09-14: 404 Client Error:  for url: https://upwell.pfeg.noaa.gov/erddap/griddap/OSCAR_L4_OC_NRT_V2.0.nc?u%5B(2026-09-14T00:00:00Z)%5D%5B(0.0)%5D%5B(33.7):1:(39.0)%5D%5B(-78.89):1:(-72.21)%5D,v%5B(2026-09-14T00:00:00Z)%5D%5B(0.0)%5D%5B(33.7):1:(39.0)%5D%5B(-78.89):1:(-72.21)%5D
  Trying OSCAR_L4_OC_NRT_V2.0 @ coastwatch.pfeg.noaa.gov 2026-09-13 ...
  OSCAR_L4_OC_NRT_V2.0 @ coastwatch.pfeg.noaa.gov 2026-09-13: 404 Client Error:  for url: https://coastwatch.pfeg.noaa.gov/erddap/griddap/OSCAR_L4_OC_NRT_V2.0.nc?u%5B(2026-09-13T00:00:00Z)%5D%5B(0.0)%5D%5B(33.7):1:(39.0)%5D%5B(-78.89):1:(-72.21)%5D,v%5B(2026-09-13T00:00:00Z)%5D%5B(0.0)%5D%5B(33.7):1:(39.0)%5D%5B(-78.89):1:(-72.21)%5D
  Trying OSCAR_L4_OC_NRT_V2.0 @ upwell.pfeg.noaa.gov 2026-09-13 ...
  OSCAR_L4_OC_NRT_V2.0 @ upwell.pfeg.noaa.gov 2026-09-13: 404 Client Error:  for url: https://upwell.pfeg.noaa.gov/erddap/griddap/OSCAR_L4_OC_NRT_V2.0.nc?u%5B(2026-09-13T00:00:00Z)%5D%5B(0.0)%5D%5B(33.7):1:(39.0)%5D%5B(-78.89):1:(-72.21)%5D,v%5B(2026-09-13T00:00:00Z)%5D%5B(0.0)%5D%5B(33.7):1:(39.0)%5D%5B(-78.89):1:(-72.21)%5D
  Trying OSCAR_L4_OC_NRT_V2.0 @ coastwatch.pfeg.noaa.gov 2026-09-12 ...
  OSCAR_L4_OC_NRT_V2.0 @ coastwatch.pfeg.noaa.gov 2026-09-12: 404 Client Error:  for url: https://coastwatch.pfeg.noaa.gov/erddap/griddap/OSCAR_L4_OC_NRT_V2.0.nc?u%5B(2026-09-12T00:00:00Z)%5D%5B(0.0)%5D%5B(33.7):1:(39.0)%5D%5B(-78.89):1:(-72.21)%5D,v%5B(2026-09-12T00:00:00Z)%5D%5B(0.0)%5D%5B(33.7):1:(39.0)%5D%5B(-78.89):1:(-72.21)%5D
  Trying OSCAR_L4_OC_NRT_V2.0 @ upwell.pfeg.noaa.gov 2026-09-12 ...
  OSCAR_L4_OC_NRT_V2.0 @ upwell.pfeg.noaa.gov 2026-09-12: 404 Client Error:  for url: https://upwell.pfeg.noaa.gov/erddap/griddap/OSCAR_L4_OC_NRT_V2.0.nc?u%5B(2026-09-12T00:00:00Z)%5D%5B(0.0)%5D%5B(33.7):1:(39.0)%5D%5B(-78.89):1:(-72.21)%5D,v%5B(2026-09-12T00:00:00Z)%5D%5B(0.0)%5D%5B(33.7):1:(39.0)%5D%5B(-78.89):1:(-72.21)%5D
  Trying jplOscarV2NRT5day @ coastwatch.pfeg.noaa.gov 2026-09-17 ...
  jplOscarV2NRT5day @ coastwatch.pfeg.noaa.gov 2026-09-17: 404 Client Error:  for url: https://coastwatch.pfeg.noaa.gov/erddap/griddap/jplOscarV2NRT5day.nc?u%5B(2026-09-17T00:00:00Z)%5D%5B(0.0)%5D%5B(33.7):1:(39.0)%5D%5B(-78.89):1:(-72.21)%5D,v%5B(2026-09-17T00:00:00Z)%5D%5B(0.0)%5D%5B(33.7):1:(39.0)%5D%5B(-78.89):1:(-72.21)%5D
  Trying jplOscarV2NRT5day @ upwell.pfeg.noaa.gov 2026-09-17 ...
  jplOscarV2NRT5day @ upwell.pfeg.noaa.gov 2026-09-17: 404 Client Error:  for url: https://upwell.pfeg.noaa.gov/erddap/griddap/jplOscarV2NRT5day.nc?u%5B(2026-09-17T00:00:00Z)%5D%5B(0.0)%5D%5B(33.7):1:(39.0)%5D%5B(-78.89):1:(-72.21)%5D,v%5B(2026-09-17T00:00:00Z)%5D%5B(0.0)%5D%5B(33.7):1:(39.0)%5D%5B(-78.89):1:(-72.21)%5D
  Trying jplOscarV2NRT5day @ coastwatch.pfeg.noaa.gov 2026-09-16 ...
  jplOscarV2NRT5day @ coastwatch.pfeg.noaa.gov 2026-09-16: 404 Client Error:  for url: https://coastwatch.pfeg.noaa.gov/erddap/griddap/jplOscarV2NRT5day.nc?u%5B(2026-09-16T00:00:00Z)%5D%5B(0.0)%5D%5B(33.7):1:(39.0)%5D%5B(-78.89):1:(-72.21)%5D,v%5B(2026-09-16T00:00:00Z)%5D%5B(0.0)%5D%5B(33.7):1:(39.0)%5D%5B(-78.89):1:(-72.21)%5D
  Trying jplOscarV2NRT5day @ upwell.pfeg.noaa.gov 2026-09-16 ...
  jplOscarV2NRT5day @ upwell.pfeg.noaa.gov 2026-09-16: 404 Client Error:  for url: https://upwell.pfeg.noaa.gov/erddap/griddap/jplOscarV2NRT5day.nc?u%5B(2026-09-16T00:00:00Z)%5D%5B(0.0)%5D%5B(33.7):1:(39.0)%5D%5B(-78.89):1:(-72.21)%5D,v%5B(2026-09-16T00:00:00Z)%5D%5B(0.0)%5D%5B(33.7):1:(39.0)%5D%5B(-78.89):1:(-72.21)%5D
  Trying jplOscarV2NRT5day @ coastwatch.pfeg.noaa.gov 2026-09-15 ...
  jplOscarV2NRT5day @ coastwatch.pfeg.noaa.gov 2026-09-15: 404 Client Error:  for url: https://coastwatch.pfeg.noaa.gov/erddap/griddap/jplOscarV2NRT5day.nc?u%5B(2026-09-15T00:00:00Z)%5D%5B(0.0)%5D%5B(33.7):1:(39.0)%5D%5B(-78.89):1:(-72.21)%5D,v%5B(2026-09-15T00:00:00Z)%5D%5B(0.0)%5D%5B(33.7):1:(39.0)%5D%5B(-78.89):1:(-72.21)%5D
  Trying jplOscarV2NRT5day @ upwell.pfeg.noaa.gov 2026-09-15 ...
  jplOscarV2NRT5day @ upwell.pfeg.noaa.gov 2026-09-15: 404 Client Error:  for url: https://upwell.pfeg.noaa.gov/erddap/griddap/jplOscarV2NRT5day.nc?u%5B(2026-09-15T00:00:00Z)%5D%5B(0.0)%5D%5B(33.7):1:(39.0)%5D%5B(-78.89):1:(-72.21)%5D,v%5B(2026-09-15T00:00:00Z)%5D%5B(0.0)%5D%5B(33.7):1:(39.0)%5D%5B(-78.89):1:(-72.21)%5D
  Trying jplOscarV2NRT5day @ coastwatch.pfeg.noaa.gov 2026-09-14 ...
  jplOscarV2NRT5day @ coastwatch.pfeg.noaa.gov 2026-09-14: 404 Client Error:  for url: https://coastwatch.pfeg.noaa.gov/erddap/griddap/jplOscarV2NRT5day.nc?u%5B(2026-09-14T00:00:00Z)%5D%5B(0.0)%5D%5B(33.7):1:(39.0)%5D%5B(-78.89):1:(-72.21)%5D,v%5B(2026-09-14T00:00:00Z)%5D%5B(0.0)%5D%5B(33.7):1:(39.0)%5D%5B(-78.89):1:(-72.21)%5D
  Trying jplOscarV2NRT5day @ upwell.pfeg.noaa.gov 2026-09-14 ...
  jplOscarV2NRT5day @ upwell.pfeg.noaa.gov 2026-09-14: 404 Client Error:  for url: https://upwell.pfeg.noaa.gov/erddap/griddap/jplOscarV2NRT5day.nc?u%5B(2026-09-14T00:00:00Z)%5D%5B(0.0)%5D%5B(33.7):1:(39.0)%5D%5B(-78.89):1:(-72.21)%5D,v%5B(2026-09-14T00:00:00Z)%5D%5B(0.0)%5D%5B(33.7):1:(39.0)%5D%5B(-78.89):1:(-72.21)%5D
  Trying jplOscarV2NRT5day @ coastwatch.pfeg.noaa.gov 2026-09-13 ...
  jplOscarV2NRT5day @ coastwatch.pfeg.noaa.gov 2026-09-13: 404 Client Error:  for url: https://coastwatch.pfeg.noaa.gov/erddap/griddap/jplOscarV2NRT5day.nc?u%5B(2026-09-13T00:00:00Z)%5D%5B(0.0)%5D%5B(33.7):1:(39.0)%5D%5B(-78.89):1:(-72.21)%5D,v%5B(2026-09-13T00:00:00Z)%5D%5B(0.0)%5D%5B(33.7):1:(39.0)%5D%5B(-78.89):1:(-72.21)%5D
  Trying jplOscarV2NRT5day @ upwell.pfeg.noaa.gov 2026-09-13 ...
  jplOscarV2NRT5day @ upwell.pfeg.noaa.gov 2026-09-13: 404 Client Error:  for url: https://upwell.pfeg.noaa.gov/erddap/griddap/jplOscarV2NRT5day.nc?u%5B(2026-09-13T00:00:00Z)%5D%5B(0.0)%5D%5B(33.7):1:(39.0)%5D%5B(-78.89):1:(-72.21)%5D,v%5B(2026-09-13T00:00:00Z)%5D%5B(0.0)%5D%5B(33.7):1:(39.0)%5D%5B(-78.89):1:(-72.21)%5D
  Trying jplOscarV2NRT5day @ coastwatch.pfeg.noaa.gov 2026-09-12 ...
  jplOscarV2NRT5day @ coastwatch.pfeg.noaa.gov 2026-09-12: 404 Client Error:  for url: https://coastwatch.pfeg.noaa.gov/erddap/griddap/jplOscarV2NRT5day.nc?u%5B(2026-09-12T00:00:00Z)%5D%5B(0.0)%5D%5B(33.7):1:(39.0)%5D%5B(-78.89):1:(-72.21)%5D,v%5B(2026-09-12T00:00:00Z)%5D%5B(0.0)%5D%5B(33.7):1:(39.0)%5D%5B(-78.89):1:(-72.21)%5D
  Trying jplOscarV2NRT5day @ upwell.pfeg.noaa.gov 2026-09-12 ...
  jplOscarV2NRT5day @ upwell.pfeg.noaa.gov 2026-09-12: 404 Client Error:  for url: https://upwell.pfeg.noaa.gov/erddap/griddap/jplOscarV2NRT5day.nc?u%5B(2026-09-12T00:00:00Z)%5D%5B(0.0)%5D%5B(33.7):1:(39.0)%5D%5B(-78.89):1:(-72.21)%5D,v%5B(2026-09-12T00:00:00Z)%5D%5B(0.0)%5D%5B(33.7):1:(39.0)%5D%5B(-78.89):1:(-72.21)%5D
  Trying jplOscar1day @ coastwatch.pfeg.noaa.gov 2026-09-17 ...
  jplOscar1day @ coastwatch.pfeg.noaa.gov 2026-09-17: 404 Client Error:  for url: https://coastwatch.pfeg.noaa.gov/erddap/griddap/jplOscar1day.nc?u%5B(2026-09-17T00:00:00Z)%5D%5B(0.0)%5D%5B(33.7):1:(39.0)%5D%5B(-78.89):1:(-72.21)%5D,v%5B(2026-09-17T00:00:00Z)%5D%5B(0.0)%5D%5B(33.7):1:(39.0)%5D%5B(-78.89):1:(-72.21)%5D
  Trying jplOscar1day @ upwell.pfeg.noaa.gov 2026-09-17 ...
  jplOscar1day @ upwell.pfeg.noaa.gov 2026-09-17: 404 Client Error:  for url: https://upwell.pfeg.noaa.gov/erddap/griddap/jplOscar1day.nc?u%5B(2026-09-17T00:00:00Z)%5D%5B(0.0)%5D%5B(33.7):1:(39.0)%5D%5B(-78.89):1:(-72.21)%5D,v%5B(2026-09-17T00:00:00Z)%5D%5B(0.0)%5D%5B(33.7):1:(39.0)%5D%5B(-78.89):1:(-72.21)%5D
  Trying jplOscar1day @ coastwatch.pfeg.noaa.gov 2026-09-16 ...
  jplOscar1day @ coastwatch.pfeg.noaa.gov 2026-09-16: 404 Client Error:  for url: https://coastwatch.pfeg.noaa.gov/erddap/griddap/jplOscar1day.nc?u%5B(2026-09-16T00:00:00Z)%5D%5B(0.0)%5D%5B(33.7):1:(39.0)%5D%5B(-78.89):1:(-72.21)%5D,v%5B(2026-09-16T00:00:00Z)%5D%5B(0.0)%5D%5B(33.7):1:(39.0)%5D%5B(-78.89):1:(-72.21)%5D
  Trying jplOscar1day @ upwell.pfeg.noaa.gov 2026-09-16 ...
  jplOscar1day @ upwell.pfeg.noaa.gov 2026-09-16: 404 Client Error:  for url: https://upwell.pfeg.noaa.gov/erddap/griddap/jplOscar1day.nc?u%5B(2026-09-16T00:00:00Z)%5D%5B(0.0)%5D%5B(33.7):1:(39.0)%5D%5B(-78.89):1:(-72.21)%5D,v%5B(2026-09-16T00:00:00Z)%5D%5B(0.0)%5D%5B(33.7):1:(39.0)%5D%5B(-78.89):1:(-72.21)%5D
  Trying jplOscar1day @ coastwatch.pfeg.noaa.gov 2026-09-15 ...
  jplOscar1day @ coastwatch.pfeg.noaa.gov 2026-09-15: 404 Client Error:  for url: https://coastwatch.pfeg.noaa.gov/erddap/griddap/jplOscar1day.nc?u%5B(2026-09-15T00:00:00Z)%5D%5B(0.0)%5D%5B(33.7):1:(39.0)%5D%5B(-78.89):1:(-72.21)%5D,v%5B(2026-09-15T00:00:00Z)%5D%5B(0.0)%5D%5B(33.7):1:(39.0)%5D%5B(-78.89):1:(-72.21)%5D
  Trying jplOscar1day @ upwell.pfeg.noaa.gov 2026-09-15 ...
  jplOscar1day @ upwell.pfeg.noaa.gov 2026-09-15: 404 Client Error:  for url: https://upwell.pfeg.noaa.gov/erddap/griddap/jplOscar1day.nc?u%5B(2026-09-15T00:00:00Z)%5D%5B(0.0)%5D%5B(33.7):1:(39.0)%5D%5B(-78.89):1:(-72.21)%5D,v%5B(2026-09-15T00:00:00Z)%5D%5B(0.0)%5D%5B(33.7):1:(39.0)%5D%5B(-78.89):1:(-72.21)%5D
  Trying jplOscar1day @ coastwatch.pfeg.noaa.gov 2026-09-14 ...
  jplOscar1day @ coastwatch.pfeg.noaa.gov 2026-09-14: 404 Client Error:  for url: https://coastwatch.pfeg.noaa.gov/erddap/griddap/jplOscar1day.nc?u%5B(2026-09-14T00:00:00Z)%5D%5B(0.0)%5D%5B(33.7):1:(39.0)%5D%5B(-78.89):1:(-72.21)%5D,v%5B(2026-09-14T00:00:00Z)%5D%5B(0.0)%5D%5B(33.7):1:(39.0)%5D%5B(-78.89):1:(-72.21)%5D
  Trying jplOscar1day @ upwell.pfeg.noaa.gov 2026-09-14 ...
  jplOscar1day @ upwell.pfeg.noaa.gov 2026-09-14: 404 Client Error:  for url: https://upwell.pfeg.noaa.gov/erddap/griddap/jplOscar1day.nc?u%5B(2026-09-14T00:00:00Z)%5D%5B(0.0)%5D%5B(33.7):1:(39.0)%5D%5B(-78.89):1:(-72.21)%5D,v%5B(2026-09-14T00:00:00Z)%5D%5B(0.0)%5D%5B(33.7):1:(39.0)%5D%5B(-78.89):1:(-72.21)%5D
  Trying jplOscar1day @ coastwatch.pfeg.noaa.gov 2026-09-13 ...
  jplOscar1day @ coastwatch.pfeg.noaa.gov 2026-09-13: 404 Client Error:  for url: https://coastwatch.pfeg.noaa.gov/erddap/griddap/jplOscar1day.nc?u%5B(2026-09-13T00:00:00Z)%5D%5B(0.0)%5D%5B(33.7):1:(39.0)%5D%5B(-78.89):1:(-72.21)%5D,v%5B(2026-09-13T00:00:00Z)%5D%5B(0.0)%5D%5B(33.7):1:(39.0)%5D%5B(-78.89):1:(-72.21)%5D
  Trying jplOscar1day @ upwell.pfeg.noaa.gov 2026-09-13 ...
  jplOscar1day @ upwell.pfeg.noaa.gov 2026-09-13: 404 Client Error:  for url: https://upwell.pfeg.noaa.gov/erddap/griddap/jplOscar1day.nc?u%5B(2026-09-13T00:00:00Z)%5D%5B(0.0)%5D%5B(33.7):1:(39.0)%5D%5B(-78.89):1:(-72.21)%5D,v%5B(2026-09-13T00:00:00Z)%5D%5B(0.0)%5D%5B(33.7):1:(39.0)%5D%5B(-78.89):1:(-72.21)%5D
  Trying jplOscar1day @ coastwatch.pfeg.noaa.gov 2026-09-12 ...
  jplOscar1day @ coastwatch.pfeg.noaa.gov 2026-09-12: 404 Client Error:  for url: https://coastwatch.pfeg.noaa.gov/erddap/griddap/jplOscar1day.nc?u%5B(2026-09-12T00:00:00Z)%5D%5B(0.0)%5D%5B(33.7):1:(39.0)%5D%5B(-78.89):1:(-72.21)%5D,v%5B(2026-09-12T00:00:00Z)%5D%5B(0.0)%5D%5B(33.7):1:(39.0)%5D%5B(-78.89):1:(-72.21)%5D
  Trying jplOscar1day @ upwell.pfeg.noaa.gov 2026-09-12 ...
  jplOscar1day @ upwell.pfeg.noaa.gov 2026-09-12: 404 Client Error:  for url: https://upwell.pfeg.noaa.gov/erddap/griddap/jplOscar1day.nc?u%5B(2026-09-12T00:00:00Z)%5D%5B(0.0)%5D%5B(33.7):1:(39.0)%5D%5B(-78.89):1:(-72.21)%5D,v%5B(2026-09-12T00:00:00Z)%5D%5B(0.0)%5D%5B(33.7):1:(39.0)%5D%5B(-78.89):1:(-72.21)%5D
  Trying erdQCkm1day @ coastwatch.pfeg.noaa.gov 2026-09-17 ...
  erdQCkm1day @ coastwatch.pfeg.noaa.gov 2026-09-17: 404 Client Error:  for url: https://coastwatch.pfeg.noaa.gov/erddap/griddap/erdQCkm1day.nc?u%5B(2026-09-17T00:00:00Z)%5D%5B(0.0)%5D%5B(33.7):1:(39.0)%5D%5B(-78.89):1:(-72.21)%5D,v%5B(2026-09-17T00:00:00Z)%5D%5B(0.0)%5D%5B(33.7):1:(39.0)%5D%5B(-78.89):1:(-72.21)%5D
  Trying erdQCkm1day @ upwell.pfeg.noaa.gov 2026-09-17 ...
  erdQCkm1day @ upwell.pfeg.noaa.gov 2026-09-17: 404 Client Error:  for url: https://upwell.pfeg.noaa.gov/erddap/griddap/erdQCkm1day.nc?u%5B(2026-09-17T00:00:00Z)%5D%5B(0.0)%5D%5B(33.7):1:(39.0)%5D%5B(-78.89):1:(-72.21)%5D,v%5B(2026-09-17T00:00:00Z)%5D%5B(0.0)%5D%5B(33.7):1:(39.0)%5D%5B(-78.89):1:(-72.21)%5D
  Trying erdQCkm1day @ coastwatch.pfeg.noaa.gov 2026-09-16 ...
  erdQCkm1day @ coastwatch.pfeg.noaa.gov 2026-09-16: 404 Client Error:  for url: https://coastwatch.pfeg.noaa.gov/erddap/griddap/erdQCkm1day.nc?u%5B(2026-09-16T00:00:00Z)%5D%5B(0.0)%5D%5B(33.7):1:(39.0)%5D%5B(-78.89):1:(-72.21)%5D,v%5B(2026-09-16T00:00:00Z)%5D%5B(0.0)%5D%5B(33.7):1:(39.0)%5D%5B(-78.89):1:(-72.21)%5D
  Trying erdQCkm1day @ upwell.pfeg.noaa.gov 2026-09-16 ...
  erdQCkm1day @ upwell.pfeg.noaa.gov 2026-09-16: 404 Client Error:  for url: https://upwell.pfeg.noaa.gov/erddap/griddap/erdQCkm1day.nc?u%5B(2026-09-16T00:00:00Z)%5D%5B(0.0)%5D%5B(33.7):1:(39.0)%5D%5B(-78.89):1:(-72.21)%5D,v%5B(2026-09-16T00:00:00Z)%5D%5B(0.0)%5D%5B(33.7):1:(39.0)%5D%5B(-78.89):1:(-72.21)%5D
  Trying erdQCkm1day @ coastwatch.pfeg.noaa.gov 2026-09-15 ...
  erdQCkm1day @ coastwatch.pfeg.noaa.gov 2026-09-15: 404 Client Error:  for url: https://coastwatch.pfeg.noaa.gov/erddap/griddap/erdQCkm1day.nc?u%5B(2026-09-15T00:00:00Z)%5D%5B(0.0)%5D%5B(33.7):1:(39.0)%5D%5B(-78.89):1:(-72.21)%5D,v%5B(2026-09-15T00:00:00Z)%5D%5B(0.0)%5D%5B(33.7):1:(39.0)%5D%5B(-78.89):1:(-72.21)%5D
  Trying erdQCkm1day @ upwell.pfeg.noaa.gov 2026-09-15 ...
  erdQCkm1day @ upwell.pfeg.noaa.gov 2026-09-15: 404 Client Error:  for url: https://upwell.pfeg.noaa.gov/erddap/griddap/erdQCkm1day.nc?u%5B(2026-09-15T00:00:00Z)%5D%5B(0.0)%5D%5B(33.7):1:(39.0)%5D%5B(-78.89):1:(-72.21)%5D,v%5B(2026-09-15T00:00:00Z)%5D%5B(0.0)%5D%5B(33.7):1:(39.0)%5D%5B(-78.89):1:(-72.21)%5D
  Trying erdQCkm1day @ coastwatch.pfeg.noaa.gov 2026-09-14 ...
  erdQCkm1day @ coastwatch.pfeg.noaa.gov 2026-09-14: 404 Client Error:  for url: https://coastwatch.pfeg.noaa.gov/erddap/griddap/erdQCkm1day.nc?u%5B(2026-09-14T00:00:00Z)%5D%5B(0.0)%5D%5B(33.7):1:(39.0)%5D%5B(-78.89):1:(-72.21)%5D,v%5B(2026-09-14T00:00:00Z)%5D%5B(0.0)%5D%5B(33.7):1:(39.0)%5D%5B(-78.89):1:(-72.21)%5D
  Trying erdQCkm1day @ upwell.pfeg.noaa.gov 2026-09-14 ...
  erdQCkm1day @ upwell.pfeg.noaa.gov 2026-09-14: 404 Client Error:  for url: https://upwell.pfeg.noaa.gov/erddap/griddap/erdQCkm1day.nc?u%5B(2026-09-14T00:00:00Z)%5D%5B(0.0)%5D%5B(33.7):1:(39.0)%5D%5B(-78.89):1:(-72.21)%5D,v%5B(2026-09-14T00:00:00Z)%5D%5B(0.0)%5D%5B(33.7):1:(39.0)%5D%5B(-78.89):1:(-72.21)%5D
  Trying erdQCkm1day @ coastwatch.pfeg.noaa.gov 2026-09-13 ...
  erdQCkm1day @ coastwatch.pfeg.noaa.gov 2026-09-13: 404 Client Error:  for url: https://coastwatch.pfeg.noaa.gov/erddap/griddap/erdQCkm1day.nc?u%5B(2026-09-13T00:00:00Z)%5D%5B(0.0)%5D%5B(33.7):1:(39.0)%5D%5B(-78.89):1:(-72.21)%5D,v%5B(2026-09-13T00:00:00Z)%5D%5B(0.0)%5D%5B(33.7):1:(39.0)%5D%5B(-78.89):1:(-72.21)%5D
  Trying erdQCkm1day @ upwell.pfeg.noaa.gov 2026-09-13 ...
  erdQCkm1day @ upwell.pfeg.noaa.gov 2026-09-13: 404 Client Error:  for url: https://upwell.pfeg.noaa.gov/erddap/griddap/erdQCkm1day.nc?u%5B(2026-09-13T00:00:00Z)%5D%5B(0.0)%5D%5B(33.7):1:(39.0)%5D%5B(-78.89):1:(-72.21)%5D,v%5B(2026-09-13T00:00:00Z)%5D%5B(0.0)%5D%5B(33.7):1:(39.0)%5D%5B(-78.89):1:(-72.21)%5D
  Trying erdQCkm1day @ coastwatch.pfeg.noaa.gov 2026-09-12 ...
  erdQCkm1day @ coastwatch.pfeg.noaa.gov 2026-09-12: 404 Client Error:  for url: https://coastwatch.pfeg.noaa.gov/erddap/griddap/erdQCkm1day.nc?u%5B(2026-09-12T00:00:00Z)%5D%5B(0.0)%5D%5B(33.7):1:(39.0)%5D%5B(-78.89):1:(-72.21)%5D,v%5B(2026-09-12T00:00:00Z)%5D%5B(0.0)%5D%5B(33.7):1:(39.0)%5D%5B(-78.89):1:(-72.21)%5D
  Trying erdQCkm1day @ upwell.pfeg.noaa.gov 2026-09-12 ...
  erdQCkm1day @ upwell.pfeg.noaa.gov 2026-09-12: 404 Client Error:  for url: https://upwell.pfeg.noaa.gov/erddap/griddap/erdQCkm1day.nc?u%5B(2026-09-12T00:00:00Z)%5D%5B(0.0)%5D%5B(33.7):1:(39.0)%5D%5B(-78.89):1:(-72.21)%5D,v%5B(2026-09-12T00:00:00Z)%5D%5B(0.0)%5D%5B(33.7):1:(39.0)%5D%5B(-78.89):1:(-72.21)%5D
  OSCAR: all attempts failed

[CMEMS] Currents  (2026-09-17)  0.083 deg, daily
INFO - 2026-09-18T22:51:33Z - Selected dataset version: "202406"
INFO - 2026-09-18T22:51:33Z - Selected dataset part: "default"
WARNING - 2026-09-18T22:51:33Z - Some of your subset selection [0.0, 1.0] for the depth dimension exceed the dataset coordinates [0.49402499198913574, 5727.9169921875]
INFO - 2026-09-18T22:51:38Z - Total size of the download: 53.33 KB.
  CMEMS currents: 3,209 pts  0.001–2.038 m/s

[CMEMS] Altimetry  (2026-09-17)  0.125 deg, daily
INFO - 2026-09-18T22:51:41Z - Selected dataset version: "202506"
INFO - 2026-09-18T22:51:41Z - Selected dataset part: "default"
INFO - 2026-09-18T22:51:47Z - Total size of the download: 48.11 KB.
  Altimetry: 1,503 pts  SLA -0.334–0.638 m
  Geostrophic currents: 1,503 pts  0.011–1.732 m/s

============================================================
  Exporting ...
    Currents JSON → DailySST/Currents/currents_20260917.json  (337 KB)
    Currents CSV  → DailySST/Currents/currents_20260917.csv  (3,209 rows, 195 KB)
    Altimetry CSV  → DailySST/Altimetry/altimetry_20260917.csv  (1,503 rows, 87 KB)
    Altimetry grid → DailySST/Altimetry/altimetry_20260917_grid.json  (29 KB)

============================================================
  Currents  (CMEMS): 3,209 pts  speed 0.001–2.038 m/s  p98=1.556 m/s
  Altimetry (CMEMS_ALT): 1,503 pts  SSH -0.269–1.237 m
============================================================

  Files → /home/runner/work/SSTv2/SSTv2/DailySST/Currents
         → /home/runner/work/SSTv2/SSTv2/DailySST/Altimetry
