============================================================
  Ocean Dynamics Fetcher — Currents + Altimetry
  Date      : 2026-07-02
  BBOX      : {'lat_min': 33.7, 'lat_max': 39.0, 'lon_min': -78.89, 'lon_max': -72.21}
  Output    : /home/runner/work/SSTv2/SSTv2/DailySST
============================================================

[1/3] HYCOM currents + SSH  (target: 2026-07-02)  ~1/12 deg
  HYCOM catalog found dataset: FMRC_ESPC-D-V02_uv3z
  Trying https://tds.hycom.org/thredds/ncss/FMRC_ESPC-D-V02_uv3z/runs/FMRC_ESPC-D-V02_uv3...
  HYCOM 2026-07-02 12Z failed: 404 Client Error: 404 for url: https://tds.hycom.org/thredds/ncss/FMRC_ESPC-D-V02_uv3z/runs/FMRC_ESPC-D-V02_uv3z_RUN_2026-07-02T12:00:00Z?var=water_u&var=water_v&var=surf_el&north=39.0&south=33.7&west=-78.89&east=-72.21&horizStride=1&vertCoord=0&disableLLSubset=on&disableProjSubset=on&time_start=2026-07-02T12:00:00Z&time_end=2026-07-02T12:00:00Z&accept=netcdf
  Trying https://tds.hycom.org/thredds/ncss/FMRC_ESPC-D-V02_uv3z/FMRC_ESPC-D-V02_uv3z_bes...
  HYCOM 2026-07-02 12Z failed: 400 Client Error: 400 for url: https://tds.hycom.org/thredds/ncss/FMRC_ESPC-D-V02_uv3z/FMRC_ESPC-D-V02_uv3z_best.ncd?var=water_u&var=water_v&var=surf_el&north=39.0&south=33.7&west=-78.89&east=-72.21&horizStride=1&vertCoord=0&disableLLSubset=on&disableProjSubset=on&time_start=2026-07-02T12:00:00Z&time_end=2026-07-02T12:00:00Z&accept=netcdf
  Trying https://tds.hycom.org/thredds/ncss/FMRC_ESPC-D-V02_uv3z/runs/FMRC_ESPC-D-V02_uv3...
  HYCOM 2026-07-02 00Z failed: 404 Client Error: 404 for url: https://tds.hycom.org/thredds/ncss/FMRC_ESPC-D-V02_uv3z/runs/FMRC_ESPC-D-V02_uv3z_RUN_2026-07-02T00:00:00Z?var=water_u&var=water_v&var=surf_el&north=39.0&south=33.7&west=-78.89&east=-72.21&horizStride=1&vertCoord=0&disableLLSubset=on&disableProjSubset=on&time_start=2026-07-02T00:00:00Z&time_end=2026-07-02T00:00:00Z&accept=netcdf
  Trying https://tds.hycom.org/thredds/ncss/FMRC_ESPC-D-V02_uv3z/FMRC_ESPC-D-V02_uv3z_bes...
  HYCOM 2026-07-02 00Z failed: 400 Client Error: 400 for url: https://tds.hycom.org/thredds/ncss/FMRC_ESPC-D-V02_uv3z/FMRC_ESPC-D-V02_uv3z_best.ncd?var=water_u&var=water_v&var=surf_el&north=39.0&south=33.7&west=-78.89&east=-72.21&horizStride=1&vertCoord=0&disableLLSubset=on&disableProjSubset=on&time_start=2026-07-02T00:00:00Z&time_end=2026-07-02T00:00:00Z&accept=netcdf
  Trying https://tds.hycom.org/thredds/ncss/FMRC_ESPC-D-V02_uv3z/runs/FMRC_ESPC-D-V02_uv3...
  HYCOM 2026-07-01 12Z failed: 400 Client Error: 400 for url: https://tds.hycom.org/thredds/ncss/FMRC_ESPC-D-V02_uv3z/runs/FMRC_ESPC-D-V02_uv3z_RUN_2026-07-01T12:00:00Z?var=water_u&var=water_v&var=surf_el&north=39.0&south=33.7&west=-78.89&east=-72.21&horizStride=1&vertCoord=0&disableLLSubset=on&disableProjSubset=on&time_start=2026-07-01T12:00:00Z&time_end=2026-07-01T12:00:00Z&accept=netcdf
  Trying https://tds.hycom.org/thredds/ncss/FMRC_ESPC-D-V02_uv3z/FMRC_ESPC-D-V02_uv3z_bes...
  HYCOM 2026-07-01 12Z failed: 400 Client Error: 400 for url: https://tds.hycom.org/thredds/ncss/FMRC_ESPC-D-V02_uv3z/FMRC_ESPC-D-V02_uv3z_best.ncd?var=water_u&var=water_v&var=surf_el&north=39.0&south=33.7&west=-78.89&east=-72.21&horizStride=1&vertCoord=0&disableLLSubset=on&disableProjSubset=on&time_start=2026-07-01T12:00:00Z&time_end=2026-07-01T12:00:00Z&accept=netcdf
  Trying https://tds.hycom.org/thredds/ncss/FMRC_ESPC-D-V02_uv3z/runs/FMRC_ESPC-D-V02_uv3...
  HYCOM 2026-07-01 00Z failed: 404 Client Error: 404 for url: https://tds.hycom.org/thredds/ncss/FMRC_ESPC-D-V02_uv3z/runs/FMRC_ESPC-D-V02_uv3z_RUN_2026-07-01T00:00:00Z?var=water_u&var=water_v&var=surf_el&north=39.0&south=33.7&west=-78.89&east=-72.21&horizStride=1&vertCoord=0&disableLLSubset=on&disableProjSubset=on&time_start=2026-07-01T00:00:00Z&time_end=2026-07-01T00:00:00Z&accept=netcdf
  Trying https://tds.hycom.org/thredds/ncss/FMRC_ESPC-D-V02_uv3z/FMRC_ESPC-D-V02_uv3z_bes...
  HYCOM 2026-07-01 00Z failed: 400 Client Error: 400 for url: https://tds.hycom.org/thredds/ncss/FMRC_ESPC-D-V02_uv3z/FMRC_ESPC-D-V02_uv3z_best.ncd?var=water_u&var=water_v&var=surf_el&north=39.0&south=33.7&west=-78.89&east=-72.21&horizStride=1&vertCoord=0&disableLLSubset=on&disableProjSubset=on&time_start=2026-07-01T00:00:00Z&time_end=2026-07-01T00:00:00Z&accept=netcdf
  HYCOM: all attempts failed

[2/3] OSCAR currents  (target: 2026-07-02)  1/3 deg, 5-day composite
  Trying OSCAR_L4_OC_NRT_V2.1 @ coastwatch.pfeg.noaa.gov 2026-07-02 ...
  OSCAR_L4_OC_NRT_V2.1 @ coastwatch.pfeg.noaa.gov 2026-07-02: 403 Client Error:  for url: https://coastwatch.pfeg.noaa.gov/erddap/griddap/OSCAR_L4_OC_NRT_V2.1.nc?u%5B(2026-07-02T00:00:00Z)%5D%5B(0.0)%5D%5B(33.7):1:(39.0)%5D%5B(-78.89):1:(-72.21)%5D,v%5B(2026-07-02T00:00:00Z)%5D%5B(0.0)%5D%5B(33.7):1:(39.0)%5D%5B(-78.89):1:(-72.21)%5D
  Trying OSCAR_L4_OC_NRT_V2.1 @ upwell.pfeg.noaa.gov 2026-07-02 ...
  OSCAR_L4_OC_NRT_V2.1 @ upwell.pfeg.noaa.gov 2026-07-02: HTTPSConnectionPool(host='upwell.pfeg.noaa.gov', port=443): Max retries exceeded with url: /erddap/griddap/OSCAR_L4_OC_NRT_V2.1.nc?u%5B(2026-07-02T00:00:00Z)%5D%5B(0.0)%5D%5B(33.7):1:(39.0)%5D%5B(-78.89):1:(-72.21)%5D,v%5B(2026-07-02T00:00:00Z)%5D%5B(0.0)%5D%5B(33.7):1:(39.0)%5D%5B(-78.89):1:(-72.21)%5D (Caused by ConnectTimeoutError(<HTTPSConnection(host='upwell.pfeg.noaa.gov', port=443) at 0x7f30c9b58e50>, 'Connection to upwell.pfeg.noaa.gov timed out. (connect timeout=8)'))
  Trying OSCAR_L4_OC_NRT_V2.1 @ coastwatch.pfeg.noaa.gov 2026-07-01 ...
  OSCAR_L4_OC_NRT_V2.1 @ coastwatch.pfeg.noaa.gov 2026-07-01: 403 Client Error:  for url: https://coastwatch.pfeg.noaa.gov/erddap/griddap/OSCAR_L4_OC_NRT_V2.1.nc?u%5B(2026-07-01T00:00:00Z)%5D%5B(0.0)%5D%5B(33.7):1:(39.0)%5D%5B(-78.89):1:(-72.21)%5D,v%5B(2026-07-01T00:00:00Z)%5D%5B(0.0)%5D%5B(33.7):1:(39.0)%5D%5B(-78.89):1:(-72.21)%5D
  Trying OSCAR_L4_OC_NRT_V2.1 @ upwell.pfeg.noaa.gov 2026-07-01 ...
  OSCAR_L4_OC_NRT_V2.1 @ upwell.pfeg.noaa.gov 2026-07-01: HTTPSConnectionPool(host='upwell.pfeg.noaa.gov', port=443): Max retries exceeded with url: /erddap/griddap/OSCAR_L4_OC_NRT_V2.1.nc?u%5B(2026-07-01T00:00:00Z)%5D%5B(0.0)%5D%5B(33.7):1:(39.0)%5D%5B(-78.89):1:(-72.21)%5D,v%5B(2026-07-01T00:00:00Z)%5D%5B(0.0)%5D%5B(33.7):1:(39.0)%5D%5B(-78.89):1:(-72.21)%5D (Caused by ConnectTimeoutError(<HTTPSConnection(host='upwell.pfeg.noaa.gov', port=443) at 0x7f30c9b481d0>, 'Connection to upwell.pfeg.noaa.gov timed out. (connect timeout=8)'))
  Trying OSCAR_L4_OC_NRT_V2.1 @ coastwatch.pfeg.noaa.gov 2026-06-30 ...
  OSCAR_L4_OC_NRT_V2.1 @ coastwatch.pfeg.noaa.gov 2026-06-30: 403 Client Error:  for url: https://coastwatch.pfeg.noaa.gov/erddap/griddap/OSCAR_L4_OC_NRT_V2.1.nc?u%5B(2026-06-30T00:00:00Z)%5D%5B(0.0)%5D%5B(33.7):1:(39.0)%5D%5B(-78.89):1:(-72.21)%5D,v%5B(2026-06-30T00:00:00Z)%5D%5B(0.0)%5D%5B(33.7):1:(39.0)%5D%5B(-78.89):1:(-72.21)%5D
  Trying OSCAR_L4_OC_NRT_V2.1 @ upwell.pfeg.noaa.gov 2026-06-30 ...
  OSCAR_L4_OC_NRT_V2.1 @ upwell.pfeg.noaa.gov 2026-06-30: HTTPSConnectionPool(host='upwell.pfeg.noaa.gov', port=443): Max retries exceeded with url: /erddap/griddap/OSCAR_L4_OC_NRT_V2.1.nc?u%5B(2026-06-30T00:00:00Z)%5D%5B(0.0)%5D%5B(33.7):1:(39.0)%5D%5B(-78.89):1:(-72.21)%5D,v%5B(2026-06-30T00:00:00Z)%5D%5B(0.0)%5D%5B(33.7):1:(39.0)%5D%5B(-78.89):1:(-72.21)%5D (Caused by ConnectTimeoutError(<HTTPSConnection(host='upwell.pfeg.noaa.gov', port=443) at 0x7f30c9b5a2d0>, 'Connection to upwell.pfeg.noaa.gov timed out. (connect timeout=8)'))
  Trying OSCAR_L4_OC_NRT_V2.1 @ coastwatch.pfeg.noaa.gov 2026-06-29 ...
  OSCAR_L4_OC_NRT_V2.1 @ coastwatch.pfeg.noaa.gov 2026-06-29: 403 Client Error:  for url: https://coastwatch.pfeg.noaa.gov/erddap/griddap/OSCAR_L4_OC_NRT_V2.1.nc?u%5B(2026-06-29T00:00:00Z)%5D%5B(0.0)%5D%5B(33.7):1:(39.0)%5D%5B(-78.89):1:(-72.21)%5D,v%5B(2026-06-29T00:00:00Z)%5D%5B(0.0)%5D%5B(33.7):1:(39.0)%5D%5B(-78.89):1:(-72.21)%5D
  Trying OSCAR_L4_OC_NRT_V2.1 @ upwell.pfeg.noaa.gov 2026-06-29 ...
  OSCAR_L4_OC_NRT_V2.1 @ upwell.pfeg.noaa.gov 2026-06-29: HTTPSConnectionPool(host='upwell.pfeg.noaa.gov', port=443): Max retries exceeded with url: /erddap/griddap/OSCAR_L4_OC_NRT_V2.1.nc?u%5B(2026-06-29T00:00:00Z)%5D%5B(0.0)%5D%5B(33.7):1:(39.0)%5D%5B(-78.89):1:(-72.21)%5D,v%5B(2026-06-29T00:00:00Z)%5D%5B(0.0)%5D%5B(33.7):1:(39.0)%5D%5B(-78.89):1:(-72.21)%5D (Caused by ConnectTimeoutError(<HTTPSConnection(host='upwell.pfeg.noaa.gov', port=443) at 0x7f30c9b5b0d0>, 'Connection to upwell.pfeg.noaa.gov timed out. (connect timeout=8)'))
  Trying OSCAR_L4_OC_NRT_V2.1 @ coastwatch.pfeg.noaa.gov 2026-06-28 ...
  OSCAR_L4_OC_NRT_V2.1 @ coastwatch.pfeg.noaa.gov 2026-06-28: 403 Client Error:  for url: https://coastwatch.pfeg.noaa.gov/erddap/griddap/OSCAR_L4_OC_NRT_V2.1.nc?u%5B(2026-06-28T00:00:00Z)%5D%5B(0.0)%5D%5B(33.7):1:(39.0)%5D%5B(-78.89):1:(-72.21)%5D,v%5B(2026-06-28T00:00:00Z)%5D%5B(0.0)%5D%5B(33.7):1:(39.0)%5D%5B(-78.89):1:(-72.21)%5D
  Trying OSCAR_L4_OC_NRT_V2.1 @ upwell.pfeg.noaa.gov 2026-06-28 ...
  OSCAR_L4_OC_NRT_V2.1 @ upwell.pfeg.noaa.gov 2026-06-28: HTTPSConnectionPool(host='upwell.pfeg.noaa.gov', port=443): Max retries exceeded with url: /erddap/griddap/OSCAR_L4_OC_NRT_V2.1.nc?u%5B(2026-06-28T00:00:00Z)%5D%5B(0.0)%5D%5B(33.7):1:(39.0)%5D%5B(-78.89):1:(-72.21)%5D,v%5B(2026-06-28T00:00:00Z)%5D%5B(0.0)%5D%5B(33.7):1:(39.0)%5D%5B(-78.89):1:(-72.21)%5D (Caused by ConnectTimeoutError(<HTTPSConnection(host='upwell.pfeg.noaa.gov', port=443) at 0x7f30c9b5b290>, 'Connection to upwell.pfeg.noaa.gov timed out. (connect timeout=8)'))
  Trying OSCAR_L4_OC_NRT_V2.1 @ coastwatch.pfeg.noaa.gov 2026-06-27 ...
  OSCAR_L4_OC_NRT_V2.1 @ coastwatch.pfeg.noaa.gov 2026-06-27: 403 Client Error:  for url: https://coastwatch.pfeg.noaa.gov/erddap/griddap/OSCAR_L4_OC_NRT_V2.1.nc?u%5B(2026-06-27T00:00:00Z)%5D%5B(0.0)%5D%5B(33.7):1:(39.0)%5D%5B(-78.89):1:(-72.21)%5D,v%5B(2026-06-27T00:00:00Z)%5D%5B(0.0)%5D%5B(33.7):1:(39.0)%5D%5B(-78.89):1:(-72.21)%5D
  Trying OSCAR_L4_OC_NRT_V2.1 @ upwell.pfeg.noaa.gov 2026-06-27 ...
  OSCAR_L4_OC_NRT_V2.1 @ upwell.pfeg.noaa.gov 2026-06-27: HTTPSConnectionPool(host='upwell.pfeg.noaa.gov', port=443): Max retries exceeded with url: /erddap/griddap/OSCAR_L4_OC_NRT_V2.1.nc?u%5B(2026-06-27T00:00:00Z)%5D%5B(0.0)%5D%5B(33.7):1:(39.0)%5D%5B(-78.89):1:(-72.21)%5D,v%5B(2026-06-27T00:00:00Z)%5D%5B(0.0)%5D%5B(33.7):1:(39.0)%5D%5B(-78.89):1:(-72.21)%5D (Caused by ConnectTimeoutError(<HTTPSConnection(host='upwell.pfeg.noaa.gov', port=443) at 0x7f30c9970210>, 'Connection to upwell.pfeg.noaa.gov timed out. (connect timeout=8)'))
  Trying OSCAR_L4_OC_NRT_V2.0 @ coastwatch.pfeg.noaa.gov 2026-07-02 ...
  OSCAR_L4_OC_NRT_V2.0 @ coastwatch.pfeg.noaa.gov 2026-07-02: 403 Client Error:  for url: https://coastwatch.pfeg.noaa.gov/erddap/griddap/OSCAR_L4_OC_NRT_V2.0.nc?u%5B(2026-07-02T00:00:00Z)%5D%5B(0.0)%5D%5B(33.7):1:(39.0)%5D%5B(-78.89):1:(-72.21)%5D,v%5B(2026-07-02T00:00:00Z)%5D%5B(0.0)%5D%5B(33.7):1:(39.0)%5D%5B(-78.89):1:(-72.21)%5D
  Trying OSCAR_L4_OC_NRT_V2.0 @ upwell.pfeg.noaa.gov 2026-07-02 ...
  OSCAR_L4_OC_NRT_V2.0 @ upwell.pfeg.noaa.gov 2026-07-02: HTTPSConnectionPool(host='upwell.pfeg.noaa.gov', port=443): Max retries exceeded with url: /erddap/griddap/OSCAR_L4_OC_NRT_V2.0.nc?u%5B(2026-07-02T00:00:00Z)%5D%5B(0.0)%5D%5B(33.7):1:(39.0)%5D%5B(-78.89):1:(-72.21)%5D,v%5B(2026-07-02T00:00:00Z)%5D%5B(0.0)%5D%5B(33.7):1:(39.0)%5D%5B(-78.89):1:(-72.21)%5D (Caused by ConnectTimeoutError(<HTTPSConnection(host='upwell.pfeg.noaa.gov', port=443) at 0x7f30c99719d0>, 'Connection to upwell.pfeg.noaa.gov timed out. (connect timeout=8)'))
  Trying OSCAR_L4_OC_NRT_V2.0 @ coastwatch.pfeg.noaa.gov 2026-07-01 ...
  OSCAR_L4_OC_NRT_V2.0 @ coastwatch.pfeg.noaa.gov 2026-07-01: 403 Client Error:  for url: https://coastwatch.pfeg.noaa.gov/erddap/griddap/OSCAR_L4_OC_NRT_V2.0.nc?u%5B(2026-07-01T00:00:00Z)%5D%5B(0.0)%5D%5B(33.7):1:(39.0)%5D%5B(-78.89):1:(-72.21)%5D,v%5B(2026-07-01T00:00:00Z)%5D%5B(0.0)%5D%5B(33.7):1:(39.0)%5D%5B(-78.89):1:(-72.21)%5D
  Trying OSCAR_L4_OC_NRT_V2.0 @ upwell.pfeg.noaa.gov 2026-07-01 ...
  OSCAR_L4_OC_NRT_V2.0 @ upwell.pfeg.noaa.gov 2026-07-01: HTTPSConnectionPool(host='upwell.pfeg.noaa.gov', port=443): Max retries exceeded with url: /erddap/griddap/OSCAR_L4_OC_NRT_V2.0.nc?u%5B(2026-07-01T00:00:00Z)%5D%5B(0.0)%5D%5B(33.7):1:(39.0)%5D%5B(-78.89):1:(-72.21)%5D,v%5B(2026-07-01T00:00:00Z)%5D%5B(0.0)%5D%5B(33.7):1:(39.0)%5D%5B(-78.89):1:(-72.21)%5D (Caused by ConnectTimeoutError(<HTTPSConnection(host='upwell.pfeg.noaa.gov', port=443) at 0x7f30c99735d0>, 'Connection to upwell.pfeg.noaa.gov timed out. (connect timeout=8)'))
  Trying OSCAR_L4_OC_NRT_V2.0 @ coastwatch.pfeg.noaa.gov 2026-06-30 ...
  OSCAR_L4_OC_NRT_V2.0 @ coastwatch.pfeg.noaa.gov 2026-06-30: 403 Client Error:  for url: https://coastwatch.pfeg.noaa.gov/erddap/griddap/OSCAR_L4_OC_NRT_V2.0.nc?u%5B(2026-06-30T00:00:00Z)%5D%5B(0.0)%5D%5B(33.7):1:(39.0)%5D%5B(-78.89):1:(-72.21)%5D,v%5B(2026-06-30T00:00:00Z)%5D%5B(0.0)%5D%5B(33.7):1:(39.0)%5D%5B(-78.89):1:(-72.21)%5D
  Trying OSCAR_L4_OC_NRT_V2.0 @ upwell.pfeg.noaa.gov 2026-06-30 ...
  OSCAR_L4_OC_NRT_V2.0 @ upwell.pfeg.noaa.gov 2026-06-30: HTTPSConnectionPool(host='upwell.pfeg.noaa.gov', port=443): Max retries exceeded with url: /erddap/griddap/OSCAR_L4_OC_NRT_V2.0.nc?u%5B(2026-06-30T00:00:00Z)%5D%5B(0.0)%5D%5B(33.7):1:(39.0)%5D%5B(-78.89):1:(-72.21)%5D,v%5B(2026-06-30T00:00:00Z)%5D%5B(0.0)%5D%5B(33.7):1:(39.0)%5D%5B(-78.89):1:(-72.21)%5D (Caused by ConnectTimeoutError(<HTTPSConnection(host='upwell.pfeg.noaa.gov', port=443) at 0x7f30c997cf90>, 'Connection to upwell.pfeg.noaa.gov timed out. (connect timeout=8)'))
  Trying OSCAR_L4_OC_NRT_V2.0 @ coastwatch.pfeg.noaa.gov 2026-06-29 ...
  OSCAR_L4_OC_NRT_V2.0 @ coastwatch.pfeg.noaa.gov 2026-06-29: 403 Client Error:  for url: https://coastwatch.pfeg.noaa.gov/erddap/griddap/OSCAR_L4_OC_NRT_V2.0.nc?u%5B(2026-06-29T00:00:00Z)%5D%5B(0.0)%5D%5B(33.7):1:(39.0)%5D%5B(-78.89):1:(-72.21)%5D,v%5B(2026-06-29T00:00:00Z)%5D%5B(0.0)%5D%5B(33.7):1:(39.0)%5D%5B(-78.89):1:(-72.21)%5D
  Trying OSCAR_L4_OC_NRT_V2.0 @ upwell.pfeg.noaa.gov 2026-06-29 ...
  OSCAR_L4_OC_NRT_V2.0 @ upwell.pfeg.noaa.gov 2026-06-29: HTTPSConnectionPool(host='upwell.pfeg.noaa.gov', port=443): Max retries exceeded with url: /erddap/griddap/OSCAR_L4_OC_NRT_V2.0.nc?u%5B(2026-06-29T00:00:00Z)%5D%5B(0.0)%5D%5B(33.7):1:(39.0)%5D%5B(-78.89):1:(-72.21)%5D,v%5B(2026-06-29T00:00:00Z)%5D%5B(0.0)%5D%5B(33.7):1:(39.0)%5D%5B(-78.89):1:(-72.21)%5D (Caused by ConnectTimeoutError(<HTTPSConnection(host='upwell.pfeg.noaa.gov', port=443) at 0x7f30c9b5a950>, 'Connection to upwell.pfeg.noaa.gov timed out. (connect timeout=8)'))
  Trying OSCAR_L4_OC_NRT_V2.0 @ coastwatch.pfeg.noaa.gov 2026-06-28 ...
  OSCAR_L4_OC_NRT_V2.0 @ coastwatch.pfeg.noaa.gov 2026-06-28: 403 Client Error:  for url: https://coastwatch.pfeg.noaa.gov/erddap/griddap/OSCAR_L4_OC_NRT_V2.0.nc?u%5B(2026-06-28T00:00:00Z)%5D%5B(0.0)%5D%5B(33.7):1:(39.0)%5D%5B(-78.89):1:(-72.21)%5D,v%5B(2026-06-28T00:00:00Z)%5D%5B(0.0)%5D%5B(33.7):1:(39.0)%5D%5B(-78.89):1:(-72.21)%5D
  Trying OSCAR_L4_OC_NRT_V2.0 @ upwell.pfeg.noaa.gov 2026-06-28 ...
  OSCAR_L4_OC_NRT_V2.0 @ upwell.pfeg.noaa.gov 2026-06-28: HTTPSConnectionPool(host='upwell.pfeg.noaa.gov', port=443): Max retries exceeded with url: /erddap/griddap/OSCAR_L4_OC_NRT_V2.0.nc?u%5B(2026-06-28T00:00:00Z)%5D%5B(0.0)%5D%5B(33.7):1:(39.0)%5D%5B(-78.89):1:(-72.21)%5D,v%5B(2026-06-28T00:00:00Z)%5D%5B(0.0)%5D%5B(33.7):1:(39.0)%5D%5B(-78.89):1:(-72.21)%5D (Caused by ConnectTimeoutError(<HTTPSConnection(host='upwell.pfeg.noaa.gov', port=443) at 0x7f30c9b58350>, 'Connection to upwell.pfeg.noaa.gov timed out. (connect timeout=8)'))
  Trying OSCAR_L4_OC_NRT_V2.0 @ coastwatch.pfeg.noaa.gov 2026-06-27 ...
  OSCAR_L4_OC_NRT_V2.0 @ coastwatch.pfeg.noaa.gov 2026-06-27: 403 Client Error:  for url: https://coastwatch.pfeg.noaa.gov/erddap/griddap/OSCAR_L4_OC_NRT_V2.0.nc?u%5B(2026-06-27T00:00:00Z)%5D%5B(0.0)%5D%5B(33.7):1:(39.0)%5D%5B(-78.89):1:(-72.21)%5D,v%5B(2026-06-27T00:00:00Z)%5D%5B(0.0)%5D%5B(33.7):1:(39.0)%5D%5B(-78.89):1:(-72.21)%5D
  Trying OSCAR_L4_OC_NRT_V2.0 @ upwell.pfeg.noaa.gov 2026-06-27 ...
  OSCAR_L4_OC_NRT_V2.0 @ upwell.pfeg.noaa.gov 2026-06-27: HTTPSConnectionPool(host='upwell.pfeg.noaa.gov', port=443): Max retries exceeded with url: /erddap/griddap/OSCAR_L4_OC_NRT_V2.0.nc?u%5B(2026-06-27T00:00:00Z)%5D%5B(0.0)%5D%5B(33.7):1:(39.0)%5D%5B(-78.89):1:(-72.21)%5D,v%5B(2026-06-27T00:00:00Z)%5D%5B(0.0)%5D%5B(33.7):1:(39.0)%5D%5B(-78.89):1:(-72.21)%5D (Caused by ConnectTimeoutError(<HTTPSConnection(host='upwell.pfeg.noaa.gov', port=443) at 0x7f30c9b48690>, 'Connection to upwell.pfeg.noaa.gov timed out. (connect timeout=8)'))
  Trying jplOscarV2NRT5day @ coastwatch.pfeg.noaa.gov 2026-07-02 ...
  jplOscarV2NRT5day @ coastwatch.pfeg.noaa.gov 2026-07-02: 403 Client Error:  for url: https://coastwatch.pfeg.noaa.gov/erddap/griddap/jplOscarV2NRT5day.nc?u%5B(2026-07-02T00:00:00Z)%5D%5B(0.0)%5D%5B(33.7):1:(39.0)%5D%5B(-78.89):1:(-72.21)%5D,v%5B(2026-07-02T00:00:00Z)%5D%5B(0.0)%5D%5B(33.7):1:(39.0)%5D%5B(-78.89):1:(-72.21)%5D
  Trying jplOscarV2NRT5day @ upwell.pfeg.noaa.gov 2026-07-02 ...
  jplOscarV2NRT5day @ upwell.pfeg.noaa.gov 2026-07-02: HTTPSConnectionPool(host='upwell.pfeg.noaa.gov', port=443): Max retries exceeded with url: /erddap/griddap/jplOscarV2NRT5day.nc?u%5B(2026-07-02T00:00:00Z)%5D%5B(0.0)%5D%5B(33.7):1:(39.0)%5D%5B(-78.89):1:(-72.21)%5D,v%5B(2026-07-02T00:00:00Z)%5D%5B(0.0)%5D%5B(33.7):1:(39.0)%5D%5B(-78.89):1:(-72.21)%5D (Caused by ConnectTimeoutError(<HTTPSConnection(host='upwell.pfeg.noaa.gov', port=443) at 0x7f30c9971950>, 'Connection to upwell.pfeg.noaa.gov timed out. (connect timeout=8)'))
  Trying jplOscarV2NRT5day @ coastwatch.pfeg.noaa.gov 2026-07-01 ...
  jplOscarV2NRT5day @ coastwatch.pfeg.noaa.gov 2026-07-01: 403 Client Error:  for url: https://coastwatch.pfeg.noaa.gov/erddap/griddap/jplOscarV2NRT5day.nc?u%5B(2026-07-01T00:00:00Z)%5D%5B(0.0)%5D%5B(33.7):1:(39.0)%5D%5B(-78.89):1:(-72.21)%5D,v%5B(2026-07-01T00:00:00Z)%5D%5B(0.0)%5D%5B(33.7):1:(39.0)%5D%5B(-78.89):1:(-72.21)%5D
  Trying jplOscarV2NRT5day @ upwell.pfeg.noaa.gov 2026-07-01 ...
  jplOscarV2NRT5day @ upwell.pfeg.noaa.gov 2026-07-01: HTTPSConnectionPool(host='upwell.pfeg.noaa.gov', port=443): Max retries exceeded with url: /erddap/griddap/jplOscarV2NRT5day.nc?u%5B(2026-07-01T00:00:00Z)%5D%5B(0.0)%5D%5B(33.7):1:(39.0)%5D%5B(-78.89):1:(-72.21)%5D,v%5B(2026-07-01T00:00:00Z)%5D%5B(0.0)%5D%5B(33.7):1:(39.0)%5D%5B(-78.89):1:(-72.21)%5D (Caused by ConnectTimeoutError(<HTTPSConnection(host='upwell.pfeg.noaa.gov', port=443) at 0x7f30c9971850>, 'Connection to upwell.pfeg.noaa.gov timed out. (connect timeout=8)'))
  Trying jplOscarV2NRT5day @ coastwatch.pfeg.noaa.gov 2026-06-30 ...
  jplOscarV2NRT5day @ coastwatch.pfeg.noaa.gov 2026-06-30: 403 Client Error:  for url: https://coastwatch.pfeg.noaa.gov/erddap/griddap/jplOscarV2NRT5day.nc?u%5B(2026-06-30T00:00:00Z)%5D%5B(0.0)%5D%5B(33.7):1:(39.0)%5D%5B(-78.89):1:(-72.21)%5D,v%5B(2026-06-30T00:00:00Z)%5D%5B(0.0)%5D%5B(33.7):1:(39.0)%5D%5B(-78.89):1:(-72.21)%5D
  Trying jplOscarV2NRT5day @ upwell.pfeg.noaa.gov 2026-06-30 ...
  jplOscarV2NRT5day @ upwell.pfeg.noaa.gov 2026-06-30: HTTPSConnectionPool(host='upwell.pfeg.noaa.gov', port=443): Max retries exceeded with url: /erddap/griddap/jplOscarV2NRT5day.nc?u%5B(2026-06-30T00:00:00Z)%5D%5B(0.0)%5D%5B(33.7):1:(39.0)%5D%5B(-78.89):1:(-72.21)%5D,v%5B(2026-06-30T00:00:00Z)%5D%5B(0.0)%5D%5B(33.7):1:(39.0)%5D%5B(-78.89):1:(-72.21)%5D (Caused by ConnectTimeoutError(<HTTPSConnection(host='upwell.pfeg.noaa.gov', port=443) at 0x7f30c997e210>, 'Connection to upwell.pfeg.noaa.gov timed out. (connect timeout=8)'))
  Trying jplOscarV2NRT5day @ coastwatch.pfeg.noaa.gov 2026-06-29 ...
  jplOscarV2NRT5day @ coastwatch.pfeg.noaa.gov 2026-06-29: 403 Client Error:  for url: https://coastwatch.pfeg.noaa.gov/erddap/griddap/jplOscarV2NRT5day.nc?u%5B(2026-06-29T00:00:00Z)%5D%5B(0.0)%5D%5B(33.7):1:(39.0)%5D%5B(-78.89):1:(-72.21)%5D,v%5B(2026-06-29T00:00:00Z)%5D%5B(0.0)%5D%5B(33.7):1:(39.0)%5D%5B(-78.89):1:(-72.21)%5D
  Trying jplOscarV2NRT5day @ upwell.pfeg.noaa.gov 2026-06-29 ...
  jplOscarV2NRT5day @ upwell.pfeg.noaa.gov 2026-06-29: HTTPSConnectionPool(host='upwell.pfeg.noaa.gov', port=443): Max retries exceeded with url: /erddap/griddap/jplOscarV2NRT5day.nc?u%5B(2026-06-29T00:00:00Z)%5D%5B(0.0)%5D%5B(33.7):1:(39.0)%5D%5B(-78.89):1:(-72.21)%5D,v%5B(2026-06-29T00:00:00Z)%5D%5B(0.0)%5D%5B(33.7):1:(39.0)%5D%5B(-78.89):1:(-72.21)%5D (Caused by ConnectTimeoutError(<HTTPSConnection(host='upwell.pfeg.noaa.gov', port=443) at 0x7f30c997fb10>, 'Connection to upwell.pfeg.noaa.gov timed out. (connect timeout=8)'))
  Trying jplOscarV2NRT5day @ coastwatch.pfeg.noaa.gov 2026-06-28 ...
  jplOscarV2NRT5day @ coastwatch.pfeg.noaa.gov 2026-06-28: 403 Client Error:  for url: https://coastwatch.pfeg.noaa.gov/erddap/griddap/jplOscarV2NRT5day.nc?u%5B(2026-06-28T00:00:00Z)%5D%5B(0.0)%5D%5B(33.7):1:(39.0)%5D%5B(-78.89):1:(-72.21)%5D,v%5B(2026-06-28T00:00:00Z)%5D%5B(0.0)%5D%5B(33.7):1:(39.0)%5D%5B(-78.89):1:(-72.21)%5D
  Trying jplOscarV2NRT5day @ upwell.pfeg.noaa.gov 2026-06-28 ...
  jplOscarV2NRT5day @ upwell.pfeg.noaa.gov 2026-06-28: HTTPSConnectionPool(host='upwell.pfeg.noaa.gov', port=443): Max retries exceeded with url: /erddap/griddap/jplOscarV2NRT5day.nc?u%5B(2026-06-28T00:00:00Z)%5D%5B(0.0)%5D%5B(33.7):1:(39.0)%5D%5B(-78.89):1:(-72.21)%5D,v%5B(2026-06-28T00:00:00Z)%5D%5B(0.0)%5D%5B(33.7):1:(39.0)%5D%5B(-78.89):1:(-72.21)%5D (Caused by ConnectTimeoutError(<HTTPSConnection(host='upwell.pfeg.noaa.gov', port=443) at 0x7f30c9985410>, 'Connection to upwell.pfeg.noaa.gov timed out. (connect timeout=8)'))
  Trying jplOscarV2NRT5day @ coastwatch.pfeg.noaa.gov 2026-06-27 ...
  jplOscarV2NRT5day @ coastwatch.pfeg.noaa.gov 2026-06-27: 403 Client Error:  for url: https://coastwatch.pfeg.noaa.gov/erddap/griddap/jplOscarV2NRT5day.nc?u%5B(2026-06-27T00:00:00Z)%5D%5B(0.0)%5D%5B(33.7):1:(39.0)%5D%5B(-78.89):1:(-72.21)%5D,v%5B(2026-06-27T00:00:00Z)%5D%5B(0.0)%5D%5B(33.7):1:(39.0)%5D%5B(-78.89):1:(-72.21)%5D
  Trying jplOscarV2NRT5day @ upwell.pfeg.noaa.gov 2026-06-27 ...
  jplOscarV2NRT5day @ upwell.pfeg.noaa.gov 2026-06-27: HTTPSConnectionPool(host='upwell.pfeg.noaa.gov', port=443): Max retries exceeded with url: /erddap/griddap/jplOscarV2NRT5day.nc?u%5B(2026-06-27T00:00:00Z)%5D%5B(0.0)%5D%5B(33.7):1:(39.0)%5D%5B(-78.89):1:(-72.21)%5D,v%5B(2026-06-27T00:00:00Z)%5D%5B(0.0)%5D%5B(33.7):1:(39.0)%5D%5B(-78.89):1:(-72.21)%5D (Caused by ConnectTimeoutError(<HTTPSConnection(host='upwell.pfeg.noaa.gov', port=443) at 0x7f30c9971710>, 'Connection to upwell.pfeg.noaa.gov timed out. (connect timeout=8)'))
  Trying jplOscar1day @ coastwatch.pfeg.noaa.gov 2026-07-02 ...
  jplOscar1day @ coastwatch.pfeg.noaa.gov 2026-07-02: 403 Client Error:  for url: https://coastwatch.pfeg.noaa.gov/erddap/griddap/jplOscar1day.nc?u%5B(2026-07-02T00:00:00Z)%5D%5B(0.0)%5D%5B(33.7):1:(39.0)%5D%5B(-78.89):1:(-72.21)%5D,v%5B(2026-07-02T00:00:00Z)%5D%5B(0.0)%5D%5B(33.7):1:(39.0)%5D%5B(-78.89):1:(-72.21)%5D
  Trying jplOscar1day @ upwell.pfeg.noaa.gov 2026-07-02 ...
  jplOscar1day @ upwell.pfeg.noaa.gov 2026-07-02: HTTPSConnectionPool(host='upwell.pfeg.noaa.gov', port=443): Max retries exceeded with url: /erddap/griddap/jplOscar1day.nc?u%5B(2026-07-02T00:00:00Z)%5D%5B(0.0)%5D%5B(33.7):1:(39.0)%5D%5B(-78.89):1:(-72.21)%5D,v%5B(2026-07-02T00:00:00Z)%5D%5B(0.0)%5D%5B(33.7):1:(39.0)%5D%5B(-78.89):1:(-72.21)%5D (Caused by ConnectTimeoutError(<HTTPSConnection(host='upwell.pfeg.noaa.gov', port=443) at 0x7f30c9972250>, 'Connection to upwell.pfeg.noaa.gov timed out. (connect timeout=8)'))
  Trying jplOscar1day @ coastwatch.pfeg.noaa.gov 2026-07-01 ...
  jplOscar1day @ coastwatch.pfeg.noaa.gov 2026-07-01: 403 Client Error:  for url: https://coastwatch.pfeg.noaa.gov/erddap/griddap/jplOscar1day.nc?u%5B(2026-07-01T00:00:00Z)%5D%5B(0.0)%5D%5B(33.7):1:(39.0)%5D%5B(-78.89):1:(-72.21)%5D,v%5B(2026-07-01T00:00:00Z)%5D%5B(0.0)%5D%5B(33.7):1:(39.0)%5D%5B(-78.89):1:(-72.21)%5D
  Trying jplOscar1day @ upwell.pfeg.noaa.gov 2026-07-01 ...
  jplOscar1day @ upwell.pfeg.noaa.gov 2026-07-01: HTTPSConnectionPool(host='upwell.pfeg.noaa.gov', port=443): Max retries exceeded with url: /erddap/griddap/jplOscar1day.nc?u%5B(2026-07-01T00:00:00Z)%5D%5B(0.0)%5D%5B(33.7):1:(39.0)%5D%5B(-78.89):1:(-72.21)%5D,v%5B(2026-07-01T00:00:00Z)%5D%5B(0.0)%5D%5B(33.7):1:(39.0)%5D%5B(-78.89):1:(-72.21)%5D (Caused by ConnectTimeoutError(<HTTPSConnection(host='upwell.pfeg.noaa.gov', port=443) at 0x7f30c997d350>, 'Connection to upwell.pfeg.noaa.gov timed out. (connect timeout=8)'))
  Trying jplOscar1day @ coastwatch.pfeg.noaa.gov 2026-06-30 ...
  jplOscar1day @ coastwatch.pfeg.noaa.gov 2026-06-30: 403 Client Error:  for url: https://coastwatch.pfeg.noaa.gov/erddap/griddap/jplOscar1day.nc?u%5B(2026-06-30T00:00:00Z)%5D%5B(0.0)%5D%5B(33.7):1:(39.0)%5D%5B(-78.89):1:(-72.21)%5D,v%5B(2026-06-30T00:00:00Z)%5D%5B(0.0)%5D%5B(33.7):1:(39.0)%5D%5B(-78.89):1:(-72.21)%5D
  Trying jplOscar1day @ upwell.pfeg.noaa.gov 2026-06-30 ...
  jplOscar1day @ upwell.pfeg.noaa.gov 2026-06-30: HTTPSConnectionPool(host='upwell.pfeg.noaa.gov', port=443): Max retries exceeded with url: /erddap/griddap/jplOscar1day.nc?u%5B(2026-06-30T00:00:00Z)%5D%5B(0.0)%5D%5B(33.7):1:(39.0)%5D%5B(-78.89):1:(-72.21)%5D,v%5B(2026-06-30T00:00:00Z)%5D%5B(0.0)%5D%5B(33.7):1:(39.0)%5D%5B(-78.89):1:(-72.21)%5D (Caused by ConnectTimeoutError(<HTTPSConnection(host='upwell.pfeg.noaa.gov', port=443) at 0x7f30c9b58910>, 'Connection to upwell.pfeg.noaa.gov timed out. (connect timeout=8)'))
  Trying jplOscar1day @ coastwatch.pfeg.noaa.gov 2026-06-29 ...
  jplOscar1day @ coastwatch.pfeg.noaa.gov 2026-06-29: 403 Client Error:  for url: https://coastwatch.pfeg.noaa.gov/erddap/griddap/jplOscar1day.nc?u%5B(2026-06-29T00:00:00Z)%5D%5B(0.0)%5D%5B(33.7):1:(39.0)%5D%5B(-78.89):1:(-72.21)%5D,v%5B(2026-06-29T00:00:00Z)%5D%5B(0.0)%5D%5B(33.7):1:(39.0)%5D%5B(-78.89):1:(-72.21)%5D
  Trying jplOscar1day @ upwell.pfeg.noaa.gov 2026-06-29 ...
  jplOscar1day @ upwell.pfeg.noaa.gov 2026-06-29: HTTPSConnectionPool(host='upwell.pfeg.noaa.gov', port=443): Max retries exceeded with url: /erddap/griddap/jplOscar1day.nc?u%5B(2026-06-29T00:00:00Z)%5D%5B(0.0)%5D%5B(33.7):1:(39.0)%5D%5B(-78.89):1:(-72.21)%5D,v%5B(2026-06-29T00:00:00Z)%5D%5B(0.0)%5D%5B(33.7):1:(39.0)%5D%5B(-78.89):1:(-72.21)%5D (Caused by ConnectTimeoutError(<HTTPSConnection(host='upwell.pfeg.noaa.gov', port=443) at 0x7f30c9b5b910>, 'Connection to upwell.pfeg.noaa.gov timed out. (connect timeout=8)'))
  Trying jplOscar1day @ coastwatch.pfeg.noaa.gov 2026-06-28 ...
  jplOscar1day @ coastwatch.pfeg.noaa.gov 2026-06-28: 403 Client Error:  for url: https://coastwatch.pfeg.noaa.gov/erddap/griddap/jplOscar1day.nc?u%5B(2026-06-28T00:00:00Z)%5D%5B(0.0)%5D%5B(33.7):1:(39.0)%5D%5B(-78.89):1:(-72.21)%5D,v%5B(2026-06-28T00:00:00Z)%5D%5B(0.0)%5D%5B(33.7):1:(39.0)%5D%5B(-78.89):1:(-72.21)%5D
  Trying jplOscar1day @ upwell.pfeg.noaa.gov 2026-06-28 ...
  jplOscar1day @ upwell.pfeg.noaa.gov 2026-06-28: HTTPSConnectionPool(host='upwell.pfeg.noaa.gov', port=443): Max retries exceeded with url: /erddap/griddap/jplOscar1day.nc?u%5B(2026-06-28T00:00:00Z)%5D%5B(0.0)%5D%5B(33.7):1:(39.0)%5D%5B(-78.89):1:(-72.21)%5D,v%5B(2026-06-28T00:00:00Z)%5D%5B(0.0)%5D%5B(33.7):1:(39.0)%5D%5B(-78.89):1:(-72.21)%5D (Caused by ConnectTimeoutError(<HTTPSConnection(host='upwell.pfeg.noaa.gov', port=443) at 0x7f30c9b4b450>, 'Connection to upwell.pfeg.noaa.gov timed out. (connect timeout=8)'))
  Trying jplOscar1day @ coastwatch.pfeg.noaa.gov 2026-06-27 ...
  jplOscar1day @ coastwatch.pfeg.noaa.gov 2026-06-27: 403 Client Error:  for url: https://coastwatch.pfeg.noaa.gov/erddap/griddap/jplOscar1day.nc?u%5B(2026-06-27T00:00:00Z)%5D%5B(0.0)%5D%5B(33.7):1:(39.0)%5D%5B(-78.89):1:(-72.21)%5D,v%5B(2026-06-27T00:00:00Z)%5D%5B(0.0)%5D%5B(33.7):1:(39.0)%5D%5B(-78.89):1:(-72.21)%5D
  Trying jplOscar1day @ upwell.pfeg.noaa.gov 2026-06-27 ...
  jplOscar1day @ upwell.pfeg.noaa.gov 2026-06-27: HTTPSConnectionPool(host='upwell.pfeg.noaa.gov', port=443): Max retries exceeded with url: /erddap/griddap/jplOscar1day.nc?u%5B(2026-06-27T00:00:00Z)%5D%5B(0.0)%5D%5B(33.7):1:(39.0)%5D%5B(-78.89):1:(-72.21)%5D,v%5B(2026-06-27T00:00:00Z)%5D%5B(0.0)%5D%5B(33.7):1:(39.0)%5D%5B(-78.89):1:(-72.21)%5D (Caused by ConnectTimeoutError(<HTTPSConnection(host='upwell.pfeg.noaa.gov', port=443) at 0x7f30c9985dd0>, 'Connection to upwell.pfeg.noaa.gov timed out. (connect timeout=8)'))
  Trying erdQCkm1day @ coastwatch.pfeg.noaa.gov 2026-07-02 ...
  erdQCkm1day @ coastwatch.pfeg.noaa.gov 2026-07-02: 403 Client Error:  for url: https://coastwatch.pfeg.noaa.gov/erddap/griddap/erdQCkm1day.nc?u%5B(2026-07-02T00:00:00Z)%5D%5B(0.0)%5D%5B(33.7):1:(39.0)%5D%5B(-78.89):1:(-72.21)%5D,v%5B(2026-07-02T00:00:00Z)%5D%5B(0.0)%5D%5B(33.7):1:(39.0)%5D%5B(-78.89):1:(-72.21)%5D
  Trying erdQCkm1day @ upwell.pfeg.noaa.gov 2026-07-02 ...
  erdQCkm1day @ upwell.pfeg.noaa.gov 2026-07-02: HTTPSConnectionPool(host='upwell.pfeg.noaa.gov', port=443): Max retries exceeded with url: /erddap/griddap/erdQCkm1day.nc?u%5B(2026-07-02T00:00:00Z)%5D%5B(0.0)%5D%5B(33.7):1:(39.0)%5D%5B(-78.89):1:(-72.21)%5D,v%5B(2026-07-02T00:00:00Z)%5D%5B(0.0)%5D%5B(33.7):1:(39.0)%5D%5B(-78.89):1:(-72.21)%5D (Caused by ConnectTimeoutError(<HTTPSConnection(host='upwell.pfeg.noaa.gov', port=443) at 0x7f30c9998250>, 'Connection to upwell.pfeg.noaa.gov timed out. (connect timeout=8)'))
  Trying erdQCkm1day @ coastwatch.pfeg.noaa.gov 2026-07-01 ...
  erdQCkm1day @ coastwatch.pfeg.noaa.gov 2026-07-01: 403 Client Error:  for url: https://coastwatch.pfeg.noaa.gov/erddap/griddap/erdQCkm1day.nc?u%5B(2026-07-01T00:00:00Z)%5D%5B(0.0)%5D%5B(33.7):1:(39.0)%5D%5B(-78.89):1:(-72.21)%5D,v%5B(2026-07-01T00:00:00Z)%5D%5B(0.0)%5D%5B(33.7):1:(39.0)%5D%5B(-78.89):1:(-72.21)%5D
  Trying erdQCkm1day @ upwell.pfeg.noaa.gov 2026-07-01 ...
  erdQCkm1day @ upwell.pfeg.noaa.gov 2026-07-01: HTTPSConnectionPool(host='upwell.pfeg.noaa.gov', port=443): Max retries exceeded with url: /erddap/griddap/erdQCkm1day.nc?u%5B(2026-07-01T00:00:00Z)%5D%5B(0.0)%5D%5B(33.7):1:(39.0)%5D%5B(-78.89):1:(-72.21)%5D,v%5B(2026-07-01T00:00:00Z)%5D%5B(0.0)%5D%5B(33.7):1:(39.0)%5D%5B(-78.89):1:(-72.21)%5D (Caused by ConnectTimeoutError(<HTTPSConnection(host='upwell.pfeg.noaa.gov', port=443) at 0x7f30c997fb90>, 'Connection to upwell.pfeg.noaa.gov timed out. (connect timeout=8)'))
  Trying erdQCkm1day @ coastwatch.pfeg.noaa.gov 2026-06-30 ...
  erdQCkm1day @ coastwatch.pfeg.noaa.gov 2026-06-30: 403 Client Error:  for url: https://coastwatch.pfeg.noaa.gov/erddap/griddap/erdQCkm1day.nc?u%5B(2026-06-30T00:00:00Z)%5D%5B(0.0)%5D%5B(33.7):1:(39.0)%5D%5B(-78.89):1:(-72.21)%5D,v%5B(2026-06-30T00:00:00Z)%5D%5B(0.0)%5D%5B(33.7):1:(39.0)%5D%5B(-78.89):1:(-72.21)%5D
  Trying erdQCkm1day @ upwell.pfeg.noaa.gov 2026-06-30 ...
  erdQCkm1day @ upwell.pfeg.noaa.gov 2026-06-30: HTTPSConnectionPool(host='upwell.pfeg.noaa.gov', port=443): Max retries exceeded with url: /erddap/griddap/erdQCkm1day.nc?u%5B(2026-06-30T00:00:00Z)%5D%5B(0.0)%5D%5B(33.7):1:(39.0)%5D%5B(-78.89):1:(-72.21)%5D,v%5B(2026-06-30T00:00:00Z)%5D%5B(0.0)%5D%5B(33.7):1:(39.0)%5D%5B(-78.89):1:(-72.21)%5D (Caused by ConnectTimeoutError(<HTTPSConnection(host='upwell.pfeg.noaa.gov', port=443) at 0x7f30c997f9d0>, 'Connection to upwell.pfeg.noaa.gov timed out. (connect timeout=8)'))
  Trying erdQCkm1day @ coastwatch.pfeg.noaa.gov 2026-06-29 ...
  erdQCkm1day @ coastwatch.pfeg.noaa.gov 2026-06-29: 403 Client Error:  for url: https://coastwatch.pfeg.noaa.gov/erddap/griddap/erdQCkm1day.nc?u%5B(2026-06-29T00:00:00Z)%5D%5B(0.0)%5D%5B(33.7):1:(39.0)%5D%5B(-78.89):1:(-72.21)%5D,v%5B(2026-06-29T00:00:00Z)%5D%5B(0.0)%5D%5B(33.7):1:(39.0)%5D%5B(-78.89):1:(-72.21)%5D
  Trying erdQCkm1day @ upwell.pfeg.noaa.gov 2026-06-29 ...
  erdQCkm1day @ upwell.pfeg.noaa.gov 2026-06-29: HTTPSConnectionPool(host='upwell.pfeg.noaa.gov', port=443): Max retries exceeded with url: /erddap/griddap/erdQCkm1day.nc?u%5B(2026-06-29T00:00:00Z)%5D%5B(0.0)%5D%5B(33.7):1:(39.0)%5D%5B(-78.89):1:(-72.21)%5D,v%5B(2026-06-29T00:00:00Z)%5D%5B(0.0)%5D%5B(33.7):1:(39.0)%5D%5B(-78.89):1:(-72.21)%5D (Caused by ConnectTimeoutError(<HTTPSConnection(host='upwell.pfeg.noaa.gov', port=443) at 0x7f30c9b5add0>, 'Connection to upwell.pfeg.noaa.gov timed out. (connect timeout=8)'))
  Trying erdQCkm1day @ coastwatch.pfeg.noaa.gov 2026-06-28 ...
  erdQCkm1day @ coastwatch.pfeg.noaa.gov 2026-06-28: 403 Client Error:  for url: https://coastwatch.pfeg.noaa.gov/erddap/griddap/erdQCkm1day.nc?u%5B(2026-06-28T00:00:00Z)%5D%5B(0.0)%5D%5B(33.7):1:(39.0)%5D%5B(-78.89):1:(-72.21)%5D,v%5B(2026-06-28T00:00:00Z)%5D%5B(0.0)%5D%5B(33.7):1:(39.0)%5D%5B(-78.89):1:(-72.21)%5D
  Trying erdQCkm1day @ upwell.pfeg.noaa.gov 2026-06-28 ...
  erdQCkm1day @ upwell.pfeg.noaa.gov 2026-06-28: HTTPSConnectionPool(host='upwell.pfeg.noaa.gov', port=443): Max retries exceeded with url: /erddap/griddap/erdQCkm1day.nc?u%5B(2026-06-28T00:00:00Z)%5D%5B(0.0)%5D%5B(33.7):1:(39.0)%5D%5B(-78.89):1:(-72.21)%5D,v%5B(2026-06-28T00:00:00Z)%5D%5B(0.0)%5D%5B(33.7):1:(39.0)%5D%5B(-78.89):1:(-72.21)%5D (Caused by ConnectTimeoutError(<HTTPSConnection(host='upwell.pfeg.noaa.gov', port=443) at 0x7f30c9b59d10>, 'Connection to upwell.pfeg.noaa.gov timed out. (connect timeout=8)'))
  Trying erdQCkm1day @ coastwatch.pfeg.noaa.gov 2026-06-27 ...
  erdQCkm1day @ coastwatch.pfeg.noaa.gov 2026-06-27: 403 Client Error:  for url: https://coastwatch.pfeg.noaa.gov/erddap/griddap/erdQCkm1day.nc?u%5B(2026-06-27T00:00:00Z)%5D%5B(0.0)%5D%5B(33.7):1:(39.0)%5D%5B(-78.89):1:(-72.21)%5D,v%5B(2026-06-27T00:00:00Z)%5D%5B(0.0)%5D%5B(33.7):1:(39.0)%5D%5B(-78.89):1:(-72.21)%5D
  Trying erdQCkm1day @ upwell.pfeg.noaa.gov 2026-06-27 ...
  erdQCkm1day @ upwell.pfeg.noaa.gov 2026-06-27: HTTPSConnectionPool(host='upwell.pfeg.noaa.gov', port=443): Max retries exceeded with url: /erddap/griddap/erdQCkm1day.nc?u%5B(2026-06-27T00:00:00Z)%5D%5B(0.0)%5D%5B(33.7):1:(39.0)%5D%5B(-78.89):1:(-72.21)%5D,v%5B(2026-06-27T00:00:00Z)%5D%5B(0.0)%5D%5B(33.7):1:(39.0)%5D%5B(-78.89):1:(-72.21)%5D (Caused by ConnectTimeoutError(<HTTPSConnection(host='upwell.pfeg.noaa.gov', port=443) at 0x7f30c9b4a550>, 'Connection to upwell.pfeg.noaa.gov timed out. (connect timeout=8)'))
  OSCAR: all attempts failed

[CMEMS] Currents  (2026-07-02)  0.083 deg, daily
INFO - 2026-07-03T01:26:01Z - Selected dataset version: "202406"
INFO - 2026-07-03T01:26:01Z - Selected dataset part: "default"
WARNING - 2026-07-03T01:26:01Z - Some of your subset selection [0.0, 1.0] for the depth dimension exceed the dataset coordinates [0.49402499198913574, 5727.9169921875]
INFO - 2026-07-03T01:26:05Z - Total size of the download: 53.33 KB.
  CMEMS currents: 3,209 pts  0.004–2.312 m/s

[CMEMS] Altimetry  (2026-07-02)  0.125 deg, daily
INFO - 2026-07-03T01:26:08Z - Selected dataset version: "202506"
INFO - 2026-07-03T01:26:08Z - Selected dataset part: "default"
WARNING - 2026-07-03T01:26:08Z - The dataset cmems_obs-sl_glo_phy-ssh_nrt_allsat-l4-duacs-0.125deg_P1D, version '202506', part 'default' is currently being updated. Data after 2026-06-27T00:00:00.000Z may not be up to date.
INFO - 2026-07-03T01:26:12Z - Total size of the download: 48.11 KB.
  Altimetry: 1,503 pts  SLA -0.175–0.538 m
  Geostrophic currents: 1,503 pts  0.008–2.308 m/s

============================================================
  Exporting ...
    Currents JSON → DailySST/Currents/currents_20260702.json  (336 KB)
    Currents CSV  → DailySST/Currents/currents_20260702.csv  (3,209 rows, 195 KB)
    Altimetry CSV  → DailySST/Altimetry/altimetry_20260702.csv  (1,503 rows, 87 KB)
    Altimetry grid → DailySST/Altimetry/altimetry_20260702_grid.json  (29 KB)

============================================================
  Currents  (CMEMS): 3,209 pts  speed 0.004–2.312 m/s  p98=1.862 m/s
  Altimetry (CMEMS_ALT): 1,503 pts  SSH -0.444–1.127 m
============================================================

  Files → /home/runner/work/SSTv2/SSTv2/DailySST/Currents
         → /home/runner/work/SSTv2/SSTv2/DailySST/Altimetry
