============================================================
  Ocean Dynamics Fetcher — Currents + Altimetry
  Date      : 2026-07-03
  BBOX      : {'lat_min': 29.8, 'lat_max': 35.2, 'lon_min': -82.0, 'lon_max': -75.2}
  Output    : /home/runner/work/SSTv2/SSTv2/DailySST
============================================================

[1/3] HYCOM currents + SSH  (target: 2026-07-03)  ~1/12 deg
  HYCOM catalog found dataset: FMRC_ESPC-D-V02_uv3z
  Trying https://tds.hycom.org/thredds/ncss/FMRC_ESPC-D-V02_uv3z/runs/FMRC_ESPC-D-V02_uv3...
  HYCOM 2026-07-03 12Z failed: 400 Client Error: 400 for url: https://tds.hycom.org/thredds/ncss/FMRC_ESPC-D-V02_uv3z/runs/FMRC_ESPC-D-V02_uv3z_RUN_2026-07-03T12:00:00Z?var=water_u&var=water_v&var=surf_el&north=35.2&south=29.8&west=-82.0&east=-75.2&horizStride=1&vertCoord=0&disableLLSubset=on&disableProjSubset=on&time_start=2026-07-03T12:00:00Z&time_end=2026-07-03T12:00:00Z&accept=netcdf
  Trying https://tds.hycom.org/thredds/ncss/FMRC_ESPC-D-V02_uv3z/FMRC_ESPC-D-V02_uv3z_bes...
  HYCOM 2026-07-03 12Z failed: 400 Client Error: 400 for url: https://tds.hycom.org/thredds/ncss/FMRC_ESPC-D-V02_uv3z/FMRC_ESPC-D-V02_uv3z_best.ncd?var=water_u&var=water_v&var=surf_el&north=35.2&south=29.8&west=-82.0&east=-75.2&horizStride=1&vertCoord=0&disableLLSubset=on&disableProjSubset=on&time_start=2026-07-03T12:00:00Z&time_end=2026-07-03T12:00:00Z&accept=netcdf
  Trying https://tds.hycom.org/thredds/ncss/FMRC_ESPC-D-V02_uv3z/runs/FMRC_ESPC-D-V02_uv3...
  HYCOM 2026-07-03 00Z failed: 404 Client Error: 404 for url: https://tds.hycom.org/thredds/ncss/FMRC_ESPC-D-V02_uv3z/runs/FMRC_ESPC-D-V02_uv3z_RUN_2026-07-03T00:00:00Z?var=water_u&var=water_v&var=surf_el&north=35.2&south=29.8&west=-82.0&east=-75.2&horizStride=1&vertCoord=0&disableLLSubset=on&disableProjSubset=on&time_start=2026-07-03T00:00:00Z&time_end=2026-07-03T00:00:00Z&accept=netcdf
  Trying https://tds.hycom.org/thredds/ncss/FMRC_ESPC-D-V02_uv3z/FMRC_ESPC-D-V02_uv3z_bes...
  HYCOM 2026-07-03 00Z failed: 400 Client Error: 400 for url: https://tds.hycom.org/thredds/ncss/FMRC_ESPC-D-V02_uv3z/FMRC_ESPC-D-V02_uv3z_best.ncd?var=water_u&var=water_v&var=surf_el&north=35.2&south=29.8&west=-82.0&east=-75.2&horizStride=1&vertCoord=0&disableLLSubset=on&disableProjSubset=on&time_start=2026-07-03T00:00:00Z&time_end=2026-07-03T00:00:00Z&accept=netcdf
  Trying https://tds.hycom.org/thredds/ncss/FMRC_ESPC-D-V02_uv3z/runs/FMRC_ESPC-D-V02_uv3...
  HYCOM 2026-07-02 12Z failed: 400 Client Error: 400 for url: https://tds.hycom.org/thredds/ncss/FMRC_ESPC-D-V02_uv3z/runs/FMRC_ESPC-D-V02_uv3z_RUN_2026-07-02T12:00:00Z?var=water_u&var=water_v&var=surf_el&north=35.2&south=29.8&west=-82.0&east=-75.2&horizStride=1&vertCoord=0&disableLLSubset=on&disableProjSubset=on&time_start=2026-07-02T12:00:00Z&time_end=2026-07-02T12:00:00Z&accept=netcdf
  Trying https://tds.hycom.org/thredds/ncss/FMRC_ESPC-D-V02_uv3z/FMRC_ESPC-D-V02_uv3z_bes...
  HYCOM 2026-07-02 12Z failed: 400 Client Error: 400 for url: https://tds.hycom.org/thredds/ncss/FMRC_ESPC-D-V02_uv3z/FMRC_ESPC-D-V02_uv3z_best.ncd?var=water_u&var=water_v&var=surf_el&north=35.2&south=29.8&west=-82.0&east=-75.2&horizStride=1&vertCoord=0&disableLLSubset=on&disableProjSubset=on&time_start=2026-07-02T12:00:00Z&time_end=2026-07-02T12:00:00Z&accept=netcdf
  Trying https://tds.hycom.org/thredds/ncss/FMRC_ESPC-D-V02_uv3z/runs/FMRC_ESPC-D-V02_uv3...
  HYCOM 2026-07-02 00Z failed: 404 Client Error: 404 for url: https://tds.hycom.org/thredds/ncss/FMRC_ESPC-D-V02_uv3z/runs/FMRC_ESPC-D-V02_uv3z_RUN_2026-07-02T00:00:00Z?var=water_u&var=water_v&var=surf_el&north=35.2&south=29.8&west=-82.0&east=-75.2&horizStride=1&vertCoord=0&disableLLSubset=on&disableProjSubset=on&time_start=2026-07-02T00:00:00Z&time_end=2026-07-02T00:00:00Z&accept=netcdf
  Trying https://tds.hycom.org/thredds/ncss/FMRC_ESPC-D-V02_uv3z/FMRC_ESPC-D-V02_uv3z_bes...
  HYCOM 2026-07-02 00Z failed: 400 Client Error: 400 for url: https://tds.hycom.org/thredds/ncss/FMRC_ESPC-D-V02_uv3z/FMRC_ESPC-D-V02_uv3z_best.ncd?var=water_u&var=water_v&var=surf_el&north=35.2&south=29.8&west=-82.0&east=-75.2&horizStride=1&vertCoord=0&disableLLSubset=on&disableProjSubset=on&time_start=2026-07-02T00:00:00Z&time_end=2026-07-02T00:00:00Z&accept=netcdf
  HYCOM: all attempts failed

[2/3] OSCAR currents  (target: 2026-07-03)  1/3 deg, 5-day composite
  Trying OSCAR_L4_OC_NRT_V2.1 @ coastwatch.pfeg.noaa.gov 2026-07-03 ...
  OSCAR_L4_OC_NRT_V2.1 @ coastwatch.pfeg.noaa.gov 2026-07-03: 403 Client Error:  for url: https://coastwatch.pfeg.noaa.gov/erddap/griddap/OSCAR_L4_OC_NRT_V2.1.nc?u%5B(2026-07-03T00:00:00Z)%5D%5B(0.0)%5D%5B(29.8):1:(35.2)%5D%5B(-82.0):1:(-75.2)%5D,v%5B(2026-07-03T00:00:00Z)%5D%5B(0.0)%5D%5B(29.8):1:(35.2)%5D%5B(-82.0):1:(-75.2)%5D
  Trying OSCAR_L4_OC_NRT_V2.1 @ upwell.pfeg.noaa.gov 2026-07-03 ...
  OSCAR_L4_OC_NRT_V2.1 @ upwell.pfeg.noaa.gov 2026-07-03: HTTPSConnectionPool(host='upwell.pfeg.noaa.gov', port=443): Max retries exceeded with url: /erddap/griddap/OSCAR_L4_OC_NRT_V2.1.nc?u%5B(2026-07-03T00:00:00Z)%5D%5B(0.0)%5D%5B(29.8):1:(35.2)%5D%5B(-82.0):1:(-75.2)%5D,v%5B(2026-07-03T00:00:00Z)%5D%5B(0.0)%5D%5B(29.8):1:(35.2)%5D%5B(-82.0):1:(-75.2)%5D (Caused by ConnectTimeoutError(<HTTPSConnection(host='upwell.pfeg.noaa.gov', port=443) at 0x7f93a02a3b50>, 'Connection to upwell.pfeg.noaa.gov timed out. (connect timeout=8)'))
  Trying OSCAR_L4_OC_NRT_V2.1 @ coastwatch.pfeg.noaa.gov 2026-07-02 ...
  OSCAR_L4_OC_NRT_V2.1 @ coastwatch.pfeg.noaa.gov 2026-07-02: 403 Client Error:  for url: https://coastwatch.pfeg.noaa.gov/erddap/griddap/OSCAR_L4_OC_NRT_V2.1.nc?u%5B(2026-07-02T00:00:00Z)%5D%5B(0.0)%5D%5B(29.8):1:(35.2)%5D%5B(-82.0):1:(-75.2)%5D,v%5B(2026-07-02T00:00:00Z)%5D%5B(0.0)%5D%5B(29.8):1:(35.2)%5D%5B(-82.0):1:(-75.2)%5D
  Trying OSCAR_L4_OC_NRT_V2.1 @ upwell.pfeg.noaa.gov 2026-07-02 ...
  OSCAR_L4_OC_NRT_V2.1 @ upwell.pfeg.noaa.gov 2026-07-02: HTTPSConnectionPool(host='upwell.pfeg.noaa.gov', port=443): Max retries exceeded with url: /erddap/griddap/OSCAR_L4_OC_NRT_V2.1.nc?u%5B(2026-07-02T00:00:00Z)%5D%5B(0.0)%5D%5B(29.8):1:(35.2)%5D%5B(-82.0):1:(-75.2)%5D,v%5B(2026-07-02T00:00:00Z)%5D%5B(0.0)%5D%5B(29.8):1:(35.2)%5D%5B(-82.0):1:(-75.2)%5D (Caused by ConnectTimeoutError(<HTTPSConnection(host='upwell.pfeg.noaa.gov', port=443) at 0x7f93a02a2050>, 'Connection to upwell.pfeg.noaa.gov timed out. (connect timeout=8)'))
  Trying OSCAR_L4_OC_NRT_V2.1 @ coastwatch.pfeg.noaa.gov 2026-07-01 ...
  OSCAR_L4_OC_NRT_V2.1 @ coastwatch.pfeg.noaa.gov 2026-07-01: 403 Client Error:  for url: https://coastwatch.pfeg.noaa.gov/erddap/griddap/OSCAR_L4_OC_NRT_V2.1.nc?u%5B(2026-07-01T00:00:00Z)%5D%5B(0.0)%5D%5B(29.8):1:(35.2)%5D%5B(-82.0):1:(-75.2)%5D,v%5B(2026-07-01T00:00:00Z)%5D%5B(0.0)%5D%5B(29.8):1:(35.2)%5D%5B(-82.0):1:(-75.2)%5D
  Trying OSCAR_L4_OC_NRT_V2.1 @ upwell.pfeg.noaa.gov 2026-07-01 ...
  OSCAR_L4_OC_NRT_V2.1 @ upwell.pfeg.noaa.gov 2026-07-01: HTTPSConnectionPool(host='upwell.pfeg.noaa.gov', port=443): Max retries exceeded with url: /erddap/griddap/OSCAR_L4_OC_NRT_V2.1.nc?u%5B(2026-07-01T00:00:00Z)%5D%5B(0.0)%5D%5B(29.8):1:(35.2)%5D%5B(-82.0):1:(-75.2)%5D,v%5B(2026-07-01T00:00:00Z)%5D%5B(0.0)%5D%5B(29.8):1:(35.2)%5D%5B(-82.0):1:(-75.2)%5D (Caused by ConnectTimeoutError(<HTTPSConnection(host='upwell.pfeg.noaa.gov', port=443) at 0x7f93a02b0d10>, 'Connection to upwell.pfeg.noaa.gov timed out. (connect timeout=8)'))
  Trying OSCAR_L4_OC_NRT_V2.1 @ coastwatch.pfeg.noaa.gov 2026-06-30 ...
  OSCAR_L4_OC_NRT_V2.1 @ coastwatch.pfeg.noaa.gov 2026-06-30: 403 Client Error:  for url: https://coastwatch.pfeg.noaa.gov/erddap/griddap/OSCAR_L4_OC_NRT_V2.1.nc?u%5B(2026-06-30T00:00:00Z)%5D%5B(0.0)%5D%5B(29.8):1:(35.2)%5D%5B(-82.0):1:(-75.2)%5D,v%5B(2026-06-30T00:00:00Z)%5D%5B(0.0)%5D%5B(29.8):1:(35.2)%5D%5B(-82.0):1:(-75.2)%5D
  Trying OSCAR_L4_OC_NRT_V2.1 @ upwell.pfeg.noaa.gov 2026-06-30 ...
  OSCAR_L4_OC_NRT_V2.1 @ upwell.pfeg.noaa.gov 2026-06-30: HTTPSConnectionPool(host='upwell.pfeg.noaa.gov', port=443): Max retries exceeded with url: /erddap/griddap/OSCAR_L4_OC_NRT_V2.1.nc?u%5B(2026-06-30T00:00:00Z)%5D%5B(0.0)%5D%5B(29.8):1:(35.2)%5D%5B(-82.0):1:(-75.2)%5D,v%5B(2026-06-30T00:00:00Z)%5D%5B(0.0)%5D%5B(29.8):1:(35.2)%5D%5B(-82.0):1:(-75.2)%5D (Caused by ConnectTimeoutError(<HTTPSConnection(host='upwell.pfeg.noaa.gov', port=443) at 0x7f93a02a3810>, 'Connection to upwell.pfeg.noaa.gov timed out. (connect timeout=8)'))
  Trying OSCAR_L4_OC_NRT_V2.1 @ coastwatch.pfeg.noaa.gov 2026-06-29 ...
  OSCAR_L4_OC_NRT_V2.1 @ coastwatch.pfeg.noaa.gov 2026-06-29: 403 Client Error:  for url: https://coastwatch.pfeg.noaa.gov/erddap/griddap/OSCAR_L4_OC_NRT_V2.1.nc?u%5B(2026-06-29T00:00:00Z)%5D%5B(0.0)%5D%5B(29.8):1:(35.2)%5D%5B(-82.0):1:(-75.2)%5D,v%5B(2026-06-29T00:00:00Z)%5D%5B(0.0)%5D%5B(29.8):1:(35.2)%5D%5B(-82.0):1:(-75.2)%5D
  Trying OSCAR_L4_OC_NRT_V2.1 @ upwell.pfeg.noaa.gov 2026-06-29 ...
  OSCAR_L4_OC_NRT_V2.1 @ upwell.pfeg.noaa.gov 2026-06-29: HTTPSConnectionPool(host='upwell.pfeg.noaa.gov', port=443): Max retries exceeded with url: /erddap/griddap/OSCAR_L4_OC_NRT_V2.1.nc?u%5B(2026-06-29T00:00:00Z)%5D%5B(0.0)%5D%5B(29.8):1:(35.2)%5D%5B(-82.0):1:(-75.2)%5D,v%5B(2026-06-29T00:00:00Z)%5D%5B(0.0)%5D%5B(29.8):1:(35.2)%5D%5B(-82.0):1:(-75.2)%5D (Caused by ConnectTimeoutError(<HTTPSConnection(host='upwell.pfeg.noaa.gov', port=443) at 0x7f93a02b2f10>, 'Connection to upwell.pfeg.noaa.gov timed out. (connect timeout=8)'))
  Trying OSCAR_L4_OC_NRT_V2.1 @ coastwatch.pfeg.noaa.gov 2026-06-28 ...
  OSCAR_L4_OC_NRT_V2.1 @ coastwatch.pfeg.noaa.gov 2026-06-28: 403 Client Error:  for url: https://coastwatch.pfeg.noaa.gov/erddap/griddap/OSCAR_L4_OC_NRT_V2.1.nc?u%5B(2026-06-28T00:00:00Z)%5D%5B(0.0)%5D%5B(29.8):1:(35.2)%5D%5B(-82.0):1:(-75.2)%5D,v%5B(2026-06-28T00:00:00Z)%5D%5B(0.0)%5D%5B(29.8):1:(35.2)%5D%5B(-82.0):1:(-75.2)%5D
  Trying OSCAR_L4_OC_NRT_V2.1 @ upwell.pfeg.noaa.gov 2026-06-28 ...
  OSCAR_L4_OC_NRT_V2.1 @ upwell.pfeg.noaa.gov 2026-06-28: HTTPSConnectionPool(host='upwell.pfeg.noaa.gov', port=443): Max retries exceeded with url: /erddap/griddap/OSCAR_L4_OC_NRT_V2.1.nc?u%5B(2026-06-28T00:00:00Z)%5D%5B(0.0)%5D%5B(29.8):1:(35.2)%5D%5B(-82.0):1:(-75.2)%5D,v%5B(2026-06-28T00:00:00Z)%5D%5B(0.0)%5D%5B(29.8):1:(35.2)%5D%5B(-82.0):1:(-75.2)%5D (Caused by ConnectTimeoutError(<HTTPSConnection(host='upwell.pfeg.noaa.gov', port=443) at 0x7f93a02b2a10>, 'Connection to upwell.pfeg.noaa.gov timed out. (connect timeout=8)'))
  Trying OSCAR_L4_OC_NRT_V2.0 @ coastwatch.pfeg.noaa.gov 2026-07-03 ...
  OSCAR_L4_OC_NRT_V2.0 @ coastwatch.pfeg.noaa.gov 2026-07-03: 403 Client Error:  for url: https://coastwatch.pfeg.noaa.gov/erddap/griddap/OSCAR_L4_OC_NRT_V2.0.nc?u%5B(2026-07-03T00:00:00Z)%5D%5B(0.0)%5D%5B(29.8):1:(35.2)%5D%5B(-82.0):1:(-75.2)%5D,v%5B(2026-07-03T00:00:00Z)%5D%5B(0.0)%5D%5B(29.8):1:(35.2)%5D%5B(-82.0):1:(-75.2)%5D
  Trying OSCAR_L4_OC_NRT_V2.0 @ upwell.pfeg.noaa.gov 2026-07-03 ...
  OSCAR_L4_OC_NRT_V2.0 @ upwell.pfeg.noaa.gov 2026-07-03: HTTPSConnectionPool(host='upwell.pfeg.noaa.gov', port=443): Max retries exceeded with url: /erddap/griddap/OSCAR_L4_OC_NRT_V2.0.nc?u%5B(2026-07-03T00:00:00Z)%5D%5B(0.0)%5D%5B(29.8):1:(35.2)%5D%5B(-82.0):1:(-75.2)%5D,v%5B(2026-07-03T00:00:00Z)%5D%5B(0.0)%5D%5B(29.8):1:(35.2)%5D%5B(-82.0):1:(-75.2)%5D (Caused by ConnectTimeoutError(<HTTPSConnection(host='upwell.pfeg.noaa.gov', port=443) at 0x7f93a02b3590>, 'Connection to upwell.pfeg.noaa.gov timed out. (connect timeout=8)'))
  Trying OSCAR_L4_OC_NRT_V2.0 @ coastwatch.pfeg.noaa.gov 2026-07-02 ...
  OSCAR_L4_OC_NRT_V2.0 @ coastwatch.pfeg.noaa.gov 2026-07-02: 403 Client Error:  for url: https://coastwatch.pfeg.noaa.gov/erddap/griddap/OSCAR_L4_OC_NRT_V2.0.nc?u%5B(2026-07-02T00:00:00Z)%5D%5B(0.0)%5D%5B(29.8):1:(35.2)%5D%5B(-82.0):1:(-75.2)%5D,v%5B(2026-07-02T00:00:00Z)%5D%5B(0.0)%5D%5B(29.8):1:(35.2)%5D%5B(-82.0):1:(-75.2)%5D
  Trying OSCAR_L4_OC_NRT_V2.0 @ upwell.pfeg.noaa.gov 2026-07-02 ...
  OSCAR_L4_OC_NRT_V2.0 @ upwell.pfeg.noaa.gov 2026-07-02: HTTPSConnectionPool(host='upwell.pfeg.noaa.gov', port=443): Max retries exceeded with url: /erddap/griddap/OSCAR_L4_OC_NRT_V2.0.nc?u%5B(2026-07-02T00:00:00Z)%5D%5B(0.0)%5D%5B(29.8):1:(35.2)%5D%5B(-82.0):1:(-75.2)%5D,v%5B(2026-07-02T00:00:00Z)%5D%5B(0.0)%5D%5B(29.8):1:(35.2)%5D%5B(-82.0):1:(-75.2)%5D (Caused by ConnectTimeoutError(<HTTPSConnection(host='upwell.pfeg.noaa.gov', port=443) at 0x7f93a00c4d10>, 'Connection to upwell.pfeg.noaa.gov timed out. (connect timeout=8)'))
  Trying OSCAR_L4_OC_NRT_V2.0 @ coastwatch.pfeg.noaa.gov 2026-07-01 ...
  OSCAR_L4_OC_NRT_V2.0 @ coastwatch.pfeg.noaa.gov 2026-07-01: 403 Client Error:  for url: https://coastwatch.pfeg.noaa.gov/erddap/griddap/OSCAR_L4_OC_NRT_V2.0.nc?u%5B(2026-07-01T00:00:00Z)%5D%5B(0.0)%5D%5B(29.8):1:(35.2)%5D%5B(-82.0):1:(-75.2)%5D,v%5B(2026-07-01T00:00:00Z)%5D%5B(0.0)%5D%5B(29.8):1:(35.2)%5D%5B(-82.0):1:(-75.2)%5D
  Trying OSCAR_L4_OC_NRT_V2.0 @ upwell.pfeg.noaa.gov 2026-07-01 ...
  OSCAR_L4_OC_NRT_V2.0 @ upwell.pfeg.noaa.gov 2026-07-01: HTTPSConnectionPool(host='upwell.pfeg.noaa.gov', port=443): Max retries exceeded with url: /erddap/griddap/OSCAR_L4_OC_NRT_V2.0.nc?u%5B(2026-07-01T00:00:00Z)%5D%5B(0.0)%5D%5B(29.8):1:(35.2)%5D%5B(-82.0):1:(-75.2)%5D,v%5B(2026-07-01T00:00:00Z)%5D%5B(0.0)%5D%5B(29.8):1:(35.2)%5D%5B(-82.0):1:(-75.2)%5D (Caused by ConnectTimeoutError(<HTTPSConnection(host='upwell.pfeg.noaa.gov', port=443) at 0x7f93a00c6690>, 'Connection to upwell.pfeg.noaa.gov timed out. (connect timeout=8)'))
  Trying OSCAR_L4_OC_NRT_V2.0 @ coastwatch.pfeg.noaa.gov 2026-06-30 ...
  OSCAR_L4_OC_NRT_V2.0 @ coastwatch.pfeg.noaa.gov 2026-06-30: 403 Client Error:  for url: https://coastwatch.pfeg.noaa.gov/erddap/griddap/OSCAR_L4_OC_NRT_V2.0.nc?u%5B(2026-06-30T00:00:00Z)%5D%5B(0.0)%5D%5B(29.8):1:(35.2)%5D%5B(-82.0):1:(-75.2)%5D,v%5B(2026-06-30T00:00:00Z)%5D%5B(0.0)%5D%5B(29.8):1:(35.2)%5D%5B(-82.0):1:(-75.2)%5D
  Trying OSCAR_L4_OC_NRT_V2.0 @ upwell.pfeg.noaa.gov 2026-06-30 ...
  OSCAR_L4_OC_NRT_V2.0 @ upwell.pfeg.noaa.gov 2026-06-30: HTTPSConnectionPool(host='upwell.pfeg.noaa.gov', port=443): Max retries exceeded with url: /erddap/griddap/OSCAR_L4_OC_NRT_V2.0.nc?u%5B(2026-06-30T00:00:00Z)%5D%5B(0.0)%5D%5B(29.8):1:(35.2)%5D%5B(-82.0):1:(-75.2)%5D,v%5B(2026-06-30T00:00:00Z)%5D%5B(0.0)%5D%5B(29.8):1:(35.2)%5D%5B(-82.0):1:(-75.2)%5D (Caused by ConnectTimeoutError(<HTTPSConnection(host='upwell.pfeg.noaa.gov', port=443) at 0x7f93a00d4190>, 'Connection to upwell.pfeg.noaa.gov timed out. (connect timeout=8)'))
  Trying OSCAR_L4_OC_NRT_V2.0 @ coastwatch.pfeg.noaa.gov 2026-06-29 ...
  OSCAR_L4_OC_NRT_V2.0 @ coastwatch.pfeg.noaa.gov 2026-06-29: 403 Client Error:  for url: https://coastwatch.pfeg.noaa.gov/erddap/griddap/OSCAR_L4_OC_NRT_V2.0.nc?u%5B(2026-06-29T00:00:00Z)%5D%5B(0.0)%5D%5B(29.8):1:(35.2)%5D%5B(-82.0):1:(-75.2)%5D,v%5B(2026-06-29T00:00:00Z)%5D%5B(0.0)%5D%5B(29.8):1:(35.2)%5D%5B(-82.0):1:(-75.2)%5D
  Trying OSCAR_L4_OC_NRT_V2.0 @ upwell.pfeg.noaa.gov 2026-06-29 ...
  OSCAR_L4_OC_NRT_V2.0 @ upwell.pfeg.noaa.gov 2026-06-29: HTTPSConnectionPool(host='upwell.pfeg.noaa.gov', port=443): Max retries exceeded with url: /erddap/griddap/OSCAR_L4_OC_NRT_V2.0.nc?u%5B(2026-06-29T00:00:00Z)%5D%5B(0.0)%5D%5B(29.8):1:(35.2)%5D%5B(-82.0):1:(-75.2)%5D,v%5B(2026-06-29T00:00:00Z)%5D%5B(0.0)%5D%5B(29.8):1:(35.2)%5D%5B(-82.0):1:(-75.2)%5D (Caused by ConnectTimeoutError(<HTTPSConnection(host='upwell.pfeg.noaa.gov', port=443) at 0x7f93a10f6510>, 'Connection to upwell.pfeg.noaa.gov timed out. (connect timeout=8)'))
  Trying OSCAR_L4_OC_NRT_V2.0 @ coastwatch.pfeg.noaa.gov 2026-06-28 ...
  OSCAR_L4_OC_NRT_V2.0 @ coastwatch.pfeg.noaa.gov 2026-06-28: 403 Client Error:  for url: https://coastwatch.pfeg.noaa.gov/erddap/griddap/OSCAR_L4_OC_NRT_V2.0.nc?u%5B(2026-06-28T00:00:00Z)%5D%5B(0.0)%5D%5B(29.8):1:(35.2)%5D%5B(-82.0):1:(-75.2)%5D,v%5B(2026-06-28T00:00:00Z)%5D%5B(0.0)%5D%5B(29.8):1:(35.2)%5D%5B(-82.0):1:(-75.2)%5D
  Trying OSCAR_L4_OC_NRT_V2.0 @ upwell.pfeg.noaa.gov 2026-06-28 ...
  OSCAR_L4_OC_NRT_V2.0 @ upwell.pfeg.noaa.gov 2026-06-28: HTTPSConnectionPool(host='upwell.pfeg.noaa.gov', port=443): Max retries exceeded with url: /erddap/griddap/OSCAR_L4_OC_NRT_V2.0.nc?u%5B(2026-06-28T00:00:00Z)%5D%5B(0.0)%5D%5B(29.8):1:(35.2)%5D%5B(-82.0):1:(-75.2)%5D,v%5B(2026-06-28T00:00:00Z)%5D%5B(0.0)%5D%5B(29.8):1:(35.2)%5D%5B(-82.0):1:(-75.2)%5D (Caused by ConnectTimeoutError(<HTTPSConnection(host='upwell.pfeg.noaa.gov', port=443) at 0x7f93a00c5410>, 'Connection to upwell.pfeg.noaa.gov timed out. (connect timeout=8)'))
  Trying jplOscarV2NRT5day @ coastwatch.pfeg.noaa.gov 2026-07-03 ...
  jplOscarV2NRT5day @ coastwatch.pfeg.noaa.gov 2026-07-03: 403 Client Error:  for url: https://coastwatch.pfeg.noaa.gov/erddap/griddap/jplOscarV2NRT5day.nc?u%5B(2026-07-03T00:00:00Z)%5D%5B(0.0)%5D%5B(29.8):1:(35.2)%5D%5B(-82.0):1:(-75.2)%5D,v%5B(2026-07-03T00:00:00Z)%5D%5B(0.0)%5D%5B(29.8):1:(35.2)%5D%5B(-82.0):1:(-75.2)%5D
  Trying jplOscarV2NRT5day @ upwell.pfeg.noaa.gov 2026-07-03 ...
  jplOscarV2NRT5day @ upwell.pfeg.noaa.gov 2026-07-03: HTTPSConnectionPool(host='upwell.pfeg.noaa.gov', port=443): Max retries exceeded with url: /erddap/griddap/jplOscarV2NRT5day.nc?u%5B(2026-07-03T00:00:00Z)%5D%5B(0.0)%5D%5B(29.8):1:(35.2)%5D%5B(-82.0):1:(-75.2)%5D,v%5B(2026-07-03T00:00:00Z)%5D%5B(0.0)%5D%5B(29.8):1:(35.2)%5D%5B(-82.0):1:(-75.2)%5D (Caused by ConnectTimeoutError(<HTTPSConnection(host='upwell.pfeg.noaa.gov', port=443) at 0x7f93a02a21d0>, 'Connection to upwell.pfeg.noaa.gov timed out. (connect timeout=8)'))
  Trying jplOscarV2NRT5day @ coastwatch.pfeg.noaa.gov 2026-07-02 ...
  jplOscarV2NRT5day @ coastwatch.pfeg.noaa.gov 2026-07-02: 403 Client Error:  for url: https://coastwatch.pfeg.noaa.gov/erddap/griddap/jplOscarV2NRT5day.nc?u%5B(2026-07-02T00:00:00Z)%5D%5B(0.0)%5D%5B(29.8):1:(35.2)%5D%5B(-82.0):1:(-75.2)%5D,v%5B(2026-07-02T00:00:00Z)%5D%5B(0.0)%5D%5B(29.8):1:(35.2)%5D%5B(-82.0):1:(-75.2)%5D
  Trying jplOscarV2NRT5day @ upwell.pfeg.noaa.gov 2026-07-02 ...
  jplOscarV2NRT5day @ upwell.pfeg.noaa.gov 2026-07-02: HTTPSConnectionPool(host='upwell.pfeg.noaa.gov', port=443): Max retries exceeded with url: /erddap/griddap/jplOscarV2NRT5day.nc?u%5B(2026-07-02T00:00:00Z)%5D%5B(0.0)%5D%5B(29.8):1:(35.2)%5D%5B(-82.0):1:(-75.2)%5D,v%5B(2026-07-02T00:00:00Z)%5D%5B(0.0)%5D%5B(29.8):1:(35.2)%5D%5B(-82.0):1:(-75.2)%5D (Caused by ConnectTimeoutError(<HTTPSConnection(host='upwell.pfeg.noaa.gov', port=443) at 0x7f93a02b29d0>, 'Connection to upwell.pfeg.noaa.gov timed out. (connect timeout=8)'))
  Trying jplOscarV2NRT5day @ coastwatch.pfeg.noaa.gov 2026-07-01 ...
  jplOscarV2NRT5day @ coastwatch.pfeg.noaa.gov 2026-07-01: 403 Client Error:  for url: https://coastwatch.pfeg.noaa.gov/erddap/griddap/jplOscarV2NRT5day.nc?u%5B(2026-07-01T00:00:00Z)%5D%5B(0.0)%5D%5B(29.8):1:(35.2)%5D%5B(-82.0):1:(-75.2)%5D,v%5B(2026-07-01T00:00:00Z)%5D%5B(0.0)%5D%5B(29.8):1:(35.2)%5D%5B(-82.0):1:(-75.2)%5D
  Trying jplOscarV2NRT5day @ upwell.pfeg.noaa.gov 2026-07-01 ...
  jplOscarV2NRT5day @ upwell.pfeg.noaa.gov 2026-07-01: HTTPSConnectionPool(host='upwell.pfeg.noaa.gov', port=443): Max retries exceeded with url: /erddap/griddap/jplOscarV2NRT5day.nc?u%5B(2026-07-01T00:00:00Z)%5D%5B(0.0)%5D%5B(29.8):1:(35.2)%5D%5B(-82.0):1:(-75.2)%5D,v%5B(2026-07-01T00:00:00Z)%5D%5B(0.0)%5D%5B(29.8):1:(35.2)%5D%5B(-82.0):1:(-75.2)%5D (Caused by ConnectTimeoutError(<HTTPSConnection(host='upwell.pfeg.noaa.gov', port=443) at 0x7f93a02b3290>, 'Connection to upwell.pfeg.noaa.gov timed out. (connect timeout=8)'))
  Trying jplOscarV2NRT5day @ coastwatch.pfeg.noaa.gov 2026-06-30 ...
  jplOscarV2NRT5day @ coastwatch.pfeg.noaa.gov 2026-06-30: 403 Client Error:  for url: https://coastwatch.pfeg.noaa.gov/erddap/griddap/jplOscarV2NRT5day.nc?u%5B(2026-06-30T00:00:00Z)%5D%5B(0.0)%5D%5B(29.8):1:(35.2)%5D%5B(-82.0):1:(-75.2)%5D,v%5B(2026-06-30T00:00:00Z)%5D%5B(0.0)%5D%5B(29.8):1:(35.2)%5D%5B(-82.0):1:(-75.2)%5D
  Trying jplOscarV2NRT5day @ upwell.pfeg.noaa.gov 2026-06-30 ...
  jplOscarV2NRT5day @ upwell.pfeg.noaa.gov 2026-06-30: HTTPSConnectionPool(host='upwell.pfeg.noaa.gov', port=443): Max retries exceeded with url: /erddap/griddap/jplOscarV2NRT5day.nc?u%5B(2026-06-30T00:00:00Z)%5D%5B(0.0)%5D%5B(29.8):1:(35.2)%5D%5B(-82.0):1:(-75.2)%5D,v%5B(2026-06-30T00:00:00Z)%5D%5B(0.0)%5D%5B(29.8):1:(35.2)%5D%5B(-82.0):1:(-75.2)%5D (Caused by ConnectTimeoutError(<HTTPSConnection(host='upwell.pfeg.noaa.gov', port=443) at 0x7f93a00d51d0>, 'Connection to upwell.pfeg.noaa.gov timed out. (connect timeout=8)'))
  Trying jplOscarV2NRT5day @ coastwatch.pfeg.noaa.gov 2026-06-29 ...
  jplOscarV2NRT5day @ coastwatch.pfeg.noaa.gov 2026-06-29: 403 Client Error:  for url: https://coastwatch.pfeg.noaa.gov/erddap/griddap/jplOscarV2NRT5day.nc?u%5B(2026-06-29T00:00:00Z)%5D%5B(0.0)%5D%5B(29.8):1:(35.2)%5D%5B(-82.0):1:(-75.2)%5D,v%5B(2026-06-29T00:00:00Z)%5D%5B(0.0)%5D%5B(29.8):1:(35.2)%5D%5B(-82.0):1:(-75.2)%5D
  Trying jplOscarV2NRT5day @ upwell.pfeg.noaa.gov 2026-06-29 ...
  jplOscarV2NRT5day @ upwell.pfeg.noaa.gov 2026-06-29: HTTPSConnectionPool(host='upwell.pfeg.noaa.gov', port=443): Max retries exceeded with url: /erddap/griddap/jplOscarV2NRT5day.nc?u%5B(2026-06-29T00:00:00Z)%5D%5B(0.0)%5D%5B(29.8):1:(35.2)%5D%5B(-82.0):1:(-75.2)%5D,v%5B(2026-06-29T00:00:00Z)%5D%5B(0.0)%5D%5B(29.8):1:(35.2)%5D%5B(-82.0):1:(-75.2)%5D (Caused by ConnectTimeoutError(<HTTPSConnection(host='upwell.pfeg.noaa.gov', port=443) at 0x7f93a00d6b10>, 'Connection to upwell.pfeg.noaa.gov timed out. (connect timeout=8)'))
  Trying jplOscarV2NRT5day @ coastwatch.pfeg.noaa.gov 2026-06-28 ...
  jplOscarV2NRT5day @ coastwatch.pfeg.noaa.gov 2026-06-28: 403 Client Error:  for url: https://coastwatch.pfeg.noaa.gov/erddap/griddap/jplOscarV2NRT5day.nc?u%5B(2026-06-28T00:00:00Z)%5D%5B(0.0)%5D%5B(29.8):1:(35.2)%5D%5B(-82.0):1:(-75.2)%5D,v%5B(2026-06-28T00:00:00Z)%5D%5B(0.0)%5D%5B(29.8):1:(35.2)%5D%5B(-82.0):1:(-75.2)%5D
  Trying jplOscarV2NRT5day @ upwell.pfeg.noaa.gov 2026-06-28 ...
  jplOscarV2NRT5day @ upwell.pfeg.noaa.gov 2026-06-28: HTTPSConnectionPool(host='upwell.pfeg.noaa.gov', port=443): Max retries exceeded with url: /erddap/griddap/jplOscarV2NRT5day.nc?u%5B(2026-06-28T00:00:00Z)%5D%5B(0.0)%5D%5B(29.8):1:(35.2)%5D%5B(-82.0):1:(-75.2)%5D,v%5B(2026-06-28T00:00:00Z)%5D%5B(0.0)%5D%5B(29.8):1:(35.2)%5D%5B(-82.0):1:(-75.2)%5D (Caused by ConnectTimeoutError(<HTTPSConnection(host='upwell.pfeg.noaa.gov', port=443) at 0x7f93a00e0490>, 'Connection to upwell.pfeg.noaa.gov timed out. (connect timeout=8)'))
  Trying jplOscar1day @ coastwatch.pfeg.noaa.gov 2026-07-03 ...
  jplOscar1day @ coastwatch.pfeg.noaa.gov 2026-07-03: 403 Client Error:  for url: https://coastwatch.pfeg.noaa.gov/erddap/griddap/jplOscar1day.nc?u%5B(2026-07-03T00:00:00Z)%5D%5B(0.0)%5D%5B(29.8):1:(35.2)%5D%5B(-82.0):1:(-75.2)%5D,v%5B(2026-07-03T00:00:00Z)%5D%5B(0.0)%5D%5B(29.8):1:(35.2)%5D%5B(-82.0):1:(-75.2)%5D
  Trying jplOscar1day @ upwell.pfeg.noaa.gov 2026-07-03 ...
  jplOscar1day @ upwell.pfeg.noaa.gov 2026-07-03: HTTPSConnectionPool(host='upwell.pfeg.noaa.gov', port=443): Max retries exceeded with url: /erddap/griddap/jplOscar1day.nc?u%5B(2026-07-03T00:00:00Z)%5D%5B(0.0)%5D%5B(29.8):1:(35.2)%5D%5B(-82.0):1:(-75.2)%5D,v%5B(2026-07-03T00:00:00Z)%5D%5B(0.0)%5D%5B(29.8):1:(35.2)%5D%5B(-82.0):1:(-75.2)%5D (Caused by ConnectTimeoutError(<HTTPSConnection(host='upwell.pfeg.noaa.gov', port=443) at 0x7f93a02b2790>, 'Connection to upwell.pfeg.noaa.gov timed out. (connect timeout=8)'))
  Trying jplOscar1day @ coastwatch.pfeg.noaa.gov 2026-07-02 ...
  jplOscar1day @ coastwatch.pfeg.noaa.gov 2026-07-02: 403 Client Error:  for url: https://coastwatch.pfeg.noaa.gov/erddap/griddap/jplOscar1day.nc?u%5B(2026-07-02T00:00:00Z)%5D%5B(0.0)%5D%5B(29.8):1:(35.2)%5D%5B(-82.0):1:(-75.2)%5D,v%5B(2026-07-02T00:00:00Z)%5D%5B(0.0)%5D%5B(29.8):1:(35.2)%5D%5B(-82.0):1:(-75.2)%5D
  Trying jplOscar1day @ upwell.pfeg.noaa.gov 2026-07-02 ...
  jplOscar1day @ upwell.pfeg.noaa.gov 2026-07-02: HTTPSConnectionPool(host='upwell.pfeg.noaa.gov', port=443): Max retries exceeded with url: /erddap/griddap/jplOscar1day.nc?u%5B(2026-07-02T00:00:00Z)%5D%5B(0.0)%5D%5B(29.8):1:(35.2)%5D%5B(-82.0):1:(-75.2)%5D,v%5B(2026-07-02T00:00:00Z)%5D%5B(0.0)%5D%5B(29.8):1:(35.2)%5D%5B(-82.0):1:(-75.2)%5D (Caused by ConnectTimeoutError(<HTTPSConnection(host='upwell.pfeg.noaa.gov', port=443) at 0x7f93a00d6890>, 'Connection to upwell.pfeg.noaa.gov timed out. (connect timeout=8)'))
  Trying jplOscar1day @ coastwatch.pfeg.noaa.gov 2026-07-01 ...
  jplOscar1day @ coastwatch.pfeg.noaa.gov 2026-07-01: 403 Client Error:  for url: https://coastwatch.pfeg.noaa.gov/erddap/griddap/jplOscar1day.nc?u%5B(2026-07-01T00:00:00Z)%5D%5B(0.0)%5D%5B(29.8):1:(35.2)%5D%5B(-82.0):1:(-75.2)%5D,v%5B(2026-07-01T00:00:00Z)%5D%5B(0.0)%5D%5B(29.8):1:(35.2)%5D%5B(-82.0):1:(-75.2)%5D
  Trying jplOscar1day @ upwell.pfeg.noaa.gov 2026-07-01 ...
  jplOscar1day @ upwell.pfeg.noaa.gov 2026-07-01: HTTPSConnectionPool(host='upwell.pfeg.noaa.gov', port=443): Max retries exceeded with url: /erddap/griddap/jplOscar1day.nc?u%5B(2026-07-01T00:00:00Z)%5D%5B(0.0)%5D%5B(29.8):1:(35.2)%5D%5B(-82.0):1:(-75.2)%5D,v%5B(2026-07-01T00:00:00Z)%5D%5B(0.0)%5D%5B(29.8):1:(35.2)%5D%5B(-82.0):1:(-75.2)%5D (Caused by ConnectTimeoutError(<HTTPSConnection(host='upwell.pfeg.noaa.gov', port=443) at 0x7f93a02b1d10>, 'Connection to upwell.pfeg.noaa.gov timed out. (connect timeout=8)'))
  Trying jplOscar1day @ coastwatch.pfeg.noaa.gov 2026-06-30 ...
  jplOscar1day @ coastwatch.pfeg.noaa.gov 2026-06-30: 403 Client Error:  for url: https://coastwatch.pfeg.noaa.gov/erddap/griddap/jplOscar1day.nc?u%5B(2026-06-30T00:00:00Z)%5D%5B(0.0)%5D%5B(29.8):1:(35.2)%5D%5B(-82.0):1:(-75.2)%5D,v%5B(2026-06-30T00:00:00Z)%5D%5B(0.0)%5D%5B(29.8):1:(35.2)%5D%5B(-82.0):1:(-75.2)%5D
  Trying jplOscar1day @ upwell.pfeg.noaa.gov 2026-06-30 ...
  jplOscar1day @ upwell.pfeg.noaa.gov 2026-06-30: HTTPSConnectionPool(host='upwell.pfeg.noaa.gov', port=443): Max retries exceeded with url: /erddap/griddap/jplOscar1day.nc?u%5B(2026-06-30T00:00:00Z)%5D%5B(0.0)%5D%5B(29.8):1:(35.2)%5D%5B(-82.0):1:(-75.2)%5D,v%5B(2026-06-30T00:00:00Z)%5D%5B(0.0)%5D%5B(29.8):1:(35.2)%5D%5B(-82.0):1:(-75.2)%5D (Caused by ConnectTimeoutError(<HTTPSConnection(host='upwell.pfeg.noaa.gov', port=443) at 0x7f93a02b0e50>, 'Connection to upwell.pfeg.noaa.gov timed out. (connect timeout=8)'))
  Trying jplOscar1day @ coastwatch.pfeg.noaa.gov 2026-06-29 ...
  jplOscar1day @ coastwatch.pfeg.noaa.gov 2026-06-29: 403 Client Error:  for url: https://coastwatch.pfeg.noaa.gov/erddap/griddap/jplOscar1day.nc?u%5B(2026-06-29T00:00:00Z)%5D%5B(0.0)%5D%5B(29.8):1:(35.2)%5D%5B(-82.0):1:(-75.2)%5D,v%5B(2026-06-29T00:00:00Z)%5D%5B(0.0)%5D%5B(29.8):1:(35.2)%5D%5B(-82.0):1:(-75.2)%5D
  Trying jplOscar1day @ upwell.pfeg.noaa.gov 2026-06-29 ...
  jplOscar1day @ upwell.pfeg.noaa.gov 2026-06-29: HTTPSConnectionPool(host='upwell.pfeg.noaa.gov', port=443): Max retries exceeded with url: /erddap/griddap/jplOscar1day.nc?u%5B(2026-06-29T00:00:00Z)%5D%5B(0.0)%5D%5B(29.8):1:(35.2)%5D%5B(-82.0):1:(-75.2)%5D,v%5B(2026-06-29T00:00:00Z)%5D%5B(0.0)%5D%5B(29.8):1:(35.2)%5D%5B(-82.0):1:(-75.2)%5D (Caused by ConnectTimeoutError(<HTTPSConnection(host='upwell.pfeg.noaa.gov', port=443) at 0x7f93a02a2210>, 'Connection to upwell.pfeg.noaa.gov timed out. (connect timeout=8)'))
  Trying jplOscar1day @ coastwatch.pfeg.noaa.gov 2026-06-28 ...
  jplOscar1day @ coastwatch.pfeg.noaa.gov 2026-06-28: 403 Client Error:  for url: https://coastwatch.pfeg.noaa.gov/erddap/griddap/jplOscar1day.nc?u%5B(2026-06-28T00:00:00Z)%5D%5B(0.0)%5D%5B(29.8):1:(35.2)%5D%5B(-82.0):1:(-75.2)%5D,v%5B(2026-06-28T00:00:00Z)%5D%5B(0.0)%5D%5B(29.8):1:(35.2)%5D%5B(-82.0):1:(-75.2)%5D
  Trying jplOscar1day @ upwell.pfeg.noaa.gov 2026-06-28 ...
  jplOscar1day @ upwell.pfeg.noaa.gov 2026-06-28: HTTPSConnectionPool(host='upwell.pfeg.noaa.gov', port=443): Max retries exceeded with url: /erddap/griddap/jplOscar1day.nc?u%5B(2026-06-28T00:00:00Z)%5D%5B(0.0)%5D%5B(29.8):1:(35.2)%5D%5B(-82.0):1:(-75.2)%5D,v%5B(2026-06-28T00:00:00Z)%5D%5B(0.0)%5D%5B(29.8):1:(35.2)%5D%5B(-82.0):1:(-75.2)%5D (Caused by ConnectTimeoutError(<HTTPSConnection(host='upwell.pfeg.noaa.gov', port=443) at 0x7f93a00c6390>, 'Connection to upwell.pfeg.noaa.gov timed out. (connect timeout=8)'))
  Trying erdQCkm1day @ coastwatch.pfeg.noaa.gov 2026-07-03 ...
  erdQCkm1day @ coastwatch.pfeg.noaa.gov 2026-07-03: 403 Client Error:  for url: https://coastwatch.pfeg.noaa.gov/erddap/griddap/erdQCkm1day.nc?u%5B(2026-07-03T00:00:00Z)%5D%5B(0.0)%5D%5B(29.8):1:(35.2)%5D%5B(-82.0):1:(-75.2)%5D,v%5B(2026-07-03T00:00:00Z)%5D%5B(0.0)%5D%5B(29.8):1:(35.2)%5D%5B(-82.0):1:(-75.2)%5D
  Trying erdQCkm1day @ upwell.pfeg.noaa.gov 2026-07-03 ...
  erdQCkm1day @ upwell.pfeg.noaa.gov 2026-07-03: HTTPSConnectionPool(host='upwell.pfeg.noaa.gov', port=443): Max retries exceeded with url: /erddap/griddap/erdQCkm1day.nc?u%5B(2026-07-03T00:00:00Z)%5D%5B(0.0)%5D%5B(29.8):1:(35.2)%5D%5B(-82.0):1:(-75.2)%5D,v%5B(2026-07-03T00:00:00Z)%5D%5B(0.0)%5D%5B(29.8):1:(35.2)%5D%5B(-82.0):1:(-75.2)%5D (Caused by ConnectTimeoutError(<HTTPSConnection(host='upwell.pfeg.noaa.gov', port=443) at 0x7f93a00e0990>, 'Connection to upwell.pfeg.noaa.gov timed out. (connect timeout=8)'))
  Trying erdQCkm1day @ coastwatch.pfeg.noaa.gov 2026-07-02 ...
  erdQCkm1day @ coastwatch.pfeg.noaa.gov 2026-07-02: 403 Client Error:  for url: https://coastwatch.pfeg.noaa.gov/erddap/griddap/erdQCkm1day.nc?u%5B(2026-07-02T00:00:00Z)%5D%5B(0.0)%5D%5B(29.8):1:(35.2)%5D%5B(-82.0):1:(-75.2)%5D,v%5B(2026-07-02T00:00:00Z)%5D%5B(0.0)%5D%5B(29.8):1:(35.2)%5D%5B(-82.0):1:(-75.2)%5D
  Trying erdQCkm1day @ upwell.pfeg.noaa.gov 2026-07-02 ...
  erdQCkm1day @ upwell.pfeg.noaa.gov 2026-07-02: HTTPSConnectionPool(host='upwell.pfeg.noaa.gov', port=443): Max retries exceeded with url: /erddap/griddap/erdQCkm1day.nc?u%5B(2026-07-02T00:00:00Z)%5D%5B(0.0)%5D%5B(29.8):1:(35.2)%5D%5B(-82.0):1:(-75.2)%5D,v%5B(2026-07-02T00:00:00Z)%5D%5B(0.0)%5D%5B(29.8):1:(35.2)%5D%5B(-82.0):1:(-75.2)%5D (Caused by ConnectTimeoutError(<HTTPSConnection(host='upwell.pfeg.noaa.gov', port=443) at 0x7f93a00e3250>, 'Connection to upwell.pfeg.noaa.gov timed out. (connect timeout=8)'))
  Trying erdQCkm1day @ coastwatch.pfeg.noaa.gov 2026-07-01 ...
  erdQCkm1day @ coastwatch.pfeg.noaa.gov 2026-07-01: 403 Client Error:  for url: https://coastwatch.pfeg.noaa.gov/erddap/griddap/erdQCkm1day.nc?u%5B(2026-07-01T00:00:00Z)%5D%5B(0.0)%5D%5B(29.8):1:(35.2)%5D%5B(-82.0):1:(-75.2)%5D,v%5B(2026-07-01T00:00:00Z)%5D%5B(0.0)%5D%5B(29.8):1:(35.2)%5D%5B(-82.0):1:(-75.2)%5D
  Trying erdQCkm1day @ upwell.pfeg.noaa.gov 2026-07-01 ...
  erdQCkm1day @ upwell.pfeg.noaa.gov 2026-07-01: HTTPSConnectionPool(host='upwell.pfeg.noaa.gov', port=443): Max retries exceeded with url: /erddap/griddap/erdQCkm1day.nc?u%5B(2026-07-01T00:00:00Z)%5D%5B(0.0)%5D%5B(29.8):1:(35.2)%5D%5B(-82.0):1:(-75.2)%5D,v%5B(2026-07-01T00:00:00Z)%5D%5B(0.0)%5D%5B(29.8):1:(35.2)%5D%5B(-82.0):1:(-75.2)%5D (Caused by ConnectTimeoutError(<HTTPSConnection(host='upwell.pfeg.noaa.gov', port=443) at 0x7f93a00c4ed0>, 'Connection to upwell.pfeg.noaa.gov timed out. (connect timeout=8)'))
  Trying erdQCkm1day @ coastwatch.pfeg.noaa.gov 2026-06-30 ...
  erdQCkm1day @ coastwatch.pfeg.noaa.gov 2026-06-30: 403 Client Error:  for url: https://coastwatch.pfeg.noaa.gov/erddap/griddap/erdQCkm1day.nc?u%5B(2026-06-30T00:00:00Z)%5D%5B(0.0)%5D%5B(29.8):1:(35.2)%5D%5B(-82.0):1:(-75.2)%5D,v%5B(2026-06-30T00:00:00Z)%5D%5B(0.0)%5D%5B(29.8):1:(35.2)%5D%5B(-82.0):1:(-75.2)%5D
  Trying erdQCkm1day @ upwell.pfeg.noaa.gov 2026-06-30 ...
  erdQCkm1day @ upwell.pfeg.noaa.gov 2026-06-30: HTTPSConnectionPool(host='upwell.pfeg.noaa.gov', port=443): Max retries exceeded with url: /erddap/griddap/erdQCkm1day.nc?u%5B(2026-06-30T00:00:00Z)%5D%5B(0.0)%5D%5B(29.8):1:(35.2)%5D%5B(-82.0):1:(-75.2)%5D,v%5B(2026-06-30T00:00:00Z)%5D%5B(0.0)%5D%5B(29.8):1:(35.2)%5D%5B(-82.0):1:(-75.2)%5D (Caused by ConnectTimeoutError(<HTTPSConnection(host='upwell.pfeg.noaa.gov', port=443) at 0x7f93a00c65d0>, 'Connection to upwell.pfeg.noaa.gov timed out. (connect timeout=8)'))
  Trying erdQCkm1day @ coastwatch.pfeg.noaa.gov 2026-06-29 ...
  erdQCkm1day @ coastwatch.pfeg.noaa.gov 2026-06-29: 403 Client Error:  for url: https://coastwatch.pfeg.noaa.gov/erddap/griddap/erdQCkm1day.nc?u%5B(2026-06-29T00:00:00Z)%5D%5B(0.0)%5D%5B(29.8):1:(35.2)%5D%5B(-82.0):1:(-75.2)%5D,v%5B(2026-06-29T00:00:00Z)%5D%5B(0.0)%5D%5B(29.8):1:(35.2)%5D%5B(-82.0):1:(-75.2)%5D
  Trying erdQCkm1day @ upwell.pfeg.noaa.gov 2026-06-29 ...
  erdQCkm1day @ upwell.pfeg.noaa.gov 2026-06-29: HTTPSConnectionPool(host='upwell.pfeg.noaa.gov', port=443): Max retries exceeded with url: /erddap/griddap/erdQCkm1day.nc?u%5B(2026-06-29T00:00:00Z)%5D%5B(0.0)%5D%5B(29.8):1:(35.2)%5D%5B(-82.0):1:(-75.2)%5D,v%5B(2026-06-29T00:00:00Z)%5D%5B(0.0)%5D%5B(29.8):1:(35.2)%5D%5B(-82.0):1:(-75.2)%5D (Caused by ConnectTimeoutError(<HTTPSConnection(host='upwell.pfeg.noaa.gov', port=443) at 0x7f93a02a09d0>, 'Connection to upwell.pfeg.noaa.gov timed out. (connect timeout=8)'))
  Trying erdQCkm1day @ coastwatch.pfeg.noaa.gov 2026-06-28 ...
  erdQCkm1day @ coastwatch.pfeg.noaa.gov 2026-06-28: 403 Client Error:  for url: https://coastwatch.pfeg.noaa.gov/erddap/griddap/erdQCkm1day.nc?u%5B(2026-06-28T00:00:00Z)%5D%5B(0.0)%5D%5B(29.8):1:(35.2)%5D%5B(-82.0):1:(-75.2)%5D,v%5B(2026-06-28T00:00:00Z)%5D%5B(0.0)%5D%5B(29.8):1:(35.2)%5D%5B(-82.0):1:(-75.2)%5D
  Trying erdQCkm1day @ upwell.pfeg.noaa.gov 2026-06-28 ...
  erdQCkm1day @ upwell.pfeg.noaa.gov 2026-06-28: HTTPSConnectionPool(host='upwell.pfeg.noaa.gov', port=443): Max retries exceeded with url: /erddap/griddap/erdQCkm1day.nc?u%5B(2026-06-28T00:00:00Z)%5D%5B(0.0)%5D%5B(29.8):1:(35.2)%5D%5B(-82.0):1:(-75.2)%5D,v%5B(2026-06-28T00:00:00Z)%5D%5B(0.0)%5D%5B(29.8):1:(35.2)%5D%5B(-82.0):1:(-75.2)%5D (Caused by ConnectTimeoutError(<HTTPSConnection(host='upwell.pfeg.noaa.gov', port=443) at 0x7f93a02a0a90>, 'Connection to upwell.pfeg.noaa.gov timed out. (connect timeout=8)'))
  OSCAR: all attempts failed

[CMEMS] Currents  (2026-07-03)  0.083 deg, daily
INFO - 2026-07-04T12:14:11Z - Selected dataset version: "202406"
INFO - 2026-07-04T12:14:11Z - Selected dataset part: "default"
WARNING - 2026-07-04T12:14:11Z - Some of your subset selection [0.0, 1.0] for the depth dimension exceed the dataset coordinates [0.49402499198913574, 5727.9169921875]
INFO - 2026-07-04T12:14:16Z - Total size of the download: 54.98 KB.
  CMEMS currents: 3,552 pts  0.005–2.048 m/s

[CMEMS] Altimetry  (2026-07-03)  0.125 deg, daily
INFO - 2026-07-04T12:14:19Z - Selected dataset version: "202506"
INFO - 2026-07-04T12:14:19Z - Selected dataset part: "default"
INFO - 2026-07-04T12:14:24Z - Total size of the download: 50.46 KB.
  Altimetry: 1,648 pts  SLA -0.152–0.480 m
  Geostrophic currents: 1,648 pts  0.003–1.797 m/s

============================================================
  Exporting ...
    Currents JSON → DailySST/Currents/ga_sc/currents_20260703.json  (365 KB)
    Currents CSV  → DailySST/Currents/ga_sc/currents_20260703.csv  (3,552 rows, 216 KB)
    Altimetry CSV  → DailySST/Altimetry/ga_sc/altimetry_20260703.csv  (1,648 rows, 95 KB)
    Altimetry grid → DailySST/Altimetry/ga_sc/altimetry_20260703_grid.json  (29 KB)

============================================================
  Currents  (CMEMS): 3,552 pts  speed 0.005–2.048 m/s  p98=1.797 m/s
  Altimetry (CMEMS_ALT): 1,648 pts  SSH -0.079–1.183 m
============================================================

  Files → /home/runner/work/SSTv2/SSTv2/DailySST/Currents/ga_sc
         → /home/runner/work/SSTv2/SSTv2/DailySST/Altimetry/ga_sc
