============================================================
  Ocean Dynamics Fetcher — Currents + Altimetry
  Date      : 2026-07-16
  BBOX      : {'lat_min': 37.26, 'lat_max': 41.51, 'lon_min': -77.46, 'lon_max': -68.97}
  Output    : /home/runner/work/SSTv2/SSTv2/DailySST
============================================================

[1/3] HYCOM currents + SSH  (target: 2026-07-16)  ~1/12 deg
  HYCOM catalog https://tds.hycom.org/thredds/catalog/catalog.xml failed: HTTPSConnectionPool(host='tds.hycom.org', port=443): Max retries exceeded with url: /thredds/catalog/catalog.xml (Caused by ConnectTimeoutError(<HTTPSConnection(host='tds.hycom.org', port=443) at 0x7efd53204cd0>, 'Connection to tds.hycom.org timed out. (connect timeout=20)'))
  HYCOM catalog https://tds.hycom.org/thredds/catalog/FMRC_ESPC-D-V02_uv3z/catalog.xml failed: HTTPSConnectionPool(host='tds.hycom.org', port=443): Max retries exceeded with url: /thredds/catalog/FMRC_ESPC-D-V02_uv3z/catalog.xml (Caused by ConnectTimeoutError(<HTTPSConnection(host='tds.hycom.org', port=443) at 0x7efd532068d0>, 'Connection to tds.hycom.org timed out. (connect timeout=20)'))
  Using default HYCOM dataset: FMRC_ESPC-D-V02_uv3z
  Trying https://tds.hycom.org/thredds/ncss/FMRC_ESPC-D-V02_uv3z/runs/FMRC_ESPC-D-V02_uv3...
  HYCOM 2026-07-16 12Z failed: HTTPSConnectionPool(host='tds.hycom.org', port=443): Max retries exceeded with url: /thredds/ncss/FMRC_ESPC-D-V02_uv3z/runs/FMRC_ESPC-D-V02_uv3z_RUN_2026-07-16T12:00:00Z?var=water_u&var=water_v&var=surf_el&north=41.51&south=37.26&west=-77.46&east=-68.97&horizStride=1&vertCoord=0&disableLLSubset=on&disableProjSubset=on&time_start=2026-07-16T12:00:00Z&time_end=2026-07-16T12:00:00Z&accept=netcdf (Caused by ConnectTimeoutError(<HTTPSConnection(host='tds.hycom.org', port=443) at 0x7efd5320ccd0>, 'Connection to tds.hycom.org timed out. (connect timeout=180)'))
  Trying https://tds.hycom.org/thredds/ncss/FMRC_ESPC-D-V02_uv3z/FMRC_ESPC-D-V02_uv3z_bes...
  HYCOM 2026-07-16 12Z failed: HTTPSConnectionPool(host='tds.hycom.org', port=443): Max retries exceeded with url: /thredds/ncss/FMRC_ESPC-D-V02_uv3z/FMRC_ESPC-D-V02_uv3z_best.ncd?var=water_u&var=water_v&var=surf_el&north=41.51&south=37.26&west=-77.46&east=-68.97&horizStride=1&vertCoord=0&disableLLSubset=on&disableProjSubset=on&time_start=2026-07-16T12:00:00Z&time_end=2026-07-16T12:00:00Z&accept=netcdf (Caused by ConnectTimeoutError(<HTTPSConnection(host='tds.hycom.org', port=443) at 0x7efd5320e810>, 'Connection to tds.hycom.org timed out. (connect timeout=180)'))
  Trying https://tds.hycom.org/thredds/ncss/FMRC_ESPC-D-V02_uv3z/runs/FMRC_ESPC-D-V02_uv3...
  HYCOM 2026-07-16 00Z failed: HTTPSConnectionPool(host='tds.hycom.org', port=443): Max retries exceeded with url: /thredds/ncss/FMRC_ESPC-D-V02_uv3z/runs/FMRC_ESPC-D-V02_uv3z_RUN_2026-07-16T00:00:00Z?var=water_u&var=water_v&var=surf_el&north=41.51&south=37.26&west=-77.46&east=-68.97&horizStride=1&vertCoord=0&disableLLSubset=on&disableProjSubset=on&time_start=2026-07-16T00:00:00Z&time_end=2026-07-16T00:00:00Z&accept=netcdf (Caused by ConnectTimeoutError(<HTTPSConnection(host='tds.hycom.org', port=443) at 0x7efd53207f90>, 'Connection to tds.hycom.org timed out. (connect timeout=180)'))
  Trying https://tds.hycom.org/thredds/ncss/FMRC_ESPC-D-V02_uv3z/FMRC_ESPC-D-V02_uv3z_bes...
  HYCOM 2026-07-16 00Z failed: HTTPSConnectionPool(host='tds.hycom.org', port=443): Max retries exceeded with url: /thredds/ncss/FMRC_ESPC-D-V02_uv3z/FMRC_ESPC-D-V02_uv3z_best.ncd?var=water_u&var=water_v&var=surf_el&north=41.51&south=37.26&west=-77.46&east=-68.97&horizStride=1&vertCoord=0&disableLLSubset=on&disableProjSubset=on&time_start=2026-07-16T00:00:00Z&time_end=2026-07-16T00:00:00Z&accept=netcdf (Caused by ConnectTimeoutError(<HTTPSConnection(host='tds.hycom.org', port=443) at 0x7efd53205050>, 'Connection to tds.hycom.org timed out. (connect timeout=180)'))
  Trying https://tds.hycom.org/thredds/ncss/FMRC_ESPC-D-V02_uv3z/runs/FMRC_ESPC-D-V02_uv3...
  HYCOM 2026-07-15 12Z failed: HTTPSConnectionPool(host='tds.hycom.org', port=443): Max retries exceeded with url: /thredds/ncss/FMRC_ESPC-D-V02_uv3z/runs/FMRC_ESPC-D-V02_uv3z_RUN_2026-07-15T12:00:00Z?var=water_u&var=water_v&var=surf_el&north=41.51&south=37.26&west=-77.46&east=-68.97&horizStride=1&vertCoord=0&disableLLSubset=on&disableProjSubset=on&time_start=2026-07-15T12:00:00Z&time_end=2026-07-15T12:00:00Z&accept=netcdf (Caused by ConnectTimeoutError(<HTTPSConnection(host='tds.hycom.org', port=443) at 0x7efd5320fad0>, 'Connection to tds.hycom.org timed out. (connect timeout=180)'))
  Trying https://tds.hycom.org/thredds/ncss/FMRC_ESPC-D-V02_uv3z/FMRC_ESPC-D-V02_uv3z_bes...
  HYCOM 2026-07-15 12Z failed: HTTPSConnectionPool(host='tds.hycom.org', port=443): Max retries exceeded with url: /thredds/ncss/FMRC_ESPC-D-V02_uv3z/FMRC_ESPC-D-V02_uv3z_best.ncd?var=water_u&var=water_v&var=surf_el&north=41.51&south=37.26&west=-77.46&east=-68.97&horizStride=1&vertCoord=0&disableLLSubset=on&disableProjSubset=on&time_start=2026-07-15T12:00:00Z&time_end=2026-07-15T12:00:00Z&accept=netcdf (Caused by ConnectTimeoutError(<HTTPSConnection(host='tds.hycom.org', port=443) at 0x7efd5320cf10>, 'Connection to tds.hycom.org timed out. (connect timeout=180)'))
  Trying https://tds.hycom.org/thredds/ncss/FMRC_ESPC-D-V02_uv3z/runs/FMRC_ESPC-D-V02_uv3...
  HYCOM 2026-07-15 00Z failed: HTTPSConnectionPool(host='tds.hycom.org', port=443): Max retries exceeded with url: /thredds/ncss/FMRC_ESPC-D-V02_uv3z/runs/FMRC_ESPC-D-V02_uv3z_RUN_2026-07-15T00:00:00Z?var=water_u&var=water_v&var=surf_el&north=41.51&south=37.26&west=-77.46&east=-68.97&horizStride=1&vertCoord=0&disableLLSubset=on&disableProjSubset=on&time_start=2026-07-15T00:00:00Z&time_end=2026-07-15T00:00:00Z&accept=netcdf (Caused by ConnectTimeoutError(<HTTPSConnection(host='tds.hycom.org', port=443) at 0x7efd53224f10>, 'Connection to tds.hycom.org timed out. (connect timeout=180)'))
  Trying https://tds.hycom.org/thredds/ncss/FMRC_ESPC-D-V02_uv3z/FMRC_ESPC-D-V02_uv3z_bes...
  HYCOM 2026-07-15 00Z failed: HTTPSConnectionPool(host='tds.hycom.org', port=443): Max retries exceeded with url: /thredds/ncss/FMRC_ESPC-D-V02_uv3z/FMRC_ESPC-D-V02_uv3z_best.ncd?var=water_u&var=water_v&var=surf_el&north=41.51&south=37.26&west=-77.46&east=-68.97&horizStride=1&vertCoord=0&disableLLSubset=on&disableProjSubset=on&time_start=2026-07-15T00:00:00Z&time_end=2026-07-15T00:00:00Z&accept=netcdf (Caused by ConnectTimeoutError(<HTTPSConnection(host='tds.hycom.org', port=443) at 0x7efd53227090>, 'Connection to tds.hycom.org timed out. (connect timeout=180)'))
  Trying https://tds.hycom.org/thredds/ncss/FMRC_ESPC-D-V02_uv3z/runs/FMRC_ESPC-D-V02_uv3...
