============================================================
  Ocean Dynamics Fetcher — Currents + Altimetry
  Date      : 2026-06-09
  BBOX      : {'lat_min': 33.7, 'lat_max': 39.0, 'lon_min': -78.89, 'lon_max': -72.21}
  Output    : /home/runner/work/SSTv2/SSTv2/DailySST
============================================================

[1/3] HYCOM currents + SSH  (target: 2026-06-09)  ~1/12 deg
  HYCOM catalog lookup failed: 404 Client Error: 404 for url: https://ncss.hycom.org/thredds/catalog/GLBy0.08/catalog.xml
  Trying HYCOM NCSS 2026-06-09 12Z ...
  HYCOM NCSS 2026-06-09 12Z failed: did not find a match in any of xarray's currently installed IO backends ['netcdf4', 'h5netcdf', 'zarr']. Consider explicitly selecting one of the installed engines via the ``engine`` parameter, or installing additional IO dependencies, see:
https://docs.xarray.dev/en/stable/getting-started-guide/installing.html
https://docs.xarray.dev/en/stable/user-guide/io.html
  Trying HYCOM NCSS 2026-06-09 00Z ...
  HYCOM NCSS 2026-06-09 00Z failed: did not find a match in any of xarray's currently installed IO backends ['netcdf4', 'h5netcdf', 'zarr']. Consider explicitly selecting one of the installed engines via the ``engine`` parameter, or installing additional IO dependencies, see:
https://docs.xarray.dev/en/stable/getting-started-guide/installing.html
https://docs.xarray.dev/en/stable/user-guide/io.html
  Trying HYCOM NCSS 2026-06-08 12Z ...
  HYCOM NCSS 2026-06-08 12Z failed: did not find a match in any of xarray's currently installed IO backends ['netcdf4', 'h5netcdf', 'zarr']. Consider explicitly selecting one of the installed engines via the ``engine`` parameter, or installing additional IO dependencies, see:
https://docs.xarray.dev/en/stable/getting-started-guide/installing.html
https://docs.xarray.dev/en/stable/user-guide/io.html
  Trying HYCOM NCSS 2026-06-08 00Z ...
  HYCOM NCSS 2026-06-08 00Z failed: did not find a match in any of xarray's currently installed IO backends ['netcdf4', 'h5netcdf', 'zarr']. Consider explicitly selecting one of the installed engines via the ``engine`` parameter, or installing additional IO dependencies, see:
https://docs.xarray.dev/en/stable/getting-started-guide/installing.html
https://docs.xarray.dev/en/stable/user-guide/io.html
  Trying HYCOM NCSS 2026-06-07 12Z ...
  HYCOM NCSS 2026-06-07 12Z failed: did not find a match in any of xarray's currently installed IO backends ['netcdf4', 'h5netcdf', 'zarr']. Consider explicitly selecting one of the installed engines via the ``engine`` parameter, or installing additional IO dependencies, see:
https://docs.xarray.dev/en/stable/getting-started-guide/installing.html
https://docs.xarray.dev/en/stable/user-guide/io.html
  Trying HYCOM NCSS 2026-06-07 00Z ...
  HYCOM NCSS 2026-06-07 00Z failed: did not find a match in any of xarray's currently installed IO backends ['netcdf4', 'h5netcdf', 'zarr']. Consider explicitly selecting one of the installed engines via the ``engine`` parameter, or installing additional IO dependencies, see:
https://docs.xarray.dev/en/stable/getting-started-guide/installing.html
https://docs.xarray.dev/en/stable/user-guide/io.html
  Trying HYCOM NCSS 2026-06-06 12Z ...
  HYCOM NCSS 2026-06-06 12Z failed: did not find a match in any of xarray's currently installed IO backends ['netcdf4', 'h5netcdf', 'zarr']. Consider explicitly selecting one of the installed engines via the ``engine`` parameter, or installing additional IO dependencies, see:
https://docs.xarray.dev/en/stable/getting-started-guide/installing.html
https://docs.xarray.dev/en/stable/user-guide/io.html
  Trying HYCOM NCSS 2026-06-06 00Z ...
  HYCOM NCSS 2026-06-06 00Z failed: did not find a match in any of xarray's currently installed IO backends ['netcdf4', 'h5netcdf', 'zarr']. Consider explicitly selecting one of the installed engines via the ``engine`` parameter, or installing additional IO dependencies, see:
https://docs.xarray.dev/en/stable/getting-started-guide/installing.html
https://docs.xarray.dev/en/stable/user-guide/io.html
  HYCOM: all attempts failed

[2/3] OSCAR currents  (target: 2026-06-09)  1/3 deg, 5-day composite
  Trying upwell.pfeg.noaa.gov 2026-06-09 ...
  OSCAR upwell.pfeg.noaa.gov 2026-06-09: 404 Client Error:  for url: https://upwell.pfeg.noaa.gov/erddap/griddap/OSCAR_L4_OC_NRT_V2.0.nc?u%5B(2026-06-09T00:00:00Z)%5D%5B(0.0)%5D%5B(33.7):1:(39.0)%5D%5B(-78.89):1:(-72.21)%5D,v%5B(2026-06-09T00:00:00Z)%5D%5B(0.0)%5D%5B(33.7):1:(39.0)%5D%5B(-78.89):1:(-72.21)%5D
  Trying coastwatch.pfeg.noaa.gov 2026-06-09 ...
  OSCAR coastwatch.pfeg.noaa.gov 2026-06-09: 404 Client Error:  for url: https://coastwatch.pfeg.noaa.gov/erddap/griddap/OSCAR_L4_OC_NRT_V2.0.nc?u%5B(2026-06-09T00:00:00Z)%5D%5B(0.0)%5D%5B(33.7):1:(39.0)%5D%5B(-78.89):1:(-72.21)%5D,v%5B(2026-06-09T00:00:00Z)%5D%5B(0.0)%5D%5B(33.7):1:(39.0)%5D%5B(-78.89):1:(-72.21)%5D
  Trying upwell.pfeg.noaa.gov 2026-06-08 ...
  OSCAR upwell.pfeg.noaa.gov 2026-06-08: 404 Client Error:  for url: https://upwell.pfeg.noaa.gov/erddap/griddap/OSCAR_L4_OC_NRT_V2.0.nc?u%5B(2026-06-08T00:00:00Z)%5D%5B(0.0)%5D%5B(33.7):1:(39.0)%5D%5B(-78.89):1:(-72.21)%5D,v%5B(2026-06-08T00:00:00Z)%5D%5B(0.0)%5D%5B(33.7):1:(39.0)%5D%5B(-78.89):1:(-72.21)%5D
  Trying coastwatch.pfeg.noaa.gov 2026-06-08 ...
  OSCAR coastwatch.pfeg.noaa.gov 2026-06-08: 404 Client Error:  for url: https://coastwatch.pfeg.noaa.gov/erddap/griddap/OSCAR_L4_OC_NRT_V2.0.nc?u%5B(2026-06-08T00:00:00Z)%5D%5B(0.0)%5D%5B(33.7):1:(39.0)%5D%5B(-78.89):1:(-72.21)%5D,v%5B(2026-06-08T00:00:00Z)%5D%5B(0.0)%5D%5B(33.7):1:(39.0)%5D%5B(-78.89):1:(-72.21)%5D
  Trying upwell.pfeg.noaa.gov 2026-06-07 ...
  OSCAR upwell.pfeg.noaa.gov 2026-06-07: 404 Client Error:  for url: https://upwell.pfeg.noaa.gov/erddap/griddap/OSCAR_L4_OC_NRT_V2.0.nc?u%5B(2026-06-07T00:00:00Z)%5D%5B(0.0)%5D%5B(33.7):1:(39.0)%5D%5B(-78.89):1:(-72.21)%5D,v%5B(2026-06-07T00:00:00Z)%5D%5B(0.0)%5D%5B(33.7):1:(39.0)%5D%5B(-78.89):1:(-72.21)%5D
  Trying coastwatch.pfeg.noaa.gov 2026-06-07 ...
  OSCAR coastwatch.pfeg.noaa.gov 2026-06-07: 404 Client Error:  for url: https://coastwatch.pfeg.noaa.gov/erddap/griddap/OSCAR_L4_OC_NRT_V2.0.nc?u%5B(2026-06-07T00:00:00Z)%5D%5B(0.0)%5D%5B(33.7):1:(39.0)%5D%5B(-78.89):1:(-72.21)%5D,v%5B(2026-06-07T00:00:00Z)%5D%5B(0.0)%5D%5B(33.7):1:(39.0)%5D%5B(-78.89):1:(-72.21)%5D
  Trying upwell.pfeg.noaa.gov 2026-06-06 ...
  OSCAR upwell.pfeg.noaa.gov 2026-06-06: 404 Client Error:  for url: https://upwell.pfeg.noaa.gov/erddap/griddap/OSCAR_L4_OC_NRT_V2.0.nc?u%5B(2026-06-06T00:00:00Z)%5D%5B(0.0)%5D%5B(33.7):1:(39.0)%5D%5B(-78.89):1:(-72.21)%5D,v%5B(2026-06-06T00:00:00Z)%5D%5B(0.0)%5D%5B(33.7):1:(39.0)%5D%5B(-78.89):1:(-72.21)%5D
  Trying coastwatch.pfeg.noaa.gov 2026-06-06 ...
  OSCAR coastwatch.pfeg.noaa.gov 2026-06-06: 404 Client Error:  for url: https://coastwatch.pfeg.noaa.gov/erddap/griddap/OSCAR_L4_OC_NRT_V2.0.nc?u%5B(2026-06-06T00:00:00Z)%5D%5B(0.0)%5D%5B(33.7):1:(39.0)%5D%5B(-78.89):1:(-72.21)%5D,v%5B(2026-06-06T00:00:00Z)%5D%5B(0.0)%5D%5B(33.7):1:(39.0)%5D%5B(-78.89):1:(-72.21)%5D
  Trying upwell.pfeg.noaa.gov 2026-06-05 ...
  OSCAR upwell.pfeg.noaa.gov 2026-06-05: 404 Client Error:  for url: https://upwell.pfeg.noaa.gov/erddap/griddap/OSCAR_L4_OC_NRT_V2.0.nc?u%5B(2026-06-05T00:00:00Z)%5D%5B(0.0)%5D%5B(33.7):1:(39.0)%5D%5B(-78.89):1:(-72.21)%5D,v%5B(2026-06-05T00:00:00Z)%5D%5B(0.0)%5D%5B(33.7):1:(39.0)%5D%5B(-78.89):1:(-72.21)%5D
  Trying coastwatch.pfeg.noaa.gov 2026-06-05 ...
  OSCAR coastwatch.pfeg.noaa.gov 2026-06-05: 404 Client Error:  for url: https://coastwatch.pfeg.noaa.gov/erddap/griddap/OSCAR_L4_OC_NRT_V2.0.nc?u%5B(2026-06-05T00:00:00Z)%5D%5B(0.0)%5D%5B(33.7):1:(39.0)%5D%5B(-78.89):1:(-72.21)%5D,v%5B(2026-06-05T00:00:00Z)%5D%5B(0.0)%5D%5B(33.7):1:(39.0)%5D%5B(-78.89):1:(-72.21)%5D
  Trying upwell.pfeg.noaa.gov 2026-06-04 ...
  OSCAR upwell.pfeg.noaa.gov 2026-06-04: 404 Client Error:  for url: https://upwell.pfeg.noaa.gov/erddap/griddap/OSCAR_L4_OC_NRT_V2.0.nc?u%5B(2026-06-04T00:00:00Z)%5D%5B(0.0)%5D%5B(33.7):1:(39.0)%5D%5B(-78.89):1:(-72.21)%5D,v%5B(2026-06-04T00:00:00Z)%5D%5B(0.0)%5D%5B(33.7):1:(39.0)%5D%5B(-78.89):1:(-72.21)%5D
  Trying coastwatch.pfeg.noaa.gov 2026-06-04 ...
  OSCAR coastwatch.pfeg.noaa.gov 2026-06-04: 404 Client Error:  for url: https://coastwatch.pfeg.noaa.gov/erddap/griddap/OSCAR_L4_OC_NRT_V2.0.nc?u%5B(2026-06-04T00:00:00Z)%5D%5B(0.0)%5D%5B(33.7):1:(39.0)%5D%5B(-78.89):1:(-72.21)%5D,v%5B(2026-06-04T00:00:00Z)%5D%5B(0.0)%5D%5B(33.7):1:(39.0)%5D%5B(-78.89):1:(-72.21)%5D
  OSCAR: all attempts failed

[CMEMS] Currents  (2026-06-09)  0.083 deg, daily
INFO - 2026-06-10T14:31:05Z - Selected dataset version: "202406"
INFO - 2026-06-10T14:31:05Z - Selected dataset part: "default"
WARNING - 2026-06-10T14:31:05Z - Some of your subset selection [0.0, 1.0] for the depth dimension exceed the dataset coordinates [0.49402499198913574, 5727.9169921875]
INFO - 2026-06-10T14:31:09Z - Total size of the download: 53.33 KB.
  CMEMS currents: 3,209 pts  0.001–2.102 m/s

[CMEMS] Altimetry  (2026-06-09)  0.125 deg, daily
INFO - 2026-06-10T14:31:12Z - Selected dataset version: "202506"
INFO - 2026-06-10T14:31:12Z - Selected dataset part: "default"
INFO - 2026-06-10T14:31:16Z - Total size of the download: 48.11 KB.
  Altimetry: 1,503 pts  SLA -0.080–0.342 m
  Geostrophic currents: 1,503 pts  0.001–1.818 m/s

============================================================
  Exporting ...
    Currents JSON → DailySST/Currents/currents_20260609.json  (340 KB)
    Currents CSV  → DailySST/Currents/currents_20260609.csv  (3,209 rows, 197 KB)
    Altimetry CSV  → DailySST/Altimetry/altimetry_20260609.csv  (1,503 rows, 87 KB)
    Altimetry grid → DailySST/Altimetry/altimetry_20260609_grid.json  (29 KB)

============================================================
  Currents  (CMEMS): 3,209 pts  speed 0.001–2.102 m/s  p98=1.537 m/s
  Altimetry (CMEMS_ALT): 1,503 pts  SSH -0.381–1.027 m
============================================================

  Files → /home/runner/work/SSTv2/SSTv2/DailySST/Currents
         → /home/runner/work/SSTv2/SSTv2/DailySST/Altimetry
