============================================================
  Ocean Dynamics Fetcher — Currents + Altimetry
  Date      : 2026-08-14
  BBOX      : {'lat_min': 37.26, 'lat_max': 41.51, 'lon_min': -77.46, 'lon_max': -68.97}
  Output    : /home/runner/work/SSTv2/SSTv2/DailySST
============================================================

[1/3] HYCOM currents + SSH  (target: 2026-08-14)  ~1/12 deg
  HYCOM catalog found dataset: FMRC_ESPC-D-V02_uv3z
  Trying https://tds.hycom.org/thredds/ncss/FMRC_ESPC-D-V02_uv3z/runs/FMRC_ESPC-D-V02_uv3...
  HYCOM 2026-08-14 12Z failed: 400 Client Error: 400 for url: https://tds.hycom.org/thredds/ncss/FMRC_ESPC-D-V02_uv3z/runs/FMRC_ESPC-D-V02_uv3z_RUN_2026-08-14T12:00:00Z?var=water_u&var=water_v&var=surf_el&north=41.51&south=37.26&west=-77.46&east=-68.97&horizStride=1&vertCoord=0&disableLLSubset=on&disableProjSubset=on&time_start=2026-08-14T12:00:00Z&time_end=2026-08-14T12:00:00Z&accept=netcdf
  Trying https://tds.hycom.org/thredds/ncss/FMRC_ESPC-D-V02_uv3z/FMRC_ESPC-D-V02_uv3z_bes...
  HYCOM 2026-08-14 12Z failed: 400 Client Error: 400 for url: https://tds.hycom.org/thredds/ncss/FMRC_ESPC-D-V02_uv3z/FMRC_ESPC-D-V02_uv3z_best.ncd?var=water_u&var=water_v&var=surf_el&north=41.51&south=37.26&west=-77.46&east=-68.97&horizStride=1&vertCoord=0&disableLLSubset=on&disableProjSubset=on&time_start=2026-08-14T12:00:00Z&time_end=2026-08-14T12:00:00Z&accept=netcdf
  Trying https://tds.hycom.org/thredds/ncss/FMRC_ESPC-D-V02_uv3z/runs/FMRC_ESPC-D-V02_uv3...
  HYCOM 2026-08-14 00Z failed: 404 Client Error: 404 for url: https://tds.hycom.org/thredds/ncss/FMRC_ESPC-D-V02_uv3z/runs/FMRC_ESPC-D-V02_uv3z_RUN_2026-08-14T00:00:00Z?var=water_u&var=water_v&var=surf_el&north=41.51&south=37.26&west=-77.46&east=-68.97&horizStride=1&vertCoord=0&disableLLSubset=on&disableProjSubset=on&time_start=2026-08-14T00:00:00Z&time_end=2026-08-14T00:00:00Z&accept=netcdf
  Trying https://tds.hycom.org/thredds/ncss/FMRC_ESPC-D-V02_uv3z/FMRC_ESPC-D-V02_uv3z_bes...
  HYCOM 2026-08-14 00Z failed: 400 Client Error: 400 for url: https://tds.hycom.org/thredds/ncss/FMRC_ESPC-D-V02_uv3z/FMRC_ESPC-D-V02_uv3z_best.ncd?var=water_u&var=water_v&var=surf_el&north=41.51&south=37.26&west=-77.46&east=-68.97&horizStride=1&vertCoord=0&disableLLSubset=on&disableProjSubset=on&time_start=2026-08-14T00:00:00Z&time_end=2026-08-14T00:00:00Z&accept=netcdf
  Trying https://tds.hycom.org/thredds/ncss/FMRC_ESPC-D-V02_uv3z/runs/FMRC_ESPC-D-V02_uv3...
  HYCOM 2026-08-13 12Z failed: 400 Client Error: 400 for url: https://tds.hycom.org/thredds/ncss/FMRC_ESPC-D-V02_uv3z/runs/FMRC_ESPC-D-V02_uv3z_RUN_2026-08-13T12:00:00Z?var=water_u&var=water_v&var=surf_el&north=41.51&south=37.26&west=-77.46&east=-68.97&horizStride=1&vertCoord=0&disableLLSubset=on&disableProjSubset=on&time_start=2026-08-13T12:00:00Z&time_end=2026-08-13T12:00:00Z&accept=netcdf
  Trying https://tds.hycom.org/thredds/ncss/FMRC_ESPC-D-V02_uv3z/FMRC_ESPC-D-V02_uv3z_bes...
  HYCOM 2026-08-13 12Z failed: 400 Client Error: 400 for url: https://tds.hycom.org/thredds/ncss/FMRC_ESPC-D-V02_uv3z/FMRC_ESPC-D-V02_uv3z_best.ncd?var=water_u&var=water_v&var=surf_el&north=41.51&south=37.26&west=-77.46&east=-68.97&horizStride=1&vertCoord=0&disableLLSubset=on&disableProjSubset=on&time_start=2026-08-13T12:00:00Z&time_end=2026-08-13T12:00:00Z&accept=netcdf
  Trying https://tds.hycom.org/thredds/ncss/FMRC_ESPC-D-V02_uv3z/runs/FMRC_ESPC-D-V02_uv3...
  HYCOM 2026-08-13 00Z failed: 404 Client Error: 404 for url: https://tds.hycom.org/thredds/ncss/FMRC_ESPC-D-V02_uv3z/runs/FMRC_ESPC-D-V02_uv3z_RUN_2026-08-13T00:00:00Z?var=water_u&var=water_v&var=surf_el&north=41.51&south=37.26&west=-77.46&east=-68.97&horizStride=1&vertCoord=0&disableLLSubset=on&disableProjSubset=on&time_start=2026-08-13T00:00:00Z&time_end=2026-08-13T00:00:00Z&accept=netcdf
  Trying https://tds.hycom.org/thredds/ncss/FMRC_ESPC-D-V02_uv3z/FMRC_ESPC-D-V02_uv3z_bes...
  HYCOM 2026-08-13 00Z failed: 400 Client Error: 400 for url: https://tds.hycom.org/thredds/ncss/FMRC_ESPC-D-V02_uv3z/FMRC_ESPC-D-V02_uv3z_best.ncd?var=water_u&var=water_v&var=surf_el&north=41.51&south=37.26&west=-77.46&east=-68.97&horizStride=1&vertCoord=0&disableLLSubset=on&disableProjSubset=on&time_start=2026-08-13T00:00:00Z&time_end=2026-08-13T00:00:00Z&accept=netcdf
  Trying https://tds.hycom.org/thredds/ncss/FMRC_ESPC-D-V02_uv3z/runs/FMRC_ESPC-D-V02_uv3...
  HYCOM 2026-08-12 12Z failed: 400 Client Error: 400 for url: https://tds.hycom.org/thredds/ncss/FMRC_ESPC-D-V02_uv3z/runs/FMRC_ESPC-D-V02_uv3z_RUN_2026-08-12T12:00:00Z?var=water_u&var=water_v&var=surf_el&north=41.51&south=37.26&west=-77.46&east=-68.97&horizStride=1&vertCoord=0&disableLLSubset=on&disableProjSubset=on&time_start=2026-08-12T12:00:00Z&time_end=2026-08-12T12:00:00Z&accept=netcdf
  Trying https://tds.hycom.org/thredds/ncss/FMRC_ESPC-D-V02_uv3z/FMRC_ESPC-D-V02_uv3z_bes...
  HYCOM 2026-08-12 12Z failed: 400 Client Error: 400 for url: https://tds.hycom.org/thredds/ncss/FMRC_ESPC-D-V02_uv3z/FMRC_ESPC-D-V02_uv3z_best.ncd?var=water_u&var=water_v&var=surf_el&north=41.51&south=37.26&west=-77.46&east=-68.97&horizStride=1&vertCoord=0&disableLLSubset=on&disableProjSubset=on&time_start=2026-08-12T12:00:00Z&time_end=2026-08-12T12:00:00Z&accept=netcdf
  Trying https://tds.hycom.org/thredds/ncss/FMRC_ESPC-D-V02_uv3z/runs/FMRC_ESPC-D-V02_uv3...
  HYCOM 2026-08-12 00Z failed: 404 Client Error: 404 for url: https://tds.hycom.org/thredds/ncss/FMRC_ESPC-D-V02_uv3z/runs/FMRC_ESPC-D-V02_uv3z_RUN_2026-08-12T00:00:00Z?var=water_u&var=water_v&var=surf_el&north=41.51&south=37.26&west=-77.46&east=-68.97&horizStride=1&vertCoord=0&disableLLSubset=on&disableProjSubset=on&time_start=2026-08-12T00:00:00Z&time_end=2026-08-12T00:00:00Z&accept=netcdf
  Trying https://tds.hycom.org/thredds/ncss/FMRC_ESPC-D-V02_uv3z/FMRC_ESPC-D-V02_uv3z_bes...
  HYCOM 2026-08-12 00Z failed: 400 Client Error: 400 for url: https://tds.hycom.org/thredds/ncss/FMRC_ESPC-D-V02_uv3z/FMRC_ESPC-D-V02_uv3z_best.ncd?var=water_u&var=water_v&var=surf_el&north=41.51&south=37.26&west=-77.46&east=-68.97&horizStride=1&vertCoord=0&disableLLSubset=on&disableProjSubset=on&time_start=2026-08-12T00:00:00Z&time_end=2026-08-12T00:00:00Z&accept=netcdf
  Trying https://tds.hycom.org/thredds/ncss/FMRC_ESPC-D-V02_uv3z/runs/FMRC_ESPC-D-V02_uv3...
  HYCOM 2026-08-11 12Z failed: 400 Client Error: 400 for url: https://tds.hycom.org/thredds/ncss/FMRC_ESPC-D-V02_uv3z/runs/FMRC_ESPC-D-V02_uv3z_RUN_2026-08-11T12:00:00Z?var=water_u&var=water_v&var=surf_el&north=41.51&south=37.26&west=-77.46&east=-68.97&horizStride=1&vertCoord=0&disableLLSubset=on&disableProjSubset=on&time_start=2026-08-11T12:00:00Z&time_end=2026-08-11T12:00:00Z&accept=netcdf
  Trying https://tds.hycom.org/thredds/ncss/FMRC_ESPC-D-V02_uv3z/FMRC_ESPC-D-V02_uv3z_bes...
  HYCOM 2026-08-11 12Z failed: 400 Client Error: 400 for url: https://tds.hycom.org/thredds/ncss/FMRC_ESPC-D-V02_uv3z/FMRC_ESPC-D-V02_uv3z_best.ncd?var=water_u&var=water_v&var=surf_el&north=41.51&south=37.26&west=-77.46&east=-68.97&horizStride=1&vertCoord=0&disableLLSubset=on&disableProjSubset=on&time_start=2026-08-11T12:00:00Z&time_end=2026-08-11T12:00:00Z&accept=netcdf
  Trying https://tds.hycom.org/thredds/ncss/FMRC_ESPC-D-V02_uv3z/runs/FMRC_ESPC-D-V02_uv3...
  HYCOM 2026-08-11 00Z failed: 404 Client Error: 404 for url: https://tds.hycom.org/thredds/ncss/FMRC_ESPC-D-V02_uv3z/runs/FMRC_ESPC-D-V02_uv3z_RUN_2026-08-11T00:00:00Z?var=water_u&var=water_v&var=surf_el&north=41.51&south=37.26&west=-77.46&east=-68.97&horizStride=1&vertCoord=0&disableLLSubset=on&disableProjSubset=on&time_start=2026-08-11T00:00:00Z&time_end=2026-08-11T00:00:00Z&accept=netcdf
  Trying https://tds.hycom.org/thredds/ncss/FMRC_ESPC-D-V02_uv3z/FMRC_ESPC-D-V02_uv3z_bes...
  HYCOM 2026-08-11 00Z failed: 400 Client Error: 400 for url: https://tds.hycom.org/thredds/ncss/FMRC_ESPC-D-V02_uv3z/FMRC_ESPC-D-V02_uv3z_best.ncd?var=water_u&var=water_v&var=surf_el&north=41.51&south=37.26&west=-77.46&east=-68.97&horizStride=1&vertCoord=0&disableLLSubset=on&disableProjSubset=on&time_start=2026-08-11T00:00:00Z&time_end=2026-08-11T00:00:00Z&accept=netcdf
  HYCOM: all attempts failed

[2/3] OSCAR currents  (target: 2026-08-14)  1/3 deg, 5-day composite
  Trying OSCAR_L4_OC_NRT_V2.1 @ coastwatch.pfeg.noaa.gov 2026-08-14 ...
  OSCAR_L4_OC_NRT_V2.1 @ coastwatch.pfeg.noaa.gov 2026-08-14: 404 Client Error:  for url: https://coastwatch.pfeg.noaa.gov/erddap/griddap/OSCAR_L4_OC_NRT_V2.1.nc?u%5B(2026-08-14T00:00:00Z)%5D%5B(0.0)%5D%5B(37.26):1:(41.51)%5D%5B(-77.46):1:(-68.97)%5D,v%5B(2026-08-14T00:00:00Z)%5D%5B(0.0)%5D%5B(37.26):1:(41.51)%5D%5B(-77.46):1:(-68.97)%5D
  Trying OSCAR_L4_OC_NRT_V2.1 @ upwell.pfeg.noaa.gov 2026-08-14 ...
  OSCAR_L4_OC_NRT_V2.1 @ upwell.pfeg.noaa.gov 2026-08-14: 404 Client Error:  for url: https://upwell.pfeg.noaa.gov/erddap/griddap/OSCAR_L4_OC_NRT_V2.1.nc?u%5B(2026-08-14T00:00:00Z)%5D%5B(0.0)%5D%5B(37.26):1:(41.51)%5D%5B(-77.46):1:(-68.97)%5D,v%5B(2026-08-14T00:00:00Z)%5D%5B(0.0)%5D%5B(37.26):1:(41.51)%5D%5B(-77.46):1:(-68.97)%5D
  Trying OSCAR_L4_OC_NRT_V2.1 @ coastwatch.pfeg.noaa.gov 2026-08-13 ...
  OSCAR_L4_OC_NRT_V2.1 @ coastwatch.pfeg.noaa.gov 2026-08-13: 404 Client Error:  for url: https://coastwatch.pfeg.noaa.gov/erddap/griddap/OSCAR_L4_OC_NRT_V2.1.nc?u%5B(2026-08-13T00:00:00Z)%5D%5B(0.0)%5D%5B(37.26):1:(41.51)%5D%5B(-77.46):1:(-68.97)%5D,v%5B(2026-08-13T00:00:00Z)%5D%5B(0.0)%5D%5B(37.26):1:(41.51)%5D%5B(-77.46):1:(-68.97)%5D
  Trying OSCAR_L4_OC_NRT_V2.1 @ upwell.pfeg.noaa.gov 2026-08-13 ...
  OSCAR_L4_OC_NRT_V2.1 @ upwell.pfeg.noaa.gov 2026-08-13: 404 Client Error:  for url: https://upwell.pfeg.noaa.gov/erddap/griddap/OSCAR_L4_OC_NRT_V2.1.nc?u%5B(2026-08-13T00:00:00Z)%5D%5B(0.0)%5D%5B(37.26):1:(41.51)%5D%5B(-77.46):1:(-68.97)%5D,v%5B(2026-08-13T00:00:00Z)%5D%5B(0.0)%5D%5B(37.26):1:(41.51)%5D%5B(-77.46):1:(-68.97)%5D
  Trying OSCAR_L4_OC_NRT_V2.1 @ coastwatch.pfeg.noaa.gov 2026-08-12 ...
  OSCAR_L4_OC_NRT_V2.1 @ coastwatch.pfeg.noaa.gov 2026-08-12: 404 Client Error:  for url: https://coastwatch.pfeg.noaa.gov/erddap/griddap/OSCAR_L4_OC_NRT_V2.1.nc?u%5B(2026-08-12T00:00:00Z)%5D%5B(0.0)%5D%5B(37.26):1:(41.51)%5D%5B(-77.46):1:(-68.97)%5D,v%5B(2026-08-12T00:00:00Z)%5D%5B(0.0)%5D%5B(37.26):1:(41.51)%5D%5B(-77.46):1:(-68.97)%5D
  Trying OSCAR_L4_OC_NRT_V2.1 @ upwell.pfeg.noaa.gov 2026-08-12 ...
  OSCAR_L4_OC_NRT_V2.1 @ upwell.pfeg.noaa.gov 2026-08-12: 404 Client Error:  for url: https://upwell.pfeg.noaa.gov/erddap/griddap/OSCAR_L4_OC_NRT_V2.1.nc?u%5B(2026-08-12T00:00:00Z)%5D%5B(0.0)%5D%5B(37.26):1:(41.51)%5D%5B(-77.46):1:(-68.97)%5D,v%5B(2026-08-12T00:00:00Z)%5D%5B(0.0)%5D%5B(37.26):1:(41.51)%5D%5B(-77.46):1:(-68.97)%5D
  Trying OSCAR_L4_OC_NRT_V2.1 @ coastwatch.pfeg.noaa.gov 2026-08-11 ...
  OSCAR_L4_OC_NRT_V2.1 @ coastwatch.pfeg.noaa.gov 2026-08-11: 404 Client Error:  for url: https://coastwatch.pfeg.noaa.gov/erddap/griddap/OSCAR_L4_OC_NRT_V2.1.nc?u%5B(2026-08-11T00:00:00Z)%5D%5B(0.0)%5D%5B(37.26):1:(41.51)%5D%5B(-77.46):1:(-68.97)%5D,v%5B(2026-08-11T00:00:00Z)%5D%5B(0.0)%5D%5B(37.26):1:(41.51)%5D%5B(-77.46):1:(-68.97)%5D
  Trying OSCAR_L4_OC_NRT_V2.1 @ upwell.pfeg.noaa.gov 2026-08-11 ...
  OSCAR_L4_OC_NRT_V2.1 @ upwell.pfeg.noaa.gov 2026-08-11: 404 Client Error:  for url: https://upwell.pfeg.noaa.gov/erddap/griddap/OSCAR_L4_OC_NRT_V2.1.nc?u%5B(2026-08-11T00:00:00Z)%5D%5B(0.0)%5D%5B(37.26):1:(41.51)%5D%5B(-77.46):1:(-68.97)%5D,v%5B(2026-08-11T00:00:00Z)%5D%5B(0.0)%5D%5B(37.26):1:(41.51)%5D%5B(-77.46):1:(-68.97)%5D
  Trying OSCAR_L4_OC_NRT_V2.1 @ coastwatch.pfeg.noaa.gov 2026-08-10 ...
  OSCAR_L4_OC_NRT_V2.1 @ coastwatch.pfeg.noaa.gov 2026-08-10: 404 Client Error:  for url: https://coastwatch.pfeg.noaa.gov/erddap/griddap/OSCAR_L4_OC_NRT_V2.1.nc?u%5B(2026-08-10T00:00:00Z)%5D%5B(0.0)%5D%5B(37.26):1:(41.51)%5D%5B(-77.46):1:(-68.97)%5D,v%5B(2026-08-10T00:00:00Z)%5D%5B(0.0)%5D%5B(37.26):1:(41.51)%5D%5B(-77.46):1:(-68.97)%5D
  Trying OSCAR_L4_OC_NRT_V2.1 @ upwell.pfeg.noaa.gov 2026-08-10 ...
  OSCAR_L4_OC_NRT_V2.1 @ upwell.pfeg.noaa.gov 2026-08-10: 404 Client Error:  for url: https://upwell.pfeg.noaa.gov/erddap/griddap/OSCAR_L4_OC_NRT_V2.1.nc?u%5B(2026-08-10T00:00:00Z)%5D%5B(0.0)%5D%5B(37.26):1:(41.51)%5D%5B(-77.46):1:(-68.97)%5D,v%5B(2026-08-10T00:00:00Z)%5D%5B(0.0)%5D%5B(37.26):1:(41.51)%5D%5B(-77.46):1:(-68.97)%5D
  Trying OSCAR_L4_OC_NRT_V2.1 @ coastwatch.pfeg.noaa.gov 2026-08-09 ...
  OSCAR_L4_OC_NRT_V2.1 @ coastwatch.pfeg.noaa.gov 2026-08-09: 404 Client Error:  for url: https://coastwatch.pfeg.noaa.gov/erddap/griddap/OSCAR_L4_OC_NRT_V2.1.nc?u%5B(2026-08-09T00:00:00Z)%5D%5B(0.0)%5D%5B(37.26):1:(41.51)%5D%5B(-77.46):1:(-68.97)%5D,v%5B(2026-08-09T00:00:00Z)%5D%5B(0.0)%5D%5B(37.26):1:(41.51)%5D%5B(-77.46):1:(-68.97)%5D
  Trying OSCAR_L4_OC_NRT_V2.1 @ upwell.pfeg.noaa.gov 2026-08-09 ...
  OSCAR_L4_OC_NRT_V2.1 @ upwell.pfeg.noaa.gov 2026-08-09: 404 Client Error:  for url: https://upwell.pfeg.noaa.gov/erddap/griddap/OSCAR_L4_OC_NRT_V2.1.nc?u%5B(2026-08-09T00:00:00Z)%5D%5B(0.0)%5D%5B(37.26):1:(41.51)%5D%5B(-77.46):1:(-68.97)%5D,v%5B(2026-08-09T00:00:00Z)%5D%5B(0.0)%5D%5B(37.26):1:(41.51)%5D%5B(-77.46):1:(-68.97)%5D
  Trying OSCAR_L4_OC_NRT_V2.0 @ coastwatch.pfeg.noaa.gov 2026-08-14 ...
  OSCAR_L4_OC_NRT_V2.0 @ coastwatch.pfeg.noaa.gov 2026-08-14: 404 Client Error:  for url: https://coastwatch.pfeg.noaa.gov/erddap/griddap/OSCAR_L4_OC_NRT_V2.0.nc?u%5B(2026-08-14T00:00:00Z)%5D%5B(0.0)%5D%5B(37.26):1:(41.51)%5D%5B(-77.46):1:(-68.97)%5D,v%5B(2026-08-14T00:00:00Z)%5D%5B(0.0)%5D%5B(37.26):1:(41.51)%5D%5B(-77.46):1:(-68.97)%5D
  Trying OSCAR_L4_OC_NRT_V2.0 @ upwell.pfeg.noaa.gov 2026-08-14 ...
  OSCAR_L4_OC_NRT_V2.0 @ upwell.pfeg.noaa.gov 2026-08-14: 404 Client Error:  for url: https://upwell.pfeg.noaa.gov/erddap/griddap/OSCAR_L4_OC_NRT_V2.0.nc?u%5B(2026-08-14T00:00:00Z)%5D%5B(0.0)%5D%5B(37.26):1:(41.51)%5D%5B(-77.46):1:(-68.97)%5D,v%5B(2026-08-14T00:00:00Z)%5D%5B(0.0)%5D%5B(37.26):1:(41.51)%5D%5B(-77.46):1:(-68.97)%5D
  Trying OSCAR_L4_OC_NRT_V2.0 @ coastwatch.pfeg.noaa.gov 2026-08-13 ...
  OSCAR_L4_OC_NRT_V2.0 @ coastwatch.pfeg.noaa.gov 2026-08-13: 404 Client Error:  for url: https://coastwatch.pfeg.noaa.gov/erddap/griddap/OSCAR_L4_OC_NRT_V2.0.nc?u%5B(2026-08-13T00:00:00Z)%5D%5B(0.0)%5D%5B(37.26):1:(41.51)%5D%5B(-77.46):1:(-68.97)%5D,v%5B(2026-08-13T00:00:00Z)%5D%5B(0.0)%5D%5B(37.26):1:(41.51)%5D%5B(-77.46):1:(-68.97)%5D
  Trying OSCAR_L4_OC_NRT_V2.0 @ upwell.pfeg.noaa.gov 2026-08-13 ...
  OSCAR_L4_OC_NRT_V2.0 @ upwell.pfeg.noaa.gov 2026-08-13: 404 Client Error:  for url: https://upwell.pfeg.noaa.gov/erddap/griddap/OSCAR_L4_OC_NRT_V2.0.nc?u%5B(2026-08-13T00:00:00Z)%5D%5B(0.0)%5D%5B(37.26):1:(41.51)%5D%5B(-77.46):1:(-68.97)%5D,v%5B(2026-08-13T00:00:00Z)%5D%5B(0.0)%5D%5B(37.26):1:(41.51)%5D%5B(-77.46):1:(-68.97)%5D
  Trying OSCAR_L4_OC_NRT_V2.0 @ coastwatch.pfeg.noaa.gov 2026-08-12 ...
  OSCAR_L4_OC_NRT_V2.0 @ coastwatch.pfeg.noaa.gov 2026-08-12: 404 Client Error:  for url: https://coastwatch.pfeg.noaa.gov/erddap/griddap/OSCAR_L4_OC_NRT_V2.0.nc?u%5B(2026-08-12T00:00:00Z)%5D%5B(0.0)%5D%5B(37.26):1:(41.51)%5D%5B(-77.46):1:(-68.97)%5D,v%5B(2026-08-12T00:00:00Z)%5D%5B(0.0)%5D%5B(37.26):1:(41.51)%5D%5B(-77.46):1:(-68.97)%5D
  Trying OSCAR_L4_OC_NRT_V2.0 @ upwell.pfeg.noaa.gov 2026-08-12 ...
  OSCAR_L4_OC_NRT_V2.0 @ upwell.pfeg.noaa.gov 2026-08-12: 404 Client Error:  for url: https://upwell.pfeg.noaa.gov/erddap/griddap/OSCAR_L4_OC_NRT_V2.0.nc?u%5B(2026-08-12T00:00:00Z)%5D%5B(0.0)%5D%5B(37.26):1:(41.51)%5D%5B(-77.46):1:(-68.97)%5D,v%5B(2026-08-12T00:00:00Z)%5D%5B(0.0)%5D%5B(37.26):1:(41.51)%5D%5B(-77.46):1:(-68.97)%5D
  Trying OSCAR_L4_OC_NRT_V2.0 @ coastwatch.pfeg.noaa.gov 2026-08-11 ...
  OSCAR_L4_OC_NRT_V2.0 @ coastwatch.pfeg.noaa.gov 2026-08-11: 404 Client Error:  for url: https://coastwatch.pfeg.noaa.gov/erddap/griddap/OSCAR_L4_OC_NRT_V2.0.nc?u%5B(2026-08-11T00:00:00Z)%5D%5B(0.0)%5D%5B(37.26):1:(41.51)%5D%5B(-77.46):1:(-68.97)%5D,v%5B(2026-08-11T00:00:00Z)%5D%5B(0.0)%5D%5B(37.26):1:(41.51)%5D%5B(-77.46):1:(-68.97)%5D
  Trying OSCAR_L4_OC_NRT_V2.0 @ upwell.pfeg.noaa.gov 2026-08-11 ...
  OSCAR_L4_OC_NRT_V2.0 @ upwell.pfeg.noaa.gov 2026-08-11: 404 Client Error:  for url: https://upwell.pfeg.noaa.gov/erddap/griddap/OSCAR_L4_OC_NRT_V2.0.nc?u%5B(2026-08-11T00:00:00Z)%5D%5B(0.0)%5D%5B(37.26):1:(41.51)%5D%5B(-77.46):1:(-68.97)%5D,v%5B(2026-08-11T00:00:00Z)%5D%5B(0.0)%5D%5B(37.26):1:(41.51)%5D%5B(-77.46):1:(-68.97)%5D
  Trying OSCAR_L4_OC_NRT_V2.0 @ coastwatch.pfeg.noaa.gov 2026-08-10 ...
  OSCAR_L4_OC_NRT_V2.0 @ coastwatch.pfeg.noaa.gov 2026-08-10: 404 Client Error:  for url: https://coastwatch.pfeg.noaa.gov/erddap/griddap/OSCAR_L4_OC_NRT_V2.0.nc?u%5B(2026-08-10T00:00:00Z)%5D%5B(0.0)%5D%5B(37.26):1:(41.51)%5D%5B(-77.46):1:(-68.97)%5D,v%5B(2026-08-10T00:00:00Z)%5D%5B(0.0)%5D%5B(37.26):1:(41.51)%5D%5B(-77.46):1:(-68.97)%5D
  Trying OSCAR_L4_OC_NRT_V2.0 @ upwell.pfeg.noaa.gov 2026-08-10 ...
  OSCAR_L4_OC_NRT_V2.0 @ upwell.pfeg.noaa.gov 2026-08-10: 404 Client Error:  for url: https://upwell.pfeg.noaa.gov/erddap/griddap/OSCAR_L4_OC_NRT_V2.0.nc?u%5B(2026-08-10T00:00:00Z)%5D%5B(0.0)%5D%5B(37.26):1:(41.51)%5D%5B(-77.46):1:(-68.97)%5D,v%5B(2026-08-10T00:00:00Z)%5D%5B(0.0)%5D%5B(37.26):1:(41.51)%5D%5B(-77.46):1:(-68.97)%5D
  Trying OSCAR_L4_OC_NRT_V2.0 @ coastwatch.pfeg.noaa.gov 2026-08-09 ...
  OSCAR_L4_OC_NRT_V2.0 @ coastwatch.pfeg.noaa.gov 2026-08-09: 404 Client Error:  for url: https://coastwatch.pfeg.noaa.gov/erddap/griddap/OSCAR_L4_OC_NRT_V2.0.nc?u%5B(2026-08-09T00:00:00Z)%5D%5B(0.0)%5D%5B(37.26):1:(41.51)%5D%5B(-77.46):1:(-68.97)%5D,v%5B(2026-08-09T00:00:00Z)%5D%5B(0.0)%5D%5B(37.26):1:(41.51)%5D%5B(-77.46):1:(-68.97)%5D
  Trying OSCAR_L4_OC_NRT_V2.0 @ upwell.pfeg.noaa.gov 2026-08-09 ...
  OSCAR_L4_OC_NRT_V2.0 @ upwell.pfeg.noaa.gov 2026-08-09: 404 Client Error:  for url: https://upwell.pfeg.noaa.gov/erddap/griddap/OSCAR_L4_OC_NRT_V2.0.nc?u%5B(2026-08-09T00:00:00Z)%5D%5B(0.0)%5D%5B(37.26):1:(41.51)%5D%5B(-77.46):1:(-68.97)%5D,v%5B(2026-08-09T00:00:00Z)%5D%5B(0.0)%5D%5B(37.26):1:(41.51)%5D%5B(-77.46):1:(-68.97)%5D
  Trying jplOscarV2NRT5day @ coastwatch.pfeg.noaa.gov 2026-08-14 ...
  jplOscarV2NRT5day @ coastwatch.pfeg.noaa.gov 2026-08-14: 404 Client Error:  for url: https://coastwatch.pfeg.noaa.gov/erddap/griddap/jplOscarV2NRT5day.nc?u%5B(2026-08-14T00:00:00Z)%5D%5B(0.0)%5D%5B(37.26):1:(41.51)%5D%5B(-77.46):1:(-68.97)%5D,v%5B(2026-08-14T00:00:00Z)%5D%5B(0.0)%5D%5B(37.26):1:(41.51)%5D%5B(-77.46):1:(-68.97)%5D
  Trying jplOscarV2NRT5day @ upwell.pfeg.noaa.gov 2026-08-14 ...
  jplOscarV2NRT5day @ upwell.pfeg.noaa.gov 2026-08-14: 404 Client Error:  for url: https://upwell.pfeg.noaa.gov/erddap/griddap/jplOscarV2NRT5day.nc?u%5B(2026-08-14T00:00:00Z)%5D%5B(0.0)%5D%5B(37.26):1:(41.51)%5D%5B(-77.46):1:(-68.97)%5D,v%5B(2026-08-14T00:00:00Z)%5D%5B(0.0)%5D%5B(37.26):1:(41.51)%5D%5B(-77.46):1:(-68.97)%5D
  Trying jplOscarV2NRT5day @ coastwatch.pfeg.noaa.gov 2026-08-13 ...
  jplOscarV2NRT5day @ coastwatch.pfeg.noaa.gov 2026-08-13: 404 Client Error:  for url: https://coastwatch.pfeg.noaa.gov/erddap/griddap/jplOscarV2NRT5day.nc?u%5B(2026-08-13T00:00:00Z)%5D%5B(0.0)%5D%5B(37.26):1:(41.51)%5D%5B(-77.46):1:(-68.97)%5D,v%5B(2026-08-13T00:00:00Z)%5D%5B(0.0)%5D%5B(37.26):1:(41.51)%5D%5B(-77.46):1:(-68.97)%5D
  Trying jplOscarV2NRT5day @ upwell.pfeg.noaa.gov 2026-08-13 ...
  jplOscarV2NRT5day @ upwell.pfeg.noaa.gov 2026-08-13: 404 Client Error:  for url: https://upwell.pfeg.noaa.gov/erddap/griddap/jplOscarV2NRT5day.nc?u%5B(2026-08-13T00:00:00Z)%5D%5B(0.0)%5D%5B(37.26):1:(41.51)%5D%5B(-77.46):1:(-68.97)%5D,v%5B(2026-08-13T00:00:00Z)%5D%5B(0.0)%5D%5B(37.26):1:(41.51)%5D%5B(-77.46):1:(-68.97)%5D
  Trying jplOscarV2NRT5day @ coastwatch.pfeg.noaa.gov 2026-08-12 ...
  jplOscarV2NRT5day @ coastwatch.pfeg.noaa.gov 2026-08-12: 404 Client Error:  for url: https://coastwatch.pfeg.noaa.gov/erddap/griddap/jplOscarV2NRT5day.nc?u%5B(2026-08-12T00:00:00Z)%5D%5B(0.0)%5D%5B(37.26):1:(41.51)%5D%5B(-77.46):1:(-68.97)%5D,v%5B(2026-08-12T00:00:00Z)%5D%5B(0.0)%5D%5B(37.26):1:(41.51)%5D%5B(-77.46):1:(-68.97)%5D
  Trying jplOscarV2NRT5day @ upwell.pfeg.noaa.gov 2026-08-12 ...
  jplOscarV2NRT5day @ upwell.pfeg.noaa.gov 2026-08-12: 404 Client Error:  for url: https://upwell.pfeg.noaa.gov/erddap/griddap/jplOscarV2NRT5day.nc?u%5B(2026-08-12T00:00:00Z)%5D%5B(0.0)%5D%5B(37.26):1:(41.51)%5D%5B(-77.46):1:(-68.97)%5D,v%5B(2026-08-12T00:00:00Z)%5D%5B(0.0)%5D%5B(37.26):1:(41.51)%5D%5B(-77.46):1:(-68.97)%5D
  Trying jplOscarV2NRT5day @ coastwatch.pfeg.noaa.gov 2026-08-11 ...
  jplOscarV2NRT5day @ coastwatch.pfeg.noaa.gov 2026-08-11: 404 Client Error:  for url: https://coastwatch.pfeg.noaa.gov/erddap/griddap/jplOscarV2NRT5day.nc?u%5B(2026-08-11T00:00:00Z)%5D%5B(0.0)%5D%5B(37.26):1:(41.51)%5D%5B(-77.46):1:(-68.97)%5D,v%5B(2026-08-11T00:00:00Z)%5D%5B(0.0)%5D%5B(37.26):1:(41.51)%5D%5B(-77.46):1:(-68.97)%5D
  Trying jplOscarV2NRT5day @ upwell.pfeg.noaa.gov 2026-08-11 ...
  jplOscarV2NRT5day @ upwell.pfeg.noaa.gov 2026-08-11: 404 Client Error:  for url: https://upwell.pfeg.noaa.gov/erddap/griddap/jplOscarV2NRT5day.nc?u%5B(2026-08-11T00:00:00Z)%5D%5B(0.0)%5D%5B(37.26):1:(41.51)%5D%5B(-77.46):1:(-68.97)%5D,v%5B(2026-08-11T00:00:00Z)%5D%5B(0.0)%5D%5B(37.26):1:(41.51)%5D%5B(-77.46):1:(-68.97)%5D
  Trying jplOscarV2NRT5day @ coastwatch.pfeg.noaa.gov 2026-08-10 ...
  jplOscarV2NRT5day @ coastwatch.pfeg.noaa.gov 2026-08-10: 404 Client Error:  for url: https://coastwatch.pfeg.noaa.gov/erddap/griddap/jplOscarV2NRT5day.nc?u%5B(2026-08-10T00:00:00Z)%5D%5B(0.0)%5D%5B(37.26):1:(41.51)%5D%5B(-77.46):1:(-68.97)%5D,v%5B(2026-08-10T00:00:00Z)%5D%5B(0.0)%5D%5B(37.26):1:(41.51)%5D%5B(-77.46):1:(-68.97)%5D
  Trying jplOscarV2NRT5day @ upwell.pfeg.noaa.gov 2026-08-10 ...
  jplOscarV2NRT5day @ upwell.pfeg.noaa.gov 2026-08-10: 404 Client Error:  for url: https://upwell.pfeg.noaa.gov/erddap/griddap/jplOscarV2NRT5day.nc?u%5B(2026-08-10T00:00:00Z)%5D%5B(0.0)%5D%5B(37.26):1:(41.51)%5D%5B(-77.46):1:(-68.97)%5D,v%5B(2026-08-10T00:00:00Z)%5D%5B(0.0)%5D%5B(37.26):1:(41.51)%5D%5B(-77.46):1:(-68.97)%5D
  Trying jplOscarV2NRT5day @ coastwatch.pfeg.noaa.gov 2026-08-09 ...
  jplOscarV2NRT5day @ coastwatch.pfeg.noaa.gov 2026-08-09: 404 Client Error:  for url: https://coastwatch.pfeg.noaa.gov/erddap/griddap/jplOscarV2NRT5day.nc?u%5B(2026-08-09T00:00:00Z)%5D%5B(0.0)%5D%5B(37.26):1:(41.51)%5D%5B(-77.46):1:(-68.97)%5D,v%5B(2026-08-09T00:00:00Z)%5D%5B(0.0)%5D%5B(37.26):1:(41.51)%5D%5B(-77.46):1:(-68.97)%5D
  Trying jplOscarV2NRT5day @ upwell.pfeg.noaa.gov 2026-08-09 ...
  jplOscarV2NRT5day @ upwell.pfeg.noaa.gov 2026-08-09: 404 Client Error:  for url: https://upwell.pfeg.noaa.gov/erddap/griddap/jplOscarV2NRT5day.nc?u%5B(2026-08-09T00:00:00Z)%5D%5B(0.0)%5D%5B(37.26):1:(41.51)%5D%5B(-77.46):1:(-68.97)%5D,v%5B(2026-08-09T00:00:00Z)%5D%5B(0.0)%5D%5B(37.26):1:(41.51)%5D%5B(-77.46):1:(-68.97)%5D
  Trying jplOscar1day @ coastwatch.pfeg.noaa.gov 2026-08-14 ...
  jplOscar1day @ coastwatch.pfeg.noaa.gov 2026-08-14: 404 Client Error:  for url: https://coastwatch.pfeg.noaa.gov/erddap/griddap/jplOscar1day.nc?u%5B(2026-08-14T00:00:00Z)%5D%5B(0.0)%5D%5B(37.26):1:(41.51)%5D%5B(-77.46):1:(-68.97)%5D,v%5B(2026-08-14T00:00:00Z)%5D%5B(0.0)%5D%5B(37.26):1:(41.51)%5D%5B(-77.46):1:(-68.97)%5D
  Trying jplOscar1day @ upwell.pfeg.noaa.gov 2026-08-14 ...
  jplOscar1day @ upwell.pfeg.noaa.gov 2026-08-14: 404 Client Error:  for url: https://upwell.pfeg.noaa.gov/erddap/griddap/jplOscar1day.nc?u%5B(2026-08-14T00:00:00Z)%5D%5B(0.0)%5D%5B(37.26):1:(41.51)%5D%5B(-77.46):1:(-68.97)%5D,v%5B(2026-08-14T00:00:00Z)%5D%5B(0.0)%5D%5B(37.26):1:(41.51)%5D%5B(-77.46):1:(-68.97)%5D
  Trying jplOscar1day @ coastwatch.pfeg.noaa.gov 2026-08-13 ...
  jplOscar1day @ coastwatch.pfeg.noaa.gov 2026-08-13: 404 Client Error:  for url: https://coastwatch.pfeg.noaa.gov/erddap/griddap/jplOscar1day.nc?u%5B(2026-08-13T00:00:00Z)%5D%5B(0.0)%5D%5B(37.26):1:(41.51)%5D%5B(-77.46):1:(-68.97)%5D,v%5B(2026-08-13T00:00:00Z)%5D%5B(0.0)%5D%5B(37.26):1:(41.51)%5D%5B(-77.46):1:(-68.97)%5D
  Trying jplOscar1day @ upwell.pfeg.noaa.gov 2026-08-13 ...
  jplOscar1day @ upwell.pfeg.noaa.gov 2026-08-13: 404 Client Error:  for url: https://upwell.pfeg.noaa.gov/erddap/griddap/jplOscar1day.nc?u%5B(2026-08-13T00:00:00Z)%5D%5B(0.0)%5D%5B(37.26):1:(41.51)%5D%5B(-77.46):1:(-68.97)%5D,v%5B(2026-08-13T00:00:00Z)%5D%5B(0.0)%5D%5B(37.26):1:(41.51)%5D%5B(-77.46):1:(-68.97)%5D
  Trying jplOscar1day @ coastwatch.pfeg.noaa.gov 2026-08-12 ...
  jplOscar1day @ coastwatch.pfeg.noaa.gov 2026-08-12: 404 Client Error:  for url: https://coastwatch.pfeg.noaa.gov/erddap/griddap/jplOscar1day.nc?u%5B(2026-08-12T00:00:00Z)%5D%5B(0.0)%5D%5B(37.26):1:(41.51)%5D%5B(-77.46):1:(-68.97)%5D,v%5B(2026-08-12T00:00:00Z)%5D%5B(0.0)%5D%5B(37.26):1:(41.51)%5D%5B(-77.46):1:(-68.97)%5D
  Trying jplOscar1day @ upwell.pfeg.noaa.gov 2026-08-12 ...
  jplOscar1day @ upwell.pfeg.noaa.gov 2026-08-12: 404 Client Error:  for url: https://upwell.pfeg.noaa.gov/erddap/griddap/jplOscar1day.nc?u%5B(2026-08-12T00:00:00Z)%5D%5B(0.0)%5D%5B(37.26):1:(41.51)%5D%5B(-77.46):1:(-68.97)%5D,v%5B(2026-08-12T00:00:00Z)%5D%5B(0.0)%5D%5B(37.26):1:(41.51)%5D%5B(-77.46):1:(-68.97)%5D
  Trying jplOscar1day @ coastwatch.pfeg.noaa.gov 2026-08-11 ...
  jplOscar1day @ coastwatch.pfeg.noaa.gov 2026-08-11: 404 Client Error:  for url: https://coastwatch.pfeg.noaa.gov/erddap/griddap/jplOscar1day.nc?u%5B(2026-08-11T00:00:00Z)%5D%5B(0.0)%5D%5B(37.26):1:(41.51)%5D%5B(-77.46):1:(-68.97)%5D,v%5B(2026-08-11T00:00:00Z)%5D%5B(0.0)%5D%5B(37.26):1:(41.51)%5D%5B(-77.46):1:(-68.97)%5D
  Trying jplOscar1day @ upwell.pfeg.noaa.gov 2026-08-11 ...
  jplOscar1day @ upwell.pfeg.noaa.gov 2026-08-11: 404 Client Error:  for url: https://upwell.pfeg.noaa.gov/erddap/griddap/jplOscar1day.nc?u%5B(2026-08-11T00:00:00Z)%5D%5B(0.0)%5D%5B(37.26):1:(41.51)%5D%5B(-77.46):1:(-68.97)%5D,v%5B(2026-08-11T00:00:00Z)%5D%5B(0.0)%5D%5B(37.26):1:(41.51)%5D%5B(-77.46):1:(-68.97)%5D
  Trying jplOscar1day @ coastwatch.pfeg.noaa.gov 2026-08-10 ...
  jplOscar1day @ coastwatch.pfeg.noaa.gov 2026-08-10: 404 Client Error:  for url: https://coastwatch.pfeg.noaa.gov/erddap/griddap/jplOscar1day.nc?u%5B(2026-08-10T00:00:00Z)%5D%5B(0.0)%5D%5B(37.26):1:(41.51)%5D%5B(-77.46):1:(-68.97)%5D,v%5B(2026-08-10T00:00:00Z)%5D%5B(0.0)%5D%5B(37.26):1:(41.51)%5D%5B(-77.46):1:(-68.97)%5D
  Trying jplOscar1day @ upwell.pfeg.noaa.gov 2026-08-10 ...
  jplOscar1day @ upwell.pfeg.noaa.gov 2026-08-10: 404 Client Error:  for url: https://upwell.pfeg.noaa.gov/erddap/griddap/jplOscar1day.nc?u%5B(2026-08-10T00:00:00Z)%5D%5B(0.0)%5D%5B(37.26):1:(41.51)%5D%5B(-77.46):1:(-68.97)%5D,v%5B(2026-08-10T00:00:00Z)%5D%5B(0.0)%5D%5B(37.26):1:(41.51)%5D%5B(-77.46):1:(-68.97)%5D
  Trying jplOscar1day @ coastwatch.pfeg.noaa.gov 2026-08-09 ...
  jplOscar1day @ coastwatch.pfeg.noaa.gov 2026-08-09: 404 Client Error:  for url: https://coastwatch.pfeg.noaa.gov/erddap/griddap/jplOscar1day.nc?u%5B(2026-08-09T00:00:00Z)%5D%5B(0.0)%5D%5B(37.26):1:(41.51)%5D%5B(-77.46):1:(-68.97)%5D,v%5B(2026-08-09T00:00:00Z)%5D%5B(0.0)%5D%5B(37.26):1:(41.51)%5D%5B(-77.46):1:(-68.97)%5D
  Trying jplOscar1day @ upwell.pfeg.noaa.gov 2026-08-09 ...
  jplOscar1day @ upwell.pfeg.noaa.gov 2026-08-09: 404 Client Error:  for url: https://upwell.pfeg.noaa.gov/erddap/griddap/jplOscar1day.nc?u%5B(2026-08-09T00:00:00Z)%5D%5B(0.0)%5D%5B(37.26):1:(41.51)%5D%5B(-77.46):1:(-68.97)%5D,v%5B(2026-08-09T00:00:00Z)%5D%5B(0.0)%5D%5B(37.26):1:(41.51)%5D%5B(-77.46):1:(-68.97)%5D
  Trying erdQCkm1day @ coastwatch.pfeg.noaa.gov 2026-08-14 ...
  erdQCkm1day @ coastwatch.pfeg.noaa.gov 2026-08-14: 404 Client Error:  for url: https://coastwatch.pfeg.noaa.gov/erddap/griddap/erdQCkm1day.nc?u%5B(2026-08-14T00:00:00Z)%5D%5B(0.0)%5D%5B(37.26):1:(41.51)%5D%5B(-77.46):1:(-68.97)%5D,v%5B(2026-08-14T00:00:00Z)%5D%5B(0.0)%5D%5B(37.26):1:(41.51)%5D%5B(-77.46):1:(-68.97)%5D
  Trying erdQCkm1day @ upwell.pfeg.noaa.gov 2026-08-14 ...
  erdQCkm1day @ upwell.pfeg.noaa.gov 2026-08-14: 404 Client Error:  for url: https://upwell.pfeg.noaa.gov/erddap/griddap/erdQCkm1day.nc?u%5B(2026-08-14T00:00:00Z)%5D%5B(0.0)%5D%5B(37.26):1:(41.51)%5D%5B(-77.46):1:(-68.97)%5D,v%5B(2026-08-14T00:00:00Z)%5D%5B(0.0)%5D%5B(37.26):1:(41.51)%5D%5B(-77.46):1:(-68.97)%5D
  Trying erdQCkm1day @ coastwatch.pfeg.noaa.gov 2026-08-13 ...
  erdQCkm1day @ coastwatch.pfeg.noaa.gov 2026-08-13: 404 Client Error:  for url: https://coastwatch.pfeg.noaa.gov/erddap/griddap/erdQCkm1day.nc?u%5B(2026-08-13T00:00:00Z)%5D%5B(0.0)%5D%5B(37.26):1:(41.51)%5D%5B(-77.46):1:(-68.97)%5D,v%5B(2026-08-13T00:00:00Z)%5D%5B(0.0)%5D%5B(37.26):1:(41.51)%5D%5B(-77.46):1:(-68.97)%5D
  Trying erdQCkm1day @ upwell.pfeg.noaa.gov 2026-08-13 ...
  erdQCkm1day @ upwell.pfeg.noaa.gov 2026-08-13: 404 Client Error:  for url: https://upwell.pfeg.noaa.gov/erddap/griddap/erdQCkm1day.nc?u%5B(2026-08-13T00:00:00Z)%5D%5B(0.0)%5D%5B(37.26):1:(41.51)%5D%5B(-77.46):1:(-68.97)%5D,v%5B(2026-08-13T00:00:00Z)%5D%5B(0.0)%5D%5B(37.26):1:(41.51)%5D%5B(-77.46):1:(-68.97)%5D
  Trying erdQCkm1day @ coastwatch.pfeg.noaa.gov 2026-08-12 ...
  erdQCkm1day @ coastwatch.pfeg.noaa.gov 2026-08-12: 404 Client Error:  for url: https://coastwatch.pfeg.noaa.gov/erddap/griddap/erdQCkm1day.nc?u%5B(2026-08-12T00:00:00Z)%5D%5B(0.0)%5D%5B(37.26):1:(41.51)%5D%5B(-77.46):1:(-68.97)%5D,v%5B(2026-08-12T00:00:00Z)%5D%5B(0.0)%5D%5B(37.26):1:(41.51)%5D%5B(-77.46):1:(-68.97)%5D
  Trying erdQCkm1day @ upwell.pfeg.noaa.gov 2026-08-12 ...
  erdQCkm1day @ upwell.pfeg.noaa.gov 2026-08-12: 404 Client Error:  for url: https://upwell.pfeg.noaa.gov/erddap/griddap/erdQCkm1day.nc?u%5B(2026-08-12T00:00:00Z)%5D%5B(0.0)%5D%5B(37.26):1:(41.51)%5D%5B(-77.46):1:(-68.97)%5D,v%5B(2026-08-12T00:00:00Z)%5D%5B(0.0)%5D%5B(37.26):1:(41.51)%5D%5B(-77.46):1:(-68.97)%5D
  Trying erdQCkm1day @ coastwatch.pfeg.noaa.gov 2026-08-11 ...
  erdQCkm1day @ coastwatch.pfeg.noaa.gov 2026-08-11: 404 Client Error:  for url: https://coastwatch.pfeg.noaa.gov/erddap/griddap/erdQCkm1day.nc?u%5B(2026-08-11T00:00:00Z)%5D%5B(0.0)%5D%5B(37.26):1:(41.51)%5D%5B(-77.46):1:(-68.97)%5D,v%5B(2026-08-11T00:00:00Z)%5D%5B(0.0)%5D%5B(37.26):1:(41.51)%5D%5B(-77.46):1:(-68.97)%5D
  Trying erdQCkm1day @ upwell.pfeg.noaa.gov 2026-08-11 ...
  erdQCkm1day @ upwell.pfeg.noaa.gov 2026-08-11: 404 Client Error:  for url: https://upwell.pfeg.noaa.gov/erddap/griddap/erdQCkm1day.nc?u%5B(2026-08-11T00:00:00Z)%5D%5B(0.0)%5D%5B(37.26):1:(41.51)%5D%5B(-77.46):1:(-68.97)%5D,v%5B(2026-08-11T00:00:00Z)%5D%5B(0.0)%5D%5B(37.26):1:(41.51)%5D%5B(-77.46):1:(-68.97)%5D
  Trying erdQCkm1day @ coastwatch.pfeg.noaa.gov 2026-08-10 ...
  erdQCkm1day @ coastwatch.pfeg.noaa.gov 2026-08-10: 404 Client Error:  for url: https://coastwatch.pfeg.noaa.gov/erddap/griddap/erdQCkm1day.nc?u%5B(2026-08-10T00:00:00Z)%5D%5B(0.0)%5D%5B(37.26):1:(41.51)%5D%5B(-77.46):1:(-68.97)%5D,v%5B(2026-08-10T00:00:00Z)%5D%5B(0.0)%5D%5B(37.26):1:(41.51)%5D%5B(-77.46):1:(-68.97)%5D
  Trying erdQCkm1day @ upwell.pfeg.noaa.gov 2026-08-10 ...
  erdQCkm1day @ upwell.pfeg.noaa.gov 2026-08-10: 404 Client Error:  for url: https://upwell.pfeg.noaa.gov/erddap/griddap/erdQCkm1day.nc?u%5B(2026-08-10T00:00:00Z)%5D%5B(0.0)%5D%5B(37.26):1:(41.51)%5D%5B(-77.46):1:(-68.97)%5D,v%5B(2026-08-10T00:00:00Z)%5D%5B(0.0)%5D%5B(37.26):1:(41.51)%5D%5B(-77.46):1:(-68.97)%5D
  Trying erdQCkm1day @ coastwatch.pfeg.noaa.gov 2026-08-09 ...
  erdQCkm1day @ coastwatch.pfeg.noaa.gov 2026-08-09: 404 Client Error:  for url: https://coastwatch.pfeg.noaa.gov/erddap/griddap/erdQCkm1day.nc?u%5B(2026-08-09T00:00:00Z)%5D%5B(0.0)%5D%5B(37.26):1:(41.51)%5D%5B(-77.46):1:(-68.97)%5D,v%5B(2026-08-09T00:00:00Z)%5D%5B(0.0)%5D%5B(37.26):1:(41.51)%5D%5B(-77.46):1:(-68.97)%5D
  Trying erdQCkm1day @ upwell.pfeg.noaa.gov 2026-08-09 ...
  erdQCkm1day @ upwell.pfeg.noaa.gov 2026-08-09: 404 Client Error:  for url: https://upwell.pfeg.noaa.gov/erddap/griddap/erdQCkm1day.nc?u%5B(2026-08-09T00:00:00Z)%5D%5B(0.0)%5D%5B(37.26):1:(41.51)%5D%5B(-77.46):1:(-68.97)%5D,v%5B(2026-08-09T00:00:00Z)%5D%5B(0.0)%5D%5B(37.26):1:(41.51)%5D%5B(-77.46):1:(-68.97)%5D
  OSCAR: all attempts failed

[CMEMS] Currents  (2026-08-14)  0.083 deg, daily
INFO - 2026-08-15T18:29:41Z - Selected dataset version: "202406"
INFO - 2026-08-15T18:29:41Z - Selected dataset part: "default"
WARNING - 2026-08-15T18:29:41Z - Some of your subset selection [0.0, 1.0] for the depth dimension exceed the dataset coordinates [0.49402499198913574, 5727.9169921875]
INFO - 2026-08-15T18:29:46Z - Total size of the download: 53.97 KB.
  CMEMS currents: 3,448 pts  0.001–1.873 m/s

[CMEMS] Altimetry  (2026-08-14)  0.125 deg, daily
INFO - 2026-08-15T18:29:50Z - Selected dataset version: "202506"
INFO - 2026-08-15T18:29:50Z - Selected dataset part: "default"
INFO - 2026-08-15T18:29:56Z - Total size of the download: 49.46 KB.
  Altimetry: 1,658 pts  SLA -0.630–0.515 m
  Geostrophic currents: 1,658 pts  0.005–1.713 m/s

============================================================
  Exporting ...
    Currents JSON → DailySST/Currents/va_ri/currents_20260814.json  (361 KB)
    Currents CSV  → DailySST/Currents/va_ri/currents_20260814.csv  (3,448 rows, 213 KB)
    Altimetry CSV  → DailySST/Altimetry/va_ri/altimetry_20260814.csv  (1,658 rows, 98 KB)
    Altimetry grid → DailySST/Altimetry/va_ri/altimetry_20260814_grid.json  (30 KB)

============================================================
  Currents  (CMEMS): 3,448 pts  speed 0.001–1.873 m/s  p98=1.426 m/s
  Altimetry (CMEMS_ALT): 1,658 pts  SSH -0.419–0.402 m
============================================================

  Files → /home/runner/work/SSTv2/SSTv2/DailySST/Currents/va_ri
         → /home/runner/work/SSTv2/SSTv2/DailySST/Altimetry/va_ri
