============================================================
  Ocean Dynamics Fetcher — Currents + Altimetry
  Date      : 2026-08-14
  BBOX      : {'lat_min': 26.0, 'lat_max': 30.5, 'lon_min': -81.97, 'lon_max': -76.14}
  Output    : /home/runner/work/SSTv2/SSTv2/DailySST
============================================================

[1/3] HYCOM currents + SSH  (target: 2026-08-14)  ~1/12 deg
  HYCOM catalog https://tds.hycom.org/thredds/catalog/catalog.xml failed: HTTPSConnectionPool(host='tds.hycom.org', port=443): Max retries exceeded with url: /thredds/catalog/catalog.xml (Caused by ConnectTimeoutError(<HTTPSConnection(host='tds.hycom.org', port=443) at 0x7feb743a80d0>, 'Connection to tds.hycom.org timed out. (connect timeout=20)'))
  HYCOM catalog https://tds.hycom.org/thredds/catalog/FMRC_ESPC-D-V02_uv3z/catalog.xml failed: HTTPSConnectionPool(host='tds.hycom.org', port=443): Max retries exceeded with url: /thredds/catalog/FMRC_ESPC-D-V02_uv3z/catalog.xml (Caused by ConnectTimeoutError(<HTTPSConnection(host='tds.hycom.org', port=443) at 0x7feb743a9c90>, 'Connection to tds.hycom.org timed out. (connect timeout=20)'))
  Using default HYCOM dataset: FMRC_ESPC-D-V02_uv3z
  Trying https://tds.hycom.org/thredds/ncss/FMRC_ESPC-D-V02_uv3z/runs/FMRC_ESPC-D-V02_uv3...
  HYCOM 2026-08-14 12Z failed: HTTPSConnectionPool(host='tds.hycom.org', port=443): Max retries exceeded with url: /thredds/ncss/FMRC_ESPC-D-V02_uv3z/runs/FMRC_ESPC-D-V02_uv3z_RUN_2026-08-14T12:00:00Z?var=water_u&var=water_v&var=surf_el&north=30.5&south=26.0&west=-81.97&east=-76.14&horizStride=1&vertCoord=0&disableLLSubset=on&disableProjSubset=on&time_start=2026-08-14T12:00:00Z&time_end=2026-08-14T12:00:00Z&accept=netcdf (Caused by ConnectTimeoutError(<HTTPSConnection(host='tds.hycom.org', port=443) at 0x7feb743b0090>, 'Connection to tds.hycom.org timed out. (connect timeout=180)'))
  Trying https://tds.hycom.org/thredds/ncss/FMRC_ESPC-D-V02_uv3z/FMRC_ESPC-D-V02_uv3z_bes...
  HYCOM 2026-08-14 12Z failed: HTTPSConnectionPool(host='tds.hycom.org', port=443): Max retries exceeded with url: /thredds/ncss/FMRC_ESPC-D-V02_uv3z/FMRC_ESPC-D-V02_uv3z_best.ncd?var=water_u&var=water_v&var=surf_el&north=30.5&south=26.0&west=-81.97&east=-76.14&horizStride=1&vertCoord=0&disableLLSubset=on&disableProjSubset=on&time_start=2026-08-14T12:00:00Z&time_end=2026-08-14T12:00:00Z&accept=netcdf (Caused by ConnectTimeoutError(<HTTPSConnection(host='tds.hycom.org', port=443) at 0x7feb743b1bd0>, 'Connection to tds.hycom.org timed out. (connect timeout=180)'))
  Trying https://tds.hycom.org/thredds/ncss/FMRC_ESPC-D-V02_uv3z/runs/FMRC_ESPC-D-V02_uv3...
  HYCOM 2026-08-14 00Z failed: HTTPSConnectionPool(host='tds.hycom.org', port=443): Max retries exceeded with url: /thredds/ncss/FMRC_ESPC-D-V02_uv3z/runs/FMRC_ESPC-D-V02_uv3z_RUN_2026-08-14T00:00:00Z?var=water_u&var=water_v&var=surf_el&north=30.5&south=26.0&west=-81.97&east=-76.14&horizStride=1&vertCoord=0&disableLLSubset=on&disableProjSubset=on&time_start=2026-08-14T00:00:00Z&time_end=2026-08-14T00:00:00Z&accept=netcdf (Caused by ConnectTimeoutError(<HTTPSConnection(host='tds.hycom.org', port=443) at 0x7feb743b3a90>, 'Connection to tds.hycom.org timed out. (connect timeout=180)'))
  Trying https://tds.hycom.org/thredds/ncss/FMRC_ESPC-D-V02_uv3z/FMRC_ESPC-D-V02_uv3z_bes...
  HYCOM 2026-08-14 00Z failed: HTTPSConnectionPool(host='tds.hycom.org', port=443): Max retries exceeded with url: /thredds/ncss/FMRC_ESPC-D-V02_uv3z/FMRC_ESPC-D-V02_uv3z_best.ncd?var=water_u&var=water_v&var=surf_el&north=30.5&south=26.0&west=-81.97&east=-76.14&horizStride=1&vertCoord=0&disableLLSubset=on&disableProjSubset=on&time_start=2026-08-14T00:00:00Z&time_end=2026-08-14T00:00:00Z&accept=netcdf (Caused by ConnectTimeoutError(<HTTPSConnection(host='tds.hycom.org', port=443) at 0x7feb743b3e50>, 'Connection to tds.hycom.org timed out. (connect timeout=180)'))
  Trying https://tds.hycom.org/thredds/ncss/FMRC_ESPC-D-V02_uv3z/runs/FMRC_ESPC-D-V02_uv3...
  HYCOM 2026-08-13 12Z failed: HTTPSConnectionPool(host='tds.hycom.org', port=443): Max retries exceeded with url: /thredds/ncss/FMRC_ESPC-D-V02_uv3z/runs/FMRC_ESPC-D-V02_uv3z_RUN_2026-08-13T12:00:00Z?var=water_u&var=water_v&var=surf_el&north=30.5&south=26.0&west=-81.97&east=-76.14&horizStride=1&vertCoord=0&disableLLSubset=on&disableProjSubset=on&time_start=2026-08-13T12:00:00Z&time_end=2026-08-13T12:00:00Z&accept=netcdf (Caused by ConnectTimeoutError(<HTTPSConnection(host='tds.hycom.org', port=443) at 0x7feb743b1a90>, 'Connection to tds.hycom.org timed out. (connect timeout=180)'))
  Trying https://tds.hycom.org/thredds/ncss/FMRC_ESPC-D-V02_uv3z/FMRC_ESPC-D-V02_uv3z_bes...
  HYCOM 2026-08-13 12Z failed: HTTPSConnectionPool(host='tds.hycom.org', port=443): Max retries exceeded with url: /thredds/ncss/FMRC_ESPC-D-V02_uv3z/FMRC_ESPC-D-V02_uv3z_best.ncd?var=water_u&var=water_v&var=surf_el&north=30.5&south=26.0&west=-81.97&east=-76.14&horizStride=1&vertCoord=0&disableLLSubset=on&disableProjSubset=on&time_start=2026-08-13T12:00:00Z&time_end=2026-08-13T12:00:00Z&accept=netcdf (Caused by ConnectTimeoutError(<HTTPSConnection(host='tds.hycom.org', port=443) at 0x7feb743ab910>, 'Connection to tds.hycom.org timed out. (connect timeout=180)'))
  Trying https://tds.hycom.org/thredds/ncss/FMRC_ESPC-D-V02_uv3z/runs/FMRC_ESPC-D-V02_uv3...
  HYCOM 2026-08-13 00Z failed: HTTPSConnectionPool(host='tds.hycom.org', port=443): Max retries exceeded with url: /thredds/ncss/FMRC_ESPC-D-V02_uv3z/runs/FMRC_ESPC-D-V02_uv3z_RUN_2026-08-13T00:00:00Z?var=water_u&var=water_v&var=surf_el&north=30.5&south=26.0&west=-81.97&east=-76.14&horizStride=1&vertCoord=0&disableLLSubset=on&disableProjSubset=on&time_start=2026-08-13T00:00:00Z&time_end=2026-08-13T00:00:00Z&accept=netcdf (Caused by ConnectTimeoutError(<HTTPSConnection(host='tds.hycom.org', port=443) at 0x7feb743a92d0>, 'Connection to tds.hycom.org timed out. (connect timeout=180)'))
  Trying https://tds.hycom.org/thredds/ncss/FMRC_ESPC-D-V02_uv3z/FMRC_ESPC-D-V02_uv3z_bes...
  HYCOM 2026-08-13 00Z failed: HTTPSConnectionPool(host='tds.hycom.org', port=443): Max retries exceeded with url: /thredds/ncss/FMRC_ESPC-D-V02_uv3z/FMRC_ESPC-D-V02_uv3z_best.ncd?var=water_u&var=water_v&var=surf_el&north=30.5&south=26.0&west=-81.97&east=-76.14&horizStride=1&vertCoord=0&disableLLSubset=on&disableProjSubset=on&time_start=2026-08-13T00:00:00Z&time_end=2026-08-13T00:00:00Z&accept=netcdf (Caused by ConnectTimeoutError(<HTTPSConnection(host='tds.hycom.org', port=443) at 0x7feb743c9d90>, 'Connection to tds.hycom.org timed out. (connect timeout=180)'))
  Trying https://tds.hycom.org/thredds/ncss/FMRC_ESPC-D-V02_uv3z/runs/FMRC_ESPC-D-V02_uv3...
  HYCOM 2026-08-12 12Z failed: 400 Client Error: 400 for url: https://tds.hycom.org/thredds/ncss/FMRC_ESPC-D-V02_uv3z/runs/FMRC_ESPC-D-V02_uv3z_RUN_2026-08-12T12:00:00Z?var=water_u&var=water_v&var=surf_el&north=30.5&south=26.0&west=-81.97&east=-76.14&horizStride=1&vertCoord=0&disableLLSubset=on&disableProjSubset=on&time_start=2026-08-12T12:00:00Z&time_end=2026-08-12T12:00:00Z&accept=netcdf
  Trying https://tds.hycom.org/thredds/ncss/FMRC_ESPC-D-V02_uv3z/FMRC_ESPC-D-V02_uv3z_bes...
  HYCOM 2026-08-12 12Z failed: 400 Client Error: 400 for url: https://tds.hycom.org/thredds/ncss/FMRC_ESPC-D-V02_uv3z/FMRC_ESPC-D-V02_uv3z_best.ncd?var=water_u&var=water_v&var=surf_el&north=30.5&south=26.0&west=-81.97&east=-76.14&horizStride=1&vertCoord=0&disableLLSubset=on&disableProjSubset=on&time_start=2026-08-12T12:00:00Z&time_end=2026-08-12T12:00:00Z&accept=netcdf
  Trying https://tds.hycom.org/thredds/ncss/FMRC_ESPC-D-V02_uv3z/runs/FMRC_ESPC-D-V02_uv3...
  HYCOM 2026-08-12 00Z failed: 404 Client Error: 404 for url: https://tds.hycom.org/thredds/ncss/FMRC_ESPC-D-V02_uv3z/runs/FMRC_ESPC-D-V02_uv3z_RUN_2026-08-12T00:00:00Z?var=water_u&var=water_v&var=surf_el&north=30.5&south=26.0&west=-81.97&east=-76.14&horizStride=1&vertCoord=0&disableLLSubset=on&disableProjSubset=on&time_start=2026-08-12T00:00:00Z&time_end=2026-08-12T00:00:00Z&accept=netcdf
  Trying https://tds.hycom.org/thredds/ncss/FMRC_ESPC-D-V02_uv3z/FMRC_ESPC-D-V02_uv3z_bes...
  HYCOM 2026-08-12 00Z failed: 400 Client Error: 400 for url: https://tds.hycom.org/thredds/ncss/FMRC_ESPC-D-V02_uv3z/FMRC_ESPC-D-V02_uv3z_best.ncd?var=water_u&var=water_v&var=surf_el&north=30.5&south=26.0&west=-81.97&east=-76.14&horizStride=1&vertCoord=0&disableLLSubset=on&disableProjSubset=on&time_start=2026-08-12T00:00:00Z&time_end=2026-08-12T00:00:00Z&accept=netcdf
  Trying https://tds.hycom.org/thredds/ncss/FMRC_ESPC-D-V02_uv3z/runs/FMRC_ESPC-D-V02_uv3...
  HYCOM 2026-08-11 12Z failed: 400 Client Error: 400 for url: https://tds.hycom.org/thredds/ncss/FMRC_ESPC-D-V02_uv3z/runs/FMRC_ESPC-D-V02_uv3z_RUN_2026-08-11T12:00:00Z?var=water_u&var=water_v&var=surf_el&north=30.5&south=26.0&west=-81.97&east=-76.14&horizStride=1&vertCoord=0&disableLLSubset=on&disableProjSubset=on&time_start=2026-08-11T12:00:00Z&time_end=2026-08-11T12:00:00Z&accept=netcdf
  Trying https://tds.hycom.org/thredds/ncss/FMRC_ESPC-D-V02_uv3z/FMRC_ESPC-D-V02_uv3z_bes...
  HYCOM 2026-08-11 12Z failed: 400 Client Error: 400 for url: https://tds.hycom.org/thredds/ncss/FMRC_ESPC-D-V02_uv3z/FMRC_ESPC-D-V02_uv3z_best.ncd?var=water_u&var=water_v&var=surf_el&north=30.5&south=26.0&west=-81.97&east=-76.14&horizStride=1&vertCoord=0&disableLLSubset=on&disableProjSubset=on&time_start=2026-08-11T12:00:00Z&time_end=2026-08-11T12:00:00Z&accept=netcdf
  Trying https://tds.hycom.org/thredds/ncss/FMRC_ESPC-D-V02_uv3z/runs/FMRC_ESPC-D-V02_uv3...
  HYCOM 2026-08-11 00Z failed: 404 Client Error: 404 for url: https://tds.hycom.org/thredds/ncss/FMRC_ESPC-D-V02_uv3z/runs/FMRC_ESPC-D-V02_uv3z_RUN_2026-08-11T00:00:00Z?var=water_u&var=water_v&var=surf_el&north=30.5&south=26.0&west=-81.97&east=-76.14&horizStride=1&vertCoord=0&disableLLSubset=on&disableProjSubset=on&time_start=2026-08-11T00:00:00Z&time_end=2026-08-11T00:00:00Z&accept=netcdf
  Trying https://tds.hycom.org/thredds/ncss/FMRC_ESPC-D-V02_uv3z/FMRC_ESPC-D-V02_uv3z_bes...
  HYCOM 2026-08-11 00Z failed: 400 Client Error: 400 for url: https://tds.hycom.org/thredds/ncss/FMRC_ESPC-D-V02_uv3z/FMRC_ESPC-D-V02_uv3z_best.ncd?var=water_u&var=water_v&var=surf_el&north=30.5&south=26.0&west=-81.97&east=-76.14&horizStride=1&vertCoord=0&disableLLSubset=on&disableProjSubset=on&time_start=2026-08-11T00:00:00Z&time_end=2026-08-11T00:00:00Z&accept=netcdf
  HYCOM: all attempts failed

[2/3] OSCAR currents  (target: 2026-08-14)  1/3 deg, 5-day composite
  Trying OSCAR_L4_OC_NRT_V2.1 @ coastwatch.pfeg.noaa.gov 2026-08-14 ...
  OSCAR_L4_OC_NRT_V2.1 @ coastwatch.pfeg.noaa.gov 2026-08-14: 404 Client Error:  for url: https://coastwatch.pfeg.noaa.gov/erddap/griddap/OSCAR_L4_OC_NRT_V2.1.nc?u%5B(2026-08-14T00:00:00Z)%5D%5B(0.0)%5D%5B(26.0):1:(30.5)%5D%5B(-81.97):1:(-76.14)%5D,v%5B(2026-08-14T00:00:00Z)%5D%5B(0.0)%5D%5B(26.0):1:(30.5)%5D%5B(-81.97):1:(-76.14)%5D
  Trying OSCAR_L4_OC_NRT_V2.1 @ upwell.pfeg.noaa.gov 2026-08-14 ...
  OSCAR_L4_OC_NRT_V2.1 @ upwell.pfeg.noaa.gov 2026-08-14: 404 Client Error:  for url: https://upwell.pfeg.noaa.gov/erddap/griddap/OSCAR_L4_OC_NRT_V2.1.nc?u%5B(2026-08-14T00:00:00Z)%5D%5B(0.0)%5D%5B(26.0):1:(30.5)%5D%5B(-81.97):1:(-76.14)%5D,v%5B(2026-08-14T00:00:00Z)%5D%5B(0.0)%5D%5B(26.0):1:(30.5)%5D%5B(-81.97):1:(-76.14)%5D
  Trying OSCAR_L4_OC_NRT_V2.1 @ coastwatch.pfeg.noaa.gov 2026-08-13 ...
  OSCAR_L4_OC_NRT_V2.1 @ coastwatch.pfeg.noaa.gov 2026-08-13: 404 Client Error:  for url: https://coastwatch.pfeg.noaa.gov/erddap/griddap/OSCAR_L4_OC_NRT_V2.1.nc?u%5B(2026-08-13T00:00:00Z)%5D%5B(0.0)%5D%5B(26.0):1:(30.5)%5D%5B(-81.97):1:(-76.14)%5D,v%5B(2026-08-13T00:00:00Z)%5D%5B(0.0)%5D%5B(26.0):1:(30.5)%5D%5B(-81.97):1:(-76.14)%5D
  Trying OSCAR_L4_OC_NRT_V2.1 @ upwell.pfeg.noaa.gov 2026-08-13 ...
  OSCAR_L4_OC_NRT_V2.1 @ upwell.pfeg.noaa.gov 2026-08-13: 404 Client Error:  for url: https://upwell.pfeg.noaa.gov/erddap/griddap/OSCAR_L4_OC_NRT_V2.1.nc?u%5B(2026-08-13T00:00:00Z)%5D%5B(0.0)%5D%5B(26.0):1:(30.5)%5D%5B(-81.97):1:(-76.14)%5D,v%5B(2026-08-13T00:00:00Z)%5D%5B(0.0)%5D%5B(26.0):1:(30.5)%5D%5B(-81.97):1:(-76.14)%5D
  Trying OSCAR_L4_OC_NRT_V2.1 @ coastwatch.pfeg.noaa.gov 2026-08-12 ...
  OSCAR_L4_OC_NRT_V2.1 @ coastwatch.pfeg.noaa.gov 2026-08-12: 404 Client Error:  for url: https://coastwatch.pfeg.noaa.gov/erddap/griddap/OSCAR_L4_OC_NRT_V2.1.nc?u%5B(2026-08-12T00:00:00Z)%5D%5B(0.0)%5D%5B(26.0):1:(30.5)%5D%5B(-81.97):1:(-76.14)%5D,v%5B(2026-08-12T00:00:00Z)%5D%5B(0.0)%5D%5B(26.0):1:(30.5)%5D%5B(-81.97):1:(-76.14)%5D
  Trying OSCAR_L4_OC_NRT_V2.1 @ upwell.pfeg.noaa.gov 2026-08-12 ...
  OSCAR_L4_OC_NRT_V2.1 @ upwell.pfeg.noaa.gov 2026-08-12: 404 Client Error:  for url: https://upwell.pfeg.noaa.gov/erddap/griddap/OSCAR_L4_OC_NRT_V2.1.nc?u%5B(2026-08-12T00:00:00Z)%5D%5B(0.0)%5D%5B(26.0):1:(30.5)%5D%5B(-81.97):1:(-76.14)%5D,v%5B(2026-08-12T00:00:00Z)%5D%5B(0.0)%5D%5B(26.0):1:(30.5)%5D%5B(-81.97):1:(-76.14)%5D
  Trying OSCAR_L4_OC_NRT_V2.1 @ coastwatch.pfeg.noaa.gov 2026-08-11 ...
  OSCAR_L4_OC_NRT_V2.1 @ coastwatch.pfeg.noaa.gov 2026-08-11: 404 Client Error:  for url: https://coastwatch.pfeg.noaa.gov/erddap/griddap/OSCAR_L4_OC_NRT_V2.1.nc?u%5B(2026-08-11T00:00:00Z)%5D%5B(0.0)%5D%5B(26.0):1:(30.5)%5D%5B(-81.97):1:(-76.14)%5D,v%5B(2026-08-11T00:00:00Z)%5D%5B(0.0)%5D%5B(26.0):1:(30.5)%5D%5B(-81.97):1:(-76.14)%5D
  Trying OSCAR_L4_OC_NRT_V2.1 @ upwell.pfeg.noaa.gov 2026-08-11 ...
  OSCAR_L4_OC_NRT_V2.1 @ upwell.pfeg.noaa.gov 2026-08-11: 404 Client Error:  for url: https://upwell.pfeg.noaa.gov/erddap/griddap/OSCAR_L4_OC_NRT_V2.1.nc?u%5B(2026-08-11T00:00:00Z)%5D%5B(0.0)%5D%5B(26.0):1:(30.5)%5D%5B(-81.97):1:(-76.14)%5D,v%5B(2026-08-11T00:00:00Z)%5D%5B(0.0)%5D%5B(26.0):1:(30.5)%5D%5B(-81.97):1:(-76.14)%5D
  Trying OSCAR_L4_OC_NRT_V2.1 @ coastwatch.pfeg.noaa.gov 2026-08-10 ...
  OSCAR_L4_OC_NRT_V2.1 @ coastwatch.pfeg.noaa.gov 2026-08-10: 404 Client Error:  for url: https://coastwatch.pfeg.noaa.gov/erddap/griddap/OSCAR_L4_OC_NRT_V2.1.nc?u%5B(2026-08-10T00:00:00Z)%5D%5B(0.0)%5D%5B(26.0):1:(30.5)%5D%5B(-81.97):1:(-76.14)%5D,v%5B(2026-08-10T00:00:00Z)%5D%5B(0.0)%5D%5B(26.0):1:(30.5)%5D%5B(-81.97):1:(-76.14)%5D
  Trying OSCAR_L4_OC_NRT_V2.1 @ upwell.pfeg.noaa.gov 2026-08-10 ...
  OSCAR_L4_OC_NRT_V2.1 @ upwell.pfeg.noaa.gov 2026-08-10: 404 Client Error:  for url: https://upwell.pfeg.noaa.gov/erddap/griddap/OSCAR_L4_OC_NRT_V2.1.nc?u%5B(2026-08-10T00:00:00Z)%5D%5B(0.0)%5D%5B(26.0):1:(30.5)%5D%5B(-81.97):1:(-76.14)%5D,v%5B(2026-08-10T00:00:00Z)%5D%5B(0.0)%5D%5B(26.0):1:(30.5)%5D%5B(-81.97):1:(-76.14)%5D
  Trying OSCAR_L4_OC_NRT_V2.1 @ coastwatch.pfeg.noaa.gov 2026-08-09 ...
  OSCAR_L4_OC_NRT_V2.1 @ coastwatch.pfeg.noaa.gov 2026-08-09: 404 Client Error:  for url: https://coastwatch.pfeg.noaa.gov/erddap/griddap/OSCAR_L4_OC_NRT_V2.1.nc?u%5B(2026-08-09T00:00:00Z)%5D%5B(0.0)%5D%5B(26.0):1:(30.5)%5D%5B(-81.97):1:(-76.14)%5D,v%5B(2026-08-09T00:00:00Z)%5D%5B(0.0)%5D%5B(26.0):1:(30.5)%5D%5B(-81.97):1:(-76.14)%5D
  Trying OSCAR_L4_OC_NRT_V2.1 @ upwell.pfeg.noaa.gov 2026-08-09 ...
  OSCAR_L4_OC_NRT_V2.1 @ upwell.pfeg.noaa.gov 2026-08-09: 404 Client Error:  for url: https://upwell.pfeg.noaa.gov/erddap/griddap/OSCAR_L4_OC_NRT_V2.1.nc?u%5B(2026-08-09T00:00:00Z)%5D%5B(0.0)%5D%5B(26.0):1:(30.5)%5D%5B(-81.97):1:(-76.14)%5D,v%5B(2026-08-09T00:00:00Z)%5D%5B(0.0)%5D%5B(26.0):1:(30.5)%5D%5B(-81.97):1:(-76.14)%5D
  Trying OSCAR_L4_OC_NRT_V2.0 @ coastwatch.pfeg.noaa.gov 2026-08-14 ...
  OSCAR_L4_OC_NRT_V2.0 @ coastwatch.pfeg.noaa.gov 2026-08-14: 404 Client Error:  for url: https://coastwatch.pfeg.noaa.gov/erddap/griddap/OSCAR_L4_OC_NRT_V2.0.nc?u%5B(2026-08-14T00:00:00Z)%5D%5B(0.0)%5D%5B(26.0):1:(30.5)%5D%5B(-81.97):1:(-76.14)%5D,v%5B(2026-08-14T00:00:00Z)%5D%5B(0.0)%5D%5B(26.0):1:(30.5)%5D%5B(-81.97):1:(-76.14)%5D
  Trying OSCAR_L4_OC_NRT_V2.0 @ upwell.pfeg.noaa.gov 2026-08-14 ...
  OSCAR_L4_OC_NRT_V2.0 @ upwell.pfeg.noaa.gov 2026-08-14: 404 Client Error:  for url: https://upwell.pfeg.noaa.gov/erddap/griddap/OSCAR_L4_OC_NRT_V2.0.nc?u%5B(2026-08-14T00:00:00Z)%5D%5B(0.0)%5D%5B(26.0):1:(30.5)%5D%5B(-81.97):1:(-76.14)%5D,v%5B(2026-08-14T00:00:00Z)%5D%5B(0.0)%5D%5B(26.0):1:(30.5)%5D%5B(-81.97):1:(-76.14)%5D
  Trying OSCAR_L4_OC_NRT_V2.0 @ coastwatch.pfeg.noaa.gov 2026-08-13 ...
  OSCAR_L4_OC_NRT_V2.0 @ coastwatch.pfeg.noaa.gov 2026-08-13: 404 Client Error:  for url: https://coastwatch.pfeg.noaa.gov/erddap/griddap/OSCAR_L4_OC_NRT_V2.0.nc?u%5B(2026-08-13T00:00:00Z)%5D%5B(0.0)%5D%5B(26.0):1:(30.5)%5D%5B(-81.97):1:(-76.14)%5D,v%5B(2026-08-13T00:00:00Z)%5D%5B(0.0)%5D%5B(26.0):1:(30.5)%5D%5B(-81.97):1:(-76.14)%5D
  Trying OSCAR_L4_OC_NRT_V2.0 @ upwell.pfeg.noaa.gov 2026-08-13 ...
  OSCAR_L4_OC_NRT_V2.0 @ upwell.pfeg.noaa.gov 2026-08-13: 404 Client Error:  for url: https://upwell.pfeg.noaa.gov/erddap/griddap/OSCAR_L4_OC_NRT_V2.0.nc?u%5B(2026-08-13T00:00:00Z)%5D%5B(0.0)%5D%5B(26.0):1:(30.5)%5D%5B(-81.97):1:(-76.14)%5D,v%5B(2026-08-13T00:00:00Z)%5D%5B(0.0)%5D%5B(26.0):1:(30.5)%5D%5B(-81.97):1:(-76.14)%5D
  Trying OSCAR_L4_OC_NRT_V2.0 @ coastwatch.pfeg.noaa.gov 2026-08-12 ...
  OSCAR_L4_OC_NRT_V2.0 @ coastwatch.pfeg.noaa.gov 2026-08-12: 404 Client Error:  for url: https://coastwatch.pfeg.noaa.gov/erddap/griddap/OSCAR_L4_OC_NRT_V2.0.nc?u%5B(2026-08-12T00:00:00Z)%5D%5B(0.0)%5D%5B(26.0):1:(30.5)%5D%5B(-81.97):1:(-76.14)%5D,v%5B(2026-08-12T00:00:00Z)%5D%5B(0.0)%5D%5B(26.0):1:(30.5)%5D%5B(-81.97):1:(-76.14)%5D
  Trying OSCAR_L4_OC_NRT_V2.0 @ upwell.pfeg.noaa.gov 2026-08-12 ...
  OSCAR_L4_OC_NRT_V2.0 @ upwell.pfeg.noaa.gov 2026-08-12: 404 Client Error:  for url: https://upwell.pfeg.noaa.gov/erddap/griddap/OSCAR_L4_OC_NRT_V2.0.nc?u%5B(2026-08-12T00:00:00Z)%5D%5B(0.0)%5D%5B(26.0):1:(30.5)%5D%5B(-81.97):1:(-76.14)%5D,v%5B(2026-08-12T00:00:00Z)%5D%5B(0.0)%5D%5B(26.0):1:(30.5)%5D%5B(-81.97):1:(-76.14)%5D
  Trying OSCAR_L4_OC_NRT_V2.0 @ coastwatch.pfeg.noaa.gov 2026-08-11 ...
  OSCAR_L4_OC_NRT_V2.0 @ coastwatch.pfeg.noaa.gov 2026-08-11: 404 Client Error:  for url: https://coastwatch.pfeg.noaa.gov/erddap/griddap/OSCAR_L4_OC_NRT_V2.0.nc?u%5B(2026-08-11T00:00:00Z)%5D%5B(0.0)%5D%5B(26.0):1:(30.5)%5D%5B(-81.97):1:(-76.14)%5D,v%5B(2026-08-11T00:00:00Z)%5D%5B(0.0)%5D%5B(26.0):1:(30.5)%5D%5B(-81.97):1:(-76.14)%5D
  Trying OSCAR_L4_OC_NRT_V2.0 @ upwell.pfeg.noaa.gov 2026-08-11 ...
  OSCAR_L4_OC_NRT_V2.0 @ upwell.pfeg.noaa.gov 2026-08-11: 404 Client Error:  for url: https://upwell.pfeg.noaa.gov/erddap/griddap/OSCAR_L4_OC_NRT_V2.0.nc?u%5B(2026-08-11T00:00:00Z)%5D%5B(0.0)%5D%5B(26.0):1:(30.5)%5D%5B(-81.97):1:(-76.14)%5D,v%5B(2026-08-11T00:00:00Z)%5D%5B(0.0)%5D%5B(26.0):1:(30.5)%5D%5B(-81.97):1:(-76.14)%5D
  Trying OSCAR_L4_OC_NRT_V2.0 @ coastwatch.pfeg.noaa.gov 2026-08-10 ...
  OSCAR_L4_OC_NRT_V2.0 @ coastwatch.pfeg.noaa.gov 2026-08-10: 404 Client Error:  for url: https://coastwatch.pfeg.noaa.gov/erddap/griddap/OSCAR_L4_OC_NRT_V2.0.nc?u%5B(2026-08-10T00:00:00Z)%5D%5B(0.0)%5D%5B(26.0):1:(30.5)%5D%5B(-81.97):1:(-76.14)%5D,v%5B(2026-08-10T00:00:00Z)%5D%5B(0.0)%5D%5B(26.0):1:(30.5)%5D%5B(-81.97):1:(-76.14)%5D
  Trying OSCAR_L4_OC_NRT_V2.0 @ upwell.pfeg.noaa.gov 2026-08-10 ...
  OSCAR_L4_OC_NRT_V2.0 @ upwell.pfeg.noaa.gov 2026-08-10: 404 Client Error:  for url: https://upwell.pfeg.noaa.gov/erddap/griddap/OSCAR_L4_OC_NRT_V2.0.nc?u%5B(2026-08-10T00:00:00Z)%5D%5B(0.0)%5D%5B(26.0):1:(30.5)%5D%5B(-81.97):1:(-76.14)%5D,v%5B(2026-08-10T00:00:00Z)%5D%5B(0.0)%5D%5B(26.0):1:(30.5)%5D%5B(-81.97):1:(-76.14)%5D
  Trying OSCAR_L4_OC_NRT_V2.0 @ coastwatch.pfeg.noaa.gov 2026-08-09 ...
  OSCAR_L4_OC_NRT_V2.0 @ coastwatch.pfeg.noaa.gov 2026-08-09: 404 Client Error:  for url: https://coastwatch.pfeg.noaa.gov/erddap/griddap/OSCAR_L4_OC_NRT_V2.0.nc?u%5B(2026-08-09T00:00:00Z)%5D%5B(0.0)%5D%5B(26.0):1:(30.5)%5D%5B(-81.97):1:(-76.14)%5D,v%5B(2026-08-09T00:00:00Z)%5D%5B(0.0)%5D%5B(26.0):1:(30.5)%5D%5B(-81.97):1:(-76.14)%5D
  Trying OSCAR_L4_OC_NRT_V2.0 @ upwell.pfeg.noaa.gov 2026-08-09 ...
  OSCAR_L4_OC_NRT_V2.0 @ upwell.pfeg.noaa.gov 2026-08-09: 404 Client Error:  for url: https://upwell.pfeg.noaa.gov/erddap/griddap/OSCAR_L4_OC_NRT_V2.0.nc?u%5B(2026-08-09T00:00:00Z)%5D%5B(0.0)%5D%5B(26.0):1:(30.5)%5D%5B(-81.97):1:(-76.14)%5D,v%5B(2026-08-09T00:00:00Z)%5D%5B(0.0)%5D%5B(26.0):1:(30.5)%5D%5B(-81.97):1:(-76.14)%5D
  Trying jplOscarV2NRT5day @ coastwatch.pfeg.noaa.gov 2026-08-14 ...
  jplOscarV2NRT5day @ coastwatch.pfeg.noaa.gov 2026-08-14: 404 Client Error:  for url: https://coastwatch.pfeg.noaa.gov/erddap/griddap/jplOscarV2NRT5day.nc?u%5B(2026-08-14T00:00:00Z)%5D%5B(0.0)%5D%5B(26.0):1:(30.5)%5D%5B(-81.97):1:(-76.14)%5D,v%5B(2026-08-14T00:00:00Z)%5D%5B(0.0)%5D%5B(26.0):1:(30.5)%5D%5B(-81.97):1:(-76.14)%5D
  Trying jplOscarV2NRT5day @ upwell.pfeg.noaa.gov 2026-08-14 ...
  jplOscarV2NRT5day @ upwell.pfeg.noaa.gov 2026-08-14: 404 Client Error:  for url: https://upwell.pfeg.noaa.gov/erddap/griddap/jplOscarV2NRT5day.nc?u%5B(2026-08-14T00:00:00Z)%5D%5B(0.0)%5D%5B(26.0):1:(30.5)%5D%5B(-81.97):1:(-76.14)%5D,v%5B(2026-08-14T00:00:00Z)%5D%5B(0.0)%5D%5B(26.0):1:(30.5)%5D%5B(-81.97):1:(-76.14)%5D
  Trying jplOscarV2NRT5day @ coastwatch.pfeg.noaa.gov 2026-08-13 ...
  jplOscarV2NRT5day @ coastwatch.pfeg.noaa.gov 2026-08-13: 404 Client Error:  for url: https://coastwatch.pfeg.noaa.gov/erddap/griddap/jplOscarV2NRT5day.nc?u%5B(2026-08-13T00:00:00Z)%5D%5B(0.0)%5D%5B(26.0):1:(30.5)%5D%5B(-81.97):1:(-76.14)%5D,v%5B(2026-08-13T00:00:00Z)%5D%5B(0.0)%5D%5B(26.0):1:(30.5)%5D%5B(-81.97):1:(-76.14)%5D
  Trying jplOscarV2NRT5day @ upwell.pfeg.noaa.gov 2026-08-13 ...
  jplOscarV2NRT5day @ upwell.pfeg.noaa.gov 2026-08-13: 404 Client Error:  for url: https://upwell.pfeg.noaa.gov/erddap/griddap/jplOscarV2NRT5day.nc?u%5B(2026-08-13T00:00:00Z)%5D%5B(0.0)%5D%5B(26.0):1:(30.5)%5D%5B(-81.97):1:(-76.14)%5D,v%5B(2026-08-13T00:00:00Z)%5D%5B(0.0)%5D%5B(26.0):1:(30.5)%5D%5B(-81.97):1:(-76.14)%5D
  Trying jplOscarV2NRT5day @ coastwatch.pfeg.noaa.gov 2026-08-12 ...
  jplOscarV2NRT5day @ coastwatch.pfeg.noaa.gov 2026-08-12: 404 Client Error:  for url: https://coastwatch.pfeg.noaa.gov/erddap/griddap/jplOscarV2NRT5day.nc?u%5B(2026-08-12T00:00:00Z)%5D%5B(0.0)%5D%5B(26.0):1:(30.5)%5D%5B(-81.97):1:(-76.14)%5D,v%5B(2026-08-12T00:00:00Z)%5D%5B(0.0)%5D%5B(26.0):1:(30.5)%5D%5B(-81.97):1:(-76.14)%5D
  Trying jplOscarV2NRT5day @ upwell.pfeg.noaa.gov 2026-08-12 ...
  jplOscarV2NRT5day @ upwell.pfeg.noaa.gov 2026-08-12: 404 Client Error:  for url: https://upwell.pfeg.noaa.gov/erddap/griddap/jplOscarV2NRT5day.nc?u%5B(2026-08-12T00:00:00Z)%5D%5B(0.0)%5D%5B(26.0):1:(30.5)%5D%5B(-81.97):1:(-76.14)%5D,v%5B(2026-08-12T00:00:00Z)%5D%5B(0.0)%5D%5B(26.0):1:(30.5)%5D%5B(-81.97):1:(-76.14)%5D
  Trying jplOscarV2NRT5day @ coastwatch.pfeg.noaa.gov 2026-08-11 ...
  jplOscarV2NRT5day @ coastwatch.pfeg.noaa.gov 2026-08-11: 404 Client Error:  for url: https://coastwatch.pfeg.noaa.gov/erddap/griddap/jplOscarV2NRT5day.nc?u%5B(2026-08-11T00:00:00Z)%5D%5B(0.0)%5D%5B(26.0):1:(30.5)%5D%5B(-81.97):1:(-76.14)%5D,v%5B(2026-08-11T00:00:00Z)%5D%5B(0.0)%5D%5B(26.0):1:(30.5)%5D%5B(-81.97):1:(-76.14)%5D
  Trying jplOscarV2NRT5day @ upwell.pfeg.noaa.gov 2026-08-11 ...
  jplOscarV2NRT5day @ upwell.pfeg.noaa.gov 2026-08-11: 404 Client Error:  for url: https://upwell.pfeg.noaa.gov/erddap/griddap/jplOscarV2NRT5day.nc?u%5B(2026-08-11T00:00:00Z)%5D%5B(0.0)%5D%5B(26.0):1:(30.5)%5D%5B(-81.97):1:(-76.14)%5D,v%5B(2026-08-11T00:00:00Z)%5D%5B(0.0)%5D%5B(26.0):1:(30.5)%5D%5B(-81.97):1:(-76.14)%5D
  Trying jplOscarV2NRT5day @ coastwatch.pfeg.noaa.gov 2026-08-10 ...
  jplOscarV2NRT5day @ coastwatch.pfeg.noaa.gov 2026-08-10: 404 Client Error:  for url: https://coastwatch.pfeg.noaa.gov/erddap/griddap/jplOscarV2NRT5day.nc?u%5B(2026-08-10T00:00:00Z)%5D%5B(0.0)%5D%5B(26.0):1:(30.5)%5D%5B(-81.97):1:(-76.14)%5D,v%5B(2026-08-10T00:00:00Z)%5D%5B(0.0)%5D%5B(26.0):1:(30.5)%5D%5B(-81.97):1:(-76.14)%5D
  Trying jplOscarV2NRT5day @ upwell.pfeg.noaa.gov 2026-08-10 ...
  jplOscarV2NRT5day @ upwell.pfeg.noaa.gov 2026-08-10: 404 Client Error:  for url: https://upwell.pfeg.noaa.gov/erddap/griddap/jplOscarV2NRT5day.nc?u%5B(2026-08-10T00:00:00Z)%5D%5B(0.0)%5D%5B(26.0):1:(30.5)%5D%5B(-81.97):1:(-76.14)%5D,v%5B(2026-08-10T00:00:00Z)%5D%5B(0.0)%5D%5B(26.0):1:(30.5)%5D%5B(-81.97):1:(-76.14)%5D
  Trying jplOscarV2NRT5day @ coastwatch.pfeg.noaa.gov 2026-08-09 ...
  jplOscarV2NRT5day @ coastwatch.pfeg.noaa.gov 2026-08-09: 404 Client Error:  for url: https://coastwatch.pfeg.noaa.gov/erddap/griddap/jplOscarV2NRT5day.nc?u%5B(2026-08-09T00:00:00Z)%5D%5B(0.0)%5D%5B(26.0):1:(30.5)%5D%5B(-81.97):1:(-76.14)%5D,v%5B(2026-08-09T00:00:00Z)%5D%5B(0.0)%5D%5B(26.0):1:(30.5)%5D%5B(-81.97):1:(-76.14)%5D
  Trying jplOscarV2NRT5day @ upwell.pfeg.noaa.gov 2026-08-09 ...
  jplOscarV2NRT5day @ upwell.pfeg.noaa.gov 2026-08-09: 404 Client Error:  for url: https://upwell.pfeg.noaa.gov/erddap/griddap/jplOscarV2NRT5day.nc?u%5B(2026-08-09T00:00:00Z)%5D%5B(0.0)%5D%5B(26.0):1:(30.5)%5D%5B(-81.97):1:(-76.14)%5D,v%5B(2026-08-09T00:00:00Z)%5D%5B(0.0)%5D%5B(26.0):1:(30.5)%5D%5B(-81.97):1:(-76.14)%5D
  Trying jplOscar1day @ coastwatch.pfeg.noaa.gov 2026-08-14 ...
  jplOscar1day @ coastwatch.pfeg.noaa.gov 2026-08-14: 404 Client Error:  for url: https://coastwatch.pfeg.noaa.gov/erddap/griddap/jplOscar1day.nc?u%5B(2026-08-14T00:00:00Z)%5D%5B(0.0)%5D%5B(26.0):1:(30.5)%5D%5B(-81.97):1:(-76.14)%5D,v%5B(2026-08-14T00:00:00Z)%5D%5B(0.0)%5D%5B(26.0):1:(30.5)%5D%5B(-81.97):1:(-76.14)%5D
  Trying jplOscar1day @ upwell.pfeg.noaa.gov 2026-08-14 ...
  jplOscar1day @ upwell.pfeg.noaa.gov 2026-08-14: 404 Client Error:  for url: https://upwell.pfeg.noaa.gov/erddap/griddap/jplOscar1day.nc?u%5B(2026-08-14T00:00:00Z)%5D%5B(0.0)%5D%5B(26.0):1:(30.5)%5D%5B(-81.97):1:(-76.14)%5D,v%5B(2026-08-14T00:00:00Z)%5D%5B(0.0)%5D%5B(26.0):1:(30.5)%5D%5B(-81.97):1:(-76.14)%5D
  Trying jplOscar1day @ coastwatch.pfeg.noaa.gov 2026-08-13 ...
  jplOscar1day @ coastwatch.pfeg.noaa.gov 2026-08-13: 404 Client Error:  for url: https://coastwatch.pfeg.noaa.gov/erddap/griddap/jplOscar1day.nc?u%5B(2026-08-13T00:00:00Z)%5D%5B(0.0)%5D%5B(26.0):1:(30.5)%5D%5B(-81.97):1:(-76.14)%5D,v%5B(2026-08-13T00:00:00Z)%5D%5B(0.0)%5D%5B(26.0):1:(30.5)%5D%5B(-81.97):1:(-76.14)%5D
  Trying jplOscar1day @ upwell.pfeg.noaa.gov 2026-08-13 ...
  jplOscar1day @ upwell.pfeg.noaa.gov 2026-08-13: 404 Client Error:  for url: https://upwell.pfeg.noaa.gov/erddap/griddap/jplOscar1day.nc?u%5B(2026-08-13T00:00:00Z)%5D%5B(0.0)%5D%5B(26.0):1:(30.5)%5D%5B(-81.97):1:(-76.14)%5D,v%5B(2026-08-13T00:00:00Z)%5D%5B(0.0)%5D%5B(26.0):1:(30.5)%5D%5B(-81.97):1:(-76.14)%5D
  Trying jplOscar1day @ coastwatch.pfeg.noaa.gov 2026-08-12 ...
  jplOscar1day @ coastwatch.pfeg.noaa.gov 2026-08-12: 404 Client Error:  for url: https://coastwatch.pfeg.noaa.gov/erddap/griddap/jplOscar1day.nc?u%5B(2026-08-12T00:00:00Z)%5D%5B(0.0)%5D%5B(26.0):1:(30.5)%5D%5B(-81.97):1:(-76.14)%5D,v%5B(2026-08-12T00:00:00Z)%5D%5B(0.0)%5D%5B(26.0):1:(30.5)%5D%5B(-81.97):1:(-76.14)%5D
  Trying jplOscar1day @ upwell.pfeg.noaa.gov 2026-08-12 ...
  jplOscar1day @ upwell.pfeg.noaa.gov 2026-08-12: 404 Client Error:  for url: https://upwell.pfeg.noaa.gov/erddap/griddap/jplOscar1day.nc?u%5B(2026-08-12T00:00:00Z)%5D%5B(0.0)%5D%5B(26.0):1:(30.5)%5D%5B(-81.97):1:(-76.14)%5D,v%5B(2026-08-12T00:00:00Z)%5D%5B(0.0)%5D%5B(26.0):1:(30.5)%5D%5B(-81.97):1:(-76.14)%5D
  Trying jplOscar1day @ coastwatch.pfeg.noaa.gov 2026-08-11 ...
  jplOscar1day @ coastwatch.pfeg.noaa.gov 2026-08-11: 404 Client Error:  for url: https://coastwatch.pfeg.noaa.gov/erddap/griddap/jplOscar1day.nc?u%5B(2026-08-11T00:00:00Z)%5D%5B(0.0)%5D%5B(26.0):1:(30.5)%5D%5B(-81.97):1:(-76.14)%5D,v%5B(2026-08-11T00:00:00Z)%5D%5B(0.0)%5D%5B(26.0):1:(30.5)%5D%5B(-81.97):1:(-76.14)%5D
  Trying jplOscar1day @ upwell.pfeg.noaa.gov 2026-08-11 ...
  jplOscar1day @ upwell.pfeg.noaa.gov 2026-08-11: 404 Client Error:  for url: https://upwell.pfeg.noaa.gov/erddap/griddap/jplOscar1day.nc?u%5B(2026-08-11T00:00:00Z)%5D%5B(0.0)%5D%5B(26.0):1:(30.5)%5D%5B(-81.97):1:(-76.14)%5D,v%5B(2026-08-11T00:00:00Z)%5D%5B(0.0)%5D%5B(26.0):1:(30.5)%5D%5B(-81.97):1:(-76.14)%5D
  Trying jplOscar1day @ coastwatch.pfeg.noaa.gov 2026-08-10 ...
  jplOscar1day @ coastwatch.pfeg.noaa.gov 2026-08-10: 404 Client Error:  for url: https://coastwatch.pfeg.noaa.gov/erddap/griddap/jplOscar1day.nc?u%5B(2026-08-10T00:00:00Z)%5D%5B(0.0)%5D%5B(26.0):1:(30.5)%5D%5B(-81.97):1:(-76.14)%5D,v%5B(2026-08-10T00:00:00Z)%5D%5B(0.0)%5D%5B(26.0):1:(30.5)%5D%5B(-81.97):1:(-76.14)%5D
  Trying jplOscar1day @ upwell.pfeg.noaa.gov 2026-08-10 ...
  jplOscar1day @ upwell.pfeg.noaa.gov 2026-08-10: 404 Client Error:  for url: https://upwell.pfeg.noaa.gov/erddap/griddap/jplOscar1day.nc?u%5B(2026-08-10T00:00:00Z)%5D%5B(0.0)%5D%5B(26.0):1:(30.5)%5D%5B(-81.97):1:(-76.14)%5D,v%5B(2026-08-10T00:00:00Z)%5D%5B(0.0)%5D%5B(26.0):1:(30.5)%5D%5B(-81.97):1:(-76.14)%5D
  Trying jplOscar1day @ coastwatch.pfeg.noaa.gov 2026-08-09 ...
  jplOscar1day @ coastwatch.pfeg.noaa.gov 2026-08-09: 404 Client Error:  for url: https://coastwatch.pfeg.noaa.gov/erddap/griddap/jplOscar1day.nc?u%5B(2026-08-09T00:00:00Z)%5D%5B(0.0)%5D%5B(26.0):1:(30.5)%5D%5B(-81.97):1:(-76.14)%5D,v%5B(2026-08-09T00:00:00Z)%5D%5B(0.0)%5D%5B(26.0):1:(30.5)%5D%5B(-81.97):1:(-76.14)%5D
  Trying jplOscar1day @ upwell.pfeg.noaa.gov 2026-08-09 ...
  jplOscar1day @ upwell.pfeg.noaa.gov 2026-08-09: 404 Client Error:  for url: https://upwell.pfeg.noaa.gov/erddap/griddap/jplOscar1day.nc?u%5B(2026-08-09T00:00:00Z)%5D%5B(0.0)%5D%5B(26.0):1:(30.5)%5D%5B(-81.97):1:(-76.14)%5D,v%5B(2026-08-09T00:00:00Z)%5D%5B(0.0)%5D%5B(26.0):1:(30.5)%5D%5B(-81.97):1:(-76.14)%5D
  Trying erdQCkm1day @ coastwatch.pfeg.noaa.gov 2026-08-14 ...
  erdQCkm1day @ coastwatch.pfeg.noaa.gov 2026-08-14: 404 Client Error:  for url: https://coastwatch.pfeg.noaa.gov/erddap/griddap/erdQCkm1day.nc?u%5B(2026-08-14T00:00:00Z)%5D%5B(0.0)%5D%5B(26.0):1:(30.5)%5D%5B(-81.97):1:(-76.14)%5D,v%5B(2026-08-14T00:00:00Z)%5D%5B(0.0)%5D%5B(26.0):1:(30.5)%5D%5B(-81.97):1:(-76.14)%5D
  Trying erdQCkm1day @ upwell.pfeg.noaa.gov 2026-08-14 ...
  erdQCkm1day @ upwell.pfeg.noaa.gov 2026-08-14: 404 Client Error:  for url: https://upwell.pfeg.noaa.gov/erddap/griddap/erdQCkm1day.nc?u%5B(2026-08-14T00:00:00Z)%5D%5B(0.0)%5D%5B(26.0):1:(30.5)%5D%5B(-81.97):1:(-76.14)%5D,v%5B(2026-08-14T00:00:00Z)%5D%5B(0.0)%5D%5B(26.0):1:(30.5)%5D%5B(-81.97):1:(-76.14)%5D
  Trying erdQCkm1day @ coastwatch.pfeg.noaa.gov 2026-08-13 ...
  erdQCkm1day @ coastwatch.pfeg.noaa.gov 2026-08-13: 404 Client Error:  for url: https://coastwatch.pfeg.noaa.gov/erddap/griddap/erdQCkm1day.nc?u%5B(2026-08-13T00:00:00Z)%5D%5B(0.0)%5D%5B(26.0):1:(30.5)%5D%5B(-81.97):1:(-76.14)%5D,v%5B(2026-08-13T00:00:00Z)%5D%5B(0.0)%5D%5B(26.0):1:(30.5)%5D%5B(-81.97):1:(-76.14)%5D
  Trying erdQCkm1day @ upwell.pfeg.noaa.gov 2026-08-13 ...
  erdQCkm1day @ upwell.pfeg.noaa.gov 2026-08-13: 404 Client Error:  for url: https://upwell.pfeg.noaa.gov/erddap/griddap/erdQCkm1day.nc?u%5B(2026-08-13T00:00:00Z)%5D%5B(0.0)%5D%5B(26.0):1:(30.5)%5D%5B(-81.97):1:(-76.14)%5D,v%5B(2026-08-13T00:00:00Z)%5D%5B(0.0)%5D%5B(26.0):1:(30.5)%5D%5B(-81.97):1:(-76.14)%5D
  Trying erdQCkm1day @ coastwatch.pfeg.noaa.gov 2026-08-12 ...
  erdQCkm1day @ coastwatch.pfeg.noaa.gov 2026-08-12: 404 Client Error:  for url: https://coastwatch.pfeg.noaa.gov/erddap/griddap/erdQCkm1day.nc?u%5B(2026-08-12T00:00:00Z)%5D%5B(0.0)%5D%5B(26.0):1:(30.5)%5D%5B(-81.97):1:(-76.14)%5D,v%5B(2026-08-12T00:00:00Z)%5D%5B(0.0)%5D%5B(26.0):1:(30.5)%5D%5B(-81.97):1:(-76.14)%5D
  Trying erdQCkm1day @ upwell.pfeg.noaa.gov 2026-08-12 ...
  erdQCkm1day @ upwell.pfeg.noaa.gov 2026-08-12: 404 Client Error:  for url: https://upwell.pfeg.noaa.gov/erddap/griddap/erdQCkm1day.nc?u%5B(2026-08-12T00:00:00Z)%5D%5B(0.0)%5D%5B(26.0):1:(30.5)%5D%5B(-81.97):1:(-76.14)%5D,v%5B(2026-08-12T00:00:00Z)%5D%5B(0.0)%5D%5B(26.0):1:(30.5)%5D%5B(-81.97):1:(-76.14)%5D
  Trying erdQCkm1day @ coastwatch.pfeg.noaa.gov 2026-08-11 ...
  erdQCkm1day @ coastwatch.pfeg.noaa.gov 2026-08-11: 404 Client Error:  for url: https://coastwatch.pfeg.noaa.gov/erddap/griddap/erdQCkm1day.nc?u%5B(2026-08-11T00:00:00Z)%5D%5B(0.0)%5D%5B(26.0):1:(30.5)%5D%5B(-81.97):1:(-76.14)%5D,v%5B(2026-08-11T00:00:00Z)%5D%5B(0.0)%5D%5B(26.0):1:(30.5)%5D%5B(-81.97):1:(-76.14)%5D
  Trying erdQCkm1day @ upwell.pfeg.noaa.gov 2026-08-11 ...
  erdQCkm1day @ upwell.pfeg.noaa.gov 2026-08-11: 404 Client Error:  for url: https://upwell.pfeg.noaa.gov/erddap/griddap/erdQCkm1day.nc?u%5B(2026-08-11T00:00:00Z)%5D%5B(0.0)%5D%5B(26.0):1:(30.5)%5D%5B(-81.97):1:(-76.14)%5D,v%5B(2026-08-11T00:00:00Z)%5D%5B(0.0)%5D%5B(26.0):1:(30.5)%5D%5B(-81.97):1:(-76.14)%5D
  Trying erdQCkm1day @ coastwatch.pfeg.noaa.gov 2026-08-10 ...
  erdQCkm1day @ coastwatch.pfeg.noaa.gov 2026-08-10: 404 Client Error:  for url: https://coastwatch.pfeg.noaa.gov/erddap/griddap/erdQCkm1day.nc?u%5B(2026-08-10T00:00:00Z)%5D%5B(0.0)%5D%5B(26.0):1:(30.5)%5D%5B(-81.97):1:(-76.14)%5D,v%5B(2026-08-10T00:00:00Z)%5D%5B(0.0)%5D%5B(26.0):1:(30.5)%5D%5B(-81.97):1:(-76.14)%5D
  Trying erdQCkm1day @ upwell.pfeg.noaa.gov 2026-08-10 ...
  erdQCkm1day @ upwell.pfeg.noaa.gov 2026-08-10: 404 Client Error:  for url: https://upwell.pfeg.noaa.gov/erddap/griddap/erdQCkm1day.nc?u%5B(2026-08-10T00:00:00Z)%5D%5B(0.0)%5D%5B(26.0):1:(30.5)%5D%5B(-81.97):1:(-76.14)%5D,v%5B(2026-08-10T00:00:00Z)%5D%5B(0.0)%5D%5B(26.0):1:(30.5)%5D%5B(-81.97):1:(-76.14)%5D
  Trying erdQCkm1day @ coastwatch.pfeg.noaa.gov 2026-08-09 ...
  erdQCkm1day @ coastwatch.pfeg.noaa.gov 2026-08-09: 404 Client Error:  for url: https://coastwatch.pfeg.noaa.gov/erddap/griddap/erdQCkm1day.nc?u%5B(2026-08-09T00:00:00Z)%5D%5B(0.0)%5D%5B(26.0):1:(30.5)%5D%5B(-81.97):1:(-76.14)%5D,v%5B(2026-08-09T00:00:00Z)%5D%5B(0.0)%5D%5B(26.0):1:(30.5)%5D%5B(-81.97):1:(-76.14)%5D
  Trying erdQCkm1day @ upwell.pfeg.noaa.gov 2026-08-09 ...
  erdQCkm1day @ upwell.pfeg.noaa.gov 2026-08-09: 404 Client Error:  for url: https://upwell.pfeg.noaa.gov/erddap/griddap/erdQCkm1day.nc?u%5B(2026-08-09T00:00:00Z)%5D%5B(0.0)%5D%5B(26.0):1:(30.5)%5D%5B(-81.97):1:(-76.14)%5D,v%5B(2026-08-09T00:00:00Z)%5D%5B(0.0)%5D%5B(26.0):1:(30.5)%5D%5B(-81.97):1:(-76.14)%5D
  OSCAR: all attempts failed

[CMEMS] Currents  (2026-08-14)  0.083 deg, daily
INFO - 2026-08-15T15:32:55Z - Selected dataset version: "202406"
INFO - 2026-08-15T15:32:55Z - Selected dataset part: "default"
WARNING - 2026-08-15T15:32:55Z - Some of your subset selection [0.0, 1.0] for the depth dimension exceed the dataset coordinates [0.49402499198913574, 5727.9169921875]
INFO - 2026-08-15T15:32:59Z - Total size of the download: 43.41 KB.
  CMEMS currents: 2,945 pts  0.001–1.920 m/s

[CMEMS] Altimetry  (2026-08-14)  0.125 deg, daily
INFO - 2026-08-15T15:33:01Z - Selected dataset version: "202506"
INFO - 2026-08-15T15:33:01Z - Selected dataset part: "default"
INFO - 2026-08-15T15:33:05Z - Total size of the download: 39.76 KB.
  Altimetry: 1,338 pts  SLA -0.049–0.457 m
  Geostrophic currents: 1,338 pts  0.011–2.040 m/s

============================================================
  Exporting ...
    Currents JSON → DailySST/Currents/ne_fl/currents_20260814.json  (301 KB)
    Currents CSV  → DailySST/Currents/ne_fl/currents_20260814.csv  (2,945 rows, 180 KB)
    Altimetry CSV  → DailySST/Altimetry/ne_fl/altimetry_20260814.csv  (1,338 rows, 77 KB)
    Altimetry grid → DailySST/Altimetry/ne_fl/altimetry_20260814_grid.json  (22 KB)

============================================================
  Currents  (CMEMS): 2,945 pts  speed 0.001–1.920 m/s  p98=1.759 m/s
  Altimetry (CMEMS_ALT): 1,338 pts  SSH -0.060–1.129 m
============================================================

  Files → /home/runner/work/SSTv2/SSTv2/DailySST/Currents/ne_fl
         → /home/runner/work/SSTv2/SSTv2/DailySST/Altimetry/ne_fl
