============================================================
  Ocean Dynamics Fetcher — Currents + Altimetry
  Date      : 2026-09-03
  BBOX      : {'lat_min': 26.0, 'lat_max': 30.5, 'lon_min': -81.97, 'lon_max': -76.14}
  Output    : /home/runner/work/SSTv2/SSTv2/DailySST
============================================================

[1/3] HYCOM currents + SSH  (target: 2026-09-03)  ~1/12 deg
  HYCOM catalog found dataset: FMRC_ESPC-D-V02_uv3z
  Trying https://tds.hycom.org/thredds/ncss/FMRC_ESPC-D-V02_uv3z/runs/FMRC_ESPC-D-V02_uv3...
  HYCOM 2026-09-03 12Z failed: 404 Client Error: 404 for url: https://tds.hycom.org/thredds/ncss/FMRC_ESPC-D-V02_uv3z/runs/FMRC_ESPC-D-V02_uv3z_RUN_2026-09-03T12:00:00Z?var=water_u&var=water_v&var=surf_el&north=30.5&south=26.0&west=-81.97&east=-76.14&horizStride=1&vertCoord=0&disableLLSubset=on&disableProjSubset=on&time_start=2026-09-03T12:00:00Z&time_end=2026-09-03T12:00:00Z&accept=netcdf
  Trying https://tds.hycom.org/thredds/ncss/FMRC_ESPC-D-V02_uv3z/FMRC_ESPC-D-V02_uv3z_bes...
  HYCOM 2026-09-03 12Z failed: 400 Client Error: 400 for url: https://tds.hycom.org/thredds/ncss/FMRC_ESPC-D-V02_uv3z/FMRC_ESPC-D-V02_uv3z_best.ncd?var=water_u&var=water_v&var=surf_el&north=30.5&south=26.0&west=-81.97&east=-76.14&horizStride=1&vertCoord=0&disableLLSubset=on&disableProjSubset=on&time_start=2026-09-03T12:00:00Z&time_end=2026-09-03T12:00:00Z&accept=netcdf
  Trying https://tds.hycom.org/thredds/ncss/FMRC_ESPC-D-V02_uv3z/runs/FMRC_ESPC-D-V02_uv3...
  HYCOM 2026-09-03 00Z failed: 404 Client Error: 404 for url: https://tds.hycom.org/thredds/ncss/FMRC_ESPC-D-V02_uv3z/runs/FMRC_ESPC-D-V02_uv3z_RUN_2026-09-03T00:00:00Z?var=water_u&var=water_v&var=surf_el&north=30.5&south=26.0&west=-81.97&east=-76.14&horizStride=1&vertCoord=0&disableLLSubset=on&disableProjSubset=on&time_start=2026-09-03T00:00:00Z&time_end=2026-09-03T00:00:00Z&accept=netcdf
  Trying https://tds.hycom.org/thredds/ncss/FMRC_ESPC-D-V02_uv3z/FMRC_ESPC-D-V02_uv3z_bes...
  HYCOM 2026-09-03 00Z failed: 400 Client Error: 400 for url: https://tds.hycom.org/thredds/ncss/FMRC_ESPC-D-V02_uv3z/FMRC_ESPC-D-V02_uv3z_best.ncd?var=water_u&var=water_v&var=surf_el&north=30.5&south=26.0&west=-81.97&east=-76.14&horizStride=1&vertCoord=0&disableLLSubset=on&disableProjSubset=on&time_start=2026-09-03T00:00:00Z&time_end=2026-09-03T00:00:00Z&accept=netcdf
  Trying https://tds.hycom.org/thredds/ncss/FMRC_ESPC-D-V02_uv3z/runs/FMRC_ESPC-D-V02_uv3...
  HYCOM 2026-09-02 12Z failed: 400 Client Error: 400 for url: https://tds.hycom.org/thredds/ncss/FMRC_ESPC-D-V02_uv3z/runs/FMRC_ESPC-D-V02_uv3z_RUN_2026-09-02T12:00:00Z?var=water_u&var=water_v&var=surf_el&north=30.5&south=26.0&west=-81.97&east=-76.14&horizStride=1&vertCoord=0&disableLLSubset=on&disableProjSubset=on&time_start=2026-09-02T12:00:00Z&time_end=2026-09-02T12:00:00Z&accept=netcdf
  Trying https://tds.hycom.org/thredds/ncss/FMRC_ESPC-D-V02_uv3z/FMRC_ESPC-D-V02_uv3z_bes...
  HYCOM 2026-09-02 12Z failed: 400 Client Error: 400 for url: https://tds.hycom.org/thredds/ncss/FMRC_ESPC-D-V02_uv3z/FMRC_ESPC-D-V02_uv3z_best.ncd?var=water_u&var=water_v&var=surf_el&north=30.5&south=26.0&west=-81.97&east=-76.14&horizStride=1&vertCoord=0&disableLLSubset=on&disableProjSubset=on&time_start=2026-09-02T12:00:00Z&time_end=2026-09-02T12:00:00Z&accept=netcdf
  Trying https://tds.hycom.org/thredds/ncss/FMRC_ESPC-D-V02_uv3z/runs/FMRC_ESPC-D-V02_uv3...
  HYCOM 2026-09-02 00Z failed: 404 Client Error: 404 for url: https://tds.hycom.org/thredds/ncss/FMRC_ESPC-D-V02_uv3z/runs/FMRC_ESPC-D-V02_uv3z_RUN_2026-09-02T00:00:00Z?var=water_u&var=water_v&var=surf_el&north=30.5&south=26.0&west=-81.97&east=-76.14&horizStride=1&vertCoord=0&disableLLSubset=on&disableProjSubset=on&time_start=2026-09-02T00:00:00Z&time_end=2026-09-02T00:00:00Z&accept=netcdf
  Trying https://tds.hycom.org/thredds/ncss/FMRC_ESPC-D-V02_uv3z/FMRC_ESPC-D-V02_uv3z_bes...
  HYCOM 2026-09-02 00Z failed: 400 Client Error: 400 for url: https://tds.hycom.org/thredds/ncss/FMRC_ESPC-D-V02_uv3z/FMRC_ESPC-D-V02_uv3z_best.ncd?var=water_u&var=water_v&var=surf_el&north=30.5&south=26.0&west=-81.97&east=-76.14&horizStride=1&vertCoord=0&disableLLSubset=on&disableProjSubset=on&time_start=2026-09-02T00:00:00Z&time_end=2026-09-02T00:00:00Z&accept=netcdf
  Trying https://tds.hycom.org/thredds/ncss/FMRC_ESPC-D-V02_uv3z/runs/FMRC_ESPC-D-V02_uv3...
  HYCOM 2026-09-01 12Z failed: 400 Client Error: 400 for url: https://tds.hycom.org/thredds/ncss/FMRC_ESPC-D-V02_uv3z/runs/FMRC_ESPC-D-V02_uv3z_RUN_2026-09-01T12:00:00Z?var=water_u&var=water_v&var=surf_el&north=30.5&south=26.0&west=-81.97&east=-76.14&horizStride=1&vertCoord=0&disableLLSubset=on&disableProjSubset=on&time_start=2026-09-01T12:00:00Z&time_end=2026-09-01T12:00:00Z&accept=netcdf
  Trying https://tds.hycom.org/thredds/ncss/FMRC_ESPC-D-V02_uv3z/FMRC_ESPC-D-V02_uv3z_bes...
  HYCOM 2026-09-01 12Z failed: 400 Client Error: 400 for url: https://tds.hycom.org/thredds/ncss/FMRC_ESPC-D-V02_uv3z/FMRC_ESPC-D-V02_uv3z_best.ncd?var=water_u&var=water_v&var=surf_el&north=30.5&south=26.0&west=-81.97&east=-76.14&horizStride=1&vertCoord=0&disableLLSubset=on&disableProjSubset=on&time_start=2026-09-01T12:00:00Z&time_end=2026-09-01T12:00:00Z&accept=netcdf
  Trying https://tds.hycom.org/thredds/ncss/FMRC_ESPC-D-V02_uv3z/runs/FMRC_ESPC-D-V02_uv3...
  HYCOM 2026-09-01 00Z failed: 404 Client Error: 404 for url: https://tds.hycom.org/thredds/ncss/FMRC_ESPC-D-V02_uv3z/runs/FMRC_ESPC-D-V02_uv3z_RUN_2026-09-01T00:00:00Z?var=water_u&var=water_v&var=surf_el&north=30.5&south=26.0&west=-81.97&east=-76.14&horizStride=1&vertCoord=0&disableLLSubset=on&disableProjSubset=on&time_start=2026-09-01T00:00:00Z&time_end=2026-09-01T00:00:00Z&accept=netcdf
  Trying https://tds.hycom.org/thredds/ncss/FMRC_ESPC-D-V02_uv3z/FMRC_ESPC-D-V02_uv3z_bes...
  HYCOM 2026-09-01 00Z failed: 400 Client Error: 400 for url: https://tds.hycom.org/thredds/ncss/FMRC_ESPC-D-V02_uv3z/FMRC_ESPC-D-V02_uv3z_best.ncd?var=water_u&var=water_v&var=surf_el&north=30.5&south=26.0&west=-81.97&east=-76.14&horizStride=1&vertCoord=0&disableLLSubset=on&disableProjSubset=on&time_start=2026-09-01T00:00:00Z&time_end=2026-09-01T00:00:00Z&accept=netcdf
  Trying https://tds.hycom.org/thredds/ncss/FMRC_ESPC-D-V02_uv3z/runs/FMRC_ESPC-D-V02_uv3...
  HYCOM 2026-08-31 12Z failed: 400 Client Error: 400 for url: https://tds.hycom.org/thredds/ncss/FMRC_ESPC-D-V02_uv3z/runs/FMRC_ESPC-D-V02_uv3z_RUN_2026-08-31T12:00:00Z?var=water_u&var=water_v&var=surf_el&north=30.5&south=26.0&west=-81.97&east=-76.14&horizStride=1&vertCoord=0&disableLLSubset=on&disableProjSubset=on&time_start=2026-08-31T12:00:00Z&time_end=2026-08-31T12:00:00Z&accept=netcdf
  Trying https://tds.hycom.org/thredds/ncss/FMRC_ESPC-D-V02_uv3z/FMRC_ESPC-D-V02_uv3z_bes...
  HYCOM 2026-08-31 12Z failed: 400 Client Error: 400 for url: https://tds.hycom.org/thredds/ncss/FMRC_ESPC-D-V02_uv3z/FMRC_ESPC-D-V02_uv3z_best.ncd?var=water_u&var=water_v&var=surf_el&north=30.5&south=26.0&west=-81.97&east=-76.14&horizStride=1&vertCoord=0&disableLLSubset=on&disableProjSubset=on&time_start=2026-08-31T12:00:00Z&time_end=2026-08-31T12:00:00Z&accept=netcdf
  Trying https://tds.hycom.org/thredds/ncss/FMRC_ESPC-D-V02_uv3z/runs/FMRC_ESPC-D-V02_uv3...
  HYCOM 2026-08-31 00Z failed: 404 Client Error: 404 for url: https://tds.hycom.org/thredds/ncss/FMRC_ESPC-D-V02_uv3z/runs/FMRC_ESPC-D-V02_uv3z_RUN_2026-08-31T00:00:00Z?var=water_u&var=water_v&var=surf_el&north=30.5&south=26.0&west=-81.97&east=-76.14&horizStride=1&vertCoord=0&disableLLSubset=on&disableProjSubset=on&time_start=2026-08-31T00:00:00Z&time_end=2026-08-31T00:00:00Z&accept=netcdf
  Trying https://tds.hycom.org/thredds/ncss/FMRC_ESPC-D-V02_uv3z/FMRC_ESPC-D-V02_uv3z_bes...
  HYCOM 2026-08-31 00Z failed: 400 Client Error: 400 for url: https://tds.hycom.org/thredds/ncss/FMRC_ESPC-D-V02_uv3z/FMRC_ESPC-D-V02_uv3z_best.ncd?var=water_u&var=water_v&var=surf_el&north=30.5&south=26.0&west=-81.97&east=-76.14&horizStride=1&vertCoord=0&disableLLSubset=on&disableProjSubset=on&time_start=2026-08-31T00:00:00Z&time_end=2026-08-31T00:00:00Z&accept=netcdf
  HYCOM: all attempts failed

[2/3] OSCAR currents  (target: 2026-09-03)  1/3 deg, 5-day composite
  Trying OSCAR_L4_OC_NRT_V2.1 @ coastwatch.pfeg.noaa.gov 2026-09-03 ...
  OSCAR_L4_OC_NRT_V2.1 @ coastwatch.pfeg.noaa.gov 2026-09-03: 404 Client Error:  for url: https://coastwatch.pfeg.noaa.gov/erddap/griddap/OSCAR_L4_OC_NRT_V2.1.nc?u%5B(2026-09-03T00:00:00Z)%5D%5B(0.0)%5D%5B(26.0):1:(30.5)%5D%5B(-81.97):1:(-76.14)%5D,v%5B(2026-09-03T00:00:00Z)%5D%5B(0.0)%5D%5B(26.0):1:(30.5)%5D%5B(-81.97):1:(-76.14)%5D
  Trying OSCAR_L4_OC_NRT_V2.1 @ upwell.pfeg.noaa.gov 2026-09-03 ...
  OSCAR_L4_OC_NRT_V2.1 @ upwell.pfeg.noaa.gov 2026-09-03: 404 Client Error:  for url: https://upwell.pfeg.noaa.gov/erddap/griddap/OSCAR_L4_OC_NRT_V2.1.nc?u%5B(2026-09-03T00:00:00Z)%5D%5B(0.0)%5D%5B(26.0):1:(30.5)%5D%5B(-81.97):1:(-76.14)%5D,v%5B(2026-09-03T00:00:00Z)%5D%5B(0.0)%5D%5B(26.0):1:(30.5)%5D%5B(-81.97):1:(-76.14)%5D
  Trying OSCAR_L4_OC_NRT_V2.1 @ coastwatch.pfeg.noaa.gov 2026-09-02 ...
  OSCAR_L4_OC_NRT_V2.1 @ coastwatch.pfeg.noaa.gov 2026-09-02: 404 Client Error:  for url: https://coastwatch.pfeg.noaa.gov/erddap/griddap/OSCAR_L4_OC_NRT_V2.1.nc?u%5B(2026-09-02T00:00:00Z)%5D%5B(0.0)%5D%5B(26.0):1:(30.5)%5D%5B(-81.97):1:(-76.14)%5D,v%5B(2026-09-02T00:00:00Z)%5D%5B(0.0)%5D%5B(26.0):1:(30.5)%5D%5B(-81.97):1:(-76.14)%5D
  Trying OSCAR_L4_OC_NRT_V2.1 @ upwell.pfeg.noaa.gov 2026-09-02 ...
  OSCAR_L4_OC_NRT_V2.1 @ upwell.pfeg.noaa.gov 2026-09-02: 404 Client Error:  for url: https://upwell.pfeg.noaa.gov/erddap/griddap/OSCAR_L4_OC_NRT_V2.1.nc?u%5B(2026-09-02T00:00:00Z)%5D%5B(0.0)%5D%5B(26.0):1:(30.5)%5D%5B(-81.97):1:(-76.14)%5D,v%5B(2026-09-02T00:00:00Z)%5D%5B(0.0)%5D%5B(26.0):1:(30.5)%5D%5B(-81.97):1:(-76.14)%5D
  Trying OSCAR_L4_OC_NRT_V2.1 @ coastwatch.pfeg.noaa.gov 2026-09-01 ...
  OSCAR_L4_OC_NRT_V2.1 @ coastwatch.pfeg.noaa.gov 2026-09-01: 404 Client Error:  for url: https://coastwatch.pfeg.noaa.gov/erddap/griddap/OSCAR_L4_OC_NRT_V2.1.nc?u%5B(2026-09-01T00:00:00Z)%5D%5B(0.0)%5D%5B(26.0):1:(30.5)%5D%5B(-81.97):1:(-76.14)%5D,v%5B(2026-09-01T00:00:00Z)%5D%5B(0.0)%5D%5B(26.0):1:(30.5)%5D%5B(-81.97):1:(-76.14)%5D
  Trying OSCAR_L4_OC_NRT_V2.1 @ upwell.pfeg.noaa.gov 2026-09-01 ...
  OSCAR_L4_OC_NRT_V2.1 @ upwell.pfeg.noaa.gov 2026-09-01: 404 Client Error:  for url: https://upwell.pfeg.noaa.gov/erddap/griddap/OSCAR_L4_OC_NRT_V2.1.nc?u%5B(2026-09-01T00:00:00Z)%5D%5B(0.0)%5D%5B(26.0):1:(30.5)%5D%5B(-81.97):1:(-76.14)%5D,v%5B(2026-09-01T00:00:00Z)%5D%5B(0.0)%5D%5B(26.0):1:(30.5)%5D%5B(-81.97):1:(-76.14)%5D
  Trying OSCAR_L4_OC_NRT_V2.1 @ coastwatch.pfeg.noaa.gov 2026-08-31 ...
  OSCAR_L4_OC_NRT_V2.1 @ coastwatch.pfeg.noaa.gov 2026-08-31: 404 Client Error:  for url: https://coastwatch.pfeg.noaa.gov/erddap/griddap/OSCAR_L4_OC_NRT_V2.1.nc?u%5B(2026-08-31T00:00:00Z)%5D%5B(0.0)%5D%5B(26.0):1:(30.5)%5D%5B(-81.97):1:(-76.14)%5D,v%5B(2026-08-31T00:00:00Z)%5D%5B(0.0)%5D%5B(26.0):1:(30.5)%5D%5B(-81.97):1:(-76.14)%5D
  Trying OSCAR_L4_OC_NRT_V2.1 @ upwell.pfeg.noaa.gov 2026-08-31 ...
  OSCAR_L4_OC_NRT_V2.1 @ upwell.pfeg.noaa.gov 2026-08-31: 404 Client Error:  for url: https://upwell.pfeg.noaa.gov/erddap/griddap/OSCAR_L4_OC_NRT_V2.1.nc?u%5B(2026-08-31T00:00:00Z)%5D%5B(0.0)%5D%5B(26.0):1:(30.5)%5D%5B(-81.97):1:(-76.14)%5D,v%5B(2026-08-31T00:00:00Z)%5D%5B(0.0)%5D%5B(26.0):1:(30.5)%5D%5B(-81.97):1:(-76.14)%5D
  Trying OSCAR_L4_OC_NRT_V2.1 @ coastwatch.pfeg.noaa.gov 2026-08-30 ...
  OSCAR_L4_OC_NRT_V2.1 @ coastwatch.pfeg.noaa.gov 2026-08-30: 404 Client Error:  for url: https://coastwatch.pfeg.noaa.gov/erddap/griddap/OSCAR_L4_OC_NRT_V2.1.nc?u%5B(2026-08-30T00:00:00Z)%5D%5B(0.0)%5D%5B(26.0):1:(30.5)%5D%5B(-81.97):1:(-76.14)%5D,v%5B(2026-08-30T00:00:00Z)%5D%5B(0.0)%5D%5B(26.0):1:(30.5)%5D%5B(-81.97):1:(-76.14)%5D
  Trying OSCAR_L4_OC_NRT_V2.1 @ upwell.pfeg.noaa.gov 2026-08-30 ...
  OSCAR_L4_OC_NRT_V2.1 @ upwell.pfeg.noaa.gov 2026-08-30: 404 Client Error:  for url: https://upwell.pfeg.noaa.gov/erddap/griddap/OSCAR_L4_OC_NRT_V2.1.nc?u%5B(2026-08-30T00:00:00Z)%5D%5B(0.0)%5D%5B(26.0):1:(30.5)%5D%5B(-81.97):1:(-76.14)%5D,v%5B(2026-08-30T00:00:00Z)%5D%5B(0.0)%5D%5B(26.0):1:(30.5)%5D%5B(-81.97):1:(-76.14)%5D
  Trying OSCAR_L4_OC_NRT_V2.1 @ coastwatch.pfeg.noaa.gov 2026-08-29 ...
  OSCAR_L4_OC_NRT_V2.1 @ coastwatch.pfeg.noaa.gov 2026-08-29: 404 Client Error:  for url: https://coastwatch.pfeg.noaa.gov/erddap/griddap/OSCAR_L4_OC_NRT_V2.1.nc?u%5B(2026-08-29T00:00:00Z)%5D%5B(0.0)%5D%5B(26.0):1:(30.5)%5D%5B(-81.97):1:(-76.14)%5D,v%5B(2026-08-29T00:00:00Z)%5D%5B(0.0)%5D%5B(26.0):1:(30.5)%5D%5B(-81.97):1:(-76.14)%5D
  Trying OSCAR_L4_OC_NRT_V2.1 @ upwell.pfeg.noaa.gov 2026-08-29 ...
  OSCAR_L4_OC_NRT_V2.1 @ upwell.pfeg.noaa.gov 2026-08-29: 404 Client Error:  for url: https://upwell.pfeg.noaa.gov/erddap/griddap/OSCAR_L4_OC_NRT_V2.1.nc?u%5B(2026-08-29T00:00:00Z)%5D%5B(0.0)%5D%5B(26.0):1:(30.5)%5D%5B(-81.97):1:(-76.14)%5D,v%5B(2026-08-29T00:00:00Z)%5D%5B(0.0)%5D%5B(26.0):1:(30.5)%5D%5B(-81.97):1:(-76.14)%5D
  Trying OSCAR_L4_OC_NRT_V2.0 @ coastwatch.pfeg.noaa.gov 2026-09-03 ...
  OSCAR_L4_OC_NRT_V2.0 @ coastwatch.pfeg.noaa.gov 2026-09-03: 404 Client Error:  for url: https://coastwatch.pfeg.noaa.gov/erddap/griddap/OSCAR_L4_OC_NRT_V2.0.nc?u%5B(2026-09-03T00:00:00Z)%5D%5B(0.0)%5D%5B(26.0):1:(30.5)%5D%5B(-81.97):1:(-76.14)%5D,v%5B(2026-09-03T00:00:00Z)%5D%5B(0.0)%5D%5B(26.0):1:(30.5)%5D%5B(-81.97):1:(-76.14)%5D
  Trying OSCAR_L4_OC_NRT_V2.0 @ upwell.pfeg.noaa.gov 2026-09-03 ...
  OSCAR_L4_OC_NRT_V2.0 @ upwell.pfeg.noaa.gov 2026-09-03: 404 Client Error:  for url: https://upwell.pfeg.noaa.gov/erddap/griddap/OSCAR_L4_OC_NRT_V2.0.nc?u%5B(2026-09-03T00:00:00Z)%5D%5B(0.0)%5D%5B(26.0):1:(30.5)%5D%5B(-81.97):1:(-76.14)%5D,v%5B(2026-09-03T00:00:00Z)%5D%5B(0.0)%5D%5B(26.0):1:(30.5)%5D%5B(-81.97):1:(-76.14)%5D
  Trying OSCAR_L4_OC_NRT_V2.0 @ coastwatch.pfeg.noaa.gov 2026-09-02 ...
  OSCAR_L4_OC_NRT_V2.0 @ coastwatch.pfeg.noaa.gov 2026-09-02: 404 Client Error:  for url: https://coastwatch.pfeg.noaa.gov/erddap/griddap/OSCAR_L4_OC_NRT_V2.0.nc?u%5B(2026-09-02T00:00:00Z)%5D%5B(0.0)%5D%5B(26.0):1:(30.5)%5D%5B(-81.97):1:(-76.14)%5D,v%5B(2026-09-02T00:00:00Z)%5D%5B(0.0)%5D%5B(26.0):1:(30.5)%5D%5B(-81.97):1:(-76.14)%5D
  Trying OSCAR_L4_OC_NRT_V2.0 @ upwell.pfeg.noaa.gov 2026-09-02 ...
  OSCAR_L4_OC_NRT_V2.0 @ upwell.pfeg.noaa.gov 2026-09-02: 404 Client Error:  for url: https://upwell.pfeg.noaa.gov/erddap/griddap/OSCAR_L4_OC_NRT_V2.0.nc?u%5B(2026-09-02T00:00:00Z)%5D%5B(0.0)%5D%5B(26.0):1:(30.5)%5D%5B(-81.97):1:(-76.14)%5D,v%5B(2026-09-02T00:00:00Z)%5D%5B(0.0)%5D%5B(26.0):1:(30.5)%5D%5B(-81.97):1:(-76.14)%5D
  Trying OSCAR_L4_OC_NRT_V2.0 @ coastwatch.pfeg.noaa.gov 2026-09-01 ...
  OSCAR_L4_OC_NRT_V2.0 @ coastwatch.pfeg.noaa.gov 2026-09-01: 404 Client Error:  for url: https://coastwatch.pfeg.noaa.gov/erddap/griddap/OSCAR_L4_OC_NRT_V2.0.nc?u%5B(2026-09-01T00:00:00Z)%5D%5B(0.0)%5D%5B(26.0):1:(30.5)%5D%5B(-81.97):1:(-76.14)%5D,v%5B(2026-09-01T00:00:00Z)%5D%5B(0.0)%5D%5B(26.0):1:(30.5)%5D%5B(-81.97):1:(-76.14)%5D
  Trying OSCAR_L4_OC_NRT_V2.0 @ upwell.pfeg.noaa.gov 2026-09-01 ...
  OSCAR_L4_OC_NRT_V2.0 @ upwell.pfeg.noaa.gov 2026-09-01: 404 Client Error:  for url: https://upwell.pfeg.noaa.gov/erddap/griddap/OSCAR_L4_OC_NRT_V2.0.nc?u%5B(2026-09-01T00:00:00Z)%5D%5B(0.0)%5D%5B(26.0):1:(30.5)%5D%5B(-81.97):1:(-76.14)%5D,v%5B(2026-09-01T00:00:00Z)%5D%5B(0.0)%5D%5B(26.0):1:(30.5)%5D%5B(-81.97):1:(-76.14)%5D
  Trying OSCAR_L4_OC_NRT_V2.0 @ coastwatch.pfeg.noaa.gov 2026-08-31 ...
  OSCAR_L4_OC_NRT_V2.0 @ coastwatch.pfeg.noaa.gov 2026-08-31: 404 Client Error:  for url: https://coastwatch.pfeg.noaa.gov/erddap/griddap/OSCAR_L4_OC_NRT_V2.0.nc?u%5B(2026-08-31T00:00:00Z)%5D%5B(0.0)%5D%5B(26.0):1:(30.5)%5D%5B(-81.97):1:(-76.14)%5D,v%5B(2026-08-31T00:00:00Z)%5D%5B(0.0)%5D%5B(26.0):1:(30.5)%5D%5B(-81.97):1:(-76.14)%5D
  Trying OSCAR_L4_OC_NRT_V2.0 @ upwell.pfeg.noaa.gov 2026-08-31 ...
  OSCAR_L4_OC_NRT_V2.0 @ upwell.pfeg.noaa.gov 2026-08-31: 404 Client Error:  for url: https://upwell.pfeg.noaa.gov/erddap/griddap/OSCAR_L4_OC_NRT_V2.0.nc?u%5B(2026-08-31T00:00:00Z)%5D%5B(0.0)%5D%5B(26.0):1:(30.5)%5D%5B(-81.97):1:(-76.14)%5D,v%5B(2026-08-31T00:00:00Z)%5D%5B(0.0)%5D%5B(26.0):1:(30.5)%5D%5B(-81.97):1:(-76.14)%5D
  Trying OSCAR_L4_OC_NRT_V2.0 @ coastwatch.pfeg.noaa.gov 2026-08-30 ...
  OSCAR_L4_OC_NRT_V2.0 @ coastwatch.pfeg.noaa.gov 2026-08-30: 404 Client Error:  for url: https://coastwatch.pfeg.noaa.gov/erddap/griddap/OSCAR_L4_OC_NRT_V2.0.nc?u%5B(2026-08-30T00:00:00Z)%5D%5B(0.0)%5D%5B(26.0):1:(30.5)%5D%5B(-81.97):1:(-76.14)%5D,v%5B(2026-08-30T00:00:00Z)%5D%5B(0.0)%5D%5B(26.0):1:(30.5)%5D%5B(-81.97):1:(-76.14)%5D
  Trying OSCAR_L4_OC_NRT_V2.0 @ upwell.pfeg.noaa.gov 2026-08-30 ...
  OSCAR_L4_OC_NRT_V2.0 @ upwell.pfeg.noaa.gov 2026-08-30: 404 Client Error:  for url: https://upwell.pfeg.noaa.gov/erddap/griddap/OSCAR_L4_OC_NRT_V2.0.nc?u%5B(2026-08-30T00:00:00Z)%5D%5B(0.0)%5D%5B(26.0):1:(30.5)%5D%5B(-81.97):1:(-76.14)%5D,v%5B(2026-08-30T00:00:00Z)%5D%5B(0.0)%5D%5B(26.0):1:(30.5)%5D%5B(-81.97):1:(-76.14)%5D
  Trying OSCAR_L4_OC_NRT_V2.0 @ coastwatch.pfeg.noaa.gov 2026-08-29 ...
  OSCAR_L4_OC_NRT_V2.0 @ coastwatch.pfeg.noaa.gov 2026-08-29: 404 Client Error:  for url: https://coastwatch.pfeg.noaa.gov/erddap/griddap/OSCAR_L4_OC_NRT_V2.0.nc?u%5B(2026-08-29T00:00:00Z)%5D%5B(0.0)%5D%5B(26.0):1:(30.5)%5D%5B(-81.97):1:(-76.14)%5D,v%5B(2026-08-29T00:00:00Z)%5D%5B(0.0)%5D%5B(26.0):1:(30.5)%5D%5B(-81.97):1:(-76.14)%5D
  Trying OSCAR_L4_OC_NRT_V2.0 @ upwell.pfeg.noaa.gov 2026-08-29 ...
  OSCAR_L4_OC_NRT_V2.0 @ upwell.pfeg.noaa.gov 2026-08-29: 404 Client Error:  for url: https://upwell.pfeg.noaa.gov/erddap/griddap/OSCAR_L4_OC_NRT_V2.0.nc?u%5B(2026-08-29T00:00:00Z)%5D%5B(0.0)%5D%5B(26.0):1:(30.5)%5D%5B(-81.97):1:(-76.14)%5D,v%5B(2026-08-29T00:00:00Z)%5D%5B(0.0)%5D%5B(26.0):1:(30.5)%5D%5B(-81.97):1:(-76.14)%5D
  Trying jplOscarV2NRT5day @ coastwatch.pfeg.noaa.gov 2026-09-03 ...
  jplOscarV2NRT5day @ coastwatch.pfeg.noaa.gov 2026-09-03: 404 Client Error:  for url: https://coastwatch.pfeg.noaa.gov/erddap/griddap/jplOscarV2NRT5day.nc?u%5B(2026-09-03T00:00:00Z)%5D%5B(0.0)%5D%5B(26.0):1:(30.5)%5D%5B(-81.97):1:(-76.14)%5D,v%5B(2026-09-03T00:00:00Z)%5D%5B(0.0)%5D%5B(26.0):1:(30.5)%5D%5B(-81.97):1:(-76.14)%5D
  Trying jplOscarV2NRT5day @ upwell.pfeg.noaa.gov 2026-09-03 ...
  jplOscarV2NRT5day @ upwell.pfeg.noaa.gov 2026-09-03: 404 Client Error:  for url: https://upwell.pfeg.noaa.gov/erddap/griddap/jplOscarV2NRT5day.nc?u%5B(2026-09-03T00:00:00Z)%5D%5B(0.0)%5D%5B(26.0):1:(30.5)%5D%5B(-81.97):1:(-76.14)%5D,v%5B(2026-09-03T00:00:00Z)%5D%5B(0.0)%5D%5B(26.0):1:(30.5)%5D%5B(-81.97):1:(-76.14)%5D
  Trying jplOscarV2NRT5day @ coastwatch.pfeg.noaa.gov 2026-09-02 ...
  jplOscarV2NRT5day @ coastwatch.pfeg.noaa.gov 2026-09-02: 404 Client Error:  for url: https://coastwatch.pfeg.noaa.gov/erddap/griddap/jplOscarV2NRT5day.nc?u%5B(2026-09-02T00:00:00Z)%5D%5B(0.0)%5D%5B(26.0):1:(30.5)%5D%5B(-81.97):1:(-76.14)%5D,v%5B(2026-09-02T00:00:00Z)%5D%5B(0.0)%5D%5B(26.0):1:(30.5)%5D%5B(-81.97):1:(-76.14)%5D
  Trying jplOscarV2NRT5day @ upwell.pfeg.noaa.gov 2026-09-02 ...
  jplOscarV2NRT5day @ upwell.pfeg.noaa.gov 2026-09-02: 404 Client Error:  for url: https://upwell.pfeg.noaa.gov/erddap/griddap/jplOscarV2NRT5day.nc?u%5B(2026-09-02T00:00:00Z)%5D%5B(0.0)%5D%5B(26.0):1:(30.5)%5D%5B(-81.97):1:(-76.14)%5D,v%5B(2026-09-02T00:00:00Z)%5D%5B(0.0)%5D%5B(26.0):1:(30.5)%5D%5B(-81.97):1:(-76.14)%5D
  Trying jplOscarV2NRT5day @ coastwatch.pfeg.noaa.gov 2026-09-01 ...
  jplOscarV2NRT5day @ coastwatch.pfeg.noaa.gov 2026-09-01: 404 Client Error:  for url: https://coastwatch.pfeg.noaa.gov/erddap/griddap/jplOscarV2NRT5day.nc?u%5B(2026-09-01T00:00:00Z)%5D%5B(0.0)%5D%5B(26.0):1:(30.5)%5D%5B(-81.97):1:(-76.14)%5D,v%5B(2026-09-01T00:00:00Z)%5D%5B(0.0)%5D%5B(26.0):1:(30.5)%5D%5B(-81.97):1:(-76.14)%5D
  Trying jplOscarV2NRT5day @ upwell.pfeg.noaa.gov 2026-09-01 ...
  jplOscarV2NRT5day @ upwell.pfeg.noaa.gov 2026-09-01: 404 Client Error:  for url: https://upwell.pfeg.noaa.gov/erddap/griddap/jplOscarV2NRT5day.nc?u%5B(2026-09-01T00:00:00Z)%5D%5B(0.0)%5D%5B(26.0):1:(30.5)%5D%5B(-81.97):1:(-76.14)%5D,v%5B(2026-09-01T00:00:00Z)%5D%5B(0.0)%5D%5B(26.0):1:(30.5)%5D%5B(-81.97):1:(-76.14)%5D
  Trying jplOscarV2NRT5day @ coastwatch.pfeg.noaa.gov 2026-08-31 ...
  jplOscarV2NRT5day @ coastwatch.pfeg.noaa.gov 2026-08-31: 404 Client Error:  for url: https://coastwatch.pfeg.noaa.gov/erddap/griddap/jplOscarV2NRT5day.nc?u%5B(2026-08-31T00:00:00Z)%5D%5B(0.0)%5D%5B(26.0):1:(30.5)%5D%5B(-81.97):1:(-76.14)%5D,v%5B(2026-08-31T00:00:00Z)%5D%5B(0.0)%5D%5B(26.0):1:(30.5)%5D%5B(-81.97):1:(-76.14)%5D
  Trying jplOscarV2NRT5day @ upwell.pfeg.noaa.gov 2026-08-31 ...
  jplOscarV2NRT5day @ upwell.pfeg.noaa.gov 2026-08-31: 404 Client Error:  for url: https://upwell.pfeg.noaa.gov/erddap/griddap/jplOscarV2NRT5day.nc?u%5B(2026-08-31T00:00:00Z)%5D%5B(0.0)%5D%5B(26.0):1:(30.5)%5D%5B(-81.97):1:(-76.14)%5D,v%5B(2026-08-31T00:00:00Z)%5D%5B(0.0)%5D%5B(26.0):1:(30.5)%5D%5B(-81.97):1:(-76.14)%5D
  Trying jplOscarV2NRT5day @ coastwatch.pfeg.noaa.gov 2026-08-30 ...
  jplOscarV2NRT5day @ coastwatch.pfeg.noaa.gov 2026-08-30: 404 Client Error:  for url: https://coastwatch.pfeg.noaa.gov/erddap/griddap/jplOscarV2NRT5day.nc?u%5B(2026-08-30T00:00:00Z)%5D%5B(0.0)%5D%5B(26.0):1:(30.5)%5D%5B(-81.97):1:(-76.14)%5D,v%5B(2026-08-30T00:00:00Z)%5D%5B(0.0)%5D%5B(26.0):1:(30.5)%5D%5B(-81.97):1:(-76.14)%5D
  Trying jplOscarV2NRT5day @ upwell.pfeg.noaa.gov 2026-08-30 ...
  jplOscarV2NRT5day @ upwell.pfeg.noaa.gov 2026-08-30: 404 Client Error:  for url: https://upwell.pfeg.noaa.gov/erddap/griddap/jplOscarV2NRT5day.nc?u%5B(2026-08-30T00:00:00Z)%5D%5B(0.0)%5D%5B(26.0):1:(30.5)%5D%5B(-81.97):1:(-76.14)%5D,v%5B(2026-08-30T00:00:00Z)%5D%5B(0.0)%5D%5B(26.0):1:(30.5)%5D%5B(-81.97):1:(-76.14)%5D
  Trying jplOscarV2NRT5day @ coastwatch.pfeg.noaa.gov 2026-08-29 ...
  jplOscarV2NRT5day @ coastwatch.pfeg.noaa.gov 2026-08-29: 404 Client Error:  for url: https://coastwatch.pfeg.noaa.gov/erddap/griddap/jplOscarV2NRT5day.nc?u%5B(2026-08-29T00:00:00Z)%5D%5B(0.0)%5D%5B(26.0):1:(30.5)%5D%5B(-81.97):1:(-76.14)%5D,v%5B(2026-08-29T00:00:00Z)%5D%5B(0.0)%5D%5B(26.0):1:(30.5)%5D%5B(-81.97):1:(-76.14)%5D
  Trying jplOscarV2NRT5day @ upwell.pfeg.noaa.gov 2026-08-29 ...
  jplOscarV2NRT5day @ upwell.pfeg.noaa.gov 2026-08-29: 404 Client Error:  for url: https://upwell.pfeg.noaa.gov/erddap/griddap/jplOscarV2NRT5day.nc?u%5B(2026-08-29T00:00:00Z)%5D%5B(0.0)%5D%5B(26.0):1:(30.5)%5D%5B(-81.97):1:(-76.14)%5D,v%5B(2026-08-29T00:00:00Z)%5D%5B(0.0)%5D%5B(26.0):1:(30.5)%5D%5B(-81.97):1:(-76.14)%5D
  Trying jplOscar1day @ coastwatch.pfeg.noaa.gov 2026-09-03 ...
  jplOscar1day @ coastwatch.pfeg.noaa.gov 2026-09-03: 404 Client Error:  for url: https://coastwatch.pfeg.noaa.gov/erddap/griddap/jplOscar1day.nc?u%5B(2026-09-03T00:00:00Z)%5D%5B(0.0)%5D%5B(26.0):1:(30.5)%5D%5B(-81.97):1:(-76.14)%5D,v%5B(2026-09-03T00:00:00Z)%5D%5B(0.0)%5D%5B(26.0):1:(30.5)%5D%5B(-81.97):1:(-76.14)%5D
  Trying jplOscar1day @ upwell.pfeg.noaa.gov 2026-09-03 ...
  jplOscar1day @ upwell.pfeg.noaa.gov 2026-09-03: 404 Client Error:  for url: https://upwell.pfeg.noaa.gov/erddap/griddap/jplOscar1day.nc?u%5B(2026-09-03T00:00:00Z)%5D%5B(0.0)%5D%5B(26.0):1:(30.5)%5D%5B(-81.97):1:(-76.14)%5D,v%5B(2026-09-03T00:00:00Z)%5D%5B(0.0)%5D%5B(26.0):1:(30.5)%5D%5B(-81.97):1:(-76.14)%5D
  Trying jplOscar1day @ coastwatch.pfeg.noaa.gov 2026-09-02 ...
  jplOscar1day @ coastwatch.pfeg.noaa.gov 2026-09-02: 404 Client Error:  for url: https://coastwatch.pfeg.noaa.gov/erddap/griddap/jplOscar1day.nc?u%5B(2026-09-02T00:00:00Z)%5D%5B(0.0)%5D%5B(26.0):1:(30.5)%5D%5B(-81.97):1:(-76.14)%5D,v%5B(2026-09-02T00:00:00Z)%5D%5B(0.0)%5D%5B(26.0):1:(30.5)%5D%5B(-81.97):1:(-76.14)%5D
  Trying jplOscar1day @ upwell.pfeg.noaa.gov 2026-09-02 ...
  jplOscar1day @ upwell.pfeg.noaa.gov 2026-09-02: 404 Client Error:  for url: https://upwell.pfeg.noaa.gov/erddap/griddap/jplOscar1day.nc?u%5B(2026-09-02T00:00:00Z)%5D%5B(0.0)%5D%5B(26.0):1:(30.5)%5D%5B(-81.97):1:(-76.14)%5D,v%5B(2026-09-02T00:00:00Z)%5D%5B(0.0)%5D%5B(26.0):1:(30.5)%5D%5B(-81.97):1:(-76.14)%5D
  Trying jplOscar1day @ coastwatch.pfeg.noaa.gov 2026-09-01 ...
  jplOscar1day @ coastwatch.pfeg.noaa.gov 2026-09-01: 404 Client Error:  for url: https://coastwatch.pfeg.noaa.gov/erddap/griddap/jplOscar1day.nc?u%5B(2026-09-01T00:00:00Z)%5D%5B(0.0)%5D%5B(26.0):1:(30.5)%5D%5B(-81.97):1:(-76.14)%5D,v%5B(2026-09-01T00:00:00Z)%5D%5B(0.0)%5D%5B(26.0):1:(30.5)%5D%5B(-81.97):1:(-76.14)%5D
  Trying jplOscar1day @ upwell.pfeg.noaa.gov 2026-09-01 ...
  jplOscar1day @ upwell.pfeg.noaa.gov 2026-09-01: 404 Client Error:  for url: https://upwell.pfeg.noaa.gov/erddap/griddap/jplOscar1day.nc?u%5B(2026-09-01T00:00:00Z)%5D%5B(0.0)%5D%5B(26.0):1:(30.5)%5D%5B(-81.97):1:(-76.14)%5D,v%5B(2026-09-01T00:00:00Z)%5D%5B(0.0)%5D%5B(26.0):1:(30.5)%5D%5B(-81.97):1:(-76.14)%5D
  Trying jplOscar1day @ coastwatch.pfeg.noaa.gov 2026-08-31 ...
  jplOscar1day @ coastwatch.pfeg.noaa.gov 2026-08-31: 404 Client Error:  for url: https://coastwatch.pfeg.noaa.gov/erddap/griddap/jplOscar1day.nc?u%5B(2026-08-31T00:00:00Z)%5D%5B(0.0)%5D%5B(26.0):1:(30.5)%5D%5B(-81.97):1:(-76.14)%5D,v%5B(2026-08-31T00:00:00Z)%5D%5B(0.0)%5D%5B(26.0):1:(30.5)%5D%5B(-81.97):1:(-76.14)%5D
  Trying jplOscar1day @ upwell.pfeg.noaa.gov 2026-08-31 ...
  jplOscar1day @ upwell.pfeg.noaa.gov 2026-08-31: 404 Client Error:  for url: https://upwell.pfeg.noaa.gov/erddap/griddap/jplOscar1day.nc?u%5B(2026-08-31T00:00:00Z)%5D%5B(0.0)%5D%5B(26.0):1:(30.5)%5D%5B(-81.97):1:(-76.14)%5D,v%5B(2026-08-31T00:00:00Z)%5D%5B(0.0)%5D%5B(26.0):1:(30.5)%5D%5B(-81.97):1:(-76.14)%5D
  Trying jplOscar1day @ coastwatch.pfeg.noaa.gov 2026-08-30 ...
  jplOscar1day @ coastwatch.pfeg.noaa.gov 2026-08-30: 404 Client Error:  for url: https://coastwatch.pfeg.noaa.gov/erddap/griddap/jplOscar1day.nc?u%5B(2026-08-30T00:00:00Z)%5D%5B(0.0)%5D%5B(26.0):1:(30.5)%5D%5B(-81.97):1:(-76.14)%5D,v%5B(2026-08-30T00:00:00Z)%5D%5B(0.0)%5D%5B(26.0):1:(30.5)%5D%5B(-81.97):1:(-76.14)%5D
  Trying jplOscar1day @ upwell.pfeg.noaa.gov 2026-08-30 ...
  jplOscar1day @ upwell.pfeg.noaa.gov 2026-08-30: 404 Client Error:  for url: https://upwell.pfeg.noaa.gov/erddap/griddap/jplOscar1day.nc?u%5B(2026-08-30T00:00:00Z)%5D%5B(0.0)%5D%5B(26.0):1:(30.5)%5D%5B(-81.97):1:(-76.14)%5D,v%5B(2026-08-30T00:00:00Z)%5D%5B(0.0)%5D%5B(26.0):1:(30.5)%5D%5B(-81.97):1:(-76.14)%5D
  Trying jplOscar1day @ coastwatch.pfeg.noaa.gov 2026-08-29 ...
  jplOscar1day @ coastwatch.pfeg.noaa.gov 2026-08-29: 404 Client Error:  for url: https://coastwatch.pfeg.noaa.gov/erddap/griddap/jplOscar1day.nc?u%5B(2026-08-29T00:00:00Z)%5D%5B(0.0)%5D%5B(26.0):1:(30.5)%5D%5B(-81.97):1:(-76.14)%5D,v%5B(2026-08-29T00:00:00Z)%5D%5B(0.0)%5D%5B(26.0):1:(30.5)%5D%5B(-81.97):1:(-76.14)%5D
  Trying jplOscar1day @ upwell.pfeg.noaa.gov 2026-08-29 ...
  jplOscar1day @ upwell.pfeg.noaa.gov 2026-08-29: 404 Client Error:  for url: https://upwell.pfeg.noaa.gov/erddap/griddap/jplOscar1day.nc?u%5B(2026-08-29T00:00:00Z)%5D%5B(0.0)%5D%5B(26.0):1:(30.5)%5D%5B(-81.97):1:(-76.14)%5D,v%5B(2026-08-29T00:00:00Z)%5D%5B(0.0)%5D%5B(26.0):1:(30.5)%5D%5B(-81.97):1:(-76.14)%5D
  Trying erdQCkm1day @ coastwatch.pfeg.noaa.gov 2026-09-03 ...
  erdQCkm1day @ coastwatch.pfeg.noaa.gov 2026-09-03: 404 Client Error:  for url: https://coastwatch.pfeg.noaa.gov/erddap/griddap/erdQCkm1day.nc?u%5B(2026-09-03T00:00:00Z)%5D%5B(0.0)%5D%5B(26.0):1:(30.5)%5D%5B(-81.97):1:(-76.14)%5D,v%5B(2026-09-03T00:00:00Z)%5D%5B(0.0)%5D%5B(26.0):1:(30.5)%5D%5B(-81.97):1:(-76.14)%5D
  Trying erdQCkm1day @ upwell.pfeg.noaa.gov 2026-09-03 ...
  erdQCkm1day @ upwell.pfeg.noaa.gov 2026-09-03: 404 Client Error:  for url: https://upwell.pfeg.noaa.gov/erddap/griddap/erdQCkm1day.nc?u%5B(2026-09-03T00:00:00Z)%5D%5B(0.0)%5D%5B(26.0):1:(30.5)%5D%5B(-81.97):1:(-76.14)%5D,v%5B(2026-09-03T00:00:00Z)%5D%5B(0.0)%5D%5B(26.0):1:(30.5)%5D%5B(-81.97):1:(-76.14)%5D
  Trying erdQCkm1day @ coastwatch.pfeg.noaa.gov 2026-09-02 ...
  erdQCkm1day @ coastwatch.pfeg.noaa.gov 2026-09-02: 404 Client Error:  for url: https://coastwatch.pfeg.noaa.gov/erddap/griddap/erdQCkm1day.nc?u%5B(2026-09-02T00:00:00Z)%5D%5B(0.0)%5D%5B(26.0):1:(30.5)%5D%5B(-81.97):1:(-76.14)%5D,v%5B(2026-09-02T00:00:00Z)%5D%5B(0.0)%5D%5B(26.0):1:(30.5)%5D%5B(-81.97):1:(-76.14)%5D
  Trying erdQCkm1day @ upwell.pfeg.noaa.gov 2026-09-02 ...
  erdQCkm1day @ upwell.pfeg.noaa.gov 2026-09-02: 404 Client Error:  for url: https://upwell.pfeg.noaa.gov/erddap/griddap/erdQCkm1day.nc?u%5B(2026-09-02T00:00:00Z)%5D%5B(0.0)%5D%5B(26.0):1:(30.5)%5D%5B(-81.97):1:(-76.14)%5D,v%5B(2026-09-02T00:00:00Z)%5D%5B(0.0)%5D%5B(26.0):1:(30.5)%5D%5B(-81.97):1:(-76.14)%5D
  Trying erdQCkm1day @ coastwatch.pfeg.noaa.gov 2026-09-01 ...
  erdQCkm1day @ coastwatch.pfeg.noaa.gov 2026-09-01: 404 Client Error:  for url: https://coastwatch.pfeg.noaa.gov/erddap/griddap/erdQCkm1day.nc?u%5B(2026-09-01T00:00:00Z)%5D%5B(0.0)%5D%5B(26.0):1:(30.5)%5D%5B(-81.97):1:(-76.14)%5D,v%5B(2026-09-01T00:00:00Z)%5D%5B(0.0)%5D%5B(26.0):1:(30.5)%5D%5B(-81.97):1:(-76.14)%5D
  Trying erdQCkm1day @ upwell.pfeg.noaa.gov 2026-09-01 ...
  erdQCkm1day @ upwell.pfeg.noaa.gov 2026-09-01: 404 Client Error:  for url: https://upwell.pfeg.noaa.gov/erddap/griddap/erdQCkm1day.nc?u%5B(2026-09-01T00:00:00Z)%5D%5B(0.0)%5D%5B(26.0):1:(30.5)%5D%5B(-81.97):1:(-76.14)%5D,v%5B(2026-09-01T00:00:00Z)%5D%5B(0.0)%5D%5B(26.0):1:(30.5)%5D%5B(-81.97):1:(-76.14)%5D
  Trying erdQCkm1day @ coastwatch.pfeg.noaa.gov 2026-08-31 ...
  erdQCkm1day @ coastwatch.pfeg.noaa.gov 2026-08-31: 404 Client Error:  for url: https://coastwatch.pfeg.noaa.gov/erddap/griddap/erdQCkm1day.nc?u%5B(2026-08-31T00:00:00Z)%5D%5B(0.0)%5D%5B(26.0):1:(30.5)%5D%5B(-81.97):1:(-76.14)%5D,v%5B(2026-08-31T00:00:00Z)%5D%5B(0.0)%5D%5B(26.0):1:(30.5)%5D%5B(-81.97):1:(-76.14)%5D
  Trying erdQCkm1day @ upwell.pfeg.noaa.gov 2026-08-31 ...
  erdQCkm1day @ upwell.pfeg.noaa.gov 2026-08-31: 404 Client Error:  for url: https://upwell.pfeg.noaa.gov/erddap/griddap/erdQCkm1day.nc?u%5B(2026-08-31T00:00:00Z)%5D%5B(0.0)%5D%5B(26.0):1:(30.5)%5D%5B(-81.97):1:(-76.14)%5D,v%5B(2026-08-31T00:00:00Z)%5D%5B(0.0)%5D%5B(26.0):1:(30.5)%5D%5B(-81.97):1:(-76.14)%5D
  Trying erdQCkm1day @ coastwatch.pfeg.noaa.gov 2026-08-30 ...
  erdQCkm1day @ coastwatch.pfeg.noaa.gov 2026-08-30: 404 Client Error:  for url: https://coastwatch.pfeg.noaa.gov/erddap/griddap/erdQCkm1day.nc?u%5B(2026-08-30T00:00:00Z)%5D%5B(0.0)%5D%5B(26.0):1:(30.5)%5D%5B(-81.97):1:(-76.14)%5D,v%5B(2026-08-30T00:00:00Z)%5D%5B(0.0)%5D%5B(26.0):1:(30.5)%5D%5B(-81.97):1:(-76.14)%5D
  Trying erdQCkm1day @ upwell.pfeg.noaa.gov 2026-08-30 ...
  erdQCkm1day @ upwell.pfeg.noaa.gov 2026-08-30: 404 Client Error:  for url: https://upwell.pfeg.noaa.gov/erddap/griddap/erdQCkm1day.nc?u%5B(2026-08-30T00:00:00Z)%5D%5B(0.0)%5D%5B(26.0):1:(30.5)%5D%5B(-81.97):1:(-76.14)%5D,v%5B(2026-08-30T00:00:00Z)%5D%5B(0.0)%5D%5B(26.0):1:(30.5)%5D%5B(-81.97):1:(-76.14)%5D
  Trying erdQCkm1day @ coastwatch.pfeg.noaa.gov 2026-08-29 ...
  erdQCkm1day @ coastwatch.pfeg.noaa.gov 2026-08-29: 404 Client Error:  for url: https://coastwatch.pfeg.noaa.gov/erddap/griddap/erdQCkm1day.nc?u%5B(2026-08-29T00:00:00Z)%5D%5B(0.0)%5D%5B(26.0):1:(30.5)%5D%5B(-81.97):1:(-76.14)%5D,v%5B(2026-08-29T00:00:00Z)%5D%5B(0.0)%5D%5B(26.0):1:(30.5)%5D%5B(-81.97):1:(-76.14)%5D
  Trying erdQCkm1day @ upwell.pfeg.noaa.gov 2026-08-29 ...
  erdQCkm1day @ upwell.pfeg.noaa.gov 2026-08-29: 404 Client Error:  for url: https://upwell.pfeg.noaa.gov/erddap/griddap/erdQCkm1day.nc?u%5B(2026-08-29T00:00:00Z)%5D%5B(0.0)%5D%5B(26.0):1:(30.5)%5D%5B(-81.97):1:(-76.14)%5D,v%5B(2026-08-29T00:00:00Z)%5D%5B(0.0)%5D%5B(26.0):1:(30.5)%5D%5B(-81.97):1:(-76.14)%5D
  OSCAR: all attempts failed

[CMEMS] Currents  (2026-09-03)  0.083 deg, daily
INFO - 2026-09-04T00:25:46Z - Selected dataset version: "202406"
INFO - 2026-09-04T00:25:46Z - Selected dataset part: "default"
WARNING - 2026-09-04T00:25:46Z - Some of your subset selection [0.0, 1.0] for the depth dimension exceed the dataset coordinates [0.49402499198913574, 5727.9169921875]
INFO - 2026-09-04T00:25:50Z - Total size of the download: 43.41 KB.
  CMEMS currents: 2,945 pts  0.001–1.749 m/s

[CMEMS] Altimetry  (2026-09-03)  0.125 deg, daily
INFO - 2026-09-04T00:25:54Z - Selected dataset version: "202506"
INFO - 2026-09-04T00:25:54Z - Selected dataset part: "default"
WARNING - 2026-09-04T00:25:54Z - Some of your subset selection [2026-09-03 00:00:00+00:00, 2026-09-03 23:59:59+00:00] for the time dimension exceed the dataset coordinates [2024-07-01 00:00:00+00:00, 2026-09-03 00:00:00+00:00]
INFO - 2026-09-04T00:25:59Z - Total size of the download: 39.76 KB.
  Altimetry: 1,338 pts  SLA -0.261–0.438 m
  Geostrophic currents: 1,338 pts  0.009–1.825 m/s

============================================================
  Exporting ...
    Currents JSON → DailySST/Currents/ne_fl/currents_20260903.json  (301 KB)
    Currents CSV  → DailySST/Currents/ne_fl/currents_20260903.csv  (2,945 rows, 180 KB)
    Altimetry CSV  → DailySST/Altimetry/ne_fl/altimetry_20260903.csv  (1,338 rows, 77 KB)
    Altimetry grid → DailySST/Altimetry/ne_fl/altimetry_20260903_grid.json  (22 KB)

============================================================
  Currents  (CMEMS): 2,945 pts  speed 0.001–1.749 m/s  p98=1.623 m/s
  Altimetry (CMEMS_ALT): 1,338 pts  SSH -0.037–1.173 m
============================================================

  Files → /home/runner/work/SSTv2/SSTv2/DailySST/Currents/ne_fl
         → /home/runner/work/SSTv2/SSTv2/DailySST/Altimetry/ne_fl
