============================================================
  Ocean Dynamics Fetcher — Currents + Altimetry
  Date      : 2026-10-01
  BBOX      : {'lat_min': 22.15, 'lat_max': 27.47, 'lon_min': -83.16, 'lon_max': -76.14}
  Output    : /home/runner/work/SSTv2/SSTv2/DailySST
============================================================

[1/3] HYCOM currents + SSH  (target: 2026-10-01)  ~1/12 deg
  HYCOM catalog found dataset: FMRC_ESPC-D-V02_uv3z
  Trying https://tds.hycom.org/thredds/ncss/FMRC_ESPC-D-V02_uv3z/runs/FMRC_ESPC-D-V02_uv3...
  HYCOM 2026-10-01 12Z failed: 404 Client Error: 404 for url: https://tds.hycom.org/thredds/ncss/FMRC_ESPC-D-V02_uv3z/runs/FMRC_ESPC-D-V02_uv3z_RUN_2026-10-01T12:00:00Z?var=water_u&var=water_v&var=surf_el&north=27.47&south=22.15&west=-83.16&east=-76.14&horizStride=1&vertCoord=0&disableLLSubset=on&disableProjSubset=on&time_start=2026-10-01T12:00:00Z&time_end=2026-10-01T12:00:00Z&accept=netcdf
  Trying https://tds.hycom.org/thredds/ncss/FMRC_ESPC-D-V02_uv3z/FMRC_ESPC-D-V02_uv3z_bes...
  HYCOM 2026-10-01 12Z failed: 400 Client Error: 400 for url: https://tds.hycom.org/thredds/ncss/FMRC_ESPC-D-V02_uv3z/FMRC_ESPC-D-V02_uv3z_best.ncd?var=water_u&var=water_v&var=surf_el&north=27.47&south=22.15&west=-83.16&east=-76.14&horizStride=1&vertCoord=0&disableLLSubset=on&disableProjSubset=on&time_start=2026-10-01T12:00:00Z&time_end=2026-10-01T12:00:00Z&accept=netcdf
  Trying https://tds.hycom.org/thredds/ncss/FMRC_ESPC-D-V02_uv3z/runs/FMRC_ESPC-D-V02_uv3...
  HYCOM 2026-10-01 00Z failed: 404 Client Error: 404 for url: https://tds.hycom.org/thredds/ncss/FMRC_ESPC-D-V02_uv3z/runs/FMRC_ESPC-D-V02_uv3z_RUN_2026-10-01T00:00:00Z?var=water_u&var=water_v&var=surf_el&north=27.47&south=22.15&west=-83.16&east=-76.14&horizStride=1&vertCoord=0&disableLLSubset=on&disableProjSubset=on&time_start=2026-10-01T00:00:00Z&time_end=2026-10-01T00:00:00Z&accept=netcdf
  Trying https://tds.hycom.org/thredds/ncss/FMRC_ESPC-D-V02_uv3z/FMRC_ESPC-D-V02_uv3z_bes...
  HYCOM 2026-10-01 00Z failed: 400 Client Error: 400 for url: https://tds.hycom.org/thredds/ncss/FMRC_ESPC-D-V02_uv3z/FMRC_ESPC-D-V02_uv3z_best.ncd?var=water_u&var=water_v&var=surf_el&north=27.47&south=22.15&west=-83.16&east=-76.14&horizStride=1&vertCoord=0&disableLLSubset=on&disableProjSubset=on&time_start=2026-10-01T00:00:00Z&time_end=2026-10-01T00:00:00Z&accept=netcdf
  Trying https://tds.hycom.org/thredds/ncss/FMRC_ESPC-D-V02_uv3z/runs/FMRC_ESPC-D-V02_uv3...
  HYCOM 2026-09-30 12Z failed: 400 Client Error: 400 for url: https://tds.hycom.org/thredds/ncss/FMRC_ESPC-D-V02_uv3z/runs/FMRC_ESPC-D-V02_uv3z_RUN_2026-09-30T12:00:00Z?var=water_u&var=water_v&var=surf_el&north=27.47&south=22.15&west=-83.16&east=-76.14&horizStride=1&vertCoord=0&disableLLSubset=on&disableProjSubset=on&time_start=2026-09-30T12:00:00Z&time_end=2026-09-30T12:00:00Z&accept=netcdf
  Trying https://tds.hycom.org/thredds/ncss/FMRC_ESPC-D-V02_uv3z/FMRC_ESPC-D-V02_uv3z_bes...
  HYCOM 2026-09-30 12Z failed: 400 Client Error: 400 for url: https://tds.hycom.org/thredds/ncss/FMRC_ESPC-D-V02_uv3z/FMRC_ESPC-D-V02_uv3z_best.ncd?var=water_u&var=water_v&var=surf_el&north=27.47&south=22.15&west=-83.16&east=-76.14&horizStride=1&vertCoord=0&disableLLSubset=on&disableProjSubset=on&time_start=2026-09-30T12:00:00Z&time_end=2026-09-30T12:00:00Z&accept=netcdf
  Trying https://tds.hycom.org/thredds/ncss/FMRC_ESPC-D-V02_uv3z/runs/FMRC_ESPC-D-V02_uv3...
  HYCOM 2026-09-30 00Z failed: 404 Client Error: 404 for url: https://tds.hycom.org/thredds/ncss/FMRC_ESPC-D-V02_uv3z/runs/FMRC_ESPC-D-V02_uv3z_RUN_2026-09-30T00:00:00Z?var=water_u&var=water_v&var=surf_el&north=27.47&south=22.15&west=-83.16&east=-76.14&horizStride=1&vertCoord=0&disableLLSubset=on&disableProjSubset=on&time_start=2026-09-30T00:00:00Z&time_end=2026-09-30T00:00:00Z&accept=netcdf
  Trying https://tds.hycom.org/thredds/ncss/FMRC_ESPC-D-V02_uv3z/FMRC_ESPC-D-V02_uv3z_bes...
  HYCOM 2026-09-30 00Z failed: 400 Client Error: 400 for url: https://tds.hycom.org/thredds/ncss/FMRC_ESPC-D-V02_uv3z/FMRC_ESPC-D-V02_uv3z_best.ncd?var=water_u&var=water_v&var=surf_el&north=27.47&south=22.15&west=-83.16&east=-76.14&horizStride=1&vertCoord=0&disableLLSubset=on&disableProjSubset=on&time_start=2026-09-30T00:00:00Z&time_end=2026-09-30T00:00:00Z&accept=netcdf
  Trying https://tds.hycom.org/thredds/ncss/FMRC_ESPC-D-V02_uv3z/runs/FMRC_ESPC-D-V02_uv3...
  HYCOM 2026-09-29 12Z failed: 400 Client Error: 400 for url: https://tds.hycom.org/thredds/ncss/FMRC_ESPC-D-V02_uv3z/runs/FMRC_ESPC-D-V02_uv3z_RUN_2026-09-29T12:00:00Z?var=water_u&var=water_v&var=surf_el&north=27.47&south=22.15&west=-83.16&east=-76.14&horizStride=1&vertCoord=0&disableLLSubset=on&disableProjSubset=on&time_start=2026-09-29T12:00:00Z&time_end=2026-09-29T12:00:00Z&accept=netcdf
  Trying https://tds.hycom.org/thredds/ncss/FMRC_ESPC-D-V02_uv3z/FMRC_ESPC-D-V02_uv3z_bes...
  HYCOM 2026-09-29 12Z failed: 400 Client Error: 400 for url: https://tds.hycom.org/thredds/ncss/FMRC_ESPC-D-V02_uv3z/FMRC_ESPC-D-V02_uv3z_best.ncd?var=water_u&var=water_v&var=surf_el&north=27.47&south=22.15&west=-83.16&east=-76.14&horizStride=1&vertCoord=0&disableLLSubset=on&disableProjSubset=on&time_start=2026-09-29T12:00:00Z&time_end=2026-09-29T12:00:00Z&accept=netcdf
  Trying https://tds.hycom.org/thredds/ncss/FMRC_ESPC-D-V02_uv3z/runs/FMRC_ESPC-D-V02_uv3...
  HYCOM 2026-09-29 00Z failed: 404 Client Error: 404 for url: https://tds.hycom.org/thredds/ncss/FMRC_ESPC-D-V02_uv3z/runs/FMRC_ESPC-D-V02_uv3z_RUN_2026-09-29T00:00:00Z?var=water_u&var=water_v&var=surf_el&north=27.47&south=22.15&west=-83.16&east=-76.14&horizStride=1&vertCoord=0&disableLLSubset=on&disableProjSubset=on&time_start=2026-09-29T00:00:00Z&time_end=2026-09-29T00:00:00Z&accept=netcdf
  Trying https://tds.hycom.org/thredds/ncss/FMRC_ESPC-D-V02_uv3z/FMRC_ESPC-D-V02_uv3z_bes...
  HYCOM 2026-09-29 00Z failed: 400 Client Error: 400 for url: https://tds.hycom.org/thredds/ncss/FMRC_ESPC-D-V02_uv3z/FMRC_ESPC-D-V02_uv3z_best.ncd?var=water_u&var=water_v&var=surf_el&north=27.47&south=22.15&west=-83.16&east=-76.14&horizStride=1&vertCoord=0&disableLLSubset=on&disableProjSubset=on&time_start=2026-09-29T00:00:00Z&time_end=2026-09-29T00:00:00Z&accept=netcdf
  Trying https://tds.hycom.org/thredds/ncss/FMRC_ESPC-D-V02_uv3z/runs/FMRC_ESPC-D-V02_uv3...
  HYCOM 2026-09-28 12Z failed: 400 Client Error: 400 for url: https://tds.hycom.org/thredds/ncss/FMRC_ESPC-D-V02_uv3z/runs/FMRC_ESPC-D-V02_uv3z_RUN_2026-09-28T12:00:00Z?var=water_u&var=water_v&var=surf_el&north=27.47&south=22.15&west=-83.16&east=-76.14&horizStride=1&vertCoord=0&disableLLSubset=on&disableProjSubset=on&time_start=2026-09-28T12:00:00Z&time_end=2026-09-28T12:00:00Z&accept=netcdf
  Trying https://tds.hycom.org/thredds/ncss/FMRC_ESPC-D-V02_uv3z/FMRC_ESPC-D-V02_uv3z_bes...
  HYCOM 2026-09-28 12Z failed: 400 Client Error: 400 for url: https://tds.hycom.org/thredds/ncss/FMRC_ESPC-D-V02_uv3z/FMRC_ESPC-D-V02_uv3z_best.ncd?var=water_u&var=water_v&var=surf_el&north=27.47&south=22.15&west=-83.16&east=-76.14&horizStride=1&vertCoord=0&disableLLSubset=on&disableProjSubset=on&time_start=2026-09-28T12:00:00Z&time_end=2026-09-28T12:00:00Z&accept=netcdf
  Trying https://tds.hycom.org/thredds/ncss/FMRC_ESPC-D-V02_uv3z/runs/FMRC_ESPC-D-V02_uv3...
  HYCOM 2026-09-28 00Z failed: 404 Client Error: 404 for url: https://tds.hycom.org/thredds/ncss/FMRC_ESPC-D-V02_uv3z/runs/FMRC_ESPC-D-V02_uv3z_RUN_2026-09-28T00:00:00Z?var=water_u&var=water_v&var=surf_el&north=27.47&south=22.15&west=-83.16&east=-76.14&horizStride=1&vertCoord=0&disableLLSubset=on&disableProjSubset=on&time_start=2026-09-28T00:00:00Z&time_end=2026-09-28T00:00:00Z&accept=netcdf
  Trying https://tds.hycom.org/thredds/ncss/FMRC_ESPC-D-V02_uv3z/FMRC_ESPC-D-V02_uv3z_bes...
  HYCOM 2026-09-28 00Z failed: 400 Client Error: 400 for url: https://tds.hycom.org/thredds/ncss/FMRC_ESPC-D-V02_uv3z/FMRC_ESPC-D-V02_uv3z_best.ncd?var=water_u&var=water_v&var=surf_el&north=27.47&south=22.15&west=-83.16&east=-76.14&horizStride=1&vertCoord=0&disableLLSubset=on&disableProjSubset=on&time_start=2026-09-28T00:00:00Z&time_end=2026-09-28T00:00:00Z&accept=netcdf
  HYCOM: all attempts failed

[2/3] OSCAR currents  (target: 2026-10-01)  1/3 deg, 5-day composite
  Trying OSCAR_L4_OC_NRT_V2.1 @ coastwatch.pfeg.noaa.gov 2026-10-01 ...
  OSCAR_L4_OC_NRT_V2.1 @ coastwatch.pfeg.noaa.gov 2026-10-01: 403 Client Error:  for url: https://coastwatch.pfeg.noaa.gov/erddap/griddap/OSCAR_L4_OC_NRT_V2.1.nc?u%5B(2026-10-01T00:00:00Z)%5D%5B(0.0)%5D%5B(22.15):1:(27.47)%5D%5B(-83.16):1:(-76.14)%5D,v%5B(2026-10-01T00:00:00Z)%5D%5B(0.0)%5D%5B(22.15):1:(27.47)%5D%5B(-83.16):1:(-76.14)%5D
  Trying OSCAR_L4_OC_NRT_V2.1 @ upwell.pfeg.noaa.gov 2026-10-01 ...
  OSCAR_L4_OC_NRT_V2.1 @ upwell.pfeg.noaa.gov 2026-10-01: 403 Client Error:  for url: https://upwell.pfeg.noaa.gov/erddap/griddap/OSCAR_L4_OC_NRT_V2.1.nc?u%5B(2026-10-01T00:00:00Z)%5D%5B(0.0)%5D%5B(22.15):1:(27.47)%5D%5B(-83.16):1:(-76.14)%5D,v%5B(2026-10-01T00:00:00Z)%5D%5B(0.0)%5D%5B(22.15):1:(27.47)%5D%5B(-83.16):1:(-76.14)%5D
  Trying OSCAR_L4_OC_NRT_V2.1 @ coastwatch.pfeg.noaa.gov 2026-09-30 ...
  OSCAR_L4_OC_NRT_V2.1 @ coastwatch.pfeg.noaa.gov 2026-09-30: 403 Client Error:  for url: https://coastwatch.pfeg.noaa.gov/erddap/griddap/OSCAR_L4_OC_NRT_V2.1.nc?u%5B(2026-09-30T00:00:00Z)%5D%5B(0.0)%5D%5B(22.15):1:(27.47)%5D%5B(-83.16):1:(-76.14)%5D,v%5B(2026-09-30T00:00:00Z)%5D%5B(0.0)%5D%5B(22.15):1:(27.47)%5D%5B(-83.16):1:(-76.14)%5D
  Trying OSCAR_L4_OC_NRT_V2.1 @ upwell.pfeg.noaa.gov 2026-09-30 ...
  OSCAR_L4_OC_NRT_V2.1 @ upwell.pfeg.noaa.gov 2026-09-30: 403 Client Error:  for url: https://upwell.pfeg.noaa.gov/erddap/griddap/OSCAR_L4_OC_NRT_V2.1.nc?u%5B(2026-09-30T00:00:00Z)%5D%5B(0.0)%5D%5B(22.15):1:(27.47)%5D%5B(-83.16):1:(-76.14)%5D,v%5B(2026-09-30T00:00:00Z)%5D%5B(0.0)%5D%5B(22.15):1:(27.47)%5D%5B(-83.16):1:(-76.14)%5D
  Trying OSCAR_L4_OC_NRT_V2.1 @ coastwatch.pfeg.noaa.gov 2026-09-29 ...
  OSCAR_L4_OC_NRT_V2.1 @ coastwatch.pfeg.noaa.gov 2026-09-29: 403 Client Error:  for url: https://coastwatch.pfeg.noaa.gov/erddap/griddap/OSCAR_L4_OC_NRT_V2.1.nc?u%5B(2026-09-29T00:00:00Z)%5D%5B(0.0)%5D%5B(22.15):1:(27.47)%5D%5B(-83.16):1:(-76.14)%5D,v%5B(2026-09-29T00:00:00Z)%5D%5B(0.0)%5D%5B(22.15):1:(27.47)%5D%5B(-83.16):1:(-76.14)%5D
  Trying OSCAR_L4_OC_NRT_V2.1 @ upwell.pfeg.noaa.gov 2026-09-29 ...
  OSCAR_L4_OC_NRT_V2.1 @ upwell.pfeg.noaa.gov 2026-09-29: 403 Client Error:  for url: https://upwell.pfeg.noaa.gov/erddap/griddap/OSCAR_L4_OC_NRT_V2.1.nc?u%5B(2026-09-29T00:00:00Z)%5D%5B(0.0)%5D%5B(22.15):1:(27.47)%5D%5B(-83.16):1:(-76.14)%5D,v%5B(2026-09-29T00:00:00Z)%5D%5B(0.0)%5D%5B(22.15):1:(27.47)%5D%5B(-83.16):1:(-76.14)%5D
  Trying OSCAR_L4_OC_NRT_V2.1 @ coastwatch.pfeg.noaa.gov 2026-09-28 ...
  OSCAR_L4_OC_NRT_V2.1 @ coastwatch.pfeg.noaa.gov 2026-09-28: 403 Client Error:  for url: https://coastwatch.pfeg.noaa.gov/erddap/griddap/OSCAR_L4_OC_NRT_V2.1.nc?u%5B(2026-09-28T00:00:00Z)%5D%5B(0.0)%5D%5B(22.15):1:(27.47)%5D%5B(-83.16):1:(-76.14)%5D,v%5B(2026-09-28T00:00:00Z)%5D%5B(0.0)%5D%5B(22.15):1:(27.47)%5D%5B(-83.16):1:(-76.14)%5D
  Trying OSCAR_L4_OC_NRT_V2.1 @ upwell.pfeg.noaa.gov 2026-09-28 ...
  OSCAR_L4_OC_NRT_V2.1 @ upwell.pfeg.noaa.gov 2026-09-28: 403 Client Error:  for url: https://upwell.pfeg.noaa.gov/erddap/griddap/OSCAR_L4_OC_NRT_V2.1.nc?u%5B(2026-09-28T00:00:00Z)%5D%5B(0.0)%5D%5B(22.15):1:(27.47)%5D%5B(-83.16):1:(-76.14)%5D,v%5B(2026-09-28T00:00:00Z)%5D%5B(0.0)%5D%5B(22.15):1:(27.47)%5D%5B(-83.16):1:(-76.14)%5D
  Trying OSCAR_L4_OC_NRT_V2.1 @ coastwatch.pfeg.noaa.gov 2026-09-27 ...
  OSCAR_L4_OC_NRT_V2.1 @ coastwatch.pfeg.noaa.gov 2026-09-27: 403 Client Error:  for url: https://coastwatch.pfeg.noaa.gov/erddap/griddap/OSCAR_L4_OC_NRT_V2.1.nc?u%5B(2026-09-27T00:00:00Z)%5D%5B(0.0)%5D%5B(22.15):1:(27.47)%5D%5B(-83.16):1:(-76.14)%5D,v%5B(2026-09-27T00:00:00Z)%5D%5B(0.0)%5D%5B(22.15):1:(27.47)%5D%5B(-83.16):1:(-76.14)%5D
  Trying OSCAR_L4_OC_NRT_V2.1 @ upwell.pfeg.noaa.gov 2026-09-27 ...
  OSCAR_L4_OC_NRT_V2.1 @ upwell.pfeg.noaa.gov 2026-09-27: 403 Client Error:  for url: https://upwell.pfeg.noaa.gov/erddap/griddap/OSCAR_L4_OC_NRT_V2.1.nc?u%5B(2026-09-27T00:00:00Z)%5D%5B(0.0)%5D%5B(22.15):1:(27.47)%5D%5B(-83.16):1:(-76.14)%5D,v%5B(2026-09-27T00:00:00Z)%5D%5B(0.0)%5D%5B(22.15):1:(27.47)%5D%5B(-83.16):1:(-76.14)%5D
  Trying OSCAR_L4_OC_NRT_V2.1 @ coastwatch.pfeg.noaa.gov 2026-09-26 ...
  OSCAR_L4_OC_NRT_V2.1 @ coastwatch.pfeg.noaa.gov 2026-09-26: 403 Client Error:  for url: https://coastwatch.pfeg.noaa.gov/erddap/griddap/OSCAR_L4_OC_NRT_V2.1.nc?u%5B(2026-09-26T00:00:00Z)%5D%5B(0.0)%5D%5B(22.15):1:(27.47)%5D%5B(-83.16):1:(-76.14)%5D,v%5B(2026-09-26T00:00:00Z)%5D%5B(0.0)%5D%5B(22.15):1:(27.47)%5D%5B(-83.16):1:(-76.14)%5D
  Trying OSCAR_L4_OC_NRT_V2.1 @ upwell.pfeg.noaa.gov 2026-09-26 ...
  OSCAR_L4_OC_NRT_V2.1 @ upwell.pfeg.noaa.gov 2026-09-26: 403 Client Error:  for url: https://upwell.pfeg.noaa.gov/erddap/griddap/OSCAR_L4_OC_NRT_V2.1.nc?u%5B(2026-09-26T00:00:00Z)%5D%5B(0.0)%5D%5B(22.15):1:(27.47)%5D%5B(-83.16):1:(-76.14)%5D,v%5B(2026-09-26T00:00:00Z)%5D%5B(0.0)%5D%5B(22.15):1:(27.47)%5D%5B(-83.16):1:(-76.14)%5D
  Trying OSCAR_L4_OC_NRT_V2.0 @ coastwatch.pfeg.noaa.gov 2026-10-01 ...
  OSCAR_L4_OC_NRT_V2.0 @ coastwatch.pfeg.noaa.gov 2026-10-01: 403 Client Error:  for url: https://coastwatch.pfeg.noaa.gov/erddap/griddap/OSCAR_L4_OC_NRT_V2.0.nc?u%5B(2026-10-01T00:00:00Z)%5D%5B(0.0)%5D%5B(22.15):1:(27.47)%5D%5B(-83.16):1:(-76.14)%5D,v%5B(2026-10-01T00:00:00Z)%5D%5B(0.0)%5D%5B(22.15):1:(27.47)%5D%5B(-83.16):1:(-76.14)%5D
  Trying OSCAR_L4_OC_NRT_V2.0 @ upwell.pfeg.noaa.gov 2026-10-01 ...
  OSCAR_L4_OC_NRT_V2.0 @ upwell.pfeg.noaa.gov 2026-10-01: 403 Client Error:  for url: https://upwell.pfeg.noaa.gov/erddap/griddap/OSCAR_L4_OC_NRT_V2.0.nc?u%5B(2026-10-01T00:00:00Z)%5D%5B(0.0)%5D%5B(22.15):1:(27.47)%5D%5B(-83.16):1:(-76.14)%5D,v%5B(2026-10-01T00:00:00Z)%5D%5B(0.0)%5D%5B(22.15):1:(27.47)%5D%5B(-83.16):1:(-76.14)%5D
  Trying OSCAR_L4_OC_NRT_V2.0 @ coastwatch.pfeg.noaa.gov 2026-09-30 ...
  OSCAR_L4_OC_NRT_V2.0 @ coastwatch.pfeg.noaa.gov 2026-09-30: 403 Client Error:  for url: https://coastwatch.pfeg.noaa.gov/erddap/griddap/OSCAR_L4_OC_NRT_V2.0.nc?u%5B(2026-09-30T00:00:00Z)%5D%5B(0.0)%5D%5B(22.15):1:(27.47)%5D%5B(-83.16):1:(-76.14)%5D,v%5B(2026-09-30T00:00:00Z)%5D%5B(0.0)%5D%5B(22.15):1:(27.47)%5D%5B(-83.16):1:(-76.14)%5D
  Trying OSCAR_L4_OC_NRT_V2.0 @ upwell.pfeg.noaa.gov 2026-09-30 ...
  OSCAR_L4_OC_NRT_V2.0 @ upwell.pfeg.noaa.gov 2026-09-30: 403 Client Error:  for url: https://upwell.pfeg.noaa.gov/erddap/griddap/OSCAR_L4_OC_NRT_V2.0.nc?u%5B(2026-09-30T00:00:00Z)%5D%5B(0.0)%5D%5B(22.15):1:(27.47)%5D%5B(-83.16):1:(-76.14)%5D,v%5B(2026-09-30T00:00:00Z)%5D%5B(0.0)%5D%5B(22.15):1:(27.47)%5D%5B(-83.16):1:(-76.14)%5D
  Trying OSCAR_L4_OC_NRT_V2.0 @ coastwatch.pfeg.noaa.gov 2026-09-29 ...
  OSCAR_L4_OC_NRT_V2.0 @ coastwatch.pfeg.noaa.gov 2026-09-29: 403 Client Error:  for url: https://coastwatch.pfeg.noaa.gov/erddap/griddap/OSCAR_L4_OC_NRT_V2.0.nc?u%5B(2026-09-29T00:00:00Z)%5D%5B(0.0)%5D%5B(22.15):1:(27.47)%5D%5B(-83.16):1:(-76.14)%5D,v%5B(2026-09-29T00:00:00Z)%5D%5B(0.0)%5D%5B(22.15):1:(27.47)%5D%5B(-83.16):1:(-76.14)%5D
  Trying OSCAR_L4_OC_NRT_V2.0 @ upwell.pfeg.noaa.gov 2026-09-29 ...
  OSCAR_L4_OC_NRT_V2.0 @ upwell.pfeg.noaa.gov 2026-09-29: 403 Client Error:  for url: https://upwell.pfeg.noaa.gov/erddap/griddap/OSCAR_L4_OC_NRT_V2.0.nc?u%5B(2026-09-29T00:00:00Z)%5D%5B(0.0)%5D%5B(22.15):1:(27.47)%5D%5B(-83.16):1:(-76.14)%5D,v%5B(2026-09-29T00:00:00Z)%5D%5B(0.0)%5D%5B(22.15):1:(27.47)%5D%5B(-83.16):1:(-76.14)%5D
  Trying OSCAR_L4_OC_NRT_V2.0 @ coastwatch.pfeg.noaa.gov 2026-09-28 ...
  OSCAR_L4_OC_NRT_V2.0 @ coastwatch.pfeg.noaa.gov 2026-09-28: 403 Client Error:  for url: https://coastwatch.pfeg.noaa.gov/erddap/griddap/OSCAR_L4_OC_NRT_V2.0.nc?u%5B(2026-09-28T00:00:00Z)%5D%5B(0.0)%5D%5B(22.15):1:(27.47)%5D%5B(-83.16):1:(-76.14)%5D,v%5B(2026-09-28T00:00:00Z)%5D%5B(0.0)%5D%5B(22.15):1:(27.47)%5D%5B(-83.16):1:(-76.14)%5D
  Trying OSCAR_L4_OC_NRT_V2.0 @ upwell.pfeg.noaa.gov 2026-09-28 ...
  OSCAR_L4_OC_NRT_V2.0 @ upwell.pfeg.noaa.gov 2026-09-28: 403 Client Error:  for url: https://upwell.pfeg.noaa.gov/erddap/griddap/OSCAR_L4_OC_NRT_V2.0.nc?u%5B(2026-09-28T00:00:00Z)%5D%5B(0.0)%5D%5B(22.15):1:(27.47)%5D%5B(-83.16):1:(-76.14)%5D,v%5B(2026-09-28T00:00:00Z)%5D%5B(0.0)%5D%5B(22.15):1:(27.47)%5D%5B(-83.16):1:(-76.14)%5D
  Trying OSCAR_L4_OC_NRT_V2.0 @ coastwatch.pfeg.noaa.gov 2026-09-27 ...
  OSCAR_L4_OC_NRT_V2.0 @ coastwatch.pfeg.noaa.gov 2026-09-27: 403 Client Error:  for url: https://coastwatch.pfeg.noaa.gov/erddap/griddap/OSCAR_L4_OC_NRT_V2.0.nc?u%5B(2026-09-27T00:00:00Z)%5D%5B(0.0)%5D%5B(22.15):1:(27.47)%5D%5B(-83.16):1:(-76.14)%5D,v%5B(2026-09-27T00:00:00Z)%5D%5B(0.0)%5D%5B(22.15):1:(27.47)%5D%5B(-83.16):1:(-76.14)%5D
  Trying OSCAR_L4_OC_NRT_V2.0 @ upwell.pfeg.noaa.gov 2026-09-27 ...
  OSCAR_L4_OC_NRT_V2.0 @ upwell.pfeg.noaa.gov 2026-09-27: 403 Client Error:  for url: https://upwell.pfeg.noaa.gov/erddap/griddap/OSCAR_L4_OC_NRT_V2.0.nc?u%5B(2026-09-27T00:00:00Z)%5D%5B(0.0)%5D%5B(22.15):1:(27.47)%5D%5B(-83.16):1:(-76.14)%5D,v%5B(2026-09-27T00:00:00Z)%5D%5B(0.0)%5D%5B(22.15):1:(27.47)%5D%5B(-83.16):1:(-76.14)%5D
  Trying OSCAR_L4_OC_NRT_V2.0 @ coastwatch.pfeg.noaa.gov 2026-09-26 ...
  OSCAR_L4_OC_NRT_V2.0 @ coastwatch.pfeg.noaa.gov 2026-09-26: 403 Client Error:  for url: https://coastwatch.pfeg.noaa.gov/erddap/griddap/OSCAR_L4_OC_NRT_V2.0.nc?u%5B(2026-09-26T00:00:00Z)%5D%5B(0.0)%5D%5B(22.15):1:(27.47)%5D%5B(-83.16):1:(-76.14)%5D,v%5B(2026-09-26T00:00:00Z)%5D%5B(0.0)%5D%5B(22.15):1:(27.47)%5D%5B(-83.16):1:(-76.14)%5D
  Trying OSCAR_L4_OC_NRT_V2.0 @ upwell.pfeg.noaa.gov 2026-09-26 ...
  OSCAR_L4_OC_NRT_V2.0 @ upwell.pfeg.noaa.gov 2026-09-26: 403 Client Error:  for url: https://upwell.pfeg.noaa.gov/erddap/griddap/OSCAR_L4_OC_NRT_V2.0.nc?u%5B(2026-09-26T00:00:00Z)%5D%5B(0.0)%5D%5B(22.15):1:(27.47)%5D%5B(-83.16):1:(-76.14)%5D,v%5B(2026-09-26T00:00:00Z)%5D%5B(0.0)%5D%5B(22.15):1:(27.47)%5D%5B(-83.16):1:(-76.14)%5D
  Trying jplOscarV2NRT5day @ coastwatch.pfeg.noaa.gov 2026-10-01 ...
  jplOscarV2NRT5day @ coastwatch.pfeg.noaa.gov 2026-10-01: 403 Client Error:  for url: https://coastwatch.pfeg.noaa.gov/erddap/griddap/jplOscarV2NRT5day.nc?u%5B(2026-10-01T00:00:00Z)%5D%5B(0.0)%5D%5B(22.15):1:(27.47)%5D%5B(-83.16):1:(-76.14)%5D,v%5B(2026-10-01T00:00:00Z)%5D%5B(0.0)%5D%5B(22.15):1:(27.47)%5D%5B(-83.16):1:(-76.14)%5D
  Trying jplOscarV2NRT5day @ upwell.pfeg.noaa.gov 2026-10-01 ...
  jplOscarV2NRT5day @ upwell.pfeg.noaa.gov 2026-10-01: 403 Client Error:  for url: https://upwell.pfeg.noaa.gov/erddap/griddap/jplOscarV2NRT5day.nc?u%5B(2026-10-01T00:00:00Z)%5D%5B(0.0)%5D%5B(22.15):1:(27.47)%5D%5B(-83.16):1:(-76.14)%5D,v%5B(2026-10-01T00:00:00Z)%5D%5B(0.0)%5D%5B(22.15):1:(27.47)%5D%5B(-83.16):1:(-76.14)%5D
  Trying jplOscarV2NRT5day @ coastwatch.pfeg.noaa.gov 2026-09-30 ...
  jplOscarV2NRT5day @ coastwatch.pfeg.noaa.gov 2026-09-30: 403 Client Error:  for url: https://coastwatch.pfeg.noaa.gov/erddap/griddap/jplOscarV2NRT5day.nc?u%5B(2026-09-30T00:00:00Z)%5D%5B(0.0)%5D%5B(22.15):1:(27.47)%5D%5B(-83.16):1:(-76.14)%5D,v%5B(2026-09-30T00:00:00Z)%5D%5B(0.0)%5D%5B(22.15):1:(27.47)%5D%5B(-83.16):1:(-76.14)%5D
  Trying jplOscarV2NRT5day @ upwell.pfeg.noaa.gov 2026-09-30 ...
  jplOscarV2NRT5day @ upwell.pfeg.noaa.gov 2026-09-30: 403 Client Error:  for url: https://upwell.pfeg.noaa.gov/erddap/griddap/jplOscarV2NRT5day.nc?u%5B(2026-09-30T00:00:00Z)%5D%5B(0.0)%5D%5B(22.15):1:(27.47)%5D%5B(-83.16):1:(-76.14)%5D,v%5B(2026-09-30T00:00:00Z)%5D%5B(0.0)%5D%5B(22.15):1:(27.47)%5D%5B(-83.16):1:(-76.14)%5D
  Trying jplOscarV2NRT5day @ coastwatch.pfeg.noaa.gov 2026-09-29 ...
  jplOscarV2NRT5day @ coastwatch.pfeg.noaa.gov 2026-09-29: 403 Client Error:  for url: https://coastwatch.pfeg.noaa.gov/erddap/griddap/jplOscarV2NRT5day.nc?u%5B(2026-09-29T00:00:00Z)%5D%5B(0.0)%5D%5B(22.15):1:(27.47)%5D%5B(-83.16):1:(-76.14)%5D,v%5B(2026-09-29T00:00:00Z)%5D%5B(0.0)%5D%5B(22.15):1:(27.47)%5D%5B(-83.16):1:(-76.14)%5D
  Trying jplOscarV2NRT5day @ upwell.pfeg.noaa.gov 2026-09-29 ...
  jplOscarV2NRT5day @ upwell.pfeg.noaa.gov 2026-09-29: 403 Client Error:  for url: https://upwell.pfeg.noaa.gov/erddap/griddap/jplOscarV2NRT5day.nc?u%5B(2026-09-29T00:00:00Z)%5D%5B(0.0)%5D%5B(22.15):1:(27.47)%5D%5B(-83.16):1:(-76.14)%5D,v%5B(2026-09-29T00:00:00Z)%5D%5B(0.0)%5D%5B(22.15):1:(27.47)%5D%5B(-83.16):1:(-76.14)%5D
  Trying jplOscarV2NRT5day @ coastwatch.pfeg.noaa.gov 2026-09-28 ...
  jplOscarV2NRT5day @ coastwatch.pfeg.noaa.gov 2026-09-28: 403 Client Error:  for url: https://coastwatch.pfeg.noaa.gov/erddap/griddap/jplOscarV2NRT5day.nc?u%5B(2026-09-28T00:00:00Z)%5D%5B(0.0)%5D%5B(22.15):1:(27.47)%5D%5B(-83.16):1:(-76.14)%5D,v%5B(2026-09-28T00:00:00Z)%5D%5B(0.0)%5D%5B(22.15):1:(27.47)%5D%5B(-83.16):1:(-76.14)%5D
  Trying jplOscarV2NRT5day @ upwell.pfeg.noaa.gov 2026-09-28 ...
  jplOscarV2NRT5day @ upwell.pfeg.noaa.gov 2026-09-28: 403 Client Error:  for url: https://upwell.pfeg.noaa.gov/erddap/griddap/jplOscarV2NRT5day.nc?u%5B(2026-09-28T00:00:00Z)%5D%5B(0.0)%5D%5B(22.15):1:(27.47)%5D%5B(-83.16):1:(-76.14)%5D,v%5B(2026-09-28T00:00:00Z)%5D%5B(0.0)%5D%5B(22.15):1:(27.47)%5D%5B(-83.16):1:(-76.14)%5D
  Trying jplOscarV2NRT5day @ coastwatch.pfeg.noaa.gov 2026-09-27 ...
  jplOscarV2NRT5day @ coastwatch.pfeg.noaa.gov 2026-09-27: 403 Client Error:  for url: https://coastwatch.pfeg.noaa.gov/erddap/griddap/jplOscarV2NRT5day.nc?u%5B(2026-09-27T00:00:00Z)%5D%5B(0.0)%5D%5B(22.15):1:(27.47)%5D%5B(-83.16):1:(-76.14)%5D,v%5B(2026-09-27T00:00:00Z)%5D%5B(0.0)%5D%5B(22.15):1:(27.47)%5D%5B(-83.16):1:(-76.14)%5D
  Trying jplOscarV2NRT5day @ upwell.pfeg.noaa.gov 2026-09-27 ...
  jplOscarV2NRT5day @ upwell.pfeg.noaa.gov 2026-09-27: 403 Client Error:  for url: https://upwell.pfeg.noaa.gov/erddap/griddap/jplOscarV2NRT5day.nc?u%5B(2026-09-27T00:00:00Z)%5D%5B(0.0)%5D%5B(22.15):1:(27.47)%5D%5B(-83.16):1:(-76.14)%5D,v%5B(2026-09-27T00:00:00Z)%5D%5B(0.0)%5D%5B(22.15):1:(27.47)%5D%5B(-83.16):1:(-76.14)%5D
  Trying jplOscarV2NRT5day @ coastwatch.pfeg.noaa.gov 2026-09-26 ...
  jplOscarV2NRT5day @ coastwatch.pfeg.noaa.gov 2026-09-26: 403 Client Error:  for url: https://coastwatch.pfeg.noaa.gov/erddap/griddap/jplOscarV2NRT5day.nc?u%5B(2026-09-26T00:00:00Z)%5D%5B(0.0)%5D%5B(22.15):1:(27.47)%5D%5B(-83.16):1:(-76.14)%5D,v%5B(2026-09-26T00:00:00Z)%5D%5B(0.0)%5D%5B(22.15):1:(27.47)%5D%5B(-83.16):1:(-76.14)%5D
  Trying jplOscarV2NRT5day @ upwell.pfeg.noaa.gov 2026-09-26 ...
  jplOscarV2NRT5day @ upwell.pfeg.noaa.gov 2026-09-26: 403 Client Error:  for url: https://upwell.pfeg.noaa.gov/erddap/griddap/jplOscarV2NRT5day.nc?u%5B(2026-09-26T00:00:00Z)%5D%5B(0.0)%5D%5B(22.15):1:(27.47)%5D%5B(-83.16):1:(-76.14)%5D,v%5B(2026-09-26T00:00:00Z)%5D%5B(0.0)%5D%5B(22.15):1:(27.47)%5D%5B(-83.16):1:(-76.14)%5D
  Trying jplOscar1day @ coastwatch.pfeg.noaa.gov 2026-10-01 ...
  jplOscar1day @ coastwatch.pfeg.noaa.gov 2026-10-01: 403 Client Error:  for url: https://coastwatch.pfeg.noaa.gov/erddap/griddap/jplOscar1day.nc?u%5B(2026-10-01T00:00:00Z)%5D%5B(0.0)%5D%5B(22.15):1:(27.47)%5D%5B(-83.16):1:(-76.14)%5D,v%5B(2026-10-01T00:00:00Z)%5D%5B(0.0)%5D%5B(22.15):1:(27.47)%5D%5B(-83.16):1:(-76.14)%5D
  Trying jplOscar1day @ upwell.pfeg.noaa.gov 2026-10-01 ...
  jplOscar1day @ upwell.pfeg.noaa.gov 2026-10-01: 403 Client Error:  for url: https://upwell.pfeg.noaa.gov/erddap/griddap/jplOscar1day.nc?u%5B(2026-10-01T00:00:00Z)%5D%5B(0.0)%5D%5B(22.15):1:(27.47)%5D%5B(-83.16):1:(-76.14)%5D,v%5B(2026-10-01T00:00:00Z)%5D%5B(0.0)%5D%5B(22.15):1:(27.47)%5D%5B(-83.16):1:(-76.14)%5D
  Trying jplOscar1day @ coastwatch.pfeg.noaa.gov 2026-09-30 ...
  jplOscar1day @ coastwatch.pfeg.noaa.gov 2026-09-30: 403 Client Error:  for url: https://coastwatch.pfeg.noaa.gov/erddap/griddap/jplOscar1day.nc?u%5B(2026-09-30T00:00:00Z)%5D%5B(0.0)%5D%5B(22.15):1:(27.47)%5D%5B(-83.16):1:(-76.14)%5D,v%5B(2026-09-30T00:00:00Z)%5D%5B(0.0)%5D%5B(22.15):1:(27.47)%5D%5B(-83.16):1:(-76.14)%5D
  Trying jplOscar1day @ upwell.pfeg.noaa.gov 2026-09-30 ...
  jplOscar1day @ upwell.pfeg.noaa.gov 2026-09-30: 403 Client Error:  for url: https://upwell.pfeg.noaa.gov/erddap/griddap/jplOscar1day.nc?u%5B(2026-09-30T00:00:00Z)%5D%5B(0.0)%5D%5B(22.15):1:(27.47)%5D%5B(-83.16):1:(-76.14)%5D,v%5B(2026-09-30T00:00:00Z)%5D%5B(0.0)%5D%5B(22.15):1:(27.47)%5D%5B(-83.16):1:(-76.14)%5D
  Trying jplOscar1day @ coastwatch.pfeg.noaa.gov 2026-09-29 ...
  jplOscar1day @ coastwatch.pfeg.noaa.gov 2026-09-29: 403 Client Error:  for url: https://coastwatch.pfeg.noaa.gov/erddap/griddap/jplOscar1day.nc?u%5B(2026-09-29T00:00:00Z)%5D%5B(0.0)%5D%5B(22.15):1:(27.47)%5D%5B(-83.16):1:(-76.14)%5D,v%5B(2026-09-29T00:00:00Z)%5D%5B(0.0)%5D%5B(22.15):1:(27.47)%5D%5B(-83.16):1:(-76.14)%5D
  Trying jplOscar1day @ upwell.pfeg.noaa.gov 2026-09-29 ...
  jplOscar1day @ upwell.pfeg.noaa.gov 2026-09-29: 403 Client Error:  for url: https://upwell.pfeg.noaa.gov/erddap/griddap/jplOscar1day.nc?u%5B(2026-09-29T00:00:00Z)%5D%5B(0.0)%5D%5B(22.15):1:(27.47)%5D%5B(-83.16):1:(-76.14)%5D,v%5B(2026-09-29T00:00:00Z)%5D%5B(0.0)%5D%5B(22.15):1:(27.47)%5D%5B(-83.16):1:(-76.14)%5D
  Trying jplOscar1day @ coastwatch.pfeg.noaa.gov 2026-09-28 ...
  jplOscar1day @ coastwatch.pfeg.noaa.gov 2026-09-28: 403 Client Error:  for url: https://coastwatch.pfeg.noaa.gov/erddap/griddap/jplOscar1day.nc?u%5B(2026-09-28T00:00:00Z)%5D%5B(0.0)%5D%5B(22.15):1:(27.47)%5D%5B(-83.16):1:(-76.14)%5D,v%5B(2026-09-28T00:00:00Z)%5D%5B(0.0)%5D%5B(22.15):1:(27.47)%5D%5B(-83.16):1:(-76.14)%5D
  Trying jplOscar1day @ upwell.pfeg.noaa.gov 2026-09-28 ...
  jplOscar1day @ upwell.pfeg.noaa.gov 2026-09-28: 403 Client Error:  for url: https://upwell.pfeg.noaa.gov/erddap/griddap/jplOscar1day.nc?u%5B(2026-09-28T00:00:00Z)%5D%5B(0.0)%5D%5B(22.15):1:(27.47)%5D%5B(-83.16):1:(-76.14)%5D,v%5B(2026-09-28T00:00:00Z)%5D%5B(0.0)%5D%5B(22.15):1:(27.47)%5D%5B(-83.16):1:(-76.14)%5D
  Trying jplOscar1day @ coastwatch.pfeg.noaa.gov 2026-09-27 ...
  jplOscar1day @ coastwatch.pfeg.noaa.gov 2026-09-27: 403 Client Error:  for url: https://coastwatch.pfeg.noaa.gov/erddap/griddap/jplOscar1day.nc?u%5B(2026-09-27T00:00:00Z)%5D%5B(0.0)%5D%5B(22.15):1:(27.47)%5D%5B(-83.16):1:(-76.14)%5D,v%5B(2026-09-27T00:00:00Z)%5D%5B(0.0)%5D%5B(22.15):1:(27.47)%5D%5B(-83.16):1:(-76.14)%5D
  Trying jplOscar1day @ upwell.pfeg.noaa.gov 2026-09-27 ...
  jplOscar1day @ upwell.pfeg.noaa.gov 2026-09-27: 403 Client Error:  for url: https://upwell.pfeg.noaa.gov/erddap/griddap/jplOscar1day.nc?u%5B(2026-09-27T00:00:00Z)%5D%5B(0.0)%5D%5B(22.15):1:(27.47)%5D%5B(-83.16):1:(-76.14)%5D,v%5B(2026-09-27T00:00:00Z)%5D%5B(0.0)%5D%5B(22.15):1:(27.47)%5D%5B(-83.16):1:(-76.14)%5D
  Trying jplOscar1day @ coastwatch.pfeg.noaa.gov 2026-09-26 ...
  jplOscar1day @ coastwatch.pfeg.noaa.gov 2026-09-26: 403 Client Error:  for url: https://coastwatch.pfeg.noaa.gov/erddap/griddap/jplOscar1day.nc?u%5B(2026-09-26T00:00:00Z)%5D%5B(0.0)%5D%5B(22.15):1:(27.47)%5D%5B(-83.16):1:(-76.14)%5D,v%5B(2026-09-26T00:00:00Z)%5D%5B(0.0)%5D%5B(22.15):1:(27.47)%5D%5B(-83.16):1:(-76.14)%5D
  Trying jplOscar1day @ upwell.pfeg.noaa.gov 2026-09-26 ...
  jplOscar1day @ upwell.pfeg.noaa.gov 2026-09-26: 403 Client Error:  for url: https://upwell.pfeg.noaa.gov/erddap/griddap/jplOscar1day.nc?u%5B(2026-09-26T00:00:00Z)%5D%5B(0.0)%5D%5B(22.15):1:(27.47)%5D%5B(-83.16):1:(-76.14)%5D,v%5B(2026-09-26T00:00:00Z)%5D%5B(0.0)%5D%5B(22.15):1:(27.47)%5D%5B(-83.16):1:(-76.14)%5D
  Trying erdQCkm1day @ coastwatch.pfeg.noaa.gov 2026-10-01 ...
  erdQCkm1day @ coastwatch.pfeg.noaa.gov 2026-10-01: 403 Client Error:  for url: https://coastwatch.pfeg.noaa.gov/erddap/griddap/erdQCkm1day.nc?u%5B(2026-10-01T00:00:00Z)%5D%5B(0.0)%5D%5B(22.15):1:(27.47)%5D%5B(-83.16):1:(-76.14)%5D,v%5B(2026-10-01T00:00:00Z)%5D%5B(0.0)%5D%5B(22.15):1:(27.47)%5D%5B(-83.16):1:(-76.14)%5D
  Trying erdQCkm1day @ upwell.pfeg.noaa.gov 2026-10-01 ...
  erdQCkm1day @ upwell.pfeg.noaa.gov 2026-10-01: 403 Client Error:  for url: https://upwell.pfeg.noaa.gov/erddap/griddap/erdQCkm1day.nc?u%5B(2026-10-01T00:00:00Z)%5D%5B(0.0)%5D%5B(22.15):1:(27.47)%5D%5B(-83.16):1:(-76.14)%5D,v%5B(2026-10-01T00:00:00Z)%5D%5B(0.0)%5D%5B(22.15):1:(27.47)%5D%5B(-83.16):1:(-76.14)%5D
  Trying erdQCkm1day @ coastwatch.pfeg.noaa.gov 2026-09-30 ...
  erdQCkm1day @ coastwatch.pfeg.noaa.gov 2026-09-30: 403 Client Error:  for url: https://coastwatch.pfeg.noaa.gov/erddap/griddap/erdQCkm1day.nc?u%5B(2026-09-30T00:00:00Z)%5D%5B(0.0)%5D%5B(22.15):1:(27.47)%5D%5B(-83.16):1:(-76.14)%5D,v%5B(2026-09-30T00:00:00Z)%5D%5B(0.0)%5D%5B(22.15):1:(27.47)%5D%5B(-83.16):1:(-76.14)%5D
  Trying erdQCkm1day @ upwell.pfeg.noaa.gov 2026-09-30 ...
  erdQCkm1day @ upwell.pfeg.noaa.gov 2026-09-30: 403 Client Error:  for url: https://upwell.pfeg.noaa.gov/erddap/griddap/erdQCkm1day.nc?u%5B(2026-09-30T00:00:00Z)%5D%5B(0.0)%5D%5B(22.15):1:(27.47)%5D%5B(-83.16):1:(-76.14)%5D,v%5B(2026-09-30T00:00:00Z)%5D%5B(0.0)%5D%5B(22.15):1:(27.47)%5D%5B(-83.16):1:(-76.14)%5D
  Trying erdQCkm1day @ coastwatch.pfeg.noaa.gov 2026-09-29 ...
  erdQCkm1day @ coastwatch.pfeg.noaa.gov 2026-09-29: 403 Client Error:  for url: https://coastwatch.pfeg.noaa.gov/erddap/griddap/erdQCkm1day.nc?u%5B(2026-09-29T00:00:00Z)%5D%5B(0.0)%5D%5B(22.15):1:(27.47)%5D%5B(-83.16):1:(-76.14)%5D,v%5B(2026-09-29T00:00:00Z)%5D%5B(0.0)%5D%5B(22.15):1:(27.47)%5D%5B(-83.16):1:(-76.14)%5D
  Trying erdQCkm1day @ upwell.pfeg.noaa.gov 2026-09-29 ...
  erdQCkm1day @ upwell.pfeg.noaa.gov 2026-09-29: 403 Client Error:  for url: https://upwell.pfeg.noaa.gov/erddap/griddap/erdQCkm1day.nc?u%5B(2026-09-29T00:00:00Z)%5D%5B(0.0)%5D%5B(22.15):1:(27.47)%5D%5B(-83.16):1:(-76.14)%5D,v%5B(2026-09-29T00:00:00Z)%5D%5B(0.0)%5D%5B(22.15):1:(27.47)%5D%5B(-83.16):1:(-76.14)%5D
  Trying erdQCkm1day @ coastwatch.pfeg.noaa.gov 2026-09-28 ...
  erdQCkm1day @ coastwatch.pfeg.noaa.gov 2026-09-28: 403 Client Error:  for url: https://coastwatch.pfeg.noaa.gov/erddap/griddap/erdQCkm1day.nc?u%5B(2026-09-28T00:00:00Z)%5D%5B(0.0)%5D%5B(22.15):1:(27.47)%5D%5B(-83.16):1:(-76.14)%5D,v%5B(2026-09-28T00:00:00Z)%5D%5B(0.0)%5D%5B(22.15):1:(27.47)%5D%5B(-83.16):1:(-76.14)%5D
  Trying erdQCkm1day @ upwell.pfeg.noaa.gov 2026-09-28 ...
  erdQCkm1day @ upwell.pfeg.noaa.gov 2026-09-28: 403 Client Error:  for url: https://upwell.pfeg.noaa.gov/erddap/griddap/erdQCkm1day.nc?u%5B(2026-09-28T00:00:00Z)%5D%5B(0.0)%5D%5B(22.15):1:(27.47)%5D%5B(-83.16):1:(-76.14)%5D,v%5B(2026-09-28T00:00:00Z)%5D%5B(0.0)%5D%5B(22.15):1:(27.47)%5D%5B(-83.16):1:(-76.14)%5D
  Trying erdQCkm1day @ coastwatch.pfeg.noaa.gov 2026-09-27 ...
  erdQCkm1day @ coastwatch.pfeg.noaa.gov 2026-09-27: 403 Client Error:  for url: https://coastwatch.pfeg.noaa.gov/erddap/griddap/erdQCkm1day.nc?u%5B(2026-09-27T00:00:00Z)%5D%5B(0.0)%5D%5B(22.15):1:(27.47)%5D%5B(-83.16):1:(-76.14)%5D,v%5B(2026-09-27T00:00:00Z)%5D%5B(0.0)%5D%5B(22.15):1:(27.47)%5D%5B(-83.16):1:(-76.14)%5D
  Trying erdQCkm1day @ upwell.pfeg.noaa.gov 2026-09-27 ...
  erdQCkm1day @ upwell.pfeg.noaa.gov 2026-09-27: 403 Client Error:  for url: https://upwell.pfeg.noaa.gov/erddap/griddap/erdQCkm1day.nc?u%5B(2026-09-27T00:00:00Z)%5D%5B(0.0)%5D%5B(22.15):1:(27.47)%5D%5B(-83.16):1:(-76.14)%5D,v%5B(2026-09-27T00:00:00Z)%5D%5B(0.0)%5D%5B(22.15):1:(27.47)%5D%5B(-83.16):1:(-76.14)%5D
  Trying erdQCkm1day @ coastwatch.pfeg.noaa.gov 2026-09-26 ...
  erdQCkm1day @ coastwatch.pfeg.noaa.gov 2026-09-26: 403 Client Error:  for url: https://coastwatch.pfeg.noaa.gov/erddap/griddap/erdQCkm1day.nc?u%5B(2026-09-26T00:00:00Z)%5D%5B(0.0)%5D%5B(22.15):1:(27.47)%5D%5B(-83.16):1:(-76.14)%5D,v%5B(2026-09-26T00:00:00Z)%5D%5B(0.0)%5D%5B(22.15):1:(27.47)%5D%5B(-83.16):1:(-76.14)%5D
  Trying erdQCkm1day @ upwell.pfeg.noaa.gov 2026-09-26 ...
  erdQCkm1day @ upwell.pfeg.noaa.gov 2026-09-26: 403 Client Error:  for url: https://upwell.pfeg.noaa.gov/erddap/griddap/erdQCkm1day.nc?u%5B(2026-09-26T00:00:00Z)%5D%5B(0.0)%5D%5B(22.15):1:(27.47)%5D%5B(-83.16):1:(-76.14)%5D,v%5B(2026-09-26T00:00:00Z)%5D%5B(0.0)%5D%5B(22.15):1:(27.47)%5D%5B(-83.16):1:(-76.14)%5D
  OSCAR: all attempts failed

[CMEMS] Currents  (2026-10-01)  0.083 deg, daily
INFO - 2026-10-02T00:15:39Z - Selected dataset version: "202406"
INFO - 2026-10-02T00:15:39Z - Selected dataset part: "default"
WARNING - 2026-10-02T00:15:39Z - Some of your subset selection [0.0, 1.0] for the depth dimension exceed the dataset coordinates [0.49402499198913574, 5727.9169921875]
INFO - 2026-10-02T00:15:44Z - Total size of the download: 56.51 KB.
  CMEMS currents: 4,332 pts  0.007–1.370 m/s

[CMEMS] Altimetry  (2026-10-01)  0.125 deg, daily
INFO - 2026-10-02T00:15:46Z - Selected dataset version: "202506"
INFO - 2026-10-02T00:15:46Z - Selected dataset part: "default"
WARNING - 2026-10-02T00:15:46Z - Some of your subset selection [2026-10-01 00:00:00+00:00, 2026-10-01 23:59:59+00:00] for the time dimension exceed the dataset coordinates [2024-07-01 00:00:00+00:00, 2026-10-01 00:00:00+00:00]
INFO - 2026-10-02T00:15:51Z - Total size of the download: 51.74 KB.
  Altimetry: 2,043 pts  SLA -0.077–0.431 m
  Geostrophic currents: 2,043 pts  0.006–1.420 m/s

============================================================
  Exporting ...
    Currents JSON → DailySST/Currents/s_fl/currents_20261001.json  (444 KB)
    Currents CSV  → DailySST/Currents/s_fl/currents_20261001.csv  (4,332 rows, 267 KB)
    Altimetry CSV  → DailySST/Altimetry/s_fl/altimetry_20261001.csv  (2,043 rows, 117 KB)
    Altimetry grid → DailySST/Altimetry/s_fl/altimetry_20261001_grid.json  (32 KB)

============================================================
  Currents  (CMEMS): 4,332 pts  speed 0.007–1.370 m/s  p98=1.201 m/s
  Altimetry (CMEMS_ALT): 2,043 pts  SSH 0.214–1.106 m
============================================================

  Files → /home/runner/work/SSTv2/SSTv2/DailySST/Currents/s_fl
         → /home/runner/work/SSTv2/SSTv2/DailySST/Altimetry/s_fl
