============================================================
  Ocean Dynamics Fetcher — Currents + Altimetry
  Date      : 2026-08-20
  BBOX      : {'lat_min': 29.8, 'lat_max': 35.2, 'lon_min': -82.0, 'lon_max': -75.2}
  Output    : /home/runner/work/SSTv2/SSTv2/DailySST
============================================================

[1/3] HYCOM currents + SSH  (target: 2026-08-20)  ~1/12 deg
  HYCOM catalog found dataset: FMRC_ESPC-D-V02_uv3z
  Trying https://tds.hycom.org/thredds/ncss/FMRC_ESPC-D-V02_uv3z/runs/FMRC_ESPC-D-V02_uv3...
  HYCOM 2026-08-20 12Z failed: 404 Client Error: 404 for url: https://tds.hycom.org/thredds/ncss/FMRC_ESPC-D-V02_uv3z/runs/FMRC_ESPC-D-V02_uv3z_RUN_2026-08-20T12:00:00Z?var=water_u&var=water_v&var=surf_el&north=35.2&south=29.8&west=-82.0&east=-75.2&horizStride=1&vertCoord=0&disableLLSubset=on&disableProjSubset=on&time_start=2026-08-20T12:00:00Z&time_end=2026-08-20T12:00:00Z&accept=netcdf
  Trying https://tds.hycom.org/thredds/ncss/FMRC_ESPC-D-V02_uv3z/FMRC_ESPC-D-V02_uv3z_bes...
  HYCOM 2026-08-20 12Z failed: 400 Client Error: 400 for url: https://tds.hycom.org/thredds/ncss/FMRC_ESPC-D-V02_uv3z/FMRC_ESPC-D-V02_uv3z_best.ncd?var=water_u&var=water_v&var=surf_el&north=35.2&south=29.8&west=-82.0&east=-75.2&horizStride=1&vertCoord=0&disableLLSubset=on&disableProjSubset=on&time_start=2026-08-20T12:00:00Z&time_end=2026-08-20T12:00:00Z&accept=netcdf
  Trying https://tds.hycom.org/thredds/ncss/FMRC_ESPC-D-V02_uv3z/runs/FMRC_ESPC-D-V02_uv3...
  HYCOM 2026-08-20 00Z failed: 404 Client Error: 404 for url: https://tds.hycom.org/thredds/ncss/FMRC_ESPC-D-V02_uv3z/runs/FMRC_ESPC-D-V02_uv3z_RUN_2026-08-20T00:00:00Z?var=water_u&var=water_v&var=surf_el&north=35.2&south=29.8&west=-82.0&east=-75.2&horizStride=1&vertCoord=0&disableLLSubset=on&disableProjSubset=on&time_start=2026-08-20T00:00:00Z&time_end=2026-08-20T00:00:00Z&accept=netcdf
  Trying https://tds.hycom.org/thredds/ncss/FMRC_ESPC-D-V02_uv3z/FMRC_ESPC-D-V02_uv3z_bes...
  HYCOM 2026-08-20 00Z failed: 400 Client Error: 400 for url: https://tds.hycom.org/thredds/ncss/FMRC_ESPC-D-V02_uv3z/FMRC_ESPC-D-V02_uv3z_best.ncd?var=water_u&var=water_v&var=surf_el&north=35.2&south=29.8&west=-82.0&east=-75.2&horizStride=1&vertCoord=0&disableLLSubset=on&disableProjSubset=on&time_start=2026-08-20T00:00:00Z&time_end=2026-08-20T00:00:00Z&accept=netcdf
  Trying https://tds.hycom.org/thredds/ncss/FMRC_ESPC-D-V02_uv3z/runs/FMRC_ESPC-D-V02_uv3...
  HYCOM 2026-08-19 12Z failed: 400 Client Error: 400 for url: https://tds.hycom.org/thredds/ncss/FMRC_ESPC-D-V02_uv3z/runs/FMRC_ESPC-D-V02_uv3z_RUN_2026-08-19T12:00:00Z?var=water_u&var=water_v&var=surf_el&north=35.2&south=29.8&west=-82.0&east=-75.2&horizStride=1&vertCoord=0&disableLLSubset=on&disableProjSubset=on&time_start=2026-08-19T12:00:00Z&time_end=2026-08-19T12:00:00Z&accept=netcdf
  Trying https://tds.hycom.org/thredds/ncss/FMRC_ESPC-D-V02_uv3z/FMRC_ESPC-D-V02_uv3z_bes...
  HYCOM 2026-08-19 12Z failed: 400 Client Error: 400 for url: https://tds.hycom.org/thredds/ncss/FMRC_ESPC-D-V02_uv3z/FMRC_ESPC-D-V02_uv3z_best.ncd?var=water_u&var=water_v&var=surf_el&north=35.2&south=29.8&west=-82.0&east=-75.2&horizStride=1&vertCoord=0&disableLLSubset=on&disableProjSubset=on&time_start=2026-08-19T12:00:00Z&time_end=2026-08-19T12:00:00Z&accept=netcdf
  Trying https://tds.hycom.org/thredds/ncss/FMRC_ESPC-D-V02_uv3z/runs/FMRC_ESPC-D-V02_uv3...
  HYCOM 2026-08-19 00Z failed: 404 Client Error: 404 for url: https://tds.hycom.org/thredds/ncss/FMRC_ESPC-D-V02_uv3z/runs/FMRC_ESPC-D-V02_uv3z_RUN_2026-08-19T00:00:00Z?var=water_u&var=water_v&var=surf_el&north=35.2&south=29.8&west=-82.0&east=-75.2&horizStride=1&vertCoord=0&disableLLSubset=on&disableProjSubset=on&time_start=2026-08-19T00:00:00Z&time_end=2026-08-19T00:00:00Z&accept=netcdf
  Trying https://tds.hycom.org/thredds/ncss/FMRC_ESPC-D-V02_uv3z/FMRC_ESPC-D-V02_uv3z_bes...
  HYCOM 2026-08-19 00Z failed: 400 Client Error: 400 for url: https://tds.hycom.org/thredds/ncss/FMRC_ESPC-D-V02_uv3z/FMRC_ESPC-D-V02_uv3z_best.ncd?var=water_u&var=water_v&var=surf_el&north=35.2&south=29.8&west=-82.0&east=-75.2&horizStride=1&vertCoord=0&disableLLSubset=on&disableProjSubset=on&time_start=2026-08-19T00:00:00Z&time_end=2026-08-19T00:00:00Z&accept=netcdf
  Trying https://tds.hycom.org/thredds/ncss/FMRC_ESPC-D-V02_uv3z/runs/FMRC_ESPC-D-V02_uv3...
  HYCOM 2026-08-18 12Z failed: 400 Client Error: 400 for url: https://tds.hycom.org/thredds/ncss/FMRC_ESPC-D-V02_uv3z/runs/FMRC_ESPC-D-V02_uv3z_RUN_2026-08-18T12:00:00Z?var=water_u&var=water_v&var=surf_el&north=35.2&south=29.8&west=-82.0&east=-75.2&horizStride=1&vertCoord=0&disableLLSubset=on&disableProjSubset=on&time_start=2026-08-18T12:00:00Z&time_end=2026-08-18T12:00:00Z&accept=netcdf
  Trying https://tds.hycom.org/thredds/ncss/FMRC_ESPC-D-V02_uv3z/FMRC_ESPC-D-V02_uv3z_bes...
  HYCOM 2026-08-18 12Z failed: 400 Client Error: 400 for url: https://tds.hycom.org/thredds/ncss/FMRC_ESPC-D-V02_uv3z/FMRC_ESPC-D-V02_uv3z_best.ncd?var=water_u&var=water_v&var=surf_el&north=35.2&south=29.8&west=-82.0&east=-75.2&horizStride=1&vertCoord=0&disableLLSubset=on&disableProjSubset=on&time_start=2026-08-18T12:00:00Z&time_end=2026-08-18T12:00:00Z&accept=netcdf
  Trying https://tds.hycom.org/thredds/ncss/FMRC_ESPC-D-V02_uv3z/runs/FMRC_ESPC-D-V02_uv3...
  HYCOM 2026-08-18 00Z failed: 404 Client Error: 404 for url: https://tds.hycom.org/thredds/ncss/FMRC_ESPC-D-V02_uv3z/runs/FMRC_ESPC-D-V02_uv3z_RUN_2026-08-18T00:00:00Z?var=water_u&var=water_v&var=surf_el&north=35.2&south=29.8&west=-82.0&east=-75.2&horizStride=1&vertCoord=0&disableLLSubset=on&disableProjSubset=on&time_start=2026-08-18T00:00:00Z&time_end=2026-08-18T00:00:00Z&accept=netcdf
  Trying https://tds.hycom.org/thredds/ncss/FMRC_ESPC-D-V02_uv3z/FMRC_ESPC-D-V02_uv3z_bes...
  HYCOM 2026-08-18 00Z failed: 400 Client Error: 400 for url: https://tds.hycom.org/thredds/ncss/FMRC_ESPC-D-V02_uv3z/FMRC_ESPC-D-V02_uv3z_best.ncd?var=water_u&var=water_v&var=surf_el&north=35.2&south=29.8&west=-82.0&east=-75.2&horizStride=1&vertCoord=0&disableLLSubset=on&disableProjSubset=on&time_start=2026-08-18T00:00:00Z&time_end=2026-08-18T00:00:00Z&accept=netcdf
  Trying https://tds.hycom.org/thredds/ncss/FMRC_ESPC-D-V02_uv3z/runs/FMRC_ESPC-D-V02_uv3...
  HYCOM 2026-08-17 12Z failed: 400 Client Error: 400 for url: https://tds.hycom.org/thredds/ncss/FMRC_ESPC-D-V02_uv3z/runs/FMRC_ESPC-D-V02_uv3z_RUN_2026-08-17T12:00:00Z?var=water_u&var=water_v&var=surf_el&north=35.2&south=29.8&west=-82.0&east=-75.2&horizStride=1&vertCoord=0&disableLLSubset=on&disableProjSubset=on&time_start=2026-08-17T12:00:00Z&time_end=2026-08-17T12:00:00Z&accept=netcdf
  Trying https://tds.hycom.org/thredds/ncss/FMRC_ESPC-D-V02_uv3z/FMRC_ESPC-D-V02_uv3z_bes...
  HYCOM 2026-08-17 12Z failed: 400 Client Error: 400 for url: https://tds.hycom.org/thredds/ncss/FMRC_ESPC-D-V02_uv3z/FMRC_ESPC-D-V02_uv3z_best.ncd?var=water_u&var=water_v&var=surf_el&north=35.2&south=29.8&west=-82.0&east=-75.2&horizStride=1&vertCoord=0&disableLLSubset=on&disableProjSubset=on&time_start=2026-08-17T12:00:00Z&time_end=2026-08-17T12:00:00Z&accept=netcdf
  Trying https://tds.hycom.org/thredds/ncss/FMRC_ESPC-D-V02_uv3z/runs/FMRC_ESPC-D-V02_uv3...
  HYCOM 2026-08-17 00Z failed: 404 Client Error: 404 for url: https://tds.hycom.org/thredds/ncss/FMRC_ESPC-D-V02_uv3z/runs/FMRC_ESPC-D-V02_uv3z_RUN_2026-08-17T00:00:00Z?var=water_u&var=water_v&var=surf_el&north=35.2&south=29.8&west=-82.0&east=-75.2&horizStride=1&vertCoord=0&disableLLSubset=on&disableProjSubset=on&time_start=2026-08-17T00:00:00Z&time_end=2026-08-17T00:00:00Z&accept=netcdf
  Trying https://tds.hycom.org/thredds/ncss/FMRC_ESPC-D-V02_uv3z/FMRC_ESPC-D-V02_uv3z_bes...
  HYCOM 2026-08-17 00Z failed: 400 Client Error: 400 for url: https://tds.hycom.org/thredds/ncss/FMRC_ESPC-D-V02_uv3z/FMRC_ESPC-D-V02_uv3z_best.ncd?var=water_u&var=water_v&var=surf_el&north=35.2&south=29.8&west=-82.0&east=-75.2&horizStride=1&vertCoord=0&disableLLSubset=on&disableProjSubset=on&time_start=2026-08-17T00:00:00Z&time_end=2026-08-17T00:00:00Z&accept=netcdf
  HYCOM: all attempts failed

[2/3] OSCAR currents  (target: 2026-08-20)  1/3 deg, 5-day composite
  Trying OSCAR_L4_OC_NRT_V2.1 @ coastwatch.pfeg.noaa.gov 2026-08-20 ...
  OSCAR_L4_OC_NRT_V2.1 @ coastwatch.pfeg.noaa.gov 2026-08-20: 404 Client Error:  for url: https://coastwatch.pfeg.noaa.gov/erddap/griddap/OSCAR_L4_OC_NRT_V2.1.nc?u%5B(2026-08-20T00:00:00Z)%5D%5B(0.0)%5D%5B(29.8):1:(35.2)%5D%5B(-82.0):1:(-75.2)%5D,v%5B(2026-08-20T00:00:00Z)%5D%5B(0.0)%5D%5B(29.8):1:(35.2)%5D%5B(-82.0):1:(-75.2)%5D
  Trying OSCAR_L4_OC_NRT_V2.1 @ upwell.pfeg.noaa.gov 2026-08-20 ...
  OSCAR_L4_OC_NRT_V2.1 @ upwell.pfeg.noaa.gov 2026-08-20: 404 Client Error:  for url: https://upwell.pfeg.noaa.gov/erddap/griddap/OSCAR_L4_OC_NRT_V2.1.nc?u%5B(2026-08-20T00:00:00Z)%5D%5B(0.0)%5D%5B(29.8):1:(35.2)%5D%5B(-82.0):1:(-75.2)%5D,v%5B(2026-08-20T00:00:00Z)%5D%5B(0.0)%5D%5B(29.8):1:(35.2)%5D%5B(-82.0):1:(-75.2)%5D
  Trying OSCAR_L4_OC_NRT_V2.1 @ coastwatch.pfeg.noaa.gov 2026-08-19 ...
  OSCAR_L4_OC_NRT_V2.1 @ coastwatch.pfeg.noaa.gov 2026-08-19: 404 Client Error:  for url: https://coastwatch.pfeg.noaa.gov/erddap/griddap/OSCAR_L4_OC_NRT_V2.1.nc?u%5B(2026-08-19T00:00:00Z)%5D%5B(0.0)%5D%5B(29.8):1:(35.2)%5D%5B(-82.0):1:(-75.2)%5D,v%5B(2026-08-19T00:00:00Z)%5D%5B(0.0)%5D%5B(29.8):1:(35.2)%5D%5B(-82.0):1:(-75.2)%5D
  Trying OSCAR_L4_OC_NRT_V2.1 @ upwell.pfeg.noaa.gov 2026-08-19 ...
  OSCAR_L4_OC_NRT_V2.1 @ upwell.pfeg.noaa.gov 2026-08-19: 404 Client Error:  for url: https://upwell.pfeg.noaa.gov/erddap/griddap/OSCAR_L4_OC_NRT_V2.1.nc?u%5B(2026-08-19T00:00:00Z)%5D%5B(0.0)%5D%5B(29.8):1:(35.2)%5D%5B(-82.0):1:(-75.2)%5D,v%5B(2026-08-19T00:00:00Z)%5D%5B(0.0)%5D%5B(29.8):1:(35.2)%5D%5B(-82.0):1:(-75.2)%5D
  Trying OSCAR_L4_OC_NRT_V2.1 @ coastwatch.pfeg.noaa.gov 2026-08-18 ...
  OSCAR_L4_OC_NRT_V2.1 @ coastwatch.pfeg.noaa.gov 2026-08-18: 404 Client Error:  for url: https://coastwatch.pfeg.noaa.gov/erddap/griddap/OSCAR_L4_OC_NRT_V2.1.nc?u%5B(2026-08-18T00:00:00Z)%5D%5B(0.0)%5D%5B(29.8):1:(35.2)%5D%5B(-82.0):1:(-75.2)%5D,v%5B(2026-08-18T00:00:00Z)%5D%5B(0.0)%5D%5B(29.8):1:(35.2)%5D%5B(-82.0):1:(-75.2)%5D
  Trying OSCAR_L4_OC_NRT_V2.1 @ upwell.pfeg.noaa.gov 2026-08-18 ...
  OSCAR_L4_OC_NRT_V2.1 @ upwell.pfeg.noaa.gov 2026-08-18: 404 Client Error:  for url: https://upwell.pfeg.noaa.gov/erddap/griddap/OSCAR_L4_OC_NRT_V2.1.nc?u%5B(2026-08-18T00:00:00Z)%5D%5B(0.0)%5D%5B(29.8):1:(35.2)%5D%5B(-82.0):1:(-75.2)%5D,v%5B(2026-08-18T00:00:00Z)%5D%5B(0.0)%5D%5B(29.8):1:(35.2)%5D%5B(-82.0):1:(-75.2)%5D
  Trying OSCAR_L4_OC_NRT_V2.1 @ coastwatch.pfeg.noaa.gov 2026-08-17 ...
  OSCAR_L4_OC_NRT_V2.1 @ coastwatch.pfeg.noaa.gov 2026-08-17: 404 Client Error:  for url: https://coastwatch.pfeg.noaa.gov/erddap/griddap/OSCAR_L4_OC_NRT_V2.1.nc?u%5B(2026-08-17T00:00:00Z)%5D%5B(0.0)%5D%5B(29.8):1:(35.2)%5D%5B(-82.0):1:(-75.2)%5D,v%5B(2026-08-17T00:00:00Z)%5D%5B(0.0)%5D%5B(29.8):1:(35.2)%5D%5B(-82.0):1:(-75.2)%5D
  Trying OSCAR_L4_OC_NRT_V2.1 @ upwell.pfeg.noaa.gov 2026-08-17 ...
  OSCAR_L4_OC_NRT_V2.1 @ upwell.pfeg.noaa.gov 2026-08-17: 404 Client Error:  for url: https://upwell.pfeg.noaa.gov/erddap/griddap/OSCAR_L4_OC_NRT_V2.1.nc?u%5B(2026-08-17T00:00:00Z)%5D%5B(0.0)%5D%5B(29.8):1:(35.2)%5D%5B(-82.0):1:(-75.2)%5D,v%5B(2026-08-17T00:00:00Z)%5D%5B(0.0)%5D%5B(29.8):1:(35.2)%5D%5B(-82.0):1:(-75.2)%5D
  Trying OSCAR_L4_OC_NRT_V2.1 @ coastwatch.pfeg.noaa.gov 2026-08-16 ...
  OSCAR_L4_OC_NRT_V2.1 @ coastwatch.pfeg.noaa.gov 2026-08-16: 404 Client Error:  for url: https://coastwatch.pfeg.noaa.gov/erddap/griddap/OSCAR_L4_OC_NRT_V2.1.nc?u%5B(2026-08-16T00:00:00Z)%5D%5B(0.0)%5D%5B(29.8):1:(35.2)%5D%5B(-82.0):1:(-75.2)%5D,v%5B(2026-08-16T00:00:00Z)%5D%5B(0.0)%5D%5B(29.8):1:(35.2)%5D%5B(-82.0):1:(-75.2)%5D
  Trying OSCAR_L4_OC_NRT_V2.1 @ upwell.pfeg.noaa.gov 2026-08-16 ...
  OSCAR_L4_OC_NRT_V2.1 @ upwell.pfeg.noaa.gov 2026-08-16: 404 Client Error:  for url: https://upwell.pfeg.noaa.gov/erddap/griddap/OSCAR_L4_OC_NRT_V2.1.nc?u%5B(2026-08-16T00:00:00Z)%5D%5B(0.0)%5D%5B(29.8):1:(35.2)%5D%5B(-82.0):1:(-75.2)%5D,v%5B(2026-08-16T00:00:00Z)%5D%5B(0.0)%5D%5B(29.8):1:(35.2)%5D%5B(-82.0):1:(-75.2)%5D
  Trying OSCAR_L4_OC_NRT_V2.1 @ coastwatch.pfeg.noaa.gov 2026-08-15 ...
  OSCAR_L4_OC_NRT_V2.1 @ coastwatch.pfeg.noaa.gov 2026-08-15: 404 Client Error:  for url: https://coastwatch.pfeg.noaa.gov/erddap/griddap/OSCAR_L4_OC_NRT_V2.1.nc?u%5B(2026-08-15T00:00:00Z)%5D%5B(0.0)%5D%5B(29.8):1:(35.2)%5D%5B(-82.0):1:(-75.2)%5D,v%5B(2026-08-15T00:00:00Z)%5D%5B(0.0)%5D%5B(29.8):1:(35.2)%5D%5B(-82.0):1:(-75.2)%5D
  Trying OSCAR_L4_OC_NRT_V2.1 @ upwell.pfeg.noaa.gov 2026-08-15 ...
  OSCAR_L4_OC_NRT_V2.1 @ upwell.pfeg.noaa.gov 2026-08-15: 404 Client Error:  for url: https://upwell.pfeg.noaa.gov/erddap/griddap/OSCAR_L4_OC_NRT_V2.1.nc?u%5B(2026-08-15T00:00:00Z)%5D%5B(0.0)%5D%5B(29.8):1:(35.2)%5D%5B(-82.0):1:(-75.2)%5D,v%5B(2026-08-15T00:00:00Z)%5D%5B(0.0)%5D%5B(29.8):1:(35.2)%5D%5B(-82.0):1:(-75.2)%5D
  Trying OSCAR_L4_OC_NRT_V2.0 @ coastwatch.pfeg.noaa.gov 2026-08-20 ...
  OSCAR_L4_OC_NRT_V2.0 @ coastwatch.pfeg.noaa.gov 2026-08-20: 404 Client Error:  for url: https://coastwatch.pfeg.noaa.gov/erddap/griddap/OSCAR_L4_OC_NRT_V2.0.nc?u%5B(2026-08-20T00:00:00Z)%5D%5B(0.0)%5D%5B(29.8):1:(35.2)%5D%5B(-82.0):1:(-75.2)%5D,v%5B(2026-08-20T00:00:00Z)%5D%5B(0.0)%5D%5B(29.8):1:(35.2)%5D%5B(-82.0):1:(-75.2)%5D
  Trying OSCAR_L4_OC_NRT_V2.0 @ upwell.pfeg.noaa.gov 2026-08-20 ...
  OSCAR_L4_OC_NRT_V2.0 @ upwell.pfeg.noaa.gov 2026-08-20: 404 Client Error:  for url: https://upwell.pfeg.noaa.gov/erddap/griddap/OSCAR_L4_OC_NRT_V2.0.nc?u%5B(2026-08-20T00:00:00Z)%5D%5B(0.0)%5D%5B(29.8):1:(35.2)%5D%5B(-82.0):1:(-75.2)%5D,v%5B(2026-08-20T00:00:00Z)%5D%5B(0.0)%5D%5B(29.8):1:(35.2)%5D%5B(-82.0):1:(-75.2)%5D
  Trying OSCAR_L4_OC_NRT_V2.0 @ coastwatch.pfeg.noaa.gov 2026-08-19 ...
  OSCAR_L4_OC_NRT_V2.0 @ coastwatch.pfeg.noaa.gov 2026-08-19: 404 Client Error:  for url: https://coastwatch.pfeg.noaa.gov/erddap/griddap/OSCAR_L4_OC_NRT_V2.0.nc?u%5B(2026-08-19T00:00:00Z)%5D%5B(0.0)%5D%5B(29.8):1:(35.2)%5D%5B(-82.0):1:(-75.2)%5D,v%5B(2026-08-19T00:00:00Z)%5D%5B(0.0)%5D%5B(29.8):1:(35.2)%5D%5B(-82.0):1:(-75.2)%5D
  Trying OSCAR_L4_OC_NRT_V2.0 @ upwell.pfeg.noaa.gov 2026-08-19 ...
  OSCAR_L4_OC_NRT_V2.0 @ upwell.pfeg.noaa.gov 2026-08-19: 404 Client Error:  for url: https://upwell.pfeg.noaa.gov/erddap/griddap/OSCAR_L4_OC_NRT_V2.0.nc?u%5B(2026-08-19T00:00:00Z)%5D%5B(0.0)%5D%5B(29.8):1:(35.2)%5D%5B(-82.0):1:(-75.2)%5D,v%5B(2026-08-19T00:00:00Z)%5D%5B(0.0)%5D%5B(29.8):1:(35.2)%5D%5B(-82.0):1:(-75.2)%5D
  Trying OSCAR_L4_OC_NRT_V2.0 @ coastwatch.pfeg.noaa.gov 2026-08-18 ...
  OSCAR_L4_OC_NRT_V2.0 @ coastwatch.pfeg.noaa.gov 2026-08-18: 404 Client Error:  for url: https://coastwatch.pfeg.noaa.gov/erddap/griddap/OSCAR_L4_OC_NRT_V2.0.nc?u%5B(2026-08-18T00:00:00Z)%5D%5B(0.0)%5D%5B(29.8):1:(35.2)%5D%5B(-82.0):1:(-75.2)%5D,v%5B(2026-08-18T00:00:00Z)%5D%5B(0.0)%5D%5B(29.8):1:(35.2)%5D%5B(-82.0):1:(-75.2)%5D
  Trying OSCAR_L4_OC_NRT_V2.0 @ upwell.pfeg.noaa.gov 2026-08-18 ...
  OSCAR_L4_OC_NRT_V2.0 @ upwell.pfeg.noaa.gov 2026-08-18: 404 Client Error:  for url: https://upwell.pfeg.noaa.gov/erddap/griddap/OSCAR_L4_OC_NRT_V2.0.nc?u%5B(2026-08-18T00:00:00Z)%5D%5B(0.0)%5D%5B(29.8):1:(35.2)%5D%5B(-82.0):1:(-75.2)%5D,v%5B(2026-08-18T00:00:00Z)%5D%5B(0.0)%5D%5B(29.8):1:(35.2)%5D%5B(-82.0):1:(-75.2)%5D
  Trying OSCAR_L4_OC_NRT_V2.0 @ coastwatch.pfeg.noaa.gov 2026-08-17 ...
  OSCAR_L4_OC_NRT_V2.0 @ coastwatch.pfeg.noaa.gov 2026-08-17: 404 Client Error:  for url: https://coastwatch.pfeg.noaa.gov/erddap/griddap/OSCAR_L4_OC_NRT_V2.0.nc?u%5B(2026-08-17T00:00:00Z)%5D%5B(0.0)%5D%5B(29.8):1:(35.2)%5D%5B(-82.0):1:(-75.2)%5D,v%5B(2026-08-17T00:00:00Z)%5D%5B(0.0)%5D%5B(29.8):1:(35.2)%5D%5B(-82.0):1:(-75.2)%5D
  Trying OSCAR_L4_OC_NRT_V2.0 @ upwell.pfeg.noaa.gov 2026-08-17 ...
  OSCAR_L4_OC_NRT_V2.0 @ upwell.pfeg.noaa.gov 2026-08-17: 404 Client Error:  for url: https://upwell.pfeg.noaa.gov/erddap/griddap/OSCAR_L4_OC_NRT_V2.0.nc?u%5B(2026-08-17T00:00:00Z)%5D%5B(0.0)%5D%5B(29.8):1:(35.2)%5D%5B(-82.0):1:(-75.2)%5D,v%5B(2026-08-17T00:00:00Z)%5D%5B(0.0)%5D%5B(29.8):1:(35.2)%5D%5B(-82.0):1:(-75.2)%5D
  Trying OSCAR_L4_OC_NRT_V2.0 @ coastwatch.pfeg.noaa.gov 2026-08-16 ...
  OSCAR_L4_OC_NRT_V2.0 @ coastwatch.pfeg.noaa.gov 2026-08-16: 404 Client Error:  for url: https://coastwatch.pfeg.noaa.gov/erddap/griddap/OSCAR_L4_OC_NRT_V2.0.nc?u%5B(2026-08-16T00:00:00Z)%5D%5B(0.0)%5D%5B(29.8):1:(35.2)%5D%5B(-82.0):1:(-75.2)%5D,v%5B(2026-08-16T00:00:00Z)%5D%5B(0.0)%5D%5B(29.8):1:(35.2)%5D%5B(-82.0):1:(-75.2)%5D
  Trying OSCAR_L4_OC_NRT_V2.0 @ upwell.pfeg.noaa.gov 2026-08-16 ...
  OSCAR_L4_OC_NRT_V2.0 @ upwell.pfeg.noaa.gov 2026-08-16: 404 Client Error:  for url: https://upwell.pfeg.noaa.gov/erddap/griddap/OSCAR_L4_OC_NRT_V2.0.nc?u%5B(2026-08-16T00:00:00Z)%5D%5B(0.0)%5D%5B(29.8):1:(35.2)%5D%5B(-82.0):1:(-75.2)%5D,v%5B(2026-08-16T00:00:00Z)%5D%5B(0.0)%5D%5B(29.8):1:(35.2)%5D%5B(-82.0):1:(-75.2)%5D
  Trying OSCAR_L4_OC_NRT_V2.0 @ coastwatch.pfeg.noaa.gov 2026-08-15 ...
  OSCAR_L4_OC_NRT_V2.0 @ coastwatch.pfeg.noaa.gov 2026-08-15: 404 Client Error:  for url: https://coastwatch.pfeg.noaa.gov/erddap/griddap/OSCAR_L4_OC_NRT_V2.0.nc?u%5B(2026-08-15T00:00:00Z)%5D%5B(0.0)%5D%5B(29.8):1:(35.2)%5D%5B(-82.0):1:(-75.2)%5D,v%5B(2026-08-15T00:00:00Z)%5D%5B(0.0)%5D%5B(29.8):1:(35.2)%5D%5B(-82.0):1:(-75.2)%5D
  Trying OSCAR_L4_OC_NRT_V2.0 @ upwell.pfeg.noaa.gov 2026-08-15 ...
  OSCAR_L4_OC_NRT_V2.0 @ upwell.pfeg.noaa.gov 2026-08-15: 404 Client Error:  for url: https://upwell.pfeg.noaa.gov/erddap/griddap/OSCAR_L4_OC_NRT_V2.0.nc?u%5B(2026-08-15T00:00:00Z)%5D%5B(0.0)%5D%5B(29.8):1:(35.2)%5D%5B(-82.0):1:(-75.2)%5D,v%5B(2026-08-15T00:00:00Z)%5D%5B(0.0)%5D%5B(29.8):1:(35.2)%5D%5B(-82.0):1:(-75.2)%5D
  Trying jplOscarV2NRT5day @ coastwatch.pfeg.noaa.gov 2026-08-20 ...
  jplOscarV2NRT5day @ coastwatch.pfeg.noaa.gov 2026-08-20: 404 Client Error:  for url: https://coastwatch.pfeg.noaa.gov/erddap/griddap/jplOscarV2NRT5day.nc?u%5B(2026-08-20T00:00:00Z)%5D%5B(0.0)%5D%5B(29.8):1:(35.2)%5D%5B(-82.0):1:(-75.2)%5D,v%5B(2026-08-20T00:00:00Z)%5D%5B(0.0)%5D%5B(29.8):1:(35.2)%5D%5B(-82.0):1:(-75.2)%5D
  Trying jplOscarV2NRT5day @ upwell.pfeg.noaa.gov 2026-08-20 ...
  jplOscarV2NRT5day @ upwell.pfeg.noaa.gov 2026-08-20: 404 Client Error:  for url: https://upwell.pfeg.noaa.gov/erddap/griddap/jplOscarV2NRT5day.nc?u%5B(2026-08-20T00:00:00Z)%5D%5B(0.0)%5D%5B(29.8):1:(35.2)%5D%5B(-82.0):1:(-75.2)%5D,v%5B(2026-08-20T00:00:00Z)%5D%5B(0.0)%5D%5B(29.8):1:(35.2)%5D%5B(-82.0):1:(-75.2)%5D
  Trying jplOscarV2NRT5day @ coastwatch.pfeg.noaa.gov 2026-08-19 ...
  jplOscarV2NRT5day @ coastwatch.pfeg.noaa.gov 2026-08-19: 404 Client Error:  for url: https://coastwatch.pfeg.noaa.gov/erddap/griddap/jplOscarV2NRT5day.nc?u%5B(2026-08-19T00:00:00Z)%5D%5B(0.0)%5D%5B(29.8):1:(35.2)%5D%5B(-82.0):1:(-75.2)%5D,v%5B(2026-08-19T00:00:00Z)%5D%5B(0.0)%5D%5B(29.8):1:(35.2)%5D%5B(-82.0):1:(-75.2)%5D
  Trying jplOscarV2NRT5day @ upwell.pfeg.noaa.gov 2026-08-19 ...
  jplOscarV2NRT5day @ upwell.pfeg.noaa.gov 2026-08-19: 404 Client Error:  for url: https://upwell.pfeg.noaa.gov/erddap/griddap/jplOscarV2NRT5day.nc?u%5B(2026-08-19T00:00:00Z)%5D%5B(0.0)%5D%5B(29.8):1:(35.2)%5D%5B(-82.0):1:(-75.2)%5D,v%5B(2026-08-19T00:00:00Z)%5D%5B(0.0)%5D%5B(29.8):1:(35.2)%5D%5B(-82.0):1:(-75.2)%5D
  Trying jplOscarV2NRT5day @ coastwatch.pfeg.noaa.gov 2026-08-18 ...
  jplOscarV2NRT5day @ coastwatch.pfeg.noaa.gov 2026-08-18: 404 Client Error:  for url: https://coastwatch.pfeg.noaa.gov/erddap/griddap/jplOscarV2NRT5day.nc?u%5B(2026-08-18T00:00:00Z)%5D%5B(0.0)%5D%5B(29.8):1:(35.2)%5D%5B(-82.0):1:(-75.2)%5D,v%5B(2026-08-18T00:00:00Z)%5D%5B(0.0)%5D%5B(29.8):1:(35.2)%5D%5B(-82.0):1:(-75.2)%5D
  Trying jplOscarV2NRT5day @ upwell.pfeg.noaa.gov 2026-08-18 ...
  jplOscarV2NRT5day @ upwell.pfeg.noaa.gov 2026-08-18: 404 Client Error:  for url: https://upwell.pfeg.noaa.gov/erddap/griddap/jplOscarV2NRT5day.nc?u%5B(2026-08-18T00:00:00Z)%5D%5B(0.0)%5D%5B(29.8):1:(35.2)%5D%5B(-82.0):1:(-75.2)%5D,v%5B(2026-08-18T00:00:00Z)%5D%5B(0.0)%5D%5B(29.8):1:(35.2)%5D%5B(-82.0):1:(-75.2)%5D
  Trying jplOscarV2NRT5day @ coastwatch.pfeg.noaa.gov 2026-08-17 ...
  jplOscarV2NRT5day @ coastwatch.pfeg.noaa.gov 2026-08-17: 404 Client Error:  for url: https://coastwatch.pfeg.noaa.gov/erddap/griddap/jplOscarV2NRT5day.nc?u%5B(2026-08-17T00:00:00Z)%5D%5B(0.0)%5D%5B(29.8):1:(35.2)%5D%5B(-82.0):1:(-75.2)%5D,v%5B(2026-08-17T00:00:00Z)%5D%5B(0.0)%5D%5B(29.8):1:(35.2)%5D%5B(-82.0):1:(-75.2)%5D
  Trying jplOscarV2NRT5day @ upwell.pfeg.noaa.gov 2026-08-17 ...
  jplOscarV2NRT5day @ upwell.pfeg.noaa.gov 2026-08-17: 404 Client Error:  for url: https://upwell.pfeg.noaa.gov/erddap/griddap/jplOscarV2NRT5day.nc?u%5B(2026-08-17T00:00:00Z)%5D%5B(0.0)%5D%5B(29.8):1:(35.2)%5D%5B(-82.0):1:(-75.2)%5D,v%5B(2026-08-17T00:00:00Z)%5D%5B(0.0)%5D%5B(29.8):1:(35.2)%5D%5B(-82.0):1:(-75.2)%5D
  Trying jplOscarV2NRT5day @ coastwatch.pfeg.noaa.gov 2026-08-16 ...
  jplOscarV2NRT5day @ coastwatch.pfeg.noaa.gov 2026-08-16: 404 Client Error:  for url: https://coastwatch.pfeg.noaa.gov/erddap/griddap/jplOscarV2NRT5day.nc?u%5B(2026-08-16T00:00:00Z)%5D%5B(0.0)%5D%5B(29.8):1:(35.2)%5D%5B(-82.0):1:(-75.2)%5D,v%5B(2026-08-16T00:00:00Z)%5D%5B(0.0)%5D%5B(29.8):1:(35.2)%5D%5B(-82.0):1:(-75.2)%5D
  Trying jplOscarV2NRT5day @ upwell.pfeg.noaa.gov 2026-08-16 ...
  jplOscarV2NRT5day @ upwell.pfeg.noaa.gov 2026-08-16: 404 Client Error:  for url: https://upwell.pfeg.noaa.gov/erddap/griddap/jplOscarV2NRT5day.nc?u%5B(2026-08-16T00:00:00Z)%5D%5B(0.0)%5D%5B(29.8):1:(35.2)%5D%5B(-82.0):1:(-75.2)%5D,v%5B(2026-08-16T00:00:00Z)%5D%5B(0.0)%5D%5B(29.8):1:(35.2)%5D%5B(-82.0):1:(-75.2)%5D
  Trying jplOscarV2NRT5day @ coastwatch.pfeg.noaa.gov 2026-08-15 ...
  jplOscarV2NRT5day @ coastwatch.pfeg.noaa.gov 2026-08-15: 404 Client Error:  for url: https://coastwatch.pfeg.noaa.gov/erddap/griddap/jplOscarV2NRT5day.nc?u%5B(2026-08-15T00:00:00Z)%5D%5B(0.0)%5D%5B(29.8):1:(35.2)%5D%5B(-82.0):1:(-75.2)%5D,v%5B(2026-08-15T00:00:00Z)%5D%5B(0.0)%5D%5B(29.8):1:(35.2)%5D%5B(-82.0):1:(-75.2)%5D
  Trying jplOscarV2NRT5day @ upwell.pfeg.noaa.gov 2026-08-15 ...
  jplOscarV2NRT5day @ upwell.pfeg.noaa.gov 2026-08-15: 404 Client Error:  for url: https://upwell.pfeg.noaa.gov/erddap/griddap/jplOscarV2NRT5day.nc?u%5B(2026-08-15T00:00:00Z)%5D%5B(0.0)%5D%5B(29.8):1:(35.2)%5D%5B(-82.0):1:(-75.2)%5D,v%5B(2026-08-15T00:00:00Z)%5D%5B(0.0)%5D%5B(29.8):1:(35.2)%5D%5B(-82.0):1:(-75.2)%5D
  Trying jplOscar1day @ coastwatch.pfeg.noaa.gov 2026-08-20 ...
  jplOscar1day @ coastwatch.pfeg.noaa.gov 2026-08-20: 404 Client Error:  for url: https://coastwatch.pfeg.noaa.gov/erddap/griddap/jplOscar1day.nc?u%5B(2026-08-20T00:00:00Z)%5D%5B(0.0)%5D%5B(29.8):1:(35.2)%5D%5B(-82.0):1:(-75.2)%5D,v%5B(2026-08-20T00:00:00Z)%5D%5B(0.0)%5D%5B(29.8):1:(35.2)%5D%5B(-82.0):1:(-75.2)%5D
  Trying jplOscar1day @ upwell.pfeg.noaa.gov 2026-08-20 ...
  jplOscar1day @ upwell.pfeg.noaa.gov 2026-08-20: 404 Client Error:  for url: https://upwell.pfeg.noaa.gov/erddap/griddap/jplOscar1day.nc?u%5B(2026-08-20T00:00:00Z)%5D%5B(0.0)%5D%5B(29.8):1:(35.2)%5D%5B(-82.0):1:(-75.2)%5D,v%5B(2026-08-20T00:00:00Z)%5D%5B(0.0)%5D%5B(29.8):1:(35.2)%5D%5B(-82.0):1:(-75.2)%5D
  Trying jplOscar1day @ coastwatch.pfeg.noaa.gov 2026-08-19 ...
  jplOscar1day @ coastwatch.pfeg.noaa.gov 2026-08-19: 404 Client Error:  for url: https://coastwatch.pfeg.noaa.gov/erddap/griddap/jplOscar1day.nc?u%5B(2026-08-19T00:00:00Z)%5D%5B(0.0)%5D%5B(29.8):1:(35.2)%5D%5B(-82.0):1:(-75.2)%5D,v%5B(2026-08-19T00:00:00Z)%5D%5B(0.0)%5D%5B(29.8):1:(35.2)%5D%5B(-82.0):1:(-75.2)%5D
  Trying jplOscar1day @ upwell.pfeg.noaa.gov 2026-08-19 ...
  jplOscar1day @ upwell.pfeg.noaa.gov 2026-08-19: 404 Client Error:  for url: https://upwell.pfeg.noaa.gov/erddap/griddap/jplOscar1day.nc?u%5B(2026-08-19T00:00:00Z)%5D%5B(0.0)%5D%5B(29.8):1:(35.2)%5D%5B(-82.0):1:(-75.2)%5D,v%5B(2026-08-19T00:00:00Z)%5D%5B(0.0)%5D%5B(29.8):1:(35.2)%5D%5B(-82.0):1:(-75.2)%5D
  Trying jplOscar1day @ coastwatch.pfeg.noaa.gov 2026-08-18 ...
  jplOscar1day @ coastwatch.pfeg.noaa.gov 2026-08-18: 404 Client Error:  for url: https://coastwatch.pfeg.noaa.gov/erddap/griddap/jplOscar1day.nc?u%5B(2026-08-18T00:00:00Z)%5D%5B(0.0)%5D%5B(29.8):1:(35.2)%5D%5B(-82.0):1:(-75.2)%5D,v%5B(2026-08-18T00:00:00Z)%5D%5B(0.0)%5D%5B(29.8):1:(35.2)%5D%5B(-82.0):1:(-75.2)%5D
  Trying jplOscar1day @ upwell.pfeg.noaa.gov 2026-08-18 ...
  jplOscar1day @ upwell.pfeg.noaa.gov 2026-08-18: 404 Client Error:  for url: https://upwell.pfeg.noaa.gov/erddap/griddap/jplOscar1day.nc?u%5B(2026-08-18T00:00:00Z)%5D%5B(0.0)%5D%5B(29.8):1:(35.2)%5D%5B(-82.0):1:(-75.2)%5D,v%5B(2026-08-18T00:00:00Z)%5D%5B(0.0)%5D%5B(29.8):1:(35.2)%5D%5B(-82.0):1:(-75.2)%5D
  Trying jplOscar1day @ coastwatch.pfeg.noaa.gov 2026-08-17 ...
  jplOscar1day @ coastwatch.pfeg.noaa.gov 2026-08-17: 404 Client Error:  for url: https://coastwatch.pfeg.noaa.gov/erddap/griddap/jplOscar1day.nc?u%5B(2026-08-17T00:00:00Z)%5D%5B(0.0)%5D%5B(29.8):1:(35.2)%5D%5B(-82.0):1:(-75.2)%5D,v%5B(2026-08-17T00:00:00Z)%5D%5B(0.0)%5D%5B(29.8):1:(35.2)%5D%5B(-82.0):1:(-75.2)%5D
  Trying jplOscar1day @ upwell.pfeg.noaa.gov 2026-08-17 ...
  jplOscar1day @ upwell.pfeg.noaa.gov 2026-08-17: 404 Client Error:  for url: https://upwell.pfeg.noaa.gov/erddap/griddap/jplOscar1day.nc?u%5B(2026-08-17T00:00:00Z)%5D%5B(0.0)%5D%5B(29.8):1:(35.2)%5D%5B(-82.0):1:(-75.2)%5D,v%5B(2026-08-17T00:00:00Z)%5D%5B(0.0)%5D%5B(29.8):1:(35.2)%5D%5B(-82.0):1:(-75.2)%5D
  Trying jplOscar1day @ coastwatch.pfeg.noaa.gov 2026-08-16 ...
  jplOscar1day @ coastwatch.pfeg.noaa.gov 2026-08-16: 404 Client Error:  for url: https://coastwatch.pfeg.noaa.gov/erddap/griddap/jplOscar1day.nc?u%5B(2026-08-16T00:00:00Z)%5D%5B(0.0)%5D%5B(29.8):1:(35.2)%5D%5B(-82.0):1:(-75.2)%5D,v%5B(2026-08-16T00:00:00Z)%5D%5B(0.0)%5D%5B(29.8):1:(35.2)%5D%5B(-82.0):1:(-75.2)%5D
  Trying jplOscar1day @ upwell.pfeg.noaa.gov 2026-08-16 ...
  jplOscar1day @ upwell.pfeg.noaa.gov 2026-08-16: 404 Client Error:  for url: https://upwell.pfeg.noaa.gov/erddap/griddap/jplOscar1day.nc?u%5B(2026-08-16T00:00:00Z)%5D%5B(0.0)%5D%5B(29.8):1:(35.2)%5D%5B(-82.0):1:(-75.2)%5D,v%5B(2026-08-16T00:00:00Z)%5D%5B(0.0)%5D%5B(29.8):1:(35.2)%5D%5B(-82.0):1:(-75.2)%5D
  Trying jplOscar1day @ coastwatch.pfeg.noaa.gov 2026-08-15 ...
  jplOscar1day @ coastwatch.pfeg.noaa.gov 2026-08-15: 404 Client Error:  for url: https://coastwatch.pfeg.noaa.gov/erddap/griddap/jplOscar1day.nc?u%5B(2026-08-15T00:00:00Z)%5D%5B(0.0)%5D%5B(29.8):1:(35.2)%5D%5B(-82.0):1:(-75.2)%5D,v%5B(2026-08-15T00:00:00Z)%5D%5B(0.0)%5D%5B(29.8):1:(35.2)%5D%5B(-82.0):1:(-75.2)%5D
  Trying jplOscar1day @ upwell.pfeg.noaa.gov 2026-08-15 ...
  jplOscar1day @ upwell.pfeg.noaa.gov 2026-08-15: 404 Client Error:  for url: https://upwell.pfeg.noaa.gov/erddap/griddap/jplOscar1day.nc?u%5B(2026-08-15T00:00:00Z)%5D%5B(0.0)%5D%5B(29.8):1:(35.2)%5D%5B(-82.0):1:(-75.2)%5D,v%5B(2026-08-15T00:00:00Z)%5D%5B(0.0)%5D%5B(29.8):1:(35.2)%5D%5B(-82.0):1:(-75.2)%5D
  Trying erdQCkm1day @ coastwatch.pfeg.noaa.gov 2026-08-20 ...
  erdQCkm1day @ coastwatch.pfeg.noaa.gov 2026-08-20: 404 Client Error:  for url: https://coastwatch.pfeg.noaa.gov/erddap/griddap/erdQCkm1day.nc?u%5B(2026-08-20T00:00:00Z)%5D%5B(0.0)%5D%5B(29.8):1:(35.2)%5D%5B(-82.0):1:(-75.2)%5D,v%5B(2026-08-20T00:00:00Z)%5D%5B(0.0)%5D%5B(29.8):1:(35.2)%5D%5B(-82.0):1:(-75.2)%5D
  Trying erdQCkm1day @ upwell.pfeg.noaa.gov 2026-08-20 ...
  erdQCkm1day @ upwell.pfeg.noaa.gov 2026-08-20: 404 Client Error:  for url: https://upwell.pfeg.noaa.gov/erddap/griddap/erdQCkm1day.nc?u%5B(2026-08-20T00:00:00Z)%5D%5B(0.0)%5D%5B(29.8):1:(35.2)%5D%5B(-82.0):1:(-75.2)%5D,v%5B(2026-08-20T00:00:00Z)%5D%5B(0.0)%5D%5B(29.8):1:(35.2)%5D%5B(-82.0):1:(-75.2)%5D
  Trying erdQCkm1day @ coastwatch.pfeg.noaa.gov 2026-08-19 ...
  erdQCkm1day @ coastwatch.pfeg.noaa.gov 2026-08-19: 404 Client Error:  for url: https://coastwatch.pfeg.noaa.gov/erddap/griddap/erdQCkm1day.nc?u%5B(2026-08-19T00:00:00Z)%5D%5B(0.0)%5D%5B(29.8):1:(35.2)%5D%5B(-82.0):1:(-75.2)%5D,v%5B(2026-08-19T00:00:00Z)%5D%5B(0.0)%5D%5B(29.8):1:(35.2)%5D%5B(-82.0):1:(-75.2)%5D
  Trying erdQCkm1day @ upwell.pfeg.noaa.gov 2026-08-19 ...
  erdQCkm1day @ upwell.pfeg.noaa.gov 2026-08-19: 404 Client Error:  for url: https://upwell.pfeg.noaa.gov/erddap/griddap/erdQCkm1day.nc?u%5B(2026-08-19T00:00:00Z)%5D%5B(0.0)%5D%5B(29.8):1:(35.2)%5D%5B(-82.0):1:(-75.2)%5D,v%5B(2026-08-19T00:00:00Z)%5D%5B(0.0)%5D%5B(29.8):1:(35.2)%5D%5B(-82.0):1:(-75.2)%5D
  Trying erdQCkm1day @ coastwatch.pfeg.noaa.gov 2026-08-18 ...
  erdQCkm1day @ coastwatch.pfeg.noaa.gov 2026-08-18: 404 Client Error:  for url: https://coastwatch.pfeg.noaa.gov/erddap/griddap/erdQCkm1day.nc?u%5B(2026-08-18T00:00:00Z)%5D%5B(0.0)%5D%5B(29.8):1:(35.2)%5D%5B(-82.0):1:(-75.2)%5D,v%5B(2026-08-18T00:00:00Z)%5D%5B(0.0)%5D%5B(29.8):1:(35.2)%5D%5B(-82.0):1:(-75.2)%5D
  Trying erdQCkm1day @ upwell.pfeg.noaa.gov 2026-08-18 ...
  erdQCkm1day @ upwell.pfeg.noaa.gov 2026-08-18: 404 Client Error:  for url: https://upwell.pfeg.noaa.gov/erddap/griddap/erdQCkm1day.nc?u%5B(2026-08-18T00:00:00Z)%5D%5B(0.0)%5D%5B(29.8):1:(35.2)%5D%5B(-82.0):1:(-75.2)%5D,v%5B(2026-08-18T00:00:00Z)%5D%5B(0.0)%5D%5B(29.8):1:(35.2)%5D%5B(-82.0):1:(-75.2)%5D
  Trying erdQCkm1day @ coastwatch.pfeg.noaa.gov 2026-08-17 ...
  erdQCkm1day @ coastwatch.pfeg.noaa.gov 2026-08-17: 404 Client Error:  for url: https://coastwatch.pfeg.noaa.gov/erddap/griddap/erdQCkm1day.nc?u%5B(2026-08-17T00:00:00Z)%5D%5B(0.0)%5D%5B(29.8):1:(35.2)%5D%5B(-82.0):1:(-75.2)%5D,v%5B(2026-08-17T00:00:00Z)%5D%5B(0.0)%5D%5B(29.8):1:(35.2)%5D%5B(-82.0):1:(-75.2)%5D
  Trying erdQCkm1day @ upwell.pfeg.noaa.gov 2026-08-17 ...
  erdQCkm1day @ upwell.pfeg.noaa.gov 2026-08-17: 404 Client Error:  for url: https://upwell.pfeg.noaa.gov/erddap/griddap/erdQCkm1day.nc?u%5B(2026-08-17T00:00:00Z)%5D%5B(0.0)%5D%5B(29.8):1:(35.2)%5D%5B(-82.0):1:(-75.2)%5D,v%5B(2026-08-17T00:00:00Z)%5D%5B(0.0)%5D%5B(29.8):1:(35.2)%5D%5B(-82.0):1:(-75.2)%5D
  Trying erdQCkm1day @ coastwatch.pfeg.noaa.gov 2026-08-16 ...
  erdQCkm1day @ coastwatch.pfeg.noaa.gov 2026-08-16: 404 Client Error:  for url: https://coastwatch.pfeg.noaa.gov/erddap/griddap/erdQCkm1day.nc?u%5B(2026-08-16T00:00:00Z)%5D%5B(0.0)%5D%5B(29.8):1:(35.2)%5D%5B(-82.0):1:(-75.2)%5D,v%5B(2026-08-16T00:00:00Z)%5D%5B(0.0)%5D%5B(29.8):1:(35.2)%5D%5B(-82.0):1:(-75.2)%5D
  Trying erdQCkm1day @ upwell.pfeg.noaa.gov 2026-08-16 ...
  erdQCkm1day @ upwell.pfeg.noaa.gov 2026-08-16: 404 Client Error:  for url: https://upwell.pfeg.noaa.gov/erddap/griddap/erdQCkm1day.nc?u%5B(2026-08-16T00:00:00Z)%5D%5B(0.0)%5D%5B(29.8):1:(35.2)%5D%5B(-82.0):1:(-75.2)%5D,v%5B(2026-08-16T00:00:00Z)%5D%5B(0.0)%5D%5B(29.8):1:(35.2)%5D%5B(-82.0):1:(-75.2)%5D
  Trying erdQCkm1day @ coastwatch.pfeg.noaa.gov 2026-08-15 ...
  erdQCkm1day @ coastwatch.pfeg.noaa.gov 2026-08-15: 404 Client Error:  for url: https://coastwatch.pfeg.noaa.gov/erddap/griddap/erdQCkm1day.nc?u%5B(2026-08-15T00:00:00Z)%5D%5B(0.0)%5D%5B(29.8):1:(35.2)%5D%5B(-82.0):1:(-75.2)%5D,v%5B(2026-08-15T00:00:00Z)%5D%5B(0.0)%5D%5B(29.8):1:(35.2)%5D%5B(-82.0):1:(-75.2)%5D
  Trying erdQCkm1day @ upwell.pfeg.noaa.gov 2026-08-15 ...
  erdQCkm1day @ upwell.pfeg.noaa.gov 2026-08-15: 404 Client Error:  for url: https://upwell.pfeg.noaa.gov/erddap/griddap/erdQCkm1day.nc?u%5B(2026-08-15T00:00:00Z)%5D%5B(0.0)%5D%5B(29.8):1:(35.2)%5D%5B(-82.0):1:(-75.2)%5D,v%5B(2026-08-15T00:00:00Z)%5D%5B(0.0)%5D%5B(29.8):1:(35.2)%5D%5B(-82.0):1:(-75.2)%5D
  OSCAR: all attempts failed

[CMEMS] Currents  (2026-08-20)  0.083 deg, daily
INFO - 2026-08-21T00:33:24Z - Selected dataset version: "202406"
INFO - 2026-08-21T00:33:24Z - Selected dataset part: "default"
WARNING - 2026-08-21T00:33:24Z - Some of your subset selection [0.0, 1.0] for the depth dimension exceed the dataset coordinates [0.49402499198913574, 5727.9169921875]
INFO - 2026-08-21T00:33:28Z - Total size of the download: 54.98 KB.
  CMEMS currents: 3,552 pts  0.002–1.887 m/s

[CMEMS] Altimetry  (2026-08-20)  0.125 deg, daily
INFO - 2026-08-21T00:33:31Z - Selected dataset version: "202506"
INFO - 2026-08-21T00:33:31Z - Selected dataset part: "default"
WARNING - 2026-08-21T00:33:31Z - Some of your subset selection [2026-08-20 00:00:00+00:00, 2026-08-20 23:59:59+00:00] for the time dimension exceed the dataset coordinates [2024-07-01 00:00:00+00:00, 2026-08-20 00:00:00+00:00]
INFO - 2026-08-21T00:33:35Z - Total size of the download: 50.46 KB.
  Altimetry: 1,648 pts  SLA -0.185–0.435 m
  Geostrophic currents: 1,648 pts  0.009–1.954 m/s

============================================================
  Exporting ...
    Currents JSON → DailySST/Currents/ga_sc/currents_20260820.json  (365 KB)
    Currents CSV  → DailySST/Currents/ga_sc/currents_20260820.csv  (3,552 rows, 216 KB)
    Altimetry CSV  → DailySST/Altimetry/ga_sc/altimetry_20260820.csv  (1,648 rows, 95 KB)
    Altimetry grid → DailySST/Altimetry/ga_sc/altimetry_20260820_grid.json  (29 KB)

============================================================
  Currents  (CMEMS): 3,552 pts  speed 0.002–1.887 m/s  p98=1.651 m/s
  Altimetry (CMEMS_ALT): 1,648 pts  SSH -0.146–1.146 m
============================================================

  Files → /home/runner/work/SSTv2/SSTv2/DailySST/Currents/ga_sc
         → /home/runner/work/SSTv2/SSTv2/DailySST/Altimetry/ga_sc
