============================================================
  Ocean Dynamics Fetcher — Currents + Altimetry
  Date      : 2026-08-12
  BBOX      : {'lat_min': 26.0, 'lat_max': 30.5, 'lon_min': -81.97, 'lon_max': -76.14}
  Output    : /home/runner/work/SSTv2/SSTv2/DailySST
============================================================

[1/3] HYCOM currents + SSH  (target: 2026-08-12)  ~1/12 deg
  HYCOM catalog found dataset: FMRC_ESPC-D-V02_uv3z
  Trying https://tds.hycom.org/thredds/ncss/FMRC_ESPC-D-V02_uv3z/runs/FMRC_ESPC-D-V02_uv3...
  HYCOM 2026-08-12 12Z failed: 404 Client Error: 404 for url: https://tds.hycom.org/thredds/ncss/FMRC_ESPC-D-V02_uv3z/runs/FMRC_ESPC-D-V02_uv3z_RUN_2026-08-12T12:00:00Z?var=water_u&var=water_v&var=surf_el&north=30.5&south=26.0&west=-81.97&east=-76.14&horizStride=1&vertCoord=0&disableLLSubset=on&disableProjSubset=on&time_start=2026-08-12T12:00:00Z&time_end=2026-08-12T12:00:00Z&accept=netcdf
  Trying https://tds.hycom.org/thredds/ncss/FMRC_ESPC-D-V02_uv3z/FMRC_ESPC-D-V02_uv3z_bes...
  HYCOM 2026-08-12 12Z failed: 500 Server Error: 500 for url: https://tds.hycom.org/thredds/ncss/FMRC_ESPC-D-V02_uv3z/FMRC_ESPC-D-V02_uv3z_best.ncd?var=water_u&var=water_v&var=surf_el&north=30.5&south=26.0&west=-81.97&east=-76.14&horizStride=1&vertCoord=0&disableLLSubset=on&disableProjSubset=on&time_start=2026-08-12T12:00:00Z&time_end=2026-08-12T12:00:00Z&accept=netcdf
  Trying https://tds.hycom.org/thredds/ncss/FMRC_ESPC-D-V02_uv3z/runs/FMRC_ESPC-D-V02_uv3...
  HYCOM 2026-08-12 00Z failed: 404 Client Error: 404 for url: https://tds.hycom.org/thredds/ncss/FMRC_ESPC-D-V02_uv3z/runs/FMRC_ESPC-D-V02_uv3z_RUN_2026-08-12T00:00:00Z?var=water_u&var=water_v&var=surf_el&north=30.5&south=26.0&west=-81.97&east=-76.14&horizStride=1&vertCoord=0&disableLLSubset=on&disableProjSubset=on&time_start=2026-08-12T00:00:00Z&time_end=2026-08-12T00:00:00Z&accept=netcdf
  Trying https://tds.hycom.org/thredds/ncss/FMRC_ESPC-D-V02_uv3z/FMRC_ESPC-D-V02_uv3z_bes...
  HYCOM 2026-08-12 00Z failed: 400 Client Error: 400 for url: https://tds.hycom.org/thredds/ncss/FMRC_ESPC-D-V02_uv3z/FMRC_ESPC-D-V02_uv3z_best.ncd?var=water_u&var=water_v&var=surf_el&north=30.5&south=26.0&west=-81.97&east=-76.14&horizStride=1&vertCoord=0&disableLLSubset=on&disableProjSubset=on&time_start=2026-08-12T00:00:00Z&time_end=2026-08-12T00:00:00Z&accept=netcdf
  Trying https://tds.hycom.org/thredds/ncss/FMRC_ESPC-D-V02_uv3z/runs/FMRC_ESPC-D-V02_uv3...
  HYCOM 2026-08-11 12Z failed: 400 Client Error: 400 for url: https://tds.hycom.org/thredds/ncss/FMRC_ESPC-D-V02_uv3z/runs/FMRC_ESPC-D-V02_uv3z_RUN_2026-08-11T12:00:00Z?var=water_u&var=water_v&var=surf_el&north=30.5&south=26.0&west=-81.97&east=-76.14&horizStride=1&vertCoord=0&disableLLSubset=on&disableProjSubset=on&time_start=2026-08-11T12:00:00Z&time_end=2026-08-11T12:00:00Z&accept=netcdf
  Trying https://tds.hycom.org/thredds/ncss/FMRC_ESPC-D-V02_uv3z/FMRC_ESPC-D-V02_uv3z_bes...
  HYCOM 2026-08-11 12Z failed: 400 Client Error: 400 for url: https://tds.hycom.org/thredds/ncss/FMRC_ESPC-D-V02_uv3z/FMRC_ESPC-D-V02_uv3z_best.ncd?var=water_u&var=water_v&var=surf_el&north=30.5&south=26.0&west=-81.97&east=-76.14&horizStride=1&vertCoord=0&disableLLSubset=on&disableProjSubset=on&time_start=2026-08-11T12:00:00Z&time_end=2026-08-11T12:00:00Z&accept=netcdf
  Trying https://tds.hycom.org/thredds/ncss/FMRC_ESPC-D-V02_uv3z/runs/FMRC_ESPC-D-V02_uv3...
  HYCOM 2026-08-11 00Z failed: 404 Client Error: 404 for url: https://tds.hycom.org/thredds/ncss/FMRC_ESPC-D-V02_uv3z/runs/FMRC_ESPC-D-V02_uv3z_RUN_2026-08-11T00:00:00Z?var=water_u&var=water_v&var=surf_el&north=30.5&south=26.0&west=-81.97&east=-76.14&horizStride=1&vertCoord=0&disableLLSubset=on&disableProjSubset=on&time_start=2026-08-11T00:00:00Z&time_end=2026-08-11T00:00:00Z&accept=netcdf
  Trying https://tds.hycom.org/thredds/ncss/FMRC_ESPC-D-V02_uv3z/FMRC_ESPC-D-V02_uv3z_bes...
  HYCOM 2026-08-11 00Z failed: 400 Client Error: 400 for url: https://tds.hycom.org/thredds/ncss/FMRC_ESPC-D-V02_uv3z/FMRC_ESPC-D-V02_uv3z_best.ncd?var=water_u&var=water_v&var=surf_el&north=30.5&south=26.0&west=-81.97&east=-76.14&horizStride=1&vertCoord=0&disableLLSubset=on&disableProjSubset=on&time_start=2026-08-11T00:00:00Z&time_end=2026-08-11T00:00:00Z&accept=netcdf
  Trying https://tds.hycom.org/thredds/ncss/FMRC_ESPC-D-V02_uv3z/runs/FMRC_ESPC-D-V02_uv3...
  HYCOM 2026-08-10 12Z failed: 500 Server Error: 500 for url: https://tds.hycom.org/thredds/ncss/FMRC_ESPC-D-V02_uv3z/runs/FMRC_ESPC-D-V02_uv3z_RUN_2026-08-10T12:00:00Z?var=water_u&var=water_v&var=surf_el&north=30.5&south=26.0&west=-81.97&east=-76.14&horizStride=1&vertCoord=0&disableLLSubset=on&disableProjSubset=on&time_start=2026-08-10T12:00:00Z&time_end=2026-08-10T12:00:00Z&accept=netcdf
  Trying https://tds.hycom.org/thredds/ncss/FMRC_ESPC-D-V02_uv3z/FMRC_ESPC-D-V02_uv3z_bes...
  HYCOM 2026-08-10 12Z failed: 400 Client Error: 400 for url: https://tds.hycom.org/thredds/ncss/FMRC_ESPC-D-V02_uv3z/FMRC_ESPC-D-V02_uv3z_best.ncd?var=water_u&var=water_v&var=surf_el&north=30.5&south=26.0&west=-81.97&east=-76.14&horizStride=1&vertCoord=0&disableLLSubset=on&disableProjSubset=on&time_start=2026-08-10T12:00:00Z&time_end=2026-08-10T12:00:00Z&accept=netcdf
  Trying https://tds.hycom.org/thredds/ncss/FMRC_ESPC-D-V02_uv3z/runs/FMRC_ESPC-D-V02_uv3...
  HYCOM 2026-08-10 00Z failed: 500 Server Error: 500 for url: https://tds.hycom.org/thredds/ncss/FMRC_ESPC-D-V02_uv3z/runs/FMRC_ESPC-D-V02_uv3z_RUN_2026-08-10T00:00:00Z?var=water_u&var=water_v&var=surf_el&north=30.5&south=26.0&west=-81.97&east=-76.14&horizStride=1&vertCoord=0&disableLLSubset=on&disableProjSubset=on&time_start=2026-08-10T00:00:00Z&time_end=2026-08-10T00:00:00Z&accept=netcdf
  Trying https://tds.hycom.org/thredds/ncss/FMRC_ESPC-D-V02_uv3z/FMRC_ESPC-D-V02_uv3z_bes...
  HYCOM 2026-08-10 00Z failed: 400 Client Error: 400 for url: https://tds.hycom.org/thredds/ncss/FMRC_ESPC-D-V02_uv3z/FMRC_ESPC-D-V02_uv3z_best.ncd?var=water_u&var=water_v&var=surf_el&north=30.5&south=26.0&west=-81.97&east=-76.14&horizStride=1&vertCoord=0&disableLLSubset=on&disableProjSubset=on&time_start=2026-08-10T00:00:00Z&time_end=2026-08-10T00:00:00Z&accept=netcdf
  Trying https://tds.hycom.org/thredds/ncss/FMRC_ESPC-D-V02_uv3z/runs/FMRC_ESPC-D-V02_uv3...
  HYCOM 2026-08-09 12Z failed: 500 Server Error: 500 for url: https://tds.hycom.org/thredds/ncss/FMRC_ESPC-D-V02_uv3z/runs/FMRC_ESPC-D-V02_uv3z_RUN_2026-08-09T12:00:00Z?var=water_u&var=water_v&var=surf_el&north=30.5&south=26.0&west=-81.97&east=-76.14&horizStride=1&vertCoord=0&disableLLSubset=on&disableProjSubset=on&time_start=2026-08-09T12:00:00Z&time_end=2026-08-09T12:00:00Z&accept=netcdf
  Trying https://tds.hycom.org/thredds/ncss/FMRC_ESPC-D-V02_uv3z/FMRC_ESPC-D-V02_uv3z_bes...
  HYCOM 2026-08-09 12Z failed: 400 Client Error: 400 for url: https://tds.hycom.org/thredds/ncss/FMRC_ESPC-D-V02_uv3z/FMRC_ESPC-D-V02_uv3z_best.ncd?var=water_u&var=water_v&var=surf_el&north=30.5&south=26.0&west=-81.97&east=-76.14&horizStride=1&vertCoord=0&disableLLSubset=on&disableProjSubset=on&time_start=2026-08-09T12:00:00Z&time_end=2026-08-09T12:00:00Z&accept=netcdf
  Trying https://tds.hycom.org/thredds/ncss/FMRC_ESPC-D-V02_uv3z/runs/FMRC_ESPC-D-V02_uv3...
  HYCOM 2026-08-09 00Z failed: 404 Client Error: 404 for url: https://tds.hycom.org/thredds/ncss/FMRC_ESPC-D-V02_uv3z/runs/FMRC_ESPC-D-V02_uv3z_RUN_2026-08-09T00:00:00Z?var=water_u&var=water_v&var=surf_el&north=30.5&south=26.0&west=-81.97&east=-76.14&horizStride=1&vertCoord=0&disableLLSubset=on&disableProjSubset=on&time_start=2026-08-09T00:00:00Z&time_end=2026-08-09T00:00:00Z&accept=netcdf
  Trying https://tds.hycom.org/thredds/ncss/FMRC_ESPC-D-V02_uv3z/FMRC_ESPC-D-V02_uv3z_bes...
  HYCOM 2026-08-09 00Z failed: 400 Client Error: 400 for url: https://tds.hycom.org/thredds/ncss/FMRC_ESPC-D-V02_uv3z/FMRC_ESPC-D-V02_uv3z_best.ncd?var=water_u&var=water_v&var=surf_el&north=30.5&south=26.0&west=-81.97&east=-76.14&horizStride=1&vertCoord=0&disableLLSubset=on&disableProjSubset=on&time_start=2026-08-09T00:00:00Z&time_end=2026-08-09T00:00:00Z&accept=netcdf
  HYCOM: all attempts failed

[2/3] OSCAR currents  (target: 2026-08-12)  1/3 deg, 5-day composite
  Trying OSCAR_L4_OC_NRT_V2.1 @ coastwatch.pfeg.noaa.gov 2026-08-12 ...
  OSCAR_L4_OC_NRT_V2.1 @ coastwatch.pfeg.noaa.gov 2026-08-12: HTTPSConnectionPool(host='coastwatch.pfeg.noaa.gov', port=443): Max retries exceeded with url: /erddap/griddap/OSCAR_L4_OC_NRT_V2.1.nc?u%5B(2026-08-12T00:00:00Z)%5D%5B(0.0)%5D%5B(26.0):1:(30.5)%5D%5B(-81.97):1:(-76.14)%5D,v%5B(2026-08-12T00:00:00Z)%5D%5B(0.0)%5D%5B(26.0):1:(30.5)%5D%5B(-81.97):1:(-76.14)%5D (Caused by NewConnectionError("HTTPSConnection(host='coastwatch.pfeg.noaa.gov', port=443): Failed to establish a new connection: [Errno 101] Network is unreachable"))
  Trying OSCAR_L4_OC_NRT_V2.1 @ upwell.pfeg.noaa.gov 2026-08-12 ...
  OSCAR_L4_OC_NRT_V2.1 @ upwell.pfeg.noaa.gov 2026-08-12: HTTPSConnectionPool(host='upwell.pfeg.noaa.gov', port=443): Max retries exceeded with url: /erddap/griddap/OSCAR_L4_OC_NRT_V2.1.nc?u%5B(2026-08-12T00:00:00Z)%5D%5B(0.0)%5D%5B(26.0):1:(30.5)%5D%5B(-81.97):1:(-76.14)%5D,v%5B(2026-08-12T00:00:00Z)%5D%5B(0.0)%5D%5B(26.0):1:(30.5)%5D%5B(-81.97):1:(-76.14)%5D (Caused by ConnectTimeoutError(<HTTPSConnection(host='upwell.pfeg.noaa.gov', port=443) at 0x7f223e9f6e90>, 'Connection to upwell.pfeg.noaa.gov timed out. (connect timeout=180)'))
  Trying OSCAR_L4_OC_NRT_V2.1 @ coastwatch.pfeg.noaa.gov 2026-08-11 ...
  OSCAR_L4_OC_NRT_V2.1 @ coastwatch.pfeg.noaa.gov 2026-08-11: HTTPSConnectionPool(host='coastwatch.pfeg.noaa.gov', port=443): Max retries exceeded with url: /erddap/griddap/OSCAR_L4_OC_NRT_V2.1.nc?u%5B(2026-08-11T00:00:00Z)%5D%5B(0.0)%5D%5B(26.0):1:(30.5)%5D%5B(-81.97):1:(-76.14)%5D,v%5B(2026-08-11T00:00:00Z)%5D%5B(0.0)%5D%5B(26.0):1:(30.5)%5D%5B(-81.97):1:(-76.14)%5D (Caused by ProtocolError('Connection aborted.', ConnectionResetError(104, 'Connection reset by peer')))
  Trying OSCAR_L4_OC_NRT_V2.1 @ upwell.pfeg.noaa.gov 2026-08-11 ...
  OSCAR_L4_OC_NRT_V2.1 @ upwell.pfeg.noaa.gov 2026-08-11: HTTPSConnectionPool(host='upwell.pfeg.noaa.gov', port=443): Max retries exceeded with url: /erddap/griddap/OSCAR_L4_OC_NRT_V2.1.nc?u%5B(2026-08-11T00:00:00Z)%5D%5B(0.0)%5D%5B(26.0):1:(30.5)%5D%5B(-81.97):1:(-76.14)%5D,v%5B(2026-08-11T00:00:00Z)%5D%5B(0.0)%5D%5B(26.0):1:(30.5)%5D%5B(-81.97):1:(-76.14)%5D (Caused by ProtocolError('Connection aborted.', ConnectionResetError(104, 'Connection reset by peer')))
  Trying OSCAR_L4_OC_NRT_V2.1 @ coastwatch.pfeg.noaa.gov 2026-08-10 ...
  OSCAR_L4_OC_NRT_V2.1 @ coastwatch.pfeg.noaa.gov 2026-08-10: HTTPSConnectionPool(host='coastwatch.pfeg.noaa.gov', port=443): Max retries exceeded with url: /erddap/griddap/OSCAR_L4_OC_NRT_V2.1.nc?u%5B(2026-08-10T00:00:00Z)%5D%5B(0.0)%5D%5B(26.0):1:(30.5)%5D%5B(-81.97):1:(-76.14)%5D,v%5B(2026-08-10T00:00:00Z)%5D%5B(0.0)%5D%5B(26.0):1:(30.5)%5D%5B(-81.97):1:(-76.14)%5D (Caused by ProtocolError('Connection aborted.', ConnectionResetError(104, 'Connection reset by peer')))
  Trying OSCAR_L4_OC_NRT_V2.1 @ upwell.pfeg.noaa.gov 2026-08-10 ...
  OSCAR_L4_OC_NRT_V2.1 @ upwell.pfeg.noaa.gov 2026-08-10: HTTPSConnectionPool(host='upwell.pfeg.noaa.gov', port=443): Max retries exceeded with url: /erddap/griddap/OSCAR_L4_OC_NRT_V2.1.nc?u%5B(2026-08-10T00:00:00Z)%5D%5B(0.0)%5D%5B(26.0):1:(30.5)%5D%5B(-81.97):1:(-76.14)%5D,v%5B(2026-08-10T00:00:00Z)%5D%5B(0.0)%5D%5B(26.0):1:(30.5)%5D%5B(-81.97):1:(-76.14)%5D (Caused by ProtocolError('Connection aborted.', ConnectionResetError(104, 'Connection reset by peer')))
  Trying OSCAR_L4_OC_NRT_V2.1 @ coastwatch.pfeg.noaa.gov 2026-08-09 ...
  OSCAR_L4_OC_NRT_V2.1 @ coastwatch.pfeg.noaa.gov 2026-08-09: HTTPSConnectionPool(host='coastwatch.pfeg.noaa.gov', port=443): Max retries exceeded with url: /erddap/griddap/OSCAR_L4_OC_NRT_V2.1.nc?u%5B(2026-08-09T00:00:00Z)%5D%5B(0.0)%5D%5B(26.0):1:(30.5)%5D%5B(-81.97):1:(-76.14)%5D,v%5B(2026-08-09T00:00:00Z)%5D%5B(0.0)%5D%5B(26.0):1:(30.5)%5D%5B(-81.97):1:(-76.14)%5D (Caused by ProtocolError('Connection aborted.', ConnectionResetError(104, 'Connection reset by peer')))
  Trying OSCAR_L4_OC_NRT_V2.1 @ upwell.pfeg.noaa.gov 2026-08-09 ...
  OSCAR_L4_OC_NRT_V2.1 @ upwell.pfeg.noaa.gov 2026-08-09: HTTPSConnectionPool(host='upwell.pfeg.noaa.gov', port=443): Max retries exceeded with url: /erddap/griddap/OSCAR_L4_OC_NRT_V2.1.nc?u%5B(2026-08-09T00:00:00Z)%5D%5B(0.0)%5D%5B(26.0):1:(30.5)%5D%5B(-81.97):1:(-76.14)%5D,v%5B(2026-08-09T00:00:00Z)%5D%5B(0.0)%5D%5B(26.0):1:(30.5)%5D%5B(-81.97):1:(-76.14)%5D (Caused by ProtocolError('Connection aborted.', ConnectionResetError(104, 'Connection reset by peer')))
  Trying OSCAR_L4_OC_NRT_V2.1 @ coastwatch.pfeg.noaa.gov 2026-08-08 ...
  OSCAR_L4_OC_NRT_V2.1 @ coastwatch.pfeg.noaa.gov 2026-08-08: HTTPSConnectionPool(host='coastwatch.pfeg.noaa.gov', port=443): Max retries exceeded with url: /erddap/griddap/OSCAR_L4_OC_NRT_V2.1.nc?u%5B(2026-08-08T00:00:00Z)%5D%5B(0.0)%5D%5B(26.0):1:(30.5)%5D%5B(-81.97):1:(-76.14)%5D,v%5B(2026-08-08T00:00:00Z)%5D%5B(0.0)%5D%5B(26.0):1:(30.5)%5D%5B(-81.97):1:(-76.14)%5D (Caused by ProtocolError('Connection aborted.', ConnectionResetError(104, 'Connection reset by peer')))
  Trying OSCAR_L4_OC_NRT_V2.1 @ upwell.pfeg.noaa.gov 2026-08-08 ...
  OSCAR_L4_OC_NRT_V2.1 @ upwell.pfeg.noaa.gov 2026-08-08: HTTPSConnectionPool(host='upwell.pfeg.noaa.gov', port=443): Max retries exceeded with url: /erddap/griddap/OSCAR_L4_OC_NRT_V2.1.nc?u%5B(2026-08-08T00:00:00Z)%5D%5B(0.0)%5D%5B(26.0):1:(30.5)%5D%5B(-81.97):1:(-76.14)%5D,v%5B(2026-08-08T00:00:00Z)%5D%5B(0.0)%5D%5B(26.0):1:(30.5)%5D%5B(-81.97):1:(-76.14)%5D (Caused by ProtocolError('Connection aborted.', ConnectionResetError(104, 'Connection reset by peer')))
  Trying OSCAR_L4_OC_NRT_V2.1 @ coastwatch.pfeg.noaa.gov 2026-08-07 ...
  OSCAR_L4_OC_NRT_V2.1 @ coastwatch.pfeg.noaa.gov 2026-08-07: HTTPSConnectionPool(host='coastwatch.pfeg.noaa.gov', port=443): Max retries exceeded with url: /erddap/griddap/OSCAR_L4_OC_NRT_V2.1.nc?u%5B(2026-08-07T00:00:00Z)%5D%5B(0.0)%5D%5B(26.0):1:(30.5)%5D%5B(-81.97):1:(-76.14)%5D,v%5B(2026-08-07T00:00:00Z)%5D%5B(0.0)%5D%5B(26.0):1:(30.5)%5D%5B(-81.97):1:(-76.14)%5D (Caused by ProtocolError('Connection aborted.', ConnectionResetError(104, 'Connection reset by peer')))
  Trying OSCAR_L4_OC_NRT_V2.1 @ upwell.pfeg.noaa.gov 2026-08-07 ...
  OSCAR_L4_OC_NRT_V2.1 @ upwell.pfeg.noaa.gov 2026-08-07: HTTPSConnectionPool(host='upwell.pfeg.noaa.gov', port=443): Max retries exceeded with url: /erddap/griddap/OSCAR_L4_OC_NRT_V2.1.nc?u%5B(2026-08-07T00:00:00Z)%5D%5B(0.0)%5D%5B(26.0):1:(30.5)%5D%5B(-81.97):1:(-76.14)%5D,v%5B(2026-08-07T00:00:00Z)%5D%5B(0.0)%5D%5B(26.0):1:(30.5)%5D%5B(-81.97):1:(-76.14)%5D (Caused by ProtocolError('Connection aborted.', ConnectionResetError(104, 'Connection reset by peer')))
  Trying OSCAR_L4_OC_NRT_V2.0 @ coastwatch.pfeg.noaa.gov 2026-08-12 ...
  OSCAR_L4_OC_NRT_V2.0 @ coastwatch.pfeg.noaa.gov 2026-08-12: HTTPSConnectionPool(host='coastwatch.pfeg.noaa.gov', port=443): Max retries exceeded with url: /erddap/griddap/OSCAR_L4_OC_NRT_V2.0.nc?u%5B(2026-08-12T00:00:00Z)%5D%5B(0.0)%5D%5B(26.0):1:(30.5)%5D%5B(-81.97):1:(-76.14)%5D,v%5B(2026-08-12T00:00:00Z)%5D%5B(0.0)%5D%5B(26.0):1:(30.5)%5D%5B(-81.97):1:(-76.14)%5D (Caused by ProtocolError('Connection aborted.', ConnectionResetError(104, 'Connection reset by peer')))
  Trying OSCAR_L4_OC_NRT_V2.0 @ upwell.pfeg.noaa.gov 2026-08-12 ...
  OSCAR_L4_OC_NRT_V2.0 @ upwell.pfeg.noaa.gov 2026-08-12: HTTPSConnectionPool(host='upwell.pfeg.noaa.gov', port=443): Max retries exceeded with url: /erddap/griddap/OSCAR_L4_OC_NRT_V2.0.nc?u%5B(2026-08-12T00:00:00Z)%5D%5B(0.0)%5D%5B(26.0):1:(30.5)%5D%5B(-81.97):1:(-76.14)%5D,v%5B(2026-08-12T00:00:00Z)%5D%5B(0.0)%5D%5B(26.0):1:(30.5)%5D%5B(-81.97):1:(-76.14)%5D (Caused by ProtocolError('Connection aborted.', ConnectionResetError(104, 'Connection reset by peer')))
  Trying OSCAR_L4_OC_NRT_V2.0 @ coastwatch.pfeg.noaa.gov 2026-08-11 ...
  OSCAR_L4_OC_NRT_V2.0 @ coastwatch.pfeg.noaa.gov 2026-08-11: HTTPSConnectionPool(host='coastwatch.pfeg.noaa.gov', port=443): Max retries exceeded with url: /erddap/griddap/OSCAR_L4_OC_NRT_V2.0.nc?u%5B(2026-08-11T00:00:00Z)%5D%5B(0.0)%5D%5B(26.0):1:(30.5)%5D%5B(-81.97):1:(-76.14)%5D,v%5B(2026-08-11T00:00:00Z)%5D%5B(0.0)%5D%5B(26.0):1:(30.5)%5D%5B(-81.97):1:(-76.14)%5D (Caused by ProtocolError('Connection aborted.', ConnectionResetError(104, 'Connection reset by peer')))
  Trying OSCAR_L4_OC_NRT_V2.0 @ upwell.pfeg.noaa.gov 2026-08-11 ...
  OSCAR_L4_OC_NRT_V2.0 @ upwell.pfeg.noaa.gov 2026-08-11: HTTPSConnectionPool(host='upwell.pfeg.noaa.gov', port=443): Max retries exceeded with url: /erddap/griddap/OSCAR_L4_OC_NRT_V2.0.nc?u%5B(2026-08-11T00:00:00Z)%5D%5B(0.0)%5D%5B(26.0):1:(30.5)%5D%5B(-81.97):1:(-76.14)%5D,v%5B(2026-08-11T00:00:00Z)%5D%5B(0.0)%5D%5B(26.0):1:(30.5)%5D%5B(-81.97):1:(-76.14)%5D (Caused by ProtocolError('Connection aborted.', ConnectionResetError(104, 'Connection reset by peer')))
  Trying OSCAR_L4_OC_NRT_V2.0 @ coastwatch.pfeg.noaa.gov 2026-08-10 ...
  OSCAR_L4_OC_NRT_V2.0 @ coastwatch.pfeg.noaa.gov 2026-08-10: HTTPSConnectionPool(host='coastwatch.pfeg.noaa.gov', port=443): Max retries exceeded with url: /erddap/griddap/OSCAR_L4_OC_NRT_V2.0.nc?u%5B(2026-08-10T00:00:00Z)%5D%5B(0.0)%5D%5B(26.0):1:(30.5)%5D%5B(-81.97):1:(-76.14)%5D,v%5B(2026-08-10T00:00:00Z)%5D%5B(0.0)%5D%5B(26.0):1:(30.5)%5D%5B(-81.97):1:(-76.14)%5D (Caused by ProtocolError('Connection aborted.', ConnectionResetError(104, 'Connection reset by peer')))
  Trying OSCAR_L4_OC_NRT_V2.0 @ upwell.pfeg.noaa.gov 2026-08-10 ...
  OSCAR_L4_OC_NRT_V2.0 @ upwell.pfeg.noaa.gov 2026-08-10: HTTPSConnectionPool(host='upwell.pfeg.noaa.gov', port=443): Max retries exceeded with url: /erddap/griddap/OSCAR_L4_OC_NRT_V2.0.nc?u%5B(2026-08-10T00:00:00Z)%5D%5B(0.0)%5D%5B(26.0):1:(30.5)%5D%5B(-81.97):1:(-76.14)%5D,v%5B(2026-08-10T00:00:00Z)%5D%5B(0.0)%5D%5B(26.0):1:(30.5)%5D%5B(-81.97):1:(-76.14)%5D (Caused by ProtocolError('Connection aborted.', ConnectionResetError(104, 'Connection reset by peer')))
  Trying OSCAR_L4_OC_NRT_V2.0 @ coastwatch.pfeg.noaa.gov 2026-08-09 ...
  OSCAR_L4_OC_NRT_V2.0 @ coastwatch.pfeg.noaa.gov 2026-08-09: HTTPSConnectionPool(host='coastwatch.pfeg.noaa.gov', port=443): Max retries exceeded with url: /erddap/griddap/OSCAR_L4_OC_NRT_V2.0.nc?u%5B(2026-08-09T00:00:00Z)%5D%5B(0.0)%5D%5B(26.0):1:(30.5)%5D%5B(-81.97):1:(-76.14)%5D,v%5B(2026-08-09T00:00:00Z)%5D%5B(0.0)%5D%5B(26.0):1:(30.5)%5D%5B(-81.97):1:(-76.14)%5D (Caused by ProtocolError('Connection aborted.', ConnectionResetError(104, 'Connection reset by peer')))
  Trying OSCAR_L4_OC_NRT_V2.0 @ upwell.pfeg.noaa.gov 2026-08-09 ...
  OSCAR_L4_OC_NRT_V2.0 @ upwell.pfeg.noaa.gov 2026-08-09: HTTPSConnectionPool(host='upwell.pfeg.noaa.gov', port=443): Max retries exceeded with url: /erddap/griddap/OSCAR_L4_OC_NRT_V2.0.nc?u%5B(2026-08-09T00:00:00Z)%5D%5B(0.0)%5D%5B(26.0):1:(30.5)%5D%5B(-81.97):1:(-76.14)%5D,v%5B(2026-08-09T00:00:00Z)%5D%5B(0.0)%5D%5B(26.0):1:(30.5)%5D%5B(-81.97):1:(-76.14)%5D (Caused by ProtocolError('Connection aborted.', ConnectionResetError(104, 'Connection reset by peer')))
  Trying OSCAR_L4_OC_NRT_V2.0 @ coastwatch.pfeg.noaa.gov 2026-08-08 ...
  OSCAR_L4_OC_NRT_V2.0 @ coastwatch.pfeg.noaa.gov 2026-08-08: HTTPSConnectionPool(host='coastwatch.pfeg.noaa.gov', port=443): Max retries exceeded with url: /erddap/griddap/OSCAR_L4_OC_NRT_V2.0.nc?u%5B(2026-08-08T00:00:00Z)%5D%5B(0.0)%5D%5B(26.0):1:(30.5)%5D%5B(-81.97):1:(-76.14)%5D,v%5B(2026-08-08T00:00:00Z)%5D%5B(0.0)%5D%5B(26.0):1:(30.5)%5D%5B(-81.97):1:(-76.14)%5D (Caused by ProtocolError('Connection aborted.', ConnectionResetError(104, 'Connection reset by peer')))
  Trying OSCAR_L4_OC_NRT_V2.0 @ upwell.pfeg.noaa.gov 2026-08-08 ...
  OSCAR_L4_OC_NRT_V2.0 @ upwell.pfeg.noaa.gov 2026-08-08: HTTPSConnectionPool(host='upwell.pfeg.noaa.gov', port=443): Max retries exceeded with url: /erddap/griddap/OSCAR_L4_OC_NRT_V2.0.nc?u%5B(2026-08-08T00:00:00Z)%5D%5B(0.0)%5D%5B(26.0):1:(30.5)%5D%5B(-81.97):1:(-76.14)%5D,v%5B(2026-08-08T00:00:00Z)%5D%5B(0.0)%5D%5B(26.0):1:(30.5)%5D%5B(-81.97):1:(-76.14)%5D (Caused by ProtocolError('Connection aborted.', ConnectionResetError(104, 'Connection reset by peer')))
  Trying OSCAR_L4_OC_NRT_V2.0 @ coastwatch.pfeg.noaa.gov 2026-08-07 ...
  OSCAR_L4_OC_NRT_V2.0 @ coastwatch.pfeg.noaa.gov 2026-08-07: HTTPSConnectionPool(host='coastwatch.pfeg.noaa.gov', port=443): Max retries exceeded with url: /erddap/griddap/OSCAR_L4_OC_NRT_V2.0.nc?u%5B(2026-08-07T00:00:00Z)%5D%5B(0.0)%5D%5B(26.0):1:(30.5)%5D%5B(-81.97):1:(-76.14)%5D,v%5B(2026-08-07T00:00:00Z)%5D%5B(0.0)%5D%5B(26.0):1:(30.5)%5D%5B(-81.97):1:(-76.14)%5D (Caused by ProtocolError('Connection aborted.', ConnectionResetError(104, 'Connection reset by peer')))
  Trying OSCAR_L4_OC_NRT_V2.0 @ upwell.pfeg.noaa.gov 2026-08-07 ...
  OSCAR_L4_OC_NRT_V2.0 @ upwell.pfeg.noaa.gov 2026-08-07: HTTPSConnectionPool(host='upwell.pfeg.noaa.gov', port=443): Max retries exceeded with url: /erddap/griddap/OSCAR_L4_OC_NRT_V2.0.nc?u%5B(2026-08-07T00:00:00Z)%5D%5B(0.0)%5D%5B(26.0):1:(30.5)%5D%5B(-81.97):1:(-76.14)%5D,v%5B(2026-08-07T00:00:00Z)%5D%5B(0.0)%5D%5B(26.0):1:(30.5)%5D%5B(-81.97):1:(-76.14)%5D (Caused by ProtocolError('Connection aborted.', ConnectionResetError(104, 'Connection reset by peer')))
  Trying jplOscarV2NRT5day @ coastwatch.pfeg.noaa.gov 2026-08-12 ...
  jplOscarV2NRT5day @ coastwatch.pfeg.noaa.gov 2026-08-12: HTTPSConnectionPool(host='coastwatch.pfeg.noaa.gov', port=443): Max retries exceeded with url: /erddap/griddap/jplOscarV2NRT5day.nc?u%5B(2026-08-12T00:00:00Z)%5D%5B(0.0)%5D%5B(26.0):1:(30.5)%5D%5B(-81.97):1:(-76.14)%5D,v%5B(2026-08-12T00:00:00Z)%5D%5B(0.0)%5D%5B(26.0):1:(30.5)%5D%5B(-81.97):1:(-76.14)%5D (Caused by ProtocolError('Connection aborted.', ConnectionResetError(104, 'Connection reset by peer')))
  Trying jplOscarV2NRT5day @ upwell.pfeg.noaa.gov 2026-08-12 ...
  jplOscarV2NRT5day @ upwell.pfeg.noaa.gov 2026-08-12: HTTPSConnectionPool(host='upwell.pfeg.noaa.gov', port=443): Max retries exceeded with url: /erddap/griddap/jplOscarV2NRT5day.nc?u%5B(2026-08-12T00:00:00Z)%5D%5B(0.0)%5D%5B(26.0):1:(30.5)%5D%5B(-81.97):1:(-76.14)%5D,v%5B(2026-08-12T00:00:00Z)%5D%5B(0.0)%5D%5B(26.0):1:(30.5)%5D%5B(-81.97):1:(-76.14)%5D (Caused by ProtocolError('Connection aborted.', ConnectionResetError(104, 'Connection reset by peer')))
  Trying jplOscarV2NRT5day @ coastwatch.pfeg.noaa.gov 2026-08-11 ...
  jplOscarV2NRT5day @ coastwatch.pfeg.noaa.gov 2026-08-11: HTTPSConnectionPool(host='coastwatch.pfeg.noaa.gov', port=443): Max retries exceeded with url: /erddap/griddap/jplOscarV2NRT5day.nc?u%5B(2026-08-11T00:00:00Z)%5D%5B(0.0)%5D%5B(26.0):1:(30.5)%5D%5B(-81.97):1:(-76.14)%5D,v%5B(2026-08-11T00:00:00Z)%5D%5B(0.0)%5D%5B(26.0):1:(30.5)%5D%5B(-81.97):1:(-76.14)%5D (Caused by ProtocolError('Connection aborted.', ConnectionResetError(104, 'Connection reset by peer')))
  Trying jplOscarV2NRT5day @ upwell.pfeg.noaa.gov 2026-08-11 ...
  jplOscarV2NRT5day @ upwell.pfeg.noaa.gov 2026-08-11: HTTPSConnectionPool(host='upwell.pfeg.noaa.gov', port=443): Max retries exceeded with url: /erddap/griddap/jplOscarV2NRT5day.nc?u%5B(2026-08-11T00:00:00Z)%5D%5B(0.0)%5D%5B(26.0):1:(30.5)%5D%5B(-81.97):1:(-76.14)%5D,v%5B(2026-08-11T00:00:00Z)%5D%5B(0.0)%5D%5B(26.0):1:(30.5)%5D%5B(-81.97):1:(-76.14)%5D (Caused by ProtocolError('Connection aborted.', ConnectionResetError(104, 'Connection reset by peer')))
  Trying jplOscarV2NRT5day @ coastwatch.pfeg.noaa.gov 2026-08-10 ...
