============================================================
  Ocean Dynamics Fetcher — Currents + Altimetry
  Date      : 2026-08-29
  BBOX      : {'lat_min': 22.15, 'lat_max': 27.47, 'lon_min': -83.16, 'lon_max': -76.14}
  Output    : /home/runner/work/SSTv2/SSTv2/DailySST
============================================================

[1/3] HYCOM currents + SSH  (target: 2026-08-29)  ~1/12 deg
  HYCOM catalog https://tds.hycom.org/thredds/catalog/catalog.xml failed: HTTPSConnectionPool(host='tds.hycom.org', port=443): Max retries exceeded with url: /thredds/catalog/catalog.xml (Caused by ConnectTimeoutError(<HTTPSConnection(host='tds.hycom.org', port=443) at 0x7f5213f740d0>, 'Connection to tds.hycom.org timed out. (connect timeout=20)'))
  HYCOM catalog https://tds.hycom.org/thredds/catalog/FMRC_ESPC-D-V02_uv3z/catalog.xml failed: HTTPSConnectionPool(host='tds.hycom.org', port=443): Max retries exceeded with url: /thredds/catalog/FMRC_ESPC-D-V02_uv3z/catalog.xml (Caused by ConnectTimeoutError(<HTTPSConnection(host='tds.hycom.org', port=443) at 0x7f5213f75c90>, 'Connection to tds.hycom.org timed out. (connect timeout=20)'))
  Using default HYCOM dataset: FMRC_ESPC-D-V02_uv3z
  Trying https://tds.hycom.org/thredds/ncss/FMRC_ESPC-D-V02_uv3z/runs/FMRC_ESPC-D-V02_uv3...
  HYCOM 2026-08-29 12Z failed: HTTPSConnectionPool(host='tds.hycom.org', port=443): Max retries exceeded with url: /thredds/ncss/FMRC_ESPC-D-V02_uv3z/runs/FMRC_ESPC-D-V02_uv3z_RUN_2026-08-29T12:00:00Z?var=water_u&var=water_v&var=surf_el&north=27.47&south=22.15&west=-83.16&east=-76.14&horizStride=1&vertCoord=0&disableLLSubset=on&disableProjSubset=on&time_start=2026-08-29T12:00:00Z&time_end=2026-08-29T12:00:00Z&accept=netcdf (Caused by ConnectTimeoutError(<HTTPSConnection(host='tds.hycom.org', port=443) at 0x7f5213f51e90>, 'Connection to tds.hycom.org timed out. (connect timeout=180)'))
  Trying https://tds.hycom.org/thredds/ncss/FMRC_ESPC-D-V02_uv3z/FMRC_ESPC-D-V02_uv3z_bes...
  HYCOM 2026-08-29 12Z failed: HTTPSConnectionPool(host='tds.hycom.org', port=443): Max retries exceeded with url: /thredds/ncss/FMRC_ESPC-D-V02_uv3z/FMRC_ESPC-D-V02_uv3z_best.ncd?var=water_u&var=water_v&var=surf_el&north=27.47&south=22.15&west=-83.16&east=-76.14&horizStride=1&vertCoord=0&disableLLSubset=on&disableProjSubset=on&time_start=2026-08-29T12:00:00Z&time_end=2026-08-29T12:00:00Z&accept=netcdf (Caused by ConnectTimeoutError(<HTTPSConnection(host='tds.hycom.org', port=443) at 0x7f5213f75b50>, 'Connection to tds.hycom.org timed out. (connect timeout=180)'))
  Trying https://tds.hycom.org/thredds/ncss/FMRC_ESPC-D-V02_uv3z/runs/FMRC_ESPC-D-V02_uv3...
  HYCOM 2026-08-29 00Z failed: HTTPSConnectionPool(host='tds.hycom.org', port=443): Max retries exceeded with url: /thredds/ncss/FMRC_ESPC-D-V02_uv3z/runs/FMRC_ESPC-D-V02_uv3z_RUN_2026-08-29T00:00:00Z?var=water_u&var=water_v&var=surf_el&north=27.47&south=22.15&west=-83.16&east=-76.14&horizStride=1&vertCoord=0&disableLLSubset=on&disableProjSubset=on&time_start=2026-08-29T00:00:00Z&time_end=2026-08-29T00:00:00Z&accept=netcdf (Caused by ConnectTimeoutError(<HTTPSConnection(host='tds.hycom.org', port=443) at 0x7f5213f84490>, 'Connection to tds.hycom.org timed out. (connect timeout=180)'))
  Trying https://tds.hycom.org/thredds/ncss/FMRC_ESPC-D-V02_uv3z/FMRC_ESPC-D-V02_uv3z_bes...
  HYCOM 2026-08-29 00Z failed: HTTPSConnectionPool(host='tds.hycom.org', port=443): Max retries exceeded with url: /thredds/ncss/FMRC_ESPC-D-V02_uv3z/FMRC_ESPC-D-V02_uv3z_best.ncd?var=water_u&var=water_v&var=surf_el&north=27.47&south=22.15&west=-83.16&east=-76.14&horizStride=1&vertCoord=0&disableLLSubset=on&disableProjSubset=on&time_start=2026-08-29T00:00:00Z&time_end=2026-08-29T00:00:00Z&accept=netcdf (Caused by ConnectTimeoutError(<HTTPSConnection(host='tds.hycom.org', port=443) at 0x7f5213f85ed0>, 'Connection to tds.hycom.org timed out. (connect timeout=180)'))
  Trying https://tds.hycom.org/thredds/ncss/FMRC_ESPC-D-V02_uv3z/runs/FMRC_ESPC-D-V02_uv3...
  HYCOM 2026-08-28 12Z failed: HTTPSConnectionPool(host='tds.hycom.org', port=443): Max retries exceeded with url: /thredds/ncss/FMRC_ESPC-D-V02_uv3z/runs/FMRC_ESPC-D-V02_uv3z_RUN_2026-08-28T12:00:00Z?var=water_u&var=water_v&var=surf_el&north=27.47&south=22.15&west=-83.16&east=-76.14&horizStride=1&vertCoord=0&disableLLSubset=on&disableProjSubset=on&time_start=2026-08-28T12:00:00Z&time_end=2026-08-28T12:00:00Z&accept=netcdf (Caused by ConnectTimeoutError(<HTTPSConnection(host='tds.hycom.org', port=443) at 0x7f5213f87f50>, 'Connection to tds.hycom.org timed out. (connect timeout=180)'))
  Trying https://tds.hycom.org/thredds/ncss/FMRC_ESPC-D-V02_uv3z/FMRC_ESPC-D-V02_uv3z_bes...
  HYCOM 2026-08-28 12Z failed: HTTPSConnectionPool(host='tds.hycom.org', port=443): Max retries exceeded with url: /thredds/ncss/FMRC_ESPC-D-V02_uv3z/FMRC_ESPC-D-V02_uv3z_best.ncd?var=water_u&var=water_v&var=surf_el&north=27.47&south=22.15&west=-83.16&east=-76.14&horizStride=1&vertCoord=0&disableLLSubset=on&disableProjSubset=on&time_start=2026-08-28T12:00:00Z&time_end=2026-08-28T12:00:00Z&accept=netcdf (Caused by ConnectTimeoutError(<HTTPSConnection(host='tds.hycom.org', port=443) at 0x7f5213f96250>, 'Connection to tds.hycom.org timed out. (connect timeout=180)'))
  Trying https://tds.hycom.org/thredds/ncss/FMRC_ESPC-D-V02_uv3z/runs/FMRC_ESPC-D-V02_uv3...
  HYCOM 2026-08-28 00Z failed: HTTPSConnectionPool(host='tds.hycom.org', port=443): Max retries exceeded with url: /thredds/ncss/FMRC_ESPC-D-V02_uv3z/runs/FMRC_ESPC-D-V02_uv3z_RUN_2026-08-28T00:00:00Z?var=water_u&var=water_v&var=surf_el&north=27.47&south=22.15&west=-83.16&east=-76.14&horizStride=1&vertCoord=0&disableLLSubset=on&disableProjSubset=on&time_start=2026-08-28T00:00:00Z&time_end=2026-08-28T00:00:00Z&accept=netcdf (Caused by ConnectTimeoutError(<HTTPSConnection(host='tds.hycom.org', port=443) at 0x7f5213f87cd0>, 'Connection to tds.hycom.org timed out. (connect timeout=180)'))
  Trying https://tds.hycom.org/thredds/ncss/FMRC_ESPC-D-V02_uv3z/FMRC_ESPC-D-V02_uv3z_bes...
  HYCOM 2026-08-28 00Z failed: HTTPSConnectionPool(host='tds.hycom.org', port=443): Max retries exceeded with url: /thredds/ncss/FMRC_ESPC-D-V02_uv3z/FMRC_ESPC-D-V02_uv3z_best.ncd?var=water_u&var=water_v&var=surf_el&north=27.47&south=22.15&west=-83.16&east=-76.14&horizStride=1&vertCoord=0&disableLLSubset=on&disableProjSubset=on&time_start=2026-08-28T00:00:00Z&time_end=2026-08-28T00:00:00Z&accept=netcdf (Caused by ConnectTimeoutError(<HTTPSConnection(host='tds.hycom.org', port=443) at 0x7f5213f85950>, 'Connection to tds.hycom.org timed out. (connect timeout=180)'))
  Trying https://tds.hycom.org/thredds/ncss/FMRC_ESPC-D-V02_uv3z/runs/FMRC_ESPC-D-V02_uv3...
