============================================================
  Ocean Dynamics Fetcher — Currents + Altimetry
  Date      : 2026-06-28
  BBOX      : {'lat_min': 33.7, 'lat_max': 39.0, 'lon_min': -78.89, 'lon_max': -72.21}
  Output    : /home/runner/work/SSTv2/SSTv2/DailySST
============================================================

[1/3] HYCOM currents + SSH  (target: 2026-06-28)  ~1/12 deg
  HYCOM catalog https://tds.hycom.org/thredds/catalog/catalog.xml failed: HTTPSConnectionPool(host='tds.hycom.org', port=443): Max retries exceeded with url: /thredds/catalog/catalog.xml (Caused by ConnectTimeoutError(<HTTPSConnection(host='tds.hycom.org', port=443) at 0x7f0c22c3c250>, 'Connection to tds.hycom.org timed out. (connect timeout=8)'))
  HYCOM catalog https://tds.hycom.org/thredds/catalog/FMRC_ESPC-D-V02_uv3z/catalog.xml failed: HTTPSConnectionPool(host='tds.hycom.org', port=443): Max retries exceeded with url: /thredds/catalog/FMRC_ESPC-D-V02_uv3z/catalog.xml (Caused by ConnectTimeoutError(<HTTPSConnection(host='tds.hycom.org', port=443) at 0x7f0c22c3d790>, 'Connection to tds.hycom.org timed out. (connect timeout=8)'))
  Using default HYCOM dataset: FMRC_ESPC-D-V02_uv3z
  Trying https://tds.hycom.org/thredds/ncss/FMRC_ESPC-D-V02_uv3z/runs/FMRC_ESPC-D-V02_uv3...
  HYCOM 2026-06-28 12Z failed: HTTPSConnectionPool(host='tds.hycom.org', port=443): Max retries exceeded with url: /thredds/ncss/FMRC_ESPC-D-V02_uv3z/runs/FMRC_ESPC-D-V02_uv3z_RUN_2026-06-28T12:00:00Z?var=water_u&var=water_v&var=surf_el&north=39.0&south=33.7&west=-78.89&east=-72.21&horizStride=1&vertCoord=0&disableLLSubset=on&disableProjSubset=on&time_start=2026-06-28T12:00:00Z&time_end=2026-06-28T12:00:00Z&accept=netcdf (Caused by ConnectTimeoutError(<HTTPSConnection(host='tds.hycom.org', port=443) at 0x7f0c22c3f5d0>, 'Connection to tds.hycom.org timed out. (connect timeout=8)'))
  Trying https://tds.hycom.org/thredds/ncss/FMRC_ESPC-D-V02_uv3z/FMRC_ESPC-D-V02_uv3z_bes...
  HYCOM 2026-06-28 12Z failed: HTTPSConnectionPool(host='tds.hycom.org', port=443): Max retries exceeded with url: /thredds/ncss/FMRC_ESPC-D-V02_uv3z/FMRC_ESPC-D-V02_uv3z_best.ncd?var=water_u&var=water_v&var=surf_el&north=39.0&south=33.7&west=-78.89&east=-72.21&horizStride=1&vertCoord=0&disableLLSubset=on&disableProjSubset=on&time_start=2026-06-28T12:00:00Z&time_end=2026-06-28T12:00:00Z&accept=netcdf (Caused by ConnectTimeoutError(<HTTPSConnection(host='tds.hycom.org', port=443) at 0x7f0c22a54b50>, 'Connection to tds.hycom.org timed out. (connect timeout=8)'))
  Trying https://tds.hycom.org/thredds/ncss/FMRC_ESPC-D-V02_uv3z/runs/FMRC_ESPC-D-V02_uv3...
  HYCOM 2026-06-28 00Z failed: HTTPSConnectionPool(host='tds.hycom.org', port=443): Max retries exceeded with url: /thredds/ncss/FMRC_ESPC-D-V02_uv3z/runs/FMRC_ESPC-D-V02_uv3z_RUN_2026-06-28T00:00:00Z?var=water_u&var=water_v&var=surf_el&north=39.0&south=33.7&west=-78.89&east=-72.21&horizStride=1&vertCoord=0&disableLLSubset=on&disableProjSubset=on&time_start=2026-06-28T00:00:00Z&time_end=2026-06-28T00:00:00Z&accept=netcdf (Caused by ConnectTimeoutError(<HTTPSConnection(host='tds.hycom.org', port=443) at 0x7f0c22a560d0>, 'Connection to tds.hycom.org timed out. (connect timeout=8)'))
  Trying https://tds.hycom.org/thredds/ncss/FMRC_ESPC-D-V02_uv3z/FMRC_ESPC-D-V02_uv3z_bes...
  HYCOM 2026-06-28 00Z failed: HTTPSConnectionPool(host='tds.hycom.org', port=443): Max retries exceeded with url: /thredds/ncss/FMRC_ESPC-D-V02_uv3z/FMRC_ESPC-D-V02_uv3z_best.ncd?var=water_u&var=water_v&var=surf_el&north=39.0&south=33.7&west=-78.89&east=-72.21&horizStride=1&vertCoord=0&disableLLSubset=on&disableProjSubset=on&time_start=2026-06-28T00:00:00Z&time_end=2026-06-28T00:00:00Z&accept=netcdf (Caused by ConnectTimeoutError(<HTTPSConnection(host='tds.hycom.org', port=443) at 0x7f0c280fc4d0>, 'Connection to tds.hycom.org timed out. (connect timeout=8)'))
  Trying https://tds.hycom.org/thredds/ncss/FMRC_ESPC-D-V02_uv3z/runs/FMRC_ESPC-D-V02_uv3...
  HYCOM 2026-06-27 12Z failed: HTTPSConnectionPool(host='tds.hycom.org', port=443): Max retries exceeded with url: /thredds/ncss/FMRC_ESPC-D-V02_uv3z/runs/FMRC_ESPC-D-V02_uv3z_RUN_2026-06-27T12:00:00Z?var=water_u&var=water_v&var=surf_el&north=39.0&south=33.7&west=-78.89&east=-72.21&horizStride=1&vertCoord=0&disableLLSubset=on&disableProjSubset=on&time_start=2026-06-27T12:00:00Z&time_end=2026-06-27T12:00:00Z&accept=netcdf (Caused by ConnectTimeoutError(<HTTPSConnection(host='tds.hycom.org', port=443) at 0x7f0c22c3dd90>, 'Connection to tds.hycom.org timed out. (connect timeout=8)'))
  Trying https://tds.hycom.org/thredds/ncss/FMRC_ESPC-D-V02_uv3z/FMRC_ESPC-D-V02_uv3z_bes...
  HYCOM 2026-06-27 12Z failed: HTTPSConnectionPool(host='tds.hycom.org', port=443): Max retries exceeded with url: /thredds/ncss/FMRC_ESPC-D-V02_uv3z/FMRC_ESPC-D-V02_uv3z_best.ncd?var=water_u&var=water_v&var=surf_el&north=39.0&south=33.7&west=-78.89&east=-72.21&horizStride=1&vertCoord=0&disableLLSubset=on&disableProjSubset=on&time_start=2026-06-27T12:00:00Z&time_end=2026-06-27T12:00:00Z&accept=netcdf (Caused by ConnectTimeoutError(<HTTPSConnection(host='tds.hycom.org', port=443) at 0x7f0c22c3c410>, 'Connection to tds.hycom.org timed out. (connect timeout=8)'))
  Trying https://tds.hycom.org/thredds/ncss/FMRC_ESPC-D-V02_uv3z/runs/FMRC_ESPC-D-V02_uv3...
  HYCOM 2026-06-27 00Z failed: HTTPSConnectionPool(host='tds.hycom.org', port=443): Max retries exceeded with url: /thredds/ncss/FMRC_ESPC-D-V02_uv3z/runs/FMRC_ESPC-D-V02_uv3z_RUN_2026-06-27T00:00:00Z?var=water_u&var=water_v&var=surf_el&north=39.0&south=33.7&west=-78.89&east=-72.21&horizStride=1&vertCoord=0&disableLLSubset=on&disableProjSubset=on&time_start=2026-06-27T00:00:00Z&time_end=2026-06-27T00:00:00Z&accept=netcdf (Caused by ConnectTimeoutError(<HTTPSConnection(host='tds.hycom.org', port=443) at 0x7f0c22a55ed0>, 'Connection to tds.hycom.org timed out. (connect timeout=8)'))
  Trying https://tds.hycom.org/thredds/ncss/FMRC_ESPC-D-V02_uv3z/FMRC_ESPC-D-V02_uv3z_bes...
  HYCOM 2026-06-27 00Z failed: HTTPSConnectionPool(host='tds.hycom.org', port=443): Max retries exceeded with url: /thredds/ncss/FMRC_ESPC-D-V02_uv3z/FMRC_ESPC-D-V02_uv3z_best.ncd?var=water_u&var=water_v&var=surf_el&north=39.0&south=33.7&west=-78.89&east=-72.21&horizStride=1&vertCoord=0&disableLLSubset=on&disableProjSubset=on&time_start=2026-06-27T00:00:00Z&time_end=2026-06-27T00:00:00Z&accept=netcdf (Caused by ConnectTimeoutError(<HTTPSConnection(host='tds.hycom.org', port=443) at 0x7f0c22a54a90>, 'Connection to tds.hycom.org timed out. (connect timeout=8)'))
  HYCOM: all attempts failed

[2/3] OSCAR currents  (target: 2026-06-28)  1/3 deg, 5-day composite
  Trying OSCAR_L4_OC_NRT_V2.1 @ coastwatch.pfeg.noaa.gov 2026-06-28 ...
  OSCAR_L4_OC_NRT_V2.1 @ coastwatch.pfeg.noaa.gov 2026-06-28: 404 Client Error:  for url: https://coastwatch.pfeg.noaa.gov/erddap/griddap/OSCAR_L4_OC_NRT_V2.1.nc?u%5B(2026-06-28T00:00:00Z)%5D%5B(0.0)%5D%5B(33.7):1:(39.0)%5D%5B(-78.89):1:(-72.21)%5D,v%5B(2026-06-28T00:00:00Z)%5D%5B(0.0)%5D%5B(33.7):1:(39.0)%5D%5B(-78.89):1:(-72.21)%5D
  Trying OSCAR_L4_OC_NRT_V2.1 @ upwell.pfeg.noaa.gov 2026-06-28 ...
  OSCAR_L4_OC_NRT_V2.1 @ upwell.pfeg.noaa.gov 2026-06-28: 404 Client Error:  for url: https://upwell.pfeg.noaa.gov/erddap/griddap/OSCAR_L4_OC_NRT_V2.1.nc?u%5B(2026-06-28T00:00:00Z)%5D%5B(0.0)%5D%5B(33.7):1:(39.0)%5D%5B(-78.89):1:(-72.21)%5D,v%5B(2026-06-28T00:00:00Z)%5D%5B(0.0)%5D%5B(33.7):1:(39.0)%5D%5B(-78.89):1:(-72.21)%5D
  Trying OSCAR_L4_OC_NRT_V2.1 @ coastwatch.pfeg.noaa.gov 2026-06-27 ...
  OSCAR_L4_OC_NRT_V2.1 @ coastwatch.pfeg.noaa.gov 2026-06-27: 404 Client Error:  for url: https://coastwatch.pfeg.noaa.gov/erddap/griddap/OSCAR_L4_OC_NRT_V2.1.nc?u%5B(2026-06-27T00:00:00Z)%5D%5B(0.0)%5D%5B(33.7):1:(39.0)%5D%5B(-78.89):1:(-72.21)%5D,v%5B(2026-06-27T00:00:00Z)%5D%5B(0.0)%5D%5B(33.7):1:(39.0)%5D%5B(-78.89):1:(-72.21)%5D
  Trying OSCAR_L4_OC_NRT_V2.1 @ upwell.pfeg.noaa.gov 2026-06-27 ...
  OSCAR_L4_OC_NRT_V2.1 @ upwell.pfeg.noaa.gov 2026-06-27: 404 Client Error:  for url: https://upwell.pfeg.noaa.gov/erddap/griddap/OSCAR_L4_OC_NRT_V2.1.nc?u%5B(2026-06-27T00:00:00Z)%5D%5B(0.0)%5D%5B(33.7):1:(39.0)%5D%5B(-78.89):1:(-72.21)%5D,v%5B(2026-06-27T00:00:00Z)%5D%5B(0.0)%5D%5B(33.7):1:(39.0)%5D%5B(-78.89):1:(-72.21)%5D
  Trying OSCAR_L4_OC_NRT_V2.1 @ coastwatch.pfeg.noaa.gov 2026-06-26 ...
  OSCAR_L4_OC_NRT_V2.1 @ coastwatch.pfeg.noaa.gov 2026-06-26: 404 Client Error:  for url: https://coastwatch.pfeg.noaa.gov/erddap/griddap/OSCAR_L4_OC_NRT_V2.1.nc?u%5B(2026-06-26T00:00:00Z)%5D%5B(0.0)%5D%5B(33.7):1:(39.0)%5D%5B(-78.89):1:(-72.21)%5D,v%5B(2026-06-26T00:00:00Z)%5D%5B(0.0)%5D%5B(33.7):1:(39.0)%5D%5B(-78.89):1:(-72.21)%5D
  Trying OSCAR_L4_OC_NRT_V2.1 @ upwell.pfeg.noaa.gov 2026-06-26 ...
  OSCAR_L4_OC_NRT_V2.1 @ upwell.pfeg.noaa.gov 2026-06-26: 404 Client Error:  for url: https://upwell.pfeg.noaa.gov/erddap/griddap/OSCAR_L4_OC_NRT_V2.1.nc?u%5B(2026-06-26T00:00:00Z)%5D%5B(0.0)%5D%5B(33.7):1:(39.0)%5D%5B(-78.89):1:(-72.21)%5D,v%5B(2026-06-26T00:00:00Z)%5D%5B(0.0)%5D%5B(33.7):1:(39.0)%5D%5B(-78.89):1:(-72.21)%5D
  Trying OSCAR_L4_OC_NRT_V2.1 @ coastwatch.pfeg.noaa.gov 2026-06-25 ...
  OSCAR_L4_OC_NRT_V2.1 @ coastwatch.pfeg.noaa.gov 2026-06-25: 404 Client Error:  for url: https://coastwatch.pfeg.noaa.gov/erddap/griddap/OSCAR_L4_OC_NRT_V2.1.nc?u%5B(2026-06-25T00:00:00Z)%5D%5B(0.0)%5D%5B(33.7):1:(39.0)%5D%5B(-78.89):1:(-72.21)%5D,v%5B(2026-06-25T00:00:00Z)%5D%5B(0.0)%5D%5B(33.7):1:(39.0)%5D%5B(-78.89):1:(-72.21)%5D
  Trying OSCAR_L4_OC_NRT_V2.1 @ upwell.pfeg.noaa.gov 2026-06-25 ...
  OSCAR_L4_OC_NRT_V2.1 @ upwell.pfeg.noaa.gov 2026-06-25: 404 Client Error:  for url: https://upwell.pfeg.noaa.gov/erddap/griddap/OSCAR_L4_OC_NRT_V2.1.nc?u%5B(2026-06-25T00:00:00Z)%5D%5B(0.0)%5D%5B(33.7):1:(39.0)%5D%5B(-78.89):1:(-72.21)%5D,v%5B(2026-06-25T00:00:00Z)%5D%5B(0.0)%5D%5B(33.7):1:(39.0)%5D%5B(-78.89):1:(-72.21)%5D
  Trying OSCAR_L4_OC_NRT_V2.1 @ coastwatch.pfeg.noaa.gov 2026-06-24 ...
  OSCAR_L4_OC_NRT_V2.1 @ coastwatch.pfeg.noaa.gov 2026-06-24: 404 Client Error:  for url: https://coastwatch.pfeg.noaa.gov/erddap/griddap/OSCAR_L4_OC_NRT_V2.1.nc?u%5B(2026-06-24T00:00:00Z)%5D%5B(0.0)%5D%5B(33.7):1:(39.0)%5D%5B(-78.89):1:(-72.21)%5D,v%5B(2026-06-24T00:00:00Z)%5D%5B(0.0)%5D%5B(33.7):1:(39.0)%5D%5B(-78.89):1:(-72.21)%5D
  Trying OSCAR_L4_OC_NRT_V2.1 @ upwell.pfeg.noaa.gov 2026-06-24 ...
  OSCAR_L4_OC_NRT_V2.1 @ upwell.pfeg.noaa.gov 2026-06-24: 404 Client Error:  for url: https://upwell.pfeg.noaa.gov/erddap/griddap/OSCAR_L4_OC_NRT_V2.1.nc?u%5B(2026-06-24T00:00:00Z)%5D%5B(0.0)%5D%5B(33.7):1:(39.0)%5D%5B(-78.89):1:(-72.21)%5D,v%5B(2026-06-24T00:00:00Z)%5D%5B(0.0)%5D%5B(33.7):1:(39.0)%5D%5B(-78.89):1:(-72.21)%5D
  Trying OSCAR_L4_OC_NRT_V2.1 @ coastwatch.pfeg.noaa.gov 2026-06-23 ...
  OSCAR_L4_OC_NRT_V2.1 @ coastwatch.pfeg.noaa.gov 2026-06-23: 404 Client Error:  for url: https://coastwatch.pfeg.noaa.gov/erddap/griddap/OSCAR_L4_OC_NRT_V2.1.nc?u%5B(2026-06-23T00:00:00Z)%5D%5B(0.0)%5D%5B(33.7):1:(39.0)%5D%5B(-78.89):1:(-72.21)%5D,v%5B(2026-06-23T00:00:00Z)%5D%5B(0.0)%5D%5B(33.7):1:(39.0)%5D%5B(-78.89):1:(-72.21)%5D
  Trying OSCAR_L4_OC_NRT_V2.1 @ upwell.pfeg.noaa.gov 2026-06-23 ...
  OSCAR_L4_OC_NRT_V2.1 @ upwell.pfeg.noaa.gov 2026-06-23: 404 Client Error:  for url: https://upwell.pfeg.noaa.gov/erddap/griddap/OSCAR_L4_OC_NRT_V2.1.nc?u%5B(2026-06-23T00:00:00Z)%5D%5B(0.0)%5D%5B(33.7):1:(39.0)%5D%5B(-78.89):1:(-72.21)%5D,v%5B(2026-06-23T00:00:00Z)%5D%5B(0.0)%5D%5B(33.7):1:(39.0)%5D%5B(-78.89):1:(-72.21)%5D
  Trying OSCAR_L4_OC_NRT_V2.0 @ coastwatch.pfeg.noaa.gov 2026-06-28 ...
  OSCAR_L4_OC_NRT_V2.0 @ coastwatch.pfeg.noaa.gov 2026-06-28: 404 Client Error:  for url: https://coastwatch.pfeg.noaa.gov/erddap/griddap/OSCAR_L4_OC_NRT_V2.0.nc?u%5B(2026-06-28T00:00:00Z)%5D%5B(0.0)%5D%5B(33.7):1:(39.0)%5D%5B(-78.89):1:(-72.21)%5D,v%5B(2026-06-28T00:00:00Z)%5D%5B(0.0)%5D%5B(33.7):1:(39.0)%5D%5B(-78.89):1:(-72.21)%5D
  Trying OSCAR_L4_OC_NRT_V2.0 @ upwell.pfeg.noaa.gov 2026-06-28 ...
  OSCAR_L4_OC_NRT_V2.0 @ upwell.pfeg.noaa.gov 2026-06-28: 404 Client Error:  for url: https://upwell.pfeg.noaa.gov/erddap/griddap/OSCAR_L4_OC_NRT_V2.0.nc?u%5B(2026-06-28T00:00:00Z)%5D%5B(0.0)%5D%5B(33.7):1:(39.0)%5D%5B(-78.89):1:(-72.21)%5D,v%5B(2026-06-28T00:00:00Z)%5D%5B(0.0)%5D%5B(33.7):1:(39.0)%5D%5B(-78.89):1:(-72.21)%5D
  Trying OSCAR_L4_OC_NRT_V2.0 @ coastwatch.pfeg.noaa.gov 2026-06-27 ...
  OSCAR_L4_OC_NRT_V2.0 @ coastwatch.pfeg.noaa.gov 2026-06-27: 404 Client Error:  for url: https://coastwatch.pfeg.noaa.gov/erddap/griddap/OSCAR_L4_OC_NRT_V2.0.nc?u%5B(2026-06-27T00:00:00Z)%5D%5B(0.0)%5D%5B(33.7):1:(39.0)%5D%5B(-78.89):1:(-72.21)%5D,v%5B(2026-06-27T00:00:00Z)%5D%5B(0.0)%5D%5B(33.7):1:(39.0)%5D%5B(-78.89):1:(-72.21)%5D
  Trying OSCAR_L4_OC_NRT_V2.0 @ upwell.pfeg.noaa.gov 2026-06-27 ...
  OSCAR_L4_OC_NRT_V2.0 @ upwell.pfeg.noaa.gov 2026-06-27: 404 Client Error:  for url: https://upwell.pfeg.noaa.gov/erddap/griddap/OSCAR_L4_OC_NRT_V2.0.nc?u%5B(2026-06-27T00:00:00Z)%5D%5B(0.0)%5D%5B(33.7):1:(39.0)%5D%5B(-78.89):1:(-72.21)%5D,v%5B(2026-06-27T00:00:00Z)%5D%5B(0.0)%5D%5B(33.7):1:(39.0)%5D%5B(-78.89):1:(-72.21)%5D
  Trying OSCAR_L4_OC_NRT_V2.0 @ coastwatch.pfeg.noaa.gov 2026-06-26 ...
  OSCAR_L4_OC_NRT_V2.0 @ coastwatch.pfeg.noaa.gov 2026-06-26: 404 Client Error:  for url: https://coastwatch.pfeg.noaa.gov/erddap/griddap/OSCAR_L4_OC_NRT_V2.0.nc?u%5B(2026-06-26T00:00:00Z)%5D%5B(0.0)%5D%5B(33.7):1:(39.0)%5D%5B(-78.89):1:(-72.21)%5D,v%5B(2026-06-26T00:00:00Z)%5D%5B(0.0)%5D%5B(33.7):1:(39.0)%5D%5B(-78.89):1:(-72.21)%5D
  Trying OSCAR_L4_OC_NRT_V2.0 @ upwell.pfeg.noaa.gov 2026-06-26 ...
  OSCAR_L4_OC_NRT_V2.0 @ upwell.pfeg.noaa.gov 2026-06-26: 404 Client Error:  for url: https://upwell.pfeg.noaa.gov/erddap/griddap/OSCAR_L4_OC_NRT_V2.0.nc?u%5B(2026-06-26T00:00:00Z)%5D%5B(0.0)%5D%5B(33.7):1:(39.0)%5D%5B(-78.89):1:(-72.21)%5D,v%5B(2026-06-26T00:00:00Z)%5D%5B(0.0)%5D%5B(33.7):1:(39.0)%5D%5B(-78.89):1:(-72.21)%5D
  Trying OSCAR_L4_OC_NRT_V2.0 @ coastwatch.pfeg.noaa.gov 2026-06-25 ...
  OSCAR_L4_OC_NRT_V2.0 @ coastwatch.pfeg.noaa.gov 2026-06-25: 404 Client Error:  for url: https://coastwatch.pfeg.noaa.gov/erddap/griddap/OSCAR_L4_OC_NRT_V2.0.nc?u%5B(2026-06-25T00:00:00Z)%5D%5B(0.0)%5D%5B(33.7):1:(39.0)%5D%5B(-78.89):1:(-72.21)%5D,v%5B(2026-06-25T00:00:00Z)%5D%5B(0.0)%5D%5B(33.7):1:(39.0)%5D%5B(-78.89):1:(-72.21)%5D
  Trying OSCAR_L4_OC_NRT_V2.0 @ upwell.pfeg.noaa.gov 2026-06-25 ...
  OSCAR_L4_OC_NRT_V2.0 @ upwell.pfeg.noaa.gov 2026-06-25: 404 Client Error:  for url: https://upwell.pfeg.noaa.gov/erddap/griddap/OSCAR_L4_OC_NRT_V2.0.nc?u%5B(2026-06-25T00:00:00Z)%5D%5B(0.0)%5D%5B(33.7):1:(39.0)%5D%5B(-78.89):1:(-72.21)%5D,v%5B(2026-06-25T00:00:00Z)%5D%5B(0.0)%5D%5B(33.7):1:(39.0)%5D%5B(-78.89):1:(-72.21)%5D
  Trying OSCAR_L4_OC_NRT_V2.0 @ coastwatch.pfeg.noaa.gov 2026-06-24 ...
  OSCAR_L4_OC_NRT_V2.0 @ coastwatch.pfeg.noaa.gov 2026-06-24: 404 Client Error:  for url: https://coastwatch.pfeg.noaa.gov/erddap/griddap/OSCAR_L4_OC_NRT_V2.0.nc?u%5B(2026-06-24T00:00:00Z)%5D%5B(0.0)%5D%5B(33.7):1:(39.0)%5D%5B(-78.89):1:(-72.21)%5D,v%5B(2026-06-24T00:00:00Z)%5D%5B(0.0)%5D%5B(33.7):1:(39.0)%5D%5B(-78.89):1:(-72.21)%5D
  Trying OSCAR_L4_OC_NRT_V2.0 @ upwell.pfeg.noaa.gov 2026-06-24 ...
  OSCAR_L4_OC_NRT_V2.0 @ upwell.pfeg.noaa.gov 2026-06-24: 404 Client Error:  for url: https://upwell.pfeg.noaa.gov/erddap/griddap/OSCAR_L4_OC_NRT_V2.0.nc?u%5B(2026-06-24T00:00:00Z)%5D%5B(0.0)%5D%5B(33.7):1:(39.0)%5D%5B(-78.89):1:(-72.21)%5D,v%5B(2026-06-24T00:00:00Z)%5D%5B(0.0)%5D%5B(33.7):1:(39.0)%5D%5B(-78.89):1:(-72.21)%5D
  Trying OSCAR_L4_OC_NRT_V2.0 @ coastwatch.pfeg.noaa.gov 2026-06-23 ...
  OSCAR_L4_OC_NRT_V2.0 @ coastwatch.pfeg.noaa.gov 2026-06-23: 404 Client Error:  for url: https://coastwatch.pfeg.noaa.gov/erddap/griddap/OSCAR_L4_OC_NRT_V2.0.nc?u%5B(2026-06-23T00:00:00Z)%5D%5B(0.0)%5D%5B(33.7):1:(39.0)%5D%5B(-78.89):1:(-72.21)%5D,v%5B(2026-06-23T00:00:00Z)%5D%5B(0.0)%5D%5B(33.7):1:(39.0)%5D%5B(-78.89):1:(-72.21)%5D
  Trying OSCAR_L4_OC_NRT_V2.0 @ upwell.pfeg.noaa.gov 2026-06-23 ...
  OSCAR_L4_OC_NRT_V2.0 @ upwell.pfeg.noaa.gov 2026-06-23: 404 Client Error:  for url: https://upwell.pfeg.noaa.gov/erddap/griddap/OSCAR_L4_OC_NRT_V2.0.nc?u%5B(2026-06-23T00:00:00Z)%5D%5B(0.0)%5D%5B(33.7):1:(39.0)%5D%5B(-78.89):1:(-72.21)%5D,v%5B(2026-06-23T00:00:00Z)%5D%5B(0.0)%5D%5B(33.7):1:(39.0)%5D%5B(-78.89):1:(-72.21)%5D
  Trying jplOscarV2NRT5day @ coastwatch.pfeg.noaa.gov 2026-06-28 ...
  jplOscarV2NRT5day @ coastwatch.pfeg.noaa.gov 2026-06-28: 404 Client Error:  for url: https://coastwatch.pfeg.noaa.gov/erddap/griddap/jplOscarV2NRT5day.nc?u%5B(2026-06-28T00:00:00Z)%5D%5B(0.0)%5D%5B(33.7):1:(39.0)%5D%5B(-78.89):1:(-72.21)%5D,v%5B(2026-06-28T00:00:00Z)%5D%5B(0.0)%5D%5B(33.7):1:(39.0)%5D%5B(-78.89):1:(-72.21)%5D
  Trying jplOscarV2NRT5day @ upwell.pfeg.noaa.gov 2026-06-28 ...
  jplOscarV2NRT5day @ upwell.pfeg.noaa.gov 2026-06-28: 404 Client Error:  for url: https://upwell.pfeg.noaa.gov/erddap/griddap/jplOscarV2NRT5day.nc?u%5B(2026-06-28T00:00:00Z)%5D%5B(0.0)%5D%5B(33.7):1:(39.0)%5D%5B(-78.89):1:(-72.21)%5D,v%5B(2026-06-28T00:00:00Z)%5D%5B(0.0)%5D%5B(33.7):1:(39.0)%5D%5B(-78.89):1:(-72.21)%5D
  Trying jplOscarV2NRT5day @ coastwatch.pfeg.noaa.gov 2026-06-27 ...
  jplOscarV2NRT5day @ coastwatch.pfeg.noaa.gov 2026-06-27: 404 Client Error:  for url: https://coastwatch.pfeg.noaa.gov/erddap/griddap/jplOscarV2NRT5day.nc?u%5B(2026-06-27T00:00:00Z)%5D%5B(0.0)%5D%5B(33.7):1:(39.0)%5D%5B(-78.89):1:(-72.21)%5D,v%5B(2026-06-27T00:00:00Z)%5D%5B(0.0)%5D%5B(33.7):1:(39.0)%5D%5B(-78.89):1:(-72.21)%5D
  Trying jplOscarV2NRT5day @ upwell.pfeg.noaa.gov 2026-06-27 ...
  jplOscarV2NRT5day @ upwell.pfeg.noaa.gov 2026-06-27: 404 Client Error:  for url: https://upwell.pfeg.noaa.gov/erddap/griddap/jplOscarV2NRT5day.nc?u%5B(2026-06-27T00:00:00Z)%5D%5B(0.0)%5D%5B(33.7):1:(39.0)%5D%5B(-78.89):1:(-72.21)%5D,v%5B(2026-06-27T00:00:00Z)%5D%5B(0.0)%5D%5B(33.7):1:(39.0)%5D%5B(-78.89):1:(-72.21)%5D
  Trying jplOscarV2NRT5day @ coastwatch.pfeg.noaa.gov 2026-06-26 ...
  jplOscarV2NRT5day @ coastwatch.pfeg.noaa.gov 2026-06-26: 404 Client Error:  for url: https://coastwatch.pfeg.noaa.gov/erddap/griddap/jplOscarV2NRT5day.nc?u%5B(2026-06-26T00:00:00Z)%5D%5B(0.0)%5D%5B(33.7):1:(39.0)%5D%5B(-78.89):1:(-72.21)%5D,v%5B(2026-06-26T00:00:00Z)%5D%5B(0.0)%5D%5B(33.7):1:(39.0)%5D%5B(-78.89):1:(-72.21)%5D
  Trying jplOscarV2NRT5day @ upwell.pfeg.noaa.gov 2026-06-26 ...
  jplOscarV2NRT5day @ upwell.pfeg.noaa.gov 2026-06-26: 404 Client Error:  for url: https://upwell.pfeg.noaa.gov/erddap/griddap/jplOscarV2NRT5day.nc?u%5B(2026-06-26T00:00:00Z)%5D%5B(0.0)%5D%5B(33.7):1:(39.0)%5D%5B(-78.89):1:(-72.21)%5D,v%5B(2026-06-26T00:00:00Z)%5D%5B(0.0)%5D%5B(33.7):1:(39.0)%5D%5B(-78.89):1:(-72.21)%5D
  Trying jplOscarV2NRT5day @ coastwatch.pfeg.noaa.gov 2026-06-25 ...
  jplOscarV2NRT5day @ coastwatch.pfeg.noaa.gov 2026-06-25: 404 Client Error:  for url: https://coastwatch.pfeg.noaa.gov/erddap/griddap/jplOscarV2NRT5day.nc?u%5B(2026-06-25T00:00:00Z)%5D%5B(0.0)%5D%5B(33.7):1:(39.0)%5D%5B(-78.89):1:(-72.21)%5D,v%5B(2026-06-25T00:00:00Z)%5D%5B(0.0)%5D%5B(33.7):1:(39.0)%5D%5B(-78.89):1:(-72.21)%5D
  Trying jplOscarV2NRT5day @ upwell.pfeg.noaa.gov 2026-06-25 ...
  jplOscarV2NRT5day @ upwell.pfeg.noaa.gov 2026-06-25: 404 Client Error:  for url: https://upwell.pfeg.noaa.gov/erddap/griddap/jplOscarV2NRT5day.nc?u%5B(2026-06-25T00:00:00Z)%5D%5B(0.0)%5D%5B(33.7):1:(39.0)%5D%5B(-78.89):1:(-72.21)%5D,v%5B(2026-06-25T00:00:00Z)%5D%5B(0.0)%5D%5B(33.7):1:(39.0)%5D%5B(-78.89):1:(-72.21)%5D
  Trying jplOscarV2NRT5day @ coastwatch.pfeg.noaa.gov 2026-06-24 ...
  jplOscarV2NRT5day @ coastwatch.pfeg.noaa.gov 2026-06-24: 404 Client Error:  for url: https://coastwatch.pfeg.noaa.gov/erddap/griddap/jplOscarV2NRT5day.nc?u%5B(2026-06-24T00:00:00Z)%5D%5B(0.0)%5D%5B(33.7):1:(39.0)%5D%5B(-78.89):1:(-72.21)%5D,v%5B(2026-06-24T00:00:00Z)%5D%5B(0.0)%5D%5B(33.7):1:(39.0)%5D%5B(-78.89):1:(-72.21)%5D
  Trying jplOscarV2NRT5day @ upwell.pfeg.noaa.gov 2026-06-24 ...
  jplOscarV2NRT5day @ upwell.pfeg.noaa.gov 2026-06-24: 404 Client Error:  for url: https://upwell.pfeg.noaa.gov/erddap/griddap/jplOscarV2NRT5day.nc?u%5B(2026-06-24T00:00:00Z)%5D%5B(0.0)%5D%5B(33.7):1:(39.0)%5D%5B(-78.89):1:(-72.21)%5D,v%5B(2026-06-24T00:00:00Z)%5D%5B(0.0)%5D%5B(33.7):1:(39.0)%5D%5B(-78.89):1:(-72.21)%5D
  Trying jplOscarV2NRT5day @ coastwatch.pfeg.noaa.gov 2026-06-23 ...
  jplOscarV2NRT5day @ coastwatch.pfeg.noaa.gov 2026-06-23: 404 Client Error:  for url: https://coastwatch.pfeg.noaa.gov/erddap/griddap/jplOscarV2NRT5day.nc?u%5B(2026-06-23T00:00:00Z)%5D%5B(0.0)%5D%5B(33.7):1:(39.0)%5D%5B(-78.89):1:(-72.21)%5D,v%5B(2026-06-23T00:00:00Z)%5D%5B(0.0)%5D%5B(33.7):1:(39.0)%5D%5B(-78.89):1:(-72.21)%5D
  Trying jplOscarV2NRT5day @ upwell.pfeg.noaa.gov 2026-06-23 ...
  jplOscarV2NRT5day @ upwell.pfeg.noaa.gov 2026-06-23: 404 Client Error:  for url: https://upwell.pfeg.noaa.gov/erddap/griddap/jplOscarV2NRT5day.nc?u%5B(2026-06-23T00:00:00Z)%5D%5B(0.0)%5D%5B(33.7):1:(39.0)%5D%5B(-78.89):1:(-72.21)%5D,v%5B(2026-06-23T00:00:00Z)%5D%5B(0.0)%5D%5B(33.7):1:(39.0)%5D%5B(-78.89):1:(-72.21)%5D
  Trying jplOscar1day @ coastwatch.pfeg.noaa.gov 2026-06-28 ...
  jplOscar1day @ coastwatch.pfeg.noaa.gov 2026-06-28: 404 Client Error:  for url: https://coastwatch.pfeg.noaa.gov/erddap/griddap/jplOscar1day.nc?u%5B(2026-06-28T00:00:00Z)%5D%5B(0.0)%5D%5B(33.7):1:(39.0)%5D%5B(-78.89):1:(-72.21)%5D,v%5B(2026-06-28T00:00:00Z)%5D%5B(0.0)%5D%5B(33.7):1:(39.0)%5D%5B(-78.89):1:(-72.21)%5D
  Trying jplOscar1day @ upwell.pfeg.noaa.gov 2026-06-28 ...
  jplOscar1day @ upwell.pfeg.noaa.gov 2026-06-28: 404 Client Error:  for url: https://upwell.pfeg.noaa.gov/erddap/griddap/jplOscar1day.nc?u%5B(2026-06-28T00:00:00Z)%5D%5B(0.0)%5D%5B(33.7):1:(39.0)%5D%5B(-78.89):1:(-72.21)%5D,v%5B(2026-06-28T00:00:00Z)%5D%5B(0.0)%5D%5B(33.7):1:(39.0)%5D%5B(-78.89):1:(-72.21)%5D
  Trying jplOscar1day @ coastwatch.pfeg.noaa.gov 2026-06-27 ...
  jplOscar1day @ coastwatch.pfeg.noaa.gov 2026-06-27: 404 Client Error:  for url: https://coastwatch.pfeg.noaa.gov/erddap/griddap/jplOscar1day.nc?u%5B(2026-06-27T00:00:00Z)%5D%5B(0.0)%5D%5B(33.7):1:(39.0)%5D%5B(-78.89):1:(-72.21)%5D,v%5B(2026-06-27T00:00:00Z)%5D%5B(0.0)%5D%5B(33.7):1:(39.0)%5D%5B(-78.89):1:(-72.21)%5D
  Trying jplOscar1day @ upwell.pfeg.noaa.gov 2026-06-27 ...
  jplOscar1day @ upwell.pfeg.noaa.gov 2026-06-27: 404 Client Error:  for url: https://upwell.pfeg.noaa.gov/erddap/griddap/jplOscar1day.nc?u%5B(2026-06-27T00:00:00Z)%5D%5B(0.0)%5D%5B(33.7):1:(39.0)%5D%5B(-78.89):1:(-72.21)%5D,v%5B(2026-06-27T00:00:00Z)%5D%5B(0.0)%5D%5B(33.7):1:(39.0)%5D%5B(-78.89):1:(-72.21)%5D
  Trying jplOscar1day @ coastwatch.pfeg.noaa.gov 2026-06-26 ...
  jplOscar1day @ coastwatch.pfeg.noaa.gov 2026-06-26: 404 Client Error:  for url: https://coastwatch.pfeg.noaa.gov/erddap/griddap/jplOscar1day.nc?u%5B(2026-06-26T00:00:00Z)%5D%5B(0.0)%5D%5B(33.7):1:(39.0)%5D%5B(-78.89):1:(-72.21)%5D,v%5B(2026-06-26T00:00:00Z)%5D%5B(0.0)%5D%5B(33.7):1:(39.0)%5D%5B(-78.89):1:(-72.21)%5D
  Trying jplOscar1day @ upwell.pfeg.noaa.gov 2026-06-26 ...
  jplOscar1day @ upwell.pfeg.noaa.gov 2026-06-26: 404 Client Error:  for url: https://upwell.pfeg.noaa.gov/erddap/griddap/jplOscar1day.nc?u%5B(2026-06-26T00:00:00Z)%5D%5B(0.0)%5D%5B(33.7):1:(39.0)%5D%5B(-78.89):1:(-72.21)%5D,v%5B(2026-06-26T00:00:00Z)%5D%5B(0.0)%5D%5B(33.7):1:(39.0)%5D%5B(-78.89):1:(-72.21)%5D
  Trying jplOscar1day @ coastwatch.pfeg.noaa.gov 2026-06-25 ...
  jplOscar1day @ coastwatch.pfeg.noaa.gov 2026-06-25: 404 Client Error:  for url: https://coastwatch.pfeg.noaa.gov/erddap/griddap/jplOscar1day.nc?u%5B(2026-06-25T00:00:00Z)%5D%5B(0.0)%5D%5B(33.7):1:(39.0)%5D%5B(-78.89):1:(-72.21)%5D,v%5B(2026-06-25T00:00:00Z)%5D%5B(0.0)%5D%5B(33.7):1:(39.0)%5D%5B(-78.89):1:(-72.21)%5D
  Trying jplOscar1day @ upwell.pfeg.noaa.gov 2026-06-25 ...
  jplOscar1day @ upwell.pfeg.noaa.gov 2026-06-25: 404 Client Error:  for url: https://upwell.pfeg.noaa.gov/erddap/griddap/jplOscar1day.nc?u%5B(2026-06-25T00:00:00Z)%5D%5B(0.0)%5D%5B(33.7):1:(39.0)%5D%5B(-78.89):1:(-72.21)%5D,v%5B(2026-06-25T00:00:00Z)%5D%5B(0.0)%5D%5B(33.7):1:(39.0)%5D%5B(-78.89):1:(-72.21)%5D
  Trying jplOscar1day @ coastwatch.pfeg.noaa.gov 2026-06-24 ...
  jplOscar1day @ coastwatch.pfeg.noaa.gov 2026-06-24: 404 Client Error:  for url: https://coastwatch.pfeg.noaa.gov/erddap/griddap/jplOscar1day.nc?u%5B(2026-06-24T00:00:00Z)%5D%5B(0.0)%5D%5B(33.7):1:(39.0)%5D%5B(-78.89):1:(-72.21)%5D,v%5B(2026-06-24T00:00:00Z)%5D%5B(0.0)%5D%5B(33.7):1:(39.0)%5D%5B(-78.89):1:(-72.21)%5D
  Trying jplOscar1day @ upwell.pfeg.noaa.gov 2026-06-24 ...
  jplOscar1day @ upwell.pfeg.noaa.gov 2026-06-24: 404 Client Error:  for url: https://upwell.pfeg.noaa.gov/erddap/griddap/jplOscar1day.nc?u%5B(2026-06-24T00:00:00Z)%5D%5B(0.0)%5D%5B(33.7):1:(39.0)%5D%5B(-78.89):1:(-72.21)%5D,v%5B(2026-06-24T00:00:00Z)%5D%5B(0.0)%5D%5B(33.7):1:(39.0)%5D%5B(-78.89):1:(-72.21)%5D
  Trying jplOscar1day @ coastwatch.pfeg.noaa.gov 2026-06-23 ...
  jplOscar1day @ coastwatch.pfeg.noaa.gov 2026-06-23: 404 Client Error:  for url: https://coastwatch.pfeg.noaa.gov/erddap/griddap/jplOscar1day.nc?u%5B(2026-06-23T00:00:00Z)%5D%5B(0.0)%5D%5B(33.7):1:(39.0)%5D%5B(-78.89):1:(-72.21)%5D,v%5B(2026-06-23T00:00:00Z)%5D%5B(0.0)%5D%5B(33.7):1:(39.0)%5D%5B(-78.89):1:(-72.21)%5D
  Trying jplOscar1day @ upwell.pfeg.noaa.gov 2026-06-23 ...
  jplOscar1day @ upwell.pfeg.noaa.gov 2026-06-23: 404 Client Error:  for url: https://upwell.pfeg.noaa.gov/erddap/griddap/jplOscar1day.nc?u%5B(2026-06-23T00:00:00Z)%5D%5B(0.0)%5D%5B(33.7):1:(39.0)%5D%5B(-78.89):1:(-72.21)%5D,v%5B(2026-06-23T00:00:00Z)%5D%5B(0.0)%5D%5B(33.7):1:(39.0)%5D%5B(-78.89):1:(-72.21)%5D
  Trying erdQCkm1day @ coastwatch.pfeg.noaa.gov 2026-06-28 ...
  erdQCkm1day @ coastwatch.pfeg.noaa.gov 2026-06-28: 404 Client Error:  for url: https://coastwatch.pfeg.noaa.gov/erddap/griddap/erdQCkm1day.nc?u%5B(2026-06-28T00:00:00Z)%5D%5B(0.0)%5D%5B(33.7):1:(39.0)%5D%5B(-78.89):1:(-72.21)%5D,v%5B(2026-06-28T00:00:00Z)%5D%5B(0.0)%5D%5B(33.7):1:(39.0)%5D%5B(-78.89):1:(-72.21)%5D
  Trying erdQCkm1day @ upwell.pfeg.noaa.gov 2026-06-28 ...
  erdQCkm1day @ upwell.pfeg.noaa.gov 2026-06-28: 404 Client Error:  for url: https://upwell.pfeg.noaa.gov/erddap/griddap/erdQCkm1day.nc?u%5B(2026-06-28T00:00:00Z)%5D%5B(0.0)%5D%5B(33.7):1:(39.0)%5D%5B(-78.89):1:(-72.21)%5D,v%5B(2026-06-28T00:00:00Z)%5D%5B(0.0)%5D%5B(33.7):1:(39.0)%5D%5B(-78.89):1:(-72.21)%5D
  Trying erdQCkm1day @ coastwatch.pfeg.noaa.gov 2026-06-27 ...
  erdQCkm1day @ coastwatch.pfeg.noaa.gov 2026-06-27: 404 Client Error:  for url: https://coastwatch.pfeg.noaa.gov/erddap/griddap/erdQCkm1day.nc?u%5B(2026-06-27T00:00:00Z)%5D%5B(0.0)%5D%5B(33.7):1:(39.0)%5D%5B(-78.89):1:(-72.21)%5D,v%5B(2026-06-27T00:00:00Z)%5D%5B(0.0)%5D%5B(33.7):1:(39.0)%5D%5B(-78.89):1:(-72.21)%5D
  Trying erdQCkm1day @ upwell.pfeg.noaa.gov 2026-06-27 ...
  erdQCkm1day @ upwell.pfeg.noaa.gov 2026-06-27: 404 Client Error:  for url: https://upwell.pfeg.noaa.gov/erddap/griddap/erdQCkm1day.nc?u%5B(2026-06-27T00:00:00Z)%5D%5B(0.0)%5D%5B(33.7):1:(39.0)%5D%5B(-78.89):1:(-72.21)%5D,v%5B(2026-06-27T00:00:00Z)%5D%5B(0.0)%5D%5B(33.7):1:(39.0)%5D%5B(-78.89):1:(-72.21)%5D
  Trying erdQCkm1day @ coastwatch.pfeg.noaa.gov 2026-06-26 ...
  erdQCkm1day @ coastwatch.pfeg.noaa.gov 2026-06-26: 404 Client Error:  for url: https://coastwatch.pfeg.noaa.gov/erddap/griddap/erdQCkm1day.nc?u%5B(2026-06-26T00:00:00Z)%5D%5B(0.0)%5D%5B(33.7):1:(39.0)%5D%5B(-78.89):1:(-72.21)%5D,v%5B(2026-06-26T00:00:00Z)%5D%5B(0.0)%5D%5B(33.7):1:(39.0)%5D%5B(-78.89):1:(-72.21)%5D
  Trying erdQCkm1day @ upwell.pfeg.noaa.gov 2026-06-26 ...
  erdQCkm1day @ upwell.pfeg.noaa.gov 2026-06-26: 404 Client Error:  for url: https://upwell.pfeg.noaa.gov/erddap/griddap/erdQCkm1day.nc?u%5B(2026-06-26T00:00:00Z)%5D%5B(0.0)%5D%5B(33.7):1:(39.0)%5D%5B(-78.89):1:(-72.21)%5D,v%5B(2026-06-26T00:00:00Z)%5D%5B(0.0)%5D%5B(33.7):1:(39.0)%5D%5B(-78.89):1:(-72.21)%5D
  Trying erdQCkm1day @ coastwatch.pfeg.noaa.gov 2026-06-25 ...
  erdQCkm1day @ coastwatch.pfeg.noaa.gov 2026-06-25: 404 Client Error:  for url: https://coastwatch.pfeg.noaa.gov/erddap/griddap/erdQCkm1day.nc?u%5B(2026-06-25T00:00:00Z)%5D%5B(0.0)%5D%5B(33.7):1:(39.0)%5D%5B(-78.89):1:(-72.21)%5D,v%5B(2026-06-25T00:00:00Z)%5D%5B(0.0)%5D%5B(33.7):1:(39.0)%5D%5B(-78.89):1:(-72.21)%5D
  Trying erdQCkm1day @ upwell.pfeg.noaa.gov 2026-06-25 ...
  erdQCkm1day @ upwell.pfeg.noaa.gov 2026-06-25: 404 Client Error:  for url: https://upwell.pfeg.noaa.gov/erddap/griddap/erdQCkm1day.nc?u%5B(2026-06-25T00:00:00Z)%5D%5B(0.0)%5D%5B(33.7):1:(39.0)%5D%5B(-78.89):1:(-72.21)%5D,v%5B(2026-06-25T00:00:00Z)%5D%5B(0.0)%5D%5B(33.7):1:(39.0)%5D%5B(-78.89):1:(-72.21)%5D
  Trying erdQCkm1day @ coastwatch.pfeg.noaa.gov 2026-06-24 ...
  erdQCkm1day @ coastwatch.pfeg.noaa.gov 2026-06-24: 404 Client Error:  for url: https://coastwatch.pfeg.noaa.gov/erddap/griddap/erdQCkm1day.nc?u%5B(2026-06-24T00:00:00Z)%5D%5B(0.0)%5D%5B(33.7):1:(39.0)%5D%5B(-78.89):1:(-72.21)%5D,v%5B(2026-06-24T00:00:00Z)%5D%5B(0.0)%5D%5B(33.7):1:(39.0)%5D%5B(-78.89):1:(-72.21)%5D
  Trying erdQCkm1day @ upwell.pfeg.noaa.gov 2026-06-24 ...
  erdQCkm1day @ upwell.pfeg.noaa.gov 2026-06-24: 404 Client Error:  for url: https://upwell.pfeg.noaa.gov/erddap/griddap/erdQCkm1day.nc?u%5B(2026-06-24T00:00:00Z)%5D%5B(0.0)%5D%5B(33.7):1:(39.0)%5D%5B(-78.89):1:(-72.21)%5D,v%5B(2026-06-24T00:00:00Z)%5D%5B(0.0)%5D%5B(33.7):1:(39.0)%5D%5B(-78.89):1:(-72.21)%5D
  Trying erdQCkm1day @ coastwatch.pfeg.noaa.gov 2026-06-23 ...
  erdQCkm1day @ coastwatch.pfeg.noaa.gov 2026-06-23: 404 Client Error:  for url: https://coastwatch.pfeg.noaa.gov/erddap/griddap/erdQCkm1day.nc?u%5B(2026-06-23T00:00:00Z)%5D%5B(0.0)%5D%5B(33.7):1:(39.0)%5D%5B(-78.89):1:(-72.21)%5D,v%5B(2026-06-23T00:00:00Z)%5D%5B(0.0)%5D%5B(33.7):1:(39.0)%5D%5B(-78.89):1:(-72.21)%5D
  Trying erdQCkm1day @ upwell.pfeg.noaa.gov 2026-06-23 ...
  erdQCkm1day @ upwell.pfeg.noaa.gov 2026-06-23: 404 Client Error:  for url: https://upwell.pfeg.noaa.gov/erddap/griddap/erdQCkm1day.nc?u%5B(2026-06-23T00:00:00Z)%5D%5B(0.0)%5D%5B(33.7):1:(39.0)%5D%5B(-78.89):1:(-72.21)%5D,v%5B(2026-06-23T00:00:00Z)%5D%5B(0.0)%5D%5B(33.7):1:(39.0)%5D%5B(-78.89):1:(-72.21)%5D
  OSCAR: all attempts failed

[CMEMS] Currents  (2026-06-28)  0.083 deg, daily
INFO - 2026-06-29T00:36:01Z - Selected dataset version: "202406"
INFO - 2026-06-29T00:36:01Z - Selected dataset part: "default"
WARNING - 2026-06-29T00:36:01Z - Some of your subset selection [0.0, 1.0] for the depth dimension exceed the dataset coordinates [0.49402499198913574, 5727.9169921875]
INFO - 2026-06-29T00:36:06Z - Total size of the download: 53.33 KB.
  CMEMS currents: 3,209 pts  0.001–1.951 m/s

[CMEMS] Altimetry  (2026-06-28)  0.125 deg, daily
INFO - 2026-06-29T00:36:08Z - Selected dataset version: "202506"
INFO - 2026-06-29T00:36:08Z - Selected dataset part: "default"
WARNING - 2026-06-29T00:36:09Z - Some of your subset selection [2026-06-28 00:00:00+00:00, 2026-06-28 23:59:59+00:00] for the time dimension exceed the dataset coordinates [2024-07-01 00:00:00+00:00, 2026-06-28 00:00:00+00:00]
INFO - 2026-06-29T00:36:14Z - Total size of the download: 48.11 KB.
  Altimetry: 1,503 pts  SLA -0.263–0.718 m
  Geostrophic currents: 1,503 pts  0.005–2.276 m/s

============================================================
  Exporting ...
    Currents JSON → DailySST/Currents/currents_20260628.json  (338 KB)
    Currents CSV  → DailySST/Currents/currents_20260628.csv  (3,209 rows, 196 KB)
    Altimetry CSV  → DailySST/Altimetry/altimetry_20260628.csv  (1,503 rows, 88 KB)
    Altimetry grid → DailySST/Altimetry/altimetry_20260628_grid.json  (29 KB)

============================================================
  Currents  (CMEMS): 3,209 pts  speed 0.001–1.951 m/s  p98=1.775 m/s
  Altimetry (CMEMS_ALT): 1,503 pts  SSH -0.473–1.147 m
============================================================

  Files → /home/runner/work/SSTv2/SSTv2/DailySST/Currents
         → /home/runner/work/SSTv2/SSTv2/DailySST/Altimetry
