============================================================
  Ocean Dynamics Fetcher — Currents + Altimetry
  Date      : 2026-08-28
  BBOX      : {'lat_min': 22.15, 'lat_max': 27.47, 'lon_min': -83.16, 'lon_max': -76.14}
  Output    : /home/runner/work/SSTv2/SSTv2/DailySST
============================================================

[1/3] HYCOM currents + SSH  (target: 2026-08-28)  ~1/12 deg
  HYCOM catalog found dataset: FMRC_ESPC-D-V02_uv3z
  Trying https://tds.hycom.org/thredds/ncss/FMRC_ESPC-D-V02_uv3z/runs/FMRC_ESPC-D-V02_uv3...
  HYCOM 2026-08-28 12Z failed: 400 Client Error: 400 for url: https://tds.hycom.org/thredds/ncss/FMRC_ESPC-D-V02_uv3z/runs/FMRC_ESPC-D-V02_uv3z_RUN_2026-08-28T12:00:00Z?var=water_u&var=water_v&var=surf_el&north=27.47&south=22.15&west=-83.16&east=-76.14&horizStride=1&vertCoord=0&disableLLSubset=on&disableProjSubset=on&time_start=2026-08-28T12:00:00Z&time_end=2026-08-28T12:00:00Z&accept=netcdf
  Trying https://tds.hycom.org/thredds/ncss/FMRC_ESPC-D-V02_uv3z/FMRC_ESPC-D-V02_uv3z_bes...
  HYCOM 2026-08-28 12Z failed: 400 Client Error: 400 for url: https://tds.hycom.org/thredds/ncss/FMRC_ESPC-D-V02_uv3z/FMRC_ESPC-D-V02_uv3z_best.ncd?var=water_u&var=water_v&var=surf_el&north=27.47&south=22.15&west=-83.16&east=-76.14&horizStride=1&vertCoord=0&disableLLSubset=on&disableProjSubset=on&time_start=2026-08-28T12:00:00Z&time_end=2026-08-28T12:00:00Z&accept=netcdf
  Trying https://tds.hycom.org/thredds/ncss/FMRC_ESPC-D-V02_uv3z/runs/FMRC_ESPC-D-V02_uv3...
  HYCOM 2026-08-28 00Z failed: 404 Client Error: 404 for url: https://tds.hycom.org/thredds/ncss/FMRC_ESPC-D-V02_uv3z/runs/FMRC_ESPC-D-V02_uv3z_RUN_2026-08-28T00:00:00Z?var=water_u&var=water_v&var=surf_el&north=27.47&south=22.15&west=-83.16&east=-76.14&horizStride=1&vertCoord=0&disableLLSubset=on&disableProjSubset=on&time_start=2026-08-28T00:00:00Z&time_end=2026-08-28T00:00:00Z&accept=netcdf
  Trying https://tds.hycom.org/thredds/ncss/FMRC_ESPC-D-V02_uv3z/FMRC_ESPC-D-V02_uv3z_bes...
  HYCOM 2026-08-28 00Z failed: 400 Client Error: 400 for url: https://tds.hycom.org/thredds/ncss/FMRC_ESPC-D-V02_uv3z/FMRC_ESPC-D-V02_uv3z_best.ncd?var=water_u&var=water_v&var=surf_el&north=27.47&south=22.15&west=-83.16&east=-76.14&horizStride=1&vertCoord=0&disableLLSubset=on&disableProjSubset=on&time_start=2026-08-28T00:00:00Z&time_end=2026-08-28T00:00:00Z&accept=netcdf
  Trying https://tds.hycom.org/thredds/ncss/FMRC_ESPC-D-V02_uv3z/runs/FMRC_ESPC-D-V02_uv3...
  HYCOM 2026-08-27 12Z failed: 400 Client Error: 400 for url: https://tds.hycom.org/thredds/ncss/FMRC_ESPC-D-V02_uv3z/runs/FMRC_ESPC-D-V02_uv3z_RUN_2026-08-27T12:00:00Z?var=water_u&var=water_v&var=surf_el&north=27.47&south=22.15&west=-83.16&east=-76.14&horizStride=1&vertCoord=0&disableLLSubset=on&disableProjSubset=on&time_start=2026-08-27T12:00:00Z&time_end=2026-08-27T12:00:00Z&accept=netcdf
  Trying https://tds.hycom.org/thredds/ncss/FMRC_ESPC-D-V02_uv3z/FMRC_ESPC-D-V02_uv3z_bes...
  HYCOM 2026-08-27 12Z failed: 400 Client Error: 400 for url: https://tds.hycom.org/thredds/ncss/FMRC_ESPC-D-V02_uv3z/FMRC_ESPC-D-V02_uv3z_best.ncd?var=water_u&var=water_v&var=surf_el&north=27.47&south=22.15&west=-83.16&east=-76.14&horizStride=1&vertCoord=0&disableLLSubset=on&disableProjSubset=on&time_start=2026-08-27T12:00:00Z&time_end=2026-08-27T12:00:00Z&accept=netcdf
  Trying https://tds.hycom.org/thredds/ncss/FMRC_ESPC-D-V02_uv3z/runs/FMRC_ESPC-D-V02_uv3...
  HYCOM 2026-08-27 00Z failed: 404 Client Error: 404 for url: https://tds.hycom.org/thredds/ncss/FMRC_ESPC-D-V02_uv3z/runs/FMRC_ESPC-D-V02_uv3z_RUN_2026-08-27T00:00:00Z?var=water_u&var=water_v&var=surf_el&north=27.47&south=22.15&west=-83.16&east=-76.14&horizStride=1&vertCoord=0&disableLLSubset=on&disableProjSubset=on&time_start=2026-08-27T00:00:00Z&time_end=2026-08-27T00:00:00Z&accept=netcdf
  Trying https://tds.hycom.org/thredds/ncss/FMRC_ESPC-D-V02_uv3z/FMRC_ESPC-D-V02_uv3z_bes...
  HYCOM 2026-08-27 00Z failed: 400 Client Error: 400 for url: https://tds.hycom.org/thredds/ncss/FMRC_ESPC-D-V02_uv3z/FMRC_ESPC-D-V02_uv3z_best.ncd?var=water_u&var=water_v&var=surf_el&north=27.47&south=22.15&west=-83.16&east=-76.14&horizStride=1&vertCoord=0&disableLLSubset=on&disableProjSubset=on&time_start=2026-08-27T00:00:00Z&time_end=2026-08-27T00:00:00Z&accept=netcdf
  Trying https://tds.hycom.org/thredds/ncss/FMRC_ESPC-D-V02_uv3z/runs/FMRC_ESPC-D-V02_uv3...
  HYCOM 2026-08-26 12Z failed: 400 Client Error: 400 for url: https://tds.hycom.org/thredds/ncss/FMRC_ESPC-D-V02_uv3z/runs/FMRC_ESPC-D-V02_uv3z_RUN_2026-08-26T12:00:00Z?var=water_u&var=water_v&var=surf_el&north=27.47&south=22.15&west=-83.16&east=-76.14&horizStride=1&vertCoord=0&disableLLSubset=on&disableProjSubset=on&time_start=2026-08-26T12:00:00Z&time_end=2026-08-26T12:00:00Z&accept=netcdf
  Trying https://tds.hycom.org/thredds/ncss/FMRC_ESPC-D-V02_uv3z/FMRC_ESPC-D-V02_uv3z_bes...
  HYCOM 2026-08-26 12Z failed: 400 Client Error: 400 for url: https://tds.hycom.org/thredds/ncss/FMRC_ESPC-D-V02_uv3z/FMRC_ESPC-D-V02_uv3z_best.ncd?var=water_u&var=water_v&var=surf_el&north=27.47&south=22.15&west=-83.16&east=-76.14&horizStride=1&vertCoord=0&disableLLSubset=on&disableProjSubset=on&time_start=2026-08-26T12:00:00Z&time_end=2026-08-26T12:00:00Z&accept=netcdf
  Trying https://tds.hycom.org/thredds/ncss/FMRC_ESPC-D-V02_uv3z/runs/FMRC_ESPC-D-V02_uv3...
  HYCOM 2026-08-26 00Z failed: 404 Client Error: 404 for url: https://tds.hycom.org/thredds/ncss/FMRC_ESPC-D-V02_uv3z/runs/FMRC_ESPC-D-V02_uv3z_RUN_2026-08-26T00:00:00Z?var=water_u&var=water_v&var=surf_el&north=27.47&south=22.15&west=-83.16&east=-76.14&horizStride=1&vertCoord=0&disableLLSubset=on&disableProjSubset=on&time_start=2026-08-26T00:00:00Z&time_end=2026-08-26T00:00:00Z&accept=netcdf
  Trying https://tds.hycom.org/thredds/ncss/FMRC_ESPC-D-V02_uv3z/FMRC_ESPC-D-V02_uv3z_bes...
  HYCOM 2026-08-26 00Z failed: 400 Client Error: 400 for url: https://tds.hycom.org/thredds/ncss/FMRC_ESPC-D-V02_uv3z/FMRC_ESPC-D-V02_uv3z_best.ncd?var=water_u&var=water_v&var=surf_el&north=27.47&south=22.15&west=-83.16&east=-76.14&horizStride=1&vertCoord=0&disableLLSubset=on&disableProjSubset=on&time_start=2026-08-26T00:00:00Z&time_end=2026-08-26T00:00:00Z&accept=netcdf
  Trying https://tds.hycom.org/thredds/ncss/FMRC_ESPC-D-V02_uv3z/runs/FMRC_ESPC-D-V02_uv3...
  HYCOM 2026-08-25 12Z failed: 400 Client Error: 400 for url: https://tds.hycom.org/thredds/ncss/FMRC_ESPC-D-V02_uv3z/runs/FMRC_ESPC-D-V02_uv3z_RUN_2026-08-25T12:00:00Z?var=water_u&var=water_v&var=surf_el&north=27.47&south=22.15&west=-83.16&east=-76.14&horizStride=1&vertCoord=0&disableLLSubset=on&disableProjSubset=on&time_start=2026-08-25T12:00:00Z&time_end=2026-08-25T12:00:00Z&accept=netcdf
  Trying https://tds.hycom.org/thredds/ncss/FMRC_ESPC-D-V02_uv3z/FMRC_ESPC-D-V02_uv3z_bes...
  HYCOM 2026-08-25 12Z failed: 400 Client Error: 400 for url: https://tds.hycom.org/thredds/ncss/FMRC_ESPC-D-V02_uv3z/FMRC_ESPC-D-V02_uv3z_best.ncd?var=water_u&var=water_v&var=surf_el&north=27.47&south=22.15&west=-83.16&east=-76.14&horizStride=1&vertCoord=0&disableLLSubset=on&disableProjSubset=on&time_start=2026-08-25T12:00:00Z&time_end=2026-08-25T12:00:00Z&accept=netcdf
  Trying https://tds.hycom.org/thredds/ncss/FMRC_ESPC-D-V02_uv3z/runs/FMRC_ESPC-D-V02_uv3...
  HYCOM 2026-08-25 00Z failed: 404 Client Error: 404 for url: https://tds.hycom.org/thredds/ncss/FMRC_ESPC-D-V02_uv3z/runs/FMRC_ESPC-D-V02_uv3z_RUN_2026-08-25T00:00:00Z?var=water_u&var=water_v&var=surf_el&north=27.47&south=22.15&west=-83.16&east=-76.14&horizStride=1&vertCoord=0&disableLLSubset=on&disableProjSubset=on&time_start=2026-08-25T00:00:00Z&time_end=2026-08-25T00:00:00Z&accept=netcdf
  Trying https://tds.hycom.org/thredds/ncss/FMRC_ESPC-D-V02_uv3z/FMRC_ESPC-D-V02_uv3z_bes...
  HYCOM 2026-08-25 00Z failed: 400 Client Error: 400 for url: https://tds.hycom.org/thredds/ncss/FMRC_ESPC-D-V02_uv3z/FMRC_ESPC-D-V02_uv3z_best.ncd?var=water_u&var=water_v&var=surf_el&north=27.47&south=22.15&west=-83.16&east=-76.14&horizStride=1&vertCoord=0&disableLLSubset=on&disableProjSubset=on&time_start=2026-08-25T00:00:00Z&time_end=2026-08-25T00:00:00Z&accept=netcdf
  HYCOM: all attempts failed

[2/3] OSCAR currents  (target: 2026-08-28)  1/3 deg, 5-day composite
  Trying OSCAR_L4_OC_NRT_V2.1 @ coastwatch.pfeg.noaa.gov 2026-08-28 ...
  OSCAR_L4_OC_NRT_V2.1 @ coastwatch.pfeg.noaa.gov 2026-08-28: 404 Client Error:  for url: https://coastwatch.pfeg.noaa.gov/erddap/griddap/OSCAR_L4_OC_NRT_V2.1.nc?u%5B(2026-08-28T00:00:00Z)%5D%5B(0.0)%5D%5B(22.15):1:(27.47)%5D%5B(-83.16):1:(-76.14)%5D,v%5B(2026-08-28T00:00:00Z)%5D%5B(0.0)%5D%5B(22.15):1:(27.47)%5D%5B(-83.16):1:(-76.14)%5D
  Trying OSCAR_L4_OC_NRT_V2.1 @ upwell.pfeg.noaa.gov 2026-08-28 ...
  OSCAR_L4_OC_NRT_V2.1 @ upwell.pfeg.noaa.gov 2026-08-28: 404 Client Error:  for url: https://upwell.pfeg.noaa.gov/erddap/griddap/OSCAR_L4_OC_NRT_V2.1.nc?u%5B(2026-08-28T00:00:00Z)%5D%5B(0.0)%5D%5B(22.15):1:(27.47)%5D%5B(-83.16):1:(-76.14)%5D,v%5B(2026-08-28T00:00:00Z)%5D%5B(0.0)%5D%5B(22.15):1:(27.47)%5D%5B(-83.16):1:(-76.14)%5D
  Trying OSCAR_L4_OC_NRT_V2.1 @ coastwatch.pfeg.noaa.gov 2026-08-27 ...
  OSCAR_L4_OC_NRT_V2.1 @ coastwatch.pfeg.noaa.gov 2026-08-27: 404 Client Error:  for url: https://coastwatch.pfeg.noaa.gov/erddap/griddap/OSCAR_L4_OC_NRT_V2.1.nc?u%5B(2026-08-27T00:00:00Z)%5D%5B(0.0)%5D%5B(22.15):1:(27.47)%5D%5B(-83.16):1:(-76.14)%5D,v%5B(2026-08-27T00:00:00Z)%5D%5B(0.0)%5D%5B(22.15):1:(27.47)%5D%5B(-83.16):1:(-76.14)%5D
  Trying OSCAR_L4_OC_NRT_V2.1 @ upwell.pfeg.noaa.gov 2026-08-27 ...
  OSCAR_L4_OC_NRT_V2.1 @ upwell.pfeg.noaa.gov 2026-08-27: 404 Client Error:  for url: https://upwell.pfeg.noaa.gov/erddap/griddap/OSCAR_L4_OC_NRT_V2.1.nc?u%5B(2026-08-27T00:00:00Z)%5D%5B(0.0)%5D%5B(22.15):1:(27.47)%5D%5B(-83.16):1:(-76.14)%5D,v%5B(2026-08-27T00:00:00Z)%5D%5B(0.0)%5D%5B(22.15):1:(27.47)%5D%5B(-83.16):1:(-76.14)%5D
  Trying OSCAR_L4_OC_NRT_V2.1 @ coastwatch.pfeg.noaa.gov 2026-08-26 ...
  OSCAR_L4_OC_NRT_V2.1 @ coastwatch.pfeg.noaa.gov 2026-08-26: 404 Client Error:  for url: https://coastwatch.pfeg.noaa.gov/erddap/griddap/OSCAR_L4_OC_NRT_V2.1.nc?u%5B(2026-08-26T00:00:00Z)%5D%5B(0.0)%5D%5B(22.15):1:(27.47)%5D%5B(-83.16):1:(-76.14)%5D,v%5B(2026-08-26T00:00:00Z)%5D%5B(0.0)%5D%5B(22.15):1:(27.47)%5D%5B(-83.16):1:(-76.14)%5D
  Trying OSCAR_L4_OC_NRT_V2.1 @ upwell.pfeg.noaa.gov 2026-08-26 ...
  OSCAR_L4_OC_NRT_V2.1 @ upwell.pfeg.noaa.gov 2026-08-26: 404 Client Error:  for url: https://upwell.pfeg.noaa.gov/erddap/griddap/OSCAR_L4_OC_NRT_V2.1.nc?u%5B(2026-08-26T00:00:00Z)%5D%5B(0.0)%5D%5B(22.15):1:(27.47)%5D%5B(-83.16):1:(-76.14)%5D,v%5B(2026-08-26T00:00:00Z)%5D%5B(0.0)%5D%5B(22.15):1:(27.47)%5D%5B(-83.16):1:(-76.14)%5D
  Trying OSCAR_L4_OC_NRT_V2.1 @ coastwatch.pfeg.noaa.gov 2026-08-25 ...
  OSCAR_L4_OC_NRT_V2.1 @ coastwatch.pfeg.noaa.gov 2026-08-25: 404 Client Error:  for url: https://coastwatch.pfeg.noaa.gov/erddap/griddap/OSCAR_L4_OC_NRT_V2.1.nc?u%5B(2026-08-25T00:00:00Z)%5D%5B(0.0)%5D%5B(22.15):1:(27.47)%5D%5B(-83.16):1:(-76.14)%5D,v%5B(2026-08-25T00:00:00Z)%5D%5B(0.0)%5D%5B(22.15):1:(27.47)%5D%5B(-83.16):1:(-76.14)%5D
  Trying OSCAR_L4_OC_NRT_V2.1 @ upwell.pfeg.noaa.gov 2026-08-25 ...
  OSCAR_L4_OC_NRT_V2.1 @ upwell.pfeg.noaa.gov 2026-08-25: 404 Client Error:  for url: https://upwell.pfeg.noaa.gov/erddap/griddap/OSCAR_L4_OC_NRT_V2.1.nc?u%5B(2026-08-25T00:00:00Z)%5D%5B(0.0)%5D%5B(22.15):1:(27.47)%5D%5B(-83.16):1:(-76.14)%5D,v%5B(2026-08-25T00:00:00Z)%5D%5B(0.0)%5D%5B(22.15):1:(27.47)%5D%5B(-83.16):1:(-76.14)%5D
  Trying OSCAR_L4_OC_NRT_V2.1 @ coastwatch.pfeg.noaa.gov 2026-08-24 ...
  OSCAR_L4_OC_NRT_V2.1 @ coastwatch.pfeg.noaa.gov 2026-08-24: 404 Client Error:  for url: https://coastwatch.pfeg.noaa.gov/erddap/griddap/OSCAR_L4_OC_NRT_V2.1.nc?u%5B(2026-08-24T00:00:00Z)%5D%5B(0.0)%5D%5B(22.15):1:(27.47)%5D%5B(-83.16):1:(-76.14)%5D,v%5B(2026-08-24T00:00:00Z)%5D%5B(0.0)%5D%5B(22.15):1:(27.47)%5D%5B(-83.16):1:(-76.14)%5D
  Trying OSCAR_L4_OC_NRT_V2.1 @ upwell.pfeg.noaa.gov 2026-08-24 ...
  OSCAR_L4_OC_NRT_V2.1 @ upwell.pfeg.noaa.gov 2026-08-24: 404 Client Error:  for url: https://upwell.pfeg.noaa.gov/erddap/griddap/OSCAR_L4_OC_NRT_V2.1.nc?u%5B(2026-08-24T00:00:00Z)%5D%5B(0.0)%5D%5B(22.15):1:(27.47)%5D%5B(-83.16):1:(-76.14)%5D,v%5B(2026-08-24T00:00:00Z)%5D%5B(0.0)%5D%5B(22.15):1:(27.47)%5D%5B(-83.16):1:(-76.14)%5D
  Trying OSCAR_L4_OC_NRT_V2.1 @ coastwatch.pfeg.noaa.gov 2026-08-23 ...
  OSCAR_L4_OC_NRT_V2.1 @ coastwatch.pfeg.noaa.gov 2026-08-23: 404 Client Error:  for url: https://coastwatch.pfeg.noaa.gov/erddap/griddap/OSCAR_L4_OC_NRT_V2.1.nc?u%5B(2026-08-23T00:00:00Z)%5D%5B(0.0)%5D%5B(22.15):1:(27.47)%5D%5B(-83.16):1:(-76.14)%5D,v%5B(2026-08-23T00:00:00Z)%5D%5B(0.0)%5D%5B(22.15):1:(27.47)%5D%5B(-83.16):1:(-76.14)%5D
  Trying OSCAR_L4_OC_NRT_V2.1 @ upwell.pfeg.noaa.gov 2026-08-23 ...
  OSCAR_L4_OC_NRT_V2.1 @ upwell.pfeg.noaa.gov 2026-08-23: 404 Client Error:  for url: https://upwell.pfeg.noaa.gov/erddap/griddap/OSCAR_L4_OC_NRT_V2.1.nc?u%5B(2026-08-23T00:00:00Z)%5D%5B(0.0)%5D%5B(22.15):1:(27.47)%5D%5B(-83.16):1:(-76.14)%5D,v%5B(2026-08-23T00:00:00Z)%5D%5B(0.0)%5D%5B(22.15):1:(27.47)%5D%5B(-83.16):1:(-76.14)%5D
  Trying OSCAR_L4_OC_NRT_V2.0 @ coastwatch.pfeg.noaa.gov 2026-08-28 ...
  OSCAR_L4_OC_NRT_V2.0 @ coastwatch.pfeg.noaa.gov 2026-08-28: 404 Client Error:  for url: https://coastwatch.pfeg.noaa.gov/erddap/griddap/OSCAR_L4_OC_NRT_V2.0.nc?u%5B(2026-08-28T00:00:00Z)%5D%5B(0.0)%5D%5B(22.15):1:(27.47)%5D%5B(-83.16):1:(-76.14)%5D,v%5B(2026-08-28T00:00:00Z)%5D%5B(0.0)%5D%5B(22.15):1:(27.47)%5D%5B(-83.16):1:(-76.14)%5D
  Trying OSCAR_L4_OC_NRT_V2.0 @ upwell.pfeg.noaa.gov 2026-08-28 ...
  OSCAR_L4_OC_NRT_V2.0 @ upwell.pfeg.noaa.gov 2026-08-28: 404 Client Error:  for url: https://upwell.pfeg.noaa.gov/erddap/griddap/OSCAR_L4_OC_NRT_V2.0.nc?u%5B(2026-08-28T00:00:00Z)%5D%5B(0.0)%5D%5B(22.15):1:(27.47)%5D%5B(-83.16):1:(-76.14)%5D,v%5B(2026-08-28T00:00:00Z)%5D%5B(0.0)%5D%5B(22.15):1:(27.47)%5D%5B(-83.16):1:(-76.14)%5D
  Trying OSCAR_L4_OC_NRT_V2.0 @ coastwatch.pfeg.noaa.gov 2026-08-27 ...
  OSCAR_L4_OC_NRT_V2.0 @ coastwatch.pfeg.noaa.gov 2026-08-27: 404 Client Error:  for url: https://coastwatch.pfeg.noaa.gov/erddap/griddap/OSCAR_L4_OC_NRT_V2.0.nc?u%5B(2026-08-27T00:00:00Z)%5D%5B(0.0)%5D%5B(22.15):1:(27.47)%5D%5B(-83.16):1:(-76.14)%5D,v%5B(2026-08-27T00:00:00Z)%5D%5B(0.0)%5D%5B(22.15):1:(27.47)%5D%5B(-83.16):1:(-76.14)%5D
  Trying OSCAR_L4_OC_NRT_V2.0 @ upwell.pfeg.noaa.gov 2026-08-27 ...
  OSCAR_L4_OC_NRT_V2.0 @ upwell.pfeg.noaa.gov 2026-08-27: 404 Client Error:  for url: https://upwell.pfeg.noaa.gov/erddap/griddap/OSCAR_L4_OC_NRT_V2.0.nc?u%5B(2026-08-27T00:00:00Z)%5D%5B(0.0)%5D%5B(22.15):1:(27.47)%5D%5B(-83.16):1:(-76.14)%5D,v%5B(2026-08-27T00:00:00Z)%5D%5B(0.0)%5D%5B(22.15):1:(27.47)%5D%5B(-83.16):1:(-76.14)%5D
  Trying OSCAR_L4_OC_NRT_V2.0 @ coastwatch.pfeg.noaa.gov 2026-08-26 ...
  OSCAR_L4_OC_NRT_V2.0 @ coastwatch.pfeg.noaa.gov 2026-08-26: 404 Client Error:  for url: https://coastwatch.pfeg.noaa.gov/erddap/griddap/OSCAR_L4_OC_NRT_V2.0.nc?u%5B(2026-08-26T00:00:00Z)%5D%5B(0.0)%5D%5B(22.15):1:(27.47)%5D%5B(-83.16):1:(-76.14)%5D,v%5B(2026-08-26T00:00:00Z)%5D%5B(0.0)%5D%5B(22.15):1:(27.47)%5D%5B(-83.16):1:(-76.14)%5D
  Trying OSCAR_L4_OC_NRT_V2.0 @ upwell.pfeg.noaa.gov 2026-08-26 ...
  OSCAR_L4_OC_NRT_V2.0 @ upwell.pfeg.noaa.gov 2026-08-26: 404 Client Error:  for url: https://upwell.pfeg.noaa.gov/erddap/griddap/OSCAR_L4_OC_NRT_V2.0.nc?u%5B(2026-08-26T00:00:00Z)%5D%5B(0.0)%5D%5B(22.15):1:(27.47)%5D%5B(-83.16):1:(-76.14)%5D,v%5B(2026-08-26T00:00:00Z)%5D%5B(0.0)%5D%5B(22.15):1:(27.47)%5D%5B(-83.16):1:(-76.14)%5D
  Trying OSCAR_L4_OC_NRT_V2.0 @ coastwatch.pfeg.noaa.gov 2026-08-25 ...
  OSCAR_L4_OC_NRT_V2.0 @ coastwatch.pfeg.noaa.gov 2026-08-25: 404 Client Error:  for url: https://coastwatch.pfeg.noaa.gov/erddap/griddap/OSCAR_L4_OC_NRT_V2.0.nc?u%5B(2026-08-25T00:00:00Z)%5D%5B(0.0)%5D%5B(22.15):1:(27.47)%5D%5B(-83.16):1:(-76.14)%5D,v%5B(2026-08-25T00:00:00Z)%5D%5B(0.0)%5D%5B(22.15):1:(27.47)%5D%5B(-83.16):1:(-76.14)%5D
  Trying OSCAR_L4_OC_NRT_V2.0 @ upwell.pfeg.noaa.gov 2026-08-25 ...
  OSCAR_L4_OC_NRT_V2.0 @ upwell.pfeg.noaa.gov 2026-08-25: 404 Client Error:  for url: https://upwell.pfeg.noaa.gov/erddap/griddap/OSCAR_L4_OC_NRT_V2.0.nc?u%5B(2026-08-25T00:00:00Z)%5D%5B(0.0)%5D%5B(22.15):1:(27.47)%5D%5B(-83.16):1:(-76.14)%5D,v%5B(2026-08-25T00:00:00Z)%5D%5B(0.0)%5D%5B(22.15):1:(27.47)%5D%5B(-83.16):1:(-76.14)%5D
  Trying OSCAR_L4_OC_NRT_V2.0 @ coastwatch.pfeg.noaa.gov 2026-08-24 ...
  OSCAR_L4_OC_NRT_V2.0 @ coastwatch.pfeg.noaa.gov 2026-08-24: 404 Client Error:  for url: https://coastwatch.pfeg.noaa.gov/erddap/griddap/OSCAR_L4_OC_NRT_V2.0.nc?u%5B(2026-08-24T00:00:00Z)%5D%5B(0.0)%5D%5B(22.15):1:(27.47)%5D%5B(-83.16):1:(-76.14)%5D,v%5B(2026-08-24T00:00:00Z)%5D%5B(0.0)%5D%5B(22.15):1:(27.47)%5D%5B(-83.16):1:(-76.14)%5D
  Trying OSCAR_L4_OC_NRT_V2.0 @ upwell.pfeg.noaa.gov 2026-08-24 ...
  OSCAR_L4_OC_NRT_V2.0 @ upwell.pfeg.noaa.gov 2026-08-24: 404 Client Error:  for url: https://upwell.pfeg.noaa.gov/erddap/griddap/OSCAR_L4_OC_NRT_V2.0.nc?u%5B(2026-08-24T00:00:00Z)%5D%5B(0.0)%5D%5B(22.15):1:(27.47)%5D%5B(-83.16):1:(-76.14)%5D,v%5B(2026-08-24T00:00:00Z)%5D%5B(0.0)%5D%5B(22.15):1:(27.47)%5D%5B(-83.16):1:(-76.14)%5D
  Trying OSCAR_L4_OC_NRT_V2.0 @ coastwatch.pfeg.noaa.gov 2026-08-23 ...
  OSCAR_L4_OC_NRT_V2.0 @ coastwatch.pfeg.noaa.gov 2026-08-23: 404 Client Error:  for url: https://coastwatch.pfeg.noaa.gov/erddap/griddap/OSCAR_L4_OC_NRT_V2.0.nc?u%5B(2026-08-23T00:00:00Z)%5D%5B(0.0)%5D%5B(22.15):1:(27.47)%5D%5B(-83.16):1:(-76.14)%5D,v%5B(2026-08-23T00:00:00Z)%5D%5B(0.0)%5D%5B(22.15):1:(27.47)%5D%5B(-83.16):1:(-76.14)%5D
  Trying OSCAR_L4_OC_NRT_V2.0 @ upwell.pfeg.noaa.gov 2026-08-23 ...
  OSCAR_L4_OC_NRT_V2.0 @ upwell.pfeg.noaa.gov 2026-08-23: 404 Client Error:  for url: https://upwell.pfeg.noaa.gov/erddap/griddap/OSCAR_L4_OC_NRT_V2.0.nc?u%5B(2026-08-23T00:00:00Z)%5D%5B(0.0)%5D%5B(22.15):1:(27.47)%5D%5B(-83.16):1:(-76.14)%5D,v%5B(2026-08-23T00:00:00Z)%5D%5B(0.0)%5D%5B(22.15):1:(27.47)%5D%5B(-83.16):1:(-76.14)%5D
  Trying jplOscarV2NRT5day @ coastwatch.pfeg.noaa.gov 2026-08-28 ...
  jplOscarV2NRT5day @ coastwatch.pfeg.noaa.gov 2026-08-28: 404 Client Error:  for url: https://coastwatch.pfeg.noaa.gov/erddap/griddap/jplOscarV2NRT5day.nc?u%5B(2026-08-28T00:00:00Z)%5D%5B(0.0)%5D%5B(22.15):1:(27.47)%5D%5B(-83.16):1:(-76.14)%5D,v%5B(2026-08-28T00:00:00Z)%5D%5B(0.0)%5D%5B(22.15):1:(27.47)%5D%5B(-83.16):1:(-76.14)%5D
  Trying jplOscarV2NRT5day @ upwell.pfeg.noaa.gov 2026-08-28 ...
  jplOscarV2NRT5day @ upwell.pfeg.noaa.gov 2026-08-28: 404 Client Error:  for url: https://upwell.pfeg.noaa.gov/erddap/griddap/jplOscarV2NRT5day.nc?u%5B(2026-08-28T00:00:00Z)%5D%5B(0.0)%5D%5B(22.15):1:(27.47)%5D%5B(-83.16):1:(-76.14)%5D,v%5B(2026-08-28T00:00:00Z)%5D%5B(0.0)%5D%5B(22.15):1:(27.47)%5D%5B(-83.16):1:(-76.14)%5D
  Trying jplOscarV2NRT5day @ coastwatch.pfeg.noaa.gov 2026-08-27 ...
  jplOscarV2NRT5day @ coastwatch.pfeg.noaa.gov 2026-08-27: 404 Client Error:  for url: https://coastwatch.pfeg.noaa.gov/erddap/griddap/jplOscarV2NRT5day.nc?u%5B(2026-08-27T00:00:00Z)%5D%5B(0.0)%5D%5B(22.15):1:(27.47)%5D%5B(-83.16):1:(-76.14)%5D,v%5B(2026-08-27T00:00:00Z)%5D%5B(0.0)%5D%5B(22.15):1:(27.47)%5D%5B(-83.16):1:(-76.14)%5D
  Trying jplOscarV2NRT5day @ upwell.pfeg.noaa.gov 2026-08-27 ...
  jplOscarV2NRT5day @ upwell.pfeg.noaa.gov 2026-08-27: 404 Client Error:  for url: https://upwell.pfeg.noaa.gov/erddap/griddap/jplOscarV2NRT5day.nc?u%5B(2026-08-27T00:00:00Z)%5D%5B(0.0)%5D%5B(22.15):1:(27.47)%5D%5B(-83.16):1:(-76.14)%5D,v%5B(2026-08-27T00:00:00Z)%5D%5B(0.0)%5D%5B(22.15):1:(27.47)%5D%5B(-83.16):1:(-76.14)%5D
  Trying jplOscarV2NRT5day @ coastwatch.pfeg.noaa.gov 2026-08-26 ...
  jplOscarV2NRT5day @ coastwatch.pfeg.noaa.gov 2026-08-26: 404 Client Error:  for url: https://coastwatch.pfeg.noaa.gov/erddap/griddap/jplOscarV2NRT5day.nc?u%5B(2026-08-26T00:00:00Z)%5D%5B(0.0)%5D%5B(22.15):1:(27.47)%5D%5B(-83.16):1:(-76.14)%5D,v%5B(2026-08-26T00:00:00Z)%5D%5B(0.0)%5D%5B(22.15):1:(27.47)%5D%5B(-83.16):1:(-76.14)%5D
  Trying jplOscarV2NRT5day @ upwell.pfeg.noaa.gov 2026-08-26 ...
  jplOscarV2NRT5day @ upwell.pfeg.noaa.gov 2026-08-26: 404 Client Error:  for url: https://upwell.pfeg.noaa.gov/erddap/griddap/jplOscarV2NRT5day.nc?u%5B(2026-08-26T00:00:00Z)%5D%5B(0.0)%5D%5B(22.15):1:(27.47)%5D%5B(-83.16):1:(-76.14)%5D,v%5B(2026-08-26T00:00:00Z)%5D%5B(0.0)%5D%5B(22.15):1:(27.47)%5D%5B(-83.16):1:(-76.14)%5D
  Trying jplOscarV2NRT5day @ coastwatch.pfeg.noaa.gov 2026-08-25 ...
  jplOscarV2NRT5day @ coastwatch.pfeg.noaa.gov 2026-08-25: 404 Client Error:  for url: https://coastwatch.pfeg.noaa.gov/erddap/griddap/jplOscarV2NRT5day.nc?u%5B(2026-08-25T00:00:00Z)%5D%5B(0.0)%5D%5B(22.15):1:(27.47)%5D%5B(-83.16):1:(-76.14)%5D,v%5B(2026-08-25T00:00:00Z)%5D%5B(0.0)%5D%5B(22.15):1:(27.47)%5D%5B(-83.16):1:(-76.14)%5D
  Trying jplOscarV2NRT5day @ upwell.pfeg.noaa.gov 2026-08-25 ...
  jplOscarV2NRT5day @ upwell.pfeg.noaa.gov 2026-08-25: 404 Client Error:  for url: https://upwell.pfeg.noaa.gov/erddap/griddap/jplOscarV2NRT5day.nc?u%5B(2026-08-25T00:00:00Z)%5D%5B(0.0)%5D%5B(22.15):1:(27.47)%5D%5B(-83.16):1:(-76.14)%5D,v%5B(2026-08-25T00:00:00Z)%5D%5B(0.0)%5D%5B(22.15):1:(27.47)%5D%5B(-83.16):1:(-76.14)%5D
  Trying jplOscarV2NRT5day @ coastwatch.pfeg.noaa.gov 2026-08-24 ...
  jplOscarV2NRT5day @ coastwatch.pfeg.noaa.gov 2026-08-24: 404 Client Error:  for url: https://coastwatch.pfeg.noaa.gov/erddap/griddap/jplOscarV2NRT5day.nc?u%5B(2026-08-24T00:00:00Z)%5D%5B(0.0)%5D%5B(22.15):1:(27.47)%5D%5B(-83.16):1:(-76.14)%5D,v%5B(2026-08-24T00:00:00Z)%5D%5B(0.0)%5D%5B(22.15):1:(27.47)%5D%5B(-83.16):1:(-76.14)%5D
  Trying jplOscarV2NRT5day @ upwell.pfeg.noaa.gov 2026-08-24 ...
  jplOscarV2NRT5day @ upwell.pfeg.noaa.gov 2026-08-24: 404 Client Error:  for url: https://upwell.pfeg.noaa.gov/erddap/griddap/jplOscarV2NRT5day.nc?u%5B(2026-08-24T00:00:00Z)%5D%5B(0.0)%5D%5B(22.15):1:(27.47)%5D%5B(-83.16):1:(-76.14)%5D,v%5B(2026-08-24T00:00:00Z)%5D%5B(0.0)%5D%5B(22.15):1:(27.47)%5D%5B(-83.16):1:(-76.14)%5D
  Trying jplOscarV2NRT5day @ coastwatch.pfeg.noaa.gov 2026-08-23 ...
  jplOscarV2NRT5day @ coastwatch.pfeg.noaa.gov 2026-08-23: 404 Client Error:  for url: https://coastwatch.pfeg.noaa.gov/erddap/griddap/jplOscarV2NRT5day.nc?u%5B(2026-08-23T00:00:00Z)%5D%5B(0.0)%5D%5B(22.15):1:(27.47)%5D%5B(-83.16):1:(-76.14)%5D,v%5B(2026-08-23T00:00:00Z)%5D%5B(0.0)%5D%5B(22.15):1:(27.47)%5D%5B(-83.16):1:(-76.14)%5D
  Trying jplOscarV2NRT5day @ upwell.pfeg.noaa.gov 2026-08-23 ...
  jplOscarV2NRT5day @ upwell.pfeg.noaa.gov 2026-08-23: 404 Client Error:  for url: https://upwell.pfeg.noaa.gov/erddap/griddap/jplOscarV2NRT5day.nc?u%5B(2026-08-23T00:00:00Z)%5D%5B(0.0)%5D%5B(22.15):1:(27.47)%5D%5B(-83.16):1:(-76.14)%5D,v%5B(2026-08-23T00:00:00Z)%5D%5B(0.0)%5D%5B(22.15):1:(27.47)%5D%5B(-83.16):1:(-76.14)%5D
  Trying jplOscar1day @ coastwatch.pfeg.noaa.gov 2026-08-28 ...
  jplOscar1day @ coastwatch.pfeg.noaa.gov 2026-08-28: 404 Client Error:  for url: https://coastwatch.pfeg.noaa.gov/erddap/griddap/jplOscar1day.nc?u%5B(2026-08-28T00:00:00Z)%5D%5B(0.0)%5D%5B(22.15):1:(27.47)%5D%5B(-83.16):1:(-76.14)%5D,v%5B(2026-08-28T00:00:00Z)%5D%5B(0.0)%5D%5B(22.15):1:(27.47)%5D%5B(-83.16):1:(-76.14)%5D
  Trying jplOscar1day @ upwell.pfeg.noaa.gov 2026-08-28 ...
  jplOscar1day @ upwell.pfeg.noaa.gov 2026-08-28: 404 Client Error:  for url: https://upwell.pfeg.noaa.gov/erddap/griddap/jplOscar1day.nc?u%5B(2026-08-28T00:00:00Z)%5D%5B(0.0)%5D%5B(22.15):1:(27.47)%5D%5B(-83.16):1:(-76.14)%5D,v%5B(2026-08-28T00:00:00Z)%5D%5B(0.0)%5D%5B(22.15):1:(27.47)%5D%5B(-83.16):1:(-76.14)%5D
  Trying jplOscar1day @ coastwatch.pfeg.noaa.gov 2026-08-27 ...
  jplOscar1day @ coastwatch.pfeg.noaa.gov 2026-08-27: 404 Client Error:  for url: https://coastwatch.pfeg.noaa.gov/erddap/griddap/jplOscar1day.nc?u%5B(2026-08-27T00:00:00Z)%5D%5B(0.0)%5D%5B(22.15):1:(27.47)%5D%5B(-83.16):1:(-76.14)%5D,v%5B(2026-08-27T00:00:00Z)%5D%5B(0.0)%5D%5B(22.15):1:(27.47)%5D%5B(-83.16):1:(-76.14)%5D
  Trying jplOscar1day @ upwell.pfeg.noaa.gov 2026-08-27 ...
  jplOscar1day @ upwell.pfeg.noaa.gov 2026-08-27: 404 Client Error:  for url: https://upwell.pfeg.noaa.gov/erddap/griddap/jplOscar1day.nc?u%5B(2026-08-27T00:00:00Z)%5D%5B(0.0)%5D%5B(22.15):1:(27.47)%5D%5B(-83.16):1:(-76.14)%5D,v%5B(2026-08-27T00:00:00Z)%5D%5B(0.0)%5D%5B(22.15):1:(27.47)%5D%5B(-83.16):1:(-76.14)%5D
  Trying jplOscar1day @ coastwatch.pfeg.noaa.gov 2026-08-26 ...
  jplOscar1day @ coastwatch.pfeg.noaa.gov 2026-08-26: 404 Client Error:  for url: https://coastwatch.pfeg.noaa.gov/erddap/griddap/jplOscar1day.nc?u%5B(2026-08-26T00:00:00Z)%5D%5B(0.0)%5D%5B(22.15):1:(27.47)%5D%5B(-83.16):1:(-76.14)%5D,v%5B(2026-08-26T00:00:00Z)%5D%5B(0.0)%5D%5B(22.15):1:(27.47)%5D%5B(-83.16):1:(-76.14)%5D
  Trying jplOscar1day @ upwell.pfeg.noaa.gov 2026-08-26 ...
  jplOscar1day @ upwell.pfeg.noaa.gov 2026-08-26: 404 Client Error:  for url: https://upwell.pfeg.noaa.gov/erddap/griddap/jplOscar1day.nc?u%5B(2026-08-26T00:00:00Z)%5D%5B(0.0)%5D%5B(22.15):1:(27.47)%5D%5B(-83.16):1:(-76.14)%5D,v%5B(2026-08-26T00:00:00Z)%5D%5B(0.0)%5D%5B(22.15):1:(27.47)%5D%5B(-83.16):1:(-76.14)%5D
  Trying jplOscar1day @ coastwatch.pfeg.noaa.gov 2026-08-25 ...
  jplOscar1day @ coastwatch.pfeg.noaa.gov 2026-08-25: 404 Client Error:  for url: https://coastwatch.pfeg.noaa.gov/erddap/griddap/jplOscar1day.nc?u%5B(2026-08-25T00:00:00Z)%5D%5B(0.0)%5D%5B(22.15):1:(27.47)%5D%5B(-83.16):1:(-76.14)%5D,v%5B(2026-08-25T00:00:00Z)%5D%5B(0.0)%5D%5B(22.15):1:(27.47)%5D%5B(-83.16):1:(-76.14)%5D
  Trying jplOscar1day @ upwell.pfeg.noaa.gov 2026-08-25 ...
  jplOscar1day @ upwell.pfeg.noaa.gov 2026-08-25: 404 Client Error:  for url: https://upwell.pfeg.noaa.gov/erddap/griddap/jplOscar1day.nc?u%5B(2026-08-25T00:00:00Z)%5D%5B(0.0)%5D%5B(22.15):1:(27.47)%5D%5B(-83.16):1:(-76.14)%5D,v%5B(2026-08-25T00:00:00Z)%5D%5B(0.0)%5D%5B(22.15):1:(27.47)%5D%5B(-83.16):1:(-76.14)%5D
  Trying jplOscar1day @ coastwatch.pfeg.noaa.gov 2026-08-24 ...
  jplOscar1day @ coastwatch.pfeg.noaa.gov 2026-08-24: 404 Client Error:  for url: https://coastwatch.pfeg.noaa.gov/erddap/griddap/jplOscar1day.nc?u%5B(2026-08-24T00:00:00Z)%5D%5B(0.0)%5D%5B(22.15):1:(27.47)%5D%5B(-83.16):1:(-76.14)%5D,v%5B(2026-08-24T00:00:00Z)%5D%5B(0.0)%5D%5B(22.15):1:(27.47)%5D%5B(-83.16):1:(-76.14)%5D
  Trying jplOscar1day @ upwell.pfeg.noaa.gov 2026-08-24 ...
  jplOscar1day @ upwell.pfeg.noaa.gov 2026-08-24: 404 Client Error:  for url: https://upwell.pfeg.noaa.gov/erddap/griddap/jplOscar1day.nc?u%5B(2026-08-24T00:00:00Z)%5D%5B(0.0)%5D%5B(22.15):1:(27.47)%5D%5B(-83.16):1:(-76.14)%5D,v%5B(2026-08-24T00:00:00Z)%5D%5B(0.0)%5D%5B(22.15):1:(27.47)%5D%5B(-83.16):1:(-76.14)%5D
  Trying jplOscar1day @ coastwatch.pfeg.noaa.gov 2026-08-23 ...
  jplOscar1day @ coastwatch.pfeg.noaa.gov 2026-08-23: 404 Client Error:  for url: https://coastwatch.pfeg.noaa.gov/erddap/griddap/jplOscar1day.nc?u%5B(2026-08-23T00:00:00Z)%5D%5B(0.0)%5D%5B(22.15):1:(27.47)%5D%5B(-83.16):1:(-76.14)%5D,v%5B(2026-08-23T00:00:00Z)%5D%5B(0.0)%5D%5B(22.15):1:(27.47)%5D%5B(-83.16):1:(-76.14)%5D
  Trying jplOscar1day @ upwell.pfeg.noaa.gov 2026-08-23 ...
  jplOscar1day @ upwell.pfeg.noaa.gov 2026-08-23: 404 Client Error:  for url: https://upwell.pfeg.noaa.gov/erddap/griddap/jplOscar1day.nc?u%5B(2026-08-23T00:00:00Z)%5D%5B(0.0)%5D%5B(22.15):1:(27.47)%5D%5B(-83.16):1:(-76.14)%5D,v%5B(2026-08-23T00:00:00Z)%5D%5B(0.0)%5D%5B(22.15):1:(27.47)%5D%5B(-83.16):1:(-76.14)%5D
  Trying erdQCkm1day @ coastwatch.pfeg.noaa.gov 2026-08-28 ...
  erdQCkm1day @ coastwatch.pfeg.noaa.gov 2026-08-28: 404 Client Error:  for url: https://coastwatch.pfeg.noaa.gov/erddap/griddap/erdQCkm1day.nc?u%5B(2026-08-28T00:00:00Z)%5D%5B(0.0)%5D%5B(22.15):1:(27.47)%5D%5B(-83.16):1:(-76.14)%5D,v%5B(2026-08-28T00:00:00Z)%5D%5B(0.0)%5D%5B(22.15):1:(27.47)%5D%5B(-83.16):1:(-76.14)%5D
  Trying erdQCkm1day @ upwell.pfeg.noaa.gov 2026-08-28 ...
  erdQCkm1day @ upwell.pfeg.noaa.gov 2026-08-28: 404 Client Error:  for url: https://upwell.pfeg.noaa.gov/erddap/griddap/erdQCkm1day.nc?u%5B(2026-08-28T00:00:00Z)%5D%5B(0.0)%5D%5B(22.15):1:(27.47)%5D%5B(-83.16):1:(-76.14)%5D,v%5B(2026-08-28T00:00:00Z)%5D%5B(0.0)%5D%5B(22.15):1:(27.47)%5D%5B(-83.16):1:(-76.14)%5D
  Trying erdQCkm1day @ coastwatch.pfeg.noaa.gov 2026-08-27 ...
  erdQCkm1day @ coastwatch.pfeg.noaa.gov 2026-08-27: 404 Client Error:  for url: https://coastwatch.pfeg.noaa.gov/erddap/griddap/erdQCkm1day.nc?u%5B(2026-08-27T00:00:00Z)%5D%5B(0.0)%5D%5B(22.15):1:(27.47)%5D%5B(-83.16):1:(-76.14)%5D,v%5B(2026-08-27T00:00:00Z)%5D%5B(0.0)%5D%5B(22.15):1:(27.47)%5D%5B(-83.16):1:(-76.14)%5D
  Trying erdQCkm1day @ upwell.pfeg.noaa.gov 2026-08-27 ...
  erdQCkm1day @ upwell.pfeg.noaa.gov 2026-08-27: 404 Client Error:  for url: https://upwell.pfeg.noaa.gov/erddap/griddap/erdQCkm1day.nc?u%5B(2026-08-27T00:00:00Z)%5D%5B(0.0)%5D%5B(22.15):1:(27.47)%5D%5B(-83.16):1:(-76.14)%5D,v%5B(2026-08-27T00:00:00Z)%5D%5B(0.0)%5D%5B(22.15):1:(27.47)%5D%5B(-83.16):1:(-76.14)%5D
  Trying erdQCkm1day @ coastwatch.pfeg.noaa.gov 2026-08-26 ...
  erdQCkm1day @ coastwatch.pfeg.noaa.gov 2026-08-26: 404 Client Error:  for url: https://coastwatch.pfeg.noaa.gov/erddap/griddap/erdQCkm1day.nc?u%5B(2026-08-26T00:00:00Z)%5D%5B(0.0)%5D%5B(22.15):1:(27.47)%5D%5B(-83.16):1:(-76.14)%5D,v%5B(2026-08-26T00:00:00Z)%5D%5B(0.0)%5D%5B(22.15):1:(27.47)%5D%5B(-83.16):1:(-76.14)%5D
  Trying erdQCkm1day @ upwell.pfeg.noaa.gov 2026-08-26 ...
  erdQCkm1day @ upwell.pfeg.noaa.gov 2026-08-26: 404 Client Error:  for url: https://upwell.pfeg.noaa.gov/erddap/griddap/erdQCkm1day.nc?u%5B(2026-08-26T00:00:00Z)%5D%5B(0.0)%5D%5B(22.15):1:(27.47)%5D%5B(-83.16):1:(-76.14)%5D,v%5B(2026-08-26T00:00:00Z)%5D%5B(0.0)%5D%5B(22.15):1:(27.47)%5D%5B(-83.16):1:(-76.14)%5D
  Trying erdQCkm1day @ coastwatch.pfeg.noaa.gov 2026-08-25 ...
  erdQCkm1day @ coastwatch.pfeg.noaa.gov 2026-08-25: 404 Client Error:  for url: https://coastwatch.pfeg.noaa.gov/erddap/griddap/erdQCkm1day.nc?u%5B(2026-08-25T00:00:00Z)%5D%5B(0.0)%5D%5B(22.15):1:(27.47)%5D%5B(-83.16):1:(-76.14)%5D,v%5B(2026-08-25T00:00:00Z)%5D%5B(0.0)%5D%5B(22.15):1:(27.47)%5D%5B(-83.16):1:(-76.14)%5D
  Trying erdQCkm1day @ upwell.pfeg.noaa.gov 2026-08-25 ...
  erdQCkm1day @ upwell.pfeg.noaa.gov 2026-08-25: 404 Client Error:  for url: https://upwell.pfeg.noaa.gov/erddap/griddap/erdQCkm1day.nc?u%5B(2026-08-25T00:00:00Z)%5D%5B(0.0)%5D%5B(22.15):1:(27.47)%5D%5B(-83.16):1:(-76.14)%5D,v%5B(2026-08-25T00:00:00Z)%5D%5B(0.0)%5D%5B(22.15):1:(27.47)%5D%5B(-83.16):1:(-76.14)%5D
  Trying erdQCkm1day @ coastwatch.pfeg.noaa.gov 2026-08-24 ...
  erdQCkm1day @ coastwatch.pfeg.noaa.gov 2026-08-24: 404 Client Error:  for url: https://coastwatch.pfeg.noaa.gov/erddap/griddap/erdQCkm1day.nc?u%5B(2026-08-24T00:00:00Z)%5D%5B(0.0)%5D%5B(22.15):1:(27.47)%5D%5B(-83.16):1:(-76.14)%5D,v%5B(2026-08-24T00:00:00Z)%5D%5B(0.0)%5D%5B(22.15):1:(27.47)%5D%5B(-83.16):1:(-76.14)%5D
  Trying erdQCkm1day @ upwell.pfeg.noaa.gov 2026-08-24 ...
  erdQCkm1day @ upwell.pfeg.noaa.gov 2026-08-24: 404 Client Error:  for url: https://upwell.pfeg.noaa.gov/erddap/griddap/erdQCkm1day.nc?u%5B(2026-08-24T00:00:00Z)%5D%5B(0.0)%5D%5B(22.15):1:(27.47)%5D%5B(-83.16):1:(-76.14)%5D,v%5B(2026-08-24T00:00:00Z)%5D%5B(0.0)%5D%5B(22.15):1:(27.47)%5D%5B(-83.16):1:(-76.14)%5D
  Trying erdQCkm1day @ coastwatch.pfeg.noaa.gov 2026-08-23 ...
  erdQCkm1day @ coastwatch.pfeg.noaa.gov 2026-08-23: 404 Client Error:  for url: https://coastwatch.pfeg.noaa.gov/erddap/griddap/erdQCkm1day.nc?u%5B(2026-08-23T00:00:00Z)%5D%5B(0.0)%5D%5B(22.15):1:(27.47)%5D%5B(-83.16):1:(-76.14)%5D,v%5B(2026-08-23T00:00:00Z)%5D%5B(0.0)%5D%5B(22.15):1:(27.47)%5D%5B(-83.16):1:(-76.14)%5D
  Trying erdQCkm1day @ upwell.pfeg.noaa.gov 2026-08-23 ...
  erdQCkm1day @ upwell.pfeg.noaa.gov 2026-08-23: 404 Client Error:  for url: https://upwell.pfeg.noaa.gov/erddap/griddap/erdQCkm1day.nc?u%5B(2026-08-23T00:00:00Z)%5D%5B(0.0)%5D%5B(22.15):1:(27.47)%5D%5B(-83.16):1:(-76.14)%5D,v%5B(2026-08-23T00:00:00Z)%5D%5B(0.0)%5D%5B(22.15):1:(27.47)%5D%5B(-83.16):1:(-76.14)%5D
  OSCAR: all attempts failed

[CMEMS] Currents  (2026-08-28)  0.083 deg, daily
  CMEMS currents failed: 

[CMEMS] Altimetry  (2026-08-28)  0.125 deg, daily
  CMEMS altimetry failed: 

============================================================
  Exporting ...
  No current data to export
  No altimetry data to export

============================================================
============================================================

  Files → /home/runner/work/SSTv2/SSTv2/DailySST/Currents/s_fl
         → /home/runner/work/SSTv2/SSTv2/DailySST/Altimetry/s_fl
