============================================================
  Ocean Dynamics Fetcher — Currents + Altimetry
  Date      : 2026-09-30
  BBOX      : {'lat_min': 37.26, 'lat_max': 41.51, 'lon_min': -77.46, 'lon_max': -68.97}
  Output    : /home/runner/work/SSTv2/SSTv2/DailySST
============================================================

[1/3] HYCOM currents + SSH  (target: 2026-09-30)  ~1/12 deg
  HYCOM catalog found dataset: FMRC_ESPC-D-V02_uv3z
  Trying https://tds.hycom.org/thredds/ncss/FMRC_ESPC-D-V02_uv3z/runs/FMRC_ESPC-D-V02_uv3...
  HYCOM 2026-09-30 12Z failed: 400 Client Error: 400 for url: https://tds.hycom.org/thredds/ncss/FMRC_ESPC-D-V02_uv3z/runs/FMRC_ESPC-D-V02_uv3z_RUN_2026-09-30T12:00:00Z?var=water_u&var=water_v&var=surf_el&north=41.51&south=37.26&west=-77.46&east=-68.97&horizStride=1&vertCoord=0&disableLLSubset=on&disableProjSubset=on&time_start=2026-09-30T12:00:00Z&time_end=2026-09-30T12:00:00Z&accept=netcdf
  Trying https://tds.hycom.org/thredds/ncss/FMRC_ESPC-D-V02_uv3z/FMRC_ESPC-D-V02_uv3z_bes...
  HYCOM 2026-09-30 12Z failed: 400 Client Error: 400 for url: https://tds.hycom.org/thredds/ncss/FMRC_ESPC-D-V02_uv3z/FMRC_ESPC-D-V02_uv3z_best.ncd?var=water_u&var=water_v&var=surf_el&north=41.51&south=37.26&west=-77.46&east=-68.97&horizStride=1&vertCoord=0&disableLLSubset=on&disableProjSubset=on&time_start=2026-09-30T12:00:00Z&time_end=2026-09-30T12:00:00Z&accept=netcdf
  Trying https://tds.hycom.org/thredds/ncss/FMRC_ESPC-D-V02_uv3z/runs/FMRC_ESPC-D-V02_uv3...
  HYCOM 2026-09-30 00Z failed: 404 Client Error: 404 for url: https://tds.hycom.org/thredds/ncss/FMRC_ESPC-D-V02_uv3z/runs/FMRC_ESPC-D-V02_uv3z_RUN_2026-09-30T00:00:00Z?var=water_u&var=water_v&var=surf_el&north=41.51&south=37.26&west=-77.46&east=-68.97&horizStride=1&vertCoord=0&disableLLSubset=on&disableProjSubset=on&time_start=2026-09-30T00:00:00Z&time_end=2026-09-30T00:00:00Z&accept=netcdf
  Trying https://tds.hycom.org/thredds/ncss/FMRC_ESPC-D-V02_uv3z/FMRC_ESPC-D-V02_uv3z_bes...
  HYCOM 2026-09-30 00Z failed: 400 Client Error: 400 for url: https://tds.hycom.org/thredds/ncss/FMRC_ESPC-D-V02_uv3z/FMRC_ESPC-D-V02_uv3z_best.ncd?var=water_u&var=water_v&var=surf_el&north=41.51&south=37.26&west=-77.46&east=-68.97&horizStride=1&vertCoord=0&disableLLSubset=on&disableProjSubset=on&time_start=2026-09-30T00:00:00Z&time_end=2026-09-30T00:00:00Z&accept=netcdf
  Trying https://tds.hycom.org/thredds/ncss/FMRC_ESPC-D-V02_uv3z/runs/FMRC_ESPC-D-V02_uv3...
  HYCOM 2026-09-29 12Z failed: 400 Client Error: 400 for url: https://tds.hycom.org/thredds/ncss/FMRC_ESPC-D-V02_uv3z/runs/FMRC_ESPC-D-V02_uv3z_RUN_2026-09-29T12:00:00Z?var=water_u&var=water_v&var=surf_el&north=41.51&south=37.26&west=-77.46&east=-68.97&horizStride=1&vertCoord=0&disableLLSubset=on&disableProjSubset=on&time_start=2026-09-29T12:00:00Z&time_end=2026-09-29T12:00:00Z&accept=netcdf
  Trying https://tds.hycom.org/thredds/ncss/FMRC_ESPC-D-V02_uv3z/FMRC_ESPC-D-V02_uv3z_bes...
  HYCOM 2026-09-29 12Z failed: 400 Client Error: 400 for url: https://tds.hycom.org/thredds/ncss/FMRC_ESPC-D-V02_uv3z/FMRC_ESPC-D-V02_uv3z_best.ncd?var=water_u&var=water_v&var=surf_el&north=41.51&south=37.26&west=-77.46&east=-68.97&horizStride=1&vertCoord=0&disableLLSubset=on&disableProjSubset=on&time_start=2026-09-29T12:00:00Z&time_end=2026-09-29T12:00:00Z&accept=netcdf
  Trying https://tds.hycom.org/thredds/ncss/FMRC_ESPC-D-V02_uv3z/runs/FMRC_ESPC-D-V02_uv3...
  HYCOM 2026-09-29 00Z failed: 404 Client Error: 404 for url: https://tds.hycom.org/thredds/ncss/FMRC_ESPC-D-V02_uv3z/runs/FMRC_ESPC-D-V02_uv3z_RUN_2026-09-29T00:00:00Z?var=water_u&var=water_v&var=surf_el&north=41.51&south=37.26&west=-77.46&east=-68.97&horizStride=1&vertCoord=0&disableLLSubset=on&disableProjSubset=on&time_start=2026-09-29T00:00:00Z&time_end=2026-09-29T00:00:00Z&accept=netcdf
  Trying https://tds.hycom.org/thredds/ncss/FMRC_ESPC-D-V02_uv3z/FMRC_ESPC-D-V02_uv3z_bes...
  HYCOM 2026-09-29 00Z failed: 400 Client Error: 400 for url: https://tds.hycom.org/thredds/ncss/FMRC_ESPC-D-V02_uv3z/FMRC_ESPC-D-V02_uv3z_best.ncd?var=water_u&var=water_v&var=surf_el&north=41.51&south=37.26&west=-77.46&east=-68.97&horizStride=1&vertCoord=0&disableLLSubset=on&disableProjSubset=on&time_start=2026-09-29T00:00:00Z&time_end=2026-09-29T00:00:00Z&accept=netcdf
  Trying https://tds.hycom.org/thredds/ncss/FMRC_ESPC-D-V02_uv3z/runs/FMRC_ESPC-D-V02_uv3...
  HYCOM 2026-09-28 12Z failed: 400 Client Error: 400 for url: https://tds.hycom.org/thredds/ncss/FMRC_ESPC-D-V02_uv3z/runs/FMRC_ESPC-D-V02_uv3z_RUN_2026-09-28T12:00:00Z?var=water_u&var=water_v&var=surf_el&north=41.51&south=37.26&west=-77.46&east=-68.97&horizStride=1&vertCoord=0&disableLLSubset=on&disableProjSubset=on&time_start=2026-09-28T12:00:00Z&time_end=2026-09-28T12:00:00Z&accept=netcdf
  Trying https://tds.hycom.org/thredds/ncss/FMRC_ESPC-D-V02_uv3z/FMRC_ESPC-D-V02_uv3z_bes...
  HYCOM 2026-09-28 12Z failed: 400 Client Error: 400 for url: https://tds.hycom.org/thredds/ncss/FMRC_ESPC-D-V02_uv3z/FMRC_ESPC-D-V02_uv3z_best.ncd?var=water_u&var=water_v&var=surf_el&north=41.51&south=37.26&west=-77.46&east=-68.97&horizStride=1&vertCoord=0&disableLLSubset=on&disableProjSubset=on&time_start=2026-09-28T12:00:00Z&time_end=2026-09-28T12:00:00Z&accept=netcdf
  Trying https://tds.hycom.org/thredds/ncss/FMRC_ESPC-D-V02_uv3z/runs/FMRC_ESPC-D-V02_uv3...
  HYCOM 2026-09-28 00Z failed: 404 Client Error: 404 for url: https://tds.hycom.org/thredds/ncss/FMRC_ESPC-D-V02_uv3z/runs/FMRC_ESPC-D-V02_uv3z_RUN_2026-09-28T00:00:00Z?var=water_u&var=water_v&var=surf_el&north=41.51&south=37.26&west=-77.46&east=-68.97&horizStride=1&vertCoord=0&disableLLSubset=on&disableProjSubset=on&time_start=2026-09-28T00:00:00Z&time_end=2026-09-28T00:00:00Z&accept=netcdf
  Trying https://tds.hycom.org/thredds/ncss/FMRC_ESPC-D-V02_uv3z/FMRC_ESPC-D-V02_uv3z_bes...
  HYCOM 2026-09-28 00Z failed: 400 Client Error: 400 for url: https://tds.hycom.org/thredds/ncss/FMRC_ESPC-D-V02_uv3z/FMRC_ESPC-D-V02_uv3z_best.ncd?var=water_u&var=water_v&var=surf_el&north=41.51&south=37.26&west=-77.46&east=-68.97&horizStride=1&vertCoord=0&disableLLSubset=on&disableProjSubset=on&time_start=2026-09-28T00:00:00Z&time_end=2026-09-28T00:00:00Z&accept=netcdf
  Trying https://tds.hycom.org/thredds/ncss/FMRC_ESPC-D-V02_uv3z/runs/FMRC_ESPC-D-V02_uv3...
  HYCOM 2026-09-27 12Z failed: 400 Client Error: 400 for url: https://tds.hycom.org/thredds/ncss/FMRC_ESPC-D-V02_uv3z/runs/FMRC_ESPC-D-V02_uv3z_RUN_2026-09-27T12:00:00Z?var=water_u&var=water_v&var=surf_el&north=41.51&south=37.26&west=-77.46&east=-68.97&horizStride=1&vertCoord=0&disableLLSubset=on&disableProjSubset=on&time_start=2026-09-27T12:00:00Z&time_end=2026-09-27T12:00:00Z&accept=netcdf
  Trying https://tds.hycom.org/thredds/ncss/FMRC_ESPC-D-V02_uv3z/FMRC_ESPC-D-V02_uv3z_bes...
  HYCOM 2026-09-27 12Z failed: 400 Client Error: 400 for url: https://tds.hycom.org/thredds/ncss/FMRC_ESPC-D-V02_uv3z/FMRC_ESPC-D-V02_uv3z_best.ncd?var=water_u&var=water_v&var=surf_el&north=41.51&south=37.26&west=-77.46&east=-68.97&horizStride=1&vertCoord=0&disableLLSubset=on&disableProjSubset=on&time_start=2026-09-27T12:00:00Z&time_end=2026-09-27T12:00:00Z&accept=netcdf
  Trying https://tds.hycom.org/thredds/ncss/FMRC_ESPC-D-V02_uv3z/runs/FMRC_ESPC-D-V02_uv3...
  HYCOM 2026-09-27 00Z failed: 404 Client Error: 404 for url: https://tds.hycom.org/thredds/ncss/FMRC_ESPC-D-V02_uv3z/runs/FMRC_ESPC-D-V02_uv3z_RUN_2026-09-27T00:00:00Z?var=water_u&var=water_v&var=surf_el&north=41.51&south=37.26&west=-77.46&east=-68.97&horizStride=1&vertCoord=0&disableLLSubset=on&disableProjSubset=on&time_start=2026-09-27T00:00:00Z&time_end=2026-09-27T00:00:00Z&accept=netcdf
  Trying https://tds.hycom.org/thredds/ncss/FMRC_ESPC-D-V02_uv3z/FMRC_ESPC-D-V02_uv3z_bes...
  HYCOM 2026-09-27 00Z failed: 400 Client Error: 400 for url: https://tds.hycom.org/thredds/ncss/FMRC_ESPC-D-V02_uv3z/FMRC_ESPC-D-V02_uv3z_best.ncd?var=water_u&var=water_v&var=surf_el&north=41.51&south=37.26&west=-77.46&east=-68.97&horizStride=1&vertCoord=0&disableLLSubset=on&disableProjSubset=on&time_start=2026-09-27T00:00:00Z&time_end=2026-09-27T00:00:00Z&accept=netcdf
  HYCOM: all attempts failed

[2/3] OSCAR currents  (target: 2026-09-30)  1/3 deg, 5-day composite
  Trying OSCAR_L4_OC_NRT_V2.1 @ coastwatch.pfeg.noaa.gov 2026-09-30 ...
  OSCAR_L4_OC_NRT_V2.1 @ coastwatch.pfeg.noaa.gov 2026-09-30: 404 Client Error:  for url: https://coastwatch.pfeg.noaa.gov/erddap/griddap/OSCAR_L4_OC_NRT_V2.1.nc?u%5B(2026-09-30T00:00:00Z)%5D%5B(0.0)%5D%5B(37.26):1:(41.51)%5D%5B(-77.46):1:(-68.97)%5D,v%5B(2026-09-30T00:00:00Z)%5D%5B(0.0)%5D%5B(37.26):1:(41.51)%5D%5B(-77.46):1:(-68.97)%5D
  Trying OSCAR_L4_OC_NRT_V2.1 @ upwell.pfeg.noaa.gov 2026-09-30 ...
  OSCAR_L4_OC_NRT_V2.1 @ upwell.pfeg.noaa.gov 2026-09-30: 404 Client Error:  for url: https://upwell.pfeg.noaa.gov/erddap/griddap/OSCAR_L4_OC_NRT_V2.1.nc?u%5B(2026-09-30T00:00:00Z)%5D%5B(0.0)%5D%5B(37.26):1:(41.51)%5D%5B(-77.46):1:(-68.97)%5D,v%5B(2026-09-30T00:00:00Z)%5D%5B(0.0)%5D%5B(37.26):1:(41.51)%5D%5B(-77.46):1:(-68.97)%5D
  Trying OSCAR_L4_OC_NRT_V2.1 @ coastwatch.pfeg.noaa.gov 2026-09-29 ...
  OSCAR_L4_OC_NRT_V2.1 @ coastwatch.pfeg.noaa.gov 2026-09-29: 404 Client Error:  for url: https://coastwatch.pfeg.noaa.gov/erddap/griddap/OSCAR_L4_OC_NRT_V2.1.nc?u%5B(2026-09-29T00:00:00Z)%5D%5B(0.0)%5D%5B(37.26):1:(41.51)%5D%5B(-77.46):1:(-68.97)%5D,v%5B(2026-09-29T00:00:00Z)%5D%5B(0.0)%5D%5B(37.26):1:(41.51)%5D%5B(-77.46):1:(-68.97)%5D
  Trying OSCAR_L4_OC_NRT_V2.1 @ upwell.pfeg.noaa.gov 2026-09-29 ...
  OSCAR_L4_OC_NRT_V2.1 @ upwell.pfeg.noaa.gov 2026-09-29: 404 Client Error:  for url: https://upwell.pfeg.noaa.gov/erddap/griddap/OSCAR_L4_OC_NRT_V2.1.nc?u%5B(2026-09-29T00:00:00Z)%5D%5B(0.0)%5D%5B(37.26):1:(41.51)%5D%5B(-77.46):1:(-68.97)%5D,v%5B(2026-09-29T00:00:00Z)%5D%5B(0.0)%5D%5B(37.26):1:(41.51)%5D%5B(-77.46):1:(-68.97)%5D
  Trying OSCAR_L4_OC_NRT_V2.1 @ coastwatch.pfeg.noaa.gov 2026-09-28 ...
  OSCAR_L4_OC_NRT_V2.1 @ coastwatch.pfeg.noaa.gov 2026-09-28: 404 Client Error:  for url: https://coastwatch.pfeg.noaa.gov/erddap/griddap/OSCAR_L4_OC_NRT_V2.1.nc?u%5B(2026-09-28T00:00:00Z)%5D%5B(0.0)%5D%5B(37.26):1:(41.51)%5D%5B(-77.46):1:(-68.97)%5D,v%5B(2026-09-28T00:00:00Z)%5D%5B(0.0)%5D%5B(37.26):1:(41.51)%5D%5B(-77.46):1:(-68.97)%5D
  Trying OSCAR_L4_OC_NRT_V2.1 @ upwell.pfeg.noaa.gov 2026-09-28 ...
  OSCAR_L4_OC_NRT_V2.1 @ upwell.pfeg.noaa.gov 2026-09-28: 404 Client Error:  for url: https://upwell.pfeg.noaa.gov/erddap/griddap/OSCAR_L4_OC_NRT_V2.1.nc?u%5B(2026-09-28T00:00:00Z)%5D%5B(0.0)%5D%5B(37.26):1:(41.51)%5D%5B(-77.46):1:(-68.97)%5D,v%5B(2026-09-28T00:00:00Z)%5D%5B(0.0)%5D%5B(37.26):1:(41.51)%5D%5B(-77.46):1:(-68.97)%5D
  Trying OSCAR_L4_OC_NRT_V2.1 @ coastwatch.pfeg.noaa.gov 2026-09-27 ...
  OSCAR_L4_OC_NRT_V2.1 @ coastwatch.pfeg.noaa.gov 2026-09-27: 404 Client Error:  for url: https://coastwatch.pfeg.noaa.gov/erddap/griddap/OSCAR_L4_OC_NRT_V2.1.nc?u%5B(2026-09-27T00:00:00Z)%5D%5B(0.0)%5D%5B(37.26):1:(41.51)%5D%5B(-77.46):1:(-68.97)%5D,v%5B(2026-09-27T00:00:00Z)%5D%5B(0.0)%5D%5B(37.26):1:(41.51)%5D%5B(-77.46):1:(-68.97)%5D
  Trying OSCAR_L4_OC_NRT_V2.1 @ upwell.pfeg.noaa.gov 2026-09-27 ...
  OSCAR_L4_OC_NRT_V2.1 @ upwell.pfeg.noaa.gov 2026-09-27: 404 Client Error:  for url: https://upwell.pfeg.noaa.gov/erddap/griddap/OSCAR_L4_OC_NRT_V2.1.nc?u%5B(2026-09-27T00:00:00Z)%5D%5B(0.0)%5D%5B(37.26):1:(41.51)%5D%5B(-77.46):1:(-68.97)%5D,v%5B(2026-09-27T00:00:00Z)%5D%5B(0.0)%5D%5B(37.26):1:(41.51)%5D%5B(-77.46):1:(-68.97)%5D
  Trying OSCAR_L4_OC_NRT_V2.1 @ coastwatch.pfeg.noaa.gov 2026-09-26 ...
  OSCAR_L4_OC_NRT_V2.1 @ coastwatch.pfeg.noaa.gov 2026-09-26: 404 Client Error:  for url: https://coastwatch.pfeg.noaa.gov/erddap/griddap/OSCAR_L4_OC_NRT_V2.1.nc?u%5B(2026-09-26T00:00:00Z)%5D%5B(0.0)%5D%5B(37.26):1:(41.51)%5D%5B(-77.46):1:(-68.97)%5D,v%5B(2026-09-26T00:00:00Z)%5D%5B(0.0)%5D%5B(37.26):1:(41.51)%5D%5B(-77.46):1:(-68.97)%5D
  Trying OSCAR_L4_OC_NRT_V2.1 @ upwell.pfeg.noaa.gov 2026-09-26 ...
  OSCAR_L4_OC_NRT_V2.1 @ upwell.pfeg.noaa.gov 2026-09-26: 404 Client Error:  for url: https://upwell.pfeg.noaa.gov/erddap/griddap/OSCAR_L4_OC_NRT_V2.1.nc?u%5B(2026-09-26T00:00:00Z)%5D%5B(0.0)%5D%5B(37.26):1:(41.51)%5D%5B(-77.46):1:(-68.97)%5D,v%5B(2026-09-26T00:00:00Z)%5D%5B(0.0)%5D%5B(37.26):1:(41.51)%5D%5B(-77.46):1:(-68.97)%5D
  Trying OSCAR_L4_OC_NRT_V2.1 @ coastwatch.pfeg.noaa.gov 2026-09-25 ...
  OSCAR_L4_OC_NRT_V2.1 @ coastwatch.pfeg.noaa.gov 2026-09-25: 404 Client Error:  for url: https://coastwatch.pfeg.noaa.gov/erddap/griddap/OSCAR_L4_OC_NRT_V2.1.nc?u%5B(2026-09-25T00:00:00Z)%5D%5B(0.0)%5D%5B(37.26):1:(41.51)%5D%5B(-77.46):1:(-68.97)%5D,v%5B(2026-09-25T00:00:00Z)%5D%5B(0.0)%5D%5B(37.26):1:(41.51)%5D%5B(-77.46):1:(-68.97)%5D
  Trying OSCAR_L4_OC_NRT_V2.1 @ upwell.pfeg.noaa.gov 2026-09-25 ...
  OSCAR_L4_OC_NRT_V2.1 @ upwell.pfeg.noaa.gov 2026-09-25: 404 Client Error:  for url: https://upwell.pfeg.noaa.gov/erddap/griddap/OSCAR_L4_OC_NRT_V2.1.nc?u%5B(2026-09-25T00:00:00Z)%5D%5B(0.0)%5D%5B(37.26):1:(41.51)%5D%5B(-77.46):1:(-68.97)%5D,v%5B(2026-09-25T00:00:00Z)%5D%5B(0.0)%5D%5B(37.26):1:(41.51)%5D%5B(-77.46):1:(-68.97)%5D
  Trying OSCAR_L4_OC_NRT_V2.0 @ coastwatch.pfeg.noaa.gov 2026-09-30 ...
  OSCAR_L4_OC_NRT_V2.0 @ coastwatch.pfeg.noaa.gov 2026-09-30: 404 Client Error:  for url: https://coastwatch.pfeg.noaa.gov/erddap/griddap/OSCAR_L4_OC_NRT_V2.0.nc?u%5B(2026-09-30T00:00:00Z)%5D%5B(0.0)%5D%5B(37.26):1:(41.51)%5D%5B(-77.46):1:(-68.97)%5D,v%5B(2026-09-30T00:00:00Z)%5D%5B(0.0)%5D%5B(37.26):1:(41.51)%5D%5B(-77.46):1:(-68.97)%5D
  Trying OSCAR_L4_OC_NRT_V2.0 @ upwell.pfeg.noaa.gov 2026-09-30 ...
  OSCAR_L4_OC_NRT_V2.0 @ upwell.pfeg.noaa.gov 2026-09-30: 404 Client Error:  for url: https://upwell.pfeg.noaa.gov/erddap/griddap/OSCAR_L4_OC_NRT_V2.0.nc?u%5B(2026-09-30T00:00:00Z)%5D%5B(0.0)%5D%5B(37.26):1:(41.51)%5D%5B(-77.46):1:(-68.97)%5D,v%5B(2026-09-30T00:00:00Z)%5D%5B(0.0)%5D%5B(37.26):1:(41.51)%5D%5B(-77.46):1:(-68.97)%5D
  Trying OSCAR_L4_OC_NRT_V2.0 @ coastwatch.pfeg.noaa.gov 2026-09-29 ...
  OSCAR_L4_OC_NRT_V2.0 @ coastwatch.pfeg.noaa.gov 2026-09-29: 404 Client Error:  for url: https://coastwatch.pfeg.noaa.gov/erddap/griddap/OSCAR_L4_OC_NRT_V2.0.nc?u%5B(2026-09-29T00:00:00Z)%5D%5B(0.0)%5D%5B(37.26):1:(41.51)%5D%5B(-77.46):1:(-68.97)%5D,v%5B(2026-09-29T00:00:00Z)%5D%5B(0.0)%5D%5B(37.26):1:(41.51)%5D%5B(-77.46):1:(-68.97)%5D
  Trying OSCAR_L4_OC_NRT_V2.0 @ upwell.pfeg.noaa.gov 2026-09-29 ...
  OSCAR_L4_OC_NRT_V2.0 @ upwell.pfeg.noaa.gov 2026-09-29: 404 Client Error:  for url: https://upwell.pfeg.noaa.gov/erddap/griddap/OSCAR_L4_OC_NRT_V2.0.nc?u%5B(2026-09-29T00:00:00Z)%5D%5B(0.0)%5D%5B(37.26):1:(41.51)%5D%5B(-77.46):1:(-68.97)%5D,v%5B(2026-09-29T00:00:00Z)%5D%5B(0.0)%5D%5B(37.26):1:(41.51)%5D%5B(-77.46):1:(-68.97)%5D
  Trying OSCAR_L4_OC_NRT_V2.0 @ coastwatch.pfeg.noaa.gov 2026-09-28 ...
  OSCAR_L4_OC_NRT_V2.0 @ coastwatch.pfeg.noaa.gov 2026-09-28: 404 Client Error:  for url: https://coastwatch.pfeg.noaa.gov/erddap/griddap/OSCAR_L4_OC_NRT_V2.0.nc?u%5B(2026-09-28T00:00:00Z)%5D%5B(0.0)%5D%5B(37.26):1:(41.51)%5D%5B(-77.46):1:(-68.97)%5D,v%5B(2026-09-28T00:00:00Z)%5D%5B(0.0)%5D%5B(37.26):1:(41.51)%5D%5B(-77.46):1:(-68.97)%5D
  Trying OSCAR_L4_OC_NRT_V2.0 @ upwell.pfeg.noaa.gov 2026-09-28 ...
  OSCAR_L4_OC_NRT_V2.0 @ upwell.pfeg.noaa.gov 2026-09-28: 404 Client Error:  for url: https://upwell.pfeg.noaa.gov/erddap/griddap/OSCAR_L4_OC_NRT_V2.0.nc?u%5B(2026-09-28T00:00:00Z)%5D%5B(0.0)%5D%5B(37.26):1:(41.51)%5D%5B(-77.46):1:(-68.97)%5D,v%5B(2026-09-28T00:00:00Z)%5D%5B(0.0)%5D%5B(37.26):1:(41.51)%5D%5B(-77.46):1:(-68.97)%5D
  Trying OSCAR_L4_OC_NRT_V2.0 @ coastwatch.pfeg.noaa.gov 2026-09-27 ...
  OSCAR_L4_OC_NRT_V2.0 @ coastwatch.pfeg.noaa.gov 2026-09-27: 404 Client Error:  for url: https://coastwatch.pfeg.noaa.gov/erddap/griddap/OSCAR_L4_OC_NRT_V2.0.nc?u%5B(2026-09-27T00:00:00Z)%5D%5B(0.0)%5D%5B(37.26):1:(41.51)%5D%5B(-77.46):1:(-68.97)%5D,v%5B(2026-09-27T00:00:00Z)%5D%5B(0.0)%5D%5B(37.26):1:(41.51)%5D%5B(-77.46):1:(-68.97)%5D
  Trying OSCAR_L4_OC_NRT_V2.0 @ upwell.pfeg.noaa.gov 2026-09-27 ...
  OSCAR_L4_OC_NRT_V2.0 @ upwell.pfeg.noaa.gov 2026-09-27: 404 Client Error:  for url: https://upwell.pfeg.noaa.gov/erddap/griddap/OSCAR_L4_OC_NRT_V2.0.nc?u%5B(2026-09-27T00:00:00Z)%5D%5B(0.0)%5D%5B(37.26):1:(41.51)%5D%5B(-77.46):1:(-68.97)%5D,v%5B(2026-09-27T00:00:00Z)%5D%5B(0.0)%5D%5B(37.26):1:(41.51)%5D%5B(-77.46):1:(-68.97)%5D
  Trying OSCAR_L4_OC_NRT_V2.0 @ coastwatch.pfeg.noaa.gov 2026-09-26 ...
  OSCAR_L4_OC_NRT_V2.0 @ coastwatch.pfeg.noaa.gov 2026-09-26: 404 Client Error:  for url: https://coastwatch.pfeg.noaa.gov/erddap/griddap/OSCAR_L4_OC_NRT_V2.0.nc?u%5B(2026-09-26T00:00:00Z)%5D%5B(0.0)%5D%5B(37.26):1:(41.51)%5D%5B(-77.46):1:(-68.97)%5D,v%5B(2026-09-26T00:00:00Z)%5D%5B(0.0)%5D%5B(37.26):1:(41.51)%5D%5B(-77.46):1:(-68.97)%5D
  Trying OSCAR_L4_OC_NRT_V2.0 @ upwell.pfeg.noaa.gov 2026-09-26 ...
  OSCAR_L4_OC_NRT_V2.0 @ upwell.pfeg.noaa.gov 2026-09-26: 404 Client Error:  for url: https://upwell.pfeg.noaa.gov/erddap/griddap/OSCAR_L4_OC_NRT_V2.0.nc?u%5B(2026-09-26T00:00:00Z)%5D%5B(0.0)%5D%5B(37.26):1:(41.51)%5D%5B(-77.46):1:(-68.97)%5D,v%5B(2026-09-26T00:00:00Z)%5D%5B(0.0)%5D%5B(37.26):1:(41.51)%5D%5B(-77.46):1:(-68.97)%5D
  Trying OSCAR_L4_OC_NRT_V2.0 @ coastwatch.pfeg.noaa.gov 2026-09-25 ...
  OSCAR_L4_OC_NRT_V2.0 @ coastwatch.pfeg.noaa.gov 2026-09-25: 404 Client Error:  for url: https://coastwatch.pfeg.noaa.gov/erddap/griddap/OSCAR_L4_OC_NRT_V2.0.nc?u%5B(2026-09-25T00:00:00Z)%5D%5B(0.0)%5D%5B(37.26):1:(41.51)%5D%5B(-77.46):1:(-68.97)%5D,v%5B(2026-09-25T00:00:00Z)%5D%5B(0.0)%5D%5B(37.26):1:(41.51)%5D%5B(-77.46):1:(-68.97)%5D
  Trying OSCAR_L4_OC_NRT_V2.0 @ upwell.pfeg.noaa.gov 2026-09-25 ...
  OSCAR_L4_OC_NRT_V2.0 @ upwell.pfeg.noaa.gov 2026-09-25: 404 Client Error:  for url: https://upwell.pfeg.noaa.gov/erddap/griddap/OSCAR_L4_OC_NRT_V2.0.nc?u%5B(2026-09-25T00:00:00Z)%5D%5B(0.0)%5D%5B(37.26):1:(41.51)%5D%5B(-77.46):1:(-68.97)%5D,v%5B(2026-09-25T00:00:00Z)%5D%5B(0.0)%5D%5B(37.26):1:(41.51)%5D%5B(-77.46):1:(-68.97)%5D
  Trying jplOscarV2NRT5day @ coastwatch.pfeg.noaa.gov 2026-09-30 ...
  jplOscarV2NRT5day @ coastwatch.pfeg.noaa.gov 2026-09-30: 404 Client Error:  for url: https://coastwatch.pfeg.noaa.gov/erddap/griddap/jplOscarV2NRT5day.nc?u%5B(2026-09-30T00:00:00Z)%5D%5B(0.0)%5D%5B(37.26):1:(41.51)%5D%5B(-77.46):1:(-68.97)%5D,v%5B(2026-09-30T00:00:00Z)%5D%5B(0.0)%5D%5B(37.26):1:(41.51)%5D%5B(-77.46):1:(-68.97)%5D
  Trying jplOscarV2NRT5day @ upwell.pfeg.noaa.gov 2026-09-30 ...
  jplOscarV2NRT5day @ upwell.pfeg.noaa.gov 2026-09-30: 404 Client Error:  for url: https://upwell.pfeg.noaa.gov/erddap/griddap/jplOscarV2NRT5day.nc?u%5B(2026-09-30T00:00:00Z)%5D%5B(0.0)%5D%5B(37.26):1:(41.51)%5D%5B(-77.46):1:(-68.97)%5D,v%5B(2026-09-30T00:00:00Z)%5D%5B(0.0)%5D%5B(37.26):1:(41.51)%5D%5B(-77.46):1:(-68.97)%5D
  Trying jplOscarV2NRT5day @ coastwatch.pfeg.noaa.gov 2026-09-29 ...
  jplOscarV2NRT5day @ coastwatch.pfeg.noaa.gov 2026-09-29: 404 Client Error:  for url: https://coastwatch.pfeg.noaa.gov/erddap/griddap/jplOscarV2NRT5day.nc?u%5B(2026-09-29T00:00:00Z)%5D%5B(0.0)%5D%5B(37.26):1:(41.51)%5D%5B(-77.46):1:(-68.97)%5D,v%5B(2026-09-29T00:00:00Z)%5D%5B(0.0)%5D%5B(37.26):1:(41.51)%5D%5B(-77.46):1:(-68.97)%5D
  Trying jplOscarV2NRT5day @ upwell.pfeg.noaa.gov 2026-09-29 ...
  jplOscarV2NRT5day @ upwell.pfeg.noaa.gov 2026-09-29: 404 Client Error:  for url: https://upwell.pfeg.noaa.gov/erddap/griddap/jplOscarV2NRT5day.nc?u%5B(2026-09-29T00:00:00Z)%5D%5B(0.0)%5D%5B(37.26):1:(41.51)%5D%5B(-77.46):1:(-68.97)%5D,v%5B(2026-09-29T00:00:00Z)%5D%5B(0.0)%5D%5B(37.26):1:(41.51)%5D%5B(-77.46):1:(-68.97)%5D
  Trying jplOscarV2NRT5day @ coastwatch.pfeg.noaa.gov 2026-09-28 ...
  jplOscarV2NRT5day @ coastwatch.pfeg.noaa.gov 2026-09-28: 404 Client Error:  for url: https://coastwatch.pfeg.noaa.gov/erddap/griddap/jplOscarV2NRT5day.nc?u%5B(2026-09-28T00:00:00Z)%5D%5B(0.0)%5D%5B(37.26):1:(41.51)%5D%5B(-77.46):1:(-68.97)%5D,v%5B(2026-09-28T00:00:00Z)%5D%5B(0.0)%5D%5B(37.26):1:(41.51)%5D%5B(-77.46):1:(-68.97)%5D
  Trying jplOscarV2NRT5day @ upwell.pfeg.noaa.gov 2026-09-28 ...
  jplOscarV2NRT5day @ upwell.pfeg.noaa.gov 2026-09-28: 404 Client Error:  for url: https://upwell.pfeg.noaa.gov/erddap/griddap/jplOscarV2NRT5day.nc?u%5B(2026-09-28T00:00:00Z)%5D%5B(0.0)%5D%5B(37.26):1:(41.51)%5D%5B(-77.46):1:(-68.97)%5D,v%5B(2026-09-28T00:00:00Z)%5D%5B(0.0)%5D%5B(37.26):1:(41.51)%5D%5B(-77.46):1:(-68.97)%5D
  Trying jplOscarV2NRT5day @ coastwatch.pfeg.noaa.gov 2026-09-27 ...
  jplOscarV2NRT5day @ coastwatch.pfeg.noaa.gov 2026-09-27: 404 Client Error:  for url: https://coastwatch.pfeg.noaa.gov/erddap/griddap/jplOscarV2NRT5day.nc?u%5B(2026-09-27T00:00:00Z)%5D%5B(0.0)%5D%5B(37.26):1:(41.51)%5D%5B(-77.46):1:(-68.97)%5D,v%5B(2026-09-27T00:00:00Z)%5D%5B(0.0)%5D%5B(37.26):1:(41.51)%5D%5B(-77.46):1:(-68.97)%5D
  Trying jplOscarV2NRT5day @ upwell.pfeg.noaa.gov 2026-09-27 ...
  jplOscarV2NRT5day @ upwell.pfeg.noaa.gov 2026-09-27: 404 Client Error:  for url: https://upwell.pfeg.noaa.gov/erddap/griddap/jplOscarV2NRT5day.nc?u%5B(2026-09-27T00:00:00Z)%5D%5B(0.0)%5D%5B(37.26):1:(41.51)%5D%5B(-77.46):1:(-68.97)%5D,v%5B(2026-09-27T00:00:00Z)%5D%5B(0.0)%5D%5B(37.26):1:(41.51)%5D%5B(-77.46):1:(-68.97)%5D
  Trying jplOscarV2NRT5day @ coastwatch.pfeg.noaa.gov 2026-09-26 ...
  jplOscarV2NRT5day @ coastwatch.pfeg.noaa.gov 2026-09-26: 404 Client Error:  for url: https://coastwatch.pfeg.noaa.gov/erddap/griddap/jplOscarV2NRT5day.nc?u%5B(2026-09-26T00:00:00Z)%5D%5B(0.0)%5D%5B(37.26):1:(41.51)%5D%5B(-77.46):1:(-68.97)%5D,v%5B(2026-09-26T00:00:00Z)%5D%5B(0.0)%5D%5B(37.26):1:(41.51)%5D%5B(-77.46):1:(-68.97)%5D
  Trying jplOscarV2NRT5day @ upwell.pfeg.noaa.gov 2026-09-26 ...
  jplOscarV2NRT5day @ upwell.pfeg.noaa.gov 2026-09-26: 404 Client Error:  for url: https://upwell.pfeg.noaa.gov/erddap/griddap/jplOscarV2NRT5day.nc?u%5B(2026-09-26T00:00:00Z)%5D%5B(0.0)%5D%5B(37.26):1:(41.51)%5D%5B(-77.46):1:(-68.97)%5D,v%5B(2026-09-26T00:00:00Z)%5D%5B(0.0)%5D%5B(37.26):1:(41.51)%5D%5B(-77.46):1:(-68.97)%5D
  Trying jplOscarV2NRT5day @ coastwatch.pfeg.noaa.gov 2026-09-25 ...
  jplOscarV2NRT5day @ coastwatch.pfeg.noaa.gov 2026-09-25: 404 Client Error:  for url: https://coastwatch.pfeg.noaa.gov/erddap/griddap/jplOscarV2NRT5day.nc?u%5B(2026-09-25T00:00:00Z)%5D%5B(0.0)%5D%5B(37.26):1:(41.51)%5D%5B(-77.46):1:(-68.97)%5D,v%5B(2026-09-25T00:00:00Z)%5D%5B(0.0)%5D%5B(37.26):1:(41.51)%5D%5B(-77.46):1:(-68.97)%5D
  Trying jplOscarV2NRT5day @ upwell.pfeg.noaa.gov 2026-09-25 ...
  jplOscarV2NRT5day @ upwell.pfeg.noaa.gov 2026-09-25: 404 Client Error:  for url: https://upwell.pfeg.noaa.gov/erddap/griddap/jplOscarV2NRT5day.nc?u%5B(2026-09-25T00:00:00Z)%5D%5B(0.0)%5D%5B(37.26):1:(41.51)%5D%5B(-77.46):1:(-68.97)%5D,v%5B(2026-09-25T00:00:00Z)%5D%5B(0.0)%5D%5B(37.26):1:(41.51)%5D%5B(-77.46):1:(-68.97)%5D
  Trying jplOscar1day @ coastwatch.pfeg.noaa.gov 2026-09-30 ...
  jplOscar1day @ coastwatch.pfeg.noaa.gov 2026-09-30: 404 Client Error:  for url: https://coastwatch.pfeg.noaa.gov/erddap/griddap/jplOscar1day.nc?u%5B(2026-09-30T00:00:00Z)%5D%5B(0.0)%5D%5B(37.26):1:(41.51)%5D%5B(-77.46):1:(-68.97)%5D,v%5B(2026-09-30T00:00:00Z)%5D%5B(0.0)%5D%5B(37.26):1:(41.51)%5D%5B(-77.46):1:(-68.97)%5D
  Trying jplOscar1day @ upwell.pfeg.noaa.gov 2026-09-30 ...
  jplOscar1day @ upwell.pfeg.noaa.gov 2026-09-30: 404 Client Error:  for url: https://upwell.pfeg.noaa.gov/erddap/griddap/jplOscar1day.nc?u%5B(2026-09-30T00:00:00Z)%5D%5B(0.0)%5D%5B(37.26):1:(41.51)%5D%5B(-77.46):1:(-68.97)%5D,v%5B(2026-09-30T00:00:00Z)%5D%5B(0.0)%5D%5B(37.26):1:(41.51)%5D%5B(-77.46):1:(-68.97)%5D
  Trying jplOscar1day @ coastwatch.pfeg.noaa.gov 2026-09-29 ...
  jplOscar1day @ coastwatch.pfeg.noaa.gov 2026-09-29: 404 Client Error:  for url: https://coastwatch.pfeg.noaa.gov/erddap/griddap/jplOscar1day.nc?u%5B(2026-09-29T00:00:00Z)%5D%5B(0.0)%5D%5B(37.26):1:(41.51)%5D%5B(-77.46):1:(-68.97)%5D,v%5B(2026-09-29T00:00:00Z)%5D%5B(0.0)%5D%5B(37.26):1:(41.51)%5D%5B(-77.46):1:(-68.97)%5D
  Trying jplOscar1day @ upwell.pfeg.noaa.gov 2026-09-29 ...
  jplOscar1day @ upwell.pfeg.noaa.gov 2026-09-29: 404 Client Error:  for url: https://upwell.pfeg.noaa.gov/erddap/griddap/jplOscar1day.nc?u%5B(2026-09-29T00:00:00Z)%5D%5B(0.0)%5D%5B(37.26):1:(41.51)%5D%5B(-77.46):1:(-68.97)%5D,v%5B(2026-09-29T00:00:00Z)%5D%5B(0.0)%5D%5B(37.26):1:(41.51)%5D%5B(-77.46):1:(-68.97)%5D
  Trying jplOscar1day @ coastwatch.pfeg.noaa.gov 2026-09-28 ...
  jplOscar1day @ coastwatch.pfeg.noaa.gov 2026-09-28: 404 Client Error:  for url: https://coastwatch.pfeg.noaa.gov/erddap/griddap/jplOscar1day.nc?u%5B(2026-09-28T00:00:00Z)%5D%5B(0.0)%5D%5B(37.26):1:(41.51)%5D%5B(-77.46):1:(-68.97)%5D,v%5B(2026-09-28T00:00:00Z)%5D%5B(0.0)%5D%5B(37.26):1:(41.51)%5D%5B(-77.46):1:(-68.97)%5D
  Trying jplOscar1day @ upwell.pfeg.noaa.gov 2026-09-28 ...
  jplOscar1day @ upwell.pfeg.noaa.gov 2026-09-28: 404 Client Error:  for url: https://upwell.pfeg.noaa.gov/erddap/griddap/jplOscar1day.nc?u%5B(2026-09-28T00:00:00Z)%5D%5B(0.0)%5D%5B(37.26):1:(41.51)%5D%5B(-77.46):1:(-68.97)%5D,v%5B(2026-09-28T00:00:00Z)%5D%5B(0.0)%5D%5B(37.26):1:(41.51)%5D%5B(-77.46):1:(-68.97)%5D
  Trying jplOscar1day @ coastwatch.pfeg.noaa.gov 2026-09-27 ...
  jplOscar1day @ coastwatch.pfeg.noaa.gov 2026-09-27: 404 Client Error:  for url: https://coastwatch.pfeg.noaa.gov/erddap/griddap/jplOscar1day.nc?u%5B(2026-09-27T00:00:00Z)%5D%5B(0.0)%5D%5B(37.26):1:(41.51)%5D%5B(-77.46):1:(-68.97)%5D,v%5B(2026-09-27T00:00:00Z)%5D%5B(0.0)%5D%5B(37.26):1:(41.51)%5D%5B(-77.46):1:(-68.97)%5D
  Trying jplOscar1day @ upwell.pfeg.noaa.gov 2026-09-27 ...
  jplOscar1day @ upwell.pfeg.noaa.gov 2026-09-27: 404 Client Error:  for url: https://upwell.pfeg.noaa.gov/erddap/griddap/jplOscar1day.nc?u%5B(2026-09-27T00:00:00Z)%5D%5B(0.0)%5D%5B(37.26):1:(41.51)%5D%5B(-77.46):1:(-68.97)%5D,v%5B(2026-09-27T00:00:00Z)%5D%5B(0.0)%5D%5B(37.26):1:(41.51)%5D%5B(-77.46):1:(-68.97)%5D
  Trying jplOscar1day @ coastwatch.pfeg.noaa.gov 2026-09-26 ...
  jplOscar1day @ coastwatch.pfeg.noaa.gov 2026-09-26: 404 Client Error:  for url: https://coastwatch.pfeg.noaa.gov/erddap/griddap/jplOscar1day.nc?u%5B(2026-09-26T00:00:00Z)%5D%5B(0.0)%5D%5B(37.26):1:(41.51)%5D%5B(-77.46):1:(-68.97)%5D,v%5B(2026-09-26T00:00:00Z)%5D%5B(0.0)%5D%5B(37.26):1:(41.51)%5D%5B(-77.46):1:(-68.97)%5D
  Trying jplOscar1day @ upwell.pfeg.noaa.gov 2026-09-26 ...
  jplOscar1day @ upwell.pfeg.noaa.gov 2026-09-26: 404 Client Error:  for url: https://upwell.pfeg.noaa.gov/erddap/griddap/jplOscar1day.nc?u%5B(2026-09-26T00:00:00Z)%5D%5B(0.0)%5D%5B(37.26):1:(41.51)%5D%5B(-77.46):1:(-68.97)%5D,v%5B(2026-09-26T00:00:00Z)%5D%5B(0.0)%5D%5B(37.26):1:(41.51)%5D%5B(-77.46):1:(-68.97)%5D
  Trying jplOscar1day @ coastwatch.pfeg.noaa.gov 2026-09-25 ...
  jplOscar1day @ coastwatch.pfeg.noaa.gov 2026-09-25: 404 Client Error:  for url: https://coastwatch.pfeg.noaa.gov/erddap/griddap/jplOscar1day.nc?u%5B(2026-09-25T00:00:00Z)%5D%5B(0.0)%5D%5B(37.26):1:(41.51)%5D%5B(-77.46):1:(-68.97)%5D,v%5B(2026-09-25T00:00:00Z)%5D%5B(0.0)%5D%5B(37.26):1:(41.51)%5D%5B(-77.46):1:(-68.97)%5D
  Trying jplOscar1day @ upwell.pfeg.noaa.gov 2026-09-25 ...
  jplOscar1day @ upwell.pfeg.noaa.gov 2026-09-25: 404 Client Error:  for url: https://upwell.pfeg.noaa.gov/erddap/griddap/jplOscar1day.nc?u%5B(2026-09-25T00:00:00Z)%5D%5B(0.0)%5D%5B(37.26):1:(41.51)%5D%5B(-77.46):1:(-68.97)%5D,v%5B(2026-09-25T00:00:00Z)%5D%5B(0.0)%5D%5B(37.26):1:(41.51)%5D%5B(-77.46):1:(-68.97)%5D
  Trying erdQCkm1day @ coastwatch.pfeg.noaa.gov 2026-09-30 ...
  erdQCkm1day @ coastwatch.pfeg.noaa.gov 2026-09-30: 404 Client Error:  for url: https://coastwatch.pfeg.noaa.gov/erddap/griddap/erdQCkm1day.nc?u%5B(2026-09-30T00:00:00Z)%5D%5B(0.0)%5D%5B(37.26):1:(41.51)%5D%5B(-77.46):1:(-68.97)%5D,v%5B(2026-09-30T00:00:00Z)%5D%5B(0.0)%5D%5B(37.26):1:(41.51)%5D%5B(-77.46):1:(-68.97)%5D
  Trying erdQCkm1day @ upwell.pfeg.noaa.gov 2026-09-30 ...
  erdQCkm1day @ upwell.pfeg.noaa.gov 2026-09-30: 404 Client Error:  for url: https://upwell.pfeg.noaa.gov/erddap/griddap/erdQCkm1day.nc?u%5B(2026-09-30T00:00:00Z)%5D%5B(0.0)%5D%5B(37.26):1:(41.51)%5D%5B(-77.46):1:(-68.97)%5D,v%5B(2026-09-30T00:00:00Z)%5D%5B(0.0)%5D%5B(37.26):1:(41.51)%5D%5B(-77.46):1:(-68.97)%5D
  Trying erdQCkm1day @ coastwatch.pfeg.noaa.gov 2026-09-29 ...
  erdQCkm1day @ coastwatch.pfeg.noaa.gov 2026-09-29: 404 Client Error:  for url: https://coastwatch.pfeg.noaa.gov/erddap/griddap/erdQCkm1day.nc?u%5B(2026-09-29T00:00:00Z)%5D%5B(0.0)%5D%5B(37.26):1:(41.51)%5D%5B(-77.46):1:(-68.97)%5D,v%5B(2026-09-29T00:00:00Z)%5D%5B(0.0)%5D%5B(37.26):1:(41.51)%5D%5B(-77.46):1:(-68.97)%5D
  Trying erdQCkm1day @ upwell.pfeg.noaa.gov 2026-09-29 ...
  erdQCkm1day @ upwell.pfeg.noaa.gov 2026-09-29: 404 Client Error:  for url: https://upwell.pfeg.noaa.gov/erddap/griddap/erdQCkm1day.nc?u%5B(2026-09-29T00:00:00Z)%5D%5B(0.0)%5D%5B(37.26):1:(41.51)%5D%5B(-77.46):1:(-68.97)%5D,v%5B(2026-09-29T00:00:00Z)%5D%5B(0.0)%5D%5B(37.26):1:(41.51)%5D%5B(-77.46):1:(-68.97)%5D
  Trying erdQCkm1day @ coastwatch.pfeg.noaa.gov 2026-09-28 ...
  erdQCkm1day @ coastwatch.pfeg.noaa.gov 2026-09-28: 404 Client Error:  for url: https://coastwatch.pfeg.noaa.gov/erddap/griddap/erdQCkm1day.nc?u%5B(2026-09-28T00:00:00Z)%5D%5B(0.0)%5D%5B(37.26):1:(41.51)%5D%5B(-77.46):1:(-68.97)%5D,v%5B(2026-09-28T00:00:00Z)%5D%5B(0.0)%5D%5B(37.26):1:(41.51)%5D%5B(-77.46):1:(-68.97)%5D
  Trying erdQCkm1day @ upwell.pfeg.noaa.gov 2026-09-28 ...
  erdQCkm1day @ upwell.pfeg.noaa.gov 2026-09-28: 404 Client Error:  for url: https://upwell.pfeg.noaa.gov/erddap/griddap/erdQCkm1day.nc?u%5B(2026-09-28T00:00:00Z)%5D%5B(0.0)%5D%5B(37.26):1:(41.51)%5D%5B(-77.46):1:(-68.97)%5D,v%5B(2026-09-28T00:00:00Z)%5D%5B(0.0)%5D%5B(37.26):1:(41.51)%5D%5B(-77.46):1:(-68.97)%5D
  Trying erdQCkm1day @ coastwatch.pfeg.noaa.gov 2026-09-27 ...
  erdQCkm1day @ coastwatch.pfeg.noaa.gov 2026-09-27: 404 Client Error:  for url: https://coastwatch.pfeg.noaa.gov/erddap/griddap/erdQCkm1day.nc?u%5B(2026-09-27T00:00:00Z)%5D%5B(0.0)%5D%5B(37.26):1:(41.51)%5D%5B(-77.46):1:(-68.97)%5D,v%5B(2026-09-27T00:00:00Z)%5D%5B(0.0)%5D%5B(37.26):1:(41.51)%5D%5B(-77.46):1:(-68.97)%5D
  Trying erdQCkm1day @ upwell.pfeg.noaa.gov 2026-09-27 ...
  erdQCkm1day @ upwell.pfeg.noaa.gov 2026-09-27: 404 Client Error:  for url: https://upwell.pfeg.noaa.gov/erddap/griddap/erdQCkm1day.nc?u%5B(2026-09-27T00:00:00Z)%5D%5B(0.0)%5D%5B(37.26):1:(41.51)%5D%5B(-77.46):1:(-68.97)%5D,v%5B(2026-09-27T00:00:00Z)%5D%5B(0.0)%5D%5B(37.26):1:(41.51)%5D%5B(-77.46):1:(-68.97)%5D
  Trying erdQCkm1day @ coastwatch.pfeg.noaa.gov 2026-09-26 ...
  erdQCkm1day @ coastwatch.pfeg.noaa.gov 2026-09-26: 404 Client Error:  for url: https://coastwatch.pfeg.noaa.gov/erddap/griddap/erdQCkm1day.nc?u%5B(2026-09-26T00:00:00Z)%5D%5B(0.0)%5D%5B(37.26):1:(41.51)%5D%5B(-77.46):1:(-68.97)%5D,v%5B(2026-09-26T00:00:00Z)%5D%5B(0.0)%5D%5B(37.26):1:(41.51)%5D%5B(-77.46):1:(-68.97)%5D
  Trying erdQCkm1day @ upwell.pfeg.noaa.gov 2026-09-26 ...
  erdQCkm1day @ upwell.pfeg.noaa.gov 2026-09-26: 404 Client Error:  for url: https://upwell.pfeg.noaa.gov/erddap/griddap/erdQCkm1day.nc?u%5B(2026-09-26T00:00:00Z)%5D%5B(0.0)%5D%5B(37.26):1:(41.51)%5D%5B(-77.46):1:(-68.97)%5D,v%5B(2026-09-26T00:00:00Z)%5D%5B(0.0)%5D%5B(37.26):1:(41.51)%5D%5B(-77.46):1:(-68.97)%5D
  Trying erdQCkm1day @ coastwatch.pfeg.noaa.gov 2026-09-25 ...
  erdQCkm1day @ coastwatch.pfeg.noaa.gov 2026-09-25: 404 Client Error:  for url: https://coastwatch.pfeg.noaa.gov/erddap/griddap/erdQCkm1day.nc?u%5B(2026-09-25T00:00:00Z)%5D%5B(0.0)%5D%5B(37.26):1:(41.51)%5D%5B(-77.46):1:(-68.97)%5D,v%5B(2026-09-25T00:00:00Z)%5D%5B(0.0)%5D%5B(37.26):1:(41.51)%5D%5B(-77.46):1:(-68.97)%5D
  Trying erdQCkm1day @ upwell.pfeg.noaa.gov 2026-09-25 ...
  erdQCkm1day @ upwell.pfeg.noaa.gov 2026-09-25: 404 Client Error:  for url: https://upwell.pfeg.noaa.gov/erddap/griddap/erdQCkm1day.nc?u%5B(2026-09-25T00:00:00Z)%5D%5B(0.0)%5D%5B(37.26):1:(41.51)%5D%5B(-77.46):1:(-68.97)%5D,v%5B(2026-09-25T00:00:00Z)%5D%5B(0.0)%5D%5B(37.26):1:(41.51)%5D%5B(-77.46):1:(-68.97)%5D
  OSCAR: all attempts failed

[CMEMS] Currents  (2026-09-30)  0.083 deg, daily
INFO - 2026-10-01T17:21:55Z - Selected dataset version: "202406"
INFO - 2026-10-01T17:21:55Z - Selected dataset part: "default"
WARNING - 2026-10-01T17:21:55Z - Some of your subset selection [0.0, 1.0] for the depth dimension exceed the dataset coordinates [0.49402499198913574, 5727.9169921875]
INFO - 2026-10-01T17:21:59Z - Total size of the download: 55.19 KB.
  CMEMS currents: 3,448 pts  0.000–1.880 m/s

[CMEMS] Altimetry  (2026-09-30)  0.125 deg, daily
INFO - 2026-10-01T17:22:01Z - Selected dataset version: "202506"
INFO - 2026-10-01T17:22:01Z - Selected dataset part: "default"
INFO - 2026-10-01T17:22:05Z - Total size of the download: 50.26 KB.
  Altimetry: 1,658 pts  SLA -0.075–0.735 m
  Geostrophic currents: 1,658 pts  0.011–1.676 m/s

============================================================
  Exporting ...
    Currents JSON → DailySST/Currents/va_ri/currents_20260930.json  (362 KB)
    Currents CSV  → DailySST/Currents/va_ri/currents_20260930.csv  (3,448 rows, 213 KB)
    Altimetry CSV  → DailySST/Altimetry/va_ri/altimetry_20260930.csv  (1,658 rows, 96 KB)
    Altimetry grid → DailySST/Altimetry/va_ri/altimetry_20260930_grid.json  (29 KB)

============================================================
  Currents  (CMEMS): 3,448 pts  speed 0.000–1.880 m/s  p98=1.430 m/s
  Altimetry (CMEMS_ALT): 1,658 pts  SSH -0.386–1.272 m
============================================================

  Files → /home/runner/work/SSTv2/SSTv2/DailySST/Currents/va_ri
         → /home/runner/work/SSTv2/SSTv2/DailySST/Altimetry/va_ri
