============================================================
  Ocean Dynamics Fetcher — Currents + Altimetry
  Date      : 2026-09-05
  BBOX      : {'lat_min': 29.8, 'lat_max': 35.2, 'lon_min': -82.0, 'lon_max': -75.2}
  Output    : /home/runner/work/SSTv2/SSTv2/DailySST
============================================================

[1/3] HYCOM currents + SSH  (target: 2026-09-05)  ~1/12 deg
  HYCOM catalog https://tds.hycom.org/thredds/catalog/catalog.xml failed: HTTPSConnectionPool(host='tds.hycom.org', port=443): Max retries exceeded with url: /thredds/catalog/catalog.xml (Caused by ConnectTimeoutError(<HTTPSConnection(host='tds.hycom.org', port=443) at 0x7fd2c147cc90>, 'Connection to tds.hycom.org timed out. (connect timeout=20)'))
  HYCOM catalog https://tds.hycom.org/thredds/catalog/FMRC_ESPC-D-V02_uv3z/catalog.xml failed: HTTPSConnectionPool(host='tds.hycom.org', port=443): Max retries exceeded with url: /thredds/catalog/FMRC_ESPC-D-V02_uv3z/catalog.xml (Caused by ConnectTimeoutError(<HTTPSConnection(host='tds.hycom.org', port=443) at 0x7fd2c147e890>, 'Connection to tds.hycom.org timed out. (connect timeout=20)'))
  Using default HYCOM dataset: FMRC_ESPC-D-V02_uv3z
  Trying https://tds.hycom.org/thredds/ncss/FMRC_ESPC-D-V02_uv3z/runs/FMRC_ESPC-D-V02_uv3...
  HYCOM 2026-09-05 12Z failed: HTTPSConnectionPool(host='tds.hycom.org', port=443): Max retries exceeded with url: /thredds/ncss/FMRC_ESPC-D-V02_uv3z/runs/FMRC_ESPC-D-V02_uv3z_RUN_2026-09-05T12:00:00Z?var=water_u&var=water_v&var=surf_el&north=35.2&south=29.8&west=-82.0&east=-75.2&horizStride=1&vertCoord=0&disableLLSubset=on&disableProjSubset=on&time_start=2026-09-05T12:00:00Z&time_end=2026-09-05T12:00:00Z&accept=netcdf (Caused by ConnectTimeoutError(<HTTPSConnection(host='tds.hycom.org', port=443) at 0x7fd2c1488cd0>, 'Connection to tds.hycom.org timed out. (connect timeout=180)'))
  Trying https://tds.hycom.org/thredds/ncss/FMRC_ESPC-D-V02_uv3z/FMRC_ESPC-D-V02_uv3z_bes...
  HYCOM 2026-09-05 12Z failed: HTTPSConnectionPool(host='tds.hycom.org', port=443): Max retries exceeded with url: /thredds/ncss/FMRC_ESPC-D-V02_uv3z/FMRC_ESPC-D-V02_uv3z_best.ncd?var=water_u&var=water_v&var=surf_el&north=35.2&south=29.8&west=-82.0&east=-75.2&horizStride=1&vertCoord=0&disableLLSubset=on&disableProjSubset=on&time_start=2026-09-05T12:00:00Z&time_end=2026-09-05T12:00:00Z&accept=netcdf (Caused by NewConnectionError("HTTPSConnection(host='tds.hycom.org', port=443): Failed to establish a new connection: [Errno 111] Connection refused"))
  Trying https://tds.hycom.org/thredds/ncss/FMRC_ESPC-D-V02_uv3z/runs/FMRC_ESPC-D-V02_uv3...
  HYCOM 2026-09-05 00Z failed: HTTPSConnectionPool(host='tds.hycom.org', port=443): Max retries exceeded with url: /thredds/ncss/FMRC_ESPC-D-V02_uv3z/runs/FMRC_ESPC-D-V02_uv3z_RUN_2026-09-05T00:00:00Z?var=water_u&var=water_v&var=surf_el&north=35.2&south=29.8&west=-82.0&east=-75.2&horizStride=1&vertCoord=0&disableLLSubset=on&disableProjSubset=on&time_start=2026-09-05T00:00:00Z&time_end=2026-09-05T00:00:00Z&accept=netcdf (Caused by NewConnectionError("HTTPSConnection(host='tds.hycom.org', port=443): Failed to establish a new connection: [Errno 111] Connection refused"))
  Trying https://tds.hycom.org/thredds/ncss/FMRC_ESPC-D-V02_uv3z/FMRC_ESPC-D-V02_uv3z_bes...
  HYCOM 2026-09-05 00Z failed: HTTPSConnectionPool(host='tds.hycom.org', port=443): Max retries exceeded with url: /thredds/ncss/FMRC_ESPC-D-V02_uv3z/FMRC_ESPC-D-V02_uv3z_best.ncd?var=water_u&var=water_v&var=surf_el&north=35.2&south=29.8&west=-82.0&east=-75.2&horizStride=1&vertCoord=0&disableLLSubset=on&disableProjSubset=on&time_start=2026-09-05T00:00:00Z&time_end=2026-09-05T00:00:00Z&accept=netcdf (Caused by NewConnectionError("HTTPSConnection(host='tds.hycom.org', port=443): Failed to establish a new connection: [Errno 111] Connection refused"))
  Trying https://tds.hycom.org/thredds/ncss/FMRC_ESPC-D-V02_uv3z/runs/FMRC_ESPC-D-V02_uv3...
  HYCOM 2026-09-04 12Z failed: HTTPSConnectionPool(host='tds.hycom.org', port=443): Max retries exceeded with url: /thredds/ncss/FMRC_ESPC-D-V02_uv3z/runs/FMRC_ESPC-D-V02_uv3z_RUN_2026-09-04T12:00:00Z?var=water_u&var=water_v&var=surf_el&north=35.2&south=29.8&west=-82.0&east=-75.2&horizStride=1&vertCoord=0&disableLLSubset=on&disableProjSubset=on&time_start=2026-09-04T12:00:00Z&time_end=2026-09-04T12:00:00Z&accept=netcdf (Caused by NewConnectionError("HTTPSConnection(host='tds.hycom.org', port=443): Failed to establish a new connection: [Errno 111] Connection refused"))
  Trying https://tds.hycom.org/thredds/ncss/FMRC_ESPC-D-V02_uv3z/FMRC_ESPC-D-V02_uv3z_bes...
  HYCOM 2026-09-04 12Z failed: HTTPSConnectionPool(host='tds.hycom.org', port=443): Max retries exceeded with url: /thredds/ncss/FMRC_ESPC-D-V02_uv3z/FMRC_ESPC-D-V02_uv3z_best.ncd?var=water_u&var=water_v&var=surf_el&north=35.2&south=29.8&west=-82.0&east=-75.2&horizStride=1&vertCoord=0&disableLLSubset=on&disableProjSubset=on&time_start=2026-09-04T12:00:00Z&time_end=2026-09-04T12:00:00Z&accept=netcdf (Caused by NewConnectionError("HTTPSConnection(host='tds.hycom.org', port=443): Failed to establish a new connection: [Errno 111] Connection refused"))
  Trying https://tds.hycom.org/thredds/ncss/FMRC_ESPC-D-V02_uv3z/runs/FMRC_ESPC-D-V02_uv3...
  HYCOM 2026-09-04 00Z failed: HTTPSConnectionPool(host='tds.hycom.org', port=443): Max retries exceeded with url: /thredds/ncss/FMRC_ESPC-D-V02_uv3z/runs/FMRC_ESPC-D-V02_uv3z_RUN_2026-09-04T00:00:00Z?var=water_u&var=water_v&var=surf_el&north=35.2&south=29.8&west=-82.0&east=-75.2&horizStride=1&vertCoord=0&disableLLSubset=on&disableProjSubset=on&time_start=2026-09-04T00:00:00Z&time_end=2026-09-04T00:00:00Z&accept=netcdf (Caused by NewConnectionError("HTTPSConnection(host='tds.hycom.org', port=443): Failed to establish a new connection: [Errno 111] Connection refused"))
  Trying https://tds.hycom.org/thredds/ncss/FMRC_ESPC-D-V02_uv3z/FMRC_ESPC-D-V02_uv3z_bes...
  HYCOM 2026-09-04 00Z failed: HTTPSConnectionPool(host='tds.hycom.org', port=443): Max retries exceeded with url: /thredds/ncss/FMRC_ESPC-D-V02_uv3z/FMRC_ESPC-D-V02_uv3z_best.ncd?var=water_u&var=water_v&var=surf_el&north=35.2&south=29.8&west=-82.0&east=-75.2&horizStride=1&vertCoord=0&disableLLSubset=on&disableProjSubset=on&time_start=2026-09-04T00:00:00Z&time_end=2026-09-04T00:00:00Z&accept=netcdf (Caused by NewConnectionError("HTTPSConnection(host='tds.hycom.org', port=443): Failed to establish a new connection: [Errno 111] Connection refused"))
  Trying https://tds.hycom.org/thredds/ncss/FMRC_ESPC-D-V02_uv3z/runs/FMRC_ESPC-D-V02_uv3...
  HYCOM 2026-09-03 12Z failed: HTTPSConnectionPool(host='tds.hycom.org', port=443): Max retries exceeded with url: /thredds/ncss/FMRC_ESPC-D-V02_uv3z/runs/FMRC_ESPC-D-V02_uv3z_RUN_2026-09-03T12:00:00Z?var=water_u&var=water_v&var=surf_el&north=35.2&south=29.8&west=-82.0&east=-75.2&horizStride=1&vertCoord=0&disableLLSubset=on&disableProjSubset=on&time_start=2026-09-03T12:00:00Z&time_end=2026-09-03T12:00:00Z&accept=netcdf (Caused by NewConnectionError("HTTPSConnection(host='tds.hycom.org', port=443): Failed to establish a new connection: [Errno 111] Connection refused"))
  Trying https://tds.hycom.org/thredds/ncss/FMRC_ESPC-D-V02_uv3z/FMRC_ESPC-D-V02_uv3z_bes...
  HYCOM 2026-09-03 12Z failed: 400 Client Error: 400 for url: https://tds.hycom.org/thredds/ncss/FMRC_ESPC-D-V02_uv3z/FMRC_ESPC-D-V02_uv3z_best.ncd?var=water_u&var=water_v&var=surf_el&north=35.2&south=29.8&west=-82.0&east=-75.2&horizStride=1&vertCoord=0&disableLLSubset=on&disableProjSubset=on&time_start=2026-09-03T12:00:00Z&time_end=2026-09-03T12:00:00Z&accept=netcdf
  Trying https://tds.hycom.org/thredds/ncss/FMRC_ESPC-D-V02_uv3z/runs/FMRC_ESPC-D-V02_uv3...
  HYCOM 2026-09-03 00Z failed: 404 Client Error: 404 for url: https://tds.hycom.org/thredds/ncss/FMRC_ESPC-D-V02_uv3z/runs/FMRC_ESPC-D-V02_uv3z_RUN_2026-09-03T00:00:00Z?var=water_u&var=water_v&var=surf_el&north=35.2&south=29.8&west=-82.0&east=-75.2&horizStride=1&vertCoord=0&disableLLSubset=on&disableProjSubset=on&time_start=2026-09-03T00:00:00Z&time_end=2026-09-03T00:00:00Z&accept=netcdf
  Trying https://tds.hycom.org/thredds/ncss/FMRC_ESPC-D-V02_uv3z/FMRC_ESPC-D-V02_uv3z_bes...
  HYCOM 2026-09-03 00Z failed: 400 Client Error: 400 for url: https://tds.hycom.org/thredds/ncss/FMRC_ESPC-D-V02_uv3z/FMRC_ESPC-D-V02_uv3z_best.ncd?var=water_u&var=water_v&var=surf_el&north=35.2&south=29.8&west=-82.0&east=-75.2&horizStride=1&vertCoord=0&disableLLSubset=on&disableProjSubset=on&time_start=2026-09-03T00:00:00Z&time_end=2026-09-03T00:00:00Z&accept=netcdf
  Trying https://tds.hycom.org/thredds/ncss/FMRC_ESPC-D-V02_uv3z/runs/FMRC_ESPC-D-V02_uv3...
  HYCOM 2026-09-02 12Z failed: 400 Client Error: 400 for url: https://tds.hycom.org/thredds/ncss/FMRC_ESPC-D-V02_uv3z/runs/FMRC_ESPC-D-V02_uv3z_RUN_2026-09-02T12:00:00Z?var=water_u&var=water_v&var=surf_el&north=35.2&south=29.8&west=-82.0&east=-75.2&horizStride=1&vertCoord=0&disableLLSubset=on&disableProjSubset=on&time_start=2026-09-02T12:00:00Z&time_end=2026-09-02T12:00:00Z&accept=netcdf
  Trying https://tds.hycom.org/thredds/ncss/FMRC_ESPC-D-V02_uv3z/FMRC_ESPC-D-V02_uv3z_bes...
  HYCOM 2026-09-02 12Z failed: 400 Client Error: 400 for url: https://tds.hycom.org/thredds/ncss/FMRC_ESPC-D-V02_uv3z/FMRC_ESPC-D-V02_uv3z_best.ncd?var=water_u&var=water_v&var=surf_el&north=35.2&south=29.8&west=-82.0&east=-75.2&horizStride=1&vertCoord=0&disableLLSubset=on&disableProjSubset=on&time_start=2026-09-02T12:00:00Z&time_end=2026-09-02T12:00:00Z&accept=netcdf
  Trying https://tds.hycom.org/thredds/ncss/FMRC_ESPC-D-V02_uv3z/runs/FMRC_ESPC-D-V02_uv3...
  HYCOM 2026-09-02 00Z failed: 404 Client Error: 404 for url: https://tds.hycom.org/thredds/ncss/FMRC_ESPC-D-V02_uv3z/runs/FMRC_ESPC-D-V02_uv3z_RUN_2026-09-02T00:00:00Z?var=water_u&var=water_v&var=surf_el&north=35.2&south=29.8&west=-82.0&east=-75.2&horizStride=1&vertCoord=0&disableLLSubset=on&disableProjSubset=on&time_start=2026-09-02T00:00:00Z&time_end=2026-09-02T00:00:00Z&accept=netcdf
  Trying https://tds.hycom.org/thredds/ncss/FMRC_ESPC-D-V02_uv3z/FMRC_ESPC-D-V02_uv3z_bes...
  HYCOM 2026-09-02 00Z failed: 400 Client Error: 400 for url: https://tds.hycom.org/thredds/ncss/FMRC_ESPC-D-V02_uv3z/FMRC_ESPC-D-V02_uv3z_best.ncd?var=water_u&var=water_v&var=surf_el&north=35.2&south=29.8&west=-82.0&east=-75.2&horizStride=1&vertCoord=0&disableLLSubset=on&disableProjSubset=on&time_start=2026-09-02T00:00:00Z&time_end=2026-09-02T00:00:00Z&accept=netcdf
  HYCOM: all attempts failed

[2/3] OSCAR currents  (target: 2026-09-05)  1/3 deg, 5-day composite
  Trying OSCAR_L4_OC_NRT_V2.1 @ coastwatch.pfeg.noaa.gov 2026-09-05 ...
  OSCAR_L4_OC_NRT_V2.1 @ coastwatch.pfeg.noaa.gov 2026-09-05: 404 Client Error:  for url: https://coastwatch.pfeg.noaa.gov/erddap/griddap/OSCAR_L4_OC_NRT_V2.1.nc?u%5B(2026-09-05T00:00:00Z)%5D%5B(0.0)%5D%5B(29.8):1:(35.2)%5D%5B(-82.0):1:(-75.2)%5D,v%5B(2026-09-05T00:00:00Z)%5D%5B(0.0)%5D%5B(29.8):1:(35.2)%5D%5B(-82.0):1:(-75.2)%5D
  Trying OSCAR_L4_OC_NRT_V2.1 @ upwell.pfeg.noaa.gov 2026-09-05 ...
  OSCAR_L4_OC_NRT_V2.1 @ upwell.pfeg.noaa.gov 2026-09-05: 404 Client Error:  for url: https://upwell.pfeg.noaa.gov/erddap/griddap/OSCAR_L4_OC_NRT_V2.1.nc?u%5B(2026-09-05T00:00:00Z)%5D%5B(0.0)%5D%5B(29.8):1:(35.2)%5D%5B(-82.0):1:(-75.2)%5D,v%5B(2026-09-05T00:00:00Z)%5D%5B(0.0)%5D%5B(29.8):1:(35.2)%5D%5B(-82.0):1:(-75.2)%5D
  Trying OSCAR_L4_OC_NRT_V2.1 @ coastwatch.pfeg.noaa.gov 2026-09-04 ...
  OSCAR_L4_OC_NRT_V2.1 @ coastwatch.pfeg.noaa.gov 2026-09-04: 404 Client Error:  for url: https://coastwatch.pfeg.noaa.gov/erddap/griddap/OSCAR_L4_OC_NRT_V2.1.nc?u%5B(2026-09-04T00:00:00Z)%5D%5B(0.0)%5D%5B(29.8):1:(35.2)%5D%5B(-82.0):1:(-75.2)%5D,v%5B(2026-09-04T00:00:00Z)%5D%5B(0.0)%5D%5B(29.8):1:(35.2)%5D%5B(-82.0):1:(-75.2)%5D
  Trying OSCAR_L4_OC_NRT_V2.1 @ upwell.pfeg.noaa.gov 2026-09-04 ...
  OSCAR_L4_OC_NRT_V2.1 @ upwell.pfeg.noaa.gov 2026-09-04: 404 Client Error:  for url: https://upwell.pfeg.noaa.gov/erddap/griddap/OSCAR_L4_OC_NRT_V2.1.nc?u%5B(2026-09-04T00:00:00Z)%5D%5B(0.0)%5D%5B(29.8):1:(35.2)%5D%5B(-82.0):1:(-75.2)%5D,v%5B(2026-09-04T00:00:00Z)%5D%5B(0.0)%5D%5B(29.8):1:(35.2)%5D%5B(-82.0):1:(-75.2)%5D
  Trying OSCAR_L4_OC_NRT_V2.1 @ coastwatch.pfeg.noaa.gov 2026-09-03 ...
  OSCAR_L4_OC_NRT_V2.1 @ coastwatch.pfeg.noaa.gov 2026-09-03: 404 Client Error:  for url: https://coastwatch.pfeg.noaa.gov/erddap/griddap/OSCAR_L4_OC_NRT_V2.1.nc?u%5B(2026-09-03T00:00:00Z)%5D%5B(0.0)%5D%5B(29.8):1:(35.2)%5D%5B(-82.0):1:(-75.2)%5D,v%5B(2026-09-03T00:00:00Z)%5D%5B(0.0)%5D%5B(29.8):1:(35.2)%5D%5B(-82.0):1:(-75.2)%5D
  Trying OSCAR_L4_OC_NRT_V2.1 @ upwell.pfeg.noaa.gov 2026-09-03 ...
  OSCAR_L4_OC_NRT_V2.1 @ upwell.pfeg.noaa.gov 2026-09-03: 404 Client Error:  for url: https://upwell.pfeg.noaa.gov/erddap/griddap/OSCAR_L4_OC_NRT_V2.1.nc?u%5B(2026-09-03T00:00:00Z)%5D%5B(0.0)%5D%5B(29.8):1:(35.2)%5D%5B(-82.0):1:(-75.2)%5D,v%5B(2026-09-03T00:00:00Z)%5D%5B(0.0)%5D%5B(29.8):1:(35.2)%5D%5B(-82.0):1:(-75.2)%5D
  Trying OSCAR_L4_OC_NRT_V2.1 @ coastwatch.pfeg.noaa.gov 2026-09-02 ...
  OSCAR_L4_OC_NRT_V2.1 @ coastwatch.pfeg.noaa.gov 2026-09-02: 404 Client Error:  for url: https://coastwatch.pfeg.noaa.gov/erddap/griddap/OSCAR_L4_OC_NRT_V2.1.nc?u%5B(2026-09-02T00:00:00Z)%5D%5B(0.0)%5D%5B(29.8):1:(35.2)%5D%5B(-82.0):1:(-75.2)%5D,v%5B(2026-09-02T00:00:00Z)%5D%5B(0.0)%5D%5B(29.8):1:(35.2)%5D%5B(-82.0):1:(-75.2)%5D
  Trying OSCAR_L4_OC_NRT_V2.1 @ upwell.pfeg.noaa.gov 2026-09-02 ...
  OSCAR_L4_OC_NRT_V2.1 @ upwell.pfeg.noaa.gov 2026-09-02: 404 Client Error:  for url: https://upwell.pfeg.noaa.gov/erddap/griddap/OSCAR_L4_OC_NRT_V2.1.nc?u%5B(2026-09-02T00:00:00Z)%5D%5B(0.0)%5D%5B(29.8):1:(35.2)%5D%5B(-82.0):1:(-75.2)%5D,v%5B(2026-09-02T00:00:00Z)%5D%5B(0.0)%5D%5B(29.8):1:(35.2)%5D%5B(-82.0):1:(-75.2)%5D
  Trying OSCAR_L4_OC_NRT_V2.1 @ coastwatch.pfeg.noaa.gov 2026-09-01 ...
  OSCAR_L4_OC_NRT_V2.1 @ coastwatch.pfeg.noaa.gov 2026-09-01: 404 Client Error:  for url: https://coastwatch.pfeg.noaa.gov/erddap/griddap/OSCAR_L4_OC_NRT_V2.1.nc?u%5B(2026-09-01T00:00:00Z)%5D%5B(0.0)%5D%5B(29.8):1:(35.2)%5D%5B(-82.0):1:(-75.2)%5D,v%5B(2026-09-01T00:00:00Z)%5D%5B(0.0)%5D%5B(29.8):1:(35.2)%5D%5B(-82.0):1:(-75.2)%5D
  Trying OSCAR_L4_OC_NRT_V2.1 @ upwell.pfeg.noaa.gov 2026-09-01 ...
  OSCAR_L4_OC_NRT_V2.1 @ upwell.pfeg.noaa.gov 2026-09-01: 404 Client Error:  for url: https://upwell.pfeg.noaa.gov/erddap/griddap/OSCAR_L4_OC_NRT_V2.1.nc?u%5B(2026-09-01T00:00:00Z)%5D%5B(0.0)%5D%5B(29.8):1:(35.2)%5D%5B(-82.0):1:(-75.2)%5D,v%5B(2026-09-01T00:00:00Z)%5D%5B(0.0)%5D%5B(29.8):1:(35.2)%5D%5B(-82.0):1:(-75.2)%5D
  Trying OSCAR_L4_OC_NRT_V2.1 @ coastwatch.pfeg.noaa.gov 2026-08-31 ...
  OSCAR_L4_OC_NRT_V2.1 @ coastwatch.pfeg.noaa.gov 2026-08-31: 404 Client Error:  for url: https://coastwatch.pfeg.noaa.gov/erddap/griddap/OSCAR_L4_OC_NRT_V2.1.nc?u%5B(2026-08-31T00:00:00Z)%5D%5B(0.0)%5D%5B(29.8):1:(35.2)%5D%5B(-82.0):1:(-75.2)%5D,v%5B(2026-08-31T00:00:00Z)%5D%5B(0.0)%5D%5B(29.8):1:(35.2)%5D%5B(-82.0):1:(-75.2)%5D
  Trying OSCAR_L4_OC_NRT_V2.1 @ upwell.pfeg.noaa.gov 2026-08-31 ...
  OSCAR_L4_OC_NRT_V2.1 @ upwell.pfeg.noaa.gov 2026-08-31: 404 Client Error:  for url: https://upwell.pfeg.noaa.gov/erddap/griddap/OSCAR_L4_OC_NRT_V2.1.nc?u%5B(2026-08-31T00:00:00Z)%5D%5B(0.0)%5D%5B(29.8):1:(35.2)%5D%5B(-82.0):1:(-75.2)%5D,v%5B(2026-08-31T00:00:00Z)%5D%5B(0.0)%5D%5B(29.8):1:(35.2)%5D%5B(-82.0):1:(-75.2)%5D
  Trying OSCAR_L4_OC_NRT_V2.0 @ coastwatch.pfeg.noaa.gov 2026-09-05 ...
  OSCAR_L4_OC_NRT_V2.0 @ coastwatch.pfeg.noaa.gov 2026-09-05: 404 Client Error:  for url: https://coastwatch.pfeg.noaa.gov/erddap/griddap/OSCAR_L4_OC_NRT_V2.0.nc?u%5B(2026-09-05T00:00:00Z)%5D%5B(0.0)%5D%5B(29.8):1:(35.2)%5D%5B(-82.0):1:(-75.2)%5D,v%5B(2026-09-05T00:00:00Z)%5D%5B(0.0)%5D%5B(29.8):1:(35.2)%5D%5B(-82.0):1:(-75.2)%5D
  Trying OSCAR_L4_OC_NRT_V2.0 @ upwell.pfeg.noaa.gov 2026-09-05 ...
  OSCAR_L4_OC_NRT_V2.0 @ upwell.pfeg.noaa.gov 2026-09-05: 404 Client Error:  for url: https://upwell.pfeg.noaa.gov/erddap/griddap/OSCAR_L4_OC_NRT_V2.0.nc?u%5B(2026-09-05T00:00:00Z)%5D%5B(0.0)%5D%5B(29.8):1:(35.2)%5D%5B(-82.0):1:(-75.2)%5D,v%5B(2026-09-05T00:00:00Z)%5D%5B(0.0)%5D%5B(29.8):1:(35.2)%5D%5B(-82.0):1:(-75.2)%5D
  Trying OSCAR_L4_OC_NRT_V2.0 @ coastwatch.pfeg.noaa.gov 2026-09-04 ...
  OSCAR_L4_OC_NRT_V2.0 @ coastwatch.pfeg.noaa.gov 2026-09-04: 404 Client Error:  for url: https://coastwatch.pfeg.noaa.gov/erddap/griddap/OSCAR_L4_OC_NRT_V2.0.nc?u%5B(2026-09-04T00:00:00Z)%5D%5B(0.0)%5D%5B(29.8):1:(35.2)%5D%5B(-82.0):1:(-75.2)%5D,v%5B(2026-09-04T00:00:00Z)%5D%5B(0.0)%5D%5B(29.8):1:(35.2)%5D%5B(-82.0):1:(-75.2)%5D
  Trying OSCAR_L4_OC_NRT_V2.0 @ upwell.pfeg.noaa.gov 2026-09-04 ...
  OSCAR_L4_OC_NRT_V2.0 @ upwell.pfeg.noaa.gov 2026-09-04: 404 Client Error:  for url: https://upwell.pfeg.noaa.gov/erddap/griddap/OSCAR_L4_OC_NRT_V2.0.nc?u%5B(2026-09-04T00:00:00Z)%5D%5B(0.0)%5D%5B(29.8):1:(35.2)%5D%5B(-82.0):1:(-75.2)%5D,v%5B(2026-09-04T00:00:00Z)%5D%5B(0.0)%5D%5B(29.8):1:(35.2)%5D%5B(-82.0):1:(-75.2)%5D
  Trying OSCAR_L4_OC_NRT_V2.0 @ coastwatch.pfeg.noaa.gov 2026-09-03 ...
  OSCAR_L4_OC_NRT_V2.0 @ coastwatch.pfeg.noaa.gov 2026-09-03: 404 Client Error:  for url: https://coastwatch.pfeg.noaa.gov/erddap/griddap/OSCAR_L4_OC_NRT_V2.0.nc?u%5B(2026-09-03T00:00:00Z)%5D%5B(0.0)%5D%5B(29.8):1:(35.2)%5D%5B(-82.0):1:(-75.2)%5D,v%5B(2026-09-03T00:00:00Z)%5D%5B(0.0)%5D%5B(29.8):1:(35.2)%5D%5B(-82.0):1:(-75.2)%5D
  Trying OSCAR_L4_OC_NRT_V2.0 @ upwell.pfeg.noaa.gov 2026-09-03 ...
  OSCAR_L4_OC_NRT_V2.0 @ upwell.pfeg.noaa.gov 2026-09-03: 404 Client Error:  for url: https://upwell.pfeg.noaa.gov/erddap/griddap/OSCAR_L4_OC_NRT_V2.0.nc?u%5B(2026-09-03T00:00:00Z)%5D%5B(0.0)%5D%5B(29.8):1:(35.2)%5D%5B(-82.0):1:(-75.2)%5D,v%5B(2026-09-03T00:00:00Z)%5D%5B(0.0)%5D%5B(29.8):1:(35.2)%5D%5B(-82.0):1:(-75.2)%5D
  Trying OSCAR_L4_OC_NRT_V2.0 @ coastwatch.pfeg.noaa.gov 2026-09-02 ...
  OSCAR_L4_OC_NRT_V2.0 @ coastwatch.pfeg.noaa.gov 2026-09-02: 404 Client Error:  for url: https://coastwatch.pfeg.noaa.gov/erddap/griddap/OSCAR_L4_OC_NRT_V2.0.nc?u%5B(2026-09-02T00:00:00Z)%5D%5B(0.0)%5D%5B(29.8):1:(35.2)%5D%5B(-82.0):1:(-75.2)%5D,v%5B(2026-09-02T00:00:00Z)%5D%5B(0.0)%5D%5B(29.8):1:(35.2)%5D%5B(-82.0):1:(-75.2)%5D
  Trying OSCAR_L4_OC_NRT_V2.0 @ upwell.pfeg.noaa.gov 2026-09-02 ...
  OSCAR_L4_OC_NRT_V2.0 @ upwell.pfeg.noaa.gov 2026-09-02: 404 Client Error:  for url: https://upwell.pfeg.noaa.gov/erddap/griddap/OSCAR_L4_OC_NRT_V2.0.nc?u%5B(2026-09-02T00:00:00Z)%5D%5B(0.0)%5D%5B(29.8):1:(35.2)%5D%5B(-82.0):1:(-75.2)%5D,v%5B(2026-09-02T00:00:00Z)%5D%5B(0.0)%5D%5B(29.8):1:(35.2)%5D%5B(-82.0):1:(-75.2)%5D
  Trying OSCAR_L4_OC_NRT_V2.0 @ coastwatch.pfeg.noaa.gov 2026-09-01 ...
  OSCAR_L4_OC_NRT_V2.0 @ coastwatch.pfeg.noaa.gov 2026-09-01: 404 Client Error:  for url: https://coastwatch.pfeg.noaa.gov/erddap/griddap/OSCAR_L4_OC_NRT_V2.0.nc?u%5B(2026-09-01T00:00:00Z)%5D%5B(0.0)%5D%5B(29.8):1:(35.2)%5D%5B(-82.0):1:(-75.2)%5D,v%5B(2026-09-01T00:00:00Z)%5D%5B(0.0)%5D%5B(29.8):1:(35.2)%5D%5B(-82.0):1:(-75.2)%5D
  Trying OSCAR_L4_OC_NRT_V2.0 @ upwell.pfeg.noaa.gov 2026-09-01 ...
  OSCAR_L4_OC_NRT_V2.0 @ upwell.pfeg.noaa.gov 2026-09-01: 404 Client Error:  for url: https://upwell.pfeg.noaa.gov/erddap/griddap/OSCAR_L4_OC_NRT_V2.0.nc?u%5B(2026-09-01T00:00:00Z)%5D%5B(0.0)%5D%5B(29.8):1:(35.2)%5D%5B(-82.0):1:(-75.2)%5D,v%5B(2026-09-01T00:00:00Z)%5D%5B(0.0)%5D%5B(29.8):1:(35.2)%5D%5B(-82.0):1:(-75.2)%5D
  Trying OSCAR_L4_OC_NRT_V2.0 @ coastwatch.pfeg.noaa.gov 2026-08-31 ...
  OSCAR_L4_OC_NRT_V2.0 @ coastwatch.pfeg.noaa.gov 2026-08-31: 404 Client Error:  for url: https://coastwatch.pfeg.noaa.gov/erddap/griddap/OSCAR_L4_OC_NRT_V2.0.nc?u%5B(2026-08-31T00:00:00Z)%5D%5B(0.0)%5D%5B(29.8):1:(35.2)%5D%5B(-82.0):1:(-75.2)%5D,v%5B(2026-08-31T00:00:00Z)%5D%5B(0.0)%5D%5B(29.8):1:(35.2)%5D%5B(-82.0):1:(-75.2)%5D
  Trying OSCAR_L4_OC_NRT_V2.0 @ upwell.pfeg.noaa.gov 2026-08-31 ...
  OSCAR_L4_OC_NRT_V2.0 @ upwell.pfeg.noaa.gov 2026-08-31: 404 Client Error:  for url: https://upwell.pfeg.noaa.gov/erddap/griddap/OSCAR_L4_OC_NRT_V2.0.nc?u%5B(2026-08-31T00:00:00Z)%5D%5B(0.0)%5D%5B(29.8):1:(35.2)%5D%5B(-82.0):1:(-75.2)%5D,v%5B(2026-08-31T00:00:00Z)%5D%5B(0.0)%5D%5B(29.8):1:(35.2)%5D%5B(-82.0):1:(-75.2)%5D
  Trying jplOscarV2NRT5day @ coastwatch.pfeg.noaa.gov 2026-09-05 ...
  jplOscarV2NRT5day @ coastwatch.pfeg.noaa.gov 2026-09-05: 404 Client Error:  for url: https://coastwatch.pfeg.noaa.gov/erddap/griddap/jplOscarV2NRT5day.nc?u%5B(2026-09-05T00:00:00Z)%5D%5B(0.0)%5D%5B(29.8):1:(35.2)%5D%5B(-82.0):1:(-75.2)%5D,v%5B(2026-09-05T00:00:00Z)%5D%5B(0.0)%5D%5B(29.8):1:(35.2)%5D%5B(-82.0):1:(-75.2)%5D
  Trying jplOscarV2NRT5day @ upwell.pfeg.noaa.gov 2026-09-05 ...
  jplOscarV2NRT5day @ upwell.pfeg.noaa.gov 2026-09-05: 404 Client Error:  for url: https://upwell.pfeg.noaa.gov/erddap/griddap/jplOscarV2NRT5day.nc?u%5B(2026-09-05T00:00:00Z)%5D%5B(0.0)%5D%5B(29.8):1:(35.2)%5D%5B(-82.0):1:(-75.2)%5D,v%5B(2026-09-05T00:00:00Z)%5D%5B(0.0)%5D%5B(29.8):1:(35.2)%5D%5B(-82.0):1:(-75.2)%5D
  Trying jplOscarV2NRT5day @ coastwatch.pfeg.noaa.gov 2026-09-04 ...
  jplOscarV2NRT5day @ coastwatch.pfeg.noaa.gov 2026-09-04: 404 Client Error:  for url: https://coastwatch.pfeg.noaa.gov/erddap/griddap/jplOscarV2NRT5day.nc?u%5B(2026-09-04T00:00:00Z)%5D%5B(0.0)%5D%5B(29.8):1:(35.2)%5D%5B(-82.0):1:(-75.2)%5D,v%5B(2026-09-04T00:00:00Z)%5D%5B(0.0)%5D%5B(29.8):1:(35.2)%5D%5B(-82.0):1:(-75.2)%5D
  Trying jplOscarV2NRT5day @ upwell.pfeg.noaa.gov 2026-09-04 ...
  jplOscarV2NRT5day @ upwell.pfeg.noaa.gov 2026-09-04: 404 Client Error:  for url: https://upwell.pfeg.noaa.gov/erddap/griddap/jplOscarV2NRT5day.nc?u%5B(2026-09-04T00:00:00Z)%5D%5B(0.0)%5D%5B(29.8):1:(35.2)%5D%5B(-82.0):1:(-75.2)%5D,v%5B(2026-09-04T00:00:00Z)%5D%5B(0.0)%5D%5B(29.8):1:(35.2)%5D%5B(-82.0):1:(-75.2)%5D
  Trying jplOscarV2NRT5day @ coastwatch.pfeg.noaa.gov 2026-09-03 ...
  jplOscarV2NRT5day @ coastwatch.pfeg.noaa.gov 2026-09-03: 404 Client Error:  for url: https://coastwatch.pfeg.noaa.gov/erddap/griddap/jplOscarV2NRT5day.nc?u%5B(2026-09-03T00:00:00Z)%5D%5B(0.0)%5D%5B(29.8):1:(35.2)%5D%5B(-82.0):1:(-75.2)%5D,v%5B(2026-09-03T00:00:00Z)%5D%5B(0.0)%5D%5B(29.8):1:(35.2)%5D%5B(-82.0):1:(-75.2)%5D
  Trying jplOscarV2NRT5day @ upwell.pfeg.noaa.gov 2026-09-03 ...
  jplOscarV2NRT5day @ upwell.pfeg.noaa.gov 2026-09-03: 404 Client Error:  for url: https://upwell.pfeg.noaa.gov/erddap/griddap/jplOscarV2NRT5day.nc?u%5B(2026-09-03T00:00:00Z)%5D%5B(0.0)%5D%5B(29.8):1:(35.2)%5D%5B(-82.0):1:(-75.2)%5D,v%5B(2026-09-03T00:00:00Z)%5D%5B(0.0)%5D%5B(29.8):1:(35.2)%5D%5B(-82.0):1:(-75.2)%5D
  Trying jplOscarV2NRT5day @ coastwatch.pfeg.noaa.gov 2026-09-02 ...
  jplOscarV2NRT5day @ coastwatch.pfeg.noaa.gov 2026-09-02: 404 Client Error:  for url: https://coastwatch.pfeg.noaa.gov/erddap/griddap/jplOscarV2NRT5day.nc?u%5B(2026-09-02T00:00:00Z)%5D%5B(0.0)%5D%5B(29.8):1:(35.2)%5D%5B(-82.0):1:(-75.2)%5D,v%5B(2026-09-02T00:00:00Z)%5D%5B(0.0)%5D%5B(29.8):1:(35.2)%5D%5B(-82.0):1:(-75.2)%5D
  Trying jplOscarV2NRT5day @ upwell.pfeg.noaa.gov 2026-09-02 ...
  jplOscarV2NRT5day @ upwell.pfeg.noaa.gov 2026-09-02: 404 Client Error:  for url: https://upwell.pfeg.noaa.gov/erddap/griddap/jplOscarV2NRT5day.nc?u%5B(2026-09-02T00:00:00Z)%5D%5B(0.0)%5D%5B(29.8):1:(35.2)%5D%5B(-82.0):1:(-75.2)%5D,v%5B(2026-09-02T00:00:00Z)%5D%5B(0.0)%5D%5B(29.8):1:(35.2)%5D%5B(-82.0):1:(-75.2)%5D
  Trying jplOscarV2NRT5day @ coastwatch.pfeg.noaa.gov 2026-09-01 ...
  jplOscarV2NRT5day @ coastwatch.pfeg.noaa.gov 2026-09-01: 404 Client Error:  for url: https://coastwatch.pfeg.noaa.gov/erddap/griddap/jplOscarV2NRT5day.nc?u%5B(2026-09-01T00:00:00Z)%5D%5B(0.0)%5D%5B(29.8):1:(35.2)%5D%5B(-82.0):1:(-75.2)%5D,v%5B(2026-09-01T00:00:00Z)%5D%5B(0.0)%5D%5B(29.8):1:(35.2)%5D%5B(-82.0):1:(-75.2)%5D
  Trying jplOscarV2NRT5day @ upwell.pfeg.noaa.gov 2026-09-01 ...
  jplOscarV2NRT5day @ upwell.pfeg.noaa.gov 2026-09-01: 404 Client Error:  for url: https://upwell.pfeg.noaa.gov/erddap/griddap/jplOscarV2NRT5day.nc?u%5B(2026-09-01T00:00:00Z)%5D%5B(0.0)%5D%5B(29.8):1:(35.2)%5D%5B(-82.0):1:(-75.2)%5D,v%5B(2026-09-01T00:00:00Z)%5D%5B(0.0)%5D%5B(29.8):1:(35.2)%5D%5B(-82.0):1:(-75.2)%5D
  Trying jplOscarV2NRT5day @ coastwatch.pfeg.noaa.gov 2026-08-31 ...
  jplOscarV2NRT5day @ coastwatch.pfeg.noaa.gov 2026-08-31: 404 Client Error:  for url: https://coastwatch.pfeg.noaa.gov/erddap/griddap/jplOscarV2NRT5day.nc?u%5B(2026-08-31T00:00:00Z)%5D%5B(0.0)%5D%5B(29.8):1:(35.2)%5D%5B(-82.0):1:(-75.2)%5D,v%5B(2026-08-31T00:00:00Z)%5D%5B(0.0)%5D%5B(29.8):1:(35.2)%5D%5B(-82.0):1:(-75.2)%5D
  Trying jplOscarV2NRT5day @ upwell.pfeg.noaa.gov 2026-08-31 ...
  jplOscarV2NRT5day @ upwell.pfeg.noaa.gov 2026-08-31: 404 Client Error:  for url: https://upwell.pfeg.noaa.gov/erddap/griddap/jplOscarV2NRT5day.nc?u%5B(2026-08-31T00:00:00Z)%5D%5B(0.0)%5D%5B(29.8):1:(35.2)%5D%5B(-82.0):1:(-75.2)%5D,v%5B(2026-08-31T00:00:00Z)%5D%5B(0.0)%5D%5B(29.8):1:(35.2)%5D%5B(-82.0):1:(-75.2)%5D
  Trying jplOscar1day @ coastwatch.pfeg.noaa.gov 2026-09-05 ...
  jplOscar1day @ coastwatch.pfeg.noaa.gov 2026-09-05: 404 Client Error:  for url: https://coastwatch.pfeg.noaa.gov/erddap/griddap/jplOscar1day.nc?u%5B(2026-09-05T00:00:00Z)%5D%5B(0.0)%5D%5B(29.8):1:(35.2)%5D%5B(-82.0):1:(-75.2)%5D,v%5B(2026-09-05T00:00:00Z)%5D%5B(0.0)%5D%5B(29.8):1:(35.2)%5D%5B(-82.0):1:(-75.2)%5D
  Trying jplOscar1day @ upwell.pfeg.noaa.gov 2026-09-05 ...
  jplOscar1day @ upwell.pfeg.noaa.gov 2026-09-05: 404 Client Error:  for url: https://upwell.pfeg.noaa.gov/erddap/griddap/jplOscar1day.nc?u%5B(2026-09-05T00:00:00Z)%5D%5B(0.0)%5D%5B(29.8):1:(35.2)%5D%5B(-82.0):1:(-75.2)%5D,v%5B(2026-09-05T00:00:00Z)%5D%5B(0.0)%5D%5B(29.8):1:(35.2)%5D%5B(-82.0):1:(-75.2)%5D
  Trying jplOscar1day @ coastwatch.pfeg.noaa.gov 2026-09-04 ...
  jplOscar1day @ coastwatch.pfeg.noaa.gov 2026-09-04: 404 Client Error:  for url: https://coastwatch.pfeg.noaa.gov/erddap/griddap/jplOscar1day.nc?u%5B(2026-09-04T00:00:00Z)%5D%5B(0.0)%5D%5B(29.8):1:(35.2)%5D%5B(-82.0):1:(-75.2)%5D,v%5B(2026-09-04T00:00:00Z)%5D%5B(0.0)%5D%5B(29.8):1:(35.2)%5D%5B(-82.0):1:(-75.2)%5D
  Trying jplOscar1day @ upwell.pfeg.noaa.gov 2026-09-04 ...
  jplOscar1day @ upwell.pfeg.noaa.gov 2026-09-04: 404 Client Error:  for url: https://upwell.pfeg.noaa.gov/erddap/griddap/jplOscar1day.nc?u%5B(2026-09-04T00:00:00Z)%5D%5B(0.0)%5D%5B(29.8):1:(35.2)%5D%5B(-82.0):1:(-75.2)%5D,v%5B(2026-09-04T00:00:00Z)%5D%5B(0.0)%5D%5B(29.8):1:(35.2)%5D%5B(-82.0):1:(-75.2)%5D
  Trying jplOscar1day @ coastwatch.pfeg.noaa.gov 2026-09-03 ...
  jplOscar1day @ coastwatch.pfeg.noaa.gov 2026-09-03: 404 Client Error:  for url: https://coastwatch.pfeg.noaa.gov/erddap/griddap/jplOscar1day.nc?u%5B(2026-09-03T00:00:00Z)%5D%5B(0.0)%5D%5B(29.8):1:(35.2)%5D%5B(-82.0):1:(-75.2)%5D,v%5B(2026-09-03T00:00:00Z)%5D%5B(0.0)%5D%5B(29.8):1:(35.2)%5D%5B(-82.0):1:(-75.2)%5D
  Trying jplOscar1day @ upwell.pfeg.noaa.gov 2026-09-03 ...
  jplOscar1day @ upwell.pfeg.noaa.gov 2026-09-03: 404 Client Error:  for url: https://upwell.pfeg.noaa.gov/erddap/griddap/jplOscar1day.nc?u%5B(2026-09-03T00:00:00Z)%5D%5B(0.0)%5D%5B(29.8):1:(35.2)%5D%5B(-82.0):1:(-75.2)%5D,v%5B(2026-09-03T00:00:00Z)%5D%5B(0.0)%5D%5B(29.8):1:(35.2)%5D%5B(-82.0):1:(-75.2)%5D
  Trying jplOscar1day @ coastwatch.pfeg.noaa.gov 2026-09-02 ...
  jplOscar1day @ coastwatch.pfeg.noaa.gov 2026-09-02: 404 Client Error:  for url: https://coastwatch.pfeg.noaa.gov/erddap/griddap/jplOscar1day.nc?u%5B(2026-09-02T00:00:00Z)%5D%5B(0.0)%5D%5B(29.8):1:(35.2)%5D%5B(-82.0):1:(-75.2)%5D,v%5B(2026-09-02T00:00:00Z)%5D%5B(0.0)%5D%5B(29.8):1:(35.2)%5D%5B(-82.0):1:(-75.2)%5D
  Trying jplOscar1day @ upwell.pfeg.noaa.gov 2026-09-02 ...
  jplOscar1day @ upwell.pfeg.noaa.gov 2026-09-02: 404 Client Error:  for url: https://upwell.pfeg.noaa.gov/erddap/griddap/jplOscar1day.nc?u%5B(2026-09-02T00:00:00Z)%5D%5B(0.0)%5D%5B(29.8):1:(35.2)%5D%5B(-82.0):1:(-75.2)%5D,v%5B(2026-09-02T00:00:00Z)%5D%5B(0.0)%5D%5B(29.8):1:(35.2)%5D%5B(-82.0):1:(-75.2)%5D
  Trying jplOscar1day @ coastwatch.pfeg.noaa.gov 2026-09-01 ...
  jplOscar1day @ coastwatch.pfeg.noaa.gov 2026-09-01: 404 Client Error:  for url: https://coastwatch.pfeg.noaa.gov/erddap/griddap/jplOscar1day.nc?u%5B(2026-09-01T00:00:00Z)%5D%5B(0.0)%5D%5B(29.8):1:(35.2)%5D%5B(-82.0):1:(-75.2)%5D,v%5B(2026-09-01T00:00:00Z)%5D%5B(0.0)%5D%5B(29.8):1:(35.2)%5D%5B(-82.0):1:(-75.2)%5D
  Trying jplOscar1day @ upwell.pfeg.noaa.gov 2026-09-01 ...
  jplOscar1day @ upwell.pfeg.noaa.gov 2026-09-01: 404 Client Error:  for url: https://upwell.pfeg.noaa.gov/erddap/griddap/jplOscar1day.nc?u%5B(2026-09-01T00:00:00Z)%5D%5B(0.0)%5D%5B(29.8):1:(35.2)%5D%5B(-82.0):1:(-75.2)%5D,v%5B(2026-09-01T00:00:00Z)%5D%5B(0.0)%5D%5B(29.8):1:(35.2)%5D%5B(-82.0):1:(-75.2)%5D
  Trying jplOscar1day @ coastwatch.pfeg.noaa.gov 2026-08-31 ...
  jplOscar1day @ coastwatch.pfeg.noaa.gov 2026-08-31: 404 Client Error:  for url: https://coastwatch.pfeg.noaa.gov/erddap/griddap/jplOscar1day.nc?u%5B(2026-08-31T00:00:00Z)%5D%5B(0.0)%5D%5B(29.8):1:(35.2)%5D%5B(-82.0):1:(-75.2)%5D,v%5B(2026-08-31T00:00:00Z)%5D%5B(0.0)%5D%5B(29.8):1:(35.2)%5D%5B(-82.0):1:(-75.2)%5D
  Trying jplOscar1day @ upwell.pfeg.noaa.gov 2026-08-31 ...
  jplOscar1day @ upwell.pfeg.noaa.gov 2026-08-31: 404 Client Error:  for url: https://upwell.pfeg.noaa.gov/erddap/griddap/jplOscar1day.nc?u%5B(2026-08-31T00:00:00Z)%5D%5B(0.0)%5D%5B(29.8):1:(35.2)%5D%5B(-82.0):1:(-75.2)%5D,v%5B(2026-08-31T00:00:00Z)%5D%5B(0.0)%5D%5B(29.8):1:(35.2)%5D%5B(-82.0):1:(-75.2)%5D
  Trying erdQCkm1day @ coastwatch.pfeg.noaa.gov 2026-09-05 ...
  erdQCkm1day @ coastwatch.pfeg.noaa.gov 2026-09-05: 404 Client Error:  for url: https://coastwatch.pfeg.noaa.gov/erddap/griddap/erdQCkm1day.nc?u%5B(2026-09-05T00:00:00Z)%5D%5B(0.0)%5D%5B(29.8):1:(35.2)%5D%5B(-82.0):1:(-75.2)%5D,v%5B(2026-09-05T00:00:00Z)%5D%5B(0.0)%5D%5B(29.8):1:(35.2)%5D%5B(-82.0):1:(-75.2)%5D
  Trying erdQCkm1day @ upwell.pfeg.noaa.gov 2026-09-05 ...
  erdQCkm1day @ upwell.pfeg.noaa.gov 2026-09-05: 404 Client Error:  for url: https://upwell.pfeg.noaa.gov/erddap/griddap/erdQCkm1day.nc?u%5B(2026-09-05T00:00:00Z)%5D%5B(0.0)%5D%5B(29.8):1:(35.2)%5D%5B(-82.0):1:(-75.2)%5D,v%5B(2026-09-05T00:00:00Z)%5D%5B(0.0)%5D%5B(29.8):1:(35.2)%5D%5B(-82.0):1:(-75.2)%5D
  Trying erdQCkm1day @ coastwatch.pfeg.noaa.gov 2026-09-04 ...
  erdQCkm1day @ coastwatch.pfeg.noaa.gov 2026-09-04: 404 Client Error:  for url: https://coastwatch.pfeg.noaa.gov/erddap/griddap/erdQCkm1day.nc?u%5B(2026-09-04T00:00:00Z)%5D%5B(0.0)%5D%5B(29.8):1:(35.2)%5D%5B(-82.0):1:(-75.2)%5D,v%5B(2026-09-04T00:00:00Z)%5D%5B(0.0)%5D%5B(29.8):1:(35.2)%5D%5B(-82.0):1:(-75.2)%5D
  Trying erdQCkm1day @ upwell.pfeg.noaa.gov 2026-09-04 ...
  erdQCkm1day @ upwell.pfeg.noaa.gov 2026-09-04: 404 Client Error:  for url: https://upwell.pfeg.noaa.gov/erddap/griddap/erdQCkm1day.nc?u%5B(2026-09-04T00:00:00Z)%5D%5B(0.0)%5D%5B(29.8):1:(35.2)%5D%5B(-82.0):1:(-75.2)%5D,v%5B(2026-09-04T00:00:00Z)%5D%5B(0.0)%5D%5B(29.8):1:(35.2)%5D%5B(-82.0):1:(-75.2)%5D
  Trying erdQCkm1day @ coastwatch.pfeg.noaa.gov 2026-09-03 ...
  erdQCkm1day @ coastwatch.pfeg.noaa.gov 2026-09-03: 404 Client Error:  for url: https://coastwatch.pfeg.noaa.gov/erddap/griddap/erdQCkm1day.nc?u%5B(2026-09-03T00:00:00Z)%5D%5B(0.0)%5D%5B(29.8):1:(35.2)%5D%5B(-82.0):1:(-75.2)%5D,v%5B(2026-09-03T00:00:00Z)%5D%5B(0.0)%5D%5B(29.8):1:(35.2)%5D%5B(-82.0):1:(-75.2)%5D
  Trying erdQCkm1day @ upwell.pfeg.noaa.gov 2026-09-03 ...
  erdQCkm1day @ upwell.pfeg.noaa.gov 2026-09-03: 404 Client Error:  for url: https://upwell.pfeg.noaa.gov/erddap/griddap/erdQCkm1day.nc?u%5B(2026-09-03T00:00:00Z)%5D%5B(0.0)%5D%5B(29.8):1:(35.2)%5D%5B(-82.0):1:(-75.2)%5D,v%5B(2026-09-03T00:00:00Z)%5D%5B(0.0)%5D%5B(29.8):1:(35.2)%5D%5B(-82.0):1:(-75.2)%5D
  Trying erdQCkm1day @ coastwatch.pfeg.noaa.gov 2026-09-02 ...
  erdQCkm1day @ coastwatch.pfeg.noaa.gov 2026-09-02: 404 Client Error:  for url: https://coastwatch.pfeg.noaa.gov/erddap/griddap/erdQCkm1day.nc?u%5B(2026-09-02T00:00:00Z)%5D%5B(0.0)%5D%5B(29.8):1:(35.2)%5D%5B(-82.0):1:(-75.2)%5D,v%5B(2026-09-02T00:00:00Z)%5D%5B(0.0)%5D%5B(29.8):1:(35.2)%5D%5B(-82.0):1:(-75.2)%5D
  Trying erdQCkm1day @ upwell.pfeg.noaa.gov 2026-09-02 ...
  erdQCkm1day @ upwell.pfeg.noaa.gov 2026-09-02: 404 Client Error:  for url: https://upwell.pfeg.noaa.gov/erddap/griddap/erdQCkm1day.nc?u%5B(2026-09-02T00:00:00Z)%5D%5B(0.0)%5D%5B(29.8):1:(35.2)%5D%5B(-82.0):1:(-75.2)%5D,v%5B(2026-09-02T00:00:00Z)%5D%5B(0.0)%5D%5B(29.8):1:(35.2)%5D%5B(-82.0):1:(-75.2)%5D
  Trying erdQCkm1day @ coastwatch.pfeg.noaa.gov 2026-09-01 ...
  erdQCkm1day @ coastwatch.pfeg.noaa.gov 2026-09-01: 404 Client Error:  for url: https://coastwatch.pfeg.noaa.gov/erddap/griddap/erdQCkm1day.nc?u%5B(2026-09-01T00:00:00Z)%5D%5B(0.0)%5D%5B(29.8):1:(35.2)%5D%5B(-82.0):1:(-75.2)%5D,v%5B(2026-09-01T00:00:00Z)%5D%5B(0.0)%5D%5B(29.8):1:(35.2)%5D%5B(-82.0):1:(-75.2)%5D
  Trying erdQCkm1day @ upwell.pfeg.noaa.gov 2026-09-01 ...
  erdQCkm1day @ upwell.pfeg.noaa.gov 2026-09-01: 404 Client Error:  for url: https://upwell.pfeg.noaa.gov/erddap/griddap/erdQCkm1day.nc?u%5B(2026-09-01T00:00:00Z)%5D%5B(0.0)%5D%5B(29.8):1:(35.2)%5D%5B(-82.0):1:(-75.2)%5D,v%5B(2026-09-01T00:00:00Z)%5D%5B(0.0)%5D%5B(29.8):1:(35.2)%5D%5B(-82.0):1:(-75.2)%5D
  Trying erdQCkm1day @ coastwatch.pfeg.noaa.gov 2026-08-31 ...
  erdQCkm1day @ coastwatch.pfeg.noaa.gov 2026-08-31: 404 Client Error:  for url: https://coastwatch.pfeg.noaa.gov/erddap/griddap/erdQCkm1day.nc?u%5B(2026-08-31T00:00:00Z)%5D%5B(0.0)%5D%5B(29.8):1:(35.2)%5D%5B(-82.0):1:(-75.2)%5D,v%5B(2026-08-31T00:00:00Z)%5D%5B(0.0)%5D%5B(29.8):1:(35.2)%5D%5B(-82.0):1:(-75.2)%5D
  Trying erdQCkm1day @ upwell.pfeg.noaa.gov 2026-08-31 ...
  erdQCkm1day @ upwell.pfeg.noaa.gov 2026-08-31: 404 Client Error:  for url: https://upwell.pfeg.noaa.gov/erddap/griddap/erdQCkm1day.nc?u%5B(2026-08-31T00:00:00Z)%5D%5B(0.0)%5D%5B(29.8):1:(35.2)%5D%5B(-82.0):1:(-75.2)%5D,v%5B(2026-08-31T00:00:00Z)%5D%5B(0.0)%5D%5B(29.8):1:(35.2)%5D%5B(-82.0):1:(-75.2)%5D
  OSCAR: all attempts failed

[CMEMS] Currents  (2026-09-05)  0.083 deg, daily
INFO - 2026-09-06T15:19:34Z - Selected dataset version: "202406"
INFO - 2026-09-06T15:19:34Z - Selected dataset part: "default"
WARNING - 2026-09-06T15:19:34Z - Some of your subset selection [0.0, 1.0] for the depth dimension exceed the dataset coordinates [0.49402499198913574, 5727.9169921875]
INFO - 2026-09-06T15:19:38Z - Total size of the download: 54.98 KB.
  CMEMS currents: 3,552 pts  0.002–1.815 m/s

[CMEMS] Altimetry  (2026-09-05)  0.125 deg, daily
INFO - 2026-09-06T15:19:40Z - Selected dataset version: "202506"
INFO - 2026-09-06T15:19:40Z - Selected dataset part: "default"
INFO - 2026-09-06T15:19:43Z - Total size of the download: 50.46 KB.
  Altimetry: 1,648 pts  SLA -0.143–0.465 m
  Geostrophic currents: 1,648 pts  0.011–1.579 m/s

============================================================
  Exporting ...
    Currents JSON → DailySST/Currents/ga_sc/currents_20260905.json  (364 KB)
    Currents CSV  → DailySST/Currents/ga_sc/currents_20260905.csv  (3,552 rows, 216 KB)
    Altimetry CSV  → DailySST/Altimetry/ga_sc/altimetry_20260905.csv  (1,648 rows, 95 KB)
    Altimetry grid → DailySST/Altimetry/ga_sc/altimetry_20260905_grid.json  (30 KB)

============================================================
  Currents  (CMEMS): 3,552 pts  speed 0.002–1.815 m/s  p98=1.573 m/s
  Altimetry (CMEMS_ALT): 1,648 pts  SSH -0.193–0.962 m
============================================================

  Files → /home/runner/work/SSTv2/SSTv2/DailySST/Currents/ga_sc
         → /home/runner/work/SSTv2/SSTv2/DailySST/Altimetry/ga_sc
