============================================================
  Ocean Dynamics Fetcher — Currents + Altimetry
  Date      : 2026-06-25
  BBOX      : {'lat_min': 33.7, 'lat_max': 39.0, 'lon_min': -78.89, 'lon_max': -72.21}
  Output    : /home/runner/work/SSTv2/SSTv2/DailySST
============================================================

[1/3] HYCOM currents + SSH  (target: 2026-06-25)  ~1/12 deg
  HYCOM catalog found dataset: FMRC_ESPC-D-V02_uv3z
  Trying https://tds.hycom.org/thredds/ncss/FMRC_ESPC-D-V02_uv3z/runs/FMRC_ESPC-D-V02_uv3...
  HYCOM 2026-06-25 12Z failed: 400 Client Error: 400 for url: https://tds.hycom.org/thredds/ncss/FMRC_ESPC-D-V02_uv3z/runs/FMRC_ESPC-D-V02_uv3z_RUN_2026-06-25T12:00:00Z?var=water_u&var=water_v&var=surf_el&north=39.0&south=33.7&west=-78.89&east=-72.21&horizStride=1&vertCoord=0&disableLLSubset=on&disableProjSubset=on&time_start=2026-06-25T12:00:00Z&time_end=2026-06-25T12:00:00Z&accept=netcdf
  Trying https://tds.hycom.org/thredds/ncss/FMRC_ESPC-D-V02_uv3z/FMRC_ESPC-D-V02_uv3z_bes...
  HYCOM 2026-06-25 12Z failed: 400 Client Error: 400 for url: https://tds.hycom.org/thredds/ncss/FMRC_ESPC-D-V02_uv3z/FMRC_ESPC-D-V02_uv3z_best.ncd?var=water_u&var=water_v&var=surf_el&north=39.0&south=33.7&west=-78.89&east=-72.21&horizStride=1&vertCoord=0&disableLLSubset=on&disableProjSubset=on&time_start=2026-06-25T12:00:00Z&time_end=2026-06-25T12:00:00Z&accept=netcdf
  Trying https://tds.hycom.org/thredds/ncss/FMRC_ESPC-D-V02_uv3z/runs/FMRC_ESPC-D-V02_uv3...
  HYCOM 2026-06-25 00Z failed: 404 Client Error: 404 for url: https://tds.hycom.org/thredds/ncss/FMRC_ESPC-D-V02_uv3z/runs/FMRC_ESPC-D-V02_uv3z_RUN_2026-06-25T00:00:00Z?var=water_u&var=water_v&var=surf_el&north=39.0&south=33.7&west=-78.89&east=-72.21&horizStride=1&vertCoord=0&disableLLSubset=on&disableProjSubset=on&time_start=2026-06-25T00:00:00Z&time_end=2026-06-25T00:00:00Z&accept=netcdf
  Trying https://tds.hycom.org/thredds/ncss/FMRC_ESPC-D-V02_uv3z/FMRC_ESPC-D-V02_uv3z_bes...
  HYCOM 2026-06-25 00Z failed: 400 Client Error: 400 for url: https://tds.hycom.org/thredds/ncss/FMRC_ESPC-D-V02_uv3z/FMRC_ESPC-D-V02_uv3z_best.ncd?var=water_u&var=water_v&var=surf_el&north=39.0&south=33.7&west=-78.89&east=-72.21&horizStride=1&vertCoord=0&disableLLSubset=on&disableProjSubset=on&time_start=2026-06-25T00:00:00Z&time_end=2026-06-25T00:00:00Z&accept=netcdf
  Trying https://tds.hycom.org/thredds/ncss/FMRC_ESPC-D-V02_uv3z/runs/FMRC_ESPC-D-V02_uv3...
  HYCOM 2026-06-24 12Z failed: 400 Client Error: 400 for url: https://tds.hycom.org/thredds/ncss/FMRC_ESPC-D-V02_uv3z/runs/FMRC_ESPC-D-V02_uv3z_RUN_2026-06-24T12:00:00Z?var=water_u&var=water_v&var=surf_el&north=39.0&south=33.7&west=-78.89&east=-72.21&horizStride=1&vertCoord=0&disableLLSubset=on&disableProjSubset=on&time_start=2026-06-24T12:00:00Z&time_end=2026-06-24T12:00:00Z&accept=netcdf
  Trying https://tds.hycom.org/thredds/ncss/FMRC_ESPC-D-V02_uv3z/FMRC_ESPC-D-V02_uv3z_bes...
  HYCOM 2026-06-24 12Z failed: 400 Client Error: 400 for url: https://tds.hycom.org/thredds/ncss/FMRC_ESPC-D-V02_uv3z/FMRC_ESPC-D-V02_uv3z_best.ncd?var=water_u&var=water_v&var=surf_el&north=39.0&south=33.7&west=-78.89&east=-72.21&horizStride=1&vertCoord=0&disableLLSubset=on&disableProjSubset=on&time_start=2026-06-24T12:00:00Z&time_end=2026-06-24T12:00:00Z&accept=netcdf
  Trying https://tds.hycom.org/thredds/ncss/FMRC_ESPC-D-V02_uv3z/runs/FMRC_ESPC-D-V02_uv3...
  HYCOM 2026-06-24 00Z failed: 404 Client Error: 404 for url: https://tds.hycom.org/thredds/ncss/FMRC_ESPC-D-V02_uv3z/runs/FMRC_ESPC-D-V02_uv3z_RUN_2026-06-24T00:00:00Z?var=water_u&var=water_v&var=surf_el&north=39.0&south=33.7&west=-78.89&east=-72.21&horizStride=1&vertCoord=0&disableLLSubset=on&disableProjSubset=on&time_start=2026-06-24T00:00:00Z&time_end=2026-06-24T00:00:00Z&accept=netcdf
  Trying https://tds.hycom.org/thredds/ncss/FMRC_ESPC-D-V02_uv3z/FMRC_ESPC-D-V02_uv3z_bes...
  HYCOM 2026-06-24 00Z failed: 400 Client Error: 400 for url: https://tds.hycom.org/thredds/ncss/FMRC_ESPC-D-V02_uv3z/FMRC_ESPC-D-V02_uv3z_best.ncd?var=water_u&var=water_v&var=surf_el&north=39.0&south=33.7&west=-78.89&east=-72.21&horizStride=1&vertCoord=0&disableLLSubset=on&disableProjSubset=on&time_start=2026-06-24T00:00:00Z&time_end=2026-06-24T00:00:00Z&accept=netcdf
  HYCOM: all attempts failed

[2/3] OSCAR currents  (target: 2026-06-25)  1/3 deg, 5-day composite
  Trying OSCAR_L4_OC_NRT_V2.1 @ coastwatch.pfeg.noaa.gov 2026-06-25 ...
  OSCAR_L4_OC_NRT_V2.1 @ coastwatch.pfeg.noaa.gov 2026-06-25: 404 Client Error:  for url: https://coastwatch.pfeg.noaa.gov/erddap/griddap/OSCAR_L4_OC_NRT_V2.1.nc?u%5B(2026-06-25T00:00:00Z)%5D%5B(0.0)%5D%5B(33.7):1:(39.0)%5D%5B(-78.89):1:(-72.21)%5D,v%5B(2026-06-25T00:00:00Z)%5D%5B(0.0)%5D%5B(33.7):1:(39.0)%5D%5B(-78.89):1:(-72.21)%5D
  Trying OSCAR_L4_OC_NRT_V2.1 @ upwell.pfeg.noaa.gov 2026-06-25 ...
  OSCAR_L4_OC_NRT_V2.1 @ upwell.pfeg.noaa.gov 2026-06-25: 404 Client Error:  for url: https://upwell.pfeg.noaa.gov/erddap/griddap/OSCAR_L4_OC_NRT_V2.1.nc?u%5B(2026-06-25T00:00:00Z)%5D%5B(0.0)%5D%5B(33.7):1:(39.0)%5D%5B(-78.89):1:(-72.21)%5D,v%5B(2026-06-25T00:00:00Z)%5D%5B(0.0)%5D%5B(33.7):1:(39.0)%5D%5B(-78.89):1:(-72.21)%5D
  Trying OSCAR_L4_OC_NRT_V2.1 @ coastwatch.pfeg.noaa.gov 2026-06-24 ...
  OSCAR_L4_OC_NRT_V2.1 @ coastwatch.pfeg.noaa.gov 2026-06-24: 404 Client Error:  for url: https://coastwatch.pfeg.noaa.gov/erddap/griddap/OSCAR_L4_OC_NRT_V2.1.nc?u%5B(2026-06-24T00:00:00Z)%5D%5B(0.0)%5D%5B(33.7):1:(39.0)%5D%5B(-78.89):1:(-72.21)%5D,v%5B(2026-06-24T00:00:00Z)%5D%5B(0.0)%5D%5B(33.7):1:(39.0)%5D%5B(-78.89):1:(-72.21)%5D
  Trying OSCAR_L4_OC_NRT_V2.1 @ upwell.pfeg.noaa.gov 2026-06-24 ...
  OSCAR_L4_OC_NRT_V2.1 @ upwell.pfeg.noaa.gov 2026-06-24: 404 Client Error:  for url: https://upwell.pfeg.noaa.gov/erddap/griddap/OSCAR_L4_OC_NRT_V2.1.nc?u%5B(2026-06-24T00:00:00Z)%5D%5B(0.0)%5D%5B(33.7):1:(39.0)%5D%5B(-78.89):1:(-72.21)%5D,v%5B(2026-06-24T00:00:00Z)%5D%5B(0.0)%5D%5B(33.7):1:(39.0)%5D%5B(-78.89):1:(-72.21)%5D
  Trying OSCAR_L4_OC_NRT_V2.1 @ coastwatch.pfeg.noaa.gov 2026-06-23 ...
  OSCAR_L4_OC_NRT_V2.1 @ coastwatch.pfeg.noaa.gov 2026-06-23: 404 Client Error:  for url: https://coastwatch.pfeg.noaa.gov/erddap/griddap/OSCAR_L4_OC_NRT_V2.1.nc?u%5B(2026-06-23T00:00:00Z)%5D%5B(0.0)%5D%5B(33.7):1:(39.0)%5D%5B(-78.89):1:(-72.21)%5D,v%5B(2026-06-23T00:00:00Z)%5D%5B(0.0)%5D%5B(33.7):1:(39.0)%5D%5B(-78.89):1:(-72.21)%5D
  Trying OSCAR_L4_OC_NRT_V2.1 @ upwell.pfeg.noaa.gov 2026-06-23 ...
  OSCAR_L4_OC_NRT_V2.1 @ upwell.pfeg.noaa.gov 2026-06-23: 404 Client Error:  for url: https://upwell.pfeg.noaa.gov/erddap/griddap/OSCAR_L4_OC_NRT_V2.1.nc?u%5B(2026-06-23T00:00:00Z)%5D%5B(0.0)%5D%5B(33.7):1:(39.0)%5D%5B(-78.89):1:(-72.21)%5D,v%5B(2026-06-23T00:00:00Z)%5D%5B(0.0)%5D%5B(33.7):1:(39.0)%5D%5B(-78.89):1:(-72.21)%5D
  Trying OSCAR_L4_OC_NRT_V2.1 @ coastwatch.pfeg.noaa.gov 2026-06-22 ...
  OSCAR_L4_OC_NRT_V2.1 @ coastwatch.pfeg.noaa.gov 2026-06-22: 404 Client Error:  for url: https://coastwatch.pfeg.noaa.gov/erddap/griddap/OSCAR_L4_OC_NRT_V2.1.nc?u%5B(2026-06-22T00:00:00Z)%5D%5B(0.0)%5D%5B(33.7):1:(39.0)%5D%5B(-78.89):1:(-72.21)%5D,v%5B(2026-06-22T00:00:00Z)%5D%5B(0.0)%5D%5B(33.7):1:(39.0)%5D%5B(-78.89):1:(-72.21)%5D
  Trying OSCAR_L4_OC_NRT_V2.1 @ upwell.pfeg.noaa.gov 2026-06-22 ...
  OSCAR_L4_OC_NRT_V2.1 @ upwell.pfeg.noaa.gov 2026-06-22: 404 Client Error:  for url: https://upwell.pfeg.noaa.gov/erddap/griddap/OSCAR_L4_OC_NRT_V2.1.nc?u%5B(2026-06-22T00:00:00Z)%5D%5B(0.0)%5D%5B(33.7):1:(39.0)%5D%5B(-78.89):1:(-72.21)%5D,v%5B(2026-06-22T00:00:00Z)%5D%5B(0.0)%5D%5B(33.7):1:(39.0)%5D%5B(-78.89):1:(-72.21)%5D
  Trying OSCAR_L4_OC_NRT_V2.1 @ coastwatch.pfeg.noaa.gov 2026-06-21 ...
  OSCAR_L4_OC_NRT_V2.1 @ coastwatch.pfeg.noaa.gov 2026-06-21: 404 Client Error:  for url: https://coastwatch.pfeg.noaa.gov/erddap/griddap/OSCAR_L4_OC_NRT_V2.1.nc?u%5B(2026-06-21T00:00:00Z)%5D%5B(0.0)%5D%5B(33.7):1:(39.0)%5D%5B(-78.89):1:(-72.21)%5D,v%5B(2026-06-21T00:00:00Z)%5D%5B(0.0)%5D%5B(33.7):1:(39.0)%5D%5B(-78.89):1:(-72.21)%5D
  Trying OSCAR_L4_OC_NRT_V2.1 @ upwell.pfeg.noaa.gov 2026-06-21 ...
  OSCAR_L4_OC_NRT_V2.1 @ upwell.pfeg.noaa.gov 2026-06-21: 404 Client Error:  for url: https://upwell.pfeg.noaa.gov/erddap/griddap/OSCAR_L4_OC_NRT_V2.1.nc?u%5B(2026-06-21T00:00:00Z)%5D%5B(0.0)%5D%5B(33.7):1:(39.0)%5D%5B(-78.89):1:(-72.21)%5D,v%5B(2026-06-21T00:00:00Z)%5D%5B(0.0)%5D%5B(33.7):1:(39.0)%5D%5B(-78.89):1:(-72.21)%5D
  Trying OSCAR_L4_OC_NRT_V2.1 @ coastwatch.pfeg.noaa.gov 2026-06-20 ...
  OSCAR_L4_OC_NRT_V2.1 @ coastwatch.pfeg.noaa.gov 2026-06-20: 404 Client Error:  for url: https://coastwatch.pfeg.noaa.gov/erddap/griddap/OSCAR_L4_OC_NRT_V2.1.nc?u%5B(2026-06-20T00:00:00Z)%5D%5B(0.0)%5D%5B(33.7):1:(39.0)%5D%5B(-78.89):1:(-72.21)%5D,v%5B(2026-06-20T00:00:00Z)%5D%5B(0.0)%5D%5B(33.7):1:(39.0)%5D%5B(-78.89):1:(-72.21)%5D
  Trying OSCAR_L4_OC_NRT_V2.1 @ upwell.pfeg.noaa.gov 2026-06-20 ...
  OSCAR_L4_OC_NRT_V2.1 @ upwell.pfeg.noaa.gov 2026-06-20: 404 Client Error:  for url: https://upwell.pfeg.noaa.gov/erddap/griddap/OSCAR_L4_OC_NRT_V2.1.nc?u%5B(2026-06-20T00:00:00Z)%5D%5B(0.0)%5D%5B(33.7):1:(39.0)%5D%5B(-78.89):1:(-72.21)%5D,v%5B(2026-06-20T00:00:00Z)%5D%5B(0.0)%5D%5B(33.7):1:(39.0)%5D%5B(-78.89):1:(-72.21)%5D
  Trying OSCAR_L4_OC_NRT_V2.0 @ coastwatch.pfeg.noaa.gov 2026-06-25 ...
  OSCAR_L4_OC_NRT_V2.0 @ coastwatch.pfeg.noaa.gov 2026-06-25: 404 Client Error:  for url: https://coastwatch.pfeg.noaa.gov/erddap/griddap/OSCAR_L4_OC_NRT_V2.0.nc?u%5B(2026-06-25T00:00:00Z)%5D%5B(0.0)%5D%5B(33.7):1:(39.0)%5D%5B(-78.89):1:(-72.21)%5D,v%5B(2026-06-25T00:00:00Z)%5D%5B(0.0)%5D%5B(33.7):1:(39.0)%5D%5B(-78.89):1:(-72.21)%5D
  Trying OSCAR_L4_OC_NRT_V2.0 @ upwell.pfeg.noaa.gov 2026-06-25 ...
  OSCAR_L4_OC_NRT_V2.0 @ upwell.pfeg.noaa.gov 2026-06-25: 404 Client Error:  for url: https://upwell.pfeg.noaa.gov/erddap/griddap/OSCAR_L4_OC_NRT_V2.0.nc?u%5B(2026-06-25T00:00:00Z)%5D%5B(0.0)%5D%5B(33.7):1:(39.0)%5D%5B(-78.89):1:(-72.21)%5D,v%5B(2026-06-25T00:00:00Z)%5D%5B(0.0)%5D%5B(33.7):1:(39.0)%5D%5B(-78.89):1:(-72.21)%5D
  Trying OSCAR_L4_OC_NRT_V2.0 @ coastwatch.pfeg.noaa.gov 2026-06-24 ...
  OSCAR_L4_OC_NRT_V2.0 @ coastwatch.pfeg.noaa.gov 2026-06-24: 404 Client Error:  for url: https://coastwatch.pfeg.noaa.gov/erddap/griddap/OSCAR_L4_OC_NRT_V2.0.nc?u%5B(2026-06-24T00:00:00Z)%5D%5B(0.0)%5D%5B(33.7):1:(39.0)%5D%5B(-78.89):1:(-72.21)%5D,v%5B(2026-06-24T00:00:00Z)%5D%5B(0.0)%5D%5B(33.7):1:(39.0)%5D%5B(-78.89):1:(-72.21)%5D
  Trying OSCAR_L4_OC_NRT_V2.0 @ upwell.pfeg.noaa.gov 2026-06-24 ...
  OSCAR_L4_OC_NRT_V2.0 @ upwell.pfeg.noaa.gov 2026-06-24: 404 Client Error:  for url: https://upwell.pfeg.noaa.gov/erddap/griddap/OSCAR_L4_OC_NRT_V2.0.nc?u%5B(2026-06-24T00:00:00Z)%5D%5B(0.0)%5D%5B(33.7):1:(39.0)%5D%5B(-78.89):1:(-72.21)%5D,v%5B(2026-06-24T00:00:00Z)%5D%5B(0.0)%5D%5B(33.7):1:(39.0)%5D%5B(-78.89):1:(-72.21)%5D
  Trying OSCAR_L4_OC_NRT_V2.0 @ coastwatch.pfeg.noaa.gov 2026-06-23 ...
  OSCAR_L4_OC_NRT_V2.0 @ coastwatch.pfeg.noaa.gov 2026-06-23: 404 Client Error:  for url: https://coastwatch.pfeg.noaa.gov/erddap/griddap/OSCAR_L4_OC_NRT_V2.0.nc?u%5B(2026-06-23T00:00:00Z)%5D%5B(0.0)%5D%5B(33.7):1:(39.0)%5D%5B(-78.89):1:(-72.21)%5D,v%5B(2026-06-23T00:00:00Z)%5D%5B(0.0)%5D%5B(33.7):1:(39.0)%5D%5B(-78.89):1:(-72.21)%5D
  Trying OSCAR_L4_OC_NRT_V2.0 @ upwell.pfeg.noaa.gov 2026-06-23 ...
  OSCAR_L4_OC_NRT_V2.0 @ upwell.pfeg.noaa.gov 2026-06-23: 404 Client Error:  for url: https://upwell.pfeg.noaa.gov/erddap/griddap/OSCAR_L4_OC_NRT_V2.0.nc?u%5B(2026-06-23T00:00:00Z)%5D%5B(0.0)%5D%5B(33.7):1:(39.0)%5D%5B(-78.89):1:(-72.21)%5D,v%5B(2026-06-23T00:00:00Z)%5D%5B(0.0)%5D%5B(33.7):1:(39.0)%5D%5B(-78.89):1:(-72.21)%5D
  Trying OSCAR_L4_OC_NRT_V2.0 @ coastwatch.pfeg.noaa.gov 2026-06-22 ...
  OSCAR_L4_OC_NRT_V2.0 @ coastwatch.pfeg.noaa.gov 2026-06-22: 404 Client Error:  for url: https://coastwatch.pfeg.noaa.gov/erddap/griddap/OSCAR_L4_OC_NRT_V2.0.nc?u%5B(2026-06-22T00:00:00Z)%5D%5B(0.0)%5D%5B(33.7):1:(39.0)%5D%5B(-78.89):1:(-72.21)%5D,v%5B(2026-06-22T00:00:00Z)%5D%5B(0.0)%5D%5B(33.7):1:(39.0)%5D%5B(-78.89):1:(-72.21)%5D
  Trying OSCAR_L4_OC_NRT_V2.0 @ upwell.pfeg.noaa.gov 2026-06-22 ...
  OSCAR_L4_OC_NRT_V2.0 @ upwell.pfeg.noaa.gov 2026-06-22: 404 Client Error:  for url: https://upwell.pfeg.noaa.gov/erddap/griddap/OSCAR_L4_OC_NRT_V2.0.nc?u%5B(2026-06-22T00:00:00Z)%5D%5B(0.0)%5D%5B(33.7):1:(39.0)%5D%5B(-78.89):1:(-72.21)%5D,v%5B(2026-06-22T00:00:00Z)%5D%5B(0.0)%5D%5B(33.7):1:(39.0)%5D%5B(-78.89):1:(-72.21)%5D
  Trying OSCAR_L4_OC_NRT_V2.0 @ coastwatch.pfeg.noaa.gov 2026-06-21 ...
  OSCAR_L4_OC_NRT_V2.0 @ coastwatch.pfeg.noaa.gov 2026-06-21: 404 Client Error:  for url: https://coastwatch.pfeg.noaa.gov/erddap/griddap/OSCAR_L4_OC_NRT_V2.0.nc?u%5B(2026-06-21T00:00:00Z)%5D%5B(0.0)%5D%5B(33.7):1:(39.0)%5D%5B(-78.89):1:(-72.21)%5D,v%5B(2026-06-21T00:00:00Z)%5D%5B(0.0)%5D%5B(33.7):1:(39.0)%5D%5B(-78.89):1:(-72.21)%5D
  Trying OSCAR_L4_OC_NRT_V2.0 @ upwell.pfeg.noaa.gov 2026-06-21 ...
  OSCAR_L4_OC_NRT_V2.0 @ upwell.pfeg.noaa.gov 2026-06-21: 404 Client Error:  for url: https://upwell.pfeg.noaa.gov/erddap/griddap/OSCAR_L4_OC_NRT_V2.0.nc?u%5B(2026-06-21T00:00:00Z)%5D%5B(0.0)%5D%5B(33.7):1:(39.0)%5D%5B(-78.89):1:(-72.21)%5D,v%5B(2026-06-21T00:00:00Z)%5D%5B(0.0)%5D%5B(33.7):1:(39.0)%5D%5B(-78.89):1:(-72.21)%5D
  Trying OSCAR_L4_OC_NRT_V2.0 @ coastwatch.pfeg.noaa.gov 2026-06-20 ...
  OSCAR_L4_OC_NRT_V2.0 @ coastwatch.pfeg.noaa.gov 2026-06-20: 404 Client Error:  for url: https://coastwatch.pfeg.noaa.gov/erddap/griddap/OSCAR_L4_OC_NRT_V2.0.nc?u%5B(2026-06-20T00:00:00Z)%5D%5B(0.0)%5D%5B(33.7):1:(39.0)%5D%5B(-78.89):1:(-72.21)%5D,v%5B(2026-06-20T00:00:00Z)%5D%5B(0.0)%5D%5B(33.7):1:(39.0)%5D%5B(-78.89):1:(-72.21)%5D
  Trying OSCAR_L4_OC_NRT_V2.0 @ upwell.pfeg.noaa.gov 2026-06-20 ...
  OSCAR_L4_OC_NRT_V2.0 @ upwell.pfeg.noaa.gov 2026-06-20: 404 Client Error:  for url: https://upwell.pfeg.noaa.gov/erddap/griddap/OSCAR_L4_OC_NRT_V2.0.nc?u%5B(2026-06-20T00:00:00Z)%5D%5B(0.0)%5D%5B(33.7):1:(39.0)%5D%5B(-78.89):1:(-72.21)%5D,v%5B(2026-06-20T00:00:00Z)%5D%5B(0.0)%5D%5B(33.7):1:(39.0)%5D%5B(-78.89):1:(-72.21)%5D
  Trying jplOscarV2NRT5day @ coastwatch.pfeg.noaa.gov 2026-06-25 ...
  jplOscarV2NRT5day @ coastwatch.pfeg.noaa.gov 2026-06-25: 404 Client Error:  for url: https://coastwatch.pfeg.noaa.gov/erddap/griddap/jplOscarV2NRT5day.nc?u%5B(2026-06-25T00:00:00Z)%5D%5B(0.0)%5D%5B(33.7):1:(39.0)%5D%5B(-78.89):1:(-72.21)%5D,v%5B(2026-06-25T00:00:00Z)%5D%5B(0.0)%5D%5B(33.7):1:(39.0)%5D%5B(-78.89):1:(-72.21)%5D
  Trying jplOscarV2NRT5day @ upwell.pfeg.noaa.gov 2026-06-25 ...
  jplOscarV2NRT5day @ upwell.pfeg.noaa.gov 2026-06-25: 404 Client Error:  for url: https://upwell.pfeg.noaa.gov/erddap/griddap/jplOscarV2NRT5day.nc?u%5B(2026-06-25T00:00:00Z)%5D%5B(0.0)%5D%5B(33.7):1:(39.0)%5D%5B(-78.89):1:(-72.21)%5D,v%5B(2026-06-25T00:00:00Z)%5D%5B(0.0)%5D%5B(33.7):1:(39.0)%5D%5B(-78.89):1:(-72.21)%5D
  Trying jplOscarV2NRT5day @ coastwatch.pfeg.noaa.gov 2026-06-24 ...
  jplOscarV2NRT5day @ coastwatch.pfeg.noaa.gov 2026-06-24: 404 Client Error:  for url: https://coastwatch.pfeg.noaa.gov/erddap/griddap/jplOscarV2NRT5day.nc?u%5B(2026-06-24T00:00:00Z)%5D%5B(0.0)%5D%5B(33.7):1:(39.0)%5D%5B(-78.89):1:(-72.21)%5D,v%5B(2026-06-24T00:00:00Z)%5D%5B(0.0)%5D%5B(33.7):1:(39.0)%5D%5B(-78.89):1:(-72.21)%5D
  Trying jplOscarV2NRT5day @ upwell.pfeg.noaa.gov 2026-06-24 ...
  jplOscarV2NRT5day @ upwell.pfeg.noaa.gov 2026-06-24: 404 Client Error:  for url: https://upwell.pfeg.noaa.gov/erddap/griddap/jplOscarV2NRT5day.nc?u%5B(2026-06-24T00:00:00Z)%5D%5B(0.0)%5D%5B(33.7):1:(39.0)%5D%5B(-78.89):1:(-72.21)%5D,v%5B(2026-06-24T00:00:00Z)%5D%5B(0.0)%5D%5B(33.7):1:(39.0)%5D%5B(-78.89):1:(-72.21)%5D
  Trying jplOscarV2NRT5day @ coastwatch.pfeg.noaa.gov 2026-06-23 ...
  jplOscarV2NRT5day @ coastwatch.pfeg.noaa.gov 2026-06-23: 404 Client Error:  for url: https://coastwatch.pfeg.noaa.gov/erddap/griddap/jplOscarV2NRT5day.nc?u%5B(2026-06-23T00:00:00Z)%5D%5B(0.0)%5D%5B(33.7):1:(39.0)%5D%5B(-78.89):1:(-72.21)%5D,v%5B(2026-06-23T00:00:00Z)%5D%5B(0.0)%5D%5B(33.7):1:(39.0)%5D%5B(-78.89):1:(-72.21)%5D
  Trying jplOscarV2NRT5day @ upwell.pfeg.noaa.gov 2026-06-23 ...
  jplOscarV2NRT5day @ upwell.pfeg.noaa.gov 2026-06-23: 404 Client Error:  for url: https://upwell.pfeg.noaa.gov/erddap/griddap/jplOscarV2NRT5day.nc?u%5B(2026-06-23T00:00:00Z)%5D%5B(0.0)%5D%5B(33.7):1:(39.0)%5D%5B(-78.89):1:(-72.21)%5D,v%5B(2026-06-23T00:00:00Z)%5D%5B(0.0)%5D%5B(33.7):1:(39.0)%5D%5B(-78.89):1:(-72.21)%5D
  Trying jplOscarV2NRT5day @ coastwatch.pfeg.noaa.gov 2026-06-22 ...
  jplOscarV2NRT5day @ coastwatch.pfeg.noaa.gov 2026-06-22: 404 Client Error:  for url: https://coastwatch.pfeg.noaa.gov/erddap/griddap/jplOscarV2NRT5day.nc?u%5B(2026-06-22T00:00:00Z)%5D%5B(0.0)%5D%5B(33.7):1:(39.0)%5D%5B(-78.89):1:(-72.21)%5D,v%5B(2026-06-22T00:00:00Z)%5D%5B(0.0)%5D%5B(33.7):1:(39.0)%5D%5B(-78.89):1:(-72.21)%5D
  Trying jplOscarV2NRT5day @ upwell.pfeg.noaa.gov 2026-06-22 ...
  jplOscarV2NRT5day @ upwell.pfeg.noaa.gov 2026-06-22: 404 Client Error:  for url: https://upwell.pfeg.noaa.gov/erddap/griddap/jplOscarV2NRT5day.nc?u%5B(2026-06-22T00:00:00Z)%5D%5B(0.0)%5D%5B(33.7):1:(39.0)%5D%5B(-78.89):1:(-72.21)%5D,v%5B(2026-06-22T00:00:00Z)%5D%5B(0.0)%5D%5B(33.7):1:(39.0)%5D%5B(-78.89):1:(-72.21)%5D
  Trying jplOscarV2NRT5day @ coastwatch.pfeg.noaa.gov 2026-06-21 ...
  jplOscarV2NRT5day @ coastwatch.pfeg.noaa.gov 2026-06-21: 404 Client Error:  for url: https://coastwatch.pfeg.noaa.gov/erddap/griddap/jplOscarV2NRT5day.nc?u%5B(2026-06-21T00:00:00Z)%5D%5B(0.0)%5D%5B(33.7):1:(39.0)%5D%5B(-78.89):1:(-72.21)%5D,v%5B(2026-06-21T00:00:00Z)%5D%5B(0.0)%5D%5B(33.7):1:(39.0)%5D%5B(-78.89):1:(-72.21)%5D
  Trying jplOscarV2NRT5day @ upwell.pfeg.noaa.gov 2026-06-21 ...
  jplOscarV2NRT5day @ upwell.pfeg.noaa.gov 2026-06-21: 404 Client Error:  for url: https://upwell.pfeg.noaa.gov/erddap/griddap/jplOscarV2NRT5day.nc?u%5B(2026-06-21T00:00:00Z)%5D%5B(0.0)%5D%5B(33.7):1:(39.0)%5D%5B(-78.89):1:(-72.21)%5D,v%5B(2026-06-21T00:00:00Z)%5D%5B(0.0)%5D%5B(33.7):1:(39.0)%5D%5B(-78.89):1:(-72.21)%5D
  Trying jplOscarV2NRT5day @ coastwatch.pfeg.noaa.gov 2026-06-20 ...
  jplOscarV2NRT5day @ coastwatch.pfeg.noaa.gov 2026-06-20: 404 Client Error:  for url: https://coastwatch.pfeg.noaa.gov/erddap/griddap/jplOscarV2NRT5day.nc?u%5B(2026-06-20T00:00:00Z)%5D%5B(0.0)%5D%5B(33.7):1:(39.0)%5D%5B(-78.89):1:(-72.21)%5D,v%5B(2026-06-20T00:00:00Z)%5D%5B(0.0)%5D%5B(33.7):1:(39.0)%5D%5B(-78.89):1:(-72.21)%5D
  Trying jplOscarV2NRT5day @ upwell.pfeg.noaa.gov 2026-06-20 ...
  jplOscarV2NRT5day @ upwell.pfeg.noaa.gov 2026-06-20: 404 Client Error:  for url: https://upwell.pfeg.noaa.gov/erddap/griddap/jplOscarV2NRT5day.nc?u%5B(2026-06-20T00:00:00Z)%5D%5B(0.0)%5D%5B(33.7):1:(39.0)%5D%5B(-78.89):1:(-72.21)%5D,v%5B(2026-06-20T00:00:00Z)%5D%5B(0.0)%5D%5B(33.7):1:(39.0)%5D%5B(-78.89):1:(-72.21)%5D
  Trying jplOscar1day @ coastwatch.pfeg.noaa.gov 2026-06-25 ...
  jplOscar1day @ coastwatch.pfeg.noaa.gov 2026-06-25: 404 Client Error:  for url: https://coastwatch.pfeg.noaa.gov/erddap/griddap/jplOscar1day.nc?u%5B(2026-06-25T00:00:00Z)%5D%5B(0.0)%5D%5B(33.7):1:(39.0)%5D%5B(-78.89):1:(-72.21)%5D,v%5B(2026-06-25T00:00:00Z)%5D%5B(0.0)%5D%5B(33.7):1:(39.0)%5D%5B(-78.89):1:(-72.21)%5D
  Trying jplOscar1day @ upwell.pfeg.noaa.gov 2026-06-25 ...
  jplOscar1day @ upwell.pfeg.noaa.gov 2026-06-25: 404 Client Error:  for url: https://upwell.pfeg.noaa.gov/erddap/griddap/jplOscar1day.nc?u%5B(2026-06-25T00:00:00Z)%5D%5B(0.0)%5D%5B(33.7):1:(39.0)%5D%5B(-78.89):1:(-72.21)%5D,v%5B(2026-06-25T00:00:00Z)%5D%5B(0.0)%5D%5B(33.7):1:(39.0)%5D%5B(-78.89):1:(-72.21)%5D
  Trying jplOscar1day @ coastwatch.pfeg.noaa.gov 2026-06-24 ...
  jplOscar1day @ coastwatch.pfeg.noaa.gov 2026-06-24: 404 Client Error:  for url: https://coastwatch.pfeg.noaa.gov/erddap/griddap/jplOscar1day.nc?u%5B(2026-06-24T00:00:00Z)%5D%5B(0.0)%5D%5B(33.7):1:(39.0)%5D%5B(-78.89):1:(-72.21)%5D,v%5B(2026-06-24T00:00:00Z)%5D%5B(0.0)%5D%5B(33.7):1:(39.0)%5D%5B(-78.89):1:(-72.21)%5D
  Trying jplOscar1day @ upwell.pfeg.noaa.gov 2026-06-24 ...
  jplOscar1day @ upwell.pfeg.noaa.gov 2026-06-24: 404 Client Error:  for url: https://upwell.pfeg.noaa.gov/erddap/griddap/jplOscar1day.nc?u%5B(2026-06-24T00:00:00Z)%5D%5B(0.0)%5D%5B(33.7):1:(39.0)%5D%5B(-78.89):1:(-72.21)%5D,v%5B(2026-06-24T00:00:00Z)%5D%5B(0.0)%5D%5B(33.7):1:(39.0)%5D%5B(-78.89):1:(-72.21)%5D
  Trying jplOscar1day @ coastwatch.pfeg.noaa.gov 2026-06-23 ...
  jplOscar1day @ coastwatch.pfeg.noaa.gov 2026-06-23: 404 Client Error:  for url: https://coastwatch.pfeg.noaa.gov/erddap/griddap/jplOscar1day.nc?u%5B(2026-06-23T00:00:00Z)%5D%5B(0.0)%5D%5B(33.7):1:(39.0)%5D%5B(-78.89):1:(-72.21)%5D,v%5B(2026-06-23T00:00:00Z)%5D%5B(0.0)%5D%5B(33.7):1:(39.0)%5D%5B(-78.89):1:(-72.21)%5D
  Trying jplOscar1day @ upwell.pfeg.noaa.gov 2026-06-23 ...
  jplOscar1day @ upwell.pfeg.noaa.gov 2026-06-23: 404 Client Error:  for url: https://upwell.pfeg.noaa.gov/erddap/griddap/jplOscar1day.nc?u%5B(2026-06-23T00:00:00Z)%5D%5B(0.0)%5D%5B(33.7):1:(39.0)%5D%5B(-78.89):1:(-72.21)%5D,v%5B(2026-06-23T00:00:00Z)%5D%5B(0.0)%5D%5B(33.7):1:(39.0)%5D%5B(-78.89):1:(-72.21)%5D
  Trying jplOscar1day @ coastwatch.pfeg.noaa.gov 2026-06-22 ...
  jplOscar1day @ coastwatch.pfeg.noaa.gov 2026-06-22: 404 Client Error:  for url: https://coastwatch.pfeg.noaa.gov/erddap/griddap/jplOscar1day.nc?u%5B(2026-06-22T00:00:00Z)%5D%5B(0.0)%5D%5B(33.7):1:(39.0)%5D%5B(-78.89):1:(-72.21)%5D,v%5B(2026-06-22T00:00:00Z)%5D%5B(0.0)%5D%5B(33.7):1:(39.0)%5D%5B(-78.89):1:(-72.21)%5D
  Trying jplOscar1day @ upwell.pfeg.noaa.gov 2026-06-22 ...
  jplOscar1day @ upwell.pfeg.noaa.gov 2026-06-22: 404 Client Error:  for url: https://upwell.pfeg.noaa.gov/erddap/griddap/jplOscar1day.nc?u%5B(2026-06-22T00:00:00Z)%5D%5B(0.0)%5D%5B(33.7):1:(39.0)%5D%5B(-78.89):1:(-72.21)%5D,v%5B(2026-06-22T00:00:00Z)%5D%5B(0.0)%5D%5B(33.7):1:(39.0)%5D%5B(-78.89):1:(-72.21)%5D
  Trying jplOscar1day @ coastwatch.pfeg.noaa.gov 2026-06-21 ...
  jplOscar1day @ coastwatch.pfeg.noaa.gov 2026-06-21: 404 Client Error:  for url: https://coastwatch.pfeg.noaa.gov/erddap/griddap/jplOscar1day.nc?u%5B(2026-06-21T00:00:00Z)%5D%5B(0.0)%5D%5B(33.7):1:(39.0)%5D%5B(-78.89):1:(-72.21)%5D,v%5B(2026-06-21T00:00:00Z)%5D%5B(0.0)%5D%5B(33.7):1:(39.0)%5D%5B(-78.89):1:(-72.21)%5D
  Trying jplOscar1day @ upwell.pfeg.noaa.gov 2026-06-21 ...
  jplOscar1day @ upwell.pfeg.noaa.gov 2026-06-21: 404 Client Error:  for url: https://upwell.pfeg.noaa.gov/erddap/griddap/jplOscar1day.nc?u%5B(2026-06-21T00:00:00Z)%5D%5B(0.0)%5D%5B(33.7):1:(39.0)%5D%5B(-78.89):1:(-72.21)%5D,v%5B(2026-06-21T00:00:00Z)%5D%5B(0.0)%5D%5B(33.7):1:(39.0)%5D%5B(-78.89):1:(-72.21)%5D
  Trying jplOscar1day @ coastwatch.pfeg.noaa.gov 2026-06-20 ...
  jplOscar1day @ coastwatch.pfeg.noaa.gov 2026-06-20: 404 Client Error:  for url: https://coastwatch.pfeg.noaa.gov/erddap/griddap/jplOscar1day.nc?u%5B(2026-06-20T00:00:00Z)%5D%5B(0.0)%5D%5B(33.7):1:(39.0)%5D%5B(-78.89):1:(-72.21)%5D,v%5B(2026-06-20T00:00:00Z)%5D%5B(0.0)%5D%5B(33.7):1:(39.0)%5D%5B(-78.89):1:(-72.21)%5D
  Trying jplOscar1day @ upwell.pfeg.noaa.gov 2026-06-20 ...
  jplOscar1day @ upwell.pfeg.noaa.gov 2026-06-20: 404 Client Error:  for url: https://upwell.pfeg.noaa.gov/erddap/griddap/jplOscar1day.nc?u%5B(2026-06-20T00:00:00Z)%5D%5B(0.0)%5D%5B(33.7):1:(39.0)%5D%5B(-78.89):1:(-72.21)%5D,v%5B(2026-06-20T00:00:00Z)%5D%5B(0.0)%5D%5B(33.7):1:(39.0)%5D%5B(-78.89):1:(-72.21)%5D
  Trying erdQCkm1day @ coastwatch.pfeg.noaa.gov 2026-06-25 ...
  erdQCkm1day @ coastwatch.pfeg.noaa.gov 2026-06-25: 404 Client Error:  for url: https://coastwatch.pfeg.noaa.gov/erddap/griddap/erdQCkm1day.nc?u%5B(2026-06-25T00:00:00Z)%5D%5B(0.0)%5D%5B(33.7):1:(39.0)%5D%5B(-78.89):1:(-72.21)%5D,v%5B(2026-06-25T00:00:00Z)%5D%5B(0.0)%5D%5B(33.7):1:(39.0)%5D%5B(-78.89):1:(-72.21)%5D
  Trying erdQCkm1day @ upwell.pfeg.noaa.gov 2026-06-25 ...
  erdQCkm1day @ upwell.pfeg.noaa.gov 2026-06-25: 404 Client Error:  for url: https://upwell.pfeg.noaa.gov/erddap/griddap/erdQCkm1day.nc?u%5B(2026-06-25T00:00:00Z)%5D%5B(0.0)%5D%5B(33.7):1:(39.0)%5D%5B(-78.89):1:(-72.21)%5D,v%5B(2026-06-25T00:00:00Z)%5D%5B(0.0)%5D%5B(33.7):1:(39.0)%5D%5B(-78.89):1:(-72.21)%5D
  Trying erdQCkm1day @ coastwatch.pfeg.noaa.gov 2026-06-24 ...
  erdQCkm1day @ coastwatch.pfeg.noaa.gov 2026-06-24: 404 Client Error:  for url: https://coastwatch.pfeg.noaa.gov/erddap/griddap/erdQCkm1day.nc?u%5B(2026-06-24T00:00:00Z)%5D%5B(0.0)%5D%5B(33.7):1:(39.0)%5D%5B(-78.89):1:(-72.21)%5D,v%5B(2026-06-24T00:00:00Z)%5D%5B(0.0)%5D%5B(33.7):1:(39.0)%5D%5B(-78.89):1:(-72.21)%5D
  Trying erdQCkm1day @ upwell.pfeg.noaa.gov 2026-06-24 ...
  erdQCkm1day @ upwell.pfeg.noaa.gov 2026-06-24: 404 Client Error:  for url: https://upwell.pfeg.noaa.gov/erddap/griddap/erdQCkm1day.nc?u%5B(2026-06-24T00:00:00Z)%5D%5B(0.0)%5D%5B(33.7):1:(39.0)%5D%5B(-78.89):1:(-72.21)%5D,v%5B(2026-06-24T00:00:00Z)%5D%5B(0.0)%5D%5B(33.7):1:(39.0)%5D%5B(-78.89):1:(-72.21)%5D
  Trying erdQCkm1day @ coastwatch.pfeg.noaa.gov 2026-06-23 ...
  erdQCkm1day @ coastwatch.pfeg.noaa.gov 2026-06-23: 404 Client Error:  for url: https://coastwatch.pfeg.noaa.gov/erddap/griddap/erdQCkm1day.nc?u%5B(2026-06-23T00:00:00Z)%5D%5B(0.0)%5D%5B(33.7):1:(39.0)%5D%5B(-78.89):1:(-72.21)%5D,v%5B(2026-06-23T00:00:00Z)%5D%5B(0.0)%5D%5B(33.7):1:(39.0)%5D%5B(-78.89):1:(-72.21)%5D
  Trying erdQCkm1day @ upwell.pfeg.noaa.gov 2026-06-23 ...
  erdQCkm1day @ upwell.pfeg.noaa.gov 2026-06-23: 404 Client Error:  for url: https://upwell.pfeg.noaa.gov/erddap/griddap/erdQCkm1day.nc?u%5B(2026-06-23T00:00:00Z)%5D%5B(0.0)%5D%5B(33.7):1:(39.0)%5D%5B(-78.89):1:(-72.21)%5D,v%5B(2026-06-23T00:00:00Z)%5D%5B(0.0)%5D%5B(33.7):1:(39.0)%5D%5B(-78.89):1:(-72.21)%5D
  Trying erdQCkm1day @ coastwatch.pfeg.noaa.gov 2026-06-22 ...
  erdQCkm1day @ coastwatch.pfeg.noaa.gov 2026-06-22: 404 Client Error:  for url: https://coastwatch.pfeg.noaa.gov/erddap/griddap/erdQCkm1day.nc?u%5B(2026-06-22T00:00:00Z)%5D%5B(0.0)%5D%5B(33.7):1:(39.0)%5D%5B(-78.89):1:(-72.21)%5D,v%5B(2026-06-22T00:00:00Z)%5D%5B(0.0)%5D%5B(33.7):1:(39.0)%5D%5B(-78.89):1:(-72.21)%5D
  Trying erdQCkm1day @ upwell.pfeg.noaa.gov 2026-06-22 ...
  erdQCkm1day @ upwell.pfeg.noaa.gov 2026-06-22: 404 Client Error:  for url: https://upwell.pfeg.noaa.gov/erddap/griddap/erdQCkm1day.nc?u%5B(2026-06-22T00:00:00Z)%5D%5B(0.0)%5D%5B(33.7):1:(39.0)%5D%5B(-78.89):1:(-72.21)%5D,v%5B(2026-06-22T00:00:00Z)%5D%5B(0.0)%5D%5B(33.7):1:(39.0)%5D%5B(-78.89):1:(-72.21)%5D
  Trying erdQCkm1day @ coastwatch.pfeg.noaa.gov 2026-06-21 ...
  erdQCkm1day @ coastwatch.pfeg.noaa.gov 2026-06-21: 404 Client Error:  for url: https://coastwatch.pfeg.noaa.gov/erddap/griddap/erdQCkm1day.nc?u%5B(2026-06-21T00:00:00Z)%5D%5B(0.0)%5D%5B(33.7):1:(39.0)%5D%5B(-78.89):1:(-72.21)%5D,v%5B(2026-06-21T00:00:00Z)%5D%5B(0.0)%5D%5B(33.7):1:(39.0)%5D%5B(-78.89):1:(-72.21)%5D
  Trying erdQCkm1day @ upwell.pfeg.noaa.gov 2026-06-21 ...
  erdQCkm1day @ upwell.pfeg.noaa.gov 2026-06-21: 404 Client Error:  for url: https://upwell.pfeg.noaa.gov/erddap/griddap/erdQCkm1day.nc?u%5B(2026-06-21T00:00:00Z)%5D%5B(0.0)%5D%5B(33.7):1:(39.0)%5D%5B(-78.89):1:(-72.21)%5D,v%5B(2026-06-21T00:00:00Z)%5D%5B(0.0)%5D%5B(33.7):1:(39.0)%5D%5B(-78.89):1:(-72.21)%5D
  Trying erdQCkm1day @ coastwatch.pfeg.noaa.gov 2026-06-20 ...
  erdQCkm1day @ coastwatch.pfeg.noaa.gov 2026-06-20: 404 Client Error:  for url: https://coastwatch.pfeg.noaa.gov/erddap/griddap/erdQCkm1day.nc?u%5B(2026-06-20T00:00:00Z)%5D%5B(0.0)%5D%5B(33.7):1:(39.0)%5D%5B(-78.89):1:(-72.21)%5D,v%5B(2026-06-20T00:00:00Z)%5D%5B(0.0)%5D%5B(33.7):1:(39.0)%5D%5B(-78.89):1:(-72.21)%5D
  Trying erdQCkm1day @ upwell.pfeg.noaa.gov 2026-06-20 ...
  erdQCkm1day @ upwell.pfeg.noaa.gov 2026-06-20: 404 Client Error:  for url: https://upwell.pfeg.noaa.gov/erddap/griddap/erdQCkm1day.nc?u%5B(2026-06-20T00:00:00Z)%5D%5B(0.0)%5D%5B(33.7):1:(39.0)%5D%5B(-78.89):1:(-72.21)%5D,v%5B(2026-06-20T00:00:00Z)%5D%5B(0.0)%5D%5B(33.7):1:(39.0)%5D%5B(-78.89):1:(-72.21)%5D
  OSCAR: all attempts failed

[CMEMS] Currents  (2026-06-25)  0.083 deg, daily
INFO - 2026-06-26T20:20:35Z - Selected dataset version: "202406"
INFO - 2026-06-26T20:20:35Z - Selected dataset part: "default"
WARNING - 2026-06-26T20:20:35Z - Some of your subset selection [0.0, 1.0] for the depth dimension exceed the dataset coordinates [0.49402499198913574, 5727.9169921875]
INFO - 2026-06-26T20:20:39Z - Total size of the download: 53.33 KB.
  CMEMS currents: 3,209 pts  0.002–1.995 m/s

[CMEMS] Altimetry  (2026-06-25)  0.125 deg, daily
INFO - 2026-06-26T20:20:42Z - Selected dataset version: "202506"
INFO - 2026-06-26T20:20:42Z - Selected dataset part: "default"
INFO - 2026-06-26T20:20:46Z - Total size of the download: 48.11 KB.
  Altimetry: 1,503 pts  SLA -0.504–0.581 m
  Geostrophic currents: 1,503 pts  0.007–1.786 m/s

============================================================
  Exporting ...
    Currents JSON → DailySST/Currents/currents_20260625.json  (337 KB)
    Currents CSV  → DailySST/Currents/currents_20260625.csv  (3,209 rows, 195 KB)
    Altimetry CSV  → DailySST/Altimetry/altimetry_20260625.csv  (1,503 rows, 88 KB)
    Altimetry grid → DailySST/Altimetry/altimetry_20260625_grid.json  (29 KB)

============================================================
  Currents  (CMEMS): 3,209 pts  speed 0.002–1.995 m/s  p98=1.620 m/s
  Altimetry (CMEMS_ALT): 1,503 pts  SSH -0.592–1.141 m
============================================================

  Files → /home/runner/work/SSTv2/SSTv2/DailySST/Currents
         → /home/runner/work/SSTv2/SSTv2/DailySST/Altimetry
