============================================================
  Ocean Dynamics Fetcher — Currents + Altimetry
  Date      : 2026-08-08
  BBOX      : {'lat_min': 29.8, 'lat_max': 35.2, 'lon_min': -82.0, 'lon_max': -75.2}
  Output    : /home/runner/work/SSTv2/SSTv2/DailySST
============================================================

[1/3] HYCOM currents + SSH  (target: 2026-08-08)  ~1/12 deg
  HYCOM catalog found dataset: FMRC_ESPC-D-V02_uv3z
  Trying https://tds.hycom.org/thredds/ncss/FMRC_ESPC-D-V02_uv3z/runs/FMRC_ESPC-D-V02_uv3...
  HYCOM 2026-08-08 12Z failed: 400 Client Error: 400 for url: https://tds.hycom.org/thredds/ncss/FMRC_ESPC-D-V02_uv3z/runs/FMRC_ESPC-D-V02_uv3z_RUN_2026-08-08T12:00:00Z?var=water_u&var=water_v&var=surf_el&north=35.2&south=29.8&west=-82.0&east=-75.2&horizStride=1&vertCoord=0&disableLLSubset=on&disableProjSubset=on&time_start=2026-08-08T12:00:00Z&time_end=2026-08-08T12:00:00Z&accept=netcdf
  Trying https://tds.hycom.org/thredds/ncss/FMRC_ESPC-D-V02_uv3z/FMRC_ESPC-D-V02_uv3z_bes...
  HYCOM 2026-08-08 12Z failed: 400 Client Error: 400 for url: https://tds.hycom.org/thredds/ncss/FMRC_ESPC-D-V02_uv3z/FMRC_ESPC-D-V02_uv3z_best.ncd?var=water_u&var=water_v&var=surf_el&north=35.2&south=29.8&west=-82.0&east=-75.2&horizStride=1&vertCoord=0&disableLLSubset=on&disableProjSubset=on&time_start=2026-08-08T12:00:00Z&time_end=2026-08-08T12:00:00Z&accept=netcdf
  Trying https://tds.hycom.org/thredds/ncss/FMRC_ESPC-D-V02_uv3z/runs/FMRC_ESPC-D-V02_uv3...
  HYCOM 2026-08-08 00Z failed: 404 Client Error: 404 for url: https://tds.hycom.org/thredds/ncss/FMRC_ESPC-D-V02_uv3z/runs/FMRC_ESPC-D-V02_uv3z_RUN_2026-08-08T00:00:00Z?var=water_u&var=water_v&var=surf_el&north=35.2&south=29.8&west=-82.0&east=-75.2&horizStride=1&vertCoord=0&disableLLSubset=on&disableProjSubset=on&time_start=2026-08-08T00:00:00Z&time_end=2026-08-08T00:00:00Z&accept=netcdf
  Trying https://tds.hycom.org/thredds/ncss/FMRC_ESPC-D-V02_uv3z/FMRC_ESPC-D-V02_uv3z_bes...
  HYCOM 2026-08-08 00Z failed: 400 Client Error: 400 for url: https://tds.hycom.org/thredds/ncss/FMRC_ESPC-D-V02_uv3z/FMRC_ESPC-D-V02_uv3z_best.ncd?var=water_u&var=water_v&var=surf_el&north=35.2&south=29.8&west=-82.0&east=-75.2&horizStride=1&vertCoord=0&disableLLSubset=on&disableProjSubset=on&time_start=2026-08-08T00:00:00Z&time_end=2026-08-08T00:00:00Z&accept=netcdf
  Trying https://tds.hycom.org/thredds/ncss/FMRC_ESPC-D-V02_uv3z/runs/FMRC_ESPC-D-V02_uv3...
  HYCOM 2026-08-07 12Z failed: 400 Client Error: 400 for url: https://tds.hycom.org/thredds/ncss/FMRC_ESPC-D-V02_uv3z/runs/FMRC_ESPC-D-V02_uv3z_RUN_2026-08-07T12:00:00Z?var=water_u&var=water_v&var=surf_el&north=35.2&south=29.8&west=-82.0&east=-75.2&horizStride=1&vertCoord=0&disableLLSubset=on&disableProjSubset=on&time_start=2026-08-07T12:00:00Z&time_end=2026-08-07T12:00:00Z&accept=netcdf
  Trying https://tds.hycom.org/thredds/ncss/FMRC_ESPC-D-V02_uv3z/FMRC_ESPC-D-V02_uv3z_bes...
  HYCOM 2026-08-07 12Z failed: 400 Client Error: 400 for url: https://tds.hycom.org/thredds/ncss/FMRC_ESPC-D-V02_uv3z/FMRC_ESPC-D-V02_uv3z_best.ncd?var=water_u&var=water_v&var=surf_el&north=35.2&south=29.8&west=-82.0&east=-75.2&horizStride=1&vertCoord=0&disableLLSubset=on&disableProjSubset=on&time_start=2026-08-07T12:00:00Z&time_end=2026-08-07T12:00:00Z&accept=netcdf
  Trying https://tds.hycom.org/thredds/ncss/FMRC_ESPC-D-V02_uv3z/runs/FMRC_ESPC-D-V02_uv3...
  HYCOM 2026-08-07 00Z failed: 404 Client Error: 404 for url: https://tds.hycom.org/thredds/ncss/FMRC_ESPC-D-V02_uv3z/runs/FMRC_ESPC-D-V02_uv3z_RUN_2026-08-07T00:00:00Z?var=water_u&var=water_v&var=surf_el&north=35.2&south=29.8&west=-82.0&east=-75.2&horizStride=1&vertCoord=0&disableLLSubset=on&disableProjSubset=on&time_start=2026-08-07T00:00:00Z&time_end=2026-08-07T00:00:00Z&accept=netcdf
  Trying https://tds.hycom.org/thredds/ncss/FMRC_ESPC-D-V02_uv3z/FMRC_ESPC-D-V02_uv3z_bes...
  HYCOM 2026-08-07 00Z failed: 400 Client Error: 400 for url: https://tds.hycom.org/thredds/ncss/FMRC_ESPC-D-V02_uv3z/FMRC_ESPC-D-V02_uv3z_best.ncd?var=water_u&var=water_v&var=surf_el&north=35.2&south=29.8&west=-82.0&east=-75.2&horizStride=1&vertCoord=0&disableLLSubset=on&disableProjSubset=on&time_start=2026-08-07T00:00:00Z&time_end=2026-08-07T00:00:00Z&accept=netcdf
  Trying https://tds.hycom.org/thredds/ncss/FMRC_ESPC-D-V02_uv3z/runs/FMRC_ESPC-D-V02_uv3...
  HYCOM 2026-08-06 12Z failed: 400 Client Error: 400 for url: https://tds.hycom.org/thredds/ncss/FMRC_ESPC-D-V02_uv3z/runs/FMRC_ESPC-D-V02_uv3z_RUN_2026-08-06T12:00:00Z?var=water_u&var=water_v&var=surf_el&north=35.2&south=29.8&west=-82.0&east=-75.2&horizStride=1&vertCoord=0&disableLLSubset=on&disableProjSubset=on&time_start=2026-08-06T12:00:00Z&time_end=2026-08-06T12:00:00Z&accept=netcdf
  Trying https://tds.hycom.org/thredds/ncss/FMRC_ESPC-D-V02_uv3z/FMRC_ESPC-D-V02_uv3z_bes...
  HYCOM 2026-08-06 12Z failed: 400 Client Error: 400 for url: https://tds.hycom.org/thredds/ncss/FMRC_ESPC-D-V02_uv3z/FMRC_ESPC-D-V02_uv3z_best.ncd?var=water_u&var=water_v&var=surf_el&north=35.2&south=29.8&west=-82.0&east=-75.2&horizStride=1&vertCoord=0&disableLLSubset=on&disableProjSubset=on&time_start=2026-08-06T12:00:00Z&time_end=2026-08-06T12:00:00Z&accept=netcdf
  Trying https://tds.hycom.org/thredds/ncss/FMRC_ESPC-D-V02_uv3z/runs/FMRC_ESPC-D-V02_uv3...
  HYCOM 2026-08-06 00Z failed: 404 Client Error: 404 for url: https://tds.hycom.org/thredds/ncss/FMRC_ESPC-D-V02_uv3z/runs/FMRC_ESPC-D-V02_uv3z_RUN_2026-08-06T00:00:00Z?var=water_u&var=water_v&var=surf_el&north=35.2&south=29.8&west=-82.0&east=-75.2&horizStride=1&vertCoord=0&disableLLSubset=on&disableProjSubset=on&time_start=2026-08-06T00:00:00Z&time_end=2026-08-06T00:00:00Z&accept=netcdf
  Trying https://tds.hycom.org/thredds/ncss/FMRC_ESPC-D-V02_uv3z/FMRC_ESPC-D-V02_uv3z_bes...
  HYCOM 2026-08-06 00Z failed: 400 Client Error: 400 for url: https://tds.hycom.org/thredds/ncss/FMRC_ESPC-D-V02_uv3z/FMRC_ESPC-D-V02_uv3z_best.ncd?var=water_u&var=water_v&var=surf_el&north=35.2&south=29.8&west=-82.0&east=-75.2&horizStride=1&vertCoord=0&disableLLSubset=on&disableProjSubset=on&time_start=2026-08-06T00:00:00Z&time_end=2026-08-06T00:00:00Z&accept=netcdf
  Trying https://tds.hycom.org/thredds/ncss/FMRC_ESPC-D-V02_uv3z/runs/FMRC_ESPC-D-V02_uv3...
  HYCOM 2026-08-05 12Z failed: 400 Client Error: 400 for url: https://tds.hycom.org/thredds/ncss/FMRC_ESPC-D-V02_uv3z/runs/FMRC_ESPC-D-V02_uv3z_RUN_2026-08-05T12:00:00Z?var=water_u&var=water_v&var=surf_el&north=35.2&south=29.8&west=-82.0&east=-75.2&horizStride=1&vertCoord=0&disableLLSubset=on&disableProjSubset=on&time_start=2026-08-05T12:00:00Z&time_end=2026-08-05T12:00:00Z&accept=netcdf
  Trying https://tds.hycom.org/thredds/ncss/FMRC_ESPC-D-V02_uv3z/FMRC_ESPC-D-V02_uv3z_bes...
  HYCOM 2026-08-05 12Z failed: 400 Client Error: 400 for url: https://tds.hycom.org/thredds/ncss/FMRC_ESPC-D-V02_uv3z/FMRC_ESPC-D-V02_uv3z_best.ncd?var=water_u&var=water_v&var=surf_el&north=35.2&south=29.8&west=-82.0&east=-75.2&horizStride=1&vertCoord=0&disableLLSubset=on&disableProjSubset=on&time_start=2026-08-05T12:00:00Z&time_end=2026-08-05T12:00:00Z&accept=netcdf
  Trying https://tds.hycom.org/thredds/ncss/FMRC_ESPC-D-V02_uv3z/runs/FMRC_ESPC-D-V02_uv3...
  HYCOM 2026-08-05 00Z failed: 404 Client Error: 404 for url: https://tds.hycom.org/thredds/ncss/FMRC_ESPC-D-V02_uv3z/runs/FMRC_ESPC-D-V02_uv3z_RUN_2026-08-05T00:00:00Z?var=water_u&var=water_v&var=surf_el&north=35.2&south=29.8&west=-82.0&east=-75.2&horizStride=1&vertCoord=0&disableLLSubset=on&disableProjSubset=on&time_start=2026-08-05T00:00:00Z&time_end=2026-08-05T00:00:00Z&accept=netcdf
  Trying https://tds.hycom.org/thredds/ncss/FMRC_ESPC-D-V02_uv3z/FMRC_ESPC-D-V02_uv3z_bes...
  HYCOM 2026-08-05 00Z failed: 400 Client Error: 400 for url: https://tds.hycom.org/thredds/ncss/FMRC_ESPC-D-V02_uv3z/FMRC_ESPC-D-V02_uv3z_best.ncd?var=water_u&var=water_v&var=surf_el&north=35.2&south=29.8&west=-82.0&east=-75.2&horizStride=1&vertCoord=0&disableLLSubset=on&disableProjSubset=on&time_start=2026-08-05T00:00:00Z&time_end=2026-08-05T00:00:00Z&accept=netcdf
  HYCOM: all attempts failed

[2/3] OSCAR currents  (target: 2026-08-08)  1/3 deg, 5-day composite
  Trying OSCAR_L4_OC_NRT_V2.1 @ coastwatch.pfeg.noaa.gov 2026-08-08 ...
  OSCAR_L4_OC_NRT_V2.1 @ coastwatch.pfeg.noaa.gov 2026-08-08: HTTPSConnectionPool(host='coastwatch.pfeg.noaa.gov', port=443): Max retries exceeded with url: /erddap/griddap/OSCAR_L4_OC_NRT_V2.1.nc?u%5B(2026-08-08T00:00:00Z)%5D%5B(0.0)%5D%5B(29.8):1:(35.2)%5D%5B(-82.0):1:(-75.2)%5D,v%5B(2026-08-08T00:00:00Z)%5D%5B(0.0)%5D%5B(29.8):1:(35.2)%5D%5B(-82.0):1:(-75.2)%5D (Caused by ProtocolError('Connection aborted.', ConnectionResetError(104, 'Connection reset by peer')))
  Trying OSCAR_L4_OC_NRT_V2.1 @ upwell.pfeg.noaa.gov 2026-08-08 ...
  OSCAR_L4_OC_NRT_V2.1 @ upwell.pfeg.noaa.gov 2026-08-08: HTTPSConnectionPool(host='upwell.pfeg.noaa.gov', port=443): Max retries exceeded with url: /erddap/griddap/OSCAR_L4_OC_NRT_V2.1.nc?u%5B(2026-08-08T00:00:00Z)%5D%5B(0.0)%5D%5B(29.8):1:(35.2)%5D%5B(-82.0):1:(-75.2)%5D,v%5B(2026-08-08T00:00:00Z)%5D%5B(0.0)%5D%5B(29.8):1:(35.2)%5D%5B(-82.0):1:(-75.2)%5D (Caused by ProtocolError('Connection aborted.', ConnectionResetError(104, 'Connection reset by peer')))
  Trying OSCAR_L4_OC_NRT_V2.1 @ coastwatch.pfeg.noaa.gov 2026-08-07 ...
  OSCAR_L4_OC_NRT_V2.1 @ coastwatch.pfeg.noaa.gov 2026-08-07: HTTPSConnectionPool(host='coastwatch.pfeg.noaa.gov', port=443): Max retries exceeded with url: /erddap/griddap/OSCAR_L4_OC_NRT_V2.1.nc?u%5B(2026-08-07T00:00:00Z)%5D%5B(0.0)%5D%5B(29.8):1:(35.2)%5D%5B(-82.0):1:(-75.2)%5D,v%5B(2026-08-07T00:00:00Z)%5D%5B(0.0)%5D%5B(29.8):1:(35.2)%5D%5B(-82.0):1:(-75.2)%5D (Caused by ProtocolError('Connection aborted.', ConnectionResetError(104, 'Connection reset by peer')))
  Trying OSCAR_L4_OC_NRT_V2.1 @ upwell.pfeg.noaa.gov 2026-08-07 ...
  OSCAR_L4_OC_NRT_V2.1 @ upwell.pfeg.noaa.gov 2026-08-07: HTTPSConnectionPool(host='upwell.pfeg.noaa.gov', port=443): Max retries exceeded with url: /erddap/griddap/OSCAR_L4_OC_NRT_V2.1.nc?u%5B(2026-08-07T00:00:00Z)%5D%5B(0.0)%5D%5B(29.8):1:(35.2)%5D%5B(-82.0):1:(-75.2)%5D,v%5B(2026-08-07T00:00:00Z)%5D%5B(0.0)%5D%5B(29.8):1:(35.2)%5D%5B(-82.0):1:(-75.2)%5D (Caused by ConnectTimeoutError(<HTTPSConnection(host='upwell.pfeg.noaa.gov', port=443) at 0x7f0bf1f1f350>, 'Connection to upwell.pfeg.noaa.gov timed out. (connect timeout=180)'))
  Trying OSCAR_L4_OC_NRT_V2.1 @ coastwatch.pfeg.noaa.gov 2026-08-06 ...
  OSCAR_L4_OC_NRT_V2.1 @ coastwatch.pfeg.noaa.gov 2026-08-06: HTTPSConnectionPool(host='coastwatch.pfeg.noaa.gov', port=443): Max retries exceeded with url: /erddap/griddap/OSCAR_L4_OC_NRT_V2.1.nc?u%5B(2026-08-06T00:00:00Z)%5D%5B(0.0)%5D%5B(29.8):1:(35.2)%5D%5B(-82.0):1:(-75.2)%5D,v%5B(2026-08-06T00:00:00Z)%5D%5B(0.0)%5D%5B(29.8):1:(35.2)%5D%5B(-82.0):1:(-75.2)%5D (Caused by ProtocolError('Connection aborted.', ConnectionResetError(104, 'Connection reset by peer')))
  Trying OSCAR_L4_OC_NRT_V2.1 @ upwell.pfeg.noaa.gov 2026-08-06 ...
  OSCAR_L4_OC_NRT_V2.1 @ upwell.pfeg.noaa.gov 2026-08-06: HTTPSConnectionPool(host='upwell.pfeg.noaa.gov', port=443): Max retries exceeded with url: /erddap/griddap/OSCAR_L4_OC_NRT_V2.1.nc?u%5B(2026-08-06T00:00:00Z)%5D%5B(0.0)%5D%5B(29.8):1:(35.2)%5D%5B(-82.0):1:(-75.2)%5D,v%5B(2026-08-06T00:00:00Z)%5D%5B(0.0)%5D%5B(29.8):1:(35.2)%5D%5B(-82.0):1:(-75.2)%5D (Caused by ProtocolError('Connection aborted.', ConnectionResetError(104, 'Connection reset by peer')))
  Trying OSCAR_L4_OC_NRT_V2.1 @ coastwatch.pfeg.noaa.gov 2026-08-05 ...
  OSCAR_L4_OC_NRT_V2.1 @ coastwatch.pfeg.noaa.gov 2026-08-05: HTTPSConnectionPool(host='coastwatch.pfeg.noaa.gov', port=443): Max retries exceeded with url: /erddap/griddap/OSCAR_L4_OC_NRT_V2.1.nc?u%5B(2026-08-05T00:00:00Z)%5D%5B(0.0)%5D%5B(29.8):1:(35.2)%5D%5B(-82.0):1:(-75.2)%5D,v%5B(2026-08-05T00:00:00Z)%5D%5B(0.0)%5D%5B(29.8):1:(35.2)%5D%5B(-82.0):1:(-75.2)%5D (Caused by NewConnectionError("HTTPSConnection(host='coastwatch.pfeg.noaa.gov', port=443): Failed to establish a new connection: [Errno 101] Network is unreachable"))
  Trying OSCAR_L4_OC_NRT_V2.1 @ upwell.pfeg.noaa.gov 2026-08-05 ...
  OSCAR_L4_OC_NRT_V2.1 @ upwell.pfeg.noaa.gov 2026-08-05: HTTPSConnectionPool(host='upwell.pfeg.noaa.gov', port=443): Max retries exceeded with url: /erddap/griddap/OSCAR_L4_OC_NRT_V2.1.nc?u%5B(2026-08-05T00:00:00Z)%5D%5B(0.0)%5D%5B(29.8):1:(35.2)%5D%5B(-82.0):1:(-75.2)%5D,v%5B(2026-08-05T00:00:00Z)%5D%5B(0.0)%5D%5B(29.8):1:(35.2)%5D%5B(-82.0):1:(-75.2)%5D (Caused by ProtocolError('Connection aborted.', ConnectionResetError(104, 'Connection reset by peer')))
  Trying OSCAR_L4_OC_NRT_V2.1 @ coastwatch.pfeg.noaa.gov 2026-08-04 ...
  OSCAR_L4_OC_NRT_V2.1 @ coastwatch.pfeg.noaa.gov 2026-08-04: HTTPSConnectionPool(host='coastwatch.pfeg.noaa.gov', port=443): Max retries exceeded with url: /erddap/griddap/OSCAR_L4_OC_NRT_V2.1.nc?u%5B(2026-08-04T00:00:00Z)%5D%5B(0.0)%5D%5B(29.8):1:(35.2)%5D%5B(-82.0):1:(-75.2)%5D,v%5B(2026-08-04T00:00:00Z)%5D%5B(0.0)%5D%5B(29.8):1:(35.2)%5D%5B(-82.0):1:(-75.2)%5D (Caused by NewConnectionError("HTTPSConnection(host='coastwatch.pfeg.noaa.gov', port=443): Failed to establish a new connection: [Errno 101] Network is unreachable"))
  Trying OSCAR_L4_OC_NRT_V2.1 @ upwell.pfeg.noaa.gov 2026-08-04 ...
  OSCAR_L4_OC_NRT_V2.1 @ upwell.pfeg.noaa.gov 2026-08-04: HTTPSConnectionPool(host='upwell.pfeg.noaa.gov', port=443): Max retries exceeded with url: /erddap/griddap/OSCAR_L4_OC_NRT_V2.1.nc?u%5B(2026-08-04T00:00:00Z)%5D%5B(0.0)%5D%5B(29.8):1:(35.2)%5D%5B(-82.0):1:(-75.2)%5D,v%5B(2026-08-04T00:00:00Z)%5D%5B(0.0)%5D%5B(29.8):1:(35.2)%5D%5B(-82.0):1:(-75.2)%5D (Caused by ConnectTimeoutError(<HTTPSConnection(host='upwell.pfeg.noaa.gov', port=443) at 0x7f0bf1f44f10>, 'Connection to upwell.pfeg.noaa.gov timed out. (connect timeout=180)'))
  Trying OSCAR_L4_OC_NRT_V2.1 @ coastwatch.pfeg.noaa.gov 2026-08-03 ...
  OSCAR_L4_OC_NRT_V2.1 @ coastwatch.pfeg.noaa.gov 2026-08-03: HTTPSConnectionPool(host='coastwatch.pfeg.noaa.gov', port=443): Max retries exceeded with url: /erddap/griddap/OSCAR_L4_OC_NRT_V2.1.nc?u%5B(2026-08-03T00:00:00Z)%5D%5B(0.0)%5D%5B(29.8):1:(35.2)%5D%5B(-82.0):1:(-75.2)%5D,v%5B(2026-08-03T00:00:00Z)%5D%5B(0.0)%5D%5B(29.8):1:(35.2)%5D%5B(-82.0):1:(-75.2)%5D (Caused by ProtocolError('Connection aborted.', ConnectionResetError(104, 'Connection reset by peer')))
  Trying OSCAR_L4_OC_NRT_V2.1 @ upwell.pfeg.noaa.gov 2026-08-03 ...
  OSCAR_L4_OC_NRT_V2.1 @ upwell.pfeg.noaa.gov 2026-08-03: HTTPSConnectionPool(host='upwell.pfeg.noaa.gov', port=443): Max retries exceeded with url: /erddap/griddap/OSCAR_L4_OC_NRT_V2.1.nc?u%5B(2026-08-03T00:00:00Z)%5D%5B(0.0)%5D%5B(29.8):1:(35.2)%5D%5B(-82.0):1:(-75.2)%5D,v%5B(2026-08-03T00:00:00Z)%5D%5B(0.0)%5D%5B(29.8):1:(35.2)%5D%5B(-82.0):1:(-75.2)%5D (Caused by ProtocolError('Connection aborted.', ConnectionResetError(104, 'Connection reset by peer')))
  Trying OSCAR_L4_OC_NRT_V2.0 @ coastwatch.pfeg.noaa.gov 2026-08-08 ...
  OSCAR_L4_OC_NRT_V2.0 @ coastwatch.pfeg.noaa.gov 2026-08-08: HTTPSConnectionPool(host='coastwatch.pfeg.noaa.gov', port=443): Max retries exceeded with url: /erddap/griddap/OSCAR_L4_OC_NRT_V2.0.nc?u%5B(2026-08-08T00:00:00Z)%5D%5B(0.0)%5D%5B(29.8):1:(35.2)%5D%5B(-82.0):1:(-75.2)%5D,v%5B(2026-08-08T00:00:00Z)%5D%5B(0.0)%5D%5B(29.8):1:(35.2)%5D%5B(-82.0):1:(-75.2)%5D (Caused by NewConnectionError("HTTPSConnection(host='coastwatch.pfeg.noaa.gov', port=443): Failed to establish a new connection: [Errno 101] Network is unreachable"))
  Trying OSCAR_L4_OC_NRT_V2.0 @ upwell.pfeg.noaa.gov 2026-08-08 ...
  OSCAR_L4_OC_NRT_V2.0 @ upwell.pfeg.noaa.gov 2026-08-08: HTTPSConnectionPool(host='upwell.pfeg.noaa.gov', port=443): Max retries exceeded with url: /erddap/griddap/OSCAR_L4_OC_NRT_V2.0.nc?u%5B(2026-08-08T00:00:00Z)%5D%5B(0.0)%5D%5B(29.8):1:(35.2)%5D%5B(-82.0):1:(-75.2)%5D,v%5B(2026-08-08T00:00:00Z)%5D%5B(0.0)%5D%5B(29.8):1:(35.2)%5D%5B(-82.0):1:(-75.2)%5D (Caused by ConnectTimeoutError(<HTTPSConnection(host='upwell.pfeg.noaa.gov', port=443) at 0x7f0bf2bba610>, 'Connection to upwell.pfeg.noaa.gov timed out. (connect timeout=180)'))
  Trying OSCAR_L4_OC_NRT_V2.0 @ coastwatch.pfeg.noaa.gov 2026-08-07 ...
  OSCAR_L4_OC_NRT_V2.0 @ coastwatch.pfeg.noaa.gov 2026-08-07: HTTPSConnectionPool(host='coastwatch.pfeg.noaa.gov', port=443): Max retries exceeded with url: /erddap/griddap/OSCAR_L4_OC_NRT_V2.0.nc?u%5B(2026-08-07T00:00:00Z)%5D%5B(0.0)%5D%5B(29.8):1:(35.2)%5D%5B(-82.0):1:(-75.2)%5D,v%5B(2026-08-07T00:00:00Z)%5D%5B(0.0)%5D%5B(29.8):1:(35.2)%5D%5B(-82.0):1:(-75.2)%5D (Caused by ProtocolError('Connection aborted.', ConnectionResetError(104, 'Connection reset by peer')))
  Trying OSCAR_L4_OC_NRT_V2.0 @ upwell.pfeg.noaa.gov 2026-08-07 ...
  OSCAR_L4_OC_NRT_V2.0 @ upwell.pfeg.noaa.gov 2026-08-07: HTTPSConnectionPool(host='upwell.pfeg.noaa.gov', port=443): Max retries exceeded with url: /erddap/griddap/OSCAR_L4_OC_NRT_V2.0.nc?u%5B(2026-08-07T00:00:00Z)%5D%5B(0.0)%5D%5B(29.8):1:(35.2)%5D%5B(-82.0):1:(-75.2)%5D,v%5B(2026-08-07T00:00:00Z)%5D%5B(0.0)%5D%5B(29.8):1:(35.2)%5D%5B(-82.0):1:(-75.2)%5D (Caused by ConnectTimeoutError(<HTTPSConnection(host='upwell.pfeg.noaa.gov', port=443) at 0x7f0bf1f46b90>, 'Connection to upwell.pfeg.noaa.gov timed out. (connect timeout=180)'))
  Trying OSCAR_L4_OC_NRT_V2.0 @ coastwatch.pfeg.noaa.gov 2026-08-06 ...
  OSCAR_L4_OC_NRT_V2.0 @ coastwatch.pfeg.noaa.gov 2026-08-06: HTTPSConnectionPool(host='coastwatch.pfeg.noaa.gov', port=443): Max retries exceeded with url: /erddap/griddap/OSCAR_L4_OC_NRT_V2.0.nc?u%5B(2026-08-06T00:00:00Z)%5D%5B(0.0)%5D%5B(29.8):1:(35.2)%5D%5B(-82.0):1:(-75.2)%5D,v%5B(2026-08-06T00:00:00Z)%5D%5B(0.0)%5D%5B(29.8):1:(35.2)%5D%5B(-82.0):1:(-75.2)%5D (Caused by ProtocolError('Connection aborted.', ConnectionResetError(104, 'Connection reset by peer')))
  Trying OSCAR_L4_OC_NRT_V2.0 @ upwell.pfeg.noaa.gov 2026-08-06 ...
  OSCAR_L4_OC_NRT_V2.0 @ upwell.pfeg.noaa.gov 2026-08-06: 404 Client Error:  for url: https://upwell.pfeg.noaa.gov/erddap/griddap/OSCAR_L4_OC_NRT_V2.0.nc?u%5B(2026-08-06T00:00:00Z)%5D%5B(0.0)%5D%5B(29.8):1:(35.2)%5D%5B(-82.0):1:(-75.2)%5D,v%5B(2026-08-06T00:00:00Z)%5D%5B(0.0)%5D%5B(29.8):1:(35.2)%5D%5B(-82.0):1:(-75.2)%5D
  Trying OSCAR_L4_OC_NRT_V2.0 @ coastwatch.pfeg.noaa.gov 2026-08-05 ...
  OSCAR_L4_OC_NRT_V2.0 @ coastwatch.pfeg.noaa.gov 2026-08-05: 404 Client Error:  for url: https://coastwatch.pfeg.noaa.gov/erddap/griddap/OSCAR_L4_OC_NRT_V2.0.nc?u%5B(2026-08-05T00:00:00Z)%5D%5B(0.0)%5D%5B(29.8):1:(35.2)%5D%5B(-82.0):1:(-75.2)%5D,v%5B(2026-08-05T00:00:00Z)%5D%5B(0.0)%5D%5B(29.8):1:(35.2)%5D%5B(-82.0):1:(-75.2)%5D
  Trying OSCAR_L4_OC_NRT_V2.0 @ upwell.pfeg.noaa.gov 2026-08-05 ...
  OSCAR_L4_OC_NRT_V2.0 @ upwell.pfeg.noaa.gov 2026-08-05: 404 Client Error:  for url: https://upwell.pfeg.noaa.gov/erddap/griddap/OSCAR_L4_OC_NRT_V2.0.nc?u%5B(2026-08-05T00:00:00Z)%5D%5B(0.0)%5D%5B(29.8):1:(35.2)%5D%5B(-82.0):1:(-75.2)%5D,v%5B(2026-08-05T00:00:00Z)%5D%5B(0.0)%5D%5B(29.8):1:(35.2)%5D%5B(-82.0):1:(-75.2)%5D
  Trying OSCAR_L4_OC_NRT_V2.0 @ coastwatch.pfeg.noaa.gov 2026-08-04 ...
  OSCAR_L4_OC_NRT_V2.0 @ coastwatch.pfeg.noaa.gov 2026-08-04: 404 Client Error:  for url: https://coastwatch.pfeg.noaa.gov/erddap/griddap/OSCAR_L4_OC_NRT_V2.0.nc?u%5B(2026-08-04T00:00:00Z)%5D%5B(0.0)%5D%5B(29.8):1:(35.2)%5D%5B(-82.0):1:(-75.2)%5D,v%5B(2026-08-04T00:00:00Z)%5D%5B(0.0)%5D%5B(29.8):1:(35.2)%5D%5B(-82.0):1:(-75.2)%5D
  Trying OSCAR_L4_OC_NRT_V2.0 @ upwell.pfeg.noaa.gov 2026-08-04 ...
  OSCAR_L4_OC_NRT_V2.0 @ upwell.pfeg.noaa.gov 2026-08-04: 404 Client Error:  for url: https://upwell.pfeg.noaa.gov/erddap/griddap/OSCAR_L4_OC_NRT_V2.0.nc?u%5B(2026-08-04T00:00:00Z)%5D%5B(0.0)%5D%5B(29.8):1:(35.2)%5D%5B(-82.0):1:(-75.2)%5D,v%5B(2026-08-04T00:00:00Z)%5D%5B(0.0)%5D%5B(29.8):1:(35.2)%5D%5B(-82.0):1:(-75.2)%5D
  Trying OSCAR_L4_OC_NRT_V2.0 @ coastwatch.pfeg.noaa.gov 2026-08-03 ...
  OSCAR_L4_OC_NRT_V2.0 @ coastwatch.pfeg.noaa.gov 2026-08-03: 404 Client Error:  for url: https://coastwatch.pfeg.noaa.gov/erddap/griddap/OSCAR_L4_OC_NRT_V2.0.nc?u%5B(2026-08-03T00:00:00Z)%5D%5B(0.0)%5D%5B(29.8):1:(35.2)%5D%5B(-82.0):1:(-75.2)%5D,v%5B(2026-08-03T00:00:00Z)%5D%5B(0.0)%5D%5B(29.8):1:(35.2)%5D%5B(-82.0):1:(-75.2)%5D
  Trying OSCAR_L4_OC_NRT_V2.0 @ upwell.pfeg.noaa.gov 2026-08-03 ...
  OSCAR_L4_OC_NRT_V2.0 @ upwell.pfeg.noaa.gov 2026-08-03: 404 Client Error:  for url: https://upwell.pfeg.noaa.gov/erddap/griddap/OSCAR_L4_OC_NRT_V2.0.nc?u%5B(2026-08-03T00:00:00Z)%5D%5B(0.0)%5D%5B(29.8):1:(35.2)%5D%5B(-82.0):1:(-75.2)%5D,v%5B(2026-08-03T00:00:00Z)%5D%5B(0.0)%5D%5B(29.8):1:(35.2)%5D%5B(-82.0):1:(-75.2)%5D
  Trying jplOscarV2NRT5day @ coastwatch.pfeg.noaa.gov 2026-08-08 ...
  jplOscarV2NRT5day @ coastwatch.pfeg.noaa.gov 2026-08-08: 404 Client Error:  for url: https://coastwatch.pfeg.noaa.gov/erddap/griddap/jplOscarV2NRT5day.nc?u%5B(2026-08-08T00:00:00Z)%5D%5B(0.0)%5D%5B(29.8):1:(35.2)%5D%5B(-82.0):1:(-75.2)%5D,v%5B(2026-08-08T00:00:00Z)%5D%5B(0.0)%5D%5B(29.8):1:(35.2)%5D%5B(-82.0):1:(-75.2)%5D
  Trying jplOscarV2NRT5day @ upwell.pfeg.noaa.gov 2026-08-08 ...
  jplOscarV2NRT5day @ upwell.pfeg.noaa.gov 2026-08-08: 404 Client Error:  for url: https://upwell.pfeg.noaa.gov/erddap/griddap/jplOscarV2NRT5day.nc?u%5B(2026-08-08T00:00:00Z)%5D%5B(0.0)%5D%5B(29.8):1:(35.2)%5D%5B(-82.0):1:(-75.2)%5D,v%5B(2026-08-08T00:00:00Z)%5D%5B(0.0)%5D%5B(29.8):1:(35.2)%5D%5B(-82.0):1:(-75.2)%5D
  Trying jplOscarV2NRT5day @ coastwatch.pfeg.noaa.gov 2026-08-07 ...
  jplOscarV2NRT5day @ coastwatch.pfeg.noaa.gov 2026-08-07: 404 Client Error:  for url: https://coastwatch.pfeg.noaa.gov/erddap/griddap/jplOscarV2NRT5day.nc?u%5B(2026-08-07T00:00:00Z)%5D%5B(0.0)%5D%5B(29.8):1:(35.2)%5D%5B(-82.0):1:(-75.2)%5D,v%5B(2026-08-07T00:00:00Z)%5D%5B(0.0)%5D%5B(29.8):1:(35.2)%5D%5B(-82.0):1:(-75.2)%5D
  Trying jplOscarV2NRT5day @ upwell.pfeg.noaa.gov 2026-08-07 ...
  jplOscarV2NRT5day @ upwell.pfeg.noaa.gov 2026-08-07: 404 Client Error:  for url: https://upwell.pfeg.noaa.gov/erddap/griddap/jplOscarV2NRT5day.nc?u%5B(2026-08-07T00:00:00Z)%5D%5B(0.0)%5D%5B(29.8):1:(35.2)%5D%5B(-82.0):1:(-75.2)%5D,v%5B(2026-08-07T00:00:00Z)%5D%5B(0.0)%5D%5B(29.8):1:(35.2)%5D%5B(-82.0):1:(-75.2)%5D
  Trying jplOscarV2NRT5day @ coastwatch.pfeg.noaa.gov 2026-08-06 ...
  jplOscarV2NRT5day @ coastwatch.pfeg.noaa.gov 2026-08-06: 404 Client Error:  for url: https://coastwatch.pfeg.noaa.gov/erddap/griddap/jplOscarV2NRT5day.nc?u%5B(2026-08-06T00:00:00Z)%5D%5B(0.0)%5D%5B(29.8):1:(35.2)%5D%5B(-82.0):1:(-75.2)%5D,v%5B(2026-08-06T00:00:00Z)%5D%5B(0.0)%5D%5B(29.8):1:(35.2)%5D%5B(-82.0):1:(-75.2)%5D
  Trying jplOscarV2NRT5day @ upwell.pfeg.noaa.gov 2026-08-06 ...
  jplOscarV2NRT5day @ upwell.pfeg.noaa.gov 2026-08-06: 404 Client Error:  for url: https://upwell.pfeg.noaa.gov/erddap/griddap/jplOscarV2NRT5day.nc?u%5B(2026-08-06T00:00:00Z)%5D%5B(0.0)%5D%5B(29.8):1:(35.2)%5D%5B(-82.0):1:(-75.2)%5D,v%5B(2026-08-06T00:00:00Z)%5D%5B(0.0)%5D%5B(29.8):1:(35.2)%5D%5B(-82.0):1:(-75.2)%5D
  Trying jplOscarV2NRT5day @ coastwatch.pfeg.noaa.gov 2026-08-05 ...
  jplOscarV2NRT5day @ coastwatch.pfeg.noaa.gov 2026-08-05: 404 Client Error:  for url: https://coastwatch.pfeg.noaa.gov/erddap/griddap/jplOscarV2NRT5day.nc?u%5B(2026-08-05T00:00:00Z)%5D%5B(0.0)%5D%5B(29.8):1:(35.2)%5D%5B(-82.0):1:(-75.2)%5D,v%5B(2026-08-05T00:00:00Z)%5D%5B(0.0)%5D%5B(29.8):1:(35.2)%5D%5B(-82.0):1:(-75.2)%5D
  Trying jplOscarV2NRT5day @ upwell.pfeg.noaa.gov 2026-08-05 ...
  jplOscarV2NRT5day @ upwell.pfeg.noaa.gov 2026-08-05: 404 Client Error:  for url: https://upwell.pfeg.noaa.gov/erddap/griddap/jplOscarV2NRT5day.nc?u%5B(2026-08-05T00:00:00Z)%5D%5B(0.0)%5D%5B(29.8):1:(35.2)%5D%5B(-82.0):1:(-75.2)%5D,v%5B(2026-08-05T00:00:00Z)%5D%5B(0.0)%5D%5B(29.8):1:(35.2)%5D%5B(-82.0):1:(-75.2)%5D
  Trying jplOscarV2NRT5day @ coastwatch.pfeg.noaa.gov 2026-08-04 ...
  jplOscarV2NRT5day @ coastwatch.pfeg.noaa.gov 2026-08-04: 404 Client Error:  for url: https://coastwatch.pfeg.noaa.gov/erddap/griddap/jplOscarV2NRT5day.nc?u%5B(2026-08-04T00:00:00Z)%5D%5B(0.0)%5D%5B(29.8):1:(35.2)%5D%5B(-82.0):1:(-75.2)%5D,v%5B(2026-08-04T00:00:00Z)%5D%5B(0.0)%5D%5B(29.8):1:(35.2)%5D%5B(-82.0):1:(-75.2)%5D
  Trying jplOscarV2NRT5day @ upwell.pfeg.noaa.gov 2026-08-04 ...
  jplOscarV2NRT5day @ upwell.pfeg.noaa.gov 2026-08-04: 404 Client Error:  for url: https://upwell.pfeg.noaa.gov/erddap/griddap/jplOscarV2NRT5day.nc?u%5B(2026-08-04T00:00:00Z)%5D%5B(0.0)%5D%5B(29.8):1:(35.2)%5D%5B(-82.0):1:(-75.2)%5D,v%5B(2026-08-04T00:00:00Z)%5D%5B(0.0)%5D%5B(29.8):1:(35.2)%5D%5B(-82.0):1:(-75.2)%5D
  Trying jplOscarV2NRT5day @ coastwatch.pfeg.noaa.gov 2026-08-03 ...
  jplOscarV2NRT5day @ coastwatch.pfeg.noaa.gov 2026-08-03: 404 Client Error:  for url: https://coastwatch.pfeg.noaa.gov/erddap/griddap/jplOscarV2NRT5day.nc?u%5B(2026-08-03T00:00:00Z)%5D%5B(0.0)%5D%5B(29.8):1:(35.2)%5D%5B(-82.0):1:(-75.2)%5D,v%5B(2026-08-03T00:00:00Z)%5D%5B(0.0)%5D%5B(29.8):1:(35.2)%5D%5B(-82.0):1:(-75.2)%5D
  Trying jplOscarV2NRT5day @ upwell.pfeg.noaa.gov 2026-08-03 ...
  jplOscarV2NRT5day @ upwell.pfeg.noaa.gov 2026-08-03: 404 Client Error:  for url: https://upwell.pfeg.noaa.gov/erddap/griddap/jplOscarV2NRT5day.nc?u%5B(2026-08-03T00:00:00Z)%5D%5B(0.0)%5D%5B(29.8):1:(35.2)%5D%5B(-82.0):1:(-75.2)%5D,v%5B(2026-08-03T00:00:00Z)%5D%5B(0.0)%5D%5B(29.8):1:(35.2)%5D%5B(-82.0):1:(-75.2)%5D
  Trying jplOscar1day @ coastwatch.pfeg.noaa.gov 2026-08-08 ...
  jplOscar1day @ coastwatch.pfeg.noaa.gov 2026-08-08: 404 Client Error:  for url: https://coastwatch.pfeg.noaa.gov/erddap/griddap/jplOscar1day.nc?u%5B(2026-08-08T00:00:00Z)%5D%5B(0.0)%5D%5B(29.8):1:(35.2)%5D%5B(-82.0):1:(-75.2)%5D,v%5B(2026-08-08T00:00:00Z)%5D%5B(0.0)%5D%5B(29.8):1:(35.2)%5D%5B(-82.0):1:(-75.2)%5D
  Trying jplOscar1day @ upwell.pfeg.noaa.gov 2026-08-08 ...
  jplOscar1day @ upwell.pfeg.noaa.gov 2026-08-08: 404 Client Error:  for url: https://upwell.pfeg.noaa.gov/erddap/griddap/jplOscar1day.nc?u%5B(2026-08-08T00:00:00Z)%5D%5B(0.0)%5D%5B(29.8):1:(35.2)%5D%5B(-82.0):1:(-75.2)%5D,v%5B(2026-08-08T00:00:00Z)%5D%5B(0.0)%5D%5B(29.8):1:(35.2)%5D%5B(-82.0):1:(-75.2)%5D
  Trying jplOscar1day @ coastwatch.pfeg.noaa.gov 2026-08-07 ...
  jplOscar1day @ coastwatch.pfeg.noaa.gov 2026-08-07: 404 Client Error:  for url: https://coastwatch.pfeg.noaa.gov/erddap/griddap/jplOscar1day.nc?u%5B(2026-08-07T00:00:00Z)%5D%5B(0.0)%5D%5B(29.8):1:(35.2)%5D%5B(-82.0):1:(-75.2)%5D,v%5B(2026-08-07T00:00:00Z)%5D%5B(0.0)%5D%5B(29.8):1:(35.2)%5D%5B(-82.0):1:(-75.2)%5D
  Trying jplOscar1day @ upwell.pfeg.noaa.gov 2026-08-07 ...
  jplOscar1day @ upwell.pfeg.noaa.gov 2026-08-07: 404 Client Error:  for url: https://upwell.pfeg.noaa.gov/erddap/griddap/jplOscar1day.nc?u%5B(2026-08-07T00:00:00Z)%5D%5B(0.0)%5D%5B(29.8):1:(35.2)%5D%5B(-82.0):1:(-75.2)%5D,v%5B(2026-08-07T00:00:00Z)%5D%5B(0.0)%5D%5B(29.8):1:(35.2)%5D%5B(-82.0):1:(-75.2)%5D
  Trying jplOscar1day @ coastwatch.pfeg.noaa.gov 2026-08-06 ...
  jplOscar1day @ coastwatch.pfeg.noaa.gov 2026-08-06: 404 Client Error:  for url: https://coastwatch.pfeg.noaa.gov/erddap/griddap/jplOscar1day.nc?u%5B(2026-08-06T00:00:00Z)%5D%5B(0.0)%5D%5B(29.8):1:(35.2)%5D%5B(-82.0):1:(-75.2)%5D,v%5B(2026-08-06T00:00:00Z)%5D%5B(0.0)%5D%5B(29.8):1:(35.2)%5D%5B(-82.0):1:(-75.2)%5D
  Trying jplOscar1day @ upwell.pfeg.noaa.gov 2026-08-06 ...
  jplOscar1day @ upwell.pfeg.noaa.gov 2026-08-06: 404 Client Error:  for url: https://upwell.pfeg.noaa.gov/erddap/griddap/jplOscar1day.nc?u%5B(2026-08-06T00:00:00Z)%5D%5B(0.0)%5D%5B(29.8):1:(35.2)%5D%5B(-82.0):1:(-75.2)%5D,v%5B(2026-08-06T00:00:00Z)%5D%5B(0.0)%5D%5B(29.8):1:(35.2)%5D%5B(-82.0):1:(-75.2)%5D
  Trying jplOscar1day @ coastwatch.pfeg.noaa.gov 2026-08-05 ...
  jplOscar1day @ coastwatch.pfeg.noaa.gov 2026-08-05: 404 Client Error:  for url: https://coastwatch.pfeg.noaa.gov/erddap/griddap/jplOscar1day.nc?u%5B(2026-08-05T00:00:00Z)%5D%5B(0.0)%5D%5B(29.8):1:(35.2)%5D%5B(-82.0):1:(-75.2)%5D,v%5B(2026-08-05T00:00:00Z)%5D%5B(0.0)%5D%5B(29.8):1:(35.2)%5D%5B(-82.0):1:(-75.2)%5D
  Trying jplOscar1day @ upwell.pfeg.noaa.gov 2026-08-05 ...
  jplOscar1day @ upwell.pfeg.noaa.gov 2026-08-05: 404 Client Error:  for url: https://upwell.pfeg.noaa.gov/erddap/griddap/jplOscar1day.nc?u%5B(2026-08-05T00:00:00Z)%5D%5B(0.0)%5D%5B(29.8):1:(35.2)%5D%5B(-82.0):1:(-75.2)%5D,v%5B(2026-08-05T00:00:00Z)%5D%5B(0.0)%5D%5B(29.8):1:(35.2)%5D%5B(-82.0):1:(-75.2)%5D
  Trying jplOscar1day @ coastwatch.pfeg.noaa.gov 2026-08-04 ...
  jplOscar1day @ coastwatch.pfeg.noaa.gov 2026-08-04: 404 Client Error:  for url: https://coastwatch.pfeg.noaa.gov/erddap/griddap/jplOscar1day.nc?u%5B(2026-08-04T00:00:00Z)%5D%5B(0.0)%5D%5B(29.8):1:(35.2)%5D%5B(-82.0):1:(-75.2)%5D,v%5B(2026-08-04T00:00:00Z)%5D%5B(0.0)%5D%5B(29.8):1:(35.2)%5D%5B(-82.0):1:(-75.2)%5D
  Trying jplOscar1day @ upwell.pfeg.noaa.gov 2026-08-04 ...
  jplOscar1day @ upwell.pfeg.noaa.gov 2026-08-04: 404 Client Error:  for url: https://upwell.pfeg.noaa.gov/erddap/griddap/jplOscar1day.nc?u%5B(2026-08-04T00:00:00Z)%5D%5B(0.0)%5D%5B(29.8):1:(35.2)%5D%5B(-82.0):1:(-75.2)%5D,v%5B(2026-08-04T00:00:00Z)%5D%5B(0.0)%5D%5B(29.8):1:(35.2)%5D%5B(-82.0):1:(-75.2)%5D
  Trying jplOscar1day @ coastwatch.pfeg.noaa.gov 2026-08-03 ...
  jplOscar1day @ coastwatch.pfeg.noaa.gov 2026-08-03: 404 Client Error:  for url: https://coastwatch.pfeg.noaa.gov/erddap/griddap/jplOscar1day.nc?u%5B(2026-08-03T00:00:00Z)%5D%5B(0.0)%5D%5B(29.8):1:(35.2)%5D%5B(-82.0):1:(-75.2)%5D,v%5B(2026-08-03T00:00:00Z)%5D%5B(0.0)%5D%5B(29.8):1:(35.2)%5D%5B(-82.0):1:(-75.2)%5D
  Trying jplOscar1day @ upwell.pfeg.noaa.gov 2026-08-03 ...
  jplOscar1day @ upwell.pfeg.noaa.gov 2026-08-03: 404 Client Error:  for url: https://upwell.pfeg.noaa.gov/erddap/griddap/jplOscar1day.nc?u%5B(2026-08-03T00:00:00Z)%5D%5B(0.0)%5D%5B(29.8):1:(35.2)%5D%5B(-82.0):1:(-75.2)%5D,v%5B(2026-08-03T00:00:00Z)%5D%5B(0.0)%5D%5B(29.8):1:(35.2)%5D%5B(-82.0):1:(-75.2)%5D
  Trying erdQCkm1day @ coastwatch.pfeg.noaa.gov 2026-08-08 ...
  erdQCkm1day @ coastwatch.pfeg.noaa.gov 2026-08-08: 404 Client Error:  for url: https://coastwatch.pfeg.noaa.gov/erddap/griddap/erdQCkm1day.nc?u%5B(2026-08-08T00:00:00Z)%5D%5B(0.0)%5D%5B(29.8):1:(35.2)%5D%5B(-82.0):1:(-75.2)%5D,v%5B(2026-08-08T00:00:00Z)%5D%5B(0.0)%5D%5B(29.8):1:(35.2)%5D%5B(-82.0):1:(-75.2)%5D
  Trying erdQCkm1day @ upwell.pfeg.noaa.gov 2026-08-08 ...
  erdQCkm1day @ upwell.pfeg.noaa.gov 2026-08-08: 404 Client Error:  for url: https://upwell.pfeg.noaa.gov/erddap/griddap/erdQCkm1day.nc?u%5B(2026-08-08T00:00:00Z)%5D%5B(0.0)%5D%5B(29.8):1:(35.2)%5D%5B(-82.0):1:(-75.2)%5D,v%5B(2026-08-08T00:00:00Z)%5D%5B(0.0)%5D%5B(29.8):1:(35.2)%5D%5B(-82.0):1:(-75.2)%5D
  Trying erdQCkm1day @ coastwatch.pfeg.noaa.gov 2026-08-07 ...
  erdQCkm1day @ coastwatch.pfeg.noaa.gov 2026-08-07: 404 Client Error:  for url: https://coastwatch.pfeg.noaa.gov/erddap/griddap/erdQCkm1day.nc?u%5B(2026-08-07T00:00:00Z)%5D%5B(0.0)%5D%5B(29.8):1:(35.2)%5D%5B(-82.0):1:(-75.2)%5D,v%5B(2026-08-07T00:00:00Z)%5D%5B(0.0)%5D%5B(29.8):1:(35.2)%5D%5B(-82.0):1:(-75.2)%5D
  Trying erdQCkm1day @ upwell.pfeg.noaa.gov 2026-08-07 ...
  erdQCkm1day @ upwell.pfeg.noaa.gov 2026-08-07: 404 Client Error:  for url: https://upwell.pfeg.noaa.gov/erddap/griddap/erdQCkm1day.nc?u%5B(2026-08-07T00:00:00Z)%5D%5B(0.0)%5D%5B(29.8):1:(35.2)%5D%5B(-82.0):1:(-75.2)%5D,v%5B(2026-08-07T00:00:00Z)%5D%5B(0.0)%5D%5B(29.8):1:(35.2)%5D%5B(-82.0):1:(-75.2)%5D
  Trying erdQCkm1day @ coastwatch.pfeg.noaa.gov 2026-08-06 ...
  erdQCkm1day @ coastwatch.pfeg.noaa.gov 2026-08-06: 404 Client Error:  for url: https://coastwatch.pfeg.noaa.gov/erddap/griddap/erdQCkm1day.nc?u%5B(2026-08-06T00:00:00Z)%5D%5B(0.0)%5D%5B(29.8):1:(35.2)%5D%5B(-82.0):1:(-75.2)%5D,v%5B(2026-08-06T00:00:00Z)%5D%5B(0.0)%5D%5B(29.8):1:(35.2)%5D%5B(-82.0):1:(-75.2)%5D
  Trying erdQCkm1day @ upwell.pfeg.noaa.gov 2026-08-06 ...
  erdQCkm1day @ upwell.pfeg.noaa.gov 2026-08-06: 404 Client Error:  for url: https://upwell.pfeg.noaa.gov/erddap/griddap/erdQCkm1day.nc?u%5B(2026-08-06T00:00:00Z)%5D%5B(0.0)%5D%5B(29.8):1:(35.2)%5D%5B(-82.0):1:(-75.2)%5D,v%5B(2026-08-06T00:00:00Z)%5D%5B(0.0)%5D%5B(29.8):1:(35.2)%5D%5B(-82.0):1:(-75.2)%5D
  Trying erdQCkm1day @ coastwatch.pfeg.noaa.gov 2026-08-05 ...
  erdQCkm1day @ coastwatch.pfeg.noaa.gov 2026-08-05: 404 Client Error:  for url: https://coastwatch.pfeg.noaa.gov/erddap/griddap/erdQCkm1day.nc?u%5B(2026-08-05T00:00:00Z)%5D%5B(0.0)%5D%5B(29.8):1:(35.2)%5D%5B(-82.0):1:(-75.2)%5D,v%5B(2026-08-05T00:00:00Z)%5D%5B(0.0)%5D%5B(29.8):1:(35.2)%5D%5B(-82.0):1:(-75.2)%5D
  Trying erdQCkm1day @ upwell.pfeg.noaa.gov 2026-08-05 ...
  erdQCkm1day @ upwell.pfeg.noaa.gov 2026-08-05: 404 Client Error:  for url: https://upwell.pfeg.noaa.gov/erddap/griddap/erdQCkm1day.nc?u%5B(2026-08-05T00:00:00Z)%5D%5B(0.0)%5D%5B(29.8):1:(35.2)%5D%5B(-82.0):1:(-75.2)%5D,v%5B(2026-08-05T00:00:00Z)%5D%5B(0.0)%5D%5B(29.8):1:(35.2)%5D%5B(-82.0):1:(-75.2)%5D
  Trying erdQCkm1day @ coastwatch.pfeg.noaa.gov 2026-08-04 ...
  erdQCkm1day @ coastwatch.pfeg.noaa.gov 2026-08-04: 404 Client Error:  for url: https://coastwatch.pfeg.noaa.gov/erddap/griddap/erdQCkm1day.nc?u%5B(2026-08-04T00:00:00Z)%5D%5B(0.0)%5D%5B(29.8):1:(35.2)%5D%5B(-82.0):1:(-75.2)%5D,v%5B(2026-08-04T00:00:00Z)%5D%5B(0.0)%5D%5B(29.8):1:(35.2)%5D%5B(-82.0):1:(-75.2)%5D
  Trying erdQCkm1day @ upwell.pfeg.noaa.gov 2026-08-04 ...
  erdQCkm1day @ upwell.pfeg.noaa.gov 2026-08-04: 404 Client Error:  for url: https://upwell.pfeg.noaa.gov/erddap/griddap/erdQCkm1day.nc?u%5B(2026-08-04T00:00:00Z)%5D%5B(0.0)%5D%5B(29.8):1:(35.2)%5D%5B(-82.0):1:(-75.2)%5D,v%5B(2026-08-04T00:00:00Z)%5D%5B(0.0)%5D%5B(29.8):1:(35.2)%5D%5B(-82.0):1:(-75.2)%5D
  Trying erdQCkm1day @ coastwatch.pfeg.noaa.gov 2026-08-03 ...
  erdQCkm1day @ coastwatch.pfeg.noaa.gov 2026-08-03: 404 Client Error:  for url: https://coastwatch.pfeg.noaa.gov/erddap/griddap/erdQCkm1day.nc?u%5B(2026-08-03T00:00:00Z)%5D%5B(0.0)%5D%5B(29.8):1:(35.2)%5D%5B(-82.0):1:(-75.2)%5D,v%5B(2026-08-03T00:00:00Z)%5D%5B(0.0)%5D%5B(29.8):1:(35.2)%5D%5B(-82.0):1:(-75.2)%5D
  Trying erdQCkm1day @ upwell.pfeg.noaa.gov 2026-08-03 ...
  erdQCkm1day @ upwell.pfeg.noaa.gov 2026-08-03: 404 Client Error:  for url: https://upwell.pfeg.noaa.gov/erddap/griddap/erdQCkm1day.nc?u%5B(2026-08-03T00:00:00Z)%5D%5B(0.0)%5D%5B(29.8):1:(35.2)%5D%5B(-82.0):1:(-75.2)%5D,v%5B(2026-08-03T00:00:00Z)%5D%5B(0.0)%5D%5B(29.8):1:(35.2)%5D%5B(-82.0):1:(-75.2)%5D
  OSCAR: all attempts failed

[CMEMS] Currents  (2026-08-08)  0.083 deg, daily
INFO - 2026-08-09T23:07:15Z - Selected dataset version: "202406"
INFO - 2026-08-09T23:07:15Z - Selected dataset part: "default"
WARNING - 2026-08-09T23:07:15Z - Some of your subset selection [0.0, 1.0] for the depth dimension exceed the dataset coordinates [0.49402499198913574, 5727.9169921875]
INFO - 2026-08-09T23:07:20Z - Total size of the download: 54.98 KB.
  CMEMS currents: 3,552 pts  0.001–2.140 m/s

[CMEMS] Altimetry  (2026-08-08)  0.125 deg, daily
INFO - 2026-08-09T23:07:23Z - Selected dataset version: "202506"
INFO - 2026-08-09T23:07:23Z - Selected dataset part: "default"
INFO - 2026-08-09T23:07:27Z - Total size of the download: 50.46 KB.
  Altimetry: 1,648 pts  SLA -0.234–0.510 m
  Geostrophic currents: 1,648 pts  0.010–1.834 m/s

============================================================
  Exporting ...
    Currents JSON → DailySST/Currents/ga_sc/currents_20260808.json  (362 KB)
    Currents CSV  → DailySST/Currents/ga_sc/currents_20260808.csv  (3,552 rows, 215 KB)
    Altimetry CSV  → DailySST/Altimetry/ga_sc/altimetry_20260808.csv  (1,648 rows, 95 KB)
    Altimetry grid → DailySST/Altimetry/ga_sc/altimetry_20260808_grid.json  (30 KB)

============================================================
  Currents  (CMEMS): 3,552 pts  speed 0.001–2.140 m/s  p98=1.773 m/s
  Altimetry (CMEMS_ALT): 1,648 pts  SSH -0.180–1.196 m
============================================================

  Files → /home/runner/work/SSTv2/SSTv2/DailySST/Currents/ga_sc
         → /home/runner/work/SSTv2/SSTv2/DailySST/Altimetry/ga_sc
