============================================================
  Ocean Dynamics Fetcher — Currents + Altimetry
  Date      : 2026-09-27
  BBOX      : {'lat_min': 26.0, 'lat_max': 30.5, 'lon_min': -81.97, 'lon_max': -76.14}
  Output    : /home/runner/work/SSTv2/SSTv2/DailySST
============================================================

[1/3] HYCOM currents + SSH  (target: 2026-09-27)  ~1/12 deg
  HYCOM catalog found dataset: FMRC_ESPC-D-V02_uv3z
  Trying https://tds.hycom.org/thredds/ncss/FMRC_ESPC-D-V02_uv3z/runs/FMRC_ESPC-D-V02_uv3...
  HYCOM 2026-09-27 12Z failed: 400 Client Error: 400 for url: https://tds.hycom.org/thredds/ncss/FMRC_ESPC-D-V02_uv3z/runs/FMRC_ESPC-D-V02_uv3z_RUN_2026-09-27T12:00:00Z?var=water_u&var=water_v&var=surf_el&north=30.5&south=26.0&west=-81.97&east=-76.14&horizStride=1&vertCoord=0&disableLLSubset=on&disableProjSubset=on&time_start=2026-09-27T12:00:00Z&time_end=2026-09-27T12:00:00Z&accept=netcdf
  Trying https://tds.hycom.org/thredds/ncss/FMRC_ESPC-D-V02_uv3z/FMRC_ESPC-D-V02_uv3z_bes...
  HYCOM 2026-09-27 12Z failed: 400 Client Error: 400 for url: https://tds.hycom.org/thredds/ncss/FMRC_ESPC-D-V02_uv3z/FMRC_ESPC-D-V02_uv3z_best.ncd?var=water_u&var=water_v&var=surf_el&north=30.5&south=26.0&west=-81.97&east=-76.14&horizStride=1&vertCoord=0&disableLLSubset=on&disableProjSubset=on&time_start=2026-09-27T12:00:00Z&time_end=2026-09-27T12:00:00Z&accept=netcdf
  Trying https://tds.hycom.org/thredds/ncss/FMRC_ESPC-D-V02_uv3z/runs/FMRC_ESPC-D-V02_uv3...
  HYCOM 2026-09-27 00Z failed: 404 Client Error: 404 for url: https://tds.hycom.org/thredds/ncss/FMRC_ESPC-D-V02_uv3z/runs/FMRC_ESPC-D-V02_uv3z_RUN_2026-09-27T00:00:00Z?var=water_u&var=water_v&var=surf_el&north=30.5&south=26.0&west=-81.97&east=-76.14&horizStride=1&vertCoord=0&disableLLSubset=on&disableProjSubset=on&time_start=2026-09-27T00:00:00Z&time_end=2026-09-27T00:00:00Z&accept=netcdf
  Trying https://tds.hycom.org/thredds/ncss/FMRC_ESPC-D-V02_uv3z/FMRC_ESPC-D-V02_uv3z_bes...
  HYCOM 2026-09-27 00Z failed: 400 Client Error: 400 for url: https://tds.hycom.org/thredds/ncss/FMRC_ESPC-D-V02_uv3z/FMRC_ESPC-D-V02_uv3z_best.ncd?var=water_u&var=water_v&var=surf_el&north=30.5&south=26.0&west=-81.97&east=-76.14&horizStride=1&vertCoord=0&disableLLSubset=on&disableProjSubset=on&time_start=2026-09-27T00:00:00Z&time_end=2026-09-27T00:00:00Z&accept=netcdf
  Trying https://tds.hycom.org/thredds/ncss/FMRC_ESPC-D-V02_uv3z/runs/FMRC_ESPC-D-V02_uv3...
  HYCOM 2026-09-26 12Z failed: 400 Client Error: 400 for url: https://tds.hycom.org/thredds/ncss/FMRC_ESPC-D-V02_uv3z/runs/FMRC_ESPC-D-V02_uv3z_RUN_2026-09-26T12:00:00Z?var=water_u&var=water_v&var=surf_el&north=30.5&south=26.0&west=-81.97&east=-76.14&horizStride=1&vertCoord=0&disableLLSubset=on&disableProjSubset=on&time_start=2026-09-26T12:00:00Z&time_end=2026-09-26T12:00:00Z&accept=netcdf
  Trying https://tds.hycom.org/thredds/ncss/FMRC_ESPC-D-V02_uv3z/FMRC_ESPC-D-V02_uv3z_bes...
  HYCOM 2026-09-26 12Z failed: 400 Client Error: 400 for url: https://tds.hycom.org/thredds/ncss/FMRC_ESPC-D-V02_uv3z/FMRC_ESPC-D-V02_uv3z_best.ncd?var=water_u&var=water_v&var=surf_el&north=30.5&south=26.0&west=-81.97&east=-76.14&horizStride=1&vertCoord=0&disableLLSubset=on&disableProjSubset=on&time_start=2026-09-26T12:00:00Z&time_end=2026-09-26T12:00:00Z&accept=netcdf
  Trying https://tds.hycom.org/thredds/ncss/FMRC_ESPC-D-V02_uv3z/runs/FMRC_ESPC-D-V02_uv3...
  HYCOM 2026-09-26 00Z failed: 404 Client Error: 404 for url: https://tds.hycom.org/thredds/ncss/FMRC_ESPC-D-V02_uv3z/runs/FMRC_ESPC-D-V02_uv3z_RUN_2026-09-26T00:00:00Z?var=water_u&var=water_v&var=surf_el&north=30.5&south=26.0&west=-81.97&east=-76.14&horizStride=1&vertCoord=0&disableLLSubset=on&disableProjSubset=on&time_start=2026-09-26T00:00:00Z&time_end=2026-09-26T00:00:00Z&accept=netcdf
  Trying https://tds.hycom.org/thredds/ncss/FMRC_ESPC-D-V02_uv3z/FMRC_ESPC-D-V02_uv3z_bes...
  HYCOM 2026-09-26 00Z failed: 400 Client Error: 400 for url: https://tds.hycom.org/thredds/ncss/FMRC_ESPC-D-V02_uv3z/FMRC_ESPC-D-V02_uv3z_best.ncd?var=water_u&var=water_v&var=surf_el&north=30.5&south=26.0&west=-81.97&east=-76.14&horizStride=1&vertCoord=0&disableLLSubset=on&disableProjSubset=on&time_start=2026-09-26T00:00:00Z&time_end=2026-09-26T00:00:00Z&accept=netcdf
  Trying https://tds.hycom.org/thredds/ncss/FMRC_ESPC-D-V02_uv3z/runs/FMRC_ESPC-D-V02_uv3...
  HYCOM 2026-09-25 12Z failed: 400 Client Error: 400 for url: https://tds.hycom.org/thredds/ncss/FMRC_ESPC-D-V02_uv3z/runs/FMRC_ESPC-D-V02_uv3z_RUN_2026-09-25T12:00:00Z?var=water_u&var=water_v&var=surf_el&north=30.5&south=26.0&west=-81.97&east=-76.14&horizStride=1&vertCoord=0&disableLLSubset=on&disableProjSubset=on&time_start=2026-09-25T12:00:00Z&time_end=2026-09-25T12:00:00Z&accept=netcdf
  Trying https://tds.hycom.org/thredds/ncss/FMRC_ESPC-D-V02_uv3z/FMRC_ESPC-D-V02_uv3z_bes...
  HYCOM 2026-09-25 12Z failed: 400 Client Error: 400 for url: https://tds.hycom.org/thredds/ncss/FMRC_ESPC-D-V02_uv3z/FMRC_ESPC-D-V02_uv3z_best.ncd?var=water_u&var=water_v&var=surf_el&north=30.5&south=26.0&west=-81.97&east=-76.14&horizStride=1&vertCoord=0&disableLLSubset=on&disableProjSubset=on&time_start=2026-09-25T12:00:00Z&time_end=2026-09-25T12:00:00Z&accept=netcdf
  Trying https://tds.hycom.org/thredds/ncss/FMRC_ESPC-D-V02_uv3z/runs/FMRC_ESPC-D-V02_uv3...
  HYCOM 2026-09-25 00Z failed: 404 Client Error: 404 for url: https://tds.hycom.org/thredds/ncss/FMRC_ESPC-D-V02_uv3z/runs/FMRC_ESPC-D-V02_uv3z_RUN_2026-09-25T00:00:00Z?var=water_u&var=water_v&var=surf_el&north=30.5&south=26.0&west=-81.97&east=-76.14&horizStride=1&vertCoord=0&disableLLSubset=on&disableProjSubset=on&time_start=2026-09-25T00:00:00Z&time_end=2026-09-25T00:00:00Z&accept=netcdf
  Trying https://tds.hycom.org/thredds/ncss/FMRC_ESPC-D-V02_uv3z/FMRC_ESPC-D-V02_uv3z_bes...
  HYCOM 2026-09-25 00Z failed: 400 Client Error: 400 for url: https://tds.hycom.org/thredds/ncss/FMRC_ESPC-D-V02_uv3z/FMRC_ESPC-D-V02_uv3z_best.ncd?var=water_u&var=water_v&var=surf_el&north=30.5&south=26.0&west=-81.97&east=-76.14&horizStride=1&vertCoord=0&disableLLSubset=on&disableProjSubset=on&time_start=2026-09-25T00:00:00Z&time_end=2026-09-25T00:00:00Z&accept=netcdf
  Trying https://tds.hycom.org/thredds/ncss/FMRC_ESPC-D-V02_uv3z/runs/FMRC_ESPC-D-V02_uv3...
  HYCOM 2026-09-24 12Z failed: 400 Client Error: 400 for url: https://tds.hycom.org/thredds/ncss/FMRC_ESPC-D-V02_uv3z/runs/FMRC_ESPC-D-V02_uv3z_RUN_2026-09-24T12:00:00Z?var=water_u&var=water_v&var=surf_el&north=30.5&south=26.0&west=-81.97&east=-76.14&horizStride=1&vertCoord=0&disableLLSubset=on&disableProjSubset=on&time_start=2026-09-24T12:00:00Z&time_end=2026-09-24T12:00:00Z&accept=netcdf
  Trying https://tds.hycom.org/thredds/ncss/FMRC_ESPC-D-V02_uv3z/FMRC_ESPC-D-V02_uv3z_bes...
  HYCOM 2026-09-24 12Z failed: 400 Client Error: 400 for url: https://tds.hycom.org/thredds/ncss/FMRC_ESPC-D-V02_uv3z/FMRC_ESPC-D-V02_uv3z_best.ncd?var=water_u&var=water_v&var=surf_el&north=30.5&south=26.0&west=-81.97&east=-76.14&horizStride=1&vertCoord=0&disableLLSubset=on&disableProjSubset=on&time_start=2026-09-24T12:00:00Z&time_end=2026-09-24T12:00:00Z&accept=netcdf
  Trying https://tds.hycom.org/thredds/ncss/FMRC_ESPC-D-V02_uv3z/runs/FMRC_ESPC-D-V02_uv3...
  HYCOM 2026-09-24 00Z failed: 404 Client Error: 404 for url: https://tds.hycom.org/thredds/ncss/FMRC_ESPC-D-V02_uv3z/runs/FMRC_ESPC-D-V02_uv3z_RUN_2026-09-24T00:00:00Z?var=water_u&var=water_v&var=surf_el&north=30.5&south=26.0&west=-81.97&east=-76.14&horizStride=1&vertCoord=0&disableLLSubset=on&disableProjSubset=on&time_start=2026-09-24T00:00:00Z&time_end=2026-09-24T00:00:00Z&accept=netcdf
  Trying https://tds.hycom.org/thredds/ncss/FMRC_ESPC-D-V02_uv3z/FMRC_ESPC-D-V02_uv3z_bes...
  HYCOM 2026-09-24 00Z failed: 400 Client Error: 400 for url: https://tds.hycom.org/thredds/ncss/FMRC_ESPC-D-V02_uv3z/FMRC_ESPC-D-V02_uv3z_best.ncd?var=water_u&var=water_v&var=surf_el&north=30.5&south=26.0&west=-81.97&east=-76.14&horizStride=1&vertCoord=0&disableLLSubset=on&disableProjSubset=on&time_start=2026-09-24T00:00:00Z&time_end=2026-09-24T00:00:00Z&accept=netcdf
  HYCOM: all attempts failed

[2/3] OSCAR currents  (target: 2026-09-27)  1/3 deg, 5-day composite
  Trying OSCAR_L4_OC_NRT_V2.1 @ coastwatch.pfeg.noaa.gov 2026-09-27 ...
  OSCAR_L4_OC_NRT_V2.1 @ coastwatch.pfeg.noaa.gov 2026-09-27: 403 Client Error:  for url: https://coastwatch.pfeg.noaa.gov/erddap/griddap/OSCAR_L4_OC_NRT_V2.1.nc?u%5B(2026-09-27T00:00:00Z)%5D%5B(0.0)%5D%5B(26.0):1:(30.5)%5D%5B(-81.97):1:(-76.14)%5D,v%5B(2026-09-27T00:00:00Z)%5D%5B(0.0)%5D%5B(26.0):1:(30.5)%5D%5B(-81.97):1:(-76.14)%5D
  Trying OSCAR_L4_OC_NRT_V2.1 @ upwell.pfeg.noaa.gov 2026-09-27 ...
  OSCAR_L4_OC_NRT_V2.1 @ upwell.pfeg.noaa.gov 2026-09-27: 403 Client Error:  for url: https://upwell.pfeg.noaa.gov/erddap/griddap/OSCAR_L4_OC_NRT_V2.1.nc?u%5B(2026-09-27T00:00:00Z)%5D%5B(0.0)%5D%5B(26.0):1:(30.5)%5D%5B(-81.97):1:(-76.14)%5D,v%5B(2026-09-27T00:00:00Z)%5D%5B(0.0)%5D%5B(26.0):1:(30.5)%5D%5B(-81.97):1:(-76.14)%5D
  Trying OSCAR_L4_OC_NRT_V2.1 @ coastwatch.pfeg.noaa.gov 2026-09-26 ...
  OSCAR_L4_OC_NRT_V2.1 @ coastwatch.pfeg.noaa.gov 2026-09-26: 403 Client Error:  for url: https://coastwatch.pfeg.noaa.gov/erddap/griddap/OSCAR_L4_OC_NRT_V2.1.nc?u%5B(2026-09-26T00:00:00Z)%5D%5B(0.0)%5D%5B(26.0):1:(30.5)%5D%5B(-81.97):1:(-76.14)%5D,v%5B(2026-09-26T00:00:00Z)%5D%5B(0.0)%5D%5B(26.0):1:(30.5)%5D%5B(-81.97):1:(-76.14)%5D
  Trying OSCAR_L4_OC_NRT_V2.1 @ upwell.pfeg.noaa.gov 2026-09-26 ...
  OSCAR_L4_OC_NRT_V2.1 @ upwell.pfeg.noaa.gov 2026-09-26: 403 Client Error:  for url: https://upwell.pfeg.noaa.gov/erddap/griddap/OSCAR_L4_OC_NRT_V2.1.nc?u%5B(2026-09-26T00:00:00Z)%5D%5B(0.0)%5D%5B(26.0):1:(30.5)%5D%5B(-81.97):1:(-76.14)%5D,v%5B(2026-09-26T00:00:00Z)%5D%5B(0.0)%5D%5B(26.0):1:(30.5)%5D%5B(-81.97):1:(-76.14)%5D
  Trying OSCAR_L4_OC_NRT_V2.1 @ coastwatch.pfeg.noaa.gov 2026-09-25 ...
  OSCAR_L4_OC_NRT_V2.1 @ coastwatch.pfeg.noaa.gov 2026-09-25: 403 Client Error:  for url: https://coastwatch.pfeg.noaa.gov/erddap/griddap/OSCAR_L4_OC_NRT_V2.1.nc?u%5B(2026-09-25T00:00:00Z)%5D%5B(0.0)%5D%5B(26.0):1:(30.5)%5D%5B(-81.97):1:(-76.14)%5D,v%5B(2026-09-25T00:00:00Z)%5D%5B(0.0)%5D%5B(26.0):1:(30.5)%5D%5B(-81.97):1:(-76.14)%5D
  Trying OSCAR_L4_OC_NRT_V2.1 @ upwell.pfeg.noaa.gov 2026-09-25 ...
  OSCAR_L4_OC_NRT_V2.1 @ upwell.pfeg.noaa.gov 2026-09-25: 403 Client Error:  for url: https://upwell.pfeg.noaa.gov/erddap/griddap/OSCAR_L4_OC_NRT_V2.1.nc?u%5B(2026-09-25T00:00:00Z)%5D%5B(0.0)%5D%5B(26.0):1:(30.5)%5D%5B(-81.97):1:(-76.14)%5D,v%5B(2026-09-25T00:00:00Z)%5D%5B(0.0)%5D%5B(26.0):1:(30.5)%5D%5B(-81.97):1:(-76.14)%5D
  Trying OSCAR_L4_OC_NRT_V2.1 @ coastwatch.pfeg.noaa.gov 2026-09-24 ...
  OSCAR_L4_OC_NRT_V2.1 @ coastwatch.pfeg.noaa.gov 2026-09-24: 403 Client Error:  for url: https://coastwatch.pfeg.noaa.gov/erddap/griddap/OSCAR_L4_OC_NRT_V2.1.nc?u%5B(2026-09-24T00:00:00Z)%5D%5B(0.0)%5D%5B(26.0):1:(30.5)%5D%5B(-81.97):1:(-76.14)%5D,v%5B(2026-09-24T00:00:00Z)%5D%5B(0.0)%5D%5B(26.0):1:(30.5)%5D%5B(-81.97):1:(-76.14)%5D
  Trying OSCAR_L4_OC_NRT_V2.1 @ upwell.pfeg.noaa.gov 2026-09-24 ...
  OSCAR_L4_OC_NRT_V2.1 @ upwell.pfeg.noaa.gov 2026-09-24: 403 Client Error:  for url: https://upwell.pfeg.noaa.gov/erddap/griddap/OSCAR_L4_OC_NRT_V2.1.nc?u%5B(2026-09-24T00:00:00Z)%5D%5B(0.0)%5D%5B(26.0):1:(30.5)%5D%5B(-81.97):1:(-76.14)%5D,v%5B(2026-09-24T00:00:00Z)%5D%5B(0.0)%5D%5B(26.0):1:(30.5)%5D%5B(-81.97):1:(-76.14)%5D
  Trying OSCAR_L4_OC_NRT_V2.1 @ coastwatch.pfeg.noaa.gov 2026-09-23 ...
  OSCAR_L4_OC_NRT_V2.1 @ coastwatch.pfeg.noaa.gov 2026-09-23: 403 Client Error:  for url: https://coastwatch.pfeg.noaa.gov/erddap/griddap/OSCAR_L4_OC_NRT_V2.1.nc?u%5B(2026-09-23T00:00:00Z)%5D%5B(0.0)%5D%5B(26.0):1:(30.5)%5D%5B(-81.97):1:(-76.14)%5D,v%5B(2026-09-23T00:00:00Z)%5D%5B(0.0)%5D%5B(26.0):1:(30.5)%5D%5B(-81.97):1:(-76.14)%5D
  Trying OSCAR_L4_OC_NRT_V2.1 @ upwell.pfeg.noaa.gov 2026-09-23 ...
  OSCAR_L4_OC_NRT_V2.1 @ upwell.pfeg.noaa.gov 2026-09-23: 403 Client Error:  for url: https://upwell.pfeg.noaa.gov/erddap/griddap/OSCAR_L4_OC_NRT_V2.1.nc?u%5B(2026-09-23T00:00:00Z)%5D%5B(0.0)%5D%5B(26.0):1:(30.5)%5D%5B(-81.97):1:(-76.14)%5D,v%5B(2026-09-23T00:00:00Z)%5D%5B(0.0)%5D%5B(26.0):1:(30.5)%5D%5B(-81.97):1:(-76.14)%5D
  Trying OSCAR_L4_OC_NRT_V2.1 @ coastwatch.pfeg.noaa.gov 2026-09-22 ...
  OSCAR_L4_OC_NRT_V2.1 @ coastwatch.pfeg.noaa.gov 2026-09-22: 403 Client Error:  for url: https://coastwatch.pfeg.noaa.gov/erddap/griddap/OSCAR_L4_OC_NRT_V2.1.nc?u%5B(2026-09-22T00:00:00Z)%5D%5B(0.0)%5D%5B(26.0):1:(30.5)%5D%5B(-81.97):1:(-76.14)%5D,v%5B(2026-09-22T00:00:00Z)%5D%5B(0.0)%5D%5B(26.0):1:(30.5)%5D%5B(-81.97):1:(-76.14)%5D
  Trying OSCAR_L4_OC_NRT_V2.1 @ upwell.pfeg.noaa.gov 2026-09-22 ...
  OSCAR_L4_OC_NRT_V2.1 @ upwell.pfeg.noaa.gov 2026-09-22: 403 Client Error:  for url: https://upwell.pfeg.noaa.gov/erddap/griddap/OSCAR_L4_OC_NRT_V2.1.nc?u%5B(2026-09-22T00:00:00Z)%5D%5B(0.0)%5D%5B(26.0):1:(30.5)%5D%5B(-81.97):1:(-76.14)%5D,v%5B(2026-09-22T00:00:00Z)%5D%5B(0.0)%5D%5B(26.0):1:(30.5)%5D%5B(-81.97):1:(-76.14)%5D
  Trying OSCAR_L4_OC_NRT_V2.0 @ coastwatch.pfeg.noaa.gov 2026-09-27 ...
  OSCAR_L4_OC_NRT_V2.0 @ coastwatch.pfeg.noaa.gov 2026-09-27: 403 Client Error:  for url: https://coastwatch.pfeg.noaa.gov/erddap/griddap/OSCAR_L4_OC_NRT_V2.0.nc?u%5B(2026-09-27T00:00:00Z)%5D%5B(0.0)%5D%5B(26.0):1:(30.5)%5D%5B(-81.97):1:(-76.14)%5D,v%5B(2026-09-27T00:00:00Z)%5D%5B(0.0)%5D%5B(26.0):1:(30.5)%5D%5B(-81.97):1:(-76.14)%5D
  Trying OSCAR_L4_OC_NRT_V2.0 @ upwell.pfeg.noaa.gov 2026-09-27 ...
  OSCAR_L4_OC_NRT_V2.0 @ upwell.pfeg.noaa.gov 2026-09-27: 403 Client Error:  for url: https://upwell.pfeg.noaa.gov/erddap/griddap/OSCAR_L4_OC_NRT_V2.0.nc?u%5B(2026-09-27T00:00:00Z)%5D%5B(0.0)%5D%5B(26.0):1:(30.5)%5D%5B(-81.97):1:(-76.14)%5D,v%5B(2026-09-27T00:00:00Z)%5D%5B(0.0)%5D%5B(26.0):1:(30.5)%5D%5B(-81.97):1:(-76.14)%5D
  Trying OSCAR_L4_OC_NRT_V2.0 @ coastwatch.pfeg.noaa.gov 2026-09-26 ...
  OSCAR_L4_OC_NRT_V2.0 @ coastwatch.pfeg.noaa.gov 2026-09-26: 403 Client Error:  for url: https://coastwatch.pfeg.noaa.gov/erddap/griddap/OSCAR_L4_OC_NRT_V2.0.nc?u%5B(2026-09-26T00:00:00Z)%5D%5B(0.0)%5D%5B(26.0):1:(30.5)%5D%5B(-81.97):1:(-76.14)%5D,v%5B(2026-09-26T00:00:00Z)%5D%5B(0.0)%5D%5B(26.0):1:(30.5)%5D%5B(-81.97):1:(-76.14)%5D
  Trying OSCAR_L4_OC_NRT_V2.0 @ upwell.pfeg.noaa.gov 2026-09-26 ...
  OSCAR_L4_OC_NRT_V2.0 @ upwell.pfeg.noaa.gov 2026-09-26: 403 Client Error:  for url: https://upwell.pfeg.noaa.gov/erddap/griddap/OSCAR_L4_OC_NRT_V2.0.nc?u%5B(2026-09-26T00:00:00Z)%5D%5B(0.0)%5D%5B(26.0):1:(30.5)%5D%5B(-81.97):1:(-76.14)%5D,v%5B(2026-09-26T00:00:00Z)%5D%5B(0.0)%5D%5B(26.0):1:(30.5)%5D%5B(-81.97):1:(-76.14)%5D
  Trying OSCAR_L4_OC_NRT_V2.0 @ coastwatch.pfeg.noaa.gov 2026-09-25 ...
  OSCAR_L4_OC_NRT_V2.0 @ coastwatch.pfeg.noaa.gov 2026-09-25: 403 Client Error:  for url: https://coastwatch.pfeg.noaa.gov/erddap/griddap/OSCAR_L4_OC_NRT_V2.0.nc?u%5B(2026-09-25T00:00:00Z)%5D%5B(0.0)%5D%5B(26.0):1:(30.5)%5D%5B(-81.97):1:(-76.14)%5D,v%5B(2026-09-25T00:00:00Z)%5D%5B(0.0)%5D%5B(26.0):1:(30.5)%5D%5B(-81.97):1:(-76.14)%5D
  Trying OSCAR_L4_OC_NRT_V2.0 @ upwell.pfeg.noaa.gov 2026-09-25 ...
  OSCAR_L4_OC_NRT_V2.0 @ upwell.pfeg.noaa.gov 2026-09-25: 403 Client Error:  for url: https://upwell.pfeg.noaa.gov/erddap/griddap/OSCAR_L4_OC_NRT_V2.0.nc?u%5B(2026-09-25T00:00:00Z)%5D%5B(0.0)%5D%5B(26.0):1:(30.5)%5D%5B(-81.97):1:(-76.14)%5D,v%5B(2026-09-25T00:00:00Z)%5D%5B(0.0)%5D%5B(26.0):1:(30.5)%5D%5B(-81.97):1:(-76.14)%5D
  Trying OSCAR_L4_OC_NRT_V2.0 @ coastwatch.pfeg.noaa.gov 2026-09-24 ...
  OSCAR_L4_OC_NRT_V2.0 @ coastwatch.pfeg.noaa.gov 2026-09-24: 403 Client Error:  for url: https://coastwatch.pfeg.noaa.gov/erddap/griddap/OSCAR_L4_OC_NRT_V2.0.nc?u%5B(2026-09-24T00:00:00Z)%5D%5B(0.0)%5D%5B(26.0):1:(30.5)%5D%5B(-81.97):1:(-76.14)%5D,v%5B(2026-09-24T00:00:00Z)%5D%5B(0.0)%5D%5B(26.0):1:(30.5)%5D%5B(-81.97):1:(-76.14)%5D
  Trying OSCAR_L4_OC_NRT_V2.0 @ upwell.pfeg.noaa.gov 2026-09-24 ...
  OSCAR_L4_OC_NRT_V2.0 @ upwell.pfeg.noaa.gov 2026-09-24: 403 Client Error:  for url: https://upwell.pfeg.noaa.gov/erddap/griddap/OSCAR_L4_OC_NRT_V2.0.nc?u%5B(2026-09-24T00:00:00Z)%5D%5B(0.0)%5D%5B(26.0):1:(30.5)%5D%5B(-81.97):1:(-76.14)%5D,v%5B(2026-09-24T00:00:00Z)%5D%5B(0.0)%5D%5B(26.0):1:(30.5)%5D%5B(-81.97):1:(-76.14)%5D
  Trying OSCAR_L4_OC_NRT_V2.0 @ coastwatch.pfeg.noaa.gov 2026-09-23 ...
  OSCAR_L4_OC_NRT_V2.0 @ coastwatch.pfeg.noaa.gov 2026-09-23: 403 Client Error:  for url: https://coastwatch.pfeg.noaa.gov/erddap/griddap/OSCAR_L4_OC_NRT_V2.0.nc?u%5B(2026-09-23T00:00:00Z)%5D%5B(0.0)%5D%5B(26.0):1:(30.5)%5D%5B(-81.97):1:(-76.14)%5D,v%5B(2026-09-23T00:00:00Z)%5D%5B(0.0)%5D%5B(26.0):1:(30.5)%5D%5B(-81.97):1:(-76.14)%5D
  Trying OSCAR_L4_OC_NRT_V2.0 @ upwell.pfeg.noaa.gov 2026-09-23 ...
  OSCAR_L4_OC_NRT_V2.0 @ upwell.pfeg.noaa.gov 2026-09-23: 403 Client Error:  for url: https://upwell.pfeg.noaa.gov/erddap/griddap/OSCAR_L4_OC_NRT_V2.0.nc?u%5B(2026-09-23T00:00:00Z)%5D%5B(0.0)%5D%5B(26.0):1:(30.5)%5D%5B(-81.97):1:(-76.14)%5D,v%5B(2026-09-23T00:00:00Z)%5D%5B(0.0)%5D%5B(26.0):1:(30.5)%5D%5B(-81.97):1:(-76.14)%5D
  Trying OSCAR_L4_OC_NRT_V2.0 @ coastwatch.pfeg.noaa.gov 2026-09-22 ...
  OSCAR_L4_OC_NRT_V2.0 @ coastwatch.pfeg.noaa.gov 2026-09-22: 403 Client Error:  for url: https://coastwatch.pfeg.noaa.gov/erddap/griddap/OSCAR_L4_OC_NRT_V2.0.nc?u%5B(2026-09-22T00:00:00Z)%5D%5B(0.0)%5D%5B(26.0):1:(30.5)%5D%5B(-81.97):1:(-76.14)%5D,v%5B(2026-09-22T00:00:00Z)%5D%5B(0.0)%5D%5B(26.0):1:(30.5)%5D%5B(-81.97):1:(-76.14)%5D
  Trying OSCAR_L4_OC_NRT_V2.0 @ upwell.pfeg.noaa.gov 2026-09-22 ...
  OSCAR_L4_OC_NRT_V2.0 @ upwell.pfeg.noaa.gov 2026-09-22: 403 Client Error:  for url: https://upwell.pfeg.noaa.gov/erddap/griddap/OSCAR_L4_OC_NRT_V2.0.nc?u%5B(2026-09-22T00:00:00Z)%5D%5B(0.0)%5D%5B(26.0):1:(30.5)%5D%5B(-81.97):1:(-76.14)%5D,v%5B(2026-09-22T00:00:00Z)%5D%5B(0.0)%5D%5B(26.0):1:(30.5)%5D%5B(-81.97):1:(-76.14)%5D
  Trying jplOscarV2NRT5day @ coastwatch.pfeg.noaa.gov 2026-09-27 ...
  jplOscarV2NRT5day @ coastwatch.pfeg.noaa.gov 2026-09-27: 403 Client Error:  for url: https://coastwatch.pfeg.noaa.gov/erddap/griddap/jplOscarV2NRT5day.nc?u%5B(2026-09-27T00:00:00Z)%5D%5B(0.0)%5D%5B(26.0):1:(30.5)%5D%5B(-81.97):1:(-76.14)%5D,v%5B(2026-09-27T00:00:00Z)%5D%5B(0.0)%5D%5B(26.0):1:(30.5)%5D%5B(-81.97):1:(-76.14)%5D
  Trying jplOscarV2NRT5day @ upwell.pfeg.noaa.gov 2026-09-27 ...
  jplOscarV2NRT5day @ upwell.pfeg.noaa.gov 2026-09-27: 403 Client Error:  for url: https://upwell.pfeg.noaa.gov/erddap/griddap/jplOscarV2NRT5day.nc?u%5B(2026-09-27T00:00:00Z)%5D%5B(0.0)%5D%5B(26.0):1:(30.5)%5D%5B(-81.97):1:(-76.14)%5D,v%5B(2026-09-27T00:00:00Z)%5D%5B(0.0)%5D%5B(26.0):1:(30.5)%5D%5B(-81.97):1:(-76.14)%5D
  Trying jplOscarV2NRT5day @ coastwatch.pfeg.noaa.gov 2026-09-26 ...
  jplOscarV2NRT5day @ coastwatch.pfeg.noaa.gov 2026-09-26: 403 Client Error:  for url: https://coastwatch.pfeg.noaa.gov/erddap/griddap/jplOscarV2NRT5day.nc?u%5B(2026-09-26T00:00:00Z)%5D%5B(0.0)%5D%5B(26.0):1:(30.5)%5D%5B(-81.97):1:(-76.14)%5D,v%5B(2026-09-26T00:00:00Z)%5D%5B(0.0)%5D%5B(26.0):1:(30.5)%5D%5B(-81.97):1:(-76.14)%5D
  Trying jplOscarV2NRT5day @ upwell.pfeg.noaa.gov 2026-09-26 ...
  jplOscarV2NRT5day @ upwell.pfeg.noaa.gov 2026-09-26: 403 Client Error:  for url: https://upwell.pfeg.noaa.gov/erddap/griddap/jplOscarV2NRT5day.nc?u%5B(2026-09-26T00:00:00Z)%5D%5B(0.0)%5D%5B(26.0):1:(30.5)%5D%5B(-81.97):1:(-76.14)%5D,v%5B(2026-09-26T00:00:00Z)%5D%5B(0.0)%5D%5B(26.0):1:(30.5)%5D%5B(-81.97):1:(-76.14)%5D
  Trying jplOscarV2NRT5day @ coastwatch.pfeg.noaa.gov 2026-09-25 ...
  jplOscarV2NRT5day @ coastwatch.pfeg.noaa.gov 2026-09-25: 403 Client Error:  for url: https://coastwatch.pfeg.noaa.gov/erddap/griddap/jplOscarV2NRT5day.nc?u%5B(2026-09-25T00:00:00Z)%5D%5B(0.0)%5D%5B(26.0):1:(30.5)%5D%5B(-81.97):1:(-76.14)%5D,v%5B(2026-09-25T00:00:00Z)%5D%5B(0.0)%5D%5B(26.0):1:(30.5)%5D%5B(-81.97):1:(-76.14)%5D
  Trying jplOscarV2NRT5day @ upwell.pfeg.noaa.gov 2026-09-25 ...
  jplOscarV2NRT5day @ upwell.pfeg.noaa.gov 2026-09-25: 403 Client Error:  for url: https://upwell.pfeg.noaa.gov/erddap/griddap/jplOscarV2NRT5day.nc?u%5B(2026-09-25T00:00:00Z)%5D%5B(0.0)%5D%5B(26.0):1:(30.5)%5D%5B(-81.97):1:(-76.14)%5D,v%5B(2026-09-25T00:00:00Z)%5D%5B(0.0)%5D%5B(26.0):1:(30.5)%5D%5B(-81.97):1:(-76.14)%5D
  Trying jplOscarV2NRT5day @ coastwatch.pfeg.noaa.gov 2026-09-24 ...
  jplOscarV2NRT5day @ coastwatch.pfeg.noaa.gov 2026-09-24: 403 Client Error:  for url: https://coastwatch.pfeg.noaa.gov/erddap/griddap/jplOscarV2NRT5day.nc?u%5B(2026-09-24T00:00:00Z)%5D%5B(0.0)%5D%5B(26.0):1:(30.5)%5D%5B(-81.97):1:(-76.14)%5D,v%5B(2026-09-24T00:00:00Z)%5D%5B(0.0)%5D%5B(26.0):1:(30.5)%5D%5B(-81.97):1:(-76.14)%5D
  Trying jplOscarV2NRT5day @ upwell.pfeg.noaa.gov 2026-09-24 ...
  jplOscarV2NRT5day @ upwell.pfeg.noaa.gov 2026-09-24: 403 Client Error:  for url: https://upwell.pfeg.noaa.gov/erddap/griddap/jplOscarV2NRT5day.nc?u%5B(2026-09-24T00:00:00Z)%5D%5B(0.0)%5D%5B(26.0):1:(30.5)%5D%5B(-81.97):1:(-76.14)%5D,v%5B(2026-09-24T00:00:00Z)%5D%5B(0.0)%5D%5B(26.0):1:(30.5)%5D%5B(-81.97):1:(-76.14)%5D
  Trying jplOscarV2NRT5day @ coastwatch.pfeg.noaa.gov 2026-09-23 ...
  jplOscarV2NRT5day @ coastwatch.pfeg.noaa.gov 2026-09-23: 403 Client Error:  for url: https://coastwatch.pfeg.noaa.gov/erddap/griddap/jplOscarV2NRT5day.nc?u%5B(2026-09-23T00:00:00Z)%5D%5B(0.0)%5D%5B(26.0):1:(30.5)%5D%5B(-81.97):1:(-76.14)%5D,v%5B(2026-09-23T00:00:00Z)%5D%5B(0.0)%5D%5B(26.0):1:(30.5)%5D%5B(-81.97):1:(-76.14)%5D
  Trying jplOscarV2NRT5day @ upwell.pfeg.noaa.gov 2026-09-23 ...
  jplOscarV2NRT5day @ upwell.pfeg.noaa.gov 2026-09-23: 403 Client Error:  for url: https://upwell.pfeg.noaa.gov/erddap/griddap/jplOscarV2NRT5day.nc?u%5B(2026-09-23T00:00:00Z)%5D%5B(0.0)%5D%5B(26.0):1:(30.5)%5D%5B(-81.97):1:(-76.14)%5D,v%5B(2026-09-23T00:00:00Z)%5D%5B(0.0)%5D%5B(26.0):1:(30.5)%5D%5B(-81.97):1:(-76.14)%5D
  Trying jplOscarV2NRT5day @ coastwatch.pfeg.noaa.gov 2026-09-22 ...
  jplOscarV2NRT5day @ coastwatch.pfeg.noaa.gov 2026-09-22: 403 Client Error:  for url: https://coastwatch.pfeg.noaa.gov/erddap/griddap/jplOscarV2NRT5day.nc?u%5B(2026-09-22T00:00:00Z)%5D%5B(0.0)%5D%5B(26.0):1:(30.5)%5D%5B(-81.97):1:(-76.14)%5D,v%5B(2026-09-22T00:00:00Z)%5D%5B(0.0)%5D%5B(26.0):1:(30.5)%5D%5B(-81.97):1:(-76.14)%5D
  Trying jplOscarV2NRT5day @ upwell.pfeg.noaa.gov 2026-09-22 ...
  jplOscarV2NRT5day @ upwell.pfeg.noaa.gov 2026-09-22: 403 Client Error:  for url: https://upwell.pfeg.noaa.gov/erddap/griddap/jplOscarV2NRT5day.nc?u%5B(2026-09-22T00:00:00Z)%5D%5B(0.0)%5D%5B(26.0):1:(30.5)%5D%5B(-81.97):1:(-76.14)%5D,v%5B(2026-09-22T00:00:00Z)%5D%5B(0.0)%5D%5B(26.0):1:(30.5)%5D%5B(-81.97):1:(-76.14)%5D
  Trying jplOscar1day @ coastwatch.pfeg.noaa.gov 2026-09-27 ...
  jplOscar1day @ coastwatch.pfeg.noaa.gov 2026-09-27: 403 Client Error:  for url: https://coastwatch.pfeg.noaa.gov/erddap/griddap/jplOscar1day.nc?u%5B(2026-09-27T00:00:00Z)%5D%5B(0.0)%5D%5B(26.0):1:(30.5)%5D%5B(-81.97):1:(-76.14)%5D,v%5B(2026-09-27T00:00:00Z)%5D%5B(0.0)%5D%5B(26.0):1:(30.5)%5D%5B(-81.97):1:(-76.14)%5D
  Trying jplOscar1day @ upwell.pfeg.noaa.gov 2026-09-27 ...
  jplOscar1day @ upwell.pfeg.noaa.gov 2026-09-27: 403 Client Error:  for url: https://upwell.pfeg.noaa.gov/erddap/griddap/jplOscar1day.nc?u%5B(2026-09-27T00:00:00Z)%5D%5B(0.0)%5D%5B(26.0):1:(30.5)%5D%5B(-81.97):1:(-76.14)%5D,v%5B(2026-09-27T00:00:00Z)%5D%5B(0.0)%5D%5B(26.0):1:(30.5)%5D%5B(-81.97):1:(-76.14)%5D
  Trying jplOscar1day @ coastwatch.pfeg.noaa.gov 2026-09-26 ...
  jplOscar1day @ coastwatch.pfeg.noaa.gov 2026-09-26: 403 Client Error:  for url: https://coastwatch.pfeg.noaa.gov/erddap/griddap/jplOscar1day.nc?u%5B(2026-09-26T00:00:00Z)%5D%5B(0.0)%5D%5B(26.0):1:(30.5)%5D%5B(-81.97):1:(-76.14)%5D,v%5B(2026-09-26T00:00:00Z)%5D%5B(0.0)%5D%5B(26.0):1:(30.5)%5D%5B(-81.97):1:(-76.14)%5D
  Trying jplOscar1day @ upwell.pfeg.noaa.gov 2026-09-26 ...
  jplOscar1day @ upwell.pfeg.noaa.gov 2026-09-26: 403 Client Error:  for url: https://upwell.pfeg.noaa.gov/erddap/griddap/jplOscar1day.nc?u%5B(2026-09-26T00:00:00Z)%5D%5B(0.0)%5D%5B(26.0):1:(30.5)%5D%5B(-81.97):1:(-76.14)%5D,v%5B(2026-09-26T00:00:00Z)%5D%5B(0.0)%5D%5B(26.0):1:(30.5)%5D%5B(-81.97):1:(-76.14)%5D
  Trying jplOscar1day @ coastwatch.pfeg.noaa.gov 2026-09-25 ...
  jplOscar1day @ coastwatch.pfeg.noaa.gov 2026-09-25: 403 Client Error:  for url: https://coastwatch.pfeg.noaa.gov/erddap/griddap/jplOscar1day.nc?u%5B(2026-09-25T00:00:00Z)%5D%5B(0.0)%5D%5B(26.0):1:(30.5)%5D%5B(-81.97):1:(-76.14)%5D,v%5B(2026-09-25T00:00:00Z)%5D%5B(0.0)%5D%5B(26.0):1:(30.5)%5D%5B(-81.97):1:(-76.14)%5D
  Trying jplOscar1day @ upwell.pfeg.noaa.gov 2026-09-25 ...
  jplOscar1day @ upwell.pfeg.noaa.gov 2026-09-25: 403 Client Error:  for url: https://upwell.pfeg.noaa.gov/erddap/griddap/jplOscar1day.nc?u%5B(2026-09-25T00:00:00Z)%5D%5B(0.0)%5D%5B(26.0):1:(30.5)%5D%5B(-81.97):1:(-76.14)%5D,v%5B(2026-09-25T00:00:00Z)%5D%5B(0.0)%5D%5B(26.0):1:(30.5)%5D%5B(-81.97):1:(-76.14)%5D
  Trying jplOscar1day @ coastwatch.pfeg.noaa.gov 2026-09-24 ...
  jplOscar1day @ coastwatch.pfeg.noaa.gov 2026-09-24: 403 Client Error:  for url: https://coastwatch.pfeg.noaa.gov/erddap/griddap/jplOscar1day.nc?u%5B(2026-09-24T00:00:00Z)%5D%5B(0.0)%5D%5B(26.0):1:(30.5)%5D%5B(-81.97):1:(-76.14)%5D,v%5B(2026-09-24T00:00:00Z)%5D%5B(0.0)%5D%5B(26.0):1:(30.5)%5D%5B(-81.97):1:(-76.14)%5D
  Trying jplOscar1day @ upwell.pfeg.noaa.gov 2026-09-24 ...
  jplOscar1day @ upwell.pfeg.noaa.gov 2026-09-24: 403 Client Error:  for url: https://upwell.pfeg.noaa.gov/erddap/griddap/jplOscar1day.nc?u%5B(2026-09-24T00:00:00Z)%5D%5B(0.0)%5D%5B(26.0):1:(30.5)%5D%5B(-81.97):1:(-76.14)%5D,v%5B(2026-09-24T00:00:00Z)%5D%5B(0.0)%5D%5B(26.0):1:(30.5)%5D%5B(-81.97):1:(-76.14)%5D
  Trying jplOscar1day @ coastwatch.pfeg.noaa.gov 2026-09-23 ...
  jplOscar1day @ coastwatch.pfeg.noaa.gov 2026-09-23: 403 Client Error:  for url: https://coastwatch.pfeg.noaa.gov/erddap/griddap/jplOscar1day.nc?u%5B(2026-09-23T00:00:00Z)%5D%5B(0.0)%5D%5B(26.0):1:(30.5)%5D%5B(-81.97):1:(-76.14)%5D,v%5B(2026-09-23T00:00:00Z)%5D%5B(0.0)%5D%5B(26.0):1:(30.5)%5D%5B(-81.97):1:(-76.14)%5D
  Trying jplOscar1day @ upwell.pfeg.noaa.gov 2026-09-23 ...
  jplOscar1day @ upwell.pfeg.noaa.gov 2026-09-23: 403 Client Error:  for url: https://upwell.pfeg.noaa.gov/erddap/griddap/jplOscar1day.nc?u%5B(2026-09-23T00:00:00Z)%5D%5B(0.0)%5D%5B(26.0):1:(30.5)%5D%5B(-81.97):1:(-76.14)%5D,v%5B(2026-09-23T00:00:00Z)%5D%5B(0.0)%5D%5B(26.0):1:(30.5)%5D%5B(-81.97):1:(-76.14)%5D
  Trying jplOscar1day @ coastwatch.pfeg.noaa.gov 2026-09-22 ...
  jplOscar1day @ coastwatch.pfeg.noaa.gov 2026-09-22: 403 Client Error:  for url: https://coastwatch.pfeg.noaa.gov/erddap/griddap/jplOscar1day.nc?u%5B(2026-09-22T00:00:00Z)%5D%5B(0.0)%5D%5B(26.0):1:(30.5)%5D%5B(-81.97):1:(-76.14)%5D,v%5B(2026-09-22T00:00:00Z)%5D%5B(0.0)%5D%5B(26.0):1:(30.5)%5D%5B(-81.97):1:(-76.14)%5D
  Trying jplOscar1day @ upwell.pfeg.noaa.gov 2026-09-22 ...
  jplOscar1day @ upwell.pfeg.noaa.gov 2026-09-22: 403 Client Error:  for url: https://upwell.pfeg.noaa.gov/erddap/griddap/jplOscar1day.nc?u%5B(2026-09-22T00:00:00Z)%5D%5B(0.0)%5D%5B(26.0):1:(30.5)%5D%5B(-81.97):1:(-76.14)%5D,v%5B(2026-09-22T00:00:00Z)%5D%5B(0.0)%5D%5B(26.0):1:(30.5)%5D%5B(-81.97):1:(-76.14)%5D
  Trying erdQCkm1day @ coastwatch.pfeg.noaa.gov 2026-09-27 ...
  erdQCkm1day @ coastwatch.pfeg.noaa.gov 2026-09-27: 403 Client Error:  for url: https://coastwatch.pfeg.noaa.gov/erddap/griddap/erdQCkm1day.nc?u%5B(2026-09-27T00:00:00Z)%5D%5B(0.0)%5D%5B(26.0):1:(30.5)%5D%5B(-81.97):1:(-76.14)%5D,v%5B(2026-09-27T00:00:00Z)%5D%5B(0.0)%5D%5B(26.0):1:(30.5)%5D%5B(-81.97):1:(-76.14)%5D
  Trying erdQCkm1day @ upwell.pfeg.noaa.gov 2026-09-27 ...
  erdQCkm1day @ upwell.pfeg.noaa.gov 2026-09-27: 403 Client Error:  for url: https://upwell.pfeg.noaa.gov/erddap/griddap/erdQCkm1day.nc?u%5B(2026-09-27T00:00:00Z)%5D%5B(0.0)%5D%5B(26.0):1:(30.5)%5D%5B(-81.97):1:(-76.14)%5D,v%5B(2026-09-27T00:00:00Z)%5D%5B(0.0)%5D%5B(26.0):1:(30.5)%5D%5B(-81.97):1:(-76.14)%5D
  Trying erdQCkm1day @ coastwatch.pfeg.noaa.gov 2026-09-26 ...
  erdQCkm1day @ coastwatch.pfeg.noaa.gov 2026-09-26: 403 Client Error:  for url: https://coastwatch.pfeg.noaa.gov/erddap/griddap/erdQCkm1day.nc?u%5B(2026-09-26T00:00:00Z)%5D%5B(0.0)%5D%5B(26.0):1:(30.5)%5D%5B(-81.97):1:(-76.14)%5D,v%5B(2026-09-26T00:00:00Z)%5D%5B(0.0)%5D%5B(26.0):1:(30.5)%5D%5B(-81.97):1:(-76.14)%5D
  Trying erdQCkm1day @ upwell.pfeg.noaa.gov 2026-09-26 ...
  erdQCkm1day @ upwell.pfeg.noaa.gov 2026-09-26: 403 Client Error:  for url: https://upwell.pfeg.noaa.gov/erddap/griddap/erdQCkm1day.nc?u%5B(2026-09-26T00:00:00Z)%5D%5B(0.0)%5D%5B(26.0):1:(30.5)%5D%5B(-81.97):1:(-76.14)%5D,v%5B(2026-09-26T00:00:00Z)%5D%5B(0.0)%5D%5B(26.0):1:(30.5)%5D%5B(-81.97):1:(-76.14)%5D
  Trying erdQCkm1day @ coastwatch.pfeg.noaa.gov 2026-09-25 ...
  erdQCkm1day @ coastwatch.pfeg.noaa.gov 2026-09-25: 403 Client Error:  for url: https://coastwatch.pfeg.noaa.gov/erddap/griddap/erdQCkm1day.nc?u%5B(2026-09-25T00:00:00Z)%5D%5B(0.0)%5D%5B(26.0):1:(30.5)%5D%5B(-81.97):1:(-76.14)%5D,v%5B(2026-09-25T00:00:00Z)%5D%5B(0.0)%5D%5B(26.0):1:(30.5)%5D%5B(-81.97):1:(-76.14)%5D
  Trying erdQCkm1day @ upwell.pfeg.noaa.gov 2026-09-25 ...
  erdQCkm1day @ upwell.pfeg.noaa.gov 2026-09-25: 403 Client Error:  for url: https://upwell.pfeg.noaa.gov/erddap/griddap/erdQCkm1day.nc?u%5B(2026-09-25T00:00:00Z)%5D%5B(0.0)%5D%5B(26.0):1:(30.5)%5D%5B(-81.97):1:(-76.14)%5D,v%5B(2026-09-25T00:00:00Z)%5D%5B(0.0)%5D%5B(26.0):1:(30.5)%5D%5B(-81.97):1:(-76.14)%5D
  Trying erdQCkm1day @ coastwatch.pfeg.noaa.gov 2026-09-24 ...
  erdQCkm1day @ coastwatch.pfeg.noaa.gov 2026-09-24: 403 Client Error:  for url: https://coastwatch.pfeg.noaa.gov/erddap/griddap/erdQCkm1day.nc?u%5B(2026-09-24T00:00:00Z)%5D%5B(0.0)%5D%5B(26.0):1:(30.5)%5D%5B(-81.97):1:(-76.14)%5D,v%5B(2026-09-24T00:00:00Z)%5D%5B(0.0)%5D%5B(26.0):1:(30.5)%5D%5B(-81.97):1:(-76.14)%5D
  Trying erdQCkm1day @ upwell.pfeg.noaa.gov 2026-09-24 ...
  erdQCkm1day @ upwell.pfeg.noaa.gov 2026-09-24: 403 Client Error:  for url: https://upwell.pfeg.noaa.gov/erddap/griddap/erdQCkm1day.nc?u%5B(2026-09-24T00:00:00Z)%5D%5B(0.0)%5D%5B(26.0):1:(30.5)%5D%5B(-81.97):1:(-76.14)%5D,v%5B(2026-09-24T00:00:00Z)%5D%5B(0.0)%5D%5B(26.0):1:(30.5)%5D%5B(-81.97):1:(-76.14)%5D
  Trying erdQCkm1day @ coastwatch.pfeg.noaa.gov 2026-09-23 ...
  erdQCkm1day @ coastwatch.pfeg.noaa.gov 2026-09-23: 403 Client Error:  for url: https://coastwatch.pfeg.noaa.gov/erddap/griddap/erdQCkm1day.nc?u%5B(2026-09-23T00:00:00Z)%5D%5B(0.0)%5D%5B(26.0):1:(30.5)%5D%5B(-81.97):1:(-76.14)%5D,v%5B(2026-09-23T00:00:00Z)%5D%5B(0.0)%5D%5B(26.0):1:(30.5)%5D%5B(-81.97):1:(-76.14)%5D
  Trying erdQCkm1day @ upwell.pfeg.noaa.gov 2026-09-23 ...
  erdQCkm1day @ upwell.pfeg.noaa.gov 2026-09-23: 403 Client Error:  for url: https://upwell.pfeg.noaa.gov/erddap/griddap/erdQCkm1day.nc?u%5B(2026-09-23T00:00:00Z)%5D%5B(0.0)%5D%5B(26.0):1:(30.5)%5D%5B(-81.97):1:(-76.14)%5D,v%5B(2026-09-23T00:00:00Z)%5D%5B(0.0)%5D%5B(26.0):1:(30.5)%5D%5B(-81.97):1:(-76.14)%5D
  Trying erdQCkm1day @ coastwatch.pfeg.noaa.gov 2026-09-22 ...
  erdQCkm1day @ coastwatch.pfeg.noaa.gov 2026-09-22: 403 Client Error:  for url: https://coastwatch.pfeg.noaa.gov/erddap/griddap/erdQCkm1day.nc?u%5B(2026-09-22T00:00:00Z)%5D%5B(0.0)%5D%5B(26.0):1:(30.5)%5D%5B(-81.97):1:(-76.14)%5D,v%5B(2026-09-22T00:00:00Z)%5D%5B(0.0)%5D%5B(26.0):1:(30.5)%5D%5B(-81.97):1:(-76.14)%5D
  Trying erdQCkm1day @ upwell.pfeg.noaa.gov 2026-09-22 ...
  erdQCkm1day @ upwell.pfeg.noaa.gov 2026-09-22: 403 Client Error:  for url: https://upwell.pfeg.noaa.gov/erddap/griddap/erdQCkm1day.nc?u%5B(2026-09-22T00:00:00Z)%5D%5B(0.0)%5D%5B(26.0):1:(30.5)%5D%5B(-81.97):1:(-76.14)%5D,v%5B(2026-09-22T00:00:00Z)%5D%5B(0.0)%5D%5B(26.0):1:(30.5)%5D%5B(-81.97):1:(-76.14)%5D
  OSCAR: all attempts failed

[CMEMS] Currents  (2026-09-27)  0.083 deg, daily
INFO - 2026-09-28T14:30:52Z - Selected dataset version: "202406"
INFO - 2026-09-28T14:30:52Z - Selected dataset part: "default"
WARNING - 2026-09-28T14:30:52Z - Some of your subset selection [0.0, 1.0] for the depth dimension exceed the dataset coordinates [0.49402499198913574, 5727.9169921875]
INFO - 2026-09-28T14:30:56Z - Total size of the download: 44.40 KB.
  CMEMS currents: 2,945 pts  0.002–1.480 m/s

[CMEMS] Altimetry  (2026-09-27)  0.125 deg, daily
INFO - 2026-09-28T14:30:59Z - Selected dataset version: "202506"
INFO - 2026-09-28T14:30:59Z - Selected dataset part: "default"
INFO - 2026-09-28T14:31:04Z - Total size of the download: 40.42 KB.
  Altimetry: 1,338 pts  SLA -0.126–0.434 m
  Geostrophic currents: 1,338 pts  0.005–2.077 m/s

============================================================
  Exporting ...
    Currents JSON → DailySST/Currents/ne_fl/currents_20260927.json  (303 KB)
    Currents CSV  → DailySST/Currents/ne_fl/currents_20260927.csv  (2,945 rows, 182 KB)
    Altimetry CSV  → DailySST/Altimetry/ne_fl/altimetry_20260927.csv  (1,338 rows, 77 KB)
    Altimetry grid → DailySST/Altimetry/ne_fl/altimetry_20260927_grid.json  (22 KB)

============================================================
  Currents  (CMEMS): 2,945 pts  speed 0.002–1.480 m/s  p98=1.296 m/s
  Altimetry (CMEMS_ALT): 1,338 pts  SSH 0.067–1.123 m
============================================================

  Files → /home/runner/work/SSTv2/SSTv2/DailySST/Currents/ne_fl
         → /home/runner/work/SSTv2/SSTv2/DailySST/Altimetry/ne_fl
