============================================================
  Ocean Dynamics Fetcher — Currents + Altimetry
  Date      : 2026-07-11
  BBOX      : {'lat_min': 26.0, 'lat_max': 30.5, 'lon_min': -81.75, 'lon_max': -77.27}
  Output    : /home/runner/work/SSTv2/SSTv2/DailySST
============================================================

[1/3] HYCOM currents + SSH  (target: 2026-07-11)  ~1/12 deg
  HYCOM catalog found dataset: FMRC_ESPC-D-V02_uv3z
  Trying https://tds.hycom.org/thredds/ncss/FMRC_ESPC-D-V02_uv3z/runs/FMRC_ESPC-D-V02_uv3...
  HYCOM 2026-07-11 12Z failed: 404 Client Error: 404 for url: https://tds.hycom.org/thredds/ncss/FMRC_ESPC-D-V02_uv3z/runs/FMRC_ESPC-D-V02_uv3z_RUN_2026-07-11T12:00:00Z?var=water_u&var=water_v&var=surf_el&north=30.5&south=26.0&west=-81.75&east=-77.27&horizStride=1&vertCoord=0&disableLLSubset=on&disableProjSubset=on&time_start=2026-07-11T12:00:00Z&time_end=2026-07-11T12:00:00Z&accept=netcdf
  Trying https://tds.hycom.org/thredds/ncss/FMRC_ESPC-D-V02_uv3z/FMRC_ESPC-D-V02_uv3z_bes...
  HYCOM 2026-07-11 12Z failed: 400 Client Error: 400 for url: https://tds.hycom.org/thredds/ncss/FMRC_ESPC-D-V02_uv3z/FMRC_ESPC-D-V02_uv3z_best.ncd?var=water_u&var=water_v&var=surf_el&north=30.5&south=26.0&west=-81.75&east=-77.27&horizStride=1&vertCoord=0&disableLLSubset=on&disableProjSubset=on&time_start=2026-07-11T12:00:00Z&time_end=2026-07-11T12:00:00Z&accept=netcdf
  Trying https://tds.hycom.org/thredds/ncss/FMRC_ESPC-D-V02_uv3z/runs/FMRC_ESPC-D-V02_uv3...
  HYCOM 2026-07-11 00Z failed: 404 Client Error: 404 for url: https://tds.hycom.org/thredds/ncss/FMRC_ESPC-D-V02_uv3z/runs/FMRC_ESPC-D-V02_uv3z_RUN_2026-07-11T00:00:00Z?var=water_u&var=water_v&var=surf_el&north=30.5&south=26.0&west=-81.75&east=-77.27&horizStride=1&vertCoord=0&disableLLSubset=on&disableProjSubset=on&time_start=2026-07-11T00:00:00Z&time_end=2026-07-11T00:00:00Z&accept=netcdf
  Trying https://tds.hycom.org/thredds/ncss/FMRC_ESPC-D-V02_uv3z/FMRC_ESPC-D-V02_uv3z_bes...
  HYCOM 2026-07-11 00Z failed: 400 Client Error: 400 for url: https://tds.hycom.org/thredds/ncss/FMRC_ESPC-D-V02_uv3z/FMRC_ESPC-D-V02_uv3z_best.ncd?var=water_u&var=water_v&var=surf_el&north=30.5&south=26.0&west=-81.75&east=-77.27&horizStride=1&vertCoord=0&disableLLSubset=on&disableProjSubset=on&time_start=2026-07-11T00:00:00Z&time_end=2026-07-11T00:00:00Z&accept=netcdf
  Trying https://tds.hycom.org/thredds/ncss/FMRC_ESPC-D-V02_uv3z/runs/FMRC_ESPC-D-V02_uv3...
  HYCOM 2026-07-10 12Z failed: 400 Client Error: 400 for url: https://tds.hycom.org/thredds/ncss/FMRC_ESPC-D-V02_uv3z/runs/FMRC_ESPC-D-V02_uv3z_RUN_2026-07-10T12:00:00Z?var=water_u&var=water_v&var=surf_el&north=30.5&south=26.0&west=-81.75&east=-77.27&horizStride=1&vertCoord=0&disableLLSubset=on&disableProjSubset=on&time_start=2026-07-10T12:00:00Z&time_end=2026-07-10T12:00:00Z&accept=netcdf
  Trying https://tds.hycom.org/thredds/ncss/FMRC_ESPC-D-V02_uv3z/FMRC_ESPC-D-V02_uv3z_bes...
  HYCOM 2026-07-10 12Z failed: 400 Client Error: 400 for url: https://tds.hycom.org/thredds/ncss/FMRC_ESPC-D-V02_uv3z/FMRC_ESPC-D-V02_uv3z_best.ncd?var=water_u&var=water_v&var=surf_el&north=30.5&south=26.0&west=-81.75&east=-77.27&horizStride=1&vertCoord=0&disableLLSubset=on&disableProjSubset=on&time_start=2026-07-10T12:00:00Z&time_end=2026-07-10T12:00:00Z&accept=netcdf
  Trying https://tds.hycom.org/thredds/ncss/FMRC_ESPC-D-V02_uv3z/runs/FMRC_ESPC-D-V02_uv3...
  HYCOM 2026-07-10 00Z failed: 404 Client Error: 404 for url: https://tds.hycom.org/thredds/ncss/FMRC_ESPC-D-V02_uv3z/runs/FMRC_ESPC-D-V02_uv3z_RUN_2026-07-10T00:00:00Z?var=water_u&var=water_v&var=surf_el&north=30.5&south=26.0&west=-81.75&east=-77.27&horizStride=1&vertCoord=0&disableLLSubset=on&disableProjSubset=on&time_start=2026-07-10T00:00:00Z&time_end=2026-07-10T00:00:00Z&accept=netcdf
  Trying https://tds.hycom.org/thredds/ncss/FMRC_ESPC-D-V02_uv3z/FMRC_ESPC-D-V02_uv3z_bes...
  HYCOM 2026-07-10 00Z failed: 400 Client Error: 400 for url: https://tds.hycom.org/thredds/ncss/FMRC_ESPC-D-V02_uv3z/FMRC_ESPC-D-V02_uv3z_best.ncd?var=water_u&var=water_v&var=surf_el&north=30.5&south=26.0&west=-81.75&east=-77.27&horizStride=1&vertCoord=0&disableLLSubset=on&disableProjSubset=on&time_start=2026-07-10T00:00:00Z&time_end=2026-07-10T00:00:00Z&accept=netcdf
  Trying https://tds.hycom.org/thredds/ncss/FMRC_ESPC-D-V02_uv3z/runs/FMRC_ESPC-D-V02_uv3...
  HYCOM 2026-07-09 12Z failed: 400 Client Error: 400 for url: https://tds.hycom.org/thredds/ncss/FMRC_ESPC-D-V02_uv3z/runs/FMRC_ESPC-D-V02_uv3z_RUN_2026-07-09T12:00:00Z?var=water_u&var=water_v&var=surf_el&north=30.5&south=26.0&west=-81.75&east=-77.27&horizStride=1&vertCoord=0&disableLLSubset=on&disableProjSubset=on&time_start=2026-07-09T12:00:00Z&time_end=2026-07-09T12:00:00Z&accept=netcdf
  Trying https://tds.hycom.org/thredds/ncss/FMRC_ESPC-D-V02_uv3z/FMRC_ESPC-D-V02_uv3z_bes...
  HYCOM 2026-07-09 12Z failed: 400 Client Error: 400 for url: https://tds.hycom.org/thredds/ncss/FMRC_ESPC-D-V02_uv3z/FMRC_ESPC-D-V02_uv3z_best.ncd?var=water_u&var=water_v&var=surf_el&north=30.5&south=26.0&west=-81.75&east=-77.27&horizStride=1&vertCoord=0&disableLLSubset=on&disableProjSubset=on&time_start=2026-07-09T12:00:00Z&time_end=2026-07-09T12:00:00Z&accept=netcdf
  Trying https://tds.hycom.org/thredds/ncss/FMRC_ESPC-D-V02_uv3z/runs/FMRC_ESPC-D-V02_uv3...
  HYCOM 2026-07-09 00Z failed: 404 Client Error: 404 for url: https://tds.hycom.org/thredds/ncss/FMRC_ESPC-D-V02_uv3z/runs/FMRC_ESPC-D-V02_uv3z_RUN_2026-07-09T00:00:00Z?var=water_u&var=water_v&var=surf_el&north=30.5&south=26.0&west=-81.75&east=-77.27&horizStride=1&vertCoord=0&disableLLSubset=on&disableProjSubset=on&time_start=2026-07-09T00:00:00Z&time_end=2026-07-09T00:00:00Z&accept=netcdf
  Trying https://tds.hycom.org/thredds/ncss/FMRC_ESPC-D-V02_uv3z/FMRC_ESPC-D-V02_uv3z_bes...
  HYCOM 2026-07-09 00Z failed: 400 Client Error: 400 for url: https://tds.hycom.org/thredds/ncss/FMRC_ESPC-D-V02_uv3z/FMRC_ESPC-D-V02_uv3z_best.ncd?var=water_u&var=water_v&var=surf_el&north=30.5&south=26.0&west=-81.75&east=-77.27&horizStride=1&vertCoord=0&disableLLSubset=on&disableProjSubset=on&time_start=2026-07-09T00:00:00Z&time_end=2026-07-09T00:00:00Z&accept=netcdf
  Trying https://tds.hycom.org/thredds/ncss/FMRC_ESPC-D-V02_uv3z/runs/FMRC_ESPC-D-V02_uv3...
  HYCOM 2026-07-08 12Z failed: 400 Client Error: 400 for url: https://tds.hycom.org/thredds/ncss/FMRC_ESPC-D-V02_uv3z/runs/FMRC_ESPC-D-V02_uv3z_RUN_2026-07-08T12:00:00Z?var=water_u&var=water_v&var=surf_el&north=30.5&south=26.0&west=-81.75&east=-77.27&horizStride=1&vertCoord=0&disableLLSubset=on&disableProjSubset=on&time_start=2026-07-08T12:00:00Z&time_end=2026-07-08T12:00:00Z&accept=netcdf
  Trying https://tds.hycom.org/thredds/ncss/FMRC_ESPC-D-V02_uv3z/FMRC_ESPC-D-V02_uv3z_bes...
  HYCOM 2026-07-08 12Z failed: 400 Client Error: 400 for url: https://tds.hycom.org/thredds/ncss/FMRC_ESPC-D-V02_uv3z/FMRC_ESPC-D-V02_uv3z_best.ncd?var=water_u&var=water_v&var=surf_el&north=30.5&south=26.0&west=-81.75&east=-77.27&horizStride=1&vertCoord=0&disableLLSubset=on&disableProjSubset=on&time_start=2026-07-08T12:00:00Z&time_end=2026-07-08T12:00:00Z&accept=netcdf
  Trying https://tds.hycom.org/thredds/ncss/FMRC_ESPC-D-V02_uv3z/runs/FMRC_ESPC-D-V02_uv3...
  HYCOM 2026-07-08 00Z failed: 404 Client Error: 404 for url: https://tds.hycom.org/thredds/ncss/FMRC_ESPC-D-V02_uv3z/runs/FMRC_ESPC-D-V02_uv3z_RUN_2026-07-08T00:00:00Z?var=water_u&var=water_v&var=surf_el&north=30.5&south=26.0&west=-81.75&east=-77.27&horizStride=1&vertCoord=0&disableLLSubset=on&disableProjSubset=on&time_start=2026-07-08T00:00:00Z&time_end=2026-07-08T00:00:00Z&accept=netcdf
  Trying https://tds.hycom.org/thredds/ncss/FMRC_ESPC-D-V02_uv3z/FMRC_ESPC-D-V02_uv3z_bes...
  HYCOM 2026-07-08 00Z failed: 400 Client Error: 400 for url: https://tds.hycom.org/thredds/ncss/FMRC_ESPC-D-V02_uv3z/FMRC_ESPC-D-V02_uv3z_best.ncd?var=water_u&var=water_v&var=surf_el&north=30.5&south=26.0&west=-81.75&east=-77.27&horizStride=1&vertCoord=0&disableLLSubset=on&disableProjSubset=on&time_start=2026-07-08T00:00:00Z&time_end=2026-07-08T00:00:00Z&accept=netcdf
  HYCOM: all attempts failed

[2/3] OSCAR currents  (target: 2026-07-11)  1/3 deg, 5-day composite
  Trying OSCAR_L4_OC_NRT_V2.1 @ coastwatch.pfeg.noaa.gov 2026-07-11 ...
  OSCAR_L4_OC_NRT_V2.1 @ coastwatch.pfeg.noaa.gov 2026-07-11: 404 Client Error:  for url: https://coastwatch.pfeg.noaa.gov/erddap/griddap/OSCAR_L4_OC_NRT_V2.1.nc?u%5B(2026-07-11T00:00:00Z)%5D%5B(0.0)%5D%5B(26.0):1:(30.5)%5D%5B(-81.75):1:(-77.27)%5D,v%5B(2026-07-11T00:00:00Z)%5D%5B(0.0)%5D%5B(26.0):1:(30.5)%5D%5B(-81.75):1:(-77.27)%5D
  Trying OSCAR_L4_OC_NRT_V2.1 @ upwell.pfeg.noaa.gov 2026-07-11 ...
  OSCAR_L4_OC_NRT_V2.1 @ upwell.pfeg.noaa.gov 2026-07-11: 403 Client Error:  for url: https://upwell.pfeg.noaa.gov/erddap/griddap/OSCAR_L4_OC_NRT_V2.1.nc?u%5B(2026-07-11T00:00:00Z)%5D%5B(0.0)%5D%5B(26.0):1:(30.5)%5D%5B(-81.75):1:(-77.27)%5D,v%5B(2026-07-11T00:00:00Z)%5D%5B(0.0)%5D%5B(26.0):1:(30.5)%5D%5B(-81.75):1:(-77.27)%5D
  Trying OSCAR_L4_OC_NRT_V2.1 @ coastwatch.pfeg.noaa.gov 2026-07-10 ...
  OSCAR_L4_OC_NRT_V2.1 @ coastwatch.pfeg.noaa.gov 2026-07-10: 404 Client Error:  for url: https://coastwatch.pfeg.noaa.gov/erddap/griddap/OSCAR_L4_OC_NRT_V2.1.nc?u%5B(2026-07-10T00:00:00Z)%5D%5B(0.0)%5D%5B(26.0):1:(30.5)%5D%5B(-81.75):1:(-77.27)%5D,v%5B(2026-07-10T00:00:00Z)%5D%5B(0.0)%5D%5B(26.0):1:(30.5)%5D%5B(-81.75):1:(-77.27)%5D
  Trying OSCAR_L4_OC_NRT_V2.1 @ upwell.pfeg.noaa.gov 2026-07-10 ...
  OSCAR_L4_OC_NRT_V2.1 @ upwell.pfeg.noaa.gov 2026-07-10: 403 Client Error:  for url: https://upwell.pfeg.noaa.gov/erddap/griddap/OSCAR_L4_OC_NRT_V2.1.nc?u%5B(2026-07-10T00:00:00Z)%5D%5B(0.0)%5D%5B(26.0):1:(30.5)%5D%5B(-81.75):1:(-77.27)%5D,v%5B(2026-07-10T00:00:00Z)%5D%5B(0.0)%5D%5B(26.0):1:(30.5)%5D%5B(-81.75):1:(-77.27)%5D
  Trying OSCAR_L4_OC_NRT_V2.1 @ coastwatch.pfeg.noaa.gov 2026-07-09 ...
  OSCAR_L4_OC_NRT_V2.1 @ coastwatch.pfeg.noaa.gov 2026-07-09: 404 Client Error:  for url: https://coastwatch.pfeg.noaa.gov/erddap/griddap/OSCAR_L4_OC_NRT_V2.1.nc?u%5B(2026-07-09T00:00:00Z)%5D%5B(0.0)%5D%5B(26.0):1:(30.5)%5D%5B(-81.75):1:(-77.27)%5D,v%5B(2026-07-09T00:00:00Z)%5D%5B(0.0)%5D%5B(26.0):1:(30.5)%5D%5B(-81.75):1:(-77.27)%5D
  Trying OSCAR_L4_OC_NRT_V2.1 @ upwell.pfeg.noaa.gov 2026-07-09 ...
  OSCAR_L4_OC_NRT_V2.1 @ upwell.pfeg.noaa.gov 2026-07-09: 403 Client Error:  for url: https://upwell.pfeg.noaa.gov/erddap/griddap/OSCAR_L4_OC_NRT_V2.1.nc?u%5B(2026-07-09T00:00:00Z)%5D%5B(0.0)%5D%5B(26.0):1:(30.5)%5D%5B(-81.75):1:(-77.27)%5D,v%5B(2026-07-09T00:00:00Z)%5D%5B(0.0)%5D%5B(26.0):1:(30.5)%5D%5B(-81.75):1:(-77.27)%5D
  Trying OSCAR_L4_OC_NRT_V2.1 @ coastwatch.pfeg.noaa.gov 2026-07-08 ...
  OSCAR_L4_OC_NRT_V2.1 @ coastwatch.pfeg.noaa.gov 2026-07-08: 404 Client Error:  for url: https://coastwatch.pfeg.noaa.gov/erddap/griddap/OSCAR_L4_OC_NRT_V2.1.nc?u%5B(2026-07-08T00:00:00Z)%5D%5B(0.0)%5D%5B(26.0):1:(30.5)%5D%5B(-81.75):1:(-77.27)%5D,v%5B(2026-07-08T00:00:00Z)%5D%5B(0.0)%5D%5B(26.0):1:(30.5)%5D%5B(-81.75):1:(-77.27)%5D
  Trying OSCAR_L4_OC_NRT_V2.1 @ upwell.pfeg.noaa.gov 2026-07-08 ...
  OSCAR_L4_OC_NRT_V2.1 @ upwell.pfeg.noaa.gov 2026-07-08: 403 Client Error:  for url: https://upwell.pfeg.noaa.gov/erddap/griddap/OSCAR_L4_OC_NRT_V2.1.nc?u%5B(2026-07-08T00:00:00Z)%5D%5B(0.0)%5D%5B(26.0):1:(30.5)%5D%5B(-81.75):1:(-77.27)%5D,v%5B(2026-07-08T00:00:00Z)%5D%5B(0.0)%5D%5B(26.0):1:(30.5)%5D%5B(-81.75):1:(-77.27)%5D
  Trying OSCAR_L4_OC_NRT_V2.1 @ coastwatch.pfeg.noaa.gov 2026-07-07 ...
  OSCAR_L4_OC_NRT_V2.1 @ coastwatch.pfeg.noaa.gov 2026-07-07: 404 Client Error:  for url: https://coastwatch.pfeg.noaa.gov/erddap/griddap/OSCAR_L4_OC_NRT_V2.1.nc?u%5B(2026-07-07T00:00:00Z)%5D%5B(0.0)%5D%5B(26.0):1:(30.5)%5D%5B(-81.75):1:(-77.27)%5D,v%5B(2026-07-07T00:00:00Z)%5D%5B(0.0)%5D%5B(26.0):1:(30.5)%5D%5B(-81.75):1:(-77.27)%5D
  Trying OSCAR_L4_OC_NRT_V2.1 @ upwell.pfeg.noaa.gov 2026-07-07 ...
  OSCAR_L4_OC_NRT_V2.1 @ upwell.pfeg.noaa.gov 2026-07-07: 403 Client Error:  for url: https://upwell.pfeg.noaa.gov/erddap/griddap/OSCAR_L4_OC_NRT_V2.1.nc?u%5B(2026-07-07T00:00:00Z)%5D%5B(0.0)%5D%5B(26.0):1:(30.5)%5D%5B(-81.75):1:(-77.27)%5D,v%5B(2026-07-07T00:00:00Z)%5D%5B(0.0)%5D%5B(26.0):1:(30.5)%5D%5B(-81.75):1:(-77.27)%5D
  Trying OSCAR_L4_OC_NRT_V2.1 @ coastwatch.pfeg.noaa.gov 2026-07-06 ...
  OSCAR_L4_OC_NRT_V2.1 @ coastwatch.pfeg.noaa.gov 2026-07-06: 404 Client Error:  for url: https://coastwatch.pfeg.noaa.gov/erddap/griddap/OSCAR_L4_OC_NRT_V2.1.nc?u%5B(2026-07-06T00:00:00Z)%5D%5B(0.0)%5D%5B(26.0):1:(30.5)%5D%5B(-81.75):1:(-77.27)%5D,v%5B(2026-07-06T00:00:00Z)%5D%5B(0.0)%5D%5B(26.0):1:(30.5)%5D%5B(-81.75):1:(-77.27)%5D
  Trying OSCAR_L4_OC_NRT_V2.1 @ upwell.pfeg.noaa.gov 2026-07-06 ...
  OSCAR_L4_OC_NRT_V2.1 @ upwell.pfeg.noaa.gov 2026-07-06: 403 Client Error:  for url: https://upwell.pfeg.noaa.gov/erddap/griddap/OSCAR_L4_OC_NRT_V2.1.nc?u%5B(2026-07-06T00:00:00Z)%5D%5B(0.0)%5D%5B(26.0):1:(30.5)%5D%5B(-81.75):1:(-77.27)%5D,v%5B(2026-07-06T00:00:00Z)%5D%5B(0.0)%5D%5B(26.0):1:(30.5)%5D%5B(-81.75):1:(-77.27)%5D
  Trying OSCAR_L4_OC_NRT_V2.0 @ coastwatch.pfeg.noaa.gov 2026-07-11 ...
  OSCAR_L4_OC_NRT_V2.0 @ coastwatch.pfeg.noaa.gov 2026-07-11: 404 Client Error:  for url: https://coastwatch.pfeg.noaa.gov/erddap/griddap/OSCAR_L4_OC_NRT_V2.0.nc?u%5B(2026-07-11T00:00:00Z)%5D%5B(0.0)%5D%5B(26.0):1:(30.5)%5D%5B(-81.75):1:(-77.27)%5D,v%5B(2026-07-11T00:00:00Z)%5D%5B(0.0)%5D%5B(26.0):1:(30.5)%5D%5B(-81.75):1:(-77.27)%5D
  Trying OSCAR_L4_OC_NRT_V2.0 @ upwell.pfeg.noaa.gov 2026-07-11 ...
  OSCAR_L4_OC_NRT_V2.0 @ upwell.pfeg.noaa.gov 2026-07-11: 403 Client Error:  for url: https://upwell.pfeg.noaa.gov/erddap/griddap/OSCAR_L4_OC_NRT_V2.0.nc?u%5B(2026-07-11T00:00:00Z)%5D%5B(0.0)%5D%5B(26.0):1:(30.5)%5D%5B(-81.75):1:(-77.27)%5D,v%5B(2026-07-11T00:00:00Z)%5D%5B(0.0)%5D%5B(26.0):1:(30.5)%5D%5B(-81.75):1:(-77.27)%5D
  Trying OSCAR_L4_OC_NRT_V2.0 @ coastwatch.pfeg.noaa.gov 2026-07-10 ...
  OSCAR_L4_OC_NRT_V2.0 @ coastwatch.pfeg.noaa.gov 2026-07-10: 404 Client Error:  for url: https://coastwatch.pfeg.noaa.gov/erddap/griddap/OSCAR_L4_OC_NRT_V2.0.nc?u%5B(2026-07-10T00:00:00Z)%5D%5B(0.0)%5D%5B(26.0):1:(30.5)%5D%5B(-81.75):1:(-77.27)%5D,v%5B(2026-07-10T00:00:00Z)%5D%5B(0.0)%5D%5B(26.0):1:(30.5)%5D%5B(-81.75):1:(-77.27)%5D
  Trying OSCAR_L4_OC_NRT_V2.0 @ upwell.pfeg.noaa.gov 2026-07-10 ...
  OSCAR_L4_OC_NRT_V2.0 @ upwell.pfeg.noaa.gov 2026-07-10: 403 Client Error:  for url: https://upwell.pfeg.noaa.gov/erddap/griddap/OSCAR_L4_OC_NRT_V2.0.nc?u%5B(2026-07-10T00:00:00Z)%5D%5B(0.0)%5D%5B(26.0):1:(30.5)%5D%5B(-81.75):1:(-77.27)%5D,v%5B(2026-07-10T00:00:00Z)%5D%5B(0.0)%5D%5B(26.0):1:(30.5)%5D%5B(-81.75):1:(-77.27)%5D
  Trying OSCAR_L4_OC_NRT_V2.0 @ coastwatch.pfeg.noaa.gov 2026-07-09 ...
  OSCAR_L4_OC_NRT_V2.0 @ coastwatch.pfeg.noaa.gov 2026-07-09: 404 Client Error:  for url: https://coastwatch.pfeg.noaa.gov/erddap/griddap/OSCAR_L4_OC_NRT_V2.0.nc?u%5B(2026-07-09T00:00:00Z)%5D%5B(0.0)%5D%5B(26.0):1:(30.5)%5D%5B(-81.75):1:(-77.27)%5D,v%5B(2026-07-09T00:00:00Z)%5D%5B(0.0)%5D%5B(26.0):1:(30.5)%5D%5B(-81.75):1:(-77.27)%5D
  Trying OSCAR_L4_OC_NRT_V2.0 @ upwell.pfeg.noaa.gov 2026-07-09 ...
  OSCAR_L4_OC_NRT_V2.0 @ upwell.pfeg.noaa.gov 2026-07-09: 403 Client Error:  for url: https://upwell.pfeg.noaa.gov/erddap/griddap/OSCAR_L4_OC_NRT_V2.0.nc?u%5B(2026-07-09T00:00:00Z)%5D%5B(0.0)%5D%5B(26.0):1:(30.5)%5D%5B(-81.75):1:(-77.27)%5D,v%5B(2026-07-09T00:00:00Z)%5D%5B(0.0)%5D%5B(26.0):1:(30.5)%5D%5B(-81.75):1:(-77.27)%5D
  Trying OSCAR_L4_OC_NRT_V2.0 @ coastwatch.pfeg.noaa.gov 2026-07-08 ...
  OSCAR_L4_OC_NRT_V2.0 @ coastwatch.pfeg.noaa.gov 2026-07-08: 404 Client Error:  for url: https://coastwatch.pfeg.noaa.gov/erddap/griddap/OSCAR_L4_OC_NRT_V2.0.nc?u%5B(2026-07-08T00:00:00Z)%5D%5B(0.0)%5D%5B(26.0):1:(30.5)%5D%5B(-81.75):1:(-77.27)%5D,v%5B(2026-07-08T00:00:00Z)%5D%5B(0.0)%5D%5B(26.0):1:(30.5)%5D%5B(-81.75):1:(-77.27)%5D
  Trying OSCAR_L4_OC_NRT_V2.0 @ upwell.pfeg.noaa.gov 2026-07-08 ...
  OSCAR_L4_OC_NRT_V2.0 @ upwell.pfeg.noaa.gov 2026-07-08: 403 Client Error:  for url: https://upwell.pfeg.noaa.gov/erddap/griddap/OSCAR_L4_OC_NRT_V2.0.nc?u%5B(2026-07-08T00:00:00Z)%5D%5B(0.0)%5D%5B(26.0):1:(30.5)%5D%5B(-81.75):1:(-77.27)%5D,v%5B(2026-07-08T00:00:00Z)%5D%5B(0.0)%5D%5B(26.0):1:(30.5)%5D%5B(-81.75):1:(-77.27)%5D
  Trying OSCAR_L4_OC_NRT_V2.0 @ coastwatch.pfeg.noaa.gov 2026-07-07 ...
  OSCAR_L4_OC_NRT_V2.0 @ coastwatch.pfeg.noaa.gov 2026-07-07: 404 Client Error:  for url: https://coastwatch.pfeg.noaa.gov/erddap/griddap/OSCAR_L4_OC_NRT_V2.0.nc?u%5B(2026-07-07T00:00:00Z)%5D%5B(0.0)%5D%5B(26.0):1:(30.5)%5D%5B(-81.75):1:(-77.27)%5D,v%5B(2026-07-07T00:00:00Z)%5D%5B(0.0)%5D%5B(26.0):1:(30.5)%5D%5B(-81.75):1:(-77.27)%5D
  Trying OSCAR_L4_OC_NRT_V2.0 @ upwell.pfeg.noaa.gov 2026-07-07 ...
  OSCAR_L4_OC_NRT_V2.0 @ upwell.pfeg.noaa.gov 2026-07-07: 403 Client Error:  for url: https://upwell.pfeg.noaa.gov/erddap/griddap/OSCAR_L4_OC_NRT_V2.0.nc?u%5B(2026-07-07T00:00:00Z)%5D%5B(0.0)%5D%5B(26.0):1:(30.5)%5D%5B(-81.75):1:(-77.27)%5D,v%5B(2026-07-07T00:00:00Z)%5D%5B(0.0)%5D%5B(26.0):1:(30.5)%5D%5B(-81.75):1:(-77.27)%5D
  Trying OSCAR_L4_OC_NRT_V2.0 @ coastwatch.pfeg.noaa.gov 2026-07-06 ...
  OSCAR_L4_OC_NRT_V2.0 @ coastwatch.pfeg.noaa.gov 2026-07-06: 404 Client Error:  for url: https://coastwatch.pfeg.noaa.gov/erddap/griddap/OSCAR_L4_OC_NRT_V2.0.nc?u%5B(2026-07-06T00:00:00Z)%5D%5B(0.0)%5D%5B(26.0):1:(30.5)%5D%5B(-81.75):1:(-77.27)%5D,v%5B(2026-07-06T00:00:00Z)%5D%5B(0.0)%5D%5B(26.0):1:(30.5)%5D%5B(-81.75):1:(-77.27)%5D
  Trying OSCAR_L4_OC_NRT_V2.0 @ upwell.pfeg.noaa.gov 2026-07-06 ...
  OSCAR_L4_OC_NRT_V2.0 @ upwell.pfeg.noaa.gov 2026-07-06: 403 Client Error:  for url: https://upwell.pfeg.noaa.gov/erddap/griddap/OSCAR_L4_OC_NRT_V2.0.nc?u%5B(2026-07-06T00:00:00Z)%5D%5B(0.0)%5D%5B(26.0):1:(30.5)%5D%5B(-81.75):1:(-77.27)%5D,v%5B(2026-07-06T00:00:00Z)%5D%5B(0.0)%5D%5B(26.0):1:(30.5)%5D%5B(-81.75):1:(-77.27)%5D
  Trying jplOscarV2NRT5day @ coastwatch.pfeg.noaa.gov 2026-07-11 ...
  jplOscarV2NRT5day @ coastwatch.pfeg.noaa.gov 2026-07-11: 404 Client Error:  for url: https://coastwatch.pfeg.noaa.gov/erddap/griddap/jplOscarV2NRT5day.nc?u%5B(2026-07-11T00:00:00Z)%5D%5B(0.0)%5D%5B(26.0):1:(30.5)%5D%5B(-81.75):1:(-77.27)%5D,v%5B(2026-07-11T00:00:00Z)%5D%5B(0.0)%5D%5B(26.0):1:(30.5)%5D%5B(-81.75):1:(-77.27)%5D
  Trying jplOscarV2NRT5day @ upwell.pfeg.noaa.gov 2026-07-11 ...
  jplOscarV2NRT5day @ upwell.pfeg.noaa.gov 2026-07-11: 403 Client Error:  for url: https://upwell.pfeg.noaa.gov/erddap/griddap/jplOscarV2NRT5day.nc?u%5B(2026-07-11T00:00:00Z)%5D%5B(0.0)%5D%5B(26.0):1:(30.5)%5D%5B(-81.75):1:(-77.27)%5D,v%5B(2026-07-11T00:00:00Z)%5D%5B(0.0)%5D%5B(26.0):1:(30.5)%5D%5B(-81.75):1:(-77.27)%5D
  Trying jplOscarV2NRT5day @ coastwatch.pfeg.noaa.gov 2026-07-10 ...
  jplOscarV2NRT5day @ coastwatch.pfeg.noaa.gov 2026-07-10: 404 Client Error:  for url: https://coastwatch.pfeg.noaa.gov/erddap/griddap/jplOscarV2NRT5day.nc?u%5B(2026-07-10T00:00:00Z)%5D%5B(0.0)%5D%5B(26.0):1:(30.5)%5D%5B(-81.75):1:(-77.27)%5D,v%5B(2026-07-10T00:00:00Z)%5D%5B(0.0)%5D%5B(26.0):1:(30.5)%5D%5B(-81.75):1:(-77.27)%5D
  Trying jplOscarV2NRT5day @ upwell.pfeg.noaa.gov 2026-07-10 ...
  jplOscarV2NRT5day @ upwell.pfeg.noaa.gov 2026-07-10: 403 Client Error:  for url: https://upwell.pfeg.noaa.gov/erddap/griddap/jplOscarV2NRT5day.nc?u%5B(2026-07-10T00:00:00Z)%5D%5B(0.0)%5D%5B(26.0):1:(30.5)%5D%5B(-81.75):1:(-77.27)%5D,v%5B(2026-07-10T00:00:00Z)%5D%5B(0.0)%5D%5B(26.0):1:(30.5)%5D%5B(-81.75):1:(-77.27)%5D
  Trying jplOscarV2NRT5day @ coastwatch.pfeg.noaa.gov 2026-07-09 ...
  jplOscarV2NRT5day @ coastwatch.pfeg.noaa.gov 2026-07-09: 404 Client Error:  for url: https://coastwatch.pfeg.noaa.gov/erddap/griddap/jplOscarV2NRT5day.nc?u%5B(2026-07-09T00:00:00Z)%5D%5B(0.0)%5D%5B(26.0):1:(30.5)%5D%5B(-81.75):1:(-77.27)%5D,v%5B(2026-07-09T00:00:00Z)%5D%5B(0.0)%5D%5B(26.0):1:(30.5)%5D%5B(-81.75):1:(-77.27)%5D
  Trying jplOscarV2NRT5day @ upwell.pfeg.noaa.gov 2026-07-09 ...
  jplOscarV2NRT5day @ upwell.pfeg.noaa.gov 2026-07-09: 403 Client Error:  for url: https://upwell.pfeg.noaa.gov/erddap/griddap/jplOscarV2NRT5day.nc?u%5B(2026-07-09T00:00:00Z)%5D%5B(0.0)%5D%5B(26.0):1:(30.5)%5D%5B(-81.75):1:(-77.27)%5D,v%5B(2026-07-09T00:00:00Z)%5D%5B(0.0)%5D%5B(26.0):1:(30.5)%5D%5B(-81.75):1:(-77.27)%5D
  Trying jplOscarV2NRT5day @ coastwatch.pfeg.noaa.gov 2026-07-08 ...
  jplOscarV2NRT5day @ coastwatch.pfeg.noaa.gov 2026-07-08: 404 Client Error:  for url: https://coastwatch.pfeg.noaa.gov/erddap/griddap/jplOscarV2NRT5day.nc?u%5B(2026-07-08T00:00:00Z)%5D%5B(0.0)%5D%5B(26.0):1:(30.5)%5D%5B(-81.75):1:(-77.27)%5D,v%5B(2026-07-08T00:00:00Z)%5D%5B(0.0)%5D%5B(26.0):1:(30.5)%5D%5B(-81.75):1:(-77.27)%5D
  Trying jplOscarV2NRT5day @ upwell.pfeg.noaa.gov 2026-07-08 ...
  jplOscarV2NRT5day @ upwell.pfeg.noaa.gov 2026-07-08: 403 Client Error:  for url: https://upwell.pfeg.noaa.gov/erddap/griddap/jplOscarV2NRT5day.nc?u%5B(2026-07-08T00:00:00Z)%5D%5B(0.0)%5D%5B(26.0):1:(30.5)%5D%5B(-81.75):1:(-77.27)%5D,v%5B(2026-07-08T00:00:00Z)%5D%5B(0.0)%5D%5B(26.0):1:(30.5)%5D%5B(-81.75):1:(-77.27)%5D
  Trying jplOscarV2NRT5day @ coastwatch.pfeg.noaa.gov 2026-07-07 ...
  jplOscarV2NRT5day @ coastwatch.pfeg.noaa.gov 2026-07-07: 404 Client Error:  for url: https://coastwatch.pfeg.noaa.gov/erddap/griddap/jplOscarV2NRT5day.nc?u%5B(2026-07-07T00:00:00Z)%5D%5B(0.0)%5D%5B(26.0):1:(30.5)%5D%5B(-81.75):1:(-77.27)%5D,v%5B(2026-07-07T00:00:00Z)%5D%5B(0.0)%5D%5B(26.0):1:(30.5)%5D%5B(-81.75):1:(-77.27)%5D
  Trying jplOscarV2NRT5day @ upwell.pfeg.noaa.gov 2026-07-07 ...
  jplOscarV2NRT5day @ upwell.pfeg.noaa.gov 2026-07-07: 403 Client Error:  for url: https://upwell.pfeg.noaa.gov/erddap/griddap/jplOscarV2NRT5day.nc?u%5B(2026-07-07T00:00:00Z)%5D%5B(0.0)%5D%5B(26.0):1:(30.5)%5D%5B(-81.75):1:(-77.27)%5D,v%5B(2026-07-07T00:00:00Z)%5D%5B(0.0)%5D%5B(26.0):1:(30.5)%5D%5B(-81.75):1:(-77.27)%5D
  Trying jplOscarV2NRT5day @ coastwatch.pfeg.noaa.gov 2026-07-06 ...
  jplOscarV2NRT5day @ coastwatch.pfeg.noaa.gov 2026-07-06: 404 Client Error:  for url: https://coastwatch.pfeg.noaa.gov/erddap/griddap/jplOscarV2NRT5day.nc?u%5B(2026-07-06T00:00:00Z)%5D%5B(0.0)%5D%5B(26.0):1:(30.5)%5D%5B(-81.75):1:(-77.27)%5D,v%5B(2026-07-06T00:00:00Z)%5D%5B(0.0)%5D%5B(26.0):1:(30.5)%5D%5B(-81.75):1:(-77.27)%5D
  Trying jplOscarV2NRT5day @ upwell.pfeg.noaa.gov 2026-07-06 ...
  jplOscarV2NRT5day @ upwell.pfeg.noaa.gov 2026-07-06: 403 Client Error:  for url: https://upwell.pfeg.noaa.gov/erddap/griddap/jplOscarV2NRT5day.nc?u%5B(2026-07-06T00:00:00Z)%5D%5B(0.0)%5D%5B(26.0):1:(30.5)%5D%5B(-81.75):1:(-77.27)%5D,v%5B(2026-07-06T00:00:00Z)%5D%5B(0.0)%5D%5B(26.0):1:(30.5)%5D%5B(-81.75):1:(-77.27)%5D
  Trying jplOscar1day @ coastwatch.pfeg.noaa.gov 2026-07-11 ...
  jplOscar1day @ coastwatch.pfeg.noaa.gov 2026-07-11: 404 Client Error:  for url: https://coastwatch.pfeg.noaa.gov/erddap/griddap/jplOscar1day.nc?u%5B(2026-07-11T00:00:00Z)%5D%5B(0.0)%5D%5B(26.0):1:(30.5)%5D%5B(-81.75):1:(-77.27)%5D,v%5B(2026-07-11T00:00:00Z)%5D%5B(0.0)%5D%5B(26.0):1:(30.5)%5D%5B(-81.75):1:(-77.27)%5D
  Trying jplOscar1day @ upwell.pfeg.noaa.gov 2026-07-11 ...
  jplOscar1day @ upwell.pfeg.noaa.gov 2026-07-11: 403 Client Error:  for url: https://upwell.pfeg.noaa.gov/erddap/griddap/jplOscar1day.nc?u%5B(2026-07-11T00:00:00Z)%5D%5B(0.0)%5D%5B(26.0):1:(30.5)%5D%5B(-81.75):1:(-77.27)%5D,v%5B(2026-07-11T00:00:00Z)%5D%5B(0.0)%5D%5B(26.0):1:(30.5)%5D%5B(-81.75):1:(-77.27)%5D
  Trying jplOscar1day @ coastwatch.pfeg.noaa.gov 2026-07-10 ...
  jplOscar1day @ coastwatch.pfeg.noaa.gov 2026-07-10: 404 Client Error:  for url: https://coastwatch.pfeg.noaa.gov/erddap/griddap/jplOscar1day.nc?u%5B(2026-07-10T00:00:00Z)%5D%5B(0.0)%5D%5B(26.0):1:(30.5)%5D%5B(-81.75):1:(-77.27)%5D,v%5B(2026-07-10T00:00:00Z)%5D%5B(0.0)%5D%5B(26.0):1:(30.5)%5D%5B(-81.75):1:(-77.27)%5D
  Trying jplOscar1day @ upwell.pfeg.noaa.gov 2026-07-10 ...
  jplOscar1day @ upwell.pfeg.noaa.gov 2026-07-10: 403 Client Error:  for url: https://upwell.pfeg.noaa.gov/erddap/griddap/jplOscar1day.nc?u%5B(2026-07-10T00:00:00Z)%5D%5B(0.0)%5D%5B(26.0):1:(30.5)%5D%5B(-81.75):1:(-77.27)%5D,v%5B(2026-07-10T00:00:00Z)%5D%5B(0.0)%5D%5B(26.0):1:(30.5)%5D%5B(-81.75):1:(-77.27)%5D
  Trying jplOscar1day @ coastwatch.pfeg.noaa.gov 2026-07-09 ...
  jplOscar1day @ coastwatch.pfeg.noaa.gov 2026-07-09: 404 Client Error:  for url: https://coastwatch.pfeg.noaa.gov/erddap/griddap/jplOscar1day.nc?u%5B(2026-07-09T00:00:00Z)%5D%5B(0.0)%5D%5B(26.0):1:(30.5)%5D%5B(-81.75):1:(-77.27)%5D,v%5B(2026-07-09T00:00:00Z)%5D%5B(0.0)%5D%5B(26.0):1:(30.5)%5D%5B(-81.75):1:(-77.27)%5D
  Trying jplOscar1day @ upwell.pfeg.noaa.gov 2026-07-09 ...
  jplOscar1day @ upwell.pfeg.noaa.gov 2026-07-09: 403 Client Error:  for url: https://upwell.pfeg.noaa.gov/erddap/griddap/jplOscar1day.nc?u%5B(2026-07-09T00:00:00Z)%5D%5B(0.0)%5D%5B(26.0):1:(30.5)%5D%5B(-81.75):1:(-77.27)%5D,v%5B(2026-07-09T00:00:00Z)%5D%5B(0.0)%5D%5B(26.0):1:(30.5)%5D%5B(-81.75):1:(-77.27)%5D
  Trying jplOscar1day @ coastwatch.pfeg.noaa.gov 2026-07-08 ...
  jplOscar1day @ coastwatch.pfeg.noaa.gov 2026-07-08: 404 Client Error:  for url: https://coastwatch.pfeg.noaa.gov/erddap/griddap/jplOscar1day.nc?u%5B(2026-07-08T00:00:00Z)%5D%5B(0.0)%5D%5B(26.0):1:(30.5)%5D%5B(-81.75):1:(-77.27)%5D,v%5B(2026-07-08T00:00:00Z)%5D%5B(0.0)%5D%5B(26.0):1:(30.5)%5D%5B(-81.75):1:(-77.27)%5D
  Trying jplOscar1day @ upwell.pfeg.noaa.gov 2026-07-08 ...
  jplOscar1day @ upwell.pfeg.noaa.gov 2026-07-08: 403 Client Error:  for url: https://upwell.pfeg.noaa.gov/erddap/griddap/jplOscar1day.nc?u%5B(2026-07-08T00:00:00Z)%5D%5B(0.0)%5D%5B(26.0):1:(30.5)%5D%5B(-81.75):1:(-77.27)%5D,v%5B(2026-07-08T00:00:00Z)%5D%5B(0.0)%5D%5B(26.0):1:(30.5)%5D%5B(-81.75):1:(-77.27)%5D
  Trying jplOscar1day @ coastwatch.pfeg.noaa.gov 2026-07-07 ...
  jplOscar1day @ coastwatch.pfeg.noaa.gov 2026-07-07: 404 Client Error:  for url: https://coastwatch.pfeg.noaa.gov/erddap/griddap/jplOscar1day.nc?u%5B(2026-07-07T00:00:00Z)%5D%5B(0.0)%5D%5B(26.0):1:(30.5)%5D%5B(-81.75):1:(-77.27)%5D,v%5B(2026-07-07T00:00:00Z)%5D%5B(0.0)%5D%5B(26.0):1:(30.5)%5D%5B(-81.75):1:(-77.27)%5D
  Trying jplOscar1day @ upwell.pfeg.noaa.gov 2026-07-07 ...
  jplOscar1day @ upwell.pfeg.noaa.gov 2026-07-07: 403 Client Error:  for url: https://upwell.pfeg.noaa.gov/erddap/griddap/jplOscar1day.nc?u%5B(2026-07-07T00:00:00Z)%5D%5B(0.0)%5D%5B(26.0):1:(30.5)%5D%5B(-81.75):1:(-77.27)%5D,v%5B(2026-07-07T00:00:00Z)%5D%5B(0.0)%5D%5B(26.0):1:(30.5)%5D%5B(-81.75):1:(-77.27)%5D
  Trying jplOscar1day @ coastwatch.pfeg.noaa.gov 2026-07-06 ...
  jplOscar1day @ coastwatch.pfeg.noaa.gov 2026-07-06: 404 Client Error:  for url: https://coastwatch.pfeg.noaa.gov/erddap/griddap/jplOscar1day.nc?u%5B(2026-07-06T00:00:00Z)%5D%5B(0.0)%5D%5B(26.0):1:(30.5)%5D%5B(-81.75):1:(-77.27)%5D,v%5B(2026-07-06T00:00:00Z)%5D%5B(0.0)%5D%5B(26.0):1:(30.5)%5D%5B(-81.75):1:(-77.27)%5D
  Trying jplOscar1day @ upwell.pfeg.noaa.gov 2026-07-06 ...
  jplOscar1day @ upwell.pfeg.noaa.gov 2026-07-06: 403 Client Error:  for url: https://upwell.pfeg.noaa.gov/erddap/griddap/jplOscar1day.nc?u%5B(2026-07-06T00:00:00Z)%5D%5B(0.0)%5D%5B(26.0):1:(30.5)%5D%5B(-81.75):1:(-77.27)%5D,v%5B(2026-07-06T00:00:00Z)%5D%5B(0.0)%5D%5B(26.0):1:(30.5)%5D%5B(-81.75):1:(-77.27)%5D
  Trying erdQCkm1day @ coastwatch.pfeg.noaa.gov 2026-07-11 ...
  erdQCkm1day @ coastwatch.pfeg.noaa.gov 2026-07-11: 404 Client Error:  for url: https://coastwatch.pfeg.noaa.gov/erddap/griddap/erdQCkm1day.nc?u%5B(2026-07-11T00:00:00Z)%5D%5B(0.0)%5D%5B(26.0):1:(30.5)%5D%5B(-81.75):1:(-77.27)%5D,v%5B(2026-07-11T00:00:00Z)%5D%5B(0.0)%5D%5B(26.0):1:(30.5)%5D%5B(-81.75):1:(-77.27)%5D
  Trying erdQCkm1day @ upwell.pfeg.noaa.gov 2026-07-11 ...
  erdQCkm1day @ upwell.pfeg.noaa.gov 2026-07-11: 403 Client Error:  for url: https://upwell.pfeg.noaa.gov/erddap/griddap/erdQCkm1day.nc?u%5B(2026-07-11T00:00:00Z)%5D%5B(0.0)%5D%5B(26.0):1:(30.5)%5D%5B(-81.75):1:(-77.27)%5D,v%5B(2026-07-11T00:00:00Z)%5D%5B(0.0)%5D%5B(26.0):1:(30.5)%5D%5B(-81.75):1:(-77.27)%5D
  Trying erdQCkm1day @ coastwatch.pfeg.noaa.gov 2026-07-10 ...
  erdQCkm1day @ coastwatch.pfeg.noaa.gov 2026-07-10: 404 Client Error:  for url: https://coastwatch.pfeg.noaa.gov/erddap/griddap/erdQCkm1day.nc?u%5B(2026-07-10T00:00:00Z)%5D%5B(0.0)%5D%5B(26.0):1:(30.5)%5D%5B(-81.75):1:(-77.27)%5D,v%5B(2026-07-10T00:00:00Z)%5D%5B(0.0)%5D%5B(26.0):1:(30.5)%5D%5B(-81.75):1:(-77.27)%5D
  Trying erdQCkm1day @ upwell.pfeg.noaa.gov 2026-07-10 ...
  erdQCkm1day @ upwell.pfeg.noaa.gov 2026-07-10: 403 Client Error:  for url: https://upwell.pfeg.noaa.gov/erddap/griddap/erdQCkm1day.nc?u%5B(2026-07-10T00:00:00Z)%5D%5B(0.0)%5D%5B(26.0):1:(30.5)%5D%5B(-81.75):1:(-77.27)%5D,v%5B(2026-07-10T00:00:00Z)%5D%5B(0.0)%5D%5B(26.0):1:(30.5)%5D%5B(-81.75):1:(-77.27)%5D
  Trying erdQCkm1day @ coastwatch.pfeg.noaa.gov 2026-07-09 ...
  erdQCkm1day @ coastwatch.pfeg.noaa.gov 2026-07-09: 404 Client Error:  for url: https://coastwatch.pfeg.noaa.gov/erddap/griddap/erdQCkm1day.nc?u%5B(2026-07-09T00:00:00Z)%5D%5B(0.0)%5D%5B(26.0):1:(30.5)%5D%5B(-81.75):1:(-77.27)%5D,v%5B(2026-07-09T00:00:00Z)%5D%5B(0.0)%5D%5B(26.0):1:(30.5)%5D%5B(-81.75):1:(-77.27)%5D
  Trying erdQCkm1day @ upwell.pfeg.noaa.gov 2026-07-09 ...
  erdQCkm1day @ upwell.pfeg.noaa.gov 2026-07-09: 403 Client Error:  for url: https://upwell.pfeg.noaa.gov/erddap/griddap/erdQCkm1day.nc?u%5B(2026-07-09T00:00:00Z)%5D%5B(0.0)%5D%5B(26.0):1:(30.5)%5D%5B(-81.75):1:(-77.27)%5D,v%5B(2026-07-09T00:00:00Z)%5D%5B(0.0)%5D%5B(26.0):1:(30.5)%5D%5B(-81.75):1:(-77.27)%5D
  Trying erdQCkm1day @ coastwatch.pfeg.noaa.gov 2026-07-08 ...
  erdQCkm1day @ coastwatch.pfeg.noaa.gov 2026-07-08: 404 Client Error:  for url: https://coastwatch.pfeg.noaa.gov/erddap/griddap/erdQCkm1day.nc?u%5B(2026-07-08T00:00:00Z)%5D%5B(0.0)%5D%5B(26.0):1:(30.5)%5D%5B(-81.75):1:(-77.27)%5D,v%5B(2026-07-08T00:00:00Z)%5D%5B(0.0)%5D%5B(26.0):1:(30.5)%5D%5B(-81.75):1:(-77.27)%5D
  Trying erdQCkm1day @ upwell.pfeg.noaa.gov 2026-07-08 ...
  erdQCkm1day @ upwell.pfeg.noaa.gov 2026-07-08: 403 Client Error:  for url: https://upwell.pfeg.noaa.gov/erddap/griddap/erdQCkm1day.nc?u%5B(2026-07-08T00:00:00Z)%5D%5B(0.0)%5D%5B(26.0):1:(30.5)%5D%5B(-81.75):1:(-77.27)%5D,v%5B(2026-07-08T00:00:00Z)%5D%5B(0.0)%5D%5B(26.0):1:(30.5)%5D%5B(-81.75):1:(-77.27)%5D
  Trying erdQCkm1day @ coastwatch.pfeg.noaa.gov 2026-07-07 ...
  erdQCkm1day @ coastwatch.pfeg.noaa.gov 2026-07-07: 404 Client Error:  for url: https://coastwatch.pfeg.noaa.gov/erddap/griddap/erdQCkm1day.nc?u%5B(2026-07-07T00:00:00Z)%5D%5B(0.0)%5D%5B(26.0):1:(30.5)%5D%5B(-81.75):1:(-77.27)%5D,v%5B(2026-07-07T00:00:00Z)%5D%5B(0.0)%5D%5B(26.0):1:(30.5)%5D%5B(-81.75):1:(-77.27)%5D
  Trying erdQCkm1day @ upwell.pfeg.noaa.gov 2026-07-07 ...
  erdQCkm1day @ upwell.pfeg.noaa.gov 2026-07-07: 403 Client Error:  for url: https://upwell.pfeg.noaa.gov/erddap/griddap/erdQCkm1day.nc?u%5B(2026-07-07T00:00:00Z)%5D%5B(0.0)%5D%5B(26.0):1:(30.5)%5D%5B(-81.75):1:(-77.27)%5D,v%5B(2026-07-07T00:00:00Z)%5D%5B(0.0)%5D%5B(26.0):1:(30.5)%5D%5B(-81.75):1:(-77.27)%5D
  Trying erdQCkm1day @ coastwatch.pfeg.noaa.gov 2026-07-06 ...
  erdQCkm1day @ coastwatch.pfeg.noaa.gov 2026-07-06: 404 Client Error:  for url: https://coastwatch.pfeg.noaa.gov/erddap/griddap/erdQCkm1day.nc?u%5B(2026-07-06T00:00:00Z)%5D%5B(0.0)%5D%5B(26.0):1:(30.5)%5D%5B(-81.75):1:(-77.27)%5D,v%5B(2026-07-06T00:00:00Z)%5D%5B(0.0)%5D%5B(26.0):1:(30.5)%5D%5B(-81.75):1:(-77.27)%5D
  Trying erdQCkm1day @ upwell.pfeg.noaa.gov 2026-07-06 ...
  erdQCkm1day @ upwell.pfeg.noaa.gov 2026-07-06: 403 Client Error:  for url: https://upwell.pfeg.noaa.gov/erddap/griddap/erdQCkm1day.nc?u%5B(2026-07-06T00:00:00Z)%5D%5B(0.0)%5D%5B(26.0):1:(30.5)%5D%5B(-81.75):1:(-77.27)%5D,v%5B(2026-07-06T00:00:00Z)%5D%5B(0.0)%5D%5B(26.0):1:(30.5)%5D%5B(-81.75):1:(-77.27)%5D
  OSCAR: all attempts failed

[CMEMS] Currents  (2026-07-11)  0.083 deg, daily
INFO - 2026-07-12T01:14:31Z - Selected dataset version: "202406"
INFO - 2026-07-12T01:14:31Z - Selected dataset part: "default"
WARNING - 2026-07-12T01:14:31Z - Some of your subset selection [0.0, 1.0] for the depth dimension exceed the dataset coordinates [0.49402499198913574, 5727.9169921875]
INFO - 2026-07-12T01:14:35Z - Total size of the download: 36.53 KB.
  CMEMS currents: 2,181 pts  0.000–2.038 m/s

[CMEMS] Altimetry  (2026-07-11)  0.125 deg, daily
INFO - 2026-07-12T01:14:38Z - Selected dataset version: "202506"
INFO - 2026-07-12T01:14:38Z - Selected dataset part: "default"
WARNING - 2026-07-12T01:14:38Z - The dataset cmems_obs-sl_glo_phy-ssh_nrt_allsat-l4-duacs-0.125deg_P1D, version '202506', part 'default' is currently being updated. Data after 2026-07-06T00:00:00.000Z may not be up to date.
INFO - 2026-07-12T01:14:41Z - Total size of the download: 33.57 KB.
  Altimetry: 1,003 pts  SLA -0.078–0.234 m
  Geostrophic currents: 1,003 pts  0.015–1.905 m/s

============================================================
  Exporting ...
    Currents JSON → DailySST/Currents/ne_fl/currents_20260711.json  (223 KB)
    Currents CSV  → DailySST/Currents/ne_fl/currents_20260711.csv  (2,181 rows, 133 KB)
    Altimetry CSV  → DailySST/Altimetry/ne_fl/altimetry_20260711.csv  (1,003 rows, 58 KB)
    Altimetry grid → DailySST/Altimetry/ne_fl/altimetry_20260711_grid.json  (17 KB)

============================================================
  Currents  (CMEMS): 2,181 pts  speed 0.000–2.038 m/s  p98=1.895 m/s
  Altimetry (CMEMS_ALT): 1,003 pts  SSH -0.059–0.912 m
============================================================

  Files → /home/runner/work/SSTv2/SSTv2/DailySST/Currents/ne_fl
         → /home/runner/work/SSTv2/SSTv2/DailySST/Altimetry/ne_fl
