============================================================
  Ocean Dynamics Fetcher — Currents + Altimetry
  Date      : 2026-07-31
  BBOX      : {'lat_min': 22.15, 'lat_max': 27.47, 'lon_min': -83.16, 'lon_max': -76.14}
  Output    : /home/runner/work/SSTv2/SSTv2/DailySST
============================================================

[1/3] HYCOM currents + SSH  (target: 2026-07-31)  ~1/12 deg
  HYCOM catalog https://tds.hycom.org/thredds/catalog/catalog.xml failed: HTTPSConnectionPool(host='tds.hycom.org', port=443): Max retries exceeded with url: /thredds/catalog/catalog.xml (Caused by ConnectTimeoutError(<HTTPSConnection(host='tds.hycom.org', port=443) at 0x7ffbd089cf10>, 'Connection to tds.hycom.org timed out. (connect timeout=20)'))
  HYCOM catalog https://tds.hycom.org/thredds/catalog/FMRC_ESPC-D-V02_uv3z/catalog.xml failed: HTTPSConnectionPool(host='tds.hycom.org', port=443): Max retries exceeded with url: /thredds/catalog/FMRC_ESPC-D-V02_uv3z/catalog.xml (Caused by ConnectTimeoutError(<HTTPSConnection(host='tds.hycom.org', port=443) at 0x7ffbd089eb10>, 'Connection to tds.hycom.org timed out. (connect timeout=20)'))
  Using default HYCOM dataset: FMRC_ESPC-D-V02_uv3z
  Trying https://tds.hycom.org/thredds/ncss/FMRC_ESPC-D-V02_uv3z/runs/FMRC_ESPC-D-V02_uv3...
  HYCOM 2026-07-31 12Z failed: HTTPSConnectionPool(host='tds.hycom.org', port=443): Max retries exceeded with url: /thredds/ncss/FMRC_ESPC-D-V02_uv3z/runs/FMRC_ESPC-D-V02_uv3z_RUN_2026-07-31T12:00:00Z?var=water_u&var=water_v&var=surf_el&north=27.47&south=22.15&west=-83.16&east=-76.14&horizStride=1&vertCoord=0&disableLLSubset=on&disableProjSubset=on&time_start=2026-07-31T12:00:00Z&time_end=2026-07-31T12:00:00Z&accept=netcdf (Caused by ConnectTimeoutError(<HTTPSConnection(host='tds.hycom.org', port=443) at 0x7ffbd08a4f90>, 'Connection to tds.hycom.org timed out. (connect timeout=180)'))
  Trying https://tds.hycom.org/thredds/ncss/FMRC_ESPC-D-V02_uv3z/FMRC_ESPC-D-V02_uv3z_bes...
  HYCOM 2026-07-31 12Z failed: HTTPSConnectionPool(host='tds.hycom.org', port=443): Max retries exceeded with url: /thredds/ncss/FMRC_ESPC-D-V02_uv3z/FMRC_ESPC-D-V02_uv3z_best.ncd?var=water_u&var=water_v&var=surf_el&north=27.47&south=22.15&west=-83.16&east=-76.14&horizStride=1&vertCoord=0&disableLLSubset=on&disableProjSubset=on&time_start=2026-07-31T12:00:00Z&time_end=2026-07-31T12:00:00Z&accept=netcdf (Caused by ConnectTimeoutError(<HTTPSConnection(host='tds.hycom.org', port=443) at 0x7ffbd08a6b10>, 'Connection to tds.hycom.org timed out. (connect timeout=180)'))
  Trying https://tds.hycom.org/thredds/ncss/FMRC_ESPC-D-V02_uv3z/runs/FMRC_ESPC-D-V02_uv3...
  HYCOM 2026-07-31 00Z failed: HTTPSConnectionPool(host='tds.hycom.org', port=443): Max retries exceeded with url: /thredds/ncss/FMRC_ESPC-D-V02_uv3z/runs/FMRC_ESPC-D-V02_uv3z_RUN_2026-07-31T00:00:00Z?var=water_u&var=water_v&var=surf_el&north=27.47&south=22.15&west=-83.16&east=-76.14&horizStride=1&vertCoord=0&disableLLSubset=on&disableProjSubset=on&time_start=2026-07-31T00:00:00Z&time_end=2026-07-31T00:00:00Z&accept=netcdf (Caused by ConnectTimeoutError(<HTTPSConnection(host='tds.hycom.org', port=443) at 0x7ffbd089f090>, 'Connection to tds.hycom.org timed out. (connect timeout=180)'))
  Trying https://tds.hycom.org/thredds/ncss/FMRC_ESPC-D-V02_uv3z/FMRC_ESPC-D-V02_uv3z_bes...
  HYCOM 2026-07-31 00Z failed: HTTPSConnectionPool(host='tds.hycom.org', port=443): Max retries exceeded with url: /thredds/ncss/FMRC_ESPC-D-V02_uv3z/FMRC_ESPC-D-V02_uv3z_best.ncd?var=water_u&var=water_v&var=surf_el&north=27.47&south=22.15&west=-83.16&east=-76.14&horizStride=1&vertCoord=0&disableLLSubset=on&disableProjSubset=on&time_start=2026-07-31T00:00:00Z&time_end=2026-07-31T00:00:00Z&accept=netcdf (Caused by ConnectTimeoutError(<HTTPSConnection(host='tds.hycom.org', port=443) at 0x7ffbd089cf10>, 'Connection to tds.hycom.org timed out. (connect timeout=180)'))
  Trying https://tds.hycom.org/thredds/ncss/FMRC_ESPC-D-V02_uv3z/runs/FMRC_ESPC-D-V02_uv3...
  HYCOM 2026-07-30 12Z failed: 400 Client Error: 400 for url: https://tds.hycom.org/thredds/ncss/FMRC_ESPC-D-V02_uv3z/runs/FMRC_ESPC-D-V02_uv3z_RUN_2026-07-30T12:00:00Z?var=water_u&var=water_v&var=surf_el&north=27.47&south=22.15&west=-83.16&east=-76.14&horizStride=1&vertCoord=0&disableLLSubset=on&disableProjSubset=on&time_start=2026-07-30T12:00:00Z&time_end=2026-07-30T12:00:00Z&accept=netcdf
  Trying https://tds.hycom.org/thredds/ncss/FMRC_ESPC-D-V02_uv3z/FMRC_ESPC-D-V02_uv3z_bes...
  HYCOM 2026-07-30 12Z failed: 400 Client Error: 400 for url: https://tds.hycom.org/thredds/ncss/FMRC_ESPC-D-V02_uv3z/FMRC_ESPC-D-V02_uv3z_best.ncd?var=water_u&var=water_v&var=surf_el&north=27.47&south=22.15&west=-83.16&east=-76.14&horizStride=1&vertCoord=0&disableLLSubset=on&disableProjSubset=on&time_start=2026-07-30T12:00:00Z&time_end=2026-07-30T12:00:00Z&accept=netcdf
  Trying https://tds.hycom.org/thredds/ncss/FMRC_ESPC-D-V02_uv3z/runs/FMRC_ESPC-D-V02_uv3...
  HYCOM 2026-07-30 00Z failed: 404 Client Error: 404 for url: https://tds.hycom.org/thredds/ncss/FMRC_ESPC-D-V02_uv3z/runs/FMRC_ESPC-D-V02_uv3z_RUN_2026-07-30T00:00:00Z?var=water_u&var=water_v&var=surf_el&north=27.47&south=22.15&west=-83.16&east=-76.14&horizStride=1&vertCoord=0&disableLLSubset=on&disableProjSubset=on&time_start=2026-07-30T00:00:00Z&time_end=2026-07-30T00:00:00Z&accept=netcdf
  Trying https://tds.hycom.org/thredds/ncss/FMRC_ESPC-D-V02_uv3z/FMRC_ESPC-D-V02_uv3z_bes...
  HYCOM 2026-07-30 00Z failed: 400 Client Error: 400 for url: https://tds.hycom.org/thredds/ncss/FMRC_ESPC-D-V02_uv3z/FMRC_ESPC-D-V02_uv3z_best.ncd?var=water_u&var=water_v&var=surf_el&north=27.47&south=22.15&west=-83.16&east=-76.14&horizStride=1&vertCoord=0&disableLLSubset=on&disableProjSubset=on&time_start=2026-07-30T00:00:00Z&time_end=2026-07-30T00:00:00Z&accept=netcdf
  Trying https://tds.hycom.org/thredds/ncss/FMRC_ESPC-D-V02_uv3z/runs/FMRC_ESPC-D-V02_uv3...
  HYCOM 2026-07-29 12Z failed: 400 Client Error: 400 for url: https://tds.hycom.org/thredds/ncss/FMRC_ESPC-D-V02_uv3z/runs/FMRC_ESPC-D-V02_uv3z_RUN_2026-07-29T12:00:00Z?var=water_u&var=water_v&var=surf_el&north=27.47&south=22.15&west=-83.16&east=-76.14&horizStride=1&vertCoord=0&disableLLSubset=on&disableProjSubset=on&time_start=2026-07-29T12:00:00Z&time_end=2026-07-29T12:00:00Z&accept=netcdf
  Trying https://tds.hycom.org/thredds/ncss/FMRC_ESPC-D-V02_uv3z/FMRC_ESPC-D-V02_uv3z_bes...
  HYCOM 2026-07-29 12Z failed: 400 Client Error: 400 for url: https://tds.hycom.org/thredds/ncss/FMRC_ESPC-D-V02_uv3z/FMRC_ESPC-D-V02_uv3z_best.ncd?var=water_u&var=water_v&var=surf_el&north=27.47&south=22.15&west=-83.16&east=-76.14&horizStride=1&vertCoord=0&disableLLSubset=on&disableProjSubset=on&time_start=2026-07-29T12:00:00Z&time_end=2026-07-29T12:00:00Z&accept=netcdf
  Trying https://tds.hycom.org/thredds/ncss/FMRC_ESPC-D-V02_uv3z/runs/FMRC_ESPC-D-V02_uv3...
  HYCOM 2026-07-29 00Z failed: 404 Client Error: 404 for url: https://tds.hycom.org/thredds/ncss/FMRC_ESPC-D-V02_uv3z/runs/FMRC_ESPC-D-V02_uv3z_RUN_2026-07-29T00:00:00Z?var=water_u&var=water_v&var=surf_el&north=27.47&south=22.15&west=-83.16&east=-76.14&horizStride=1&vertCoord=0&disableLLSubset=on&disableProjSubset=on&time_start=2026-07-29T00:00:00Z&time_end=2026-07-29T00:00:00Z&accept=netcdf
  Trying https://tds.hycom.org/thredds/ncss/FMRC_ESPC-D-V02_uv3z/FMRC_ESPC-D-V02_uv3z_bes...
  HYCOM 2026-07-29 00Z failed: 400 Client Error: 400 for url: https://tds.hycom.org/thredds/ncss/FMRC_ESPC-D-V02_uv3z/FMRC_ESPC-D-V02_uv3z_best.ncd?var=water_u&var=water_v&var=surf_el&north=27.47&south=22.15&west=-83.16&east=-76.14&horizStride=1&vertCoord=0&disableLLSubset=on&disableProjSubset=on&time_start=2026-07-29T00:00:00Z&time_end=2026-07-29T00:00:00Z&accept=netcdf
  Trying https://tds.hycom.org/thredds/ncss/FMRC_ESPC-D-V02_uv3z/runs/FMRC_ESPC-D-V02_uv3...
  HYCOM 2026-07-28 12Z failed: 400 Client Error: 400 for url: https://tds.hycom.org/thredds/ncss/FMRC_ESPC-D-V02_uv3z/runs/FMRC_ESPC-D-V02_uv3z_RUN_2026-07-28T12:00:00Z?var=water_u&var=water_v&var=surf_el&north=27.47&south=22.15&west=-83.16&east=-76.14&horizStride=1&vertCoord=0&disableLLSubset=on&disableProjSubset=on&time_start=2026-07-28T12:00:00Z&time_end=2026-07-28T12:00:00Z&accept=netcdf
  Trying https://tds.hycom.org/thredds/ncss/FMRC_ESPC-D-V02_uv3z/FMRC_ESPC-D-V02_uv3z_bes...
  HYCOM 2026-07-28 12Z failed: 400 Client Error: 400 for url: https://tds.hycom.org/thredds/ncss/FMRC_ESPC-D-V02_uv3z/FMRC_ESPC-D-V02_uv3z_best.ncd?var=water_u&var=water_v&var=surf_el&north=27.47&south=22.15&west=-83.16&east=-76.14&horizStride=1&vertCoord=0&disableLLSubset=on&disableProjSubset=on&time_start=2026-07-28T12:00:00Z&time_end=2026-07-28T12:00:00Z&accept=netcdf
  Trying https://tds.hycom.org/thredds/ncss/FMRC_ESPC-D-V02_uv3z/runs/FMRC_ESPC-D-V02_uv3...
  HYCOM 2026-07-28 00Z failed: 404 Client Error: 404 for url: https://tds.hycom.org/thredds/ncss/FMRC_ESPC-D-V02_uv3z/runs/FMRC_ESPC-D-V02_uv3z_RUN_2026-07-28T00:00:00Z?var=water_u&var=water_v&var=surf_el&north=27.47&south=22.15&west=-83.16&east=-76.14&horizStride=1&vertCoord=0&disableLLSubset=on&disableProjSubset=on&time_start=2026-07-28T00:00:00Z&time_end=2026-07-28T00:00:00Z&accept=netcdf
  Trying https://tds.hycom.org/thredds/ncss/FMRC_ESPC-D-V02_uv3z/FMRC_ESPC-D-V02_uv3z_bes...
  HYCOM 2026-07-28 00Z failed: 400 Client Error: 400 for url: https://tds.hycom.org/thredds/ncss/FMRC_ESPC-D-V02_uv3z/FMRC_ESPC-D-V02_uv3z_best.ncd?var=water_u&var=water_v&var=surf_el&north=27.47&south=22.15&west=-83.16&east=-76.14&horizStride=1&vertCoord=0&disableLLSubset=on&disableProjSubset=on&time_start=2026-07-28T00:00:00Z&time_end=2026-07-28T00:00:00Z&accept=netcdf
  HYCOM: all attempts failed

[2/3] OSCAR currents  (target: 2026-07-31)  1/3 deg, 5-day composite
  Trying OSCAR_L4_OC_NRT_V2.1 @ coastwatch.pfeg.noaa.gov 2026-07-31 ...
  OSCAR_L4_OC_NRT_V2.1 @ coastwatch.pfeg.noaa.gov 2026-07-31: 403 Client Error:  for url: https://coastwatch.pfeg.noaa.gov/erddap/griddap/OSCAR_L4_OC_NRT_V2.1.nc?u%5B(2026-07-31T00:00:00Z)%5D%5B(0.0)%5D%5B(22.15):1:(27.47)%5D%5B(-83.16):1:(-76.14)%5D,v%5B(2026-07-31T00:00:00Z)%5D%5B(0.0)%5D%5B(22.15):1:(27.47)%5D%5B(-83.16):1:(-76.14)%5D
  Trying OSCAR_L4_OC_NRT_V2.1 @ upwell.pfeg.noaa.gov 2026-07-31 ...
  OSCAR_L4_OC_NRT_V2.1 @ upwell.pfeg.noaa.gov 2026-07-31: HTTPSConnectionPool(host='upwell.pfeg.noaa.gov', port=443): Max retries exceeded with url: /erddap/griddap/OSCAR_L4_OC_NRT_V2.1.nc?u%5B(2026-07-31T00:00:00Z)%5D%5B(0.0)%5D%5B(22.15):1:(27.47)%5D%5B(-83.16):1:(-76.14)%5D,v%5B(2026-07-31T00:00:00Z)%5D%5B(0.0)%5D%5B(22.15):1:(27.47)%5D%5B(-83.16):1:(-76.14)%5D (Caused by ResponseError('too many 503 error responses'))
  Trying OSCAR_L4_OC_NRT_V2.1 @ coastwatch.pfeg.noaa.gov 2026-07-30 ...
  OSCAR_L4_OC_NRT_V2.1 @ coastwatch.pfeg.noaa.gov 2026-07-30: 403 Client Error:  for url: https://coastwatch.pfeg.noaa.gov/erddap/griddap/OSCAR_L4_OC_NRT_V2.1.nc?u%5B(2026-07-30T00:00:00Z)%5D%5B(0.0)%5D%5B(22.15):1:(27.47)%5D%5B(-83.16):1:(-76.14)%5D,v%5B(2026-07-30T00:00:00Z)%5D%5B(0.0)%5D%5B(22.15):1:(27.47)%5D%5B(-83.16):1:(-76.14)%5D
  Trying OSCAR_L4_OC_NRT_V2.1 @ upwell.pfeg.noaa.gov 2026-07-30 ...
  OSCAR_L4_OC_NRT_V2.1 @ upwell.pfeg.noaa.gov 2026-07-30: HTTPSConnectionPool(host='upwell.pfeg.noaa.gov', port=443): Max retries exceeded with url: /erddap/griddap/OSCAR_L4_OC_NRT_V2.1.nc?u%5B(2026-07-30T00:00:00Z)%5D%5B(0.0)%5D%5B(22.15):1:(27.47)%5D%5B(-83.16):1:(-76.14)%5D,v%5B(2026-07-30T00:00:00Z)%5D%5B(0.0)%5D%5B(22.15):1:(27.47)%5D%5B(-83.16):1:(-76.14)%5D (Caused by ResponseError('too many 503 error responses'))
  Trying OSCAR_L4_OC_NRT_V2.1 @ coastwatch.pfeg.noaa.gov 2026-07-29 ...
  OSCAR_L4_OC_NRT_V2.1 @ coastwatch.pfeg.noaa.gov 2026-07-29: 403 Client Error:  for url: https://coastwatch.pfeg.noaa.gov/erddap/griddap/OSCAR_L4_OC_NRT_V2.1.nc?u%5B(2026-07-29T00:00:00Z)%5D%5B(0.0)%5D%5B(22.15):1:(27.47)%5D%5B(-83.16):1:(-76.14)%5D,v%5B(2026-07-29T00:00:00Z)%5D%5B(0.0)%5D%5B(22.15):1:(27.47)%5D%5B(-83.16):1:(-76.14)%5D
  Trying OSCAR_L4_OC_NRT_V2.1 @ upwell.pfeg.noaa.gov 2026-07-29 ...
  OSCAR_L4_OC_NRT_V2.1 @ upwell.pfeg.noaa.gov 2026-07-29: HTTPSConnectionPool(host='upwell.pfeg.noaa.gov', port=443): Max retries exceeded with url: /erddap/griddap/OSCAR_L4_OC_NRT_V2.1.nc?u%5B(2026-07-29T00:00:00Z)%5D%5B(0.0)%5D%5B(22.15):1:(27.47)%5D%5B(-83.16):1:(-76.14)%5D,v%5B(2026-07-29T00:00:00Z)%5D%5B(0.0)%5D%5B(22.15):1:(27.47)%5D%5B(-83.16):1:(-76.14)%5D (Caused by ResponseError('too many 503 error responses'))
  Trying OSCAR_L4_OC_NRT_V2.1 @ coastwatch.pfeg.noaa.gov 2026-07-28 ...
  OSCAR_L4_OC_NRT_V2.1 @ coastwatch.pfeg.noaa.gov 2026-07-28: 403 Client Error:  for url: https://coastwatch.pfeg.noaa.gov/erddap/griddap/OSCAR_L4_OC_NRT_V2.1.nc?u%5B(2026-07-28T00:00:00Z)%5D%5B(0.0)%5D%5B(22.15):1:(27.47)%5D%5B(-83.16):1:(-76.14)%5D,v%5B(2026-07-28T00:00:00Z)%5D%5B(0.0)%5D%5B(22.15):1:(27.47)%5D%5B(-83.16):1:(-76.14)%5D
  Trying OSCAR_L4_OC_NRT_V2.1 @ upwell.pfeg.noaa.gov 2026-07-28 ...
  OSCAR_L4_OC_NRT_V2.1 @ upwell.pfeg.noaa.gov 2026-07-28: HTTPSConnectionPool(host='upwell.pfeg.noaa.gov', port=443): Max retries exceeded with url: /erddap/griddap/OSCAR_L4_OC_NRT_V2.1.nc?u%5B(2026-07-28T00:00:00Z)%5D%5B(0.0)%5D%5B(22.15):1:(27.47)%5D%5B(-83.16):1:(-76.14)%5D,v%5B(2026-07-28T00:00:00Z)%5D%5B(0.0)%5D%5B(22.15):1:(27.47)%5D%5B(-83.16):1:(-76.14)%5D (Caused by ResponseError('too many 503 error responses'))
  Trying OSCAR_L4_OC_NRT_V2.1 @ coastwatch.pfeg.noaa.gov 2026-07-27 ...
  OSCAR_L4_OC_NRT_V2.1 @ coastwatch.pfeg.noaa.gov 2026-07-27: 403 Client Error:  for url: https://coastwatch.pfeg.noaa.gov/erddap/griddap/OSCAR_L4_OC_NRT_V2.1.nc?u%5B(2026-07-27T00:00:00Z)%5D%5B(0.0)%5D%5B(22.15):1:(27.47)%5D%5B(-83.16):1:(-76.14)%5D,v%5B(2026-07-27T00:00:00Z)%5D%5B(0.0)%5D%5B(22.15):1:(27.47)%5D%5B(-83.16):1:(-76.14)%5D
  Trying OSCAR_L4_OC_NRT_V2.1 @ upwell.pfeg.noaa.gov 2026-07-27 ...
